<?xml version="1.0" encoding="utf-8"?><testsuites name="pytest tests"><testsuite name="pytest" errors="38" failures="42" skipped="41" tests="13855" time="1133.485" timestamp="2026-05-16T20:58:25.930068+00:00" hostname="vm"><properties><property name="hypothesis-statistics-tests/unit/test_property_based.py::TestComputeAtrProperties::test_atr_fallback_is_nonnegative" value="dGVzdHMvdW5pdC90ZXN0X3Byb3BlcnR5X2Jhc2VkLnB5OjpUZXN0Q29tcHV0ZUF0clByb3BlcnRpZXM6OnRlc3RfYXRyX2ZhbGxiYWNrX2lzX25vbm5lZ2F0aXZlOgoKICAtIGR1cmluZyBnZW5lcmF0ZSBwaGFzZSAoMC40MyBzZWNvbmRzKToKICAgIC0gVHlwaWNhbCBydW50aW1lczogfiAwLTEgbXMsIG9mIHdoaWNoIDwgMW1zIGluIGRhdGEgZ2VuZXJhdGlvbgogICAgLSAyMDAgcGFzc2luZyBleGFtcGxlcywgMCBmYWlsaW5nIGV4YW1wbGVzLCAwIGludmFsaWQgZXhhbXBsZXMKCiAgLSBTdG9wcGVkIGJlY2F1c2Ugc2V0dGluZ3MubWF4X2V4YW1wbGVzPTIwMA==" /><property name="hypothesis-statistics-tests/unit/test_property_based.py::TestComputeAtrProperties::test_atr_with_sufficient_bars_is_nonnegative" value="dGVzdHMvdW5pdC90ZXN0X3Byb3BlcnR5X2Jhc2VkLnB5OjpUZXN0Q29tcHV0ZUF0clByb3BlcnRpZXM6OnRlc3RfYXRyX3dpdGhfc3VmZmljaWVudF9iYXJzX2lzX25vbm5lZ2F0aXZlOgoKICAtIGR1cmluZyBnZW5lcmF0ZSBwaGFzZSAoMC40MCBzZWNvbmRzKToKICAgIC0gVHlwaWNhbCBydW50aW1lczogfiAwLTEgbXMsIG9mIHdoaWNoIDwgMW1zIGluIGRhdGEgZ2VuZXJhdGlvbgogICAgLSAyMDAgcGFzc2luZyBleGFtcGxlcywgMCBmYWlsaW5nIGV4YW1wbGVzLCAwIGludmFsaWQgZXhhbXBsZXMKCiAgLSBTdG9wcGVkIGJlY2F1c2Ugc2V0dGluZ3MubWF4X2V4YW1wbGVzPTIwMA==" /><property name="hypothesis-statistics-tests/unit/test_property_based.py::TestComputeAtrProperties::test_atr_scales_with_spread" value="dGVzdHMvdW5pdC90ZXN0X3Byb3BlcnR5X2Jhc2VkLnB5OjpUZXN0Q29tcHV0ZUF0clByb3BlcnRpZXM6OnRlc3RfYXRyX3NjYWxlc193aXRoX3NwcmVhZDoKCiAgLSBkdXJpbmcgZ2VuZXJhdGUgcGhhc2UgKDAuMjAgc2Vjb25kcyk6CiAgICAtIFR5cGljYWwgcnVudGltZXM6IH4gMC0xIG1zLCBvZiB3aGljaCA8IDFtcyBpbiBkYXRhIGdlbmVyYXRpb24KICAgIC0gMTAwIHBhc3NpbmcgZXhhbXBsZXMsIDAgZmFpbGluZyBleGFtcGxlcywgMCBpbnZhbGlkIGV4YW1wbGVzCgogIC0gU3RvcHBlZCBiZWNhdXNlIHNldHRpbmdzLm1heF9leGFtcGxlcz0xMDA=" /><property name="hypothesis-statistics-tests/unit/test_property_based.py::TestResolveSLTPProperties::test_buy_sl_below_entry" value="dGVzdHMvdW5pdC90ZXN0X3Byb3BlcnR5X2Jhc2VkLnB5OjpUZXN0UmVzb2x2ZVNMVFBQcm9wZXJ0aWVzOjp0ZXN0X2J1eV9zbF9iZWxvd19lbnRyeToKCiAgLSBkdXJpbmcgZ2VuZXJhdGUgcGhhc2UgKDAuMzAgc2Vjb25kcyk6CiAgICAtIFR5cGljYWwgcnVudGltZXM6IDwgMW1zLCBvZiB3aGljaCA8IDFtcyBpbiBkYXRhIGdlbmVyYXRpb24KICAgIC0gMzAwIHBhc3NpbmcgZXhhbXBsZXMsIDAgZmFpbGluZyBleGFtcGxlcywgMCBpbnZhbGlkIGV4YW1wbGVzCgogIC0gU3RvcHBlZCBiZWNhdXNlIHNldHRpbmdzLm1heF9leGFtcGxlcz0zMDA=" /><property name="hypothesis-statistics-tests/unit/test_property_based.py::TestResolveSLTPProperties::test_buy_tp_above_entry" value="dGVzdHMvdW5pdC90ZXN0X3Byb3BlcnR5X2Jhc2VkLnB5OjpUZXN0UmVzb2x2ZVNMVFBQcm9wZXJ0aWVzOjp0ZXN0X2J1eV90cF9hYm92ZV9lbnRyeToKCiAgLSBkdXJpbmcgZ2VuZXJhdGUgcGhhc2UgKDAuMzAgc2Vjb25kcyk6CiAgICAtIFR5cGljYWwgcnVudGltZXM6IDwgMW1zLCBvZiB3aGljaCA8IDFtcyBpbiBkYXRhIGdlbmVyYXRpb24KICAgIC0gMzAwIHBhc3NpbmcgZXhhbXBsZXMsIDAgZmFpbGluZyBleGFtcGxlcywgMCBpbnZhbGlkIGV4YW1wbGVzCgogIC0gU3RvcHBlZCBiZWNhdXNlIHNldHRpbmdzLm1heF9leGFtcGxlcz0zMDA=" /><property name="hypothesis-statistics-tests/unit/test_property_based.py::TestResolveSLTPProperties::test_sell_sl_above_entry" value="dGVzdHMvdW5pdC90ZXN0X3Byb3BlcnR5X2Jhc2VkLnB5OjpUZXN0UmVzb2x2ZVNMVFBQcm9wZXJ0aWVzOjp0ZXN0X3NlbGxfc2xfYWJvdmVfZW50cnk6CgogIC0gZHVyaW5nIGdlbmVyYXRlIHBoYXNlICgwLjMxIHNlY29uZHMpOgogICAgLSBUeXBpY2FsIHJ1bnRpbWVzOiA8IDFtcywgb2Ygd2hpY2ggPCAxbXMgaW4gZGF0YSBnZW5lcmF0aW9uCiAgICAtIDMwMCBwYXNzaW5nIGV4YW1wbGVzLCAwIGZhaWxpbmcgZXhhbXBsZXMsIDAgaW52YWxpZCBleGFtcGxlcwoKICAtIFN0b3BwZWQgYmVjYXVzZSBzZXR0aW5ncy5tYXhfZXhhbXBsZXM9MzAw" /><property name="hypothesis-statistics-tests/unit/test_property_based.py::TestResolveSLTPProperties::test_sell_tp_below_entry" value="dGVzdHMvdW5pdC90ZXN0X3Byb3BlcnR5X2Jhc2VkLnB5OjpUZXN0UmVzb2x2ZVNMVFBQcm9wZXJ0aWVzOjp0ZXN0X3NlbGxfdHBfYmVsb3dfZW50cnk6CgogIC0gZHVyaW5nIGdlbmVyYXRlIHBoYXNlICgwLjMxIHNlY29uZHMpOgogICAgLSBUeXBpY2FsIHJ1bnRpbWVzOiA8IDFtcywgb2Ygd2hpY2ggPCAxbXMgaW4gZGF0YSBnZW5lcmF0aW9uCiAgICAtIDMwMCBwYXNzaW5nIGV4YW1wbGVzLCAwIGZhaWxpbmcgZXhhbXBsZXMsIDAgaW52YWxpZCBleGFtcGxlcwoKICAtIFN0b3BwZWQgYmVjYXVzZSBzZXR0aW5ncy5tYXhfZXhhbXBsZXM9MzAw" /><property name="hypothesis-statistics-tests/unit/test_property_based.py::TestResolveSLTPProperties::test_rr_ratio_at_least_one" value="dGVzdHMvdW5pdC90ZXN0X3Byb3BlcnR5X2Jhc2VkLnB5OjpUZXN0UmVzb2x2ZVNMVFBQcm9wZXJ0aWVzOjp0ZXN0X3JyX3JhdGlvX2F0X2xlYXN0X29uZToKCiAgLSBkdXJpbmcgZ2VuZXJhdGUgcGhhc2UgKDAuMjAgc2Vjb25kcyk6CiAgICAtIFR5cGljYWwgcnVudGltZXM6IDwgMW1zLCBvZiB3aGljaCA8IDFtcyBpbiBkYXRhIGdlbmVyYXRpb24KICAgIC0gMjAwIHBhc3NpbmcgZXhhbXBsZXMsIDAgZmFpbGluZyBleGFtcGxlcywgMCBpbnZhbGlkIGV4YW1wbGVzCgogIC0gU3RvcHBlZCBiZWNhdXNlIHNldHRpbmdzLm1heF9leGFtcGxlcz0yMDA=" /><property name="hypothesis-statistics-tests/unit/test_property_based.py::TestResolveSLTPProperties::test_atr_path_preserves_direction" value="dGVzdHMvdW5pdC90ZXN0X3Byb3BlcnR5X2Jhc2VkLnB5OjpUZXN0UmVzb2x2ZVNMVFBQcm9wZXJ0aWVzOjp0ZXN0X2F0cl9wYXRoX3ByZXNlcnZlc19kaXJlY3Rpb246CgogIC0gZHVyaW5nIGdlbmVyYXRlIHBoYXNlICgwLjQyIHNlY29uZHMpOgogICAgLSBUeXBpY2FsIHJ1bnRpbWVzOiB+IDAtMSBtcywgb2Ygd2hpY2ggPCAxbXMgaW4gZGF0YSBnZW5lcmF0aW9uCiAgICAtIDIwMCBwYXNzaW5nIGV4YW1wbGVzLCAwIGZhaWxpbmcgZXhhbXBsZXMsIDAgaW52YWxpZCBleGFtcGxlcwoKICAtIFN0b3BwZWQgYmVjYXVzZSBzZXR0aW5ncy5tYXhfZXhhbXBsZXM9MjAw" /><property name="hypothesis-statistics-tests/unit/test_property_based.py::TestEstimateAnnualisedVolatilityProperties::test_returns_baseline_for_empty_data" value="dGVzdHMvdW5pdC90ZXN0X3Byb3BlcnR5X2Jhc2VkLnB5OjpUZXN0RXN0aW1hdGVBbm51YWxpc2VkVm9sYXRpbGl0eVByb3BlcnRpZXM6OnRlc3RfcmV0dXJuc19iYXNlbGluZV9mb3JfZW1wdHlfZGF0YToKCiAgLSBkdXJpbmcgZ2VuZXJhdGUgcGhhc2UgKDAuMTAgc2Vjb25kcyk6CiAgICAtIFR5cGljYWwgcnVudGltZXM6IDwgMW1zLCBvZiB3aGljaCA8IDFtcyBpbiBkYXRhIGdlbmVyYXRpb24KICAgIC0gMTAwIHBhc3NpbmcgZXhhbXBsZXMsIDAgZmFpbGluZyBleGFtcGxlcywgMCBpbnZhbGlkIGV4YW1wbGVzCgogIC0gU3RvcHBlZCBiZWNhdXNlIHNldHRpbmdzLm1heF9leGFtcGxlcz0xMDA=" /><property name="hypothesis-statistics-tests/unit/test_property_based.py::TestEstimateAnnualisedVolatilityProperties::test_vol_is_nonnegative" value="dGVzdHMvdW5pdC90ZXN0X3Byb3BlcnR5X2Jhc2VkLnB5OjpUZXN0RXN0aW1hdGVBbm51YWxpc2VkVm9sYXRpbGl0eVByb3BlcnRpZXM6OnRlc3Rfdm9sX2lzX25vbm5lZ2F0aXZlOgoKICAtIGR1cmluZyBnZW5lcmF0ZSBwaGFzZSAoMS4yNSBzZWNvbmRzKToKICAgIC0gVHlwaWNhbCBydW50aW1lczogfiAyLTcgbXMsIG9mIHdoaWNoIH4gMS02IG1zIGluIGRhdGEgZ2VuZXJhdGlvbgogICAgLSAyMDAgcGFzc2luZyBleGFtcGxlcywgMCBmYWlsaW5nIGV4YW1wbGVzLCAxIGludmFsaWQgZXhhbXBsZXMKCiAgLSBTdG9wcGVkIGJlY2F1c2Ugc2V0dGluZ3MubWF4X2V4YW1wbGVzPTIwMA==" /><property name="hypothesis-statistics-tests/unit/test_property_based.py::TestEstimateAnnualisedVolatilityProperties::test_constant_prices_give_zero_vol" value="dGVzdHMvdW5pdC90ZXN0X3Byb3BlcnR5X2Jhc2VkLnB5OjpUZXN0RXN0aW1hdGVBbm51YWxpc2VkVm9sYXRpbGl0eVByb3BlcnRpZXM6OnRlc3RfY29uc3RhbnRfcHJpY2VzX2dpdmVfemVyb192b2w6CgogIC0gZHVyaW5nIGdlbmVyYXRlIHBoYXNlICgwLjEyIHNlY29uZHMpOgogICAgLSBUeXBpY2FsIHJ1bnRpbWVzOiB+IDAtMSBtcywgb2Ygd2hpY2ggPCAxbXMgaW4gZGF0YSBnZW5lcmF0aW9uCiAgICAtIDEwMCBwYXNzaW5nIGV4YW1wbGVzLCAwIGZhaWxpbmcgZXhhbXBsZXMsIDAgaW52YWxpZCBleGFtcGxlcwoKICAtIFN0b3BwZWQgYmVjYXVzZSBzZXR0aW5ncy5tYXhfZXhhbXBsZXM9MTAw" /><property name="hypothesis-statistics-tests/unit/test_property_based.py::TestComputeDrawdownSeriesProperties::test_max_dd_in_unit_interval" value="dGVzdHMvdW5pdC90ZXN0X3Byb3BlcnR5X2Jhc2VkLnB5OjpUZXN0Q29tcHV0ZURyYXdkb3duU2VyaWVzUHJvcGVydGllczo6dGVzdF9tYXhfZGRfaW5fdW5pdF9pbnRlcnZhbDoKCiAgLSBkdXJpbmcgZ2VuZXJhdGUgcGhhc2UgKDAuNzggc2Vjb25kcyk6CiAgICAtIFR5cGljYWwgcnVudGltZXM6IH4gMC0yIG1zLCBvZiB3aGljaCB+IDAtMSBtcyBpbiBkYXRhIGdlbmVyYXRpb24KICAgIC0gMzAwIHBhc3NpbmcgZXhhbXBsZXMsIDAgZmFpbGluZyBleGFtcGxlcywgODggaW52YWxpZCBleGFtcGxlcwoKICAtIFN0b3BwZWQgYmVjYXVzZSBzZXR0aW5ncy5tYXhfZXhhbXBsZXM9MzAw" /><property name="hypothesis-statistics-tests/unit/test_property_based.py::TestComputeDrawdownSeriesProperties::test_monotonically_rising_equity_gives_zero_drawdown" value="dGVzdHMvdW5pdC90ZXN0X3Byb3BlcnR5X2Jhc2VkLnB5OjpUZXN0Q29tcHV0ZURyYXdkb3duU2VyaWVzUHJvcGVydGllczo6dGVzdF9tb25vdG9uaWNhbGx5X3Jpc2luZ19lcXVpdHlfZ2l2ZXNfemVyb19kcmF3ZG93bjoKCiAgLSBkdXJpbmcgZ2VuZXJhdGUgcGhhc2UgKDAuMTEgc2Vjb25kcyk6CiAgICAtIFR5cGljYWwgcnVudGltZXM6IDwgMW1zLCBvZiB3aGljaCA8IDFtcyBpbiBkYXRhIGdlbmVyYXRpb24KICAgIC0gMTAwIHBhc3NpbmcgZXhhbXBsZXMsIDAgZmFpbGluZyBleGFtcGxlcywgMCBpbnZhbGlkIGV4YW1wbGVzCgogIC0gU3RvcHBlZCBiZWNhdXNlIHNldHRpbmdzLm1heF9leGFtcGxlcz0xMDA=" /><property name="hypothesis-statistics-tests/unit/test_property_based.py::TestComputeDrawdownSeriesProperties::test_single_drop_gives_correct_drawdown" value="dGVzdHMvdW5pdC90ZXN0X3Byb3BlcnR5X2Jhc2VkLnB5OjpUZXN0Q29tcHV0ZURyYXdkb3duU2VyaWVzUHJvcGVydGllczo6dGVzdF9zaW5nbGVfZHJvcF9naXZlc19jb3JyZWN0X2RyYXdkb3duOgoKICAtIGR1cmluZyBnZW5lcmF0ZSBwaGFzZSAoMC40MCBzZWNvbmRzKToKICAgIC0gVHlwaWNhbCBydW50aW1lczogfiAwLTEgbXMsIG9mIHdoaWNoIDwgMW1zIGluIGRhdGEgZ2VuZXJhdGlvbgogICAgLSAyMDAgcGFzc2luZyBleGFtcGxlcywgMCBmYWlsaW5nIGV4YW1wbGVzLCAwIGludmFsaWQgZXhhbXBsZXMKCiAgLSBTdG9wcGVkIGJlY2F1c2Ugc2V0dGluZ3MubWF4X2V4YW1wbGVzPTIwMA==" /><property name="hypothesis-statistics-tests/unit/test_property_based.py::TestCalculateSortinoProperties::test_sortino_is_finite" value="dGVzdHMvdW5pdC90ZXN0X3Byb3BlcnR5X2Jhc2VkLnB5OjpUZXN0Q2FsY3VsYXRlU29ydGlub1Byb3BlcnRpZXM6OnRlc3Rfc29ydGlub19pc19maW5pdGU6CgogIC0gZHVyaW5nIGdlbmVyYXRlIHBoYXNlICgwLjc2IHNlY29uZHMpOgogICAgLSBUeXBpY2FsIHJ1bnRpbWVzOiB+IDAtMiBtcywgb2Ygd2hpY2ggfiAwLTEgbXMgaW4gZGF0YSBnZW5lcmF0aW9uCiAgICAtIDMwMCBwYXNzaW5nIGV4YW1wbGVzLCAwIGZhaWxpbmcgZXhhbXBsZXMsIDU2IGludmFsaWQgZXhhbXBsZXMKCiAgLSBTdG9wcGVkIGJlY2F1c2Ugc2V0dGluZ3MubWF4X2V4YW1wbGVzPTMwMA==" /><property name="hypothesis-statistics-tests/unit/test_property_based.py::TestCalculateSortinoProperties::test_all_positive_returns_gives_zero_sortino" value="dGVzdHMvdW5pdC90ZXN0X3Byb3BlcnR5X2Jhc2VkLnB5OjpUZXN0Q2FsY3VsYXRlU29ydGlub1Byb3BlcnRpZXM6OnRlc3RfYWxsX3Bvc2l0aXZlX3JldHVybnNfZ2l2ZXNfemVyb19zb3J0aW5vOgoKICAtIGR1cmluZyBnZW5lcmF0ZSBwaGFzZSAoMC4xMSBzZWNvbmRzKToKICAgIC0gVHlwaWNhbCBydW50aW1lczogPCAxbXMsIG9mIHdoaWNoIDwgMW1zIGluIGRhdGEgZ2VuZXJhdGlvbgogICAgLSAxMDAgcGFzc2luZyBleGFtcGxlcywgMCBmYWlsaW5nIGV4YW1wbGVzLCAwIGludmFsaWQgZXhhbXBsZXMKCiAgLSBTdG9wcGVkIGJlY2F1c2Ugc2V0dGluZ3MubWF4X2V4YW1wbGVzPTEwMA==" /><property name="hypothesis-statistics-tests/unit/test_property_based.py::TestCalculateCalmarProperties::test_zero_drawdown_gives_zero_calmar" value="dGVzdHMvdW5pdC90ZXN0X3Byb3BlcnR5X2Jhc2VkLnB5OjpUZXN0Q2FsY3VsYXRlQ2FsbWFyUHJvcGVydGllczo6dGVzdF96ZXJvX2RyYXdkb3duX2dpdmVzX3plcm9fY2FsbWFyOgoKICAtIGR1cmluZyBnZW5lcmF0ZSBwaGFzZSAoMC40NyBzZWNvbmRzKToKICAgIC0gVHlwaWNhbCBydW50aW1lczogfiAwLTIgbXMsIG9mIHdoaWNoIH4gMC0xIG1zIGluIGRhdGEgZ2VuZXJhdGlvbgogICAgLSAyMDAgcGFzc2luZyBleGFtcGxlcywgMCBmYWlsaW5nIGV4YW1wbGVzLCAzMCBpbnZhbGlkIGV4YW1wbGVzCgogIC0gU3RvcHBlZCBiZWNhdXNlIHNldHRpbmdzLm1heF9leGFtcGxlcz0yMDA=" /><property name="hypothesis-statistics-tests/unit/test_property_based.py::TestCalculateCalmarProperties::test_calmar_is_finite" value="dGVzdHMvdW5pdC90ZXN0X3Byb3BlcnR5X2Jhc2VkLnB5OjpUZXN0Q2FsY3VsYXRlQ2FsbWFyUHJvcGVydGllczo6dGVzdF9jYWxtYXJfaXNfZmluaXRlOgoKICAtIGR1cmluZyBnZW5lcmF0ZSBwaGFzZSAoMC41MSBzZWNvbmRzKToKICAgIC0gVHlwaWNhbCBydW50aW1lczogfiAwLTIgbXMsIG9mIHdoaWNoIH4gMC0xIG1zIGluIGRhdGEgZ2VuZXJhdGlvbgogICAgLSAyMDAgcGFzc2luZyBleGFtcGxlcywgMCBmYWlsaW5nIGV4YW1wbGVzLCA2NCBpbnZhbGlkIGV4YW1wbGVzCgogIC0gU3RvcHBlZCBiZWNhdXNlIHNldHRpbmdzLm1heF9leGFtcGxlcz0yMDA=" /><property name="hypothesis-statistics-tests/unit/test_property_based.py::TestBuildTradeStatisticsProperties::test_win_rate_in_unit_interval" value="dGVzdHMvdW5pdC90ZXN0X3Byb3BlcnR5X2Jhc2VkLnB5OjpUZXN0QnVpbGRUcmFkZVN0YXRpc3RpY3NQcm9wZXJ0aWVzOjp0ZXN0X3dpbl9yYXRlX2luX3VuaXRfaW50ZXJ2YWw6CgogIC0gZHVyaW5nIGdlbmVyYXRlIHBoYXNlICgwLjgzIHNlY29uZHMpOgogICAgLSBUeXBpY2FsIHJ1bnRpbWVzOiB+IDAtMiBtcywgb2Ygd2hpY2ggfiAwLTEgbXMgaW4gZGF0YSBnZW5lcmF0aW9uCiAgICAtIDMwMCBwYXNzaW5nIGV4YW1wbGVzLCAwIGZhaWxpbmcgZXhhbXBsZXMsIDQ0IGludmFsaWQgZXhhbXBsZXMKCiAgLSBTdG9wcGVkIGJlY2F1c2Ugc2V0dGluZ3MubWF4X2V4YW1wbGVzPTMwMA==" /><property name="hypothesis-statistics-tests/unit/test_property_based.py::TestBuildTradeStatisticsProperties::test_profit_factor_is_nonnegative_or_inf" value="dGVzdHMvdW5pdC90ZXN0X3Byb3BlcnR5X2Jhc2VkLnB5OjpUZXN0QnVpbGRUcmFkZVN0YXRpc3RpY3NQcm9wZXJ0aWVzOjp0ZXN0X3Byb2ZpdF9mYWN0b3JfaXNfbm9ubmVnYXRpdmVfb3JfaW5mOgoKICAtIGR1cmluZyBnZW5lcmF0ZSBwaGFzZSAoMC44MCBzZWNvbmRzKToKICAgIC0gVHlwaWNhbCBydW50aW1lczogfiAwLTIgbXMsIG9mIHdoaWNoIH4gMC0yIG1zIGluIGRhdGEgZ2VuZXJhdGlvbgogICAgLSAzMDAgcGFzc2luZyBleGFtcGxlcywgMCBmYWlsaW5nIGV4YW1wbGVzLCA0NiBpbnZhbGlkIGV4YW1wbGVzCgogIC0gU3RvcHBlZCBiZWNhdXNlIHNldHRpbmdzLm1heF9leGFtcGxlcz0zMDA=" /><property name="hypothesis-statistics-tests/unit/test_property_based.py::TestBuildTradeStatisticsProperties::test_total_trades_matches_input" value="dGVzdHMvdW5pdC90ZXN0X3Byb3BlcnR5X2Jhc2VkLnB5OjpUZXN0QnVpbGRUcmFkZVN0YXRpc3RpY3NQcm9wZXJ0aWVzOjp0ZXN0X3RvdGFsX3RyYWRlc19tYXRjaGVzX2lucHV0OgoKICAtIGR1cmluZyBnZW5lcmF0ZSBwaGFzZSAoMC43OCBzZWNvbmRzKToKICAgIC0gVHlwaWNhbCBydW50aW1lczogfiAwLTIgbXMsIG9mIHdoaWNoIH4gMC0xIG1zIGluIGRhdGEgZ2VuZXJhdGlvbgogICAgLSAzMDAgcGFzc2luZyBleGFtcGxlcywgMCBmYWlsaW5nIGV4YW1wbGVzLCA0NyBpbnZhbGlkIGV4YW1wbGVzCgogIC0gU3RvcHBlZCBiZWNhdXNlIHNldHRpbmdzLm1heF9leGFtcGxlcz0zMDA=" /><property name="hypothesis-statistics-tests/unit/test_property_based.py::TestBuildTradeStatisticsProperties::test_winning_plus_losing_equals_total" value="dGVzdHMvdW5pdC90ZXN0X3Byb3BlcnR5X2Jhc2VkLnB5OjpUZXN0QnVpbGRUcmFkZVN0YXRpc3RpY3NQcm9wZXJ0aWVzOjp0ZXN0X3dpbm5pbmdfcGx1c19sb3NpbmdfZXF1YWxzX3RvdGFsOgoKICAtIGR1cmluZyBnZW5lcmF0ZSBwaGFzZSAoMC40OSBzZWNvbmRzKToKICAgIC0gVHlwaWNhbCBydW50aW1lczogfiAwLTIgbXMsIG9mIHdoaWNoIH4gMC0xIG1zIGluIGRhdGEgZ2VuZXJhdGlvbgogICAgLSAyMDAgcGFzc2luZyBleGFtcGxlcywgMCBmYWlsaW5nIGV4YW1wbGVzLCAzNCBpbnZhbGlkIGV4YW1wbGVzCgogIC0gU3RvcHBlZCBiZWNhdXNlIHNldHRpbmdzLm1heF9leGFtcGxlcz0yMDA=" /><property name="hypothesis-statistics-tests/unit/test_property_based.py::TestRiskManagerProperties::test_risk_amount_never_exceeds_max_pct" value="dGVzdHMvdW5pdC90ZXN0X3Byb3BlcnR5X2Jhc2VkLnB5OjpUZXN0Umlza01hbmFnZXJQcm9wZXJ0aWVzOjp0ZXN0X3Jpc2tfYW1vdW50X25ldmVyX2V4Y2VlZHNfbWF4X3BjdDoKCiAgLSBkdXJpbmcgZ2VuZXJhdGUgcGhhc2UgKDEuMTAgc2Vjb25kcyk6CiAgICAtIFR5cGljYWwgcnVudGltZXM6IH4gMS0zIG1zLCBvZiB3aGljaCA8IDFtcyBpbiBkYXRhIGdlbmVyYXRpb24KICAgIC0gMzAwIHBhc3NpbmcgZXhhbXBsZXMsIDAgZmFpbGluZyBleGFtcGxlcywgMCBpbnZhbGlkIGV4YW1wbGVzCgogIC0gU3RvcHBlZCBiZWNhdXNlIHNldHRpbmdzLm1heF9leGFtcGxlcz0zMDA=" /><property name="hypothesis-statistics-tests/unit/test_property_based.py::TestRiskManagerProperties::test_approved_size_is_nonnegative" value="dGVzdHMvdW5pdC90ZXN0X3Byb3BlcnR5X2Jhc2VkLnB5OjpUZXN0Umlza01hbmFnZXJQcm9wZXJ0aWVzOjp0ZXN0X2FwcHJvdmVkX3NpemVfaXNfbm9ubmVnYXRpdmU6CgogIC0gZHVyaW5nIGdlbmVyYXRlIHBoYXNlICgwLjIxIHNlY29uZHMpOgogICAgLSBUeXBpY2FsIHJ1bnRpbWVzOiB+IDEtMyBtcywgb2Ygd2hpY2ggPCAxbXMgaW4gZGF0YSBnZW5lcmF0aW9uCiAgICAtIDEwMCBwYXNzaW5nIGV4YW1wbGVzLCAwIGZhaWxpbmcgZXhhbXBsZXMsIDAgaW52YWxpZCBleGFtcGxlcwoKICAtIFN0b3BwZWQgYmVjYXVzZSBzZXR0aW5ncy5tYXhfZXhhbXBsZXM9MTAw" /><property name="hypothesis-statistics-tests/unit/test_risk_properties.py::test_position_size_never_negative" value="dGVzdHMvdW5pdC90ZXN0X3Jpc2tfcHJvcGVydGllcy5weTo6dGVzdF9wb3NpdGlvbl9zaXplX25ldmVyX25lZ2F0aXZlOgoKICAtIGR1cmluZyBnZW5lcmF0ZSBwaGFzZSAoMS4xMyBzZWNvbmRzKToKICAgIC0gVHlwaWNhbCBydW50aW1lczogfiAxLTQgbXMsIG9mIHdoaWNoIDwgMW1zIGluIGRhdGEgZ2VuZXJhdGlvbgogICAgLSAyMDAgcGFzc2luZyBleGFtcGxlcywgMCBmYWlsaW5nIGV4YW1wbGVzLCA1MSBpbnZhbGlkIGV4YW1wbGVzCiAgICAtIEV2ZW50czoKICAgICAgKiAyMC4zMiUsIGludmFsaWQgYmVjYXVzZTogZmFpbGVkIHRvIHNhdGlzZnkgYXNzdW1lKCkgaW4gdGVzdF9wb3NpdGlvbl9zaXplX25ldmVyX25lZ2F0aXZlIChsaW5lIDYxKQoKICAtIFN0b3BwZWQgYmVjYXVzZSBzZXR0aW5ncy5tYXhfZXhhbXBsZXM9MjAw" /><property name="hypothesis-statistics-tests/unit/test_risk_properties.py::test_var_always_lte_zero" value="dGVzdHMvdW5pdC90ZXN0X3Jpc2tfcHJvcGVydGllcy5weTo6dGVzdF92YXJfYWx3YXlzX2x0ZV96ZXJvOgoKICAtIGR1cmluZyBnZW5lcmF0ZSBwaGFzZSAoMC4zNyBzZWNvbmRzKToKICAgIC0gVHlwaWNhbCBydW50aW1lczogfiAxLTMgbXMsIG9mIHdoaWNoIH4gMC0yIG1zIGluIGRhdGEgZ2VuZXJhdGlvbgogICAgLSAxMDAgcGFzc2luZyBleGFtcGxlcywgMCBmYWlsaW5nIGV4YW1wbGVzLCA3IGludmFsaWQgZXhhbXBsZXMKCiAgLSBTdG9wcGVkIGJlY2F1c2Ugc2V0dGluZ3MubWF4X2V4YW1wbGVzPTEwMA==" /><property name="hypothesis-statistics-tests/unit/test_risk_properties.py::test_cvar_magnitude_gte_var_magnitude" value="dGVzdHMvdW5pdC90ZXN0X3Jpc2tfcHJvcGVydGllcy5weTo6dGVzdF9jdmFyX21hZ25pdHVkZV9ndGVfdmFyX21hZ25pdHVkZToKCiAgLSBkdXJpbmcgZ2VuZXJhdGUgcGhhc2UgKDAuNjkgc2Vjb25kcyk6CiAgICAtIFR5cGljYWwgcnVudGltZXM6IH4gMi0xMCBtcywgb2Ygd2hpY2ggfiAxLTkgbXMgaW4gZGF0YSBnZW5lcmF0aW9uCiAgICAtIDEwMCBwYXNzaW5nIGV4YW1wbGVzLCAwIGZhaWxpbmcgZXhhbXBsZXMsIDEgaW52YWxpZCBleGFtcGxlcwoKICAtIFN0b3BwZWQgYmVjYXVzZSBzZXR0aW5ncy5tYXhfZXhhbXBsZXM9MTAw" /><property name="hypothesis-statistics-tests/unit/test_risk_properties.py::test_kelly_fraction_in_bounds" value="dGVzdHMvdW5pdC90ZXN0X3Jpc2tfcHJvcGVydGllcy5weTo6dGVzdF9rZWxseV9mcmFjdGlvbl9pbl9ib3VuZHM6CgogIC0gZHVyaW5nIGdlbmVyYXRlIHBoYXNlICgwLjM1IHNlY29uZHMpOgogICAgLSBUeXBpY2FsIHJ1bnRpbWVzOiB+IDAtMSBtcywgb2Ygd2hpY2ggPCAxbXMgaW4gZGF0YSBnZW5lcmF0aW9uCiAgICAtIDIwMCBwYXNzaW5nIGV4YW1wbGVzLCAwIGZhaWxpbmcgZXhhbXBsZXMsIDAgaW52YWxpZCBleGFtcGxlcwoKICAtIFN0b3BwZWQgYmVjYXVzZSBzZXR0aW5ncy5tYXhfZXhhbXBsZXM9MjAw" /><property name="hypothesis-statistics-tests/unit/test_risk_properties.py::test_apply_risk_limits_never_exceeds_max" value="dGVzdHMvdW5pdC90ZXN0X3Jpc2tfcHJvcGVydGllcy5weTo6dGVzdF9hcHBseV9yaXNrX2xpbWl0c19uZXZlcl9leGNlZWRzX21heDoKCiAgLSBkdXJpbmcgZ2VuZXJhdGUgcGhhc2UgKDAuMzggc2Vjb25kcyk6CiAgICAtIFR5cGljYWwgcnVudGltZXM6IH4gMC0xIG1zLCBvZiB3aGljaCA8IDFtcyBpbiBkYXRhIGdlbmVyYXRpb24KICAgIC0gMjAwIHBhc3NpbmcgZXhhbXBsZXMsIDAgZmFpbGluZyBleGFtcGxlcywgMCBpbnZhbGlkIGV4YW1wbGVzCgogIC0gU3RvcHBlZCBiZWNhdXNlIHNldHRpbmdzLm1heF9leGFtcGxlcz0yMDA=" /><property name="hypothesis-statistics-tests/unit/test_risk_properties.py::test_correlation_penalty_never_increases_pct" value="dGVzdHMvdW5pdC90ZXN0X3Jpc2tfcHJvcGVydGllcy5weTo6dGVzdF9jb3JyZWxhdGlvbl9wZW5hbHR5X25ldmVyX2luY3JlYXNlc19wY3Q6CgogIC0gZHVyaW5nIGdlbmVyYXRlIHBoYXNlICgwLjEyIHNlY29uZHMpOgogICAgLSBUeXBpY2FsIHJ1bnRpbWVzOiB+IDAtMSBtcywgb2Ygd2hpY2ggPCAxbXMgaW4gZGF0YSBnZW5lcmF0aW9uCiAgICAtIDEwMCBwYXNzaW5nIGV4YW1wbGVzLCAwIGZhaWxpbmcgZXhhbXBsZXMsIDAgaW52YWxpZCBleGFtcGxlcwoKICAtIFN0b3BwZWQgYmVjYXVzZSBzZXR0aW5ncy5tYXhfZXhhbXBsZXM9MTAw" /><property name="hypothesis-statistics-tests/unit/test_risk_properties.py::test_amber_fires_before_halt" value="dGVzdHMvdW5pdC90ZXN0X3Jpc2tfcHJvcGVydGllcy5weTo6dGVzdF9hbWJlcl9maXJlc19iZWZvcmVfaGFsdDoKCiAgLSBkdXJpbmcgZ2VuZXJhdGUgcGhhc2UgKDAuNDkgc2Vjb25kcyk6CiAgICAtIFR5cGljYWwgcnVudGltZXM6IH4gMy00IG1zLCBvZiB3aGljaCA8IDFtcyBpbiBkYXRhIGdlbmVyYXRpb24KICAgIC0gMTAwIHBhc3NpbmcgZXhhbXBsZXMsIDAgZmFpbGluZyBleGFtcGxlcywgMCBpbnZhbGlkIGV4YW1wbGVzCgogIC0gU3RvcHBlZCBiZWNhdXNlIHNldHRpbmdzLm1heF9leGFtcGxlcz0xMDA=" /><property name="hypothesis-statistics-tests/unit/test_risk_properties.py::test_update_equity_drawdown_never_negative" value="dGVzdHMvdW5pdC90ZXN0X3Jpc2tfcHJvcGVydGllcy5weTo6dGVzdF91cGRhdGVfZXF1aXR5X2RyYXdkb3duX25ldmVyX25lZ2F0aXZlOgoKICAtIGR1cmluZyBnZW5lcmF0ZSBwaGFzZSAoMC42MSBzZWNvbmRzKToKICAgIC0gVHlwaWNhbCBydW50aW1lczogfiAwLTEzIG1zLCBvZiB3aGljaCB+IDAtMSBtcyBpbiBkYXRhIGdlbmVyYXRpb24KICAgIC0gMTAwIHBhc3NpbmcgZXhhbXBsZXMsIDAgZmFpbGluZyBleGFtcGxlcywgMTggaW52YWxpZCBleGFtcGxlcwoKICAtIFN0b3BwZWQgYmVjYXVzZSBzZXR0aW5ncy5tYXhfZXhhbXBsZXM9MTAw" /></properties><testcase classname="tests.e2e.test_auth_billing_trading.TestAuthFlow" name="test_register_new_user" time="1.055" /><testcase classname="tests.e2e.test_auth_billing_trading.TestAuthFlow" name="test_register_duplicate_email_rejected" time="0.349" /><testcase classname="tests.e2e.test_auth_billing_trading.TestAuthFlow" name="test_login_returns_token" time="0.695" /><testcase classname="tests.e2e.test_auth_billing_trading.TestAuthFlow" name="test_login_wrong_password_rejected" time="0.661" /><testcase classname="tests.e2e.test_auth_billing_trading.TestAuthFlow" name="test_me_returns_user_profile" time="0.700" /><testcase classname="tests.e2e.test_auth_billing_trading.TestAuthFlow" name="test_me_without_token_rejected" time="0.011" /><testcase classname="tests.e2e.test_auth_billing_trading.TestAuthFlow" name="test_logout_invalidates_session" time="0.683" /><testcase classname="tests.e2e.test_auth_billing_trading.TestAuthFlow" name="test_csrf_token_endpoint" time="0.012" /><testcase classname="tests.e2e.test_auth_billing_trading.TestAuthFlow" name="test_weak_password_rejected" time="0.012" /><testcase classname="tests.e2e.test_auth_billing_trading.TestBillingFlow" name="test_plans_endpoint_returns_5_tiers" time="0.013" /><testcase classname="tests.e2e.test_auth_billing_trading.TestBillingFlow" name="test_plans_have_required_fields" time="0.020" /><testcase classname="tests.e2e.test_auth_billing_trading.TestBillingFlow" name="test_free_plan_has_zero_price" time="0.013" /><testcase classname="tests.e2e.test_auth_billing_trading.TestBillingFlow" name="test_elite_has_highest_price" time="0.014" /><testcase classname="tests.e2e.test_auth_billing_trading.TestBillingFlow" name="test_subscription_requires_auth" time="0.017" /><testcase classname="tests.e2e.test_auth_billing_trading.TestBillingFlow" name="test_new_user_has_free_plan" time="0.673" /><testcase classname="tests.e2e.test_auth_billing_trading.TestBillingFlow" name="test_subscription_response_has_plan_key" time="0.671" /><testcase classname="tests.e2e.test_auth_billing_trading.TestBillingFlow" name="test_checkout_requires_auth" time="0.015" /><testcase classname="tests.e2e.test_auth_billing_trading.TestBillingFlow" name="test_checkout_invalid_plan_rejected" time="0.674" /><testcase classname="tests.e2e.test_auth_billing_trading.TestBillingFlow" name="test_payment_methods_requires_auth" time="0.013" /><testcase classname="tests.e2e.test_auth_billing_trading.TestBillingFlow" name="test_payment_methods_returns_list" time="0.688" /><testcase classname="tests.e2e.test_auth_billing_trading.TestTradingFlow" name="test_account_requires_auth" time="0.029" /><testcase classname="tests.e2e.test_auth_billing_trading.TestTradingFlow" name="test_account_returns_balance" time="0.689" /><testcase classname="tests.e2e.test_auth_billing_trading.TestTradingFlow" name="test_positions_requires_auth" time="0.014" /><testcase classname="tests.e2e.test_auth_billing_trading.TestTradingFlow" name="test_positions_returns_list" time="0.688" /><testcase classname="tests.e2e.test_auth_billing_trading.TestTradingFlow" name="test_place_order_requires_auth" time="0.021" /><testcase classname="tests.e2e.test_auth_billing_trading.TestTradingFlow" name="test_place_market_order" time="0.686" /><testcase classname="tests.e2e.test_auth_billing_trading.TestTradingFlow" name="test_place_order_invalid_side_rejected" time="0.685" /><testcase classname="tests.e2e.test_auth_billing_trading.TestTradingFlow" name="test_close_nonexistent_position" time="0.724"><failure message="AttributeError: '_MinimalState' object has no attribute 'db_session_factory'">+ Exception Group Traceback (most recent call last):
  |   File "/usr/local/lib/python3.11/dist-packages/starlette/_utils.py", line 81, in collapse_excgroups
  |     yield
  |   File "/usr/local/lib/python3.11/dist-packages/starlette/middleware/base.py", line 192, in __call__
  |     async with anyio.create_task_group() as task_group:
  |   File "/usr/local/lib/python3.11/dist-packages/anyio/_backends/_asyncio.py", line 799, in __aexit__
  |     raise BaseExceptionGroup(
  | ExceptionGroup: unhandled errors in a TaskGroup (1 sub-exception)
  +-+---------------- 1 ----------------
    | Traceback (most recent call last):
    |   File "/usr/local/lib/python3.11/dist-packages/_pytest/runner.py", line 353, in from_call
    |     result: TResult | None = func()
    |                              ^^^^^^
    |   File "/usr/local/lib/python3.11/dist-packages/_pytest/runner.py", line 245, in &lt;lambda&gt;
    |     lambda: runtest_hook(item=item, **kwds),
    |             ^^^^^^^^^^^^^^^^^^^^^^^^^^^^^^^
    |   File "/usr/local/lib/python3.11/dist-packages/pluggy/_hooks.py", line 512, in __call__
    |     return self._hookexec(self.name, self._hookimpls.copy(), kwargs, firstresult)
    |            ^^^^^^^^^^^^^^^^^^^^^^^^^^^^^^^^^^^^^^^^^^^^^^^^^^^^^^^^^^^^^^^^^^^^^^
    |   File "/usr/local/lib/python3.11/dist-packages/pluggy/_manager.py", line 120, in _hookexec
    |     return self._inner_hookexec(hook_name, methods, kwargs, firstresult)
    |            ^^^^^^^^^^^^^^^^^^^^^^^^^^^^^^^^^^^^^^^^^^^^^^^^^^^^^^^^^^^^^
    |   File "/usr/local/lib/python3.11/dist-packages/pluggy/_callers.py", line 167, in _multicall
    |     raise exception
    |   File "/usr/local/lib/python3.11/dist-packages/pluggy/_callers.py", line 139, in _multicall
    |     teardown.throw(exception)
    |   File "/usr/local/lib/python3.11/dist-packages/_pytest/logging.py", line 850, in pytest_runtest_call
    |     yield
    |   File "/usr/local/lib/python3.11/dist-packages/pluggy/_callers.py", line 139, in _multicall
    |     teardown.throw(exception)
    |   File "/usr/local/lib/python3.11/dist-packages/pluggy/_callers.py", line 53, in run_old_style_hookwrapper
    |     return result.get_result()
    |            ^^^^^^^^^^^^^^^^^^^
    |   File "/usr/local/lib/python3.11/dist-packages/pluggy/_result.py", line 103, in get_result
    |     raise exc.with_traceback(tb)
    |   File "/usr/local/lib/python3.11/dist-packages/pluggy/_callers.py", line 38, in run_old_style_hookwrapper
    |     res = yield
    |           ^^^^^
    |   File "/usr/local/lib/python3.11/dist-packages/pluggy/_callers.py", line 139, in _multicall
    |     teardown.throw(exception)
    |   File "/usr/local/lib/python3.11/dist-packages/_pytest/capture.py", line 900, in pytest_runtest_call
    |     return (yield)
    |             ^^^^^
    |   File "/usr/local/lib/python3.11/dist-packages/pluggy/_callers.py", line 139, in _multicall
    |     teardown.throw(exception)
    |   File "/usr/local/lib/python3.11/dist-packages/pluggy/_callers.py", line 53, in run_old_style_hookwrapper
    |     return result.get_result()
    |            ^^^^^^^^^^^^^^^^^^^
    |   File "/usr/local/lib/python3.11/dist-packages/pluggy/_result.py", line 103, in get_result
    |     raise exc.with_traceback(tb)
    |   File "/usr/local/lib/python3.11/dist-packages/pluggy/_callers.py", line 38, in run_old_style_hookwrapper
    |     res = yield
    |           ^^^^^
    |   File "/usr/local/lib/python3.11/dist-packages/pluggy/_callers.py", line 139, in _multicall
    |     teardown.throw(exception)
    |   File "/usr/local/lib/python3.11/dist-packages/pluggy/_callers.py", line 53, in run_old_style_hookwrapper
    |     return result.get_result()
    |            ^^^^^^^^^^^^^^^^^^^
    |   File "/usr/local/lib/python3.11/dist-packages/pluggy/_result.py", line 103, in get_result
    |     raise exc.with_traceback(tb)
    |   File "/usr/local/lib/python3.11/dist-packages/pluggy/_callers.py", line 38, in run_old_style_hookwrapper
    |     res = yield
    |           ^^^^^
    |   File "/usr/local/lib/python3.11/dist-packages/pluggy/_callers.py", line 139, in _multicall
    |     teardown.throw(exception)
    |   File "/usr/local/lib/python3.11/dist-packages/_pytest/skipping.py", line 268, in pytest_runtest_call
    |     return (yield)
    |             ^^^^^
    |   File "/usr/local/lib/python3.11/dist-packages/pluggy/_callers.py", line 121, in _multicall
    |     res = hook_impl.function(*args)
    |           ^^^^^^^^^^^^^^^^^^^^^^^^^
    |   File "/usr/local/lib/python3.11/dist-packages/_pytest/runner.py", line 179, in pytest_runtest_call
    |     item.runtest()
    |   File "/usr/local/lib/python3.11/dist-packages/pytest_asyncio/plugin.py", line 469, in runtest
    |     super().runtest()
    |   File "/usr/local/lib/python3.11/dist-packages/_pytest/python.py", line 1720, in runtest
    |     self.ihook.pytest_pyfunc_call(pyfuncitem=self)
    |   File "/usr/local/lib/python3.11/dist-packages/pluggy/_hooks.py", line 512, in __call__
    |     return self._hookexec(self.name, self._hookimpls.copy(), kwargs, firstresult)
    |            ^^^^^^^^^^^^^^^^^^^^^^^^^^^^^^^^^^^^^^^^^^^^^^^^^^^^^^^^^^^^^^^^^^^^^^
    |   File "/usr/local/lib/python3.11/dist-packages/pluggy/_manager.py", line 120, in _hookexec
    |     return self._inner_hookexec(hook_name, methods, kwargs, firstresult)
    |            ^^^^^^^^^^^^^^^^^^^^^^^^^^^^^^^^^^^^^^^^^^^^^^^^^^^^^^^^^^^^^
    |   File "/usr/local/lib/python3.11/dist-packages/pluggy/_callers.py", line 167, in _multicall
    |     raise exception
    |   File "/usr/local/lib/python3.11/dist-packages/pluggy/_callers.py", line 139, in _multicall
    |     teardown.throw(exception)
    |   File "/usr/local/lib/python3.11/dist-packages/pluggy/_callers.py", line 53, in run_old_style_hookwrapper
    |     return result.get_result()
    |            ^^^^^^^^^^^^^^^^^^^
    |   File "/usr/local/lib/python3.11/dist-packages/pluggy/_result.py", line 103, in get_result
    |     raise exc.with_traceback(tb)
    |   File "/usr/local/lib/python3.11/dist-packages/pluggy/_callers.py", line 38, in run_old_style_hookwrapper
    |     res = yield
    |           ^^^^^
    |   File "/usr/local/lib/python3.11/dist-packages/pluggy/_callers.py", line 121, in _multicall
    |     res = hook_impl.function(*args)
    |           ^^^^^^^^^^^^^^^^^^^^^^^^^
    |   File "/usr/local/lib/python3.11/dist-packages/_pytest/python.py", line 166, in pytest_pyfunc_call
    |     result = testfunction(**testargs)
    |              ^^^^^^^^^^^^^^^^^^^^^^^^
    |   File "/usr/local/lib/python3.11/dist-packages/pytest_asyncio/plugin.py", line 716, in inner
    |     runner.run(coro, context=context)
    |   File "/usr/lib/python3.11/asyncio/runners.py", line 118, in run
    |     return self._loop.run_until_complete(task)
    |            ^^^^^^^^^^^^^^^^^^^^^^^^^^^^^^^^^^^
    |   File "/usr/lib/python3.11/asyncio/base_events.py", line 654, in run_until_complete
    |     return future.result()
    |            ^^^^^^^^^^^^^^^
    |   File "/home/user/HOPEFX-AI-TRADING/tests/e2e/test_auth_billing_trading.py", line 484, in test_close_nonexistent_position
    |     res = await client.delete("/api/trading/positions/nonexistent-id-12345", headers=_auth(token))
    |           ^^^^^^^^^^^^^^^^^^^^^^^^^^^^^^^^^^^^^^^^^^^^^^^^^^^^^^^^^^^^^^^^^^^^^^^^^^^^^^^^^^^^^^^^
    |   File "/usr/local/lib/python3.11/dist-packages/httpx/_client.py", line 1966, in delete
    |     return await self.request(
    |            ^^^^^^^^^^^^^^^^^^^
    |   File "/usr/local/lib/python3.11/dist-packages/httpx/_client.py", line 1540, in request
    |     return await self.send(request, auth=auth, follow_redirects=follow_redirects)
    |            ^^^^^^^^^^^^^^^^^^^^^^^^^^^^^^^^^^^^^^^^^^^^^^^^^^^^^^^^^^^^^^^^^^^^^^
    |   File "/usr/local/lib/python3.11/dist-packages/httpx/_client.py", line 1629, in send
    |     response = await self._send_handling_auth(
    |                ^^^^^^^^^^^^^^^^^^^^^^^^^^^^^^^
    |   File "/usr/local/lib/python3.11/dist-packages/httpx/_client.py", line 1657, in _send_handling_auth
    |     response = await self._send_handling_redirects(
    |                ^^^^^^^^^^^^^^^^^^^^^^^^^^^^^^^^^^^^
    |   File "/usr/local/lib/python3.11/dist-packages/httpx/_client.py", line 1694, in _send_handling_redirects
    |     response = await self._send_single_request(request)
    |                ^^^^^^^^^^^^^^^^^^^^^^^^^^^^^^^^^^^^^^^^
    |   File "/usr/local/lib/python3.11/dist-packages/httpx/_client.py", line 1730, in _send_single_request
    |     response = await transport.handle_async_request(request)
    |                ^^^^^^^^^^^^^^^^^^^^^^^^^^^^^^^^^^^^^^^^^^^^^
    |   File "/usr/local/lib/python3.11/dist-packages/httpx/_transports/asgi.py", line 170, in handle_async_request
    |     await self.app(scope, receive, send)
    |   File "/usr/local/lib/python3.11/dist-packages/fastapi/applications.py", line 1159, in __call__
    |     await super().__call__(scope, receive, send)
    |   File "/usr/local/lib/python3.11/dist-packages/starlette/applications.py", line 90, in __call__
    |     await self.middleware_stack(scope, receive, send)
    |   File "/usr/local/lib/python3.11/dist-packages/starlette/middleware/errors.py", line 186, in __call__
    |     raise exc
    |   File "/usr/local/lib/python3.11/dist-packages/starlette/middleware/errors.py", line 164, in __call__
    |     await self.app(scope, receive, _send)
    |   File "/usr/local/lib/python3.11/dist-packages/opentelemetry/instrumentation/asgi/__init__.py", line 817, in __call__
    |     await self.app(scope, otel_receive, otel_send)
    |   File "/usr/local/lib/python3.11/dist-packages/starlette/middleware/errors.py", line 186, in __call__
    |     raise exc
    |   File "/usr/local/lib/python3.11/dist-packages/starlette/middleware/errors.py", line 164, in __call__
    |     await self.app(scope, receive, _send)
    |   File "/usr/local/lib/python3.11/dist-packages/opentelemetry/instrumentation/fastapi/__init__.py", line 307, in __call__
    |     await self.app(scope, receive, send)
    |   File "/usr/local/lib/python3.11/dist-packages/starlette/middleware/cors.py", line 88, in __call__
    |     await self.app(scope, receive, send)
    |   File "/usr/local/lib/python3.11/dist-packages/starlette/middleware/base.py", line 191, in __call__
    |     with recv_stream, send_stream, collapse_excgroups():
    |   File "/usr/lib/python3.11/contextlib.py", line 158, in __exit__
    |     self.gen.throw(typ, value, traceback)
    |   File "/usr/local/lib/python3.11/dist-packages/starlette/_utils.py", line 87, in collapse_excgroups
    |     raise exc
    |   File "/usr/local/lib/python3.11/dist-packages/starlette/middleware/base.py", line 193, in __call__
    |     response = await self.dispatch_func(request, call_next)
    |                ^^^^^^^^^^^^^^^^^^^^^^^^^^^^^^^^^^^^^^^^^^^^
    |   File "/home/user/HOPEFX-AI-TRADING/core/middleware.py", line 186, in dispatch
    |     response = await call_next(request)
    |                ^^^^^^^^^^^^^^^^^^^^^^^^
    |   File "/usr/local/lib/python3.11/dist-packages/starlette/middleware/base.py", line 168, in call_next
    |     raise app_exc from app_exc.__cause__ or app_exc.__context__
    |   File "/usr/local/lib/python3.11/dist-packages/starlette/middleware/base.py", line 144, in coro
    |     await self.app(scope, receive_or_disconnect, send_no_error)
    |   File "/usr/local/lib/python3.11/dist-packages/starlette/middleware/base.py", line 191, in __call__
    |     with recv_stream, send_stream, collapse_excgroups():
    |   File "/usr/lib/python3.11/contextlib.py", line 158, in __exit__
    |     self.gen.throw(typ, value, traceback)
    |   File "/usr/local/lib/python3.11/dist-packages/starlette/_utils.py", line 87, in collapse_excgroups
    |     raise exc
    |   File "/usr/local/lib/python3.11/dist-packages/starlette/middleware/base.py", line 193, in __call__
    |     response = await self.dispatch_func(request, call_next)
    |                ^^^^^^^^^^^^^^^^^^^^^^^^^^^^^^^^^^^^^^^^^^^^
    |   File "/home/user/HOPEFX-AI-TRADING/core/metrics.py", line 160, in metrics_middleware
    |     response = await call_next(request)
    |                ^^^^^^^^^^^^^^^^^^^^^^^^
    |   File "/usr/local/lib/python3.11/dist-packages/starlette/middleware/base.py", line 168, in call_next
    |     raise app_exc from app_exc.__cause__ or app_exc.__context__
    |   File "/usr/local/lib/python3.11/dist-packages/starlette/middleware/base.py", line 144, in coro
    |     await self.app(scope, receive_or_disconnect, send_no_error)
    |   File "/usr/local/lib/python3.11/dist-packages/starlette/middleware/base.py", line 191, in __call__
    |     with recv_stream, send_stream, collapse_excgroups():
    |   File "/usr/lib/python3.11/contextlib.py", line 158, in __exit__
    |     self.gen.throw(typ, value, traceback)
    |   File "/usr/local/lib/python3.11/dist-packages/starlette/_utils.py", line 87, in collapse_excgroups
    |     raise exc
    |   File "/usr/local/lib/python3.11/dist-packages/starlette/middleware/base.py", line 193, in __call__
    |     response = await self.dispatch_func(request, call_next)
    |                ^^^^^^^^^^^^^^^^^^^^^^^^^^^^^^^^^^^^^^^^^^^^
    |   File "/home/user/HOPEFX-AI-TRADING/core/middleware.py", line 396, in dispatch
    |     return await call_next(request)
    |            ^^^^^^^^^^^^^^^^^^^^^^^^
    |   File "/usr/local/lib/python3.11/dist-packages/starlette/middleware/base.py", line 168, in call_next
    |     raise app_exc from app_exc.__cause__ or app_exc.__context__
    |   File "/usr/local/lib/python3.11/dist-packages/starlette/middleware/base.py", line 144, in coro
    |     await self.app(scope, receive_or_disconnect, send_no_error)
    |   File "/usr/local/lib/python3.11/dist-packages/starlette/middleware/base.py", line 191, in __call__
    |     with recv_stream, send_stream, collapse_excgroups():
    |   File "/usr/lib/python3.11/contextlib.py", line 158, in __exit__
    |     self.gen.throw(typ, value, traceback)
    |   File "/usr/local/lib/python3.11/dist-packages/starlette/_utils.py", line 87, in collapse_excgroups
    |     raise exc
    |   File "/usr/local/lib/python3.11/dist-packages/starlette/middleware/base.py", line 193, in __call__
    |     response = await self.dispatch_func(request, call_next)
    |                ^^^^^^^^^^^^^^^^^^^^^^^^^^^^^^^^^^^^^^^^^^^^
    |   File "/home/user/HOPEFX-AI-TRADING/api/tracing.py", line 271, in dispatch
    |     response: Response = await call_next(request)
    |                          ^^^^^^^^^^^^^^^^^^^^^^^^
    |   File "/usr/local/lib/python3.11/dist-packages/starlette/middleware/base.py", line 168, in call_next
    |     raise app_exc from app_exc.__cause__ or app_exc.__context__
    |   File "/usr/local/lib/python3.11/dist-packages/starlette/middleware/base.py", line 144, in coro
    |     await self.app(scope, receive_or_disconnect, send_no_error)
    |   File "/usr/local/lib/python3.11/dist-packages/starlette/middleware/exceptions.py", line 63, in __call__
    |     await wrap_app_handling_exceptions(self.app, conn)(scope, receive, send)
    |   File "/usr/local/lib/python3.11/dist-packages/starlette/_exception_handler.py", line 53, in wrapped_app
    |     raise exc
    |   File "/usr/local/lib/python3.11/dist-packages/starlette/_exception_handler.py", line 42, in wrapped_app
    |     await app(scope, receive, sender)
    |   File "/usr/local/lib/python3.11/dist-packages/fastapi/middleware/asyncexitstack.py", line 18, in __call__
    |     await self.app(scope, receive, send)
    |   File "/usr/local/lib/python3.11/dist-packages/starlette/routing.py", line 660, in __call__
    |     await self.middleware_stack(scope, receive, send)
    |   File "/usr/local/lib/python3.11/dist-packages/starlette/routing.py", line 680, in app
    |     await route.handle(scope, receive, send)
    |   File "/usr/local/lib/python3.11/dist-packages/starlette/routing.py", line 276, in handle
    |     await self.app(scope, receive, send)
    |   File "/usr/local/lib/python3.11/dist-packages/fastapi/routing.py", line 134, in app
    |     await wrap_app_handling_exceptions(app, request)(scope, receive, send)
    |   File "/usr/local/lib/python3.11/dist-packages/starlette/_exception_handler.py", line 53, in wrapped_app
    |     raise exc
    |   File "/usr/local/lib/python3.11/dist-packages/starlette/_exception_handler.py", line 42, in wrapped_app
    |     await app(scope, receive, sender)
    |   File "/usr/local/lib/python3.11/dist-packages/fastapi/routing.py", line 120, in app
    |     response = await f(request)
    |                ^^^^^^^^^^^^^^^^
    |   File "/usr/local/lib/python3.11/dist-packages/fastapi/routing.py", line 674, in app
    |     raw_response = await run_endpoint_function(
    |                    ^^^^^^^^^^^^^^^^^^^^^^^^^^^^
    |   File "/usr/local/lib/python3.11/dist-packages/fastapi/routing.py", line 328, in run_endpoint_function
    |     return await dependant.call(**values)
    |            ^^^^^^^^^^^^^^^^^^^^^^^^^^^^^^
    |   File "/home/user/HOPEFX-AI-TRADING/api/trading.py", line 999, in close_position
    |     if app_state.db_session_factory is not None:
    |        ^^^^^^^^^^^^^^^^^^^^^^^^^^^^
    | AttributeError: '_MinimalState' object has no attribute 'db_session_factory'
    +------------------------------------

The above exception was the direct cause of the following exception:

Traceback (most recent call last):
  File "/home/user/HOPEFX-AI-TRADING/tests/e2e/test_auth_billing_trading.py", line 484, in test_close_nonexistent_position
    res = await client.delete("/api/trading/positions/nonexistent-id-12345", headers=_auth(token))
          ^^^^^^^^^^^^^^^^^^^^^^^^^^^^^^^^^^^^^^^^^^^^^^^^^^^^^^^^^^^^^^^^^^^^^^^^^^^^^^^^^^^^^^^^
  File "/usr/local/lib/python3.11/dist-packages/httpx/_client.py", line 1966, in delete
    return await self.request(
           ^^^^^^^^^^^^^^^^^^^
  File "/usr/local/lib/python3.11/dist-packages/httpx/_client.py", line 1540, in request
    return await self.send(request, auth=auth, follow_redirects=follow_redirects)
           ^^^^^^^^^^^^^^^^^^^^^^^^^^^^^^^^^^^^^^^^^^^^^^^^^^^^^^^^^^^^^^^^^^^^^^
  File "/usr/local/lib/python3.11/dist-packages/httpx/_client.py", line 1629, in send
    response = await self._send_handling_auth(
               ^^^^^^^^^^^^^^^^^^^^^^^^^^^^^^^
  File "/usr/local/lib/python3.11/dist-packages/httpx/_client.py", line 1657, in _send_handling_auth
    response = await self._send_handling_redirects(
               ^^^^^^^^^^^^^^^^^^^^^^^^^^^^^^^^^^^^
  File "/usr/local/lib/python3.11/dist-packages/httpx/_client.py", line 1694, in _send_handling_redirects
    response = await self._send_single_request(request)
               ^^^^^^^^^^^^^^^^^^^^^^^^^^^^^^^^^^^^^^^^
  File "/usr/local/lib/python3.11/dist-packages/httpx/_client.py", line 1730, in _send_single_request
    response = await transport.handle_async_request(request)
               ^^^^^^^^^^^^^^^^^^^^^^^^^^^^^^^^^^^^^^^^^^^^^
  File "/usr/local/lib/python3.11/dist-packages/httpx/_transports/asgi.py", line 170, in handle_async_request
    await self.app(scope, receive, send)
  File "/usr/local/lib/python3.11/dist-packages/fastapi/applications.py", line 1159, in __call__
    await super().__call__(scope, receive, send)
  File "/usr/local/lib/python3.11/dist-packages/starlette/applications.py", line 90, in __call__
    await self.middleware_stack(scope, receive, send)
  File "/usr/local/lib/python3.11/dist-packages/starlette/middleware/errors.py", line 186, in __call__
    raise exc
  File "/usr/local/lib/python3.11/dist-packages/starlette/middleware/errors.py", line 164, in __call__
    await self.app(scope, receive, _send)
  File "/usr/local/lib/python3.11/dist-packages/opentelemetry/instrumentation/asgi/__init__.py", line 817, in __call__
    await self.app(scope, otel_receive, otel_send)
  File "/usr/local/lib/python3.11/dist-packages/starlette/middleware/errors.py", line 186, in __call__
    raise exc
  File "/usr/local/lib/python3.11/dist-packages/starlette/middleware/errors.py", line 164, in __call__
    await self.app(scope, receive, _send)
  File "/usr/local/lib/python3.11/dist-packages/opentelemetry/instrumentation/fastapi/__init__.py", line 307, in __call__
    await self.app(scope, receive, send)
  File "/usr/local/lib/python3.11/dist-packages/starlette/middleware/cors.py", line 88, in __call__
    await self.app(scope, receive, send)
  File "/usr/local/lib/python3.11/dist-packages/starlette/middleware/base.py", line 191, in __call__
    with recv_stream, send_stream, collapse_excgroups():
  File "/usr/lib/python3.11/contextlib.py", line 158, in __exit__
    self.gen.throw(typ, value, traceback)
  File "/usr/local/lib/python3.11/dist-packages/starlette/_utils.py", line 87, in collapse_excgroups
    raise exc
  File "/usr/local/lib/python3.11/dist-packages/starlette/middleware/base.py", line 193, in __call__
    response = await self.dispatch_func(request, call_next)
               ^^^^^^^^^^^^^^^^^^^^^^^^^^^^^^^^^^^^^^^^^^^^
  File "/home/user/HOPEFX-AI-TRADING/core/middleware.py", line 186, in dispatch
    response = await call_next(request)
               ^^^^^^^^^^^^^^^^^^^^^^^^
  File "/usr/local/lib/python3.11/dist-packages/starlette/middleware/base.py", line 168, in call_next
    raise app_exc from app_exc.__cause__ or app_exc.__context__
  File "/usr/local/lib/python3.11/dist-packages/starlette/middleware/base.py", line 144, in coro
    await self.app(scope, receive_or_disconnect, send_no_error)
  File "/usr/local/lib/python3.11/dist-packages/starlette/middleware/base.py", line 191, in __call__
    with recv_stream, send_stream, collapse_excgroups():
  File "/usr/lib/python3.11/contextlib.py", line 158, in __exit__
    self.gen.throw(typ, value, traceback)
  File "/usr/local/lib/python3.11/dist-packages/starlette/_utils.py", line 87, in collapse_excgroups
    raise exc
  File "/usr/local/lib/python3.11/dist-packages/starlette/middleware/base.py", line 193, in __call__
    response = await self.dispatch_func(request, call_next)
               ^^^^^^^^^^^^^^^^^^^^^^^^^^^^^^^^^^^^^^^^^^^^
  File "/home/user/HOPEFX-AI-TRADING/core/metrics.py", line 160, in metrics_middleware
    response = await call_next(request)
               ^^^^^^^^^^^^^^^^^^^^^^^^
  File "/usr/local/lib/python3.11/dist-packages/starlette/middleware/base.py", line 168, in call_next
    raise app_exc from app_exc.__cause__ or app_exc.__context__
  File "/usr/local/lib/python3.11/dist-packages/starlette/middleware/base.py", line 144, in coro
    await self.app(scope, receive_or_disconnect, send_no_error)
  File "/usr/local/lib/python3.11/dist-packages/starlette/middleware/base.py", line 191, in __call__
    with recv_stream, send_stream, collapse_excgroups():
  File "/usr/lib/python3.11/contextlib.py", line 158, in __exit__
    self.gen.throw(typ, value, traceback)
  File "/usr/local/lib/python3.11/dist-packages/starlette/_utils.py", line 87, in collapse_excgroups
    raise exc
  File "/usr/local/lib/python3.11/dist-packages/starlette/middleware/base.py", line 193, in __call__
    response = await self.dispatch_func(request, call_next)
               ^^^^^^^^^^^^^^^^^^^^^^^^^^^^^^^^^^^^^^^^^^^^
  File "/home/user/HOPEFX-AI-TRADING/core/middleware.py", line 396, in dispatch
    return await call_next(request)
           ^^^^^^^^^^^^^^^^^^^^^^^^
  File "/usr/local/lib/python3.11/dist-packages/starlette/middleware/base.py", line 168, in call_next
    raise app_exc from app_exc.__cause__ or app_exc.__context__
  File "/usr/local/lib/python3.11/dist-packages/starlette/middleware/base.py", line 144, in coro
    await self.app(scope, receive_or_disconnect, send_no_error)
  File "/usr/local/lib/python3.11/dist-packages/starlette/middleware/base.py", line 191, in __call__
    with recv_stream, send_stream, collapse_excgroups():
  File "/usr/lib/python3.11/contextlib.py", line 158, in __exit__
    self.gen.throw(typ, value, traceback)
  File "/usr/local/lib/python3.11/dist-packages/starlette/_utils.py", line 87, in collapse_excgroups
    raise exc
  File "/usr/local/lib/python3.11/dist-packages/starlette/middleware/base.py", line 193, in __call__
    response = await self.dispatch_func(request, call_next)
               ^^^^^^^^^^^^^^^^^^^^^^^^^^^^^^^^^^^^^^^^^^^^
  File "/home/user/HOPEFX-AI-TRADING/api/tracing.py", line 271, in dispatch
    response: Response = await call_next(request)
                         ^^^^^^^^^^^^^^^^^^^^^^^^
  File "/usr/local/lib/python3.11/dist-packages/starlette/middleware/base.py", line 168, in call_next
    raise app_exc from app_exc.__cause__ or app_exc.__context__
  File "/usr/local/lib/python3.11/dist-packages/starlette/middleware/base.py", line 144, in coro
    await self.app(scope, receive_or_disconnect, send_no_error)
  File "/usr/local/lib/python3.11/dist-packages/starlette/middleware/exceptions.py", line 63, in __call__
    await wrap_app_handling_exceptions(self.app, conn)(scope, receive, send)
  File "/usr/local/lib/python3.11/dist-packages/starlette/_exception_handler.py", line 53, in wrapped_app
    raise exc
  File "/usr/local/lib/python3.11/dist-packages/starlette/_exception_handler.py", line 42, in wrapped_app
    await app(scope, receive, sender)
  File "/usr/local/lib/python3.11/dist-packages/fastapi/middleware/asyncexitstack.py", line 18, in __call__
    await self.app(scope, receive, send)
  File "/usr/local/lib/python3.11/dist-packages/starlette/routing.py", line 660, in __call__
    await self.middleware_stack(scope, receive, send)
  File "/usr/local/lib/python3.11/dist-packages/starlette/routing.py", line 680, in app
    await route.handle(scope, receive, send)
  File "/usr/local/lib/python3.11/dist-packages/starlette/routing.py", line 276, in handle
    await self.app(scope, receive, send)
  File "/usr/local/lib/python3.11/dist-packages/fastapi/routing.py", line 134, in app
    await wrap_app_handling_exceptions(app, request)(scope, receive, send)
  File "/usr/local/lib/python3.11/dist-packages/starlette/_exception_handler.py", line 53, in wrapped_app
    raise exc
  File "/usr/local/lib/python3.11/dist-packages/starlette/_exception_handler.py", line 42, in wrapped_app
    await app(scope, receive, sender)
  File "/usr/local/lib/python3.11/dist-packages/fastapi/routing.py", line 120, in app
    response = await f(request)
               ^^^^^^^^^^^^^^^^
  File "/usr/local/lib/python3.11/dist-packages/fastapi/routing.py", line 674, in app
    raw_response = await run_endpoint_function(
                   ^^^^^^^^^^^^^^^^^^^^^^^^^^^^
  File "/usr/local/lib/python3.11/dist-packages/fastapi/routing.py", line 328, in run_endpoint_function
    return await dependant.call(**values)
           ^^^^^^^^^^^^^^^^^^^^^^^^^^^^^^
  File "/home/user/HOPEFX-AI-TRADING/api/trading.py", line 999, in close_position
    if app_state.db_session_factory is not None:
       ^^^^^^^^^^^^^^^^^^^^^^^^^^^^
AttributeError: '_MinimalState' object has no attribute 'db_session_factory'

The above exception was the direct cause of the following exception:

self = &lt;tests.e2e.test_auth_billing_trading.TestTradingFlow object at 0x7f8918a42ad0&gt;
client = &lt;httpx.AsyncClient object at 0x7f88200e6e50&gt;

    @pytest.mark.asyncio
    async def test_close_nonexistent_position(self, client: AsyncClient):
        token, _ = await _register_and_login(client)
&gt;       res = await client.delete("/api/trading/positions/nonexistent-id-12345", headers=_auth(token))
              ^^^^^^^^^^^^^^^^^^^^^^^^^^^^^^^^^^^^^^^^^^^^^^^^^^^^^^^^^^^^^^^^^^^^^^^^^^^^^^^^^^^^^^^^

tests/e2e/test_auth_billing_trading.py:484:
_ _ _ _ _ _ _ _ _ _ _ _ _ _ _ _ _ _ _ _ _ _ _ _ _ _ _ _ _ _ _ _ _ _ _ _ _ _ _ _

self = &lt;httpx.AsyncClient object at 0x7f88200e6e50&gt;
url = '/api/trading/positions/nonexistent-id-12345'

    async def delete(
        self,
        url: URL | str,
        *,
        params: QueryParamTypes | None = None,
        headers: HeaderTypes | None = None,
        cookies: CookieTypes | None = None,
        auth: AuthTypes | UseClientDefault = USE_CLIENT_DEFAULT,
        follow_redirects: bool | UseClientDefault = USE_CLIENT_DEFAULT,
        timeout: TimeoutTypes | UseClientDefault = USE_CLIENT_DEFAULT,
        extensions: RequestExtensions | None = None,
    ) -&gt; Response:
        """
        Send a `DELETE` request.

        **Parameters**: See `httpx.request`.
        """
&gt;       return await self.request(
            "DELETE",
            url,
            params=params,
            headers=headers,
            cookies=cookies,
            auth=auth,
            follow_redirects=follow_redirects,
            timeout=timeout,
            extensions=extensions,
        )

/usr/local/lib/python3.11/dist-packages/httpx/_client.py:1966:
_ _ _ _ _ _ _ _ _ _ _ _ _ _ _ _ _ _ _ _ _ _ _ _ _ _ _ _ _ _ _ _ _ _ _ _ _ _ _ _

self = &lt;httpx.AsyncClient object at 0x7f88200e6e50&gt;, method = 'DELETE'
url = '/api/trading/positions/nonexistent-id-12345'

    async def request(
        self,
        method: str,
        url: URL | str,
        *,
        content: RequestContent | None = None,
        data: RequestData | None = None,
        files: RequestFiles | None = None,
        json: typing.Any | None = None,
        params: QueryParamTypes | None = None,
        headers: HeaderTypes | None = None,
        cookies: CookieTypes | None = None,
        auth: AuthTypes | UseClientDefault | None = USE_CLIENT_DEFAULT,
        follow_redirects: bool | UseClientDefault = USE_CLIENT_DEFAULT,
        timeout: TimeoutTypes | UseClientDefault = USE_CLIENT_DEFAULT,
        extensions: RequestExtensions | None = None,
    ) -&gt; Response:
        """
        Build and send a request.

        Equivalent to:

        ```python
        request = client.build_request(...)
        response = await client.send(request, ...)
        ```

        See `AsyncClient.build_request()`, `AsyncClient.send()`
        and [Merging of configuration][0] for how the various parameters
        are merged with client-level configuration.

        [0]: /advanced/clients/#merging-of-configuration
        """

        if cookies is not None:  # pragma: no cover
            message = (
                "Setting per-request cookies=&lt;...&gt; is being deprecated, because "
                "the expected behaviour on cookie persistence is ambiguous. Set "
                "cookies directly on the client instance instead."
            )
            warnings.warn(message, DeprecationWarning, stacklevel=2)

        request = self.build_request(
            method=method,
            url=url,
            content=content,
            data=data,
            files=files,
            json=json,
            params=params,
            headers=headers,
            cookies=cookies,
            timeout=timeout,
            extensions=extensions,
        )
&gt;       return await self.send(request, auth=auth, follow_redirects=follow_redirects)
               ^^^^^^^^^^^^^^^^^^^^^^^^^^^^^^^^^^^^^^^^^^^^^^^^^^^^^^^^^^^^^^^^^^^^^^

/usr/local/lib/python3.11/dist-packages/httpx/_client.py:1540:
_ _ _ _ _ _ _ _ _ _ _ _ _ _ _ _ _ _ _ _ _ _ _ _ _ _ _ _ _ _ _ _ _ _ _ _ _ _ _ _

self = &lt;httpx.AsyncClient object at 0x7f88200e6e50&gt;
request = &lt;Request('DELETE', 'http://testserver/api/trading/positions/nonexistent-id-12345')&gt;

    async def send(
        self,
        request: Request,
        *,
        stream: bool = False,
        auth: AuthTypes | UseClientDefault | None = USE_CLIENT_DEFAULT,
        follow_redirects: bool | UseClientDefault = USE_CLIENT_DEFAULT,
    ) -&gt; Response:
        """
        Send a request.

        The request is sent as-is, unmodified.

        Typically you'll want to build one with `AsyncClient.build_request()`
        so that any client-level configuration is merged into the request,
        but passing an explicit `httpx.Request()` is supported as well.

        See also: [Request instances][0]

        [0]: /advanced/clients/#request-instances
        """
        if self._state == ClientState.CLOSED:
            raise RuntimeError("Cannot send a request, as the client has been closed.")

        self._state = ClientState.OPENED
        follow_redirects = (
            self.follow_redirects
            if isinstance(follow_redirects, UseClientDefault)
            else follow_redirects
        )

        self._set_timeout(request)

        auth = self._build_request_auth(request, auth)

&gt;       response = await self._send_handling_auth(
            request,
            auth=auth,
            follow_redirects=follow_redirects,
            history=[],
        )

/usr/local/lib/python3.11/dist-packages/httpx/_client.py:1629:
_ _ _ _ _ _ _ _ _ _ _ _ _ _ _ _ _ _ _ _ _ _ _ _ _ _ _ _ _ _ _ _ _ _ _ _ _ _ _ _

self = &lt;httpx.AsyncClient object at 0x7f88200e6e50&gt;
request = &lt;Request('DELETE', 'http://testserver/api/trading/positions/nonexistent-id-12345')&gt;
auth = &lt;httpx.Auth object at 0x7f881e2ef790&gt;, follow_redirects = False
history = []

    async def _send_handling_auth(
        self,
        request: Request,
        auth: Auth,
        follow_redirects: bool,
        history: list[Response],
    ) -&gt; Response:
        auth_flow = auth.async_auth_flow(request)
        try:
            request = await auth_flow.__anext__()

            while True:
&gt;               response = await self._send_handling_redirects(
                    request,
                    follow_redirects=follow_redirects,
                    history=history,
                )

/usr/local/lib/python3.11/dist-packages/httpx/_client.py:1657:
_ _ _ _ _ _ _ _ _ _ _ _ _ _ _ _ _ _ _ _ _ _ _ _ _ _ _ _ _ _ _ _ _ _ _ _ _ _ _ _

self = &lt;httpx.AsyncClient object at 0x7f88200e6e50&gt;
request = &lt;Request('DELETE', 'http://testserver/api/trading/positions/nonexistent-id-12345')&gt;
follow_redirects = False, history = []

    async def _send_handling_redirects(
        self,
        request: Request,
        follow_redirects: bool,
        history: list[Response],
    ) -&gt; Response:
        while True:
            if len(history) &gt; self.max_redirects:
                raise TooManyRedirects(
                    "Exceeded maximum allowed redirects.", request=request
                )

            for hook in self._event_hooks["request"]:
                await hook(request)

&gt;           response = await self._send_single_request(request)
                       ^^^^^^^^^^^^^^^^^^^^^^^^^^^^^^^^^^^^^^^^

/usr/local/lib/python3.11/dist-packages/httpx/_client.py:1694:
_ _ _ _ _ _ _ _ _ _ _ _ _ _ _ _ _ _ _ _ _ _ _ _ _ _ _ _ _ _ _ _ _ _ _ _ _ _ _ _

self = &lt;httpx.AsyncClient object at 0x7f88200e6e50&gt;
request = &lt;Request('DELETE', 'http://testserver/api/trading/positions/nonexistent-id-12345')&gt;

    async def _send_single_request(self, request: Request) -&gt; Response:
        """
        Sends a single request, without handling any redirections.
        """
        transport = self._transport_for_url(request.url)
        start = time.perf_counter()

        if not isinstance(request.stream, AsyncByteStream):
            raise RuntimeError(
                "Attempted to send an sync request with an AsyncClient instance."
            )

        with request_context(request=request):
&gt;           response = await transport.handle_async_request(request)
                       ^^^^^^^^^^^^^^^^^^^^^^^^^^^^^^^^^^^^^^^^^^^^^

/usr/local/lib/python3.11/dist-packages/httpx/_client.py:1730:
_ _ _ _ _ _ _ _ _ _ _ _ _ _ _ _ _ _ _ _ _ _ _ _ _ _ _ _ _ _ _ _ _ _ _ _ _ _ _ _

self = &lt;httpx.ASGITransport object at 0x7f8821596b90&gt;
request = &lt;Request('DELETE', 'http://testserver/api/trading/positions/nonexistent-id-12345')&gt;

    async def handle_async_request(
        self,
        request: Request,
    ) -&gt; Response:
        assert isinstance(request.stream, AsyncByteStream)

        # ASGI scope.
        scope = {
            "type": "http",
            "asgi": {"version": "3.0"},
            "http_version": "1.1",
            "method": request.method,
            "headers": [(k.lower(), v) for (k, v) in request.headers.raw],
            "scheme": request.url.scheme,
            "path": request.url.path,
            "raw_path": request.url.raw_path.split(b"?")[0],
            "query_string": request.url.query,
            "server": (request.url.host, request.url.port),
            "client": self.client,
            "root_path": self.root_path,
        }

        # Request.
        request_body_chunks = request.stream.__aiter__()
        request_complete = False

        # Response.
        status_code = None
        response_headers = None
        body_parts = []
        response_started = False
        response_complete = create_event()

        # ASGI callables.

        async def receive() -&gt; dict[str, typing.Any]:
            nonlocal request_complete

            if request_complete:
                await response_complete.wait()
                return {"type": "http.disconnect"}

            try:
                body = await request_body_chunks.__anext__()
            except StopAsyncIteration:
                request_complete = True
                return {"type": "http.request", "body": b"", "more_body": False}
            return {"type": "http.request", "body": body, "more_body": True}

        async def send(message: typing.MutableMapping[str, typing.Any]) -&gt; None:
            nonlocal status_code, response_headers, response_started

            if message["type"] == "http.response.start":
                assert not response_started

                status_code = message["status"]
                response_headers = message.get("headers", [])
                response_started = True

            elif message["type"] == "http.response.body":
                assert not response_complete.is_set()
                body = message.get("body", b"")
                more_body = message.get("more_body", False)

                if body and request.method != "HEAD":
                    body_parts.append(body)

                if not more_body:
                    response_complete.set()

        try:
&gt;           await self.app(scope, receive, send)

/usr/local/lib/python3.11/dist-packages/httpx/_transports/asgi.py:170:
_ _ _ _ _ _ _ _ _ _ _ _ _ _ _ _ _ _ _ _ _ _ _ _ _ _ _ _ _ _ _ _ _ _ _ _ _ _ _ _

self = &lt;fastapi.applications.FastAPI object at 0x7f89152a8290&gt;
scope = {'app': &lt;fastapi.applications.FastAPI object at 0x7f89152a8290&gt;, 'asgi': {'version': '3.0'}, 'client': ('127.0.0.1', 123), 'endpoint': &lt;function close_position at 0x7f89153dc220&gt;, ...}
receive = &lt;function ASGITransport.handle_async_request.&lt;locals&gt;.receive at 0x7f881e318e00&gt;
send = &lt;function ASGITransport.handle_async_request.&lt;locals&gt;.send at 0x7f881e31ade0&gt;

    async def __call__(self, scope: Scope, receive: Receive, send: Send) -&gt; None:
        if self.root_path:
            scope["root_path"] = self.root_path
&gt;       await super().__call__(scope, receive, send)

/usr/local/lib/python3.11/dist-packages/fastapi/applications.py:1159:
_ _ _ _ _ _ _ _ _ _ _ _ _ _ _ _ _ _ _ _ _ _ _ _ _ _ _ _ _ _ _ _ _ _ _ _ _ _ _ _

self = &lt;fastapi.applications.FastAPI object at 0x7f89152a8290&gt;
scope = {'app': &lt;fastapi.applications.FastAPI object at 0x7f89152a8290&gt;, 'asgi': {'version': '3.0'}, 'client': ('127.0.0.1', 123), 'endpoint': &lt;function close_position at 0x7f89153dc220&gt;, ...}
receive = &lt;function ASGITransport.handle_async_request.&lt;locals&gt;.receive at 0x7f881e318e00&gt;
send = &lt;function ASGITransport.handle_async_request.&lt;locals&gt;.send at 0x7f881e31ade0&gt;

    async def __call__(self, scope: Scope, receive: Receive, send: Send) -&gt; None:
        scope["app"] = self
        if self.middleware_stack is None:
            self.middleware_stack = self.build_middleware_stack()
&gt;       await self.middleware_stack(scope, receive, send)

/usr/local/lib/python3.11/dist-packages/starlette/applications.py:90:
_ _ _ _ _ _ _ _ _ _ _ _ _ _ _ _ _ _ _ _ _ _ _ _ _ _ _ _ _ _ _ _ _ _ _ _ _ _ _ _

self = &lt;starlette.middleware.errors.ServerErrorMiddleware object at 0x7f882020f950&gt;
scope = {'app': &lt;fastapi.applications.FastAPI object at 0x7f89152a8290&gt;, 'asgi': {'version': '3.0'}, 'client': ('127.0.0.1', 123), 'endpoint': &lt;function close_position at 0x7f89153dc220&gt;, ...}
receive = &lt;function ASGITransport.handle_async_request.&lt;locals&gt;.receive at 0x7f881e318e00&gt;
send = &lt;function ASGITransport.handle_async_request.&lt;locals&gt;.send at 0x7f881e31ade0&gt;

    async def __call__(self, scope: Scope, receive: Receive, send: Send) -&gt; None:
        if scope["type"] != "http":
            await self.app(scope, receive, send)
            return

        response_started = False

        async def _send(message: Message) -&gt; None:
            nonlocal response_started, send

            if message["type"] == "http.response.start":
                response_started = True
            await send(message)

        try:
            await self.app(scope, receive, _send)
        except Exception as exc:
            request = Request(scope)
            if self.debug:
                # In debug mode, return traceback responses.
                response = self.debug_response(request, exc)
            elif self.handler is None:
                # Use our default 500 error handler.
                response = self.error_response(request, exc)
            else:
                # Use an installed 500 error handler.
                if is_async_callable(self.handler):
                    response = await self.handler(request, exc)
                else:
                    response = await run_in_threadpool(self.handler, request, exc)

            if not response_started:
                await response(scope, receive, send)

            # We always continue to raise the exception.
            # This allows servers to log the error, or allows test clients
            # to optionally raise the error within the test case.
&gt;           raise exc

/usr/local/lib/python3.11/dist-packages/starlette/middleware/errors.py:186:
_ _ _ _ _ _ _ _ _ _ _ _ _ _ _ _ _ _ _ _ _ _ _ _ _ _ _ _ _ _ _ _ _ _ _ _ _ _ _ _

self = &lt;starlette.middleware.errors.ServerErrorMiddleware object at 0x7f882020f950&gt;
scope = {'app': &lt;fastapi.applications.FastAPI object at 0x7f89152a8290&gt;, 'asgi': {'version': '3.0'}, 'client': ('127.0.0.1', 123), 'endpoint': &lt;function close_position at 0x7f89153dc220&gt;, ...}
receive = &lt;function ASGITransport.handle_async_request.&lt;locals&gt;.receive at 0x7f881e318e00&gt;
send = &lt;function ASGITransport.handle_async_request.&lt;locals&gt;.send at 0x7f881e31ade0&gt;

    async def __call__(self, scope: Scope, receive: Receive, send: Send) -&gt; None:
        if scope["type"] != "http":
            await self.app(scope, receive, send)
            return

        response_started = False

        async def _send(message: Message) -&gt; None:
            nonlocal response_started, send

            if message["type"] == "http.response.start":
                response_started = True
            await send(message)

        try:
&gt;           await self.app(scope, receive, _send)

/usr/local/lib/python3.11/dist-packages/starlette/middleware/errors.py:164:
_ _ _ _ _ _ _ _ _ _ _ _ _ _ _ _ _ _ _ _ _ _ _ _ _ _ _ _ _ _ _ _ _ _ _ _ _ _ _ _

self = &lt;opentelemetry.instrumentation.asgi.OpenTelemetryMiddleware object at 0x7f8821c17f10&gt;
scope = {'app': &lt;fastapi.applications.FastAPI object at 0x7f89152a8290&gt;, 'asgi': {'version': '3.0'}, 'client': ('127.0.0.1', 123), 'endpoint': &lt;function close_position at 0x7f89153dc220&gt;, ...}
receive = &lt;function ASGITransport.handle_async_request.&lt;locals&gt;.receive at 0x7f881e318e00&gt;
send = &lt;function ServerErrorMiddleware.__call__.&lt;locals&gt;._send at 0x7f881e31bf60&gt;

    async def __call__(
        self,
        scope: typing.MutableMapping[str, Any],
        receive: Callable[[], Awaitable[typing.MutableMapping[str, Any]]],
        send: Callable[[typing.MutableMapping[str, Any]], Awaitable[None]],
    ) -&gt; None:
        """The ASGI application

        Args:
            scope: An ASGI environment.
            receive: An awaitable callable yielding dictionaries
            send: An awaitable callable taking a single dictionary as argument.
        """
        start = default_timer()
        if not is_http_instrumentation_enabled() or scope["type"] not in (
            "http",
            "websocket",
        ):
            return await self.app(scope, receive, send)

        _, _, url = get_host_port_url_tuple(scope)
        if self.excluded_urls and self.excluded_urls.url_disabled(url):
            return await self.app(scope, receive, send)

        span_name, additional_attributes = self.default_span_details(scope)

        attributes = collect_request_attributes(
            scope, self._sem_conv_opt_in_mode
        )
        attributes.update(additional_attributes)
        span, token = _start_internal_or_server_span(
            tracer=self.tracer,
            span_name=span_name,
            start_time=None,
            context_carrier=scope,
            context_getter=asgi_getter,
            attributes=attributes,
        )
        active_requests_count_attrs = _parse_active_request_count_attrs(
            attributes,
            self._sem_conv_opt_in_mode,
        )

        if scope["type"] == "http":
            self.active_requests_counter.add(1, active_requests_count_attrs)
        try:
            with trace.use_span(span, end_on_exit=False) as current_span:
                if current_span.is_recording():
                    for key, value in attributes.items():
                        current_span.set_attribute(key, value)

                    if current_span.kind == trace.SpanKind.SERVER:
                        custom_attributes = (
                            collect_custom_headers_attributes(
                                scope,
                                self.http_capture_headers_sanitize_fields,
                                self.http_capture_headers_server_request,
                                normalise_request_header_name,
                            )
                            if self.http_capture_headers_server_request
                            else {}
                        )
                        if len(custom_attributes) &gt; 0:
                            current_span.set_attributes(custom_attributes)

                if callable(self.server_request_hook):
                    self.server_request_hook(current_span, scope)

                otel_receive = self._get_otel_receive(
                    span_name, scope, receive
                )

                otel_send = self._get_otel_send(
                    current_span,
                    span_name,
                    scope,
                    send,
                    attributes,
                )

&gt;               await self.app(scope, otel_receive, otel_send)

/usr/local/lib/python3.11/dist-packages/opentelemetry/instrumentation/asgi/__init__.py:817:
_ _ _ _ _ _ _ _ _ _ _ _ _ _ _ _ _ _ _ _ _ _ _ _ _ _ _ _ _ _ _ _ _ _ _ _ _ _ _ _

self = &lt;starlette.middleware.errors.ServerErrorMiddleware object at 0x7f8821c15510&gt;
scope = {'app': &lt;fastapi.applications.FastAPI object at 0x7f89152a8290&gt;, 'asgi': {'version': '3.0'}, 'client': ('127.0.0.1', 123), 'endpoint': &lt;function close_position at 0x7f89153dc220&gt;, ...}
receive = &lt;function ASGITransport.handle_async_request.&lt;locals&gt;.receive at 0x7f881e319440&gt;
send = &lt;function ServerErrorMiddleware.__call__.&lt;locals&gt;._send at 0x7f881e319080&gt;

    async def __call__(self, scope: Scope, receive: Receive, send: Send) -&gt; None:
        if scope["type"] != "http":
            await self.app(scope, receive, send)
            return

        response_started = False

        async def _send(message: Message) -&gt; None:
            nonlocal response_started, send

            if message["type"] == "http.response.start":
                response_started = True
            await send(message)

        try:
            await self.app(scope, receive, _send)
        except Exception as exc:
            request = Request(scope)
            if self.debug:
                # In debug mode, return traceback responses.
                response = self.debug_response(request, exc)
            elif self.handler is None:
                # Use our default 500 error handler.
                response = self.error_response(request, exc)
            else:
                # Use an installed 500 error handler.
                if is_async_callable(self.handler):
                    response = await self.handler(request, exc)
                else:
                    response = await run_in_threadpool(self.handler, request, exc)

            if not response_started:
                await response(scope, receive, send)

            # We always continue to raise the exception.
            # This allows servers to log the error, or allows test clients
            # to optionally raise the error within the test case.
&gt;           raise exc

/usr/local/lib/python3.11/dist-packages/starlette/middleware/errors.py:186:
_ _ _ _ _ _ _ _ _ _ _ _ _ _ _ _ _ _ _ _ _ _ _ _ _ _ _ _ _ _ _ _ _ _ _ _ _ _ _ _

self = &lt;starlette.middleware.errors.ServerErrorMiddleware object at 0x7f8821c15510&gt;
scope = {'app': &lt;fastapi.applications.FastAPI object at 0x7f89152a8290&gt;, 'asgi': {'version': '3.0'}, 'client': ('127.0.0.1', 123), 'endpoint': &lt;function close_position at 0x7f89153dc220&gt;, ...}
receive = &lt;function ASGITransport.handle_async_request.&lt;locals&gt;.receive at 0x7f881e319440&gt;
send = &lt;function ServerErrorMiddleware.__call__.&lt;locals&gt;._send at 0x7f881e319080&gt;

    async def __call__(self, scope: Scope, receive: Receive, send: Send) -&gt; None:
        if scope["type"] != "http":
            await self.app(scope, receive, send)
            return

        response_started = False

        async def _send(message: Message) -&gt; None:
            nonlocal response_started, send

            if message["type"] == "http.response.start":
                response_started = True
            await send(message)

        try:
&gt;           await self.app(scope, receive, _send)

/usr/local/lib/python3.11/dist-packages/starlette/middleware/errors.py:164:
_ _ _ _ _ _ _ _ _ _ _ _ _ _ _ _ _ _ _ _ _ _ _ _ _ _ _ _ _ _ _ _ _ _ _ _ _ _ _ _

self = &lt;opentelemetry.instrumentation.fastapi.FastAPIInstrumentor.instrument_app.&lt;locals&gt;.build_middleware_stack.&lt;locals&gt;.ExceptionHandlerMiddleware object at 0x7f8821c225d0&gt;
scope = {'app': &lt;fastapi.applications.FastAPI object at 0x7f89152a8290&gt;, 'asgi': {'version': '3.0'}, 'client': ('127.0.0.1', 123), 'endpoint': &lt;function close_position at 0x7f89153dc220&gt;, ...}
receive = &lt;function ASGITransport.handle_async_request.&lt;locals&gt;.receive at 0x7f881e319440&gt;
send = &lt;function ServerErrorMiddleware.__call__.&lt;locals&gt;._send at 0x7f881e31ae80&gt;

    async def __call__(
        self, scope: Scope, receive: Receive, send: Send
    ) -&gt; None:
        try:
&gt;           await self.app(scope, receive, send)

/usr/local/lib/python3.11/dist-packages/opentelemetry/instrumentation/fastapi/__init__.py:307:
_ _ _ _ _ _ _ _ _ _ _ _ _ _ _ _ _ _ _ _ _ _ _ _ _ _ _ _ _ _ _ _ _ _ _ _ _ _ _ _

self = &lt;starlette.middleware.cors.CORSMiddleware object at 0x7f8821c16550&gt;
scope = {'app': &lt;fastapi.applications.FastAPI object at 0x7f89152a8290&gt;, 'asgi': {'version': '3.0'}, 'client': ('127.0.0.1', 123), 'endpoint': &lt;function close_position at 0x7f89153dc220&gt;, ...}
receive = &lt;function ASGITransport.handle_async_request.&lt;locals&gt;.receive at 0x7f881e319440&gt;
send = &lt;function ServerErrorMiddleware.__call__.&lt;locals&gt;._send at 0x7f881e31ae80&gt;

    async def __call__(self, scope: Scope, receive: Receive, send: Send) -&gt; None:
        if scope["type"] != "http":  # pragma: no cover
            await self.app(scope, receive, send)
            return

        method = scope["method"]
        headers = Headers(scope=scope)
        origin = headers.get("origin")

        if origin is None:
&gt;           await self.app(scope, receive, send)

/usr/local/lib/python3.11/dist-packages/starlette/middleware/cors.py:88:
_ _ _ _ _ _ _ _ _ _ _ _ _ _ _ _ _ _ _ _ _ _ _ _ _ _ _ _ _ _ _ _ _ _ _ _ _ _ _ _

self = &lt;core.middleware.setup_security_headers.&lt;locals&gt;._SecurityHeaders object at 0x7f8821c15450&gt;
scope = {'app': &lt;fastapi.applications.FastAPI object at 0x7f89152a8290&gt;, 'asgi': {'version': '3.0'}, 'client': ('127.0.0.1', 123), 'endpoint': &lt;function close_position at 0x7f89153dc220&gt;, ...}
receive = &lt;function ASGITransport.handle_async_request.&lt;locals&gt;.receive at 0x7f881e319440&gt;
send = &lt;function ServerErrorMiddleware.__call__.&lt;locals&gt;._send at 0x7f881e31ae80&gt;

    async def __call__(self, scope: Scope, receive: Receive, send: Send) -&gt; None:
        if scope["type"] != "http":
            await self.app(scope, receive, send)
            return

        request = _CachedRequest(scope, receive)
        wrapped_receive = request.wrapped_receive
        response_sent = anyio.Event()
        app_exc: Exception | None = None
        exception_already_raised = False

        async def call_next(request: Request) -&gt; Response:
            async def receive_or_disconnect() -&gt; Message:
                if response_sent.is_set():
                    return {"type": "http.disconnect"}

                async with anyio.create_task_group() as task_group:

                    async def wrap(func: Callable[[], Awaitable[T]]) -&gt; T:
                        result = await func()
                        task_group.cancel_scope.cancel()
                        return result

                    task_group.start_soon(wrap, response_sent.wait)
                    message = await wrap(wrapped_receive)

                if response_sent.is_set():
                    return {"type": "http.disconnect"}

                return message

            async def send_no_error(message: Message) -&gt; None:
                try:
                    await send_stream.send(message)
                except anyio.BrokenResourceError:
                    # recv_stream has been closed, i.e. response_sent has been set.
                    return

            async def coro() -&gt; None:
                nonlocal app_exc

                with send_stream:
                    try:
                        await self.app(scope, receive_or_disconnect, send_no_error)
                    except Exception as exc:
                        app_exc = exc

            task_group.start_soon(coro)

            try:
                message = await recv_stream.receive()
                info = message.get("info", None)
                if message["type"] == "http.response.debug" and info is not None:
                    message = await recv_stream.receive()
            except anyio.EndOfStream:
                if app_exc is not None:
                    nonlocal exception_already_raised
                    exception_already_raised = True
                    # Prevent `anyio.EndOfStream` from polluting app exception context.
                    # If both cause and context are None then the context is suppressed
                    # and `anyio.EndOfStream` is not present in the exception traceback.
                    # If exception cause is not None then it is propagated with
                    # reraising here.
                    # If exception has no cause but has context set then the context is
                    # propagated as a cause with the reraise. This is necessary in order
                    # to prevent `anyio.EndOfStream` from polluting the exception
                    # context.
                    raise app_exc from app_exc.__cause__ or app_exc.__context__
                raise RuntimeError("No response returned.")

            assert message["type"] == "http.response.start"

            async def body_stream() -&gt; BodyStreamGenerator:
                async for message in recv_stream:
                    if message["type"] == "http.response.pathsend":
                        yield message
                        break
                    assert message["type"] == "http.response.body", f"Unexpected message: {message}"
                    body = message.get("body", b"")
                    if body:
                        yield body
                    if not message.get("more_body", False):
                        break

            response = _StreamingResponse(status_code=message["status"], content=body_stream(), info=info)
            response.raw_headers = message["headers"]
            return response

        streams: anyio.create_memory_object_stream[Message] = anyio.create_memory_object_stream()
        send_stream, recv_stream = streams
&gt;       with recv_stream, send_stream, collapse_excgroups():

/usr/local/lib/python3.11/dist-packages/starlette/middleware/base.py:191:
_ _ _ _ _ _ _ _ _ _ _ _ _ _ _ _ _ _ _ _ _ _ _ _ _ _ _ _ _ _ _ _ _ _ _ _ _ _ _ _

self = &lt;contextlib._GeneratorContextManager object at 0x7f881e1e5210&gt;
typ = &lt;class 'ExceptionGroup'&gt;
value = ExceptionGroup('unhandled errors in a TaskGroup', [AttributeError("'_MinimalState' object has no attribute 'db_session_factory'")])
traceback = &lt;traceback object at 0x7f881e1e7cc0&gt;

    def __exit__(self, typ, value, traceback):
        if typ is None:
            try:
                next(self.gen)
            except StopIteration:
                return False
            else:
                try:
                    raise RuntimeError("generator didn't stop")
                finally:
                    self.gen.close()
        else:
            if value is None:
                # Need to force instantiation so we can reliably
                # tell if we get the same exception back
                value = typ()
            try:
&gt;               self.gen.throw(typ, value, traceback)

/usr/lib/python3.11/contextlib.py:158:
_ _ _ _ _ _ _ _ _ _ _ _ _ _ _ _ _ _ _ _ _ _ _ _ _ _ _ _ _ _ _ _ _ _ _ _ _ _ _ _

    @contextmanager
    def collapse_excgroups() -&gt; Generator[None, None, None]:
        try:
            yield
        except BaseException as exc:
            if has_exceptiongroups:  # pragma: no cover
                while isinstance(exc, BaseExceptionGroup) and len(exc.exceptions) == 1:
                    exc = exc.exceptions[0]

&gt;           raise exc

/usr/local/lib/python3.11/dist-packages/starlette/_utils.py:87:
_ _ _ _ _ _ _ _ _ _ _ _ _ _ _ _ _ _ _ _ _ _ _ _ _ _ _ _ _ _ _ _ _ _ _ _ _ _ _ _

self = &lt;core.middleware.setup_security_headers.&lt;locals&gt;._SecurityHeaders object at 0x7f8821c15450&gt;
scope = {'app': &lt;fastapi.applications.FastAPI object at 0x7f89152a8290&gt;, 'asgi': {'version': '3.0'}, 'client': ('127.0.0.1', 123), 'endpoint': &lt;function close_position at 0x7f89153dc220&gt;, ...}
receive = &lt;function ASGITransport.handle_async_request.&lt;locals&gt;.receive at 0x7f881e319440&gt;
send = &lt;function ServerErrorMiddleware.__call__.&lt;locals&gt;._send at 0x7f881e31ae80&gt;

    async def __call__(self, scope: Scope, receive: Receive, send: Send) -&gt; None:
        if scope["type"] != "http":
            await self.app(scope, receive, send)
            return

        request = _CachedRequest(scope, receive)
        wrapped_receive = request.wrapped_receive
        response_sent = anyio.Event()
        app_exc: Exception | None = None
        exception_already_raised = False

        async def call_next(request: Request) -&gt; Response:
            async def receive_or_disconnect() -&gt; Message:
                if response_sent.is_set():
                    return {"type": "http.disconnect"}

                async with anyio.create_task_group() as task_group:

                    async def wrap(func: Callable[[], Awaitable[T]]) -&gt; T:
                        result = await func()
                        task_group.cancel_scope.cancel()
                        return result

                    task_group.start_soon(wrap, response_sent.wait)
                    message = await wrap(wrapped_receive)

                if response_sent.is_set():
                    return {"type": "http.disconnect"}

                return message

            async def send_no_error(message: Message) -&gt; None:
                try:
                    await send_stream.send(message)
                except anyio.BrokenResourceError:
                    # recv_stream has been closed, i.e. response_sent has been set.
                    return

            async def coro() -&gt; None:
                nonlocal app_exc

                with send_stream:
                    try:
                        await self.app(scope, receive_or_disconnect, send_no_error)
                    except Exception as exc:
                        app_exc = exc

            task_group.start_soon(coro)

            try:
                message = await recv_stream.receive()
                info = message.get("info", None)
                if message["type"] == "http.response.debug" and info is not None:
                    message = await recv_stream.receive()
            except anyio.EndOfStream:
                if app_exc is not None:
                    nonlocal exception_already_raised
                    exception_already_raised = True
                    # Prevent `anyio.EndOfStream` from polluting app exception context.
                    # If both cause and context are None then the context is suppressed
                    # and `anyio.EndOfStream` is not present in the exception traceback.
                    # If exception cause is not None then it is propagated with
                    # reraising here.
                    # If exception has no cause but has context set then the context is
                    # propagated as a cause with the reraise. This is necessary in order
                    # to prevent `anyio.EndOfStream` from polluting the exception
                    # context.
                    raise app_exc from app_exc.__cause__ or app_exc.__context__
                raise RuntimeError("No response returned.")

            assert message["type"] == "http.response.start"

            async def body_stream() -&gt; BodyStreamGenerator:
                async for message in recv_stream:
                    if message["type"] == "http.response.pathsend":
                        yield message
                        break
                    assert message["type"] == "http.response.body", f"Unexpected message: {message}"
                    body = message.get("body", b"")
                    if body:
                        yield body
                    if not message.get("more_body", False):
                        break

            response = _StreamingResponse(status_code=message["status"], content=body_stream(), info=info)
            response.raw_headers = message["headers"]
            return response

        streams: anyio.create_memory_object_stream[Message] = anyio.create_memory_object_stream()
        send_stream, recv_stream = streams
        with recv_stream, send_stream, collapse_excgroups():
            async with anyio.create_task_group() as task_group:
&gt;               response = await self.dispatch_func(request, call_next)
                           ^^^^^^^^^^^^^^^^^^^^^^^^^^^^^^^^^^^^^^^^^^^^

/usr/local/lib/python3.11/dist-packages/starlette/middleware/base.py:193:
_ _ _ _ _ _ _ _ _ _ _ _ _ _ _ _ _ _ _ _ _ _ _ _ _ _ _ _ _ _ _ _ _ _ _ _ _ _ _ _

self = &lt;core.middleware.setup_security_headers.&lt;locals&gt;._SecurityHeaders object at 0x7f8821c15450&gt;
request = &lt;starlette.middleware.base._CachedRequest object at 0x7f881e208750&gt;
call_next = &lt;function BaseHTTPMiddleware.__call__.&lt;locals&gt;.call_next at 0x7f881e318f40&gt;

    async def dispatch(self, request: _Req, call_next):
        # Generate or propagate a request ID for distributed tracing
        req_id = request.headers.get("X-Request-ID") or str(uuid.uuid4())

&gt;       response = await call_next(request)
                   ^^^^^^^^^^^^^^^^^^^^^^^^

core/middleware.py:186:
_ _ _ _ _ _ _ _ _ _ _ _ _ _ _ _ _ _ _ _ _ _ _ _ _ _ _ _ _ _ _ _ _ _ _ _ _ _ _ _

request = &lt;starlette.middleware.base._CachedRequest object at 0x7f881e208750&gt;

    async def call_next(request: Request) -&gt; Response:
        async def receive_or_disconnect() -&gt; Message:
            if response_sent.is_set():
                return {"type": "http.disconnect"}

            async with anyio.create_task_group() as task_group:

                async def wrap(func: Callable[[], Awaitable[T]]) -&gt; T:
                    result = await func()
                    task_group.cancel_scope.cancel()
                    return result

                task_group.start_soon(wrap, response_sent.wait)
                message = await wrap(wrapped_receive)

            if response_sent.is_set():
                return {"type": "http.disconnect"}

            return message

        async def send_no_error(message: Message) -&gt; None:
            try:
                await send_stream.send(message)
            except anyio.BrokenResourceError:
                # recv_stream has been closed, i.e. response_sent has been set.
                return

        async def coro() -&gt; None:
            nonlocal app_exc

            with send_stream:
                try:
                    await self.app(scope, receive_or_disconnect, send_no_error)
                except Exception as exc:
                    app_exc = exc

        task_group.start_soon(coro)

        try:
            message = await recv_stream.receive()
            info = message.get("info", None)
            if message["type"] == "http.response.debug" and info is not None:
                message = await recv_stream.receive()
        except anyio.EndOfStream:
            if app_exc is not None:
                nonlocal exception_already_raised
                exception_already_raised = True
                # Prevent `anyio.EndOfStream` from polluting app exception context.
                # If both cause and context are None then the context is suppressed
                # and `anyio.EndOfStream` is not present in the exception traceback.
                # If exception cause is not None then it is propagated with
                # reraising here.
                # If exception has no cause but has context set then the context is
                # propagated as a cause with the reraise. This is necessary in order
                # to prevent `anyio.EndOfStream` from polluting the exception
                # context.
&gt;               raise app_exc from app_exc.__cause__ or app_exc.__context__

/usr/local/lib/python3.11/dist-packages/starlette/middleware/base.py:168:
_ _ _ _ _ _ _ _ _ _ _ _ _ _ _ _ _ _ _ _ _ _ _ _ _ _ _ _ _ _ _ _ _ _ _ _ _ _ _ _

    async def coro() -&gt; None:
        nonlocal app_exc

        with send_stream:
            try:
&gt;               await self.app(scope, receive_or_disconnect, send_no_error)

/usr/local/lib/python3.11/dist-packages/starlette/middleware/base.py:144:
_ _ _ _ _ _ _ _ _ _ _ _ _ _ _ _ _ _ _ _ _ _ _ _ _ _ _ _ _ _ _ _ _ _ _ _ _ _ _ _

self = &lt;starlette.middleware.base.BaseHTTPMiddleware object at 0x7f8821c15310&gt;
scope = {'app': &lt;fastapi.applications.FastAPI object at 0x7f89152a8290&gt;, 'asgi': {'version': '3.0'}, 'client': ('127.0.0.1', 123), 'endpoint': &lt;function close_position at 0x7f89153dc220&gt;, ...}
receive = &lt;function BaseHTTPMiddleware.__call__.&lt;locals&gt;.call_next.&lt;locals&gt;.receive_or_disconnect at 0x7f881e31b060&gt;
send = &lt;function BaseHTTPMiddleware.__call__.&lt;locals&gt;.call_next.&lt;locals&gt;.send_no_error at 0x7f881fcbb9c0&gt;

    async def __call__(self, scope: Scope, receive: Receive, send: Send) -&gt; None:
        if scope["type"] != "http":
            await self.app(scope, receive, send)
            return

        request = _CachedRequest(scope, receive)
        wrapped_receive = request.wrapped_receive
        response_sent = anyio.Event()
        app_exc: Exception | None = None
        exception_already_raised = False

        async def call_next(request: Request) -&gt; Response:
            async def receive_or_disconnect() -&gt; Message:
                if response_sent.is_set():
                    return {"type": "http.disconnect"}

                async with anyio.create_task_group() as task_group:

                    async def wrap(func: Callable[[], Awaitable[T]]) -&gt; T:
                        result = await func()
                        task_group.cancel_scope.cancel()
                        return result

                    task_group.start_soon(wrap, response_sent.wait)
                    message = await wrap(wrapped_receive)

                if response_sent.is_set():
                    return {"type": "http.disconnect"}

                return message

            async def send_no_error(message: Message) -&gt; None:
                try:
                    await send_stream.send(message)
                except anyio.BrokenResourceError:
                    # recv_stream has been closed, i.e. response_sent has been set.
                    return

            async def coro() -&gt; None:
                nonlocal app_exc

                with send_stream:
                    try:
                        await self.app(scope, receive_or_disconnect, send_no_error)
                    except Exception as exc:
                        app_exc = exc

            task_group.start_soon(coro)

            try:
                message = await recv_stream.receive()
                info = message.get("info", None)
                if message["type"] == "http.response.debug" and info is not None:
                    message = await recv_stream.receive()
            except anyio.EndOfStream:
                if app_exc is not None:
                    nonlocal exception_already_raised
                    exception_already_raised = True
                    # Prevent `anyio.EndOfStream` from polluting app exception context.
                    # If both cause and context are None then the context is suppressed
                    # and `anyio.EndOfStream` is not present in the exception traceback.
                    # If exception cause is not None then it is propagated with
                    # reraising here.
                    # If exception has no cause but has context set then the context is
                    # propagated as a cause with the reraise. This is necessary in order
                    # to prevent `anyio.EndOfStream` from polluting the exception
                    # context.
                    raise app_exc from app_exc.__cause__ or app_exc.__context__
                raise RuntimeError("No response returned.")

            assert message["type"] == "http.response.start"

            async def body_stream() -&gt; BodyStreamGenerator:
                async for message in recv_stream:
                    if message["type"] == "http.response.pathsend":
                        yield message
                        break
                    assert message["type"] == "http.response.body", f"Unexpected message: {message}"
                    body = message.get("body", b"")
                    if body:
                        yield body
                    if not message.get("more_body", False):
                        break

            response = _StreamingResponse(status_code=message["status"], content=body_stream(), info=info)
            response.raw_headers = message["headers"]
            return response

        streams: anyio.create_memory_object_stream[Message] = anyio.create_memory_object_stream()
        send_stream, recv_stream = streams
&gt;       with recv_stream, send_stream, collapse_excgroups():

/usr/local/lib/python3.11/dist-packages/starlette/middleware/base.py:191:
_ _ _ _ _ _ _ _ _ _ _ _ _ _ _ _ _ _ _ _ _ _ _ _ _ _ _ _ _ _ _ _ _ _ _ _ _ _ _ _

self = &lt;contextlib._GeneratorContextManager object at 0x7f881e1e7e50&gt;
typ = &lt;class 'ExceptionGroup'&gt;
value = ExceptionGroup('unhandled errors in a TaskGroup', [AttributeError("'_MinimalState' object has no attribute 'db_session_factory'")])
traceback = &lt;traceback object at 0x7f881e1e52c0&gt;

    def __exit__(self, typ, value, traceback):
        if typ is None:
            try:
                next(self.gen)
            except StopIteration:
                return False
            else:
                try:
                    raise RuntimeError("generator didn't stop")
                finally:
                    self.gen.close()
        else:
            if value is None:
                # Need to force instantiation so we can reliably
                # tell if we get the same exception back
                value = typ()
            try:
&gt;               self.gen.throw(typ, value, traceback)

/usr/lib/python3.11/contextlib.py:158:
_ _ _ _ _ _ _ _ _ _ _ _ _ _ _ _ _ _ _ _ _ _ _ _ _ _ _ _ _ _ _ _ _ _ _ _ _ _ _ _

    @contextmanager
    def collapse_excgroups() -&gt; Generator[None, None, None]:
        try:
            yield
        except BaseException as exc:
            if has_exceptiongroups:  # pragma: no cover
                while isinstance(exc, BaseExceptionGroup) and len(exc.exceptions) == 1:
                    exc = exc.exceptions[0]

&gt;           raise exc

/usr/local/lib/python3.11/dist-packages/starlette/_utils.py:87:
_ _ _ _ _ _ _ _ _ _ _ _ _ _ _ _ _ _ _ _ _ _ _ _ _ _ _ _ _ _ _ _ _ _ _ _ _ _ _ _

self = &lt;starlette.middleware.base.BaseHTTPMiddleware object at 0x7f8821c15310&gt;
scope = {'app': &lt;fastapi.applications.FastAPI object at 0x7f89152a8290&gt;, 'asgi': {'version': '3.0'}, 'client': ('127.0.0.1', 123), 'endpoint': &lt;function close_position at 0x7f89153dc220&gt;, ...}
receive = &lt;function BaseHTTPMiddleware.__call__.&lt;locals&gt;.call_next.&lt;locals&gt;.receive_or_disconnect at 0x7f881e31b060&gt;
send = &lt;function BaseHTTPMiddleware.__call__.&lt;locals&gt;.call_next.&lt;locals&gt;.send_no_error at 0x7f881fcbb9c0&gt;

    async def __call__(self, scope: Scope, receive: Receive, send: Send) -&gt; None:
        if scope["type"] != "http":
            await self.app(scope, receive, send)
            return

        request = _CachedRequest(scope, receive)
        wrapped_receive = request.wrapped_receive
        response_sent = anyio.Event()
        app_exc: Exception | None = None
        exception_already_raised = False

        async def call_next(request: Request) -&gt; Response:
            async def receive_or_disconnect() -&gt; Message:
                if response_sent.is_set():
                    return {"type": "http.disconnect"}

                async with anyio.create_task_group() as task_group:

                    async def wrap(func: Callable[[], Awaitable[T]]) -&gt; T:
                        result = await func()
                        task_group.cancel_scope.cancel()
                        return result

                    task_group.start_soon(wrap, response_sent.wait)
                    message = await wrap(wrapped_receive)

                if response_sent.is_set():
                    return {"type": "http.disconnect"}

                return message

            async def send_no_error(message: Message) -&gt; None:
                try:
                    await send_stream.send(message)
                except anyio.BrokenResourceError:
                    # recv_stream has been closed, i.e. response_sent has been set.
                    return

            async def coro() -&gt; None:
                nonlocal app_exc

                with send_stream:
                    try:
                        await self.app(scope, receive_or_disconnect, send_no_error)
                    except Exception as exc:
                        app_exc = exc

            task_group.start_soon(coro)

            try:
                message = await recv_stream.receive()
                info = message.get("info", None)
                if message["type"] == "http.response.debug" and info is not None:
                    message = await recv_stream.receive()
            except anyio.EndOfStream:
                if app_exc is not None:
                    nonlocal exception_already_raised
                    exception_already_raised = True
                    # Prevent `anyio.EndOfStream` from polluting app exception context.
                    # If both cause and context are None then the context is suppressed
                    # and `anyio.EndOfStream` is not present in the exception traceback.
                    # If exception cause is not None then it is propagated with
                    # reraising here.
                    # If exception has no cause but has context set then the context is
                    # propagated as a cause with the reraise. This is necessary in order
                    # to prevent `anyio.EndOfStream` from polluting the exception
                    # context.
                    raise app_exc from app_exc.__cause__ or app_exc.__context__
                raise RuntimeError("No response returned.")

            assert message["type"] == "http.response.start"

            async def body_stream() -&gt; BodyStreamGenerator:
                async for message in recv_stream:
                    if message["type"] == "http.response.pathsend":
                        yield message
                        break
                    assert message["type"] == "http.response.body", f"Unexpected message: {message}"
                    body = message.get("body", b"")
                    if body:
                        yield body
                    if not message.get("more_body", False):
                        break

            response = _StreamingResponse(status_code=message["status"], content=body_stream(), info=info)
            response.raw_headers = message["headers"]
            return response

        streams: anyio.create_memory_object_stream[Message] = anyio.create_memory_object_stream()
        send_stream, recv_stream = streams
        with recv_stream, send_stream, collapse_excgroups():
            async with anyio.create_task_group() as task_group:
&gt;               response = await self.dispatch_func(request, call_next)
                           ^^^^^^^^^^^^^^^^^^^^^^^^^^^^^^^^^^^^^^^^^^^^

/usr/local/lib/python3.11/dist-packages/starlette/middleware/base.py:193:
_ _ _ _ _ _ _ _ _ _ _ _ _ _ _ _ _ _ _ _ _ _ _ _ _ _ _ _ _ _ _ _ _ _ _ _ _ _ _ _

request = &lt;starlette.middleware.base._CachedRequest object at 0x7f881e1e5290&gt;
call_next = &lt;function BaseHTTPMiddleware.__call__.&lt;locals&gt;.call_next at 0x7f881fcbab60&gt;

    async def metrics_middleware(request, call_next):
        start = time.perf_counter()
&gt;       response = await call_next(request)
                   ^^^^^^^^^^^^^^^^^^^^^^^^

core/metrics.py:160:
_ _ _ _ _ _ _ _ _ _ _ _ _ _ _ _ _ _ _ _ _ _ _ _ _ _ _ _ _ _ _ _ _ _ _ _ _ _ _ _

request = &lt;starlette.middleware.base._CachedRequest object at 0x7f881e1e5290&gt;

    async def call_next(request: Request) -&gt; Response:
        async def receive_or_disconnect() -&gt; Message:
            if response_sent.is_set():
                return {"type": "http.disconnect"}

            async with anyio.create_task_group() as task_group:

                async def wrap(func: Callable[[], Awaitable[T]]) -&gt; T:
                    result = await func()
                    task_group.cancel_scope.cancel()
                    return result

                task_group.start_soon(wrap, response_sent.wait)
                message = await wrap(wrapped_receive)

            if response_sent.is_set():
                return {"type": "http.disconnect"}

            return message

        async def send_no_error(message: Message) -&gt; None:
            try:
                await send_stream.send(message)
            except anyio.BrokenResourceError:
                # recv_stream has been closed, i.e. response_sent has been set.
                return

        async def coro() -&gt; None:
            nonlocal app_exc

            with send_stream:
                try:
                    await self.app(scope, receive_or_disconnect, send_no_error)
                except Exception as exc:
                    app_exc = exc

        task_group.start_soon(coro)

        try:
            message = await recv_stream.receive()
            info = message.get("info", None)
            if message["type"] == "http.response.debug" and info is not None:
                message = await recv_stream.receive()
        except anyio.EndOfStream:
            if app_exc is not None:
                nonlocal exception_already_raised
                exception_already_raised = True
                # Prevent `anyio.EndOfStream` from polluting app exception context.
                # If both cause and context are None then the context is suppressed
                # and `anyio.EndOfStream` is not present in the exception traceback.
                # If exception cause is not None then it is propagated with
                # reraising here.
                # If exception has no cause but has context set then the context is
                # propagated as a cause with the reraise. This is necessary in order
                # to prevent `anyio.EndOfStream` from polluting the exception
                # context.
&gt;               raise app_exc from app_exc.__cause__ or app_exc.__context__

/usr/local/lib/python3.11/dist-packages/starlette/middleware/base.py:168:
_ _ _ _ _ _ _ _ _ _ _ _ _ _ _ _ _ _ _ _ _ _ _ _ _ _ _ _ _ _ _ _ _ _ _ _ _ _ _ _

    async def coro() -&gt; None:
        nonlocal app_exc

        with send_stream:
            try:
&gt;               await self.app(scope, receive_or_disconnect, send_no_error)

/usr/local/lib/python3.11/dist-packages/starlette/middleware/base.py:144:
_ _ _ _ _ _ _ _ _ _ _ _ _ _ _ _ _ _ _ _ _ _ _ _ _ _ _ _ _ _ _ _ _ _ _ _ _ _ _ _

self = &lt;core.middleware.StartupGateMiddleware object at 0x7f881ff31790&gt;
scope = {'app': &lt;fastapi.applications.FastAPI object at 0x7f89152a8290&gt;, 'asgi': {'version': '3.0'}, 'client': ('127.0.0.1', 123), 'endpoint': &lt;function close_position at 0x7f89153dc220&gt;, ...}
receive = &lt;function BaseHTTPMiddleware.__call__.&lt;locals&gt;.call_next.&lt;locals&gt;.receive_or_disconnect at 0x7f881fcb8360&gt;
send = &lt;function BaseHTTPMiddleware.__call__.&lt;locals&gt;.call_next.&lt;locals&gt;.send_no_error at 0x7f881fcba200&gt;

    async def __call__(self, scope: Scope, receive: Receive, send: Send) -&gt; None:
        if scope["type"] != "http":
            await self.app(scope, receive, send)
            return

        request = _CachedRequest(scope, receive)
        wrapped_receive = request.wrapped_receive
        response_sent = anyio.Event()
        app_exc: Exception | None = None
        exception_already_raised = False

        async def call_next(request: Request) -&gt; Response:
            async def receive_or_disconnect() -&gt; Message:
                if response_sent.is_set():
                    return {"type": "http.disconnect"}

                async with anyio.create_task_group() as task_group:

                    async def wrap(func: Callable[[], Awaitable[T]]) -&gt; T:
                        result = await func()
                        task_group.cancel_scope.cancel()
                        return result

                    task_group.start_soon(wrap, response_sent.wait)
                    message = await wrap(wrapped_receive)

                if response_sent.is_set():
                    return {"type": "http.disconnect"}

                return message

            async def send_no_error(message: Message) -&gt; None:
                try:
                    await send_stream.send(message)
                except anyio.BrokenResourceError:
                    # recv_stream has been closed, i.e. response_sent has been set.
                    return

            async def coro() -&gt; None:
                nonlocal app_exc

                with send_stream:
                    try:
                        await self.app(scope, receive_or_disconnect, send_no_error)
                    except Exception as exc:
                        app_exc = exc

            task_group.start_soon(coro)

            try:
                message = await recv_stream.receive()
                info = message.get("info", None)
                if message["type"] == "http.response.debug" and info is not None:
                    message = await recv_stream.receive()
            except anyio.EndOfStream:
                if app_exc is not None:
                    nonlocal exception_already_raised
                    exception_already_raised = True
                    # Prevent `anyio.EndOfStream` from polluting app exception context.
                    # If both cause and context are None then the context is suppressed
                    # and `anyio.EndOfStream` is not present in the exception traceback.
                    # If exception cause is not None then it is propagated with
                    # reraising here.
                    # If exception has no cause but has context set then the context is
                    # propagated as a cause with the reraise. This is necessary in order
                    # to prevent `anyio.EndOfStream` from polluting the exception
                    # context.
                    raise app_exc from app_exc.__cause__ or app_exc.__context__
                raise RuntimeError("No response returned.")

            assert message["type"] == "http.response.start"

            async def body_stream() -&gt; BodyStreamGenerator:
                async for message in recv_stream:
                    if message["type"] == "http.response.pathsend":
                        yield message
                        break
                    assert message["type"] == "http.response.body", f"Unexpected message: {message}"
                    body = message.get("body", b"")
                    if body:
                        yield body
                    if not message.get("more_body", False):
                        break

            response = _StreamingResponse(status_code=message["status"], content=body_stream(), info=info)
            response.raw_headers = message["headers"]
            return response

        streams: anyio.create_memory_object_stream[Message] = anyio.create_memory_object_stream()
        send_stream, recv_stream = streams
&gt;       with recv_stream, send_stream, collapse_excgroups():

/usr/local/lib/python3.11/dist-packages/starlette/middleware/base.py:191:
_ _ _ _ _ _ _ _ _ _ _ _ _ _ _ _ _ _ _ _ _ _ _ _ _ _ _ _ _ _ _ _ _ _ _ _ _ _ _ _

self = &lt;contextlib._GeneratorContextManager object at 0x7f881e1e6a50&gt;
typ = &lt;class 'ExceptionGroup'&gt;
value = ExceptionGroup('unhandled errors in a TaskGroup', [AttributeError("'_MinimalState' object has no attribute 'db_session_factory'")])
traceback = &lt;traceback object at 0x7f881e314840&gt;

    def __exit__(self, typ, value, traceback):
        if typ is None:
            try:
                next(self.gen)
            except StopIteration:
                return False
            else:
                try:
                    raise RuntimeError("generator didn't stop")
                finally:
                    self.gen.close()
        else:
            if value is None:
                # Need to force instantiation so we can reliably
                # tell if we get the same exception back
                value = typ()
            try:
&gt;               self.gen.throw(typ, value, traceback)

/usr/lib/python3.11/contextlib.py:158:
_ _ _ _ _ _ _ _ _ _ _ _ _ _ _ _ _ _ _ _ _ _ _ _ _ _ _ _ _ _ _ _ _ _ _ _ _ _ _ _

    @contextmanager
    def collapse_excgroups() -&gt; Generator[None, None, None]:
        try:
            yield
        except BaseException as exc:
            if has_exceptiongroups:  # pragma: no cover
                while isinstance(exc, BaseExceptionGroup) and len(exc.exceptions) == 1:
                    exc = exc.exceptions[0]

&gt;           raise exc

/usr/local/lib/python3.11/dist-packages/starlette/_utils.py:87:
_ _ _ _ _ _ _ _ _ _ _ _ _ _ _ _ _ _ _ _ _ _ _ _ _ _ _ _ _ _ _ _ _ _ _ _ _ _ _ _

self = &lt;core.middleware.StartupGateMiddleware object at 0x7f881ff31790&gt;
scope = {'app': &lt;fastapi.applications.FastAPI object at 0x7f89152a8290&gt;, 'asgi': {'version': '3.0'}, 'client': ('127.0.0.1', 123), 'endpoint': &lt;function close_position at 0x7f89153dc220&gt;, ...}
receive = &lt;function BaseHTTPMiddleware.__call__.&lt;locals&gt;.call_next.&lt;locals&gt;.receive_or_disconnect at 0x7f881fcb8360&gt;
send = &lt;function BaseHTTPMiddleware.__call__.&lt;locals&gt;.call_next.&lt;locals&gt;.send_no_error at 0x7f881fcba200&gt;

    async def __call__(self, scope: Scope, receive: Receive, send: Send) -&gt; None:
        if scope["type"] != "http":
            await self.app(scope, receive, send)
            return

        request = _CachedRequest(scope, receive)
        wrapped_receive = request.wrapped_receive
        response_sent = anyio.Event()
        app_exc: Exception | None = None
        exception_already_raised = False

        async def call_next(request: Request) -&gt; Response:
            async def receive_or_disconnect() -&gt; Message:
                if response_sent.is_set():
                    return {"type": "http.disconnect"}

                async with anyio.create_task_group() as task_group:

                    async def wrap(func: Callable[[], Awaitable[T]]) -&gt; T:
                        result = await func()
                        task_group.cancel_scope.cancel()
                        return result

                    task_group.start_soon(wrap, response_sent.wait)
                    message = await wrap(wrapped_receive)

                if response_sent.is_set():
                    return {"type": "http.disconnect"}

                return message

            async def send_no_error(message: Message) -&gt; None:
                try:
                    await send_stream.send(message)
                except anyio.BrokenResourceError:
                    # recv_stream has been closed, i.e. response_sent has been set.
                    return

            async def coro() -&gt; None:
                nonlocal app_exc

                with send_stream:
                    try:
                        await self.app(scope, receive_or_disconnect, send_no_error)
                    except Exception as exc:
                        app_exc = exc

            task_group.start_soon(coro)

            try:
                message = await recv_stream.receive()
                info = message.get("info", None)
                if message["type"] == "http.response.debug" and info is not None:
                    message = await recv_stream.receive()
            except anyio.EndOfStream:
                if app_exc is not None:
                    nonlocal exception_already_raised
                    exception_already_raised = True
                    # Prevent `anyio.EndOfStream` from polluting app exception context.
                    # If both cause and context are None then the context is suppressed
                    # and `anyio.EndOfStream` is not present in the exception traceback.
                    # If exception cause is not None then it is propagated with
                    # reraising here.
                    # If exception has no cause but has context set then the context is
                    # propagated as a cause with the reraise. This is necessary in order
                    # to prevent `anyio.EndOfStream` from polluting the exception
                    # context.
                    raise app_exc from app_exc.__cause__ or app_exc.__context__
                raise RuntimeError("No response returned.")

            assert message["type"] == "http.response.start"

            async def body_stream() -&gt; BodyStreamGenerator:
                async for message in recv_stream:
                    if message["type"] == "http.response.pathsend":
                        yield message
                        break
                    assert message["type"] == "http.response.body", f"Unexpected message: {message}"
                    body = message.get("body", b"")
                    if body:
                        yield body
                    if not message.get("more_body", False):
                        break

            response = _StreamingResponse(status_code=message["status"], content=body_stream(), info=info)
            response.raw_headers = message["headers"]
            return response

        streams: anyio.create_memory_object_stream[Message] = anyio.create_memory_object_stream()
        send_stream, recv_stream = streams
        with recv_stream, send_stream, collapse_excgroups():
            async with anyio.create_task_group() as task_group:
&gt;               response = await self.dispatch_func(request, call_next)
                           ^^^^^^^^^^^^^^^^^^^^^^^^^^^^^^^^^^^^^^^^^^^^

/usr/local/lib/python3.11/dist-packages/starlette/middleware/base.py:193:
_ _ _ _ _ _ _ _ _ _ _ _ _ _ _ _ _ _ _ _ _ _ _ _ _ _ _ _ _ _ _ _ _ _ _ _ _ _ _ _

self = &lt;core.middleware.StartupGateMiddleware object at 0x7f881ff31790&gt;
request = &lt;starlette.middleware.base._CachedRequest object at 0x7f881e1e48d0&gt;
call_next = &lt;function BaseHTTPMiddleware.__call__.&lt;locals&gt;.call_next at 0x7f881e1cf4c0&gt;

    async def dispatch(self, request: Request, call_next):  # type: ignore[override]
        if os.getenv("STARTUP_GATE", "true").lower() in ("false", "0", "no"):
&gt;           return await call_next(request)
                   ^^^^^^^^^^^^^^^^^^^^^^^^

core/middleware.py:396:
_ _ _ _ _ _ _ _ _ _ _ _ _ _ _ _ _ _ _ _ _ _ _ _ _ _ _ _ _ _ _ _ _ _ _ _ _ _ _ _

request = &lt;starlette.middleware.base._CachedRequest object at 0x7f881e1e48d0&gt;

    async def call_next(request: Request) -&gt; Response:
        async def receive_or_disconnect() -&gt; Message:
            if response_sent.is_set():
                return {"type": "http.disconnect"}

            async with anyio.create_task_group() as task_group:

                async def wrap(func: Callable[[], Awaitable[T]]) -&gt; T:
                    result = await func()
                    task_group.cancel_scope.cancel()
                    return result

                task_group.start_soon(wrap, response_sent.wait)
                message = await wrap(wrapped_receive)

            if response_sent.is_set():
                return {"type": "http.disconnect"}

            return message

        async def send_no_error(message: Message) -&gt; None:
            try:
                await send_stream.send(message)
            except anyio.BrokenResourceError:
                # recv_stream has been closed, i.e. response_sent has been set.
                return

        async def coro() -&gt; None:
            nonlocal app_exc

            with send_stream:
                try:
                    await self.app(scope, receive_or_disconnect, send_no_error)
                except Exception as exc:
                    app_exc = exc

        task_group.start_soon(coro)

        try:
            message = await recv_stream.receive()
            info = message.get("info", None)
            if message["type"] == "http.response.debug" and info is not None:
                message = await recv_stream.receive()
        except anyio.EndOfStream:
            if app_exc is not None:
                nonlocal exception_already_raised
                exception_already_raised = True
                # Prevent `anyio.EndOfStream` from polluting app exception context.
                # If both cause and context are None then the context is suppressed
                # and `anyio.EndOfStream` is not present in the exception traceback.
                # If exception cause is not None then it is propagated with
                # reraising here.
                # If exception has no cause but has context set then the context is
                # propagated as a cause with the reraise. This is necessary in order
                # to prevent `anyio.EndOfStream` from polluting the exception
                # context.
&gt;               raise app_exc from app_exc.__cause__ or app_exc.__context__

/usr/local/lib/python3.11/dist-packages/starlette/middleware/base.py:168:
_ _ _ _ _ _ _ _ _ _ _ _ _ _ _ _ _ _ _ _ _ _ _ _ _ _ _ _ _ _ _ _ _ _ _ _ _ _ _ _

    async def coro() -&gt; None:
        nonlocal app_exc

        with send_stream:
            try:
&gt;               await self.app(scope, receive_or_disconnect, send_no_error)

/usr/local/lib/python3.11/dist-packages/starlette/middleware/base.py:144:
_ _ _ _ _ _ _ _ _ _ _ _ _ _ _ _ _ _ _ _ _ _ _ _ _ _ _ _ _ _ _ _ _ _ _ _ _ _ _ _

self = &lt;api.tracing.TracingMiddleware object at 0x7f88200471d0&gt;
scope = {'app': &lt;fastapi.applications.FastAPI object at 0x7f89152a8290&gt;, 'asgi': {'version': '3.0'}, 'client': ('127.0.0.1', 123), 'endpoint': &lt;function close_position at 0x7f89153dc220&gt;, ...}
receive = &lt;function BaseHTTPMiddleware.__call__.&lt;locals&gt;.call_next.&lt;locals&gt;.receive_or_disconnect at 0x7f881e1cef20&gt;
send = &lt;function BaseHTTPMiddleware.__call__.&lt;locals&gt;.call_next.&lt;locals&gt;.send_no_error at 0x7f881e1cfce0&gt;

    async def __call__(self, scope: Scope, receive: Receive, send: Send) -&gt; None:
        if scope["type"] != "http":
            await self.app(scope, receive, send)
            return

        request = _CachedRequest(scope, receive)
        wrapped_receive = request.wrapped_receive
        response_sent = anyio.Event()
        app_exc: Exception | None = None
        exception_already_raised = False

        async def call_next(request: Request) -&gt; Response:
            async def receive_or_disconnect() -&gt; Message:
                if response_sent.is_set():
                    return {"type": "http.disconnect"}

                async with anyio.create_task_group() as task_group:

                    async def wrap(func: Callable[[], Awaitable[T]]) -&gt; T:
                        result = await func()
                        task_group.cancel_scope.cancel()
                        return result

                    task_group.start_soon(wrap, response_sent.wait)
                    message = await wrap(wrapped_receive)

                if response_sent.is_set():
                    return {"type": "http.disconnect"}

                return message

            async def send_no_error(message: Message) -&gt; None:
                try:
                    await send_stream.send(message)
                except anyio.BrokenResourceError:
                    # recv_stream has been closed, i.e. response_sent has been set.
                    return

            async def coro() -&gt; None:
                nonlocal app_exc

                with send_stream:
                    try:
                        await self.app(scope, receive_or_disconnect, send_no_error)
                    except Exception as exc:
                        app_exc = exc

            task_group.start_soon(coro)

            try:
                message = await recv_stream.receive()
                info = message.get("info", None)
                if message["type"] == "http.response.debug" and info is not None:
                    message = await recv_stream.receive()
            except anyio.EndOfStream:
                if app_exc is not None:
                    nonlocal exception_already_raised
                    exception_already_raised = True
                    # Prevent `anyio.EndOfStream` from polluting app exception context.
                    # If both cause and context are None then the context is suppressed
                    # and `anyio.EndOfStream` is not present in the exception traceback.
                    # If exception cause is not None then it is propagated with
                    # reraising here.
                    # If exception has no cause but has context set then the context is
                    # propagated as a cause with the reraise. This is necessary in order
                    # to prevent `anyio.EndOfStream` from polluting the exception
                    # context.
                    raise app_exc from app_exc.__cause__ or app_exc.__context__
                raise RuntimeError("No response returned.")

            assert message["type"] == "http.response.start"

            async def body_stream() -&gt; BodyStreamGenerator:
                async for message in recv_stream:
                    if message["type"] == "http.response.pathsend":
                        yield message
                        break
                    assert message["type"] == "http.response.body", f"Unexpected message: {message}"
                    body = message.get("body", b"")
                    if body:
                        yield body
                    if not message.get("more_body", False):
                        break

            response = _StreamingResponse(status_code=message["status"], content=body_stream(), info=info)
            response.raw_headers = message["headers"]
            return response

        streams: anyio.create_memory_object_stream[Message] = anyio.create_memory_object_stream()
        send_stream, recv_stream = streams
&gt;       with recv_stream, send_stream, collapse_excgroups():

/usr/local/lib/python3.11/dist-packages/starlette/middleware/base.py:191:
_ _ _ _ _ _ _ _ _ _ _ _ _ _ _ _ _ _ _ _ _ _ _ _ _ _ _ _ _ _ _ _ _ _ _ _ _ _ _ _

self = &lt;contextlib._GeneratorContextManager object at 0x7f881e1fce90&gt;
typ = &lt;class 'ExceptionGroup'&gt;
value = ExceptionGroup('unhandled errors in a TaskGroup', [AttributeError("'_MinimalState' object has no attribute 'db_session_factory'")])
traceback = &lt;traceback object at 0x7f882157adc0&gt;

    def __exit__(self, typ, value, traceback):
        if typ is None:
            try:
                next(self.gen)
            except StopIteration:
                return False
            else:
                try:
                    raise RuntimeError("generator didn't stop")
                finally:
                    self.gen.close()
        else:
            if value is None:
                # Need to force instantiation so we can reliably
                # tell if we get the same exception back
                value = typ()
            try:
&gt;               self.gen.throw(typ, value, traceback)

/usr/lib/python3.11/contextlib.py:158:
_ _ _ _ _ _ _ _ _ _ _ _ _ _ _ _ _ _ _ _ _ _ _ _ _ _ _ _ _ _ _ _ _ _ _ _ _ _ _ _

    @contextmanager
    def collapse_excgroups() -&gt; Generator[None, None, None]:
        try:
            yield
        except BaseException as exc:
            if has_exceptiongroups:  # pragma: no cover
                while isinstance(exc, BaseExceptionGroup) and len(exc.exceptions) == 1:
                    exc = exc.exceptions[0]

&gt;           raise exc

/usr/local/lib/python3.11/dist-packages/starlette/_utils.py:87:
_ _ _ _ _ _ _ _ _ _ _ _ _ _ _ _ _ _ _ _ _ _ _ _ _ _ _ _ _ _ _ _ _ _ _ _ _ _ _ _

self = &lt;api.tracing.TracingMiddleware object at 0x7f88200471d0&gt;
scope = {'app': &lt;fastapi.applications.FastAPI object at 0x7f89152a8290&gt;, 'asgi': {'version': '3.0'}, 'client': ('127.0.0.1', 123), 'endpoint': &lt;function close_position at 0x7f89153dc220&gt;, ...}
receive = &lt;function BaseHTTPMiddleware.__call__.&lt;locals&gt;.call_next.&lt;locals&gt;.receive_or_disconnect at 0x7f881e1cef20&gt;
send = &lt;function BaseHTTPMiddleware.__call__.&lt;locals&gt;.call_next.&lt;locals&gt;.send_no_error at 0x7f881e1cfce0&gt;

    async def __call__(self, scope: Scope, receive: Receive, send: Send) -&gt; None:
        if scope["type"] != "http":
            await self.app(scope, receive, send)
            return

        request = _CachedRequest(scope, receive)
        wrapped_receive = request.wrapped_receive
        response_sent = anyio.Event()
        app_exc: Exception | None = None
        exception_already_raised = False

        async def call_next(request: Request) -&gt; Response:
            async def receive_or_disconnect() -&gt; Message:
                if response_sent.is_set():
                    return {"type": "http.disconnect"}

                async with anyio.create_task_group() as task_group:

                    async def wrap(func: Callable[[], Awaitable[T]]) -&gt; T:
                        result = await func()
                        task_group.cancel_scope.cancel()
                        return result

                    task_group.start_soon(wrap, response_sent.wait)
                    message = await wrap(wrapped_receive)

                if response_sent.is_set():
                    return {"type": "http.disconnect"}

                return message

            async def send_no_error(message: Message) -&gt; None:
                try:
                    await send_stream.send(message)
                except anyio.BrokenResourceError:
                    # recv_stream has been closed, i.e. response_sent has been set.
                    return

            async def coro() -&gt; None:
                nonlocal app_exc

                with send_stream:
                    try:
                        await self.app(scope, receive_or_disconnect, send_no_error)
                    except Exception as exc:
                        app_exc = exc

            task_group.start_soon(coro)

            try:
                message = await recv_stream.receive()
                info = message.get("info", None)
                if message["type"] == "http.response.debug" and info is not None:
                    message = await recv_stream.receive()
            except anyio.EndOfStream:
                if app_exc is not None:
                    nonlocal exception_already_raised
                    exception_already_raised = True
                    # Prevent `anyio.EndOfStream` from polluting app exception context.
                    # If both cause and context are None then the context is suppressed
                    # and `anyio.EndOfStream` is not present in the exception traceback.
                    # If exception cause is not None then it is propagated with
                    # reraising here.
                    # If exception has no cause but has context set then the context is
                    # propagated as a cause with the reraise. This is necessary in order
                    # to prevent `anyio.EndOfStream` from polluting the exception
                    # context.
                    raise app_exc from app_exc.__cause__ or app_exc.__context__
                raise RuntimeError("No response returned.")

            assert message["type"] == "http.response.start"

            async def body_stream() -&gt; BodyStreamGenerator:
                async for message in recv_stream:
                    if message["type"] == "http.response.pathsend":
                        yield message
                        break
                    assert message["type"] == "http.response.body", f"Unexpected message: {message}"
                    body = message.get("body", b"")
                    if body:
                        yield body
                    if not message.get("more_body", False):
                        break

            response = _StreamingResponse(status_code=message["status"], content=body_stream(), info=info)
            response.raw_headers = message["headers"]
            return response

        streams: anyio.create_memory_object_stream[Message] = anyio.create_memory_object_stream()
        send_stream, recv_stream = streams
        with recv_stream, send_stream, collapse_excgroups():
            async with anyio.create_task_group() as task_group:
&gt;               response = await self.dispatch_func(request, call_next)
                           ^^^^^^^^^^^^^^^^^^^^^^^^^^^^^^^^^^^^^^^^^^^^

/usr/local/lib/python3.11/dist-packages/starlette/middleware/base.py:193:
_ _ _ _ _ _ _ _ _ _ _ _ _ _ _ _ _ _ _ _ _ _ _ _ _ _ _ _ _ _ _ _ _ _ _ _ _ _ _ _

self = &lt;api.tracing.TracingMiddleware object at 0x7f88200471d0&gt;
request = &lt;starlette.middleware.base._CachedRequest object at 0x7f881e34c2d0&gt;
call_next = &lt;function BaseHTTPMiddleware.__call__.&lt;locals&gt;.call_next at 0x7f881e1cf420&gt;

    async def dispatch(
        self,
        request: Request,
        call_next: RequestResponseEndpoint,
    ) -&gt; Response:
        """Wrap each request in an OTel span."""
        tracer = get_tracer("hopefx.middleware")
        span_name = f"http.{request.method.lower()} {request.url.path}"

        t0 = time.perf_counter()
        trace_id, span_id = _current_trace_span_ids()

        try:
            if _OTEL_AVAILABLE:
                with tracer.start_as_current_span(span_name) as span:
                    span.set_attribute("http.method", request.method)
                    span.set_attribute("http.url", str(request.url))
                    span.set_attribute("http.path", request.url.path)
&gt;                   response: Response = await call_next(request)
                                         ^^^^^^^^^^^^^^^^^^^^^^^^

api/tracing.py:271:
_ _ _ _ _ _ _ _ _ _ _ _ _ _ _ _ _ _ _ _ _ _ _ _ _ _ _ _ _ _ _ _ _ _ _ _ _ _ _ _

request = &lt;starlette.middleware.base._CachedRequest object at 0x7f881e34c2d0&gt;

    async def call_next(request: Request) -&gt; Response:
        async def receive_or_disconnect() -&gt; Message:
            if response_sent.is_set():
                return {"type": "http.disconnect"}

            async with anyio.create_task_group() as task_group:

                async def wrap(func: Callable[[], Awaitable[T]]) -&gt; T:
                    result = await func()
                    task_group.cancel_scope.cancel()
                    return result

                task_group.start_soon(wrap, response_sent.wait)
                message = await wrap(wrapped_receive)

            if response_sent.is_set():
                return {"type": "http.disconnect"}

            return message

        async def send_no_error(message: Message) -&gt; None:
            try:
                await send_stream.send(message)
            except anyio.BrokenResourceError:
                # recv_stream has been closed, i.e. response_sent has been set.
                return

        async def coro() -&gt; None:
            nonlocal app_exc

            with send_stream:
                try:
                    await self.app(scope, receive_or_disconnect, send_no_error)
                except Exception as exc:
                    app_exc = exc

        task_group.start_soon(coro)

        try:
            message = await recv_stream.receive()
            info = message.get("info", None)
            if message["type"] == "http.response.debug" and info is not None:
                message = await recv_stream.receive()
        except anyio.EndOfStream:
            if app_exc is not None:
                nonlocal exception_already_raised
                exception_already_raised = True
                # Prevent `anyio.EndOfStream` from polluting app exception context.
                # If both cause and context are None then the context is suppressed
                # and `anyio.EndOfStream` is not present in the exception traceback.
                # If exception cause is not None then it is propagated with
                # reraising here.
                # If exception has no cause but has context set then the context is
                # propagated as a cause with the reraise. This is necessary in order
                # to prevent `anyio.EndOfStream` from polluting the exception
                # context.
&gt;               raise app_exc from app_exc.__cause__ or app_exc.__context__

/usr/local/lib/python3.11/dist-packages/starlette/middleware/base.py:168:
_ _ _ _ _ _ _ _ _ _ _ _ _ _ _ _ _ _ _ _ _ _ _ _ _ _ _ _ _ _ _ _ _ _ _ _ _ _ _ _

    async def coro() -&gt; None:
        nonlocal app_exc

        with send_stream:
            try:
&gt;               await self.app(scope, receive_or_disconnect, send_no_error)

/usr/local/lib/python3.11/dist-packages/starlette/middleware/base.py:144:
_ _ _ _ _ _ _ _ _ _ _ _ _ _ _ _ _ _ _ _ _ _ _ _ _ _ _ _ _ _ _ _ _ _ _ _ _ _ _ _

self = &lt;starlette.middleware.exceptions.ExceptionMiddleware object at 0x7f8821c16e50&gt;
scope = {'app': &lt;fastapi.applications.FastAPI object at 0x7f89152a8290&gt;, 'asgi': {'version': '3.0'}, 'client': ('127.0.0.1', 123), 'endpoint': &lt;function close_position at 0x7f89153dc220&gt;, ...}
receive = &lt;function BaseHTTPMiddleware.__call__.&lt;locals&gt;.call_next.&lt;locals&gt;.receive_or_disconnect at 0x7f881e1cf2e0&gt;
send = &lt;function BaseHTTPMiddleware.__call__.&lt;locals&gt;.call_next.&lt;locals&gt;.send_no_error at 0x7f881e1cfba0&gt;

    async def __call__(self, scope: Scope, receive: Receive, send: Send) -&gt; None:
        if scope["type"] not in ("http", "websocket"):
            await self.app(scope, receive, send)
            return

        scope["starlette.exception_handlers"] = (
            self._exception_handlers,
            self._status_handlers,
        )

        conn: Request | WebSocket
        if scope["type"] == "http":
            conn = Request(scope, receive, send)
        else:
            conn = WebSocket(scope, receive, send)

&gt;       await wrap_app_handling_exceptions(self.app, conn)(scope, receive, send)

/usr/local/lib/python3.11/dist-packages/starlette/middleware/exceptions.py:63:
_ _ _ _ _ _ _ _ _ _ _ _ _ _ _ _ _ _ _ _ _ _ _ _ _ _ _ _ _ _ _ _ _ _ _ _ _ _ _ _

scope = {'app': &lt;fastapi.applications.FastAPI object at 0x7f89152a8290&gt;, 'asgi': {'version': '3.0'}, 'client': ('127.0.0.1', 123), 'endpoint': &lt;function close_position at 0x7f89153dc220&gt;, ...}
receive = &lt;function BaseHTTPMiddleware.__call__.&lt;locals&gt;.call_next.&lt;locals&gt;.receive_or_disconnect at 0x7f881e1cf2e0&gt;
send = &lt;function BaseHTTPMiddleware.__call__.&lt;locals&gt;.call_next.&lt;locals&gt;.send_no_error at 0x7f881e1cfba0&gt;

    async def wrapped_app(scope: Scope, receive: Receive, send: Send) -&gt; None:
        response_started = False

        async def sender(message: Message) -&gt; None:
            nonlocal response_started

            if message["type"] == "http.response.start":
                response_started = True
            await send(message)

        try:
            await app(scope, receive, sender)
        except Exception as exc:
            handler = None

            if isinstance(exc, HTTPException):
                handler = status_handlers.get(exc.status_code)

            if handler is None:
                handler = _lookup_exception_handler(exception_handlers, exc)

            if handler is None:
&gt;               raise exc

/usr/local/lib/python3.11/dist-packages/starlette/_exception_handler.py:53:
_ _ _ _ _ _ _ _ _ _ _ _ _ _ _ _ _ _ _ _ _ _ _ _ _ _ _ _ _ _ _ _ _ _ _ _ _ _ _ _

scope = {'app': &lt;fastapi.applications.FastAPI object at 0x7f89152a8290&gt;, 'asgi': {'version': '3.0'}, 'client': ('127.0.0.1', 123), 'endpoint': &lt;function close_position at 0x7f89153dc220&gt;, ...}
receive = &lt;function BaseHTTPMiddleware.__call__.&lt;locals&gt;.call_next.&lt;locals&gt;.receive_or_disconnect at 0x7f881e1cf2e0&gt;
send = &lt;function BaseHTTPMiddleware.__call__.&lt;locals&gt;.call_next.&lt;locals&gt;.send_no_error at 0x7f881e1cfba0&gt;

    async def wrapped_app(scope: Scope, receive: Receive, send: Send) -&gt; None:
        response_started = False

        async def sender(message: Message) -&gt; None:
            nonlocal response_started

            if message["type"] == "http.response.start":
                response_started = True
            await send(message)

        try:
&gt;           await app(scope, receive, sender)

/usr/local/lib/python3.11/dist-packages/starlette/_exception_handler.py:42:
_ _ _ _ _ _ _ _ _ _ _ _ _ _ _ _ _ _ _ _ _ _ _ _ _ _ _ _ _ _ _ _ _ _ _ _ _ _ _ _

self = &lt;fastapi.middleware.asyncexitstack.AsyncExitStackMiddleware object at 0x7f8821c17050&gt;
scope = {'app': &lt;fastapi.applications.FastAPI object at 0x7f89152a8290&gt;, 'asgi': {'version': '3.0'}, 'client': ('127.0.0.1', 123), 'endpoint': &lt;function close_position at 0x7f89153dc220&gt;, ...}
receive = &lt;function BaseHTTPMiddleware.__call__.&lt;locals&gt;.call_next.&lt;locals&gt;.receive_or_disconnect at 0x7f881e1cf2e0&gt;
send = &lt;function wrap_app_handling_exceptions.&lt;locals&gt;.wrapped_app.&lt;locals&gt;.sender at 0x7f881e1cfa60&gt;

    async def __call__(self, scope: Scope, receive: Receive, send: Send) -&gt; None:
        async with AsyncExitStack() as stack:
            scope[self.context_name] = stack
&gt;           await self.app(scope, receive, send)

/usr/local/lib/python3.11/dist-packages/fastapi/middleware/asyncexitstack.py:18:
_ _ _ _ _ _ _ _ _ _ _ _ _ _ _ _ _ _ _ _ _ _ _ _ _ _ _ _ _ _ _ _ _ _ _ _ _ _ _ _

self = &lt;fastapi.routing.APIRouter object at 0x7f8914be6c10&gt;
scope = {'app': &lt;fastapi.applications.FastAPI object at 0x7f89152a8290&gt;, 'asgi': {'version': '3.0'}, 'client': ('127.0.0.1', 123), 'endpoint': &lt;function close_position at 0x7f89153dc220&gt;, ...}
receive = &lt;function BaseHTTPMiddleware.__call__.&lt;locals&gt;.call_next.&lt;locals&gt;.receive_or_disconnect at 0x7f881e1cf2e0&gt;
send = &lt;function wrap_app_handling_exceptions.&lt;locals&gt;.wrapped_app.&lt;locals&gt;.sender at 0x7f881e1cfa60&gt;

    async def __call__(self, scope: Scope, receive: Receive, send: Send) -&gt; None:
        """
        The main entry point to the Router class.
        """
&gt;       await self.middleware_stack(scope, receive, send)

/usr/local/lib/python3.11/dist-packages/starlette/routing.py:660:
_ _ _ _ _ _ _ _ _ _ _ _ _ _ _ _ _ _ _ _ _ _ _ _ _ _ _ _ _ _ _ _ _ _ _ _ _ _ _ _

self = &lt;fastapi.routing.APIRouter object at 0x7f8914be6c10&gt;
scope = {'app': &lt;fastapi.applications.FastAPI object at 0x7f89152a8290&gt;, 'asgi': {'version': '3.0'}, 'client': ('127.0.0.1', 123), 'endpoint': &lt;function close_position at 0x7f89153dc220&gt;, ...}
receive = &lt;function BaseHTTPMiddleware.__call__.&lt;locals&gt;.call_next.&lt;locals&gt;.receive_or_disconnect at 0x7f881e1cf2e0&gt;
send = &lt;function wrap_app_handling_exceptions.&lt;locals&gt;.wrapped_app.&lt;locals&gt;.sender at 0x7f881e1cfa60&gt;

    async def app(self, scope: Scope, receive: Receive, send: Send) -&gt; None:
        assert scope["type"] in ("http", "websocket", "lifespan")

        if "router" not in scope:
            scope["router"] = self

        if scope["type"] == "lifespan":
            await self.lifespan(scope, receive, send)
            return

        partial = None

        for route in self.routes:
            # Determine if any route matches the incoming scope,
            # and hand over to the matching route if found.
            match, child_scope = route.matches(scope)
            if match == Match.FULL:
                scope.update(child_scope)
&gt;               await route.handle(scope, receive, send)

/usr/local/lib/python3.11/dist-packages/starlette/routing.py:680:
_ _ _ _ _ _ _ _ _ _ _ _ _ _ _ _ _ _ _ _ _ _ _ _ _ _ _ _ _ _ _ _ _ _ _ _ _ _ _ _

self = APIRoute(path='/api/trading/positions/{position_id}', name='close_position', methods=['DELETE'])
scope = {'app': &lt;fastapi.applications.FastAPI object at 0x7f89152a8290&gt;, 'asgi': {'version': '3.0'}, 'client': ('127.0.0.1', 123), 'endpoint': &lt;function close_position at 0x7f89153dc220&gt;, ...}
receive = &lt;function BaseHTTPMiddleware.__call__.&lt;locals&gt;.call_next.&lt;locals&gt;.receive_or_disconnect at 0x7f881e1cf2e0&gt;
send = &lt;function wrap_app_handling_exceptions.&lt;locals&gt;.wrapped_app.&lt;locals&gt;.sender at 0x7f881e1cfa60&gt;

    async def handle(self, scope: Scope, receive: Receive, send: Send) -&gt; None:
        if self.methods and scope["method"] not in self.methods:
            headers = {"Allow": ", ".join(self.methods)}
            if "app" in scope:
                raise HTTPException(status_code=405, headers=headers)
            else:
                response = PlainTextResponse("Method Not Allowed", status_code=405, headers=headers)
            await response(scope, receive, send)
        else:
&gt;           await self.app(scope, receive, send)

/usr/local/lib/python3.11/dist-packages/starlette/routing.py:276:
_ _ _ _ _ _ _ _ _ _ _ _ _ _ _ _ _ _ _ _ _ _ _ _ _ _ _ _ _ _ _ _ _ _ _ _ _ _ _ _

scope = {'app': &lt;fastapi.applications.FastAPI object at 0x7f89152a8290&gt;, 'asgi': {'version': '3.0'}, 'client': ('127.0.0.1', 123), 'endpoint': &lt;function close_position at 0x7f89153dc220&gt;, ...}
receive = &lt;function BaseHTTPMiddleware.__call__.&lt;locals&gt;.call_next.&lt;locals&gt;.receive_or_disconnect at 0x7f881e1cf2e0&gt;
send = &lt;function wrap_app_handling_exceptions.&lt;locals&gt;.wrapped_app.&lt;locals&gt;.sender at 0x7f881e1cfa60&gt;

    async def app(scope: Scope, receive: Receive, send: Send) -&gt; None:
        request = Request(scope, receive, send)

        async def app(scope: Scope, receive: Receive, send: Send) -&gt; None:
            # Starts customization
            response_awaited = False
            async with AsyncExitStack() as request_stack:
                scope["fastapi_inner_astack"] = request_stack
                async with AsyncExitStack() as function_stack:
                    scope["fastapi_function_astack"] = function_stack
                    response = await f(request)
                await response(scope, receive, send)
                # Continues customization
                response_awaited = True
            if not response_awaited:
                raise FastAPIError(
                    "Response not awaited. There's a high chance that the "
                    "application code is raising an exception and a dependency with yield "
                    "has a block with a bare except, or a block with except Exception, "
                    "and is not raising the exception again. Read more about it in the "
                    "docs: https://fastapi.tiangolo.com/tutorial/dependencies/dependencies-with-yield/#dependencies-with-yield-and-except"
                )

        # Same as in Starlette
&gt;       await wrap_app_handling_exceptions(app, request)(scope, receive, send)

/usr/local/lib/python3.11/dist-packages/fastapi/routing.py:134:
_ _ _ _ _ _ _ _ _ _ _ _ _ _ _ _ _ _ _ _ _ _ _ _ _ _ _ _ _ _ _ _ _ _ _ _ _ _ _ _

scope = {'app': &lt;fastapi.applications.FastAPI object at 0x7f89152a8290&gt;, 'asgi': {'version': '3.0'}, 'client': ('127.0.0.1', 123), 'endpoint': &lt;function close_position at 0x7f89153dc220&gt;, ...}
receive = &lt;function BaseHTTPMiddleware.__call__.&lt;locals&gt;.call_next.&lt;locals&gt;.receive_or_disconnect at 0x7f881e1cf2e0&gt;
send = &lt;function wrap_app_handling_exceptions.&lt;locals&gt;.wrapped_app.&lt;locals&gt;.sender at 0x7f881e1cfa60&gt;

    async def wrapped_app(scope: Scope, receive: Receive, send: Send) -&gt; None:
        response_started = False

        async def sender(message: Message) -&gt; None:
            nonlocal response_started

            if message["type"] == "http.response.start":
                response_started = True
            await send(message)

        try:
            await app(scope, receive, sender)
        except Exception as exc:
            handler = None

            if isinstance(exc, HTTPException):
                handler = status_handlers.get(exc.status_code)

            if handler is None:
                handler = _lookup_exception_handler(exception_handlers, exc)

            if handler is None:
&gt;               raise exc

/usr/local/lib/python3.11/dist-packages/starlette/_exception_handler.py:53:
_ _ _ _ _ _ _ _ _ _ _ _ _ _ _ _ _ _ _ _ _ _ _ _ _ _ _ _ _ _ _ _ _ _ _ _ _ _ _ _

scope = {'app': &lt;fastapi.applications.FastAPI object at 0x7f89152a8290&gt;, 'asgi': {'version': '3.0'}, 'client': ('127.0.0.1', 123), 'endpoint': &lt;function close_position at 0x7f89153dc220&gt;, ...}
receive = &lt;function BaseHTTPMiddleware.__call__.&lt;locals&gt;.call_next.&lt;locals&gt;.receive_or_disconnect at 0x7f881e1cf2e0&gt;
send = &lt;function wrap_app_handling_exceptions.&lt;locals&gt;.wrapped_app.&lt;locals&gt;.sender at 0x7f881e1cfa60&gt;

    async def wrapped_app(scope: Scope, receive: Receive, send: Send) -&gt; None:
        response_started = False

        async def sender(message: Message) -&gt; None:
            nonlocal response_started

            if message["type"] == "http.response.start":
                response_started = True
            await send(message)

        try:
&gt;           await app(scope, receive, sender)

/usr/local/lib/python3.11/dist-packages/starlette/_exception_handler.py:42:
_ _ _ _ _ _ _ _ _ _ _ _ _ _ _ _ _ _ _ _ _ _ _ _ _ _ _ _ _ _ _ _ _ _ _ _ _ _ _ _

scope = {'app': &lt;fastapi.applications.FastAPI object at 0x7f89152a8290&gt;, 'asgi': {'version': '3.0'}, 'client': ('127.0.0.1', 123), 'endpoint': &lt;function close_position at 0x7f89153dc220&gt;, ...}
receive = &lt;function BaseHTTPMiddleware.__call__.&lt;locals&gt;.call_next.&lt;locals&gt;.receive_or_disconnect at 0x7f881e1cf2e0&gt;
send = &lt;function wrap_app_handling_exceptions.&lt;locals&gt;.wrapped_app.&lt;locals&gt;.sender at 0x7f881e1cc400&gt;

    async def app(scope: Scope, receive: Receive, send: Send) -&gt; None:
        # Starts customization
        response_awaited = False
        async with AsyncExitStack() as request_stack:
            scope["fastapi_inner_astack"] = request_stack
            async with AsyncExitStack() as function_stack:
                scope["fastapi_function_astack"] = function_stack
&gt;               response = await f(request)
                           ^^^^^^^^^^^^^^^^

/usr/local/lib/python3.11/dist-packages/fastapi/routing.py:120:
_ _ _ _ _ _ _ _ _ _ _ _ _ _ _ _ _ _ _ _ _ _ _ _ _ _ _ _ _ _ _ _ _ _ _ _ _ _ _ _

request = &lt;starlette.requests.Request object at 0x7f881e19af10&gt;

    async def app(request: Request) -&gt; Response:
        response: Response | None = None
        file_stack = request.scope.get("fastapi_middleware_astack")
        assert isinstance(file_stack, AsyncExitStack), (
            "fastapi_middleware_astack not found in request scope"
        )

        # Extract endpoint context for error messages
        endpoint_ctx = (
            _extract_endpoint_context(dependant.call)
            if dependant.call
            else EndpointContext()
        )

        if dependant.path:
            # For mounted sub-apps, include the mount path prefix
            mount_path = request.scope.get("root_path", "").rstrip("/")
            endpoint_ctx["path"] = f"{request.method} {mount_path}{dependant.path}"

        # Read body and auto-close files
        try:
            body: Any = None
            if body_field:
                if is_body_form:
                    body = await request.form()
                    file_stack.push_async_callback(body.close)
                else:
                    body_bytes = await request.body()
                    if body_bytes:
                        json_body: Any = Undefined
                        content_type_value = request.headers.get("content-type")
                        if not content_type_value:
                            if not actual_strict_content_type:
                                json_body = await request.json()
                        else:
                            message = email.message.Message()
                            message["content-type"] = content_type_value
                            if message.get_content_maintype() == "application":
                                subtype = message.get_content_subtype()
                                if subtype == "json" or subtype.endswith("+json"):
                                    json_body = await request.json()
                        if json_body != Undefined:
                            body = json_body
                        else:
                            body = body_bytes
        except json.JSONDecodeError as e:
            validation_error = RequestValidationError(
                [
                    {
                        "type": "json_invalid",
                        "loc": ("body", e.pos),
                        "msg": "JSON decode error",
                        "input": {},
                        "ctx": {"error": e.msg},
                    }
                ],
                body=e.doc,
                endpoint_ctx=endpoint_ctx,
            )
            raise validation_error from e
        except HTTPException:
            # If a middleware raises an HTTPException, it should be raised again
            raise
        except Exception as e:
            http_error = HTTPException(
                status_code=400, detail="There was an error parsing the body"
            )
            raise http_error from e

        # Solve dependencies and run path operation function, auto-closing dependencies
        errors: list[Any] = []
        async_exit_stack = request.scope.get("fastapi_inner_astack")
        assert isinstance(async_exit_stack, AsyncExitStack), (
            "fastapi_inner_astack not found in request scope"
        )
        solved_result = await solve_dependencies(
            request=request,
            dependant=dependant,
            body=cast(dict[str, Any] | FormData | bytes | None, body),
            dependency_overrides_provider=dependency_overrides_provider,
            async_exit_stack=async_exit_stack,
            embed_body_fields=embed_body_fields,
        )
        errors = solved_result.errors
        assert dependant.call  # For types
        if not errors:
            # Shared serializer for stream items (JSONL and SSE).
            # Validates against stream_item_field when set, then
            # serializes to JSON bytes.
            def _serialize_data(data: Any) -&gt; bytes:
                if stream_item_field:
                    value, errors_ = stream_item_field.validate(
                        data, {}, loc=("response",)
                    )
                    if errors_:
                        ctx = endpoint_ctx or EndpointContext()
                        raise ResponseValidationError(
                            errors=errors_,
                            body=data,
                            endpoint_ctx=ctx,
                        )
                    return stream_item_field.serialize_json(
                        value,
                        include=response_model_include,
                        exclude=response_model_exclude,
                        by_alias=response_model_by_alias,
                        exclude_unset=response_model_exclude_unset,
                        exclude_defaults=response_model_exclude_defaults,
                        exclude_none=response_model_exclude_none,
                    )
                else:
                    data = jsonable_encoder(data)
                    return json.dumps(data).encode("utf-8")

            if is_sse_stream:
                # Generator endpoint: stream as Server-Sent Events
                gen = dependant.call(**solved_result.values)

                def _serialize_sse_item(item: Any) -&gt; bytes:
                    if isinstance(item, ServerSentEvent):
                        # User controls the event structure.
                        # Serialize the data payload if present.
                        # For ServerSentEvent items we skip stream_item_field
                        # validation (the user may mix types intentionally).
                        if item.raw_data is not None:
                            data_str: str | None = item.raw_data
                        elif item.data is not None:
                            if hasattr(item.data, "model_dump_json"):
                                data_str = item.data.model_dump_json()
                            else:
                                data_str = json.dumps(jsonable_encoder(item.data))
                        else:
                            data_str = None
                        return format_sse_event(
                            data_str=data_str,
                            event=item.event,
                            id=item.id,
                            retry=item.retry,
                            comment=item.comment,
                        )
                    else:
                        # Plain object: validate + serialize via
                        # stream_item_field (if set) and wrap in data field
                        return format_sse_event(
                            data_str=_serialize_data(item).decode("utf-8")
                        )

                if dependant.is_async_gen_callable:
                    sse_aiter: AsyncIterator[Any] = gen.__aiter__()
                else:
                    sse_aiter = iterate_in_threadpool(gen)

                @asynccontextmanager
                async def _sse_producer_cm() -&gt; AsyncIterator[
                    ObjectReceiveStream[bytes]
                ]:
                    # Use a memory stream to decouple generator iteration
                    # from the keepalive timer. A producer task pulls items
                    # from the generator independently, so
                    # `anyio.fail_after` never wraps the generator's
                    # `__anext__` directly - avoiding CancelledError that
                    # would finalize the generator and also working for sync
                    # generators running in a thread pool.
                    #
                    # This context manager is entered on the request-scoped
                    # AsyncExitStack so its __aexit__ (which cancels the
                    # task group) is called by the exit stack after the
                    # streaming response completes — not by async generator
                    # finalization via GeneratorExit.
                    # Ref: https://peps.python.org/pep-0789/
                    send_stream, receive_stream = anyio.create_memory_object_stream[
                        bytes
                    ](max_buffer_size=1)

                    async def _producer() -&gt; None:
                        async with send_stream:
                            async for raw_item in sse_aiter:
                                await send_stream.send(_serialize_sse_item(raw_item))

                    send_keepalive, receive_keepalive = (
                        anyio.create_memory_object_stream[bytes](max_buffer_size=1)
                    )

                    async def _keepalive_inserter() -&gt; None:
                        """Read from the producer and forward to the output,
                        inserting keepalive comments on timeout."""
                        async with send_keepalive, receive_stream:
                            try:
                                while True:
                                    try:
                                        with anyio.fail_after(_PING_INTERVAL):
                                            data = await receive_stream.receive()
                                        await send_keepalive.send(data)
                                    except TimeoutError:
                                        await send_keepalive.send(KEEPALIVE_COMMENT)
                            except anyio.EndOfStream:
                                pass

                    async with anyio.create_task_group() as tg:
                        tg.start_soon(_producer)
                        tg.start_soon(_keepalive_inserter)
                        yield receive_keepalive
                        tg.cancel_scope.cancel()

                # Enter the SSE context manager on the request-scoped
                # exit stack. The stack outlives the streaming response,
                # so __aexit__ runs via proper structured teardown, not
                # via GeneratorExit thrown into an async generator.
                sse_receive_stream = await async_exit_stack.enter_async_context(
                    _sse_producer_cm()
                )
                # Ensure the receive stream is closed when the exit stack
                # unwinds, preventing ResourceWarning from __del__.
                async_exit_stack.push_async_callback(sse_receive_stream.aclose)

                async def _sse_with_checkpoints(
                    stream: ObjectReceiveStream[bytes],
                ) -&gt; AsyncIterator[bytes]:
                    async for data in stream:
                        yield data
                        # Guarantee a checkpoint so cancellation can be
                        # delivered even when the producer is faster than
                        # the consumer and receive() never suspends.
                        await anyio.sleep(0)

                sse_stream_content: AsyncIterator[bytes] | Iterator[bytes] = (
                    _sse_with_checkpoints(sse_receive_stream)
                )

                response = StreamingResponse(
                    sse_stream_content,
                    media_type="text/event-stream",
                    background=solved_result.background_tasks,
                )
                response.headers["Cache-Control"] = "no-cache"
                # For Nginx proxies to not buffer server sent events
                response.headers["X-Accel-Buffering"] = "no"
                response.headers.raw.extend(solved_result.response.headers.raw)
            elif is_json_stream:
                # Generator endpoint: stream as JSONL
                gen = dependant.call(**solved_result.values)

                def _serialize_item(item: Any) -&gt; bytes:
                    return _serialize_data(item) + b"\n"

                if dependant.is_async_gen_callable:

                    async def _async_stream_jsonl() -&gt; AsyncIterator[bytes]:
                        async for item in gen:
                            yield _serialize_item(item)
                            # To allow for cancellation to trigger
                            # Ref: https://github.com/fastapi/fastapi/issues/14680
                            await anyio.sleep(0)

                    jsonl_stream_content: AsyncIterator[bytes] | Iterator[bytes] = (
                        _async_stream_jsonl()
                    )
                else:

                    def _sync_stream_jsonl() -&gt; Iterator[bytes]:
                        for item in gen:  # ty: ignore[not-iterable]
                            yield _serialize_item(item)

                    jsonl_stream_content = _sync_stream_jsonl()

                response = StreamingResponse(
                    jsonl_stream_content,
                    media_type="application/jsonl",
                    background=solved_result.background_tasks,
                )
                response.headers.raw.extend(solved_result.response.headers.raw)
            elif dependant.is_async_gen_callable or dependant.is_gen_callable:
                # Raw streaming with explicit response_class (e.g. StreamingResponse)
                gen = dependant.call(**solved_result.values)
                if dependant.is_async_gen_callable:

                    async def _async_stream_raw(
                        async_gen: AsyncIterator[Any],
                    ) -&gt; AsyncIterator[Any]:
                        async for chunk in async_gen:
                            yield chunk
                            # To allow for cancellation to trigger
                            # Ref: https://github.com/fastapi/fastapi/issues/14680
                            await anyio.sleep(0)

                    gen = _async_stream_raw(gen)
                response_args = _build_response_args(
                    status_code=status_code, solved_result=solved_result
                )
                response = actual_response_class(content=gen, **response_args)
                response.headers.raw.extend(solved_result.response.headers.raw)
            else:
&gt;               raw_response = await run_endpoint_function(
                    dependant=dependant,
                    values=solved_result.values,
                    is_coroutine=is_coroutine,
                )

/usr/local/lib/python3.11/dist-packages/fastapi/routing.py:674:
_ _ _ _ _ _ _ _ _ _ _ _ _ _ _ _ _ _ _ _ _ _ _ _ _ _ _ _ _ _ _ _ _ _ _ _ _ _ _ _

    async def run_endpoint_function(
        *, dependant: Dependant, values: dict[str, Any], is_coroutine: bool
    ) -&gt; Any:
        # Only called by get_request_handler. Has been split into its own function to
        # facilitate profiling endpoints, since inner functions are harder to profile.
        assert dependant.call is not None, "dependant.call must be a function"

        if is_coroutine:
&gt;           return await dependant.call(**values)
                   ^^^^^^^^^^^^^^^^^^^^^^^^^^^^^^

/usr/local/lib/python3.11/dist-packages/fastapi/routing.py:328:
_ _ _ _ _ _ _ _ _ _ _ _ _ _ _ _ _ _ _ _ _ _ _ _ _ _ _ _ _ _ _ _ _ _ _ _ _ _ _ _

position_id = 'nonexistent-id-12345'
user = TokenPayload(sub='fd86d336-4b10-4b82-af91-9be6ce2877e6', role='trader', exp=1778966041, iat=1778965141, jti='a823a8a9fa42b74c285b312ea65bb008', type='access', email='e2e_28ab8caf@test.hopefx.io', username='user_ab9dcd')

    @router.delete(
        "/positions/{position_id}",
        response_model=ClosePositionResponse,
        summary="Close a specific open position",
    )
    async def close_position(
        position_id: str,
        user: TokenPayload = Depends(require_role("trader")),
    ):
        """Close a specific position. Requires: role &gt;= 'trader'."""
        if not app_state or not app_state.broker:
            raise HTTPException(
                status_code=status.HTTP_503_SERVICE_UNAVAILABLE,
                detail="Broker not available",
            )

        # Ownership check: verify the position belongs to the requesting user.
        # Positions opened via the DB-backed path carry user_id; broker-native
        # positions (no DB row) fall through and are allowed for role &gt;= trader.
&gt;       if app_state.db_session_factory is not None:
           ^^^^^^^^^^^^^^^^^^^^^^^^^^^^
E       AttributeError: '_MinimalState' object has no attribute 'db_session_factory'

api/trading.py:999: AttributeError</failure></testcase><testcase classname="tests.e2e.test_auth_billing_trading.TestTradingFlow" name="test_signals_endpoint" time="0.695" /><testcase classname="tests.e2e.test_auth_billing_trading.TestTradingFlow" name="test_prices_endpoint" time="0.679" /><testcase classname="tests.e2e.test_auth_billing_trading.TestTradingFlow" name="test_emergency_stop_requires_auth" time="0.011" /><testcase classname="tests.e2e.test_auth_billing_trading.TestTradingFlow" name="test_risk_metrics_endpoint" time="0.679" /><testcase classname="tests.e2e.test_auth_billing_trading.TestWhitelabelFlow" name="test_list_tenants_requires_auth" time="0.012" /><testcase classname="tests.e2e.test_auth_billing_trading.TestWhitelabelFlow" name="test_list_tenants_returns_structure" time="0.682" /><testcase classname="tests.e2e.test_auth_billing_trading.TestWhitelabelFlow" name="test_create_and_get_tenant" time="0.686"><skipped type="pytest.skip" message="superadmin role required or DB unavailable in test environment">/home/user/HOPEFX-AI-TRADING/tests/e2e/test_auth_billing_trading.py:550: superadmin role required or DB unavailable in test environment</skipped></testcase><testcase classname="tests.e2e.test_auth_billing_trading.TestWhitelabelFlow" name="test_list_features" time="0.676" /><testcase classname="tests.e2e.test_auth_billing_trading.TestPricingTierConsistency" name="test_billing_plans_match_canonical_tiers" time="0.013" /><testcase classname="tests.e2e.test_auth_billing_trading.TestPricingTierConsistency" name="test_commission_rates_descend_with_tier" time="0.016" /><testcase classname="tests.e2e.test_auth_billing_trading.TestPricingTierConsistency" name="test_prices_ascend_with_tier" time="0.013" /><testcase classname="tests.e2e.test_auth_billing_trading.TestPricingTierConsistency" name="test_free_plan_has_no_live_trading" time="0.010" /><testcase classname="tests.e2e.test_auth_billing_trading.TestPricingTierConsistency" name="test_elite_has_all_features" time="0.011" /><testcase classname="tests.e2e.test_dashboard_realtime.TestFrontendPageRoutes" name="test_root_page_returns_200" time="0.011" /><testcase classname="tests.e2e.test_dashboard_realtime.TestFrontendPageRoutes" name="test_stream_dashboard_page" time="0.032" /><testcase classname="tests.e2e.test_dashboard_realtime.TestFrontendPageRoutes" name="test_paper_trading_page" time="0.020" /><testcase classname="tests.e2e.test_dashboard_realtime.TestFrontendPageRoutes" name="test_pricing_page" time="0.021" /><testcase classname="tests.e2e.test_dashboard_realtime.TestFrontendPageRoutes" name="test_admin_dashboard_page" time="0.027" /><testcase classname="tests.e2e.test_dashboard_realtime.TestFrontendPageRoutes" name="test_status_page" time="0.022" /><testcase classname="tests.e2e.test_dashboard_realtime.TestFrontendPageRoutes" name="test_health_page_returns_json" time="0.013" /><testcase classname="tests.e2e.test_dashboard_realtime.TestFrontendPageRoutes" name="test_health_components_endpoint" time="0.013" /><testcase classname="tests.e2e.test_dashboard_realtime.TestWebSocketLiveConnectivity" name="test_ws_live_endpoint_exists" time="0.013" /><testcase classname="tests.e2e.test_dashboard_realtime.TestWebSocketLiveConnectivity" name="test_ws_live_sends_heartbeat" time="0.012" /><testcase classname="tests.e2e.test_dashboard_realtime.TestWebSocketLiveConnectivity" name="test_ws_live_auth_with_valid_jwt" time="0.011" /><testcase classname="tests.e2e.test_dashboard_realtime.TestWebSocketLiveConnectivity" name="test_ws_live_rejects_invalid_token" time="0.011" /><testcase classname="tests.e2e.test_dashboard_realtime.TestWebSocketLiveConnectivity" name="test_ws_live_subscribe_to_prices_channel" time="0.012" /><testcase classname="tests.e2e.test_dashboard_realtime.TestWebSocketLiveConnectivity" name="test_ws_live_subscribe_to_signals_channel" time="0.021" /><testcase classname="tests.e2e.test_dashboard_realtime.TestWebSocketLiveConnectivity" name="test_ws_live_ping_receives_response" time="0.023" /><testcase classname="tests.e2e.test_dashboard_realtime.TestWebSocketLiveConnectivity" name="test_ws_live_stats_endpoint" time="0.022" /><testcase classname="tests.e2e.test_dashboard_realtime.TestWebSocketLiveConnectivity" name="test_ws_nuclear_endpoint_exists" time="0.018" /><testcase classname="tests.e2e.test_dashboard_realtime.TestLiveConnectionManager" name="test_manager_singleton_importable" time="0.003" /><testcase classname="tests.e2e.test_dashboard_realtime.TestLiveConnectionManager" name="test_manager_connection_count_is_int" time="0.003" /><testcase classname="tests.e2e.test_dashboard_realtime.TestLiveConnectionManager" name="test_manager_broadcast_does_not_raise_with_no_connections" time="0.004" /><testcase classname="tests.e2e.test_dashboard_realtime.TestLiveConnectionManager" name="test_manager_send_to_user_does_not_raise_for_unknown_user" time="0.004" /><testcase classname="tests.e2e.test_dashboard_realtime.TestPriceTickStructure" name="test_make_tick_returns_valid_structure_or_none" time="0.005" /><testcase classname="tests.e2e.test_dashboard_realtime.TestPriceTickStructure" name="test_make_tick_for_eurusd" time="0.004" /><testcase classname="tests.e2e.test_dashboard_realtime.TestPriceTickStructure" name="test_get_live_price_returns_float_or_none" time="0.004" /><testcase classname="tests.e2e.test_dashboard_realtime.TestRealtimePositionUpdates" name="test_positions_api_returns_list" time="0.014" /><testcase classname="tests.e2e.test_dashboard_realtime.TestRealtimePositionUpdates" name="test_risk_metrics_api_returns_dict" time="0.013" /><testcase classname="tests.e2e.test_dashboard_realtime.TestRealtimePositionUpdates" name="test_account_metrics_api_returns_dict" time="0.015" /><testcase classname="tests.e2e.test_dashboard_realtime.TestRealtimePositionUpdates" name="test_signals_api_returns_list_or_dict" time="0.012" /><testcase classname="tests.e2e.test_dashboard_realtime.TestAlertSystem" name="test_alerts_list_endpoint" time="0.025" /><testcase classname="tests.e2e.test_dashboard_realtime.TestAlertSystem" name="test_alerts_active_endpoint" time="0.014" /><testcase classname="tests.e2e.test_dashboard_realtime.TestAlertSystem" name="test_create_alert_requires_auth" time="0.016" /><testcase classname="tests.e2e.test_dashboard_realtime.TestAlertSystem" name="test_create_price_alert" time="0.013" /><testcase classname="tests.e2e.test_dashboard_realtime.TestAlertSystem" name="test_signals_alerts_endpoint" time="0.013" /><testcase classname="tests.e2e.test_dashboard_realtime.TestFrontendAssets" name="test_frontend_dist_or_index_served" time="0.009" /><testcase classname="tests.e2e.test_dashboard_realtime.TestFrontendAssets" name="test_openapi_json_served" time="2.293" /><testcase classname="tests.e2e.test_dashboard_realtime.TestFrontendAssets" name="test_docs_ui_served" time="0.016" /><testcase classname="tests.e2e.test_dashboard_realtime.TestWebSocketProtocol" name="test_auth_message_format_accepted" time="0.015" /><testcase classname="tests.e2e.test_dashboard_realtime.TestWebSocketProtocol" name="test_subscribe_message_format_accepted" time="0.013" /><testcase classname="tests.e2e.test_dashboard_realtime.TestWebSocketProtocol" name="test_unsubscribe_message_accepted" time="0.013" /><testcase classname="tests.e2e.test_dashboard_realtime.TestWebSocketProtocol" name="test_unknown_message_type_does_not_crash_server" time="0.012" /><testcase classname="tests.e2e.test_dashboard_realtime.TestDashboardModule" name="test_dashboard_module_importable" time="0.005"><skipped type="pytest.skip" message="dashboard.web_dashboard not importable in test env">/home/user/HOPEFX-AI-TRADING/tests/e2e/test_dashboard_realtime.py:582: dashboard.web_dashboard not importable in test env</skipped></testcase><testcase classname="tests.e2e.test_dashboard_realtime.TestDashboardModule" name="test_dashboard_app_attribute_exists" time="0.003"><skipped type="pytest.skip" message="dashboard.web_dashboard not importable in test env">/home/user/HOPEFX-AI-TRADING/tests/e2e/test_dashboard_realtime.py:591: dashboard.web_dashboard not importable in test env</skipped></testcase><testcase classname="tests.e2e.test_dashboard_realtime.TestDashboardModule" name="test_dashboard_package_init_importable" time="0.003" /><testcase classname="tests.e2e.test_full_pipeline_wiring" name="test_buy_signal_full_pipeline" time="0.010" /><testcase classname="tests.e2e.test_full_pipeline_wiring" name="test_sell_signal_full_pipeline" time="0.007" /><testcase classname="tests.e2e.test_full_pipeline_wiring" name="test_kill_switch_blocks_execution" time="0.010" /><testcase classname="tests.e2e.test_full_pipeline_wiring" name="test_kill_switch_deactivation_resumes_trading" time="0.009" /><testcase classname="tests.e2e.test_full_pipeline_wiring" name="test_pre_trade_gate_blocks_oversized_order" time="0.004" /><testcase classname="tests.e2e.test_full_pipeline_wiring" name="test_pre_trade_gate_approves_valid_order" time="0.004" /><testcase classname="tests.e2e.test_full_pipeline_wiring" name="test_pre_trade_gate_blocks_when_kill_switch_active" time="0.005" /><testcase classname="tests.e2e.test_full_pipeline_wiring" name="test_risk_manager_blocks_on_max_drawdown" time="0.005" /><testcase classname="tests.e2e.test_full_pipeline_wiring" name="test_risk_manager_blocks_on_daily_loss" time="0.006" /><testcase classname="tests.e2e.test_full_pipeline_wiring" name="test_risk_manager_approves_within_limits" time="0.004" /><testcase classname="tests.e2e.test_full_pipeline_wiring" name="test_engine_circuit_breaker_opens_on_failures" time="0.005" /><testcase classname="tests.e2e.test_full_pipeline_wiring" name="test_engine_circuit_breaker_resets_on_success" time="0.004" /><testcase classname="tests.e2e.test_full_pipeline_wiring" name="test_engine_circuit_breaker_blocks_when_open" time="0.005" /><testcase classname="tests.e2e.test_full_pipeline_wiring" name="test_risk_circuit_breaker_pre_trade_check_blocks_oversized" time="0.003" /><testcase classname="tests.e2e.test_full_pipeline_wiring" name="test_prop_enforcer_blocks_on_drawdown_breach" time="0.010" /><testcase classname="tests.e2e.test_full_pipeline_wiring" name="test_prop_enforcer_passes_within_limits" time="0.006" /><testcase classname="tests.e2e.test_full_pipeline_wiring" name="test_paper_broker_full_order_lifecycle" time="0.007" /><testcase classname="tests.e2e.test_full_pipeline_wiring" name="test_paper_broker_multiple_symbols" time="0.007" /><testcase classname="tests.e2e.test_full_pipeline_wiring" name="test_paper_broker_limit_order" time="0.008" /><testcase classname="tests.e2e.test_full_pipeline_wiring" name="test_inference_engine_produces_signal" time="0.015" /><testcase classname="tests.e2e.test_full_pipeline_wiring" name="test_inference_engine_is_safe_to_trade" time="0.004" /><testcase classname="tests.e2e.test_full_pipeline_wiring" name="test_inference_engine_handles_insufficient_data" time="0.004" /><testcase classname="tests.e2e.test_full_pipeline_wiring" name="test_full_ohlcv_to_execution_pipeline" time="0.015" /><testcase classname="tests.e2e.test_full_pipeline_wiring" name="test_execution_engine_metrics_populated" time="0.010" /><testcase classname="tests.e2e.test_full_pipeline_wiring" name="test_fill_callback_fires_on_execution" time="0.010" /><testcase classname="tests.e2e.test_full_pipeline_wiring" name="test_mt5_ex5_signal_exporter" time="0.006" /><testcase classname="tests.e2e.test_full_pipeline_wiring" name="test_ibkr_broker_not_connected_returns_safe_defaults" time="0.004" /><testcase classname="tests.e2e.test_full_pipeline_wiring" name="test_execution_engine_start_stop" time="0.011" /><testcase classname="tests.e2e.test_full_pipeline_wiring" name="test_concurrent_execution_requests" time="0.011" /><testcase classname="tests.e2e.test_trading_flow" name="test_buy_signal_to_fill" time="0.013" /><testcase classname="tests.e2e.test_trading_flow" name="test_profitable_trade_updates_metrics" time="0.007" /><testcase classname="tests.e2e.test_trading_flow" name="test_kill_switch_prevents_new_orders" time="0.011" /><testcase classname="tests.e2e.test_trading_flow" name="test_latency_metric_recorded" time="0.007" /><testcase classname="tests.e2e.test_trading_flow" name="test_broker_connected_metric_set" time="0.010" /><testcase classname="tests.e2e.test_trading_flow" name="test_multiple_fills_accumulate" time="0.009" /><testcase classname="tests.e2e.test_trading_flow" name="test_risk_blocks_after_max_drawdown" time="0.008" /><testcase classname="tests.e2e.test_trading_flow" name="test_price_update_reflected_in_positions" time="0.006" /><testcase classname="tests.e2e.test_trading_flow" name="test_sentry_init_no_dsn_returns_false" time="0.006" /><testcase classname="tests.e2e.test_trading_flow" name="test_journal_create_entry_requires_auth" time="0.003" /><testcase classname="tests.e2e.test_trading_flow" name="test_prop_firm_status_requires_auth" time="0.003" /><testcase classname="tests.e2e.test_trading_flow" name="test_explain_rate_limit_enforced" time="0.005" /><testcase classname="tests.e2e.test_websocket_e2e.TestWebSocketHandshake" name="test_ws_endpoint_exists" time="1.732" /><testcase classname="tests.e2e.test_websocket_e2e.TestWebSocketHandshake" name="test_ws_sends_auth_required" time="0.023" /><testcase classname="tests.e2e.test_websocket_e2e.TestWebSocketHandshake" name="test_ws_auth_with_valid_token" time="0.654"><skipped type="pytest.skip" message="Could not obtain auth token">/home/user/HOPEFX-AI-TRADING/tests/e2e/test_websocket_e2e.py:103: Could not obtain auth token</skipped></testcase><testcase classname="tests.e2e.test_websocket_e2e.TestWebSocketHandshake" name="test_ws_auth_with_invalid_token" time="0.012" /><testcase classname="tests.e2e.test_websocket_e2e.TestWebSocketHandshake" name="test_ws_subscribe_after_auth" time="0.800"><skipped type="pytest.skip" message="Could not obtain auth token">/home/user/HOPEFX-AI-TRADING/tests/e2e/test_websocket_e2e.py:137: Could not obtain auth token</skipped></testcase><testcase classname="tests.e2e.test_websocket_e2e.TestWebSocketHandshake" name="test_ws_heartbeat_ping" time="0.654"><skipped type="pytest.skip" message="Could not obtain auth token">/home/user/HOPEFX-AI-TRADING/tests/e2e/test_websocket_e2e.py:165: Could not obtain auth token</skipped></testcase><testcase classname="tests.e2e.test_websocket_e2e.TestWebSocketRateLimiting" name="test_multiple_connections_from_same_ip" time="2.238" /><testcase classname="tests.integration.test_api.TestHealthEndpoints" name="test_health_endpoint" time="0.017" /><testcase classname="tests.integration.test_api.TestHealthEndpoints" name="test_status_endpoint" time="0.021" /><testcase classname="tests.integration.test_api.TestTradingEndpoints" name="test_list_strategies" time="0.017" /><testcase classname="tests.integration.test_api.TestTradingEndpoints" name="test_create_strategy" time="0.024" /><testcase classname="tests.integration.test_api.TestTradingEndpoints" name="test_get_risk_metrics" time="0.019" /><testcase classname="tests.integration.test_api.TestTradingEndpoints" name="test_calculate_position_size" time="0.017" /><testcase classname="tests.integration.test_api.TestAdminEndpoints" name="test_admin_dashboard" time="0.758" /><testcase classname="tests.integration.test_api.TestAdminEndpoints" name="test_admin_strategies_page" time="0.016" /><testcase classname="tests.integration.test_api.TestAdminEndpoints" name="test_admin_settings_page" time="0.022" /><testcase classname="tests.integration.test_api.TestAdminEndpoints" name="test_admin_monitoring_page" time="0.020" /><testcase classname="tests.integration.test_api_db_flow.TestWatchlistFlow" name="test_get_watchlist_requires_auth" time="0.018" /><testcase classname="tests.integration.test_api_db_flow.TestWatchlistFlow" name="test_get_watchlist_returns_defaults_for_new_user" time="0.014" /><testcase classname="tests.integration.test_api_db_flow.TestWatchlistFlow" name="test_add_symbol_persists_in_get" time="0.023" /><testcase classname="tests.integration.test_api_db_flow.TestWatchlistFlow" name="test_add_duplicate_symbol_returns_409" time="0.026" /><testcase classname="tests.integration.test_api_db_flow.TestWatchlistFlow" name="test_delete_symbol_removes_from_watchlist" time="0.025" /><testcase classname="tests.integration.test_api_db_flow.TestWatchlistFlow" name="test_delete_nonexistent_symbol_returns_404" time="0.014" /><testcase classname="tests.integration.test_api_db_flow.TestWatchlistFlow" name="test_prices_endpoint_returns_items_with_bid_ask" time="0.015" /><testcase classname="tests.integration.test_api_db_flow.TestWatchlistFlow" name="test_watchlists_are_isolated_per_user" time="0.019" /><testcase classname="tests.integration.test_api_db_flow.TestTradingFlow" name="test_list_strategies_returns_list" time="0.066" /><testcase classname="tests.integration.test_api_db_flow.TestTradingFlow" name="test_create_strategy_returns_id" time="0.065" /><testcase classname="tests.integration.test_api_db_flow.TestTradingFlow" name="test_get_nonexistent_strategy_returns_404" time="0.075" /><testcase classname="tests.integration.test_api_db_flow.TestTradingFlow" name="test_position_size_calculation" time="0.067" /><testcase classname="tests.integration.test_api_db_flow.TestTradingFlow" name="test_risk_metrics_endpoint_responds" time="0.062" /><testcase classname="tests.integration.test_api_db_flow.TestTradingFlow" name="test_performance_summary_endpoint_responds" time="0.060" /><testcase classname="tests.integration.test_api_db_flow.TestSignalsFlow" name="test_get_signals_summary_responds" time="0.049" /><testcase classname="tests.integration.test_api_db_flow.TestSignalsFlow" name="test_get_active_signals_returns_signals_key" time="0.061" /><testcase classname="tests.integration.test_api_db_flow.TestSignalsFlow" name="test_get_signal_history_returns_signals_key" time="0.051" /><testcase classname="tests.integration.test_api_db_flow.TestSignalsFlow" name="test_get_signal_analytics_responds" time="0.055" /><testcase classname="tests.integration.test_api_routing.TestHealthEndpoints" name="test_root_returns_200" time="0.013" /><testcase classname="tests.integration.test_api_routing.TestHealthEndpoints" name="test_health_endpoint_returns_200" time="0.015" /><testcase classname="tests.integration.test_api_routing.TestHealthEndpoints" name="test_status_endpoint_returns_200" time="0.026" /><testcase classname="tests.integration.test_api_routing.TestHealthEndpoints" name="test_docs_endpoint_accessible" time="0.012" /><testcase classname="tests.integration.test_api_routing.TestHealthEndpoints" name="test_openapi_schema_accessible" time="0.073" /><testcase classname="tests.integration.test_api_routing.TestAuthEndpoints" name="test_login_with_missing_credentials_returns_422" time="0.011" /><testcase classname="tests.integration.test_api_routing.TestAuthEndpoints" name="test_login_with_invalid_credentials_returns_401" time="0.016" /><testcase classname="tests.integration.test_api_routing.TestAuthEndpoints" name="test_register_with_missing_fields_returns_422" time="0.013" /><testcase classname="tests.integration.test_api_routing.TestAuthEndpoints" name="test_me_endpoint_requires_auth" time="0.009" /><testcase classname="tests.integration.test_api_routing.TestAuthEndpoints" name="test_me_endpoint_with_valid_token" time="0.015" /><testcase classname="tests.integration.test_api_routing.TestAuthEndpoints" name="test_expired_token_returns_401" time="0.009" /><testcase classname="tests.integration.test_api_routing.TestAuthEndpoints" name="test_malformed_token_returns_401" time="0.009" /><testcase classname="tests.integration.test_api_routing.TestAuthEndpoints" name="test_missing_auth_header_returns_401" time="0.013" /><testcase classname="tests.integration.test_api_routing.TestTradingEndpoints" name="test_account_requires_auth" time="0.009" /><testcase classname="tests.integration.test_api_routing.TestTradingEndpoints" name="test_account_with_trader_token" time="0.017" /><testcase classname="tests.integration.test_api_routing.TestTradingEndpoints" name="test_positions_requires_auth" time="0.012" /><testcase classname="tests.integration.test_api_routing.TestTradingEndpoints" name="test_positions_with_valid_token" time="0.012" /><testcase classname="tests.integration.test_api_routing.TestTradingEndpoints" name="test_place_order_requires_trader_role" time="0.013" /><testcase classname="tests.integration.test_api_routing.TestTradingEndpoints" name="test_place_order_with_invalid_symbol_rejected" time="0.025" /><testcase classname="tests.integration.test_api_routing.TestTradingEndpoints" name="test_place_order_with_zero_quantity_rejected" time="0.020" /><testcase classname="tests.integration.test_api_routing.TestTradingEndpoints" name="test_signals_endpoint_returns_list" time="0.020" /><testcase classname="tests.integration.test_api_routing.TestTradingEndpoints" name="test_risk_metrics_endpoint" time="0.017" /><testcase classname="tests.integration.test_api_routing.TestTradingEndpoints" name="test_emergency_stop_requires_trader_role" time="0.012" /><testcase classname="tests.integration.test_api_routing.TestTradingEndpoints" name="test_emergency_stop_with_trader_role" time="0.017" /><testcase classname="tests.integration.test_api_routing.TestTradingEndpoints" name="test_trades_history_endpoint" time="0.024" /><testcase classname="tests.integration.test_api_routing.TestTradingEndpoints" name="test_brain_state_endpoint" time="0.047" /><testcase classname="tests.integration.test_api_routing.TestTradingEndpoints" name="test_regime_endpoint" time="0.219" /><testcase classname="tests.integration.test_api_routing.TestTradingEndpoints" name="test_ohlcv_endpoint" time="0.181" /><testcase classname="tests.integration.test_api_routing.TestTradingEndpoints" name="test_risk_metrics_alias_endpoint" time="0.011" /><testcase classname="tests.integration.test_api_routing.TestTradingEndpoints" name="test_prices_endpoint" time="0.010" /><testcase classname="tests.integration.test_api_routing.TestKillSwitchEndpoints" name="test_kill_switch_status_accessible" time="0.019" /><testcase classname="tests.integration.test_api_routing.TestKillSwitchEndpoints" name="test_kill_switch_activate_requires_admin" time="0.021" /><testcase classname="tests.integration.test_api_routing.TestKillSwitchEndpoints" name="test_kill_switch_activate_with_admin" time="0.071" /><testcase classname="tests.integration.test_api_routing.TestAdminEndpoints" name="test_admin_status_requires_admin" time="0.018" /><testcase classname="tests.integration.test_api_routing.TestAdminEndpoints" name="test_admin_status_with_admin_token" time="0.017" /><testcase classname="tests.integration.test_api_routing.TestAdminEndpoints" name="test_admin_audit_log_requires_admin" time="0.012" /><testcase classname="tests.integration.test_api_routing.TestAdminEndpoints" name="test_admin_audit_log_with_admin_token" time="0.012" /><testcase classname="tests.integration.test_api_routing.TestAdminEndpoints" name="test_admin_feature_flags_requires_admin" time="0.017" /><testcase classname="tests.integration.test_api_routing.TestAdminEndpoints" name="test_admin_feature_flags_with_admin_token" time="0.016" /><testcase classname="tests.integration.test_api_routing.TestAdminEndpoints" name="test_admin_users_list_requires_admin" time="0.017" /><testcase classname="tests.integration.test_api_routing.TestGraphQLEndpoints" name="test_graphql_endpoint_exists" time="0.025" /><testcase classname="tests.integration.test_api_routing.TestGraphQLEndpoints" name="test_graphql_introspection_query" time="0.020" /><testcase classname="tests.integration.test_api_routing.TestGraphQLEndpoints" name="test_graphql_positions_query" time="0.021" /><testcase classname="tests.integration.test_api_routing.TestGraphQLEndpoints" name="test_graphql_ml_metrics_query" time="0.016" /><testcase classname="tests.integration.test_api_routing.TestGraphQLEndpoints" name="test_graphql_place_order_mutation" time="0.018" /><testcase classname="tests.integration.test_api_routing.TestWebSocketStatsEndpoint" name="test_ws_live_stats_endpoint" time="0.014" /><testcase classname="tests.integration.test_api_routing.TestRateLimiting" name="test_rapid_requests_do_not_crash_server" time="0.098" /><testcase classname="tests.integration.test_api_routing.TestRateLimiting" name="test_unauthenticated_rapid_requests" time="0.034" /><testcase classname="tests.integration.test_api_routing.TestPortfolioEndpoints" name="test_performance_public_endpoint" time="0.018" /><testcase classname="tests.integration.test_api_routing.TestPortfolioEndpoints" name="test_performance_equity_curve_endpoint" time="0.023" /><testcase classname="tests.integration.test_api_routing.TestBacktestingEndpoints" name="test_backtest_run_requires_auth" time="0.014" /><testcase classname="tests.integration.test_api_routing.TestBacktestingEndpoints" name="test_backtest_run_with_valid_params" time="0.019" /><testcase classname="tests.integration.test_api_routing.TestBacktestingEndpoints" name="test_backtest_strategies_list" time="0.023" /><testcase classname="tests.integration.test_api_routing.TestSignalsRouter" name="test_signals_active_endpoint" time="0.022" /><testcase classname="tests.integration.test_api_routing.TestSignalsRouter" name="test_signals_latest_endpoint" time="0.013" /><testcase classname="tests.integration.test_api_routing.TestSignalsRouter" name="test_signals_history_endpoint" time="0.013" /><testcase classname="tests.integration.test_api_routing.TestSignalsRouter" name="test_signals_engine_endpoint" time="0.017" /><testcase classname="tests.integration.test_api_routing.TestMLEndpoints" name="test_ml_health_endpoint" time="0.018" /><testcase classname="tests.integration.test_api_routing.TestMLEndpoints" name="test_ml_accuracy_endpoint" time="0.018" /><testcase classname="tests.integration.test_api_routing.TestMLEndpoints" name="test_ml_models_endpoint" time="0.020" /><testcase classname="tests.integration.test_api_routing.TestMLEndpoints" name="test_ml_predict_endpoint" time="0.027" /><testcase classname="tests.integration.test_api_routing.TestMLEndpoints" name="test_ml_engine_health_endpoint" time="0.014" /><testcase classname="tests.integration.test_api_routing.TestPortfolioEndpoints2" name="test_portfolio_rebalancer_status" time="0.012" /><testcase classname="tests.integration.test_api_routing.TestPortfolioEndpoints2" name="test_portfolio_tick_feed_status" time="0.015" /><testcase classname="tests.integration.test_api_routing.TestPortfolioEndpoints2" name="test_portfolio_factor_status" time="0.015" /><testcase classname="tests.integration.test_api_routing.TestRoleBasedAccess" name="test_user_role_cannot_place_orders" time="0.017" /><testcase classname="tests.integration.test_api_routing.TestRoleBasedAccess" name="test_trader_role_can_access_trading" time="0.017" /><testcase classname="tests.integration.test_api_routing.TestRoleBasedAccess" name="test_admin_role_can_access_admin_routes" time="0.023" /><testcase classname="tests.integration.test_api_routing.TestRoleBasedAccess" name="test_superadmin_token_accepted" time="0.014" /><testcase classname="tests.integration.test_api_routing.TestErrorHandling" name="test_404_for_unknown_route" time="0.018" /><testcase classname="tests.integration.test_api_routing.TestErrorHandling" name="test_method_not_allowed" time="0.014" /><testcase classname="tests.integration.test_api_routing.TestErrorHandling" name="test_invalid_json_body_returns_422" time="0.010" /><testcase classname="tests.integration.test_api_routing.TestErrorHandling" name="test_global_exception_handler_returns_500_not_crash" time="0.010" /><testcase classname="tests.integration.test_api_routing.TestWebSocketConnectivity" name="test_ws_live_connection_closes_without_auth" time="0.011" /><testcase classname="tests.integration.test_api_routing.TestWebSocketConnectivity" name="test_ws_live_connection_with_valid_auth" time="0.013" /><testcase classname="tests.integration.test_api_routing.TestWebSocketConnectivity" name="test_ws_live_ping_pong" time="0.012" /><testcase classname="tests.integration.test_auth_flow.TestRegister" name="test_register_returns_201" time="0.455" /><testcase classname="tests.integration.test_auth_flow.TestRegister" name="test_register_returns_message" time="0.330" /><testcase classname="tests.integration.test_auth_flow.TestRegister" name="test_register_duplicate_email_returns_400" time="0.342" /><testcase classname="tests.integration.test_auth_flow.TestRegister" name="test_register_duplicate_username_returns_400" time="0.331" /><testcase classname="tests.integration.test_auth_flow.TestRegister" name="test_register_weak_password_returns_422" time="0.006" /><testcase classname="tests.integration.test_auth_flow.TestRegister" name="test_register_invalid_email_returns_422" time="0.006" /><testcase classname="tests.integration.test_auth_flow.TestRegister" name="test_register_exposes_verify_token_in_test_mode" time="0.334" /><testcase classname="tests.integration.test_auth_flow.TestEmailVerification" name="test_verify_email_with_signed_token" time="0.349" /><testcase classname="tests.integration.test_auth_flow.TestEmailVerification" name="test_verify_email_invalid_token_returns_400" time="0.008" /><testcase classname="tests.integration.test_auth_flow.TestEmailVerification" name="test_verify_email_reuse_returns_400" time="0.352" /><testcase classname="tests.integration.test_auth_flow.TestEmailVerification" name="test_resend_verification_returns_200" time="0.341" /><testcase classname="tests.integration.test_auth_flow.TestEmailVerification" name="test_resend_verification_unknown_email_returns_400" time="0.012" /><testcase classname="tests.integration.test_auth_flow.TestLogin" name="test_login_returns_access_and_refresh_tokens" time="0.680" /><testcase classname="tests.integration.test_auth_flow.TestLogin" name="test_login_wrong_password_returns_401" time="0.690" /><testcase classname="tests.integration.test_auth_flow.TestLogin" name="test_login_unknown_email_returns_401" time="0.014" /><testcase classname="tests.integration.test_auth_flow.TestLogin" name="test_login_by_username" time="0.656" /><testcase classname="tests.integration.test_auth_flow.TestLogin" name="test_login_sets_access_cookie" time="0.652" /><testcase classname="tests.integration.test_auth_flow.TestLogin" name="test_login_sets_refresh_cookie" time="0.663" /><testcase classname="tests.integration.test_auth_flow.TestLogin" name="test_login_missing_email_and_username_returns_422" time="0.006" /><testcase classname="tests.integration.test_auth_flow.TestMe" name="test_me_returns_profile" time="0.682" /><testcase classname="tests.integration.test_auth_flow.TestMe" name="test_me_without_token_returns_401" time="0.021" /><testcase classname="tests.integration.test_auth_flow.TestMe" name="test_me_with_invalid_token_returns_401" time="0.007" /><testcase classname="tests.integration.test_auth_flow.TestTokenRefresh" name="test_refresh_returns_new_access_token" time="0.667" /><testcase classname="tests.integration.test_auth_flow.TestTokenRefresh" name="test_refresh_rotates_refresh_token" time="0.663" /><testcase classname="tests.integration.test_auth_flow.TestTokenRefresh" name="test_refresh_with_invalid_token_returns_401" time="0.012" /><testcase classname="tests.integration.test_auth_flow.TestTokenRefresh" name="test_refresh_token_cannot_be_reused" time="0.664" /><testcase classname="tests.integration.test_auth_flow.TestLogout" name="test_logout_returns_200" time="0.673" /><testcase classname="tests.integration.test_auth_flow.TestLogout" name="test_logout_all_returns_200" time="0.670" /><testcase classname="tests.integration.test_auth_flow.TestPasswordReset" name="test_forgot_password_always_returns_200" time="0.019" /><testcase classname="tests.integration.test_auth_flow.TestPasswordReset" name="test_forgot_password_known_email_returns_200" time="0.359" /><testcase classname="tests.integration.test_auth_flow.TestPasswordReset" name="test_forgot_password_exposes_reset_token_in_test_mode" time="0.342" /><testcase classname="tests.integration.test_auth_flow.TestPasswordReset" name="test_reset_password_with_signed_token" time="0.674" /><testcase classname="tests.integration.test_auth_flow.TestPasswordReset" name="test_reset_password_invalid_token_returns_400" time="0.013" /><testcase classname="tests.integration.test_auth_flow.TestPasswordReset" name="test_reset_password_reuse_returns_400" time="0.677" /><testcase classname="tests.integration.test_auth_flow.TestPasswordReset" name="test_can_login_with_new_password_after_reset" time="1.011" /><testcase classname="tests.integration.test_auth_flow.TestPasswordReset" name="test_old_password_rejected_after_reset" time="1.022" /><testcase classname="tests.integration.test_auth_flow.TestCSRF" name="test_csrf_token_endpoint_returns_token" time="0.006" /><testcase classname="tests.integration.test_auth_flow.TestCSRF" name="test_csrf_token_sets_cookie" time="0.006" /><testcase classname="tests.integration.test_auth_flow.TestCSRF" name="test_csrf_cookie_matches_body_token" time="0.006" /><testcase classname="tests.integration.test_auth_flow.TestCSRF" name="test_csrf_tokens_are_unique_per_request" time="0.008" /><testcase classname="tests.integration.test_auth_flow.TestRateLimiting" name="test_login_rate_limit_triggers_429" time="0.040" /><testcase classname="tests.integration.test_broker.TestBrokerLifecycle" name="test_connect_returns_true" time="0.006" /><testcase classname="tests.integration.test_broker.TestBrokerLifecycle" name="test_disconnect_returns_true" time="0.007" /><testcase classname="tests.integration.test_broker.TestBrokerLifecycle" name="test_account_balance_matches_initial" time="0.012" /><testcase classname="tests.integration.test_broker.TestBrokerLifecycle" name="test_no_positions_on_fresh_connect" time="0.006" /><testcase classname="tests.integration.test_broker.TestBrokerLifecycle" name="test_context_manager_protocol" time="0.006" /><testcase classname="tests.integration.test_broker.TestOrderPlacement" name="test_market_buy_creates_position" time="0.010" /><testcase classname="tests.integration.test_broker.TestOrderPlacement" name="test_market_sell_creates_position" time="0.007" /><testcase classname="tests.integration.test_broker.TestOrderPlacement" name="test_close_position_removes_it" time="0.012" /><testcase classname="tests.integration.test_broker.TestOrderPlacement" name="test_price_update_reflected" time="0.006" /><testcase classname="tests.integration.test_broker.TestOrderPlacement" name="test_multiple_symbols_independent" time="0.008" /><testcase classname="tests.integration.test_broker.TestPnLCalculation" name="test_long_profit_on_price_rise" time="0.007" /><testcase classname="tests.integration.test_broker.TestPnLCalculation" name="test_long_loss_on_price_drop" time="0.012" /><testcase classname="tests.integration.test_broker.TestPnLCalculation" name="test_short_profit_on_price_drop" time="0.009" /><testcase classname="tests.integration.test_broker.TestPnLCalculation" name="test_zero_pnl_on_flat_price" time="0.007" /><testcase classname="tests.integration.test_broker.TestAccountState" name="test_account_info_has_required_fields" time="0.010" /><testcase classname="tests.integration.test_broker.TestAccountState" name="test_equity_equals_balance_with_no_positions" time="0.006" /><testcase classname="tests.integration.test_broker.TestAccountState" name="test_custom_initial_balance" time="0.013" /><testcase classname="tests.integration.test_broker.TestEdgeCases" name="test_close_nonexistent_position_returns_false" time="0.012" /><testcase classname="tests.integration.test_broker.TestEdgeCases" name="test_get_market_price_unknown_symbol_returns_zero_or_none" time="0.008" /><testcase classname="tests.integration.test_broker.TestEdgeCases" name="test_place_order_without_price_uses_default" time="0.015" /><testcase classname="tests.integration.test_broker.TestEdgeCases" name="test_double_connect_is_idempotent" time="0.007" /><testcase classname="tests.integration.test_compliance_risk.TestAuthGates" name="test_no_token_returns_401[GET-/api/calendar/upcoming]" time="0.032" /><testcase classname="tests.integration.test_compliance_risk.TestAuthGates" name="test_no_token_returns_401[GET-/api/calendar/today]" time="0.021" /><testcase classname="tests.integration.test_compliance_risk.TestAuthGates" name="test_no_token_returns_401[GET-/api/calendar/high-impact]" time="0.020" /><testcase classname="tests.integration.test_compliance_risk.TestAuthGates" name="test_no_token_returns_401[GET-/api/calendar/auto-pause]" time="0.020" /><testcase classname="tests.integration.test_compliance_risk.TestAuthGates" name="test_no_token_returns_401[POST-/api/calendar/auto-pause]" time="0.019" /><testcase classname="tests.integration.test_compliance_risk.TestAuthGates" name="test_no_token_returns_401[GET-/api/calendar/fomc]" time="0.013" /><testcase classname="tests.integration.test_compliance_risk.TestAuthGates" name="test_no_token_returns_401[GET-/api/calendar/fomc/regime]" time="0.016" /><testcase classname="tests.integration.test_compliance_risk.TestAuthGates" name="test_no_token_returns_401[POST-/api/calendar/fomc/regime]" time="0.020" /><testcase classname="tests.integration.test_compliance_risk.TestAuthGates" name="test_no_token_returns_401[DELETE-/api/calendar/fomc/regime]" time="0.013" /><testcase classname="tests.integration.test_compliance_risk.TestAuthGates" name="test_no_token_returns_401[GET-/api/advanced/cot-sentiment]" time="0.015" /><testcase classname="tests.integration.test_compliance_risk.TestAuthGates" name="test_no_token_returns_401[GET-/api/signals/summary]" time="0.022" /><testcase classname="tests.integration.test_compliance_risk.TestAuthGates" name="test_no_token_returns_401[GET-/api/signals/active]" time="0.016" /><testcase classname="tests.integration.test_compliance_risk.TestAuthGates" name="test_no_token_returns_401[GET-/api/signals/history]" time="0.017" /><testcase classname="tests.integration.test_compliance_risk.TestAuthGates" name="test_no_token_returns_401[GET-/api/signals/analytics]" time="0.014" /><testcase classname="tests.integration.test_compliance_risk.TestAuthGates" name="test_no_token_returns_401[GET-/api/data-layer/health]" time="0.024" /><testcase classname="tests.integration.test_compliance_risk.TestAuthGates" name="test_no_token_returns_401[GET-/api/data-layer/tick]" time="0.026" /><testcase classname="tests.integration.test_compliance_risk.TestAuthGates" name="test_no_token_returns_401[GET-/api/data-layer/sentiment]" time="0.021" /><testcase classname="tests.integration.test_compliance_risk.TestAuthGates" name="test_no_token_returns_401[GET-/api/data-layer/quality]" time="0.020" /><testcase classname="tests.integration.test_compliance_risk.TestAuthGates" name="test_no_token_returns_401[GET-/api/settings/preferences]" time="0.012" /><testcase classname="tests.integration.test_compliance_risk.TestAuthGates" name="test_no_token_returns_401[GET-/api/settings/appearance]" time="0.011" /><testcase classname="tests.integration.test_compliance_risk.TestAuthGates" name="test_no_token_returns_401[GET-/api/settings/trading]" time="0.012" /><testcase classname="tests.integration.test_compliance_risk.TestAuthGates" name="test_no_token_returns_401[GET-/api/settings/privacy]" time="0.015" /><testcase classname="tests.integration.test_compliance_risk.TestAuthGates" name="test_no_token_returns_401[GET-/api/settings/integrations]" time="0.010" /><testcase classname="tests.integration.test_compliance_risk.TestAuthGates" name="test_no_token_returns_401[GET-/api/settings/accessibility]" time="0.019" /><testcase classname="tests.integration.test_compliance_risk.TestAuthGates" name="test_no_token_returns_401[GET-/api/settings/api-keys]" time="0.010" /><testcase classname="tests.integration.test_compliance_risk.TestAuthGates" name="test_no_token_returns_401[GET-/api/tca/report]" time="0.016" /><testcase classname="tests.integration.test_compliance_risk.TestAuthGates" name="test_no_token_returns_401[GET-/api/tca/records]" time="0.013" /><testcase classname="tests.integration.test_compliance_risk.TestAuthGates" name="test_no_token_returns_401[GET-/api/tca/alerts]" time="0.021" /><testcase classname="tests.integration.test_compliance_risk.TestAuthGates" name="test_no_token_returns_401[GET-/api/tca/stats]" time="0.020" /><testcase classname="tests.integration.test_compliance_risk.TestAuthGates" name="test_no_token_returns_401[GET-/api/chaos/results]" time="0.021" /><testcase classname="tests.integration.test_compliance_risk.TestAuthGates" name="test_no_token_returns_401[GET-/api/chaos/status]" time="0.019" /><testcase classname="tests.integration.test_compliance_risk.TestAuthGates" name="test_no_token_returns_401[GET-/api/monetization/pricing]" time="0.012" /><testcase classname="tests.integration.test_compliance_risk.TestAuthGates" name="test_no_token_returns_401[GET-/api/monetization/marketplace/strategies]" time="0.010" /><testcase classname="tests.integration.test_compliance_risk.TestAuthGates" name="test_no_token_returns_401[GET-/kyc/status]" time="0.015" /><testcase classname="tests.integration.test_compliance_risk.TestAuthGates" name="test_expired_token_returns_401[GET-/api/calendar/upcoming]" time="0.018" /><testcase classname="tests.integration.test_compliance_risk.TestAuthGates" name="test_expired_token_returns_401[GET-/api/calendar/today]" time="0.016" /><testcase classname="tests.integration.test_compliance_risk.TestAuthGates" name="test_expired_token_returns_401[GET-/api/calendar/high-impact]" time="0.012" /><testcase classname="tests.integration.test_compliance_risk.TestAuthGates" name="test_expired_token_returns_401[GET-/api/calendar/auto-pause]" time="0.010" /><testcase classname="tests.integration.test_compliance_risk.TestAuthGates" name="test_expired_token_returns_401[POST-/api/calendar/auto-pause]" time="0.012" /><testcase classname="tests.integration.test_compliance_risk.TestAuthGates" name="test_expired_token_returns_401[GET-/api/calendar/fomc]" time="0.014" /><testcase classname="tests.integration.test_compliance_risk.TestAuthGates" name="test_expired_token_returns_401[GET-/api/calendar/fomc/regime]" time="0.011" /><testcase classname="tests.integration.test_compliance_risk.TestAuthGates" name="test_expired_token_returns_401[POST-/api/calendar/fomc/regime]" time="0.012" /><testcase classname="tests.integration.test_compliance_risk.TestAuthGates" name="test_expired_token_returns_401[DELETE-/api/calendar/fomc/regime]" time="0.011" /><testcase classname="tests.integration.test_compliance_risk.TestAuthGates" name="test_expired_token_returns_401[GET-/api/advanced/cot-sentiment]" time="0.016" /><testcase classname="tests.integration.test_compliance_risk.TestAuthGates" name="test_expired_token_returns_401[GET-/api/signals/summary]" time="0.012" /><testcase classname="tests.integration.test_compliance_risk.TestAuthGates" name="test_expired_token_returns_401[GET-/api/signals/active]" time="0.013" /><testcase classname="tests.integration.test_compliance_risk.TestAuthGates" name="test_expired_token_returns_401[GET-/api/signals/history]" time="0.013" /><testcase classname="tests.integration.test_compliance_risk.TestAuthGates" name="test_expired_token_returns_401[GET-/api/signals/analytics]" time="0.012" /><testcase classname="tests.integration.test_compliance_risk.TestAuthGates" name="test_expired_token_returns_401[GET-/api/data-layer/health]" time="0.015" /><testcase classname="tests.integration.test_compliance_risk.TestAuthGates" name="test_expired_token_returns_401[GET-/api/data-layer/tick]" time="0.016" /><testcase classname="tests.integration.test_compliance_risk.TestAuthGates" name="test_expired_token_returns_401[GET-/api/data-layer/sentiment]" time="0.015" /><testcase classname="tests.integration.test_compliance_risk.TestAuthGates" name="test_expired_token_returns_401[GET-/api/data-layer/quality]" time="0.018" /><testcase classname="tests.integration.test_compliance_risk.TestAuthGates" name="test_expired_token_returns_401[GET-/api/settings/preferences]" time="0.016" /><testcase classname="tests.integration.test_compliance_risk.TestAuthGates" name="test_expired_token_returns_401[GET-/api/settings/appearance]" time="0.017" /><testcase classname="tests.integration.test_compliance_risk.TestAuthGates" name="test_expired_token_returns_401[GET-/api/settings/trading]" time="0.015" /><testcase classname="tests.integration.test_compliance_risk.TestAuthGates" name="test_expired_token_returns_401[GET-/api/settings/privacy]" time="0.015" /><testcase classname="tests.integration.test_compliance_risk.TestAuthGates" name="test_expired_token_returns_401[GET-/api/settings/integrations]" time="0.017" /><testcase classname="tests.integration.test_compliance_risk.TestAuthGates" name="test_expired_token_returns_401[GET-/api/settings/accessibility]" time="0.012" /><testcase classname="tests.integration.test_compliance_risk.TestAuthGates" name="test_expired_token_returns_401[GET-/api/settings/api-keys]" time="0.011" /><testcase classname="tests.integration.test_compliance_risk.TestAuthGates" name="test_expired_token_returns_401[GET-/api/tca/report]" time="0.012" /><testcase classname="tests.integration.test_compliance_risk.TestAuthGates" name="test_expired_token_returns_401[GET-/api/tca/records]" time="0.012" /><testcase classname="tests.integration.test_compliance_risk.TestAuthGates" name="test_expired_token_returns_401[GET-/api/tca/alerts]" time="0.012" /><testcase classname="tests.integration.test_compliance_risk.TestAuthGates" name="test_expired_token_returns_401[GET-/api/tca/stats]" time="0.012" /><testcase classname="tests.integration.test_compliance_risk.TestAuthGates" name="test_expired_token_returns_401[GET-/api/chaos/results]" time="0.014" /><testcase classname="tests.integration.test_compliance_risk.TestAuthGates" name="test_expired_token_returns_401[GET-/api/chaos/status]" time="0.016" /><testcase classname="tests.integration.test_compliance_risk.TestAuthGates" name="test_expired_token_returns_401[GET-/api/monetization/pricing]" time="0.010" /><testcase classname="tests.integration.test_compliance_risk.TestAuthGates" name="test_expired_token_returns_401[GET-/api/monetization/marketplace/strategies]" time="0.009" /><testcase classname="tests.integration.test_compliance_risk.TestAuthGates" name="test_expired_token_returns_401[GET-/kyc/status]" time="0.013" /><testcase classname="tests.integration.test_compliance_risk.TestRoleEnforcement" name="test_user_token_returns_403[GET-/api/admin/settings/system]" time="0.010" /><testcase classname="tests.integration.test_compliance_risk.TestRoleEnforcement" name="test_user_token_returns_403[POST-/api/admin/backup/trigger]" time="0.015" /><testcase classname="tests.integration.test_compliance_risk.TestRoleEnforcement" name="test_user_token_returns_403[POST-/api/admin/kill-switch/global]" time="0.012" /><testcase classname="tests.integration.test_compliance_risk.TestRoleEnforcement" name="test_user_token_returns_403[DELETE-/api/tca/records]" time="0.013" /><testcase classname="tests.integration.test_compliance_risk.TestRoleEnforcement" name="test_user_token_returns_403[POST-/api/chaos/run]" time="0.015" /><testcase classname="tests.integration.test_compliance_risk.TestRoleEnforcement" name="test_user_token_returns_403[POST-/api/chaos/mutation/run]" time="0.015" /><testcase classname="tests.integration.test_compliance_risk.TestRoleEnforcement" name="test_user_token_returns_403[GET-/api/monetization/marketplace/submissions/pending]" time="0.012" /><testcase classname="tests.integration.test_compliance_risk.TestRoleEnforcement" name="test_user_token_returns_403[POST-/api/monetization/marketplace/payouts/process]" time="0.011" /><testcase classname="tests.integration.test_compliance_risk.TestRoleEnforcement" name="test_user_token_returns_403[GET-/api/monetization/marketplace/platform/revenue]" time="0.011" /><testcase classname="tests.integration.test_compliance_risk.TestRoleEnforcement" name="test_user_token_returns_403[POST-/kyc/sanctions/screen]" time="0.019" /><testcase classname="tests.integration.test_compliance_risk.TestRoleEnforcement" name="test_trader_token_returns_403[GET-/api/admin/settings/system]" time="0.018" /><testcase classname="tests.integration.test_compliance_risk.TestRoleEnforcement" name="test_trader_token_returns_403[POST-/api/admin/backup/trigger]" time="0.017" /><testcase classname="tests.integration.test_compliance_risk.TestRoleEnforcement" name="test_trader_token_returns_403[POST-/api/admin/kill-switch/global]" time="0.022" /><testcase classname="tests.integration.test_compliance_risk.TestRoleEnforcement" name="test_trader_token_returns_403[DELETE-/api/tca/records]" time="0.022" /><testcase classname="tests.integration.test_compliance_risk.TestRoleEnforcement" name="test_trader_token_returns_403[POST-/api/chaos/run]" time="0.019" /><testcase classname="tests.integration.test_compliance_risk.TestRoleEnforcement" name="test_trader_token_returns_403[POST-/api/chaos/mutation/run]" time="0.019" /><testcase classname="tests.integration.test_compliance_risk.TestRoleEnforcement" name="test_trader_token_returns_403[GET-/api/monetization/marketplace/submissions/pending]" time="0.017" /><testcase classname="tests.integration.test_compliance_risk.TestRoleEnforcement" name="test_trader_token_returns_403[POST-/api/monetization/marketplace/payouts/process]" time="0.010" /><testcase classname="tests.integration.test_compliance_risk.TestRoleEnforcement" name="test_trader_token_returns_403[GET-/api/monetization/marketplace/platform/revenue]" time="0.010" /><testcase classname="tests.integration.test_compliance_risk.TestRoleEnforcement" name="test_trader_token_returns_403[POST-/kyc/sanctions/screen]" time="0.014" /><testcase classname="tests.integration.test_compliance_risk.TestFomcRegime" name="test_set_regime_requires_auth" time="0.011" /><testcase classname="tests.integration.test_compliance_risk.TestFomcRegime" name="test_set_hawkish_regime" time="0.032" /><testcase classname="tests.integration.test_compliance_risk.TestFomcRegime" name="test_set_dovish_regime" time="0.027" /><testcase classname="tests.integration.test_compliance_risk.TestFomcRegime" name="test_set_neutral_regime" time="0.028" /><testcase classname="tests.integration.test_compliance_risk.TestFomcRegime" name="test_invalid_outcome_returns_400" time="0.013" /><testcase classname="tests.integration.test_compliance_risk.TestFomcRegime" name="test_multiplier_bounded" time="0.101" /><testcase classname="tests.integration.test_compliance_risk.TestFomcRegime" name="test_clear_regime_requires_auth" time="0.017" /><testcase classname="tests.integration.test_compliance_risk.TestFomcRegime" name="test_clear_regime" time="0.049" /><testcase classname="tests.integration.test_compliance_risk.TestAutoPause" name="test_set_auto_pause_requires_auth" time="0.012" /><testcase classname="tests.integration.test_compliance_risk.TestAutoPause" name="test_set_and_get_auto_pause" time="0.050" /><testcase classname="tests.integration.test_compliance_risk.TestAutoPause" name="test_auto_pause_invalid_minutes_rejected" time="0.018" /><testcase classname="tests.integration.test_compliance_risk.TestKycEndpoints" name="test_kyc_status_requires_auth" time="0.014" /><testcase classname="tests.integration.test_compliance_risk.TestKycEndpoints" name="test_kyc_status_with_auth" time="0.012" /><testcase classname="tests.integration.test_compliance_risk.TestKycEndpoints" name="test_kyc_status_response_structure" time="0.014" /><testcase classname="tests.integration.test_compliance_risk.TestKycEndpoints" name="test_sanctions_screen_requires_admin" time="0.044" /><testcase classname="tests.integration.test_compliance_risk.TestTcaEndpoints" name="test_report_requires_auth" time="0.012" /><testcase classname="tests.integration.test_compliance_risk.TestTcaEndpoints" name="test_report_with_auth" time="0.012" /><testcase classname="tests.integration.test_compliance_risk.TestTcaEndpoints" name="test_records_requires_auth" time="0.011" /><testcase classname="tests.integration.test_compliance_risk.TestTcaEndpoints" name="test_alerts_requires_auth" time="0.011" /><testcase classname="tests.integration.test_compliance_risk.TestTcaEndpoints" name="test_stats_requires_auth" time="0.011" /><testcase classname="tests.integration.test_compliance_risk.TestTcaEndpoints" name="test_flush_requires_admin" time="0.021" /><testcase classname="tests.integration.test_compliance_risk.TestTcaEndpoints" name="test_flush_succeeds_for_admin" time="0.021" /><testcase classname="tests.integration.test_compliance_risk.TestChaosEndpoints" name="test_results_requires_auth" time="0.021" /><testcase classname="tests.integration.test_compliance_risk.TestChaosEndpoints" name="test_status_requires_auth" time="0.024" /><testcase classname="tests.integration.test_compliance_risk.TestChaosEndpoints" name="test_run_requires_admin" time="0.046" /><testcase classname="tests.integration.test_compliance_risk.TestChaosEndpoints" name="test_mutation_run_requires_admin" time="0.023" /><testcase classname="tests.integration.test_compliance_risk.TestChaosEndpoints" name="test_results_accessible_to_user" time="0.013" /><testcase classname="tests.integration.test_compliance_risk.TestChaosEndpoints" name="test_status_accessible_to_user" time="0.013" /><testcase classname="tests.integration.test_compliance_risk.TestSignalDisclaimer" name="test_summary_requires_auth" time="0.011" /><testcase classname="tests.integration.test_compliance_risk.TestSignalDisclaimer" name="test_summary_contains_disclaimer" time="0.011" /><testcase classname="tests.integration.test_compliance_risk.TestSignalDisclaimer" name="test_active_signals_contains_disclaimer" time="0.011" /><testcase classname="tests.integration.test_compliance_risk.TestSignalDisclaimer" name="test_generate_signal_requires_auth" time="0.014" /><testcase classname="tests.integration.test_compliance_risk.TestSignalDisclaimer" name="test_generate_signal_disclaimer_present" time="0.013" /><testcase classname="tests.integration.test_compliance_risk.TestDataLayerAuth" name="test_requires_auth[/api/data-layer/health]" time="0.010" /><testcase classname="tests.integration.test_compliance_risk.TestDataLayerAuth" name="test_requires_auth[/api/data-layer/tick]" time="0.013" /><testcase classname="tests.integration.test_compliance_risk.TestDataLayerAuth" name="test_requires_auth[/api/data-layer/sentiment]" time="0.012" /><testcase classname="tests.integration.test_compliance_risk.TestDataLayerAuth" name="test_requires_auth[/api/data-layer/macro]" time="0.014" /><testcase classname="tests.integration.test_compliance_risk.TestDataLayerAuth" name="test_requires_auth[/api/data-layer/microstructure]" time="0.014" /><testcase classname="tests.integration.test_compliance_risk.TestDataLayerAuth" name="test_requires_auth[/api/data-layer/quality]" time="0.017" /><testcase classname="tests.integration.test_compliance_risk.TestDataLayerAuth" name="test_requires_auth[/api/data-layer/lineage]" time="0.017" /><testcase classname="tests.integration.test_compliance_risk.TestDataLayerAuth" name="test_requires_auth[/api/data-layer/feeds]" time="0.019" /><testcase classname="tests.integration.test_compliance_risk.TestDataLayerAuth" name="test_requires_auth[/api/data-layer/ml-features]" time="0.015" /><testcase classname="tests.integration.test_compliance_risk.TestDataLayerAuth" name="test_accessible_with_auth[/api/data-layer/health]" time="0.015" /><testcase classname="tests.integration.test_compliance_risk.TestDataLayerAuth" name="test_accessible_with_auth[/api/data-layer/tick]" time="0.111" /><testcase classname="tests.integration.test_compliance_risk.TestDataLayerAuth" name="test_accessible_with_auth[/api/data-layer/sentiment]" time="0.017" /><testcase classname="tests.integration.test_compliance_risk.TestDataLayerAuth" name="test_accessible_with_auth[/api/data-layer/macro]" time="0.031" /><testcase classname="tests.integration.test_compliance_risk.TestDataLayerAuth" name="test_accessible_with_auth[/api/data-layer/microstructure]" time="0.018" /><testcase classname="tests.integration.test_compliance_risk.TestDataLayerAuth" name="test_accessible_with_auth[/api/data-layer/quality]" time="0.023" /><testcase classname="tests.integration.test_compliance_risk.TestDataLayerAuth" name="test_accessible_with_auth[/api/data-layer/lineage]" time="0.020" /><testcase classname="tests.integration.test_compliance_risk.TestDataLayerAuth" name="test_accessible_with_auth[/api/data-layer/feeds]" time="0.019" /><testcase classname="tests.integration.test_compliance_risk.TestDataLayerAuth" name="test_accessible_with_auth[/api/data-layer/ml-features]" time="0.025" /><testcase classname="tests.integration.test_compliance_risk.TestSettingsAuth" name="test_user_settings_require_auth[GET-/api/settings/preferences]" time="0.013" /><testcase classname="tests.integration.test_compliance_risk.TestSettingsAuth" name="test_user_settings_require_auth[GET-/api/settings/appearance]" time="0.013" /><testcase classname="tests.integration.test_compliance_risk.TestSettingsAuth" name="test_user_settings_require_auth[GET-/api/settings/trading]" time="0.011" /><testcase classname="tests.integration.test_compliance_risk.TestSettingsAuth" name="test_user_settings_require_auth[GET-/api/settings/privacy]" time="0.011" /><testcase classname="tests.integration.test_compliance_risk.TestSettingsAuth" name="test_user_settings_require_auth[GET-/api/settings/integrations]" time="0.010" /><testcase classname="tests.integration.test_compliance_risk.TestSettingsAuth" name="test_user_settings_require_auth[GET-/api/settings/accessibility]" time="0.011" /><testcase classname="tests.integration.test_compliance_risk.TestSettingsAuth" name="test_user_settings_require_auth[GET-/api/settings/api-keys]" time="0.015" /><testcase classname="tests.integration.test_compliance_risk.TestSettingsAuth" name="test_user_settings_accessible_with_auth[GET-/api/settings/preferences]" time="0.017" /><testcase classname="tests.integration.test_compliance_risk.TestSettingsAuth" name="test_user_settings_accessible_with_auth[GET-/api/settings/appearance]" time="0.013" /><testcase classname="tests.integration.test_compliance_risk.TestSettingsAuth" name="test_user_settings_accessible_with_auth[GET-/api/settings/trading]" time="0.015" /><testcase classname="tests.integration.test_compliance_risk.TestSettingsAuth" name="test_user_settings_accessible_with_auth[GET-/api/settings/privacy]" time="0.019" /><testcase classname="tests.integration.test_compliance_risk.TestSettingsAuth" name="test_user_settings_accessible_with_auth[GET-/api/settings/integrations]" time="0.012" /><testcase classname="tests.integration.test_compliance_risk.TestSettingsAuth" name="test_user_settings_accessible_with_auth[GET-/api/settings/accessibility]" time="0.014" /><testcase classname="tests.integration.test_compliance_risk.TestSettingsAuth" name="test_user_settings_accessible_with_auth[GET-/api/settings/api-keys]" time="0.016" /><testcase classname="tests.integration.test_compliance_risk.TestSettingsAuth" name="test_admin_settings_require_admin[GET-/api/admin/settings/system]" time="0.025" /><testcase classname="tests.integration.test_compliance_risk.TestSettingsAuth" name="test_admin_settings_require_admin[POST-/api/admin/backup/trigger]" time="0.020" /><testcase classname="tests.integration.test_compliance_risk.TestSettingsAuth" name="test_admin_settings_require_admin[POST-/api/admin/kill-switch/global]" time="0.020" /><testcase classname="tests.integration.test_compliance_risk.TestSettingsAuth" name="test_kill_switch_admin_only" time="0.035" /><testcase classname="tests.integration.test_compliance_risk.TestMonetizationAdminRoutes" name="test_pending_submissions_requires_admin" time="0.039" /><testcase classname="tests.integration.test_compliance_risk.TestMonetizationAdminRoutes" name="test_process_payouts_requires_admin" time="0.025" /><testcase classname="tests.integration.test_compliance_risk.TestMonetizationAdminRoutes" name="test_platform_revenue_requires_admin" time="0.021" /><testcase classname="tests.integration.test_compliance_risk.TestMonetizationAdminRoutes" name="test_pricing_requires_auth" time="0.019" /><testcase classname="tests.integration.test_compliance_risk.TestPublicEndpoints" name="test_stripe_webhook_is_public" time="0.018" /><testcase classname="tests.integration.test_compliance_risk.TestPublicEndpoints" name="test_shared_backtest_is_public" time="0.012" /><testcase classname="tests.integration.test_compliance_risk.TestPublicEndpoints" name="test_kyc_sumsub_webhook_is_public" time="0.017" /><testcase classname="tests.integration.test_compliance_risk.TestPublicEndpoints" name="test_kyc_onfido_webhook_is_public" time="0.019" /><testcase classname="tests.integration.test_compliance_risk.TestPublicEndpoints" name="test_crypto_payment_webhook_is_public" time="0.015" /><testcase classname="tests.integration.test_compliance_risk.TestRiskLimits" name="test_fomc_multiplier_exact[hawkish]" time="0.031" /><testcase classname="tests.integration.test_compliance_risk.TestRiskLimits" name="test_fomc_multiplier_exact[dovish]" time="0.023" /><testcase classname="tests.integration.test_compliance_risk.TestRiskLimits" name="test_fomc_multiplier_exact[neutral]" time="0.026" /><testcase classname="tests.integration.test_compliance_risk.TestRiskLimits" name="test_fomc_regime_expires_field_present" time="0.028" /><testcase classname="tests.integration.test_compliance_risk.TestRiskLimits" name="test_auto_pause_minutes_before_positive" time="0.021" /><testcase classname="tests.integration.test_compliance_risk.TestTokenValidation" name="test_malformed_token_returns_401[not-a-jwt]" time="0.015" /><testcase classname="tests.integration.test_compliance_risk.TestTokenValidation" name="test_malformed_token_returns_401[Bearer]" time="0.012" /><testcase classname="tests.integration.test_compliance_risk.TestTokenValidation" name="test_malformed_token_returns_401[eyJhbGciOiJIUzI1NiJ9.bad.sig]" time="0.017" /><testcase classname="tests.integration.test_compliance_risk.TestTokenValidation" name="test_malformed_token_returns_401[null]" time="0.013" /><testcase classname="tests.integration.test_compliance_risk.TestTokenValidation" name="test_malformed_token_returns_401[]" time="0.017" /><testcase classname="tests.integration.test_compliance_risk.TestTokenValidation" name="test_wrong_algorithm_rejected" time="0.018" /><testcase classname="tests.integration.test_mcc_signal_pipeline.TestMCCBrokerWiring" name="test_execute_signal_calls_broker_place_order" time="0.007" /><testcase classname="tests.integration.test_mcc_signal_pipeline.TestMCCBrokerWiring" name="test_execute_signal_sell" time="0.017" /><testcase classname="tests.integration.test_mcc_signal_pipeline.TestMCCBrokerWiring" name="test_execute_signal_hold_is_noop" time="0.008" /><testcase classname="tests.integration.test_mcc_signal_pipeline.TestMCCBrokerWiring" name="test_execute_signal_no_broker_is_graceful" time="0.008" /><testcase classname="tests.integration.test_mcc_signal_pipeline.TestMCCKillSwitch" name="test_kill_switch_closes_positions" time="0.011" /><testcase classname="tests.integration.test_mcc_signal_pipeline.TestMCCKillSwitch" name="test_kill_switch_blocks_further_signals" time="0.010" /><testcase classname="tests.integration.test_mcc_signal_pipeline.TestMCCAggregation" name="test_no_signals_returns_hold" time="0.004" /><testcase classname="tests.integration.test_mcc_signal_pipeline.TestMCCAggregation" name="test_single_buy_signal_returns_buy" time="0.004" /><testcase classname="tests.integration.test_mcc_signal_pipeline.TestMCCAggregation" name="test_conflicting_signals_returns_hold_when_tied" time="0.004" /><testcase classname="tests.integration.test_mcc_signal_pipeline.TestMCCAggregation" name="test_majority_buy_signal" time="0.004" /><testcase classname="tests.integration.test_mcc_signal_pipeline.TestMCCRiskGate" name="test_kill_switch_blocks_signal_processing" time="0.004" /><testcase classname="tests.integration.test_mcc_signal_pipeline.TestMCCRiskGate" name="test_daily_loss_limit_rejects_signal" time="0.004" /><testcase classname="tests.integration.test_mcc_signal_pipeline.TestGetBrokerManager" name="test_returns_none_when_no_app_state" time="0.003" /><testcase classname="tests.integration.test_mcc_signal_pipeline.TestGetBrokerManager" name="test_returns_manager_when_broker_present" time="0.006" /><testcase classname="tests.integration.test_mcc_signal_pipeline.TestGetBrokerManager" name="test_caches_manager_for_same_broker" time="0.006" /><testcase classname="tests.integration.test_payments_integration.TestCryptoPaymentModel" name="test_create_and_retrieve_payment" time="0.097" /><testcase classname="tests.integration.test_payments_integration.TestCryptoPaymentModel" name="test_payment_id_is_unique" time="0.006" /><testcase classname="tests.integration.test_payments_integration.TestCryptoPaymentModel" name="test_to_dict_returns_correct_fields" time="0.005" /><testcase classname="tests.integration.test_payments_integration.TestCryptoPaymentModel" name="test_update_payment_status" time="0.007" /><testcase classname="tests.integration.test_payments_integration.TestCryptoPaymentModel" name="test_webhook_payload_stored_as_json" time="0.008" /><testcase classname="tests.integration.test_payments_integration.TestOutboxEventModel" name="test_create_outbox_event" time="0.013" /><testcase classname="tests.integration.test_payments_integration.TestOutboxEventModel" name="test_outbox_event_published_at_update" time="0.007" /><testcase classname="tests.integration.test_payments_integration.TestOutboxEventModel" name="test_unpublished_events_query" time="0.013" /><testcase classname="tests.integration.test_payments_integration.TestConfigStoreModel" name="test_create_and_retrieve_config" time="0.007" /><testcase classname="tests.integration.test_payments_integration.TestConfigStoreModel" name="test_config_key_is_unique" time="0.008" /><testcase classname="tests.integration.test_payments_integration.TestConfigStoreModel" name="test_update_config_value" time="0.006" /><testcase classname="tests.integration.test_payments_integration.TestRateFeedIntegration" name="test_rate_feed_returns_positive_prices" time="0.021" /><testcase classname="tests.integration.test_payments_integration.TestRateFeedIntegration" name="test_usdt_rate_is_approximately_one" time="0.008" /><testcase classname="tests.integration.test_redis.TestRedisPackage" name="test_redis_importable" time="0.003" /><testcase classname="tests.integration.test_redis.TestRedisPackage" name="test_redis_exceptions_importable" time="0.003" /><testcase classname="tests.integration.test_redis.TestRedisPackage" name="test_connection_refused_raises" time="6.102" /><testcase classname="tests.integration.test_redis.TestRedisLive" name="test_ping" time="0.010" /><testcase classname="tests.integration.test_redis.TestRedisLive" name="test_set_and_get" time="0.010" /><testcase classname="tests.integration.test_redis.TestRedisLive" name="test_key_expiry" time="0.210" /><testcase classname="tests.integration.test_redis.TestRedisLive" name="test_delete" time="0.012" /><testcase classname="tests.integration.test_redis.TestRedisLive" name="test_incr_decr" time="0.011" /><testcase classname="tests.integration.test_redis.TestRedisLive" name="test_hash_operations" time="0.010" /><testcase classname="tests.integration.test_redis.TestRedisLive" name="test_list_push_pop" time="0.015" /><testcase classname="tests.integration.test_redis.TestRedisLive" name="test_publish_subscribe" time="0.064" /><testcase classname="tests.integration.test_redis.TestMarketDataCacheLive" name="test_cache_initialises" time="0.013" /><testcase classname="tests.integration.test_redis.TestMarketDataCacheLive" name="test_cache_and_retrieve_ohlcv" time="0.026" /><testcase classname="tests.integration.test_redis.TestMarketDataCacheLive" name="test_cache_tick" time="0.022" /><testcase classname="tests.integration.test_redis.TestMarketDataCacheLive" name="test_stats_accessible" time="0.012" /><testcase classname="tests.integration.test_repository_db.TestTradeRepository" name="test_create_and_get_by_id" time="0.001"><error message="failed on setup with &quot;ModuleNotFoundError: No module named 'aiosqlite'&quot;">@pytest.fixture(scope="module")
    def async_engine():
        """Module-scoped async engine with tables created once."""
        import asyncio

&gt;       eng = create_async_engine(
            _ASYNC_URL,
            connect_args={"check_same_thread": False},
            poolclass=StaticPool,
        )

tests/integration/test_repository_db.py:78:
_ _ _ _ _ _ _ _ _ _ _ _ _ _ _ _ _ _ _ _ _ _ _ _ _ _ _ _ _ _ _ _ _ _ _ _ _ _ _ _

func = &lt;function create_async_engine at 0x7f8919a142c0&gt;, module = None
args = ('sqlite+aiosqlite:///:memory:',)
kwargs = {'connect_args': {'check_same_thread': False}, 'poolclass': &lt;class 'sqlalchemy.pool.impl.StaticPool'&gt;}

    def _wrap_create_async_engine_internal(func, module, args, kwargs):
        """Trace the SQLAlchemy engine, creating an `EngineTracer`
        object that will listen to SQLAlchemy events.
        """
        if not is_instrumentation_enabled():
            return func(*args, **kwargs)

&gt;       engine = func(*args, **kwargs)
                 ^^^^^^^^^^^^^^^^^^^^^

/usr/local/lib/python3.11/dist-packages/opentelemetry/instrumentation/sqlalchemy/engine.py:139:
_ _ _ _ _ _ _ _ _ _ _ _ _ _ _ _ _ _ _ _ _ _ _ _ _ _ _ _ _ _ _ _ _ _ _ _ _ _ _ _

url = 'sqlite+aiosqlite:///:memory:'
kw = {'_is_async': True, 'connect_args': {'check_same_thread': False}, 'poolclass': &lt;class 'sqlalchemy.pool.impl.StaticPool'&gt;}

    def create_async_engine(url: Union[str, URL], **kw: Any) -&gt; AsyncEngine:
        """Create a new async engine instance.

        Arguments passed to :func:`_asyncio.create_async_engine` are mostly
        identical to those passed to the :func:`_sa.create_engine` function.
        The specified dialect must be an asyncio-compatible dialect
        such as :ref:`dialect-postgresql-asyncpg`.

        .. versionadded:: 1.4

        :param async_creator: an async callable which returns a driver-level
            asyncio connection. If given, the function should take no arguments,
            and return a new asyncio connection from the underlying asyncio
            database driver; the connection will be wrapped in the appropriate
            structures to be used with the :class:`.AsyncEngine`.   Note that the
            parameters specified in the URL are not applied here, and the creator
            function should use its own connection parameters.

            This parameter is the asyncio equivalent of the
            :paramref:`_sa.create_engine.creator` parameter of the
            :func:`_sa.create_engine` function.

            .. versionadded:: 2.0.16

        """

        if kw.get("server_side_cursors", False):
            raise async_exc.AsyncMethodRequired(
                "Can't set server_side_cursors for async engine globally; "
                "use the connection.stream() method for an async "
                "streaming result set"
            )
        kw["_is_async"] = True
        async_creator = kw.pop("async_creator", None)
        if async_creator:
            if kw.get("creator", None):
                raise ArgumentError(
                    "Can only specify one of 'async_creator' or 'creator', "
                    "not both."
                )

            def creator() -&gt; Any:
                # note that to send adapted arguments like
                # prepared_statement_cache_size, user would use
                # "creator" and emulate this form here
                return sync_engine.dialect.dbapi.connect(  # type: ignore
                    async_creator_fn=async_creator
                )

            kw["creator"] = creator
&gt;       sync_engine = _create_engine(url, **kw)
                      ^^^^^^^^^^^^^^^^^^^^^^^^^

/usr/local/lib/python3.11/dist-packages/sqlalchemy/ext/asyncio/engine.py:120:
_ _ _ _ _ _ _ _ _ _ _ _ _ _ _ _ _ _ _ _ _ _ _ _ _ _ _ _ _ _ _ _ _ _ _ _ _ _ _ _

url = 'sqlite+aiosqlite:///:memory:'
kwargs = {'_is_async': True, 'connect_args': {'check_same_thread': False}, 'poolclass': &lt;class 'sqlalchemy.pool.impl.StaticPool'&gt;}

&gt;   ???

&lt;string&gt;:2:
_ _ _ _ _ _ _ _ _ _ _ _ _ _ _ _ _ _ _ _ _ _ _ _ _ _ _ _ _ _ _ _ _ _ _ _ _ _ _ _

fn = &lt;function create_engine at 0x7f8919b2aac0&gt;
args = ('sqlite+aiosqlite:///:memory:',)
kwargs = {'_is_async': True, 'connect_args': {'check_same_thread': False}, 'poolclass': &lt;class 'sqlalchemy.pool.impl.StaticPool'&gt;}
m = 'implicit_returning'

    @decorator
    def warned(fn: _F, *args: Any, **kwargs: Any) -&gt; _F:
        for m in check_defaults:
            if (defaults[m] is None and kwargs[m] is not None) or (
                defaults[m] is not None and kwargs[m] != defaults[m]
            ):
                _warn_with_version(
                    messages[m],
                    versions[m],
                    version_warnings[m],
                    stacklevel=3,
                )

        if check_any_kw in messages and set(kwargs).difference(
            check_defaults
        ):
            assert check_any_kw is not None
            _warn_with_version(
                messages[check_any_kw],
                versions[check_any_kw],
                version_warnings[check_any_kw],
                stacklevel=3,
            )

        for m in check_kw:
            if m in kwargs:
                _warn_with_version(
                    messages[m],
                    versions[m],
                    version_warnings[m],
                    stacklevel=3,
                )
&gt;       return fn(*args, **kwargs)  # type: ignore[no-any-return]
               ^^^^^^^^^^^^^^^^^^^

/usr/local/lib/python3.11/dist-packages/sqlalchemy/util/deprecations.py:281:
_ _ _ _ _ _ _ _ _ _ _ _ _ _ _ _ _ _ _ _ _ _ _ _ _ _ _ _ _ _ _ _ _ _ _ _ _ _ _ _

url = 'sqlite+aiosqlite:///:memory:'
kwargs = {'connect_args': {'check_same_thread': False}, 'poolclass': &lt;class 'sqlalchemy.pool.impl.StaticPool'&gt;}
u = sqlite+aiosqlite:///:memory:, plugins = []
entrypoint = &lt;class 'sqlalchemy.dialects.sqlite.aiosqlite.SQLiteDialect_aiosqlite'&gt;
_is_async = True
pop_kwarg = &lt;built-in method pop of dict object at 0x7f881f8be200&gt;
dialect_args = {}

    @util.deprecated_params(
        strategy=(
            "1.4",
            "The :paramref:`_sa.create_engine.strategy` keyword is deprecated, "
            "and the only argument accepted is 'mock'; please use "
            ":func:`.create_mock_engine` going forward.  For general "
            "customization of create_engine which may have been accomplished "
            "using strategies, see :class:`.CreateEnginePlugin`.",
        ),
        empty_in_strategy=(
            "1.4",
            "The :paramref:`_sa.create_engine.empty_in_strategy` keyword is "
            "deprecated, and no longer has any effect.  All IN expressions "
            "are now rendered using "
            'the "expanding parameter" strategy which renders a set of bound'
            'expressions, or an "empty set" SELECT, at statement execution'
            "time.",
        ),
        implicit_returning=(
            "2.0",
            "The :paramref:`_sa.create_engine.implicit_returning` parameter "
            "is deprecated and will be removed in a future release. ",
        ),
    )
    def create_engine(url: Union[str, _url.URL], **kwargs: Any) -&gt; Engine:
        """Create a new :class:`_engine.Engine` instance.

        The standard calling form is to send the :ref:`URL &lt;database_urls&gt;` as the
        first positional argument, usually a string
        that indicates database dialect and connection arguments::

            engine = create_engine("postgresql+psycopg2://scott:tiger@localhost/test")

        .. note::

            Please review :ref:`database_urls` for general guidelines in composing
            URL strings.  In particular, special characters, such as those often
            part of passwords, must be URL encoded to be properly parsed.

        Additional keyword arguments may then follow it which
        establish various options on the resulting :class:`_engine.Engine`
        and its underlying :class:`.Dialect` and :class:`_pool.Pool`
        constructs::

            engine = create_engine(
                "mysql+mysqldb://scott:tiger@hostname/dbname",
                pool_recycle=3600,
                echo=True,
            )

        The string form of the URL is
        ``dialect[+driver]://user:password@host/dbname[?key=value..]``, where
        ``dialect`` is a database name such as ``mysql``, ``oracle``,
        ``postgresql``, etc., and ``driver`` the name of a DBAPI, such as
        ``psycopg2``, ``pyodbc``, ``cx_oracle``, etc.  Alternatively,
        the URL can be an instance of :class:`~sqlalchemy.engine.url.URL`.

        ``**kwargs`` takes a wide variety of options which are routed
        towards their appropriate components.  Arguments may be specific to
        the :class:`_engine.Engine`, the underlying :class:`.Dialect`,
        as well as the
        :class:`_pool.Pool`.  Specific dialects also accept keyword arguments that
        are unique to that dialect.   Here, we describe the parameters
        that are common to most :func:`_sa.create_engine()` usage.

        Once established, the newly resulting :class:`_engine.Engine` will
        request a connection from the underlying :class:`_pool.Pool` once
        :meth:`_engine.Engine.connect` is called, or a method which depends on it
        such as :meth:`_engine.Engine.execute` is invoked.   The
        :class:`_pool.Pool` in turn
        will establish the first actual DBAPI connection when this request
        is received.   The :func:`_sa.create_engine` call itself does **not**
        establish any actual DBAPI connections directly.

        .. seealso::

            :doc:`/core/engines`

            :doc:`/dialects/index`

            :ref:`connections_toplevel`

        :param connect_args: a dictionary of options which will be
            passed directly to the DBAPI's ``connect()`` method as
            additional keyword arguments.  See the example
            at :ref:`custom_dbapi_args`.

        :param creator: a callable which returns a DBAPI connection.
            This creation function will be passed to the underlying
            connection pool and will be used to create all new database
            connections. Usage of this function causes connection
            parameters specified in the URL argument to be bypassed.

            This hook is not as flexible as the newer
            :meth:`_events.DialectEvents.do_connect` hook which allows complete
            control over how a connection is made to the database, given the full
            set of URL arguments and state beforehand.

            .. seealso::

                :meth:`_events.DialectEvents.do_connect` - event hook that allows
                full control over DBAPI connection mechanics.

                :ref:`custom_dbapi_args`

        :param echo=False: if True, the Engine will log all statements
            as well as a ``repr()`` of their parameter lists to the default log
            handler, which defaults to ``sys.stdout`` for output.   If set to the
            string ``"debug"``, result rows will be printed to the standard output
            as well. The ``echo`` attribute of ``Engine`` can be modified at any
            time to turn logging on and off; direct control of logging is also
            available using the standard Python ``logging`` module.

            .. seealso::

                :ref:`dbengine_logging` - further detail on how to configure
                logging.


        :param echo_pool=False: if True, the connection pool will log
            informational output such as when connections are invalidated
            as well as when connections are recycled to the default log handler,
            which defaults to ``sys.stdout`` for output.   If set to the string
            ``"debug"``, the logging will include pool checkouts and checkins.
            Direct control of logging is also available using the standard Python
            ``logging`` module.

            .. seealso::

                :ref:`dbengine_logging` - further detail on how to configure
                logging.


        :param empty_in_strategy:   No longer used; SQLAlchemy now uses
            "empty set" behavior for IN in all cases.

        :param enable_from_linting: defaults to True.  Will emit a warning
            if a given SELECT statement is found to have un-linked FROM elements
            which would cause a cartesian product.

            .. versionadded:: 1.4

            .. seealso::

                :ref:`change_4737`

        :param execution_options: Dictionary execution options which will
            be applied to all connections.  See
            :meth:`~sqlalchemy.engine.Connection.execution_options`

        :param future: Use the 2.0 style :class:`_engine.Engine` and
            :class:`_engine.Connection` API.

            As of SQLAlchemy 2.0, this parameter is present for backwards
            compatibility only and must remain at its default value of ``True``.

            The :paramref:`_sa.create_engine.future` parameter will be
            deprecated in a subsequent 2.x release and eventually removed.

            .. versionadded:: 1.4

            .. versionchanged:: 2.0 All :class:`_engine.Engine` objects are
               "future" style engines and there is no longer a ``future=False``
               mode of operation.

            .. seealso::

                :ref:`migration_20_toplevel`

        :param hide_parameters: Boolean, when set to True, SQL statement parameters
            will not be displayed in INFO logging nor will they be formatted into
            the string representation of :class:`.StatementError` objects.

            .. versionadded:: 1.3.8

            .. seealso::

                :ref:`dbengine_logging` - further detail on how to configure
                logging.

        :param implicit_returning=True:  Legacy parameter that may only be set
            to True. In SQLAlchemy 2.0, this parameter does nothing. In order to
            disable "implicit returning" for statements invoked by the ORM,
            configure this on a per-table basis using the
            :paramref:`.Table.implicit_returning` parameter.


        :param insertmanyvalues_page_size: number of rows to format into an
         INSERT statement when the statement uses "insertmanyvalues" mode, which is
         a paged form of bulk insert that is used for many backends when using
         :term:`executemany` execution typically in conjunction with RETURNING.
         Defaults to 1000, but may also be subject to dialect-specific limiting
         factors which may override this value on a per-statement basis.

         .. versionadded:: 2.0

         .. seealso::

            :ref:`engine_insertmanyvalues`

            :ref:`engine_insertmanyvalues_page_size`

            :paramref:`_engine.Connection.execution_options.insertmanyvalues_page_size`

        :param isolation_level: optional string name of an isolation level
            which will be set on all new connections unconditionally.
            Isolation levels are typically some subset of the string names
            ``"SERIALIZABLE"``, ``"REPEATABLE READ"``,
            ``"READ COMMITTED"``, ``"READ UNCOMMITTED"`` and ``"AUTOCOMMIT"``
            based on backend.

            The :paramref:`_sa.create_engine.isolation_level` parameter is
            in contrast to the
            :paramref:`.Connection.execution_options.isolation_level`
            execution option, which may be set on an individual
            :class:`.Connection`, as well as the same parameter passed to
            :meth:`.Engine.execution_options`, where it may be used to create
            multiple engines with different isolation levels that share a common
            connection pool and dialect.

            .. versionchanged:: 2.0 The
               :paramref:`_sa.create_engine.isolation_level`
               parameter has been generalized to work on all dialects which support
               the concept of isolation level, and is provided as a more succinct,
               up front configuration switch in contrast to the execution option
               which is more of an ad-hoc programmatic option.

            .. seealso::

                :ref:`dbapi_autocommit`

        :param json_deserializer: for dialects that support the
            :class:`_types.JSON`
            datatype, this is a Python callable that will convert a JSON string
            to a Python object.  By default, the Python ``json.loads`` function is
            used.

            .. versionchanged:: 1.3.7  The SQLite dialect renamed this from
               ``_json_deserializer``.

        :param json_serializer: for dialects that support the :class:`_types.JSON`
            datatype, this is a Python callable that will render a given object
            as JSON.   By default, the Python ``json.dumps`` function is used.

            .. versionchanged:: 1.3.7  The SQLite dialect renamed this from
               ``_json_serializer``.


        :param label_length=None: optional integer value which limits
            the size of dynamically generated column labels to that many
            characters. If less than 6, labels are generated as
            "_(counter)". If ``None``, the value of
            ``dialect.max_identifier_length``, which may be affected via the
            :paramref:`_sa.create_engine.max_identifier_length` parameter,
            is used instead.   The value of
            :paramref:`_sa.create_engine.label_length`
            may not be larger than that of
            :paramref:`_sa.create_engine.max_identfier_length`.

            .. seealso::

                :paramref:`_sa.create_engine.max_identifier_length`

        :param logging_name:  String identifier which will be used within
            the "name" field of logging records generated within the
            "sqlalchemy.engine" logger. Defaults to a hexstring of the
            object's id.

            .. seealso::

                :ref:`dbengine_logging` - further detail on how to configure
                logging.

                :paramref:`_engine.Connection.execution_options.logging_token`

        :param max_identifier_length: integer; override the max_identifier_length
            determined by the dialect.  if ``None`` or zero, has no effect.  This
            is the database's configured maximum number of characters that may be
            used in a SQL identifier such as a table name, column name, or label
            name. All dialects determine this value automatically, however in the
            case of a new database version for which this value has changed but
            SQLAlchemy's dialect has not been adjusted, the value may be passed
            here.

            .. versionadded:: 1.3.9

            .. seealso::

                :paramref:`_sa.create_engine.label_length`

        :param max_overflow=10: the number of connections to allow in
            connection pool "overflow", that is connections that can be
            opened above and beyond the pool_size setting, which defaults
            to five. this is only used with :class:`~sqlalchemy.pool.QueuePool`.

        :param module=None: reference to a Python module object (the module
            itself, not its string name).  Specifies an alternate DBAPI module to
            be used by the engine's dialect.  Each sub-dialect references a
            specific DBAPI which will be imported before first connect.  This
            parameter causes the import to be bypassed, and the given module to
            be used instead. Can be used for testing of DBAPIs as well as to
            inject "mock" DBAPI implementations into the :class:`_engine.Engine`.

        :param paramstyle=None: The `paramstyle &lt;https://legacy.python.org/dev/peps/pep-0249/#paramstyle&gt;`_
            to use when rendering bound parameters.  This style defaults to the
            one recommended by the DBAPI itself, which is retrieved from the
            ``.paramstyle`` attribute of the DBAPI.  However, most DBAPIs accept
            more than one paramstyle, and in particular it may be desirable
            to change a "named" paramstyle into a "positional" one, or vice versa.
            When this attribute is passed, it should be one of the values
            ``"qmark"``, ``"numeric"``, ``"named"``, ``"format"`` or
            ``"pyformat"``, and should correspond to a parameter style known
            to be supported by the DBAPI in use.

        :param pool=None: an already-constructed instance of
            :class:`~sqlalchemy.pool.Pool`, such as a
            :class:`~sqlalchemy.pool.QueuePool` instance. If non-None, this
            pool will be used directly as the underlying connection pool
            for the engine, bypassing whatever connection parameters are
            present in the URL argument. For information on constructing
            connection pools manually, see :ref:`pooling_toplevel`.

        :param poolclass=None: a :class:`~sqlalchemy.pool.Pool`
            subclass, which will be used to create a connection pool
            instance using the connection parameters given in the URL. Note
            this differs from ``pool`` in that you don't actually
            instantiate the pool in this case, you just indicate what type
            of pool to be used.

        :param pool_logging_name:  String identifier which will be used within
           the "name" field of logging records generated within the
           "sqlalchemy.pool" logger. Defaults to a hexstring of the object's
           id.

           .. seealso::

                :ref:`dbengine_logging` - further detail on how to configure
                logging.

        :param pool_pre_ping: boolean, if True will enable the connection pool
            "pre-ping" feature that tests connections for liveness upon
            each checkout.

            .. versionadded:: 1.2

            .. seealso::

                :ref:`pool_disconnects_pessimistic`

        :param pool_size=5: the number of connections to keep open
            inside the connection pool. This used with
            :class:`~sqlalchemy.pool.QueuePool` as
            well as :class:`~sqlalchemy.pool.SingletonThreadPool`.  With
            :class:`~sqlalchemy.pool.QueuePool`, a ``pool_size`` setting
            of 0 indicates no limit; to disable pooling, set ``poolclass`` to
            :class:`~sqlalchemy.pool.NullPool` instead.

        :param pool_recycle=-1: this setting causes the pool to recycle
            connections after the given number of seconds has passed. It
            defaults to -1, or no timeout. For example, setting to 3600
            means connections will be recycled after one hour. Note that
            MySQL in particular will disconnect automatically if no
            activity is detected on a connection for eight hours (although
            this is configurable with the MySQLDB connection itself and the
            server configuration as well).

            .. seealso::

                :ref:`pool_setting_recycle`

        :param pool_reset_on_return='rollback': set the
            :paramref:`_pool.Pool.reset_on_return` parameter of the underlying
            :class:`_pool.Pool` object, which can be set to the values
            ``"rollback"``, ``"commit"``, or ``None``.

            .. seealso::

                :ref:`pool_reset_on_return`

                :ref:`dbapi_autocommit_skip_rollback` - a more modern approach
                to using connections with no transactional instructions

        :param pool_timeout=30: number of seconds to wait before giving
            up on getting a connection from the pool. This is only used
            with :class:`~sqlalchemy.pool.QueuePool`. This can be a float but is
            subject to the limitations of Python time functions which may not be
            reliable in the tens of milliseconds.

            .. note: don't use 30.0 above, it seems to break with the :param tag

        :param pool_use_lifo=False: use LIFO (last-in-first-out) when retrieving
            connections from :class:`.QueuePool` instead of FIFO
            (first-in-first-out). Using LIFO, a server-side timeout scheme can
            reduce the number of connections used during non- peak   periods of
            use.   When planning for server-side timeouts, ensure that a recycle or
            pre-ping strategy is in use to gracefully   handle stale connections.

              .. versionadded:: 1.3

              .. seealso::

                :ref:`pool_use_lifo`

                :ref:`pool_disconnects`

        :param plugins: string list of plugin names to load.  See
            :class:`.CreateEnginePlugin` for background.

            .. versionadded:: 1.2.3

        :param query_cache_size: size of the cache used to cache the SQL string
         form of queries.  Set to zero to disable caching.

         The cache is pruned of its least recently used items when its size reaches
         N * 1.5.  Defaults to 500, meaning the cache will always store at least
         500 SQL statements when filled, and will grow up to 750 items at which
         point it is pruned back down to 500 by removing the 250 least recently
         used items.

         Caching is accomplished on a per-statement basis by generating a
         cache key that represents the statement's structure, then generating
         string SQL for the current dialect only if that key is not present
         in the cache.   All statements support caching, however some features
         such as an INSERT with a large set of parameters will intentionally
         bypass the cache.   SQL logging will indicate statistics for each
         statement whether or not it were pull from the cache.

         .. note:: some ORM functions related to unit-of-work persistence as well
            as some attribute loading strategies will make use of individual
            per-mapper caches outside of the main cache.


         .. seealso::

            :ref:`sql_caching`

         .. versionadded:: 1.4

        :param skip_autocommit_rollback: When True, the dialect will
           unconditionally skip all calls to the DBAPI ``connection.rollback()``
           method if the DBAPI connection is confirmed to be in "autocommit" mode.
           The availability of this feature is dialect specific; if not available,
           a ``NotImplementedError`` is raised by the dialect when rollback occurs.

           .. seealso::

                :ref:`dbapi_autocommit_skip_rollback`

           .. versionadded:: 2.0.43

        :param use_insertmanyvalues: True by default, use the "insertmanyvalues"
         execution style for INSERT..RETURNING statements by default.

         .. versionadded:: 2.0

         .. seealso::

            :ref:`engine_insertmanyvalues`

        """  # noqa

        if "strategy" in kwargs:
            strat = kwargs.pop("strategy")
            if strat == "mock":
                # this case is deprecated
                return create_mock_engine(url, **kwargs)  # type: ignore
            else:
                raise exc.ArgumentError("unknown strategy: %r" % strat)

        kwargs.pop("empty_in_strategy", None)

        # create url.URL object
        u = _url.make_url(url)

        u, plugins, kwargs = u._instantiate_plugins(kwargs)

        entrypoint = u._get_entrypoint()
        _is_async = kwargs.pop("_is_async", False)
        if _is_async:
            dialect_cls = entrypoint.get_async_dialect_cls(u)
        else:
            dialect_cls = entrypoint.get_dialect_cls(u)

        if kwargs.pop("_coerce_config", False):

            def pop_kwarg(key: str, default: Optional[Any] = None) -&gt; Any:
                value = kwargs.pop(key, default)
                if key in dialect_cls.engine_config_types:
                    value = dialect_cls.engine_config_types[key](value)
                return value

        else:
            pop_kwarg = kwargs.pop  # type: ignore

        dialect_args = {}
        # consume dialect arguments from kwargs
        for k in util.get_cls_kwargs(dialect_cls):
            if k in kwargs:
                dialect_args[k] = pop_kwarg(k)

        dbapi = kwargs.pop("module", None)
        if dbapi is None:
            dbapi_args = {}

            if "import_dbapi" in dialect_cls.__dict__:
                dbapi_meth = dialect_cls.import_dbapi

            elif hasattr(dialect_cls, "dbapi") and inspect.ismethod(
                dialect_cls.dbapi
            ):
                util.warn_deprecated(
                    "The dbapi() classmethod on dialect classes has been "
                    "renamed to import_dbapi().  Implement an import_dbapi() "
                    f"classmethod directly on class {dialect_cls} to remove this "
                    "warning; the old .dbapi() classmethod may be maintained for "
                    "backwards compatibility.",
                    "2.0",
                )
                dbapi_meth = dialect_cls.dbapi
            else:
                dbapi_meth = dialect_cls.import_dbapi

            for k in util.get_func_kwargs(dbapi_meth):
                if k in kwargs:
                    dbapi_args[k] = pop_kwarg(k)
&gt;           dbapi = dbapi_meth(**dbapi_args)
                    ^^^^^^^^^^^^^^^^^^^^^^^^

/usr/local/lib/python3.11/dist-packages/sqlalchemy/engine/create.py:617:
_ _ _ _ _ _ _ _ _ _ _ _ _ _ _ _ _ _ _ _ _ _ _ _ _ _ _ _ _ _ _ _ _ _ _ _ _ _ _ _

cls = &lt;class 'sqlalchemy.dialects.sqlite.aiosqlite.SQLiteDialect_aiosqlite'&gt;

    @classmethod
    def import_dbapi(cls) -&gt; AsyncAdapt_aiosqlite_dbapi:
        return AsyncAdapt_aiosqlite_dbapi(
&gt;           __import__("aiosqlite"), __import__("sqlite3")
            ^^^^^^^^^^^^^^^^^^^^^^^
        )
E       ModuleNotFoundError: No module named 'aiosqlite'

/usr/local/lib/python3.11/dist-packages/sqlalchemy/dialects/sqlite/aiosqlite.py:449: ModuleNotFoundError</error></testcase><testcase classname="tests.integration.test_repository_db.TestTradeRepository" name="test_get_by_trade_id" time="0.001"><error message="failed on setup with &quot;ModuleNotFoundError: No module named 'aiosqlite'&quot;">@pytest.fixture(scope="module")
    def async_engine():
        """Module-scoped async engine with tables created once."""
        import asyncio

&gt;       eng = create_async_engine(
            _ASYNC_URL,
            connect_args={"check_same_thread": False},
            poolclass=StaticPool,
        )

tests/integration/test_repository_db.py:78:
_ _ _ _ _ _ _ _ _ _ _ _ _ _ _ _ _ _ _ _ _ _ _ _ _ _ _ _ _ _ _ _ _ _ _ _ _ _ _ _

func = &lt;function create_async_engine at 0x7f8919a142c0&gt;, module = None
args = ('sqlite+aiosqlite:///:memory:',)
kwargs = {'connect_args': {'check_same_thread': False}, 'poolclass': &lt;class 'sqlalchemy.pool.impl.StaticPool'&gt;}

    def _wrap_create_async_engine_internal(func, module, args, kwargs):
        """Trace the SQLAlchemy engine, creating an `EngineTracer`
        object that will listen to SQLAlchemy events.
        """
        if not is_instrumentation_enabled():
            return func(*args, **kwargs)

&gt;       engine = func(*args, **kwargs)
                 ^^^^^^^^^^^^^^^^^^^^^

/usr/local/lib/python3.11/dist-packages/opentelemetry/instrumentation/sqlalchemy/engine.py:139:
_ _ _ _ _ _ _ _ _ _ _ _ _ _ _ _ _ _ _ _ _ _ _ _ _ _ _ _ _ _ _ _ _ _ _ _ _ _ _ _

url = 'sqlite+aiosqlite:///:memory:'
kw = {'_is_async': True, 'connect_args': {'check_same_thread': False}, 'poolclass': &lt;class 'sqlalchemy.pool.impl.StaticPool'&gt;}

    def create_async_engine(url: Union[str, URL], **kw: Any) -&gt; AsyncEngine:
        """Create a new async engine instance.

        Arguments passed to :func:`_asyncio.create_async_engine` are mostly
        identical to those passed to the :func:`_sa.create_engine` function.
        The specified dialect must be an asyncio-compatible dialect
        such as :ref:`dialect-postgresql-asyncpg`.

        .. versionadded:: 1.4

        :param async_creator: an async callable which returns a driver-level
            asyncio connection. If given, the function should take no arguments,
            and return a new asyncio connection from the underlying asyncio
            database driver; the connection will be wrapped in the appropriate
            structures to be used with the :class:`.AsyncEngine`.   Note that the
            parameters specified in the URL are not applied here, and the creator
            function should use its own connection parameters.

            This parameter is the asyncio equivalent of the
            :paramref:`_sa.create_engine.creator` parameter of the
            :func:`_sa.create_engine` function.

            .. versionadded:: 2.0.16

        """

        if kw.get("server_side_cursors", False):
            raise async_exc.AsyncMethodRequired(
                "Can't set server_side_cursors for async engine globally; "
                "use the connection.stream() method for an async "
                "streaming result set"
            )
        kw["_is_async"] = True
        async_creator = kw.pop("async_creator", None)
        if async_creator:
            if kw.get("creator", None):
                raise ArgumentError(
                    "Can only specify one of 'async_creator' or 'creator', "
                    "not both."
                )

            def creator() -&gt; Any:
                # note that to send adapted arguments like
                # prepared_statement_cache_size, user would use
                # "creator" and emulate this form here
                return sync_engine.dialect.dbapi.connect(  # type: ignore
                    async_creator_fn=async_creator
                )

            kw["creator"] = creator
&gt;       sync_engine = _create_engine(url, **kw)
                      ^^^^^^^^^^^^^^^^^^^^^^^^^

/usr/local/lib/python3.11/dist-packages/sqlalchemy/ext/asyncio/engine.py:120:
_ _ _ _ _ _ _ _ _ _ _ _ _ _ _ _ _ _ _ _ _ _ _ _ _ _ _ _ _ _ _ _ _ _ _ _ _ _ _ _

url = 'sqlite+aiosqlite:///:memory:'
kwargs = {'_is_async': True, 'connect_args': {'check_same_thread': False}, 'poolclass': &lt;class 'sqlalchemy.pool.impl.StaticPool'&gt;}

&gt;   ???

&lt;string&gt;:2:
_ _ _ _ _ _ _ _ _ _ _ _ _ _ _ _ _ _ _ _ _ _ _ _ _ _ _ _ _ _ _ _ _ _ _ _ _ _ _ _

fn = &lt;function create_engine at 0x7f8919b2aac0&gt;
args = ('sqlite+aiosqlite:///:memory:',)
kwargs = {'_is_async': True, 'connect_args': {'check_same_thread': False}, 'poolclass': &lt;class 'sqlalchemy.pool.impl.StaticPool'&gt;}
m = 'implicit_returning'

    @decorator
    def warned(fn: _F, *args: Any, **kwargs: Any) -&gt; _F:
        for m in check_defaults:
            if (defaults[m] is None and kwargs[m] is not None) or (
                defaults[m] is not None and kwargs[m] != defaults[m]
            ):
                _warn_with_version(
                    messages[m],
                    versions[m],
                    version_warnings[m],
                    stacklevel=3,
                )

        if check_any_kw in messages and set(kwargs).difference(
            check_defaults
        ):
            assert check_any_kw is not None
            _warn_with_version(
                messages[check_any_kw],
                versions[check_any_kw],
                version_warnings[check_any_kw],
                stacklevel=3,
            )

        for m in check_kw:
            if m in kwargs:
                _warn_with_version(
                    messages[m],
                    versions[m],
                    version_warnings[m],
                    stacklevel=3,
                )
&gt;       return fn(*args, **kwargs)  # type: ignore[no-any-return]
               ^^^^^^^^^^^^^^^^^^^

/usr/local/lib/python3.11/dist-packages/sqlalchemy/util/deprecations.py:281:
_ _ _ _ _ _ _ _ _ _ _ _ _ _ _ _ _ _ _ _ _ _ _ _ _ _ _ _ _ _ _ _ _ _ _ _ _ _ _ _

url = 'sqlite+aiosqlite:///:memory:'
kwargs = {'connect_args': {'check_same_thread': False}, 'poolclass': &lt;class 'sqlalchemy.pool.impl.StaticPool'&gt;}
u = sqlite+aiosqlite:///:memory:, plugins = []
entrypoint = &lt;class 'sqlalchemy.dialects.sqlite.aiosqlite.SQLiteDialect_aiosqlite'&gt;
_is_async = True
pop_kwarg = &lt;built-in method pop of dict object at 0x7f881f8be200&gt;
dialect_args = {}

    @util.deprecated_params(
        strategy=(
            "1.4",
            "The :paramref:`_sa.create_engine.strategy` keyword is deprecated, "
            "and the only argument accepted is 'mock'; please use "
            ":func:`.create_mock_engine` going forward.  For general "
            "customization of create_engine which may have been accomplished "
            "using strategies, see :class:`.CreateEnginePlugin`.",
        ),
        empty_in_strategy=(
            "1.4",
            "The :paramref:`_sa.create_engine.empty_in_strategy` keyword is "
            "deprecated, and no longer has any effect.  All IN expressions "
            "are now rendered using "
            'the "expanding parameter" strategy which renders a set of bound'
            'expressions, or an "empty set" SELECT, at statement execution'
            "time.",
        ),
        implicit_returning=(
            "2.0",
            "The :paramref:`_sa.create_engine.implicit_returning` parameter "
            "is deprecated and will be removed in a future release. ",
        ),
    )
    def create_engine(url: Union[str, _url.URL], **kwargs: Any) -&gt; Engine:
        """Create a new :class:`_engine.Engine` instance.

        The standard calling form is to send the :ref:`URL &lt;database_urls&gt;` as the
        first positional argument, usually a string
        that indicates database dialect and connection arguments::

            engine = create_engine("postgresql+psycopg2://scott:tiger@localhost/test")

        .. note::

            Please review :ref:`database_urls` for general guidelines in composing
            URL strings.  In particular, special characters, such as those often
            part of passwords, must be URL encoded to be properly parsed.

        Additional keyword arguments may then follow it which
        establish various options on the resulting :class:`_engine.Engine`
        and its underlying :class:`.Dialect` and :class:`_pool.Pool`
        constructs::

            engine = create_engine(
                "mysql+mysqldb://scott:tiger@hostname/dbname",
                pool_recycle=3600,
                echo=True,
            )

        The string form of the URL is
        ``dialect[+driver]://user:password@host/dbname[?key=value..]``, where
        ``dialect`` is a database name such as ``mysql``, ``oracle``,
        ``postgresql``, etc., and ``driver`` the name of a DBAPI, such as
        ``psycopg2``, ``pyodbc``, ``cx_oracle``, etc.  Alternatively,
        the URL can be an instance of :class:`~sqlalchemy.engine.url.URL`.

        ``**kwargs`` takes a wide variety of options which are routed
        towards their appropriate components.  Arguments may be specific to
        the :class:`_engine.Engine`, the underlying :class:`.Dialect`,
        as well as the
        :class:`_pool.Pool`.  Specific dialects also accept keyword arguments that
        are unique to that dialect.   Here, we describe the parameters
        that are common to most :func:`_sa.create_engine()` usage.

        Once established, the newly resulting :class:`_engine.Engine` will
        request a connection from the underlying :class:`_pool.Pool` once
        :meth:`_engine.Engine.connect` is called, or a method which depends on it
        such as :meth:`_engine.Engine.execute` is invoked.   The
        :class:`_pool.Pool` in turn
        will establish the first actual DBAPI connection when this request
        is received.   The :func:`_sa.create_engine` call itself does **not**
        establish any actual DBAPI connections directly.

        .. seealso::

            :doc:`/core/engines`

            :doc:`/dialects/index`

            :ref:`connections_toplevel`

        :param connect_args: a dictionary of options which will be
            passed directly to the DBAPI's ``connect()`` method as
            additional keyword arguments.  See the example
            at :ref:`custom_dbapi_args`.

        :param creator: a callable which returns a DBAPI connection.
            This creation function will be passed to the underlying
            connection pool and will be used to create all new database
            connections. Usage of this function causes connection
            parameters specified in the URL argument to be bypassed.

            This hook is not as flexible as the newer
            :meth:`_events.DialectEvents.do_connect` hook which allows complete
            control over how a connection is made to the database, given the full
            set of URL arguments and state beforehand.

            .. seealso::

                :meth:`_events.DialectEvents.do_connect` - event hook that allows
                full control over DBAPI connection mechanics.

                :ref:`custom_dbapi_args`

        :param echo=False: if True, the Engine will log all statements
            as well as a ``repr()`` of their parameter lists to the default log
            handler, which defaults to ``sys.stdout`` for output.   If set to the
            string ``"debug"``, result rows will be printed to the standard output
            as well. The ``echo`` attribute of ``Engine`` can be modified at any
            time to turn logging on and off; direct control of logging is also
            available using the standard Python ``logging`` module.

            .. seealso::

                :ref:`dbengine_logging` - further detail on how to configure
                logging.


        :param echo_pool=False: if True, the connection pool will log
            informational output such as when connections are invalidated
            as well as when connections are recycled to the default log handler,
            which defaults to ``sys.stdout`` for output.   If set to the string
            ``"debug"``, the logging will include pool checkouts and checkins.
            Direct control of logging is also available using the standard Python
            ``logging`` module.

            .. seealso::

                :ref:`dbengine_logging` - further detail on how to configure
                logging.


        :param empty_in_strategy:   No longer used; SQLAlchemy now uses
            "empty set" behavior for IN in all cases.

        :param enable_from_linting: defaults to True.  Will emit a warning
            if a given SELECT statement is found to have un-linked FROM elements
            which would cause a cartesian product.

            .. versionadded:: 1.4

            .. seealso::

                :ref:`change_4737`

        :param execution_options: Dictionary execution options which will
            be applied to all connections.  See
            :meth:`~sqlalchemy.engine.Connection.execution_options`

        :param future: Use the 2.0 style :class:`_engine.Engine` and
            :class:`_engine.Connection` API.

            As of SQLAlchemy 2.0, this parameter is present for backwards
            compatibility only and must remain at its default value of ``True``.

            The :paramref:`_sa.create_engine.future` parameter will be
            deprecated in a subsequent 2.x release and eventually removed.

            .. versionadded:: 1.4

            .. versionchanged:: 2.0 All :class:`_engine.Engine` objects are
               "future" style engines and there is no longer a ``future=False``
               mode of operation.

            .. seealso::

                :ref:`migration_20_toplevel`

        :param hide_parameters: Boolean, when set to True, SQL statement parameters
            will not be displayed in INFO logging nor will they be formatted into
            the string representation of :class:`.StatementError` objects.

            .. versionadded:: 1.3.8

            .. seealso::

                :ref:`dbengine_logging` - further detail on how to configure
                logging.

        :param implicit_returning=True:  Legacy parameter that may only be set
            to True. In SQLAlchemy 2.0, this parameter does nothing. In order to
            disable "implicit returning" for statements invoked by the ORM,
            configure this on a per-table basis using the
            :paramref:`.Table.implicit_returning` parameter.


        :param insertmanyvalues_page_size: number of rows to format into an
         INSERT statement when the statement uses "insertmanyvalues" mode, which is
         a paged form of bulk insert that is used for many backends when using
         :term:`executemany` execution typically in conjunction with RETURNING.
         Defaults to 1000, but may also be subject to dialect-specific limiting
         factors which may override this value on a per-statement basis.

         .. versionadded:: 2.0

         .. seealso::

            :ref:`engine_insertmanyvalues`

            :ref:`engine_insertmanyvalues_page_size`

            :paramref:`_engine.Connection.execution_options.insertmanyvalues_page_size`

        :param isolation_level: optional string name of an isolation level
            which will be set on all new connections unconditionally.
            Isolation levels are typically some subset of the string names
            ``"SERIALIZABLE"``, ``"REPEATABLE READ"``,
            ``"READ COMMITTED"``, ``"READ UNCOMMITTED"`` and ``"AUTOCOMMIT"``
            based on backend.

            The :paramref:`_sa.create_engine.isolation_level` parameter is
            in contrast to the
            :paramref:`.Connection.execution_options.isolation_level`
            execution option, which may be set on an individual
            :class:`.Connection`, as well as the same parameter passed to
            :meth:`.Engine.execution_options`, where it may be used to create
            multiple engines with different isolation levels that share a common
            connection pool and dialect.

            .. versionchanged:: 2.0 The
               :paramref:`_sa.create_engine.isolation_level`
               parameter has been generalized to work on all dialects which support
               the concept of isolation level, and is provided as a more succinct,
               up front configuration switch in contrast to the execution option
               which is more of an ad-hoc programmatic option.

            .. seealso::

                :ref:`dbapi_autocommit`

        :param json_deserializer: for dialects that support the
            :class:`_types.JSON`
            datatype, this is a Python callable that will convert a JSON string
            to a Python object.  By default, the Python ``json.loads`` function is
            used.

            .. versionchanged:: 1.3.7  The SQLite dialect renamed this from
               ``_json_deserializer``.

        :param json_serializer: for dialects that support the :class:`_types.JSON`
            datatype, this is a Python callable that will render a given object
            as JSON.   By default, the Python ``json.dumps`` function is used.

            .. versionchanged:: 1.3.7  The SQLite dialect renamed this from
               ``_json_serializer``.


        :param label_length=None: optional integer value which limits
            the size of dynamically generated column labels to that many
            characters. If less than 6, labels are generated as
            "_(counter)". If ``None``, the value of
            ``dialect.max_identifier_length``, which may be affected via the
            :paramref:`_sa.create_engine.max_identifier_length` parameter,
            is used instead.   The value of
            :paramref:`_sa.create_engine.label_length`
            may not be larger than that of
            :paramref:`_sa.create_engine.max_identfier_length`.

            .. seealso::

                :paramref:`_sa.create_engine.max_identifier_length`

        :param logging_name:  String identifier which will be used within
            the "name" field of logging records generated within the
            "sqlalchemy.engine" logger. Defaults to a hexstring of the
            object's id.

            .. seealso::

                :ref:`dbengine_logging` - further detail on how to configure
                logging.

                :paramref:`_engine.Connection.execution_options.logging_token`

        :param max_identifier_length: integer; override the max_identifier_length
            determined by the dialect.  if ``None`` or zero, has no effect.  This
            is the database's configured maximum number of characters that may be
            used in a SQL identifier such as a table name, column name, or label
            name. All dialects determine this value automatically, however in the
            case of a new database version for which this value has changed but
            SQLAlchemy's dialect has not been adjusted, the value may be passed
            here.

            .. versionadded:: 1.3.9

            .. seealso::

                :paramref:`_sa.create_engine.label_length`

        :param max_overflow=10: the number of connections to allow in
            connection pool "overflow", that is connections that can be
            opened above and beyond the pool_size setting, which defaults
            to five. this is only used with :class:`~sqlalchemy.pool.QueuePool`.

        :param module=None: reference to a Python module object (the module
            itself, not its string name).  Specifies an alternate DBAPI module to
            be used by the engine's dialect.  Each sub-dialect references a
            specific DBAPI which will be imported before first connect.  This
            parameter causes the import to be bypassed, and the given module to
            be used instead. Can be used for testing of DBAPIs as well as to
            inject "mock" DBAPI implementations into the :class:`_engine.Engine`.

        :param paramstyle=None: The `paramstyle &lt;https://legacy.python.org/dev/peps/pep-0249/#paramstyle&gt;`_
            to use when rendering bound parameters.  This style defaults to the
            one recommended by the DBAPI itself, which is retrieved from the
            ``.paramstyle`` attribute of the DBAPI.  However, most DBAPIs accept
            more than one paramstyle, and in particular it may be desirable
            to change a "named" paramstyle into a "positional" one, or vice versa.
            When this attribute is passed, it should be one of the values
            ``"qmark"``, ``"numeric"``, ``"named"``, ``"format"`` or
            ``"pyformat"``, and should correspond to a parameter style known
            to be supported by the DBAPI in use.

        :param pool=None: an already-constructed instance of
            :class:`~sqlalchemy.pool.Pool`, such as a
            :class:`~sqlalchemy.pool.QueuePool` instance. If non-None, this
            pool will be used directly as the underlying connection pool
            for the engine, bypassing whatever connection parameters are
            present in the URL argument. For information on constructing
            connection pools manually, see :ref:`pooling_toplevel`.

        :param poolclass=None: a :class:`~sqlalchemy.pool.Pool`
            subclass, which will be used to create a connection pool
            instance using the connection parameters given in the URL. Note
            this differs from ``pool`` in that you don't actually
            instantiate the pool in this case, you just indicate what type
            of pool to be used.

        :param pool_logging_name:  String identifier which will be used within
           the "name" field of logging records generated within the
           "sqlalchemy.pool" logger. Defaults to a hexstring of the object's
           id.

           .. seealso::

                :ref:`dbengine_logging` - further detail on how to configure
                logging.

        :param pool_pre_ping: boolean, if True will enable the connection pool
            "pre-ping" feature that tests connections for liveness upon
            each checkout.

            .. versionadded:: 1.2

            .. seealso::

                :ref:`pool_disconnects_pessimistic`

        :param pool_size=5: the number of connections to keep open
            inside the connection pool. This used with
            :class:`~sqlalchemy.pool.QueuePool` as
            well as :class:`~sqlalchemy.pool.SingletonThreadPool`.  With
            :class:`~sqlalchemy.pool.QueuePool`, a ``pool_size`` setting
            of 0 indicates no limit; to disable pooling, set ``poolclass`` to
            :class:`~sqlalchemy.pool.NullPool` instead.

        :param pool_recycle=-1: this setting causes the pool to recycle
            connections after the given number of seconds has passed. It
            defaults to -1, or no timeout. For example, setting to 3600
            means connections will be recycled after one hour. Note that
            MySQL in particular will disconnect automatically if no
            activity is detected on a connection for eight hours (although
            this is configurable with the MySQLDB connection itself and the
            server configuration as well).

            .. seealso::

                :ref:`pool_setting_recycle`

        :param pool_reset_on_return='rollback': set the
            :paramref:`_pool.Pool.reset_on_return` parameter of the underlying
            :class:`_pool.Pool` object, which can be set to the values
            ``"rollback"``, ``"commit"``, or ``None``.

            .. seealso::

                :ref:`pool_reset_on_return`

                :ref:`dbapi_autocommit_skip_rollback` - a more modern approach
                to using connections with no transactional instructions

        :param pool_timeout=30: number of seconds to wait before giving
            up on getting a connection from the pool. This is only used
            with :class:`~sqlalchemy.pool.QueuePool`. This can be a float but is
            subject to the limitations of Python time functions which may not be
            reliable in the tens of milliseconds.

            .. note: don't use 30.0 above, it seems to break with the :param tag

        :param pool_use_lifo=False: use LIFO (last-in-first-out) when retrieving
            connections from :class:`.QueuePool` instead of FIFO
            (first-in-first-out). Using LIFO, a server-side timeout scheme can
            reduce the number of connections used during non- peak   periods of
            use.   When planning for server-side timeouts, ensure that a recycle or
            pre-ping strategy is in use to gracefully   handle stale connections.

              .. versionadded:: 1.3

              .. seealso::

                :ref:`pool_use_lifo`

                :ref:`pool_disconnects`

        :param plugins: string list of plugin names to load.  See
            :class:`.CreateEnginePlugin` for background.

            .. versionadded:: 1.2.3

        :param query_cache_size: size of the cache used to cache the SQL string
         form of queries.  Set to zero to disable caching.

         The cache is pruned of its least recently used items when its size reaches
         N * 1.5.  Defaults to 500, meaning the cache will always store at least
         500 SQL statements when filled, and will grow up to 750 items at which
         point it is pruned back down to 500 by removing the 250 least recently
         used items.

         Caching is accomplished on a per-statement basis by generating a
         cache key that represents the statement's structure, then generating
         string SQL for the current dialect only if that key is not present
         in the cache.   All statements support caching, however some features
         such as an INSERT with a large set of parameters will intentionally
         bypass the cache.   SQL logging will indicate statistics for each
         statement whether or not it were pull from the cache.

         .. note:: some ORM functions related to unit-of-work persistence as well
            as some attribute loading strategies will make use of individual
            per-mapper caches outside of the main cache.


         .. seealso::

            :ref:`sql_caching`

         .. versionadded:: 1.4

        :param skip_autocommit_rollback: When True, the dialect will
           unconditionally skip all calls to the DBAPI ``connection.rollback()``
           method if the DBAPI connection is confirmed to be in "autocommit" mode.
           The availability of this feature is dialect specific; if not available,
           a ``NotImplementedError`` is raised by the dialect when rollback occurs.

           .. seealso::

                :ref:`dbapi_autocommit_skip_rollback`

           .. versionadded:: 2.0.43

        :param use_insertmanyvalues: True by default, use the "insertmanyvalues"
         execution style for INSERT..RETURNING statements by default.

         .. versionadded:: 2.0

         .. seealso::

            :ref:`engine_insertmanyvalues`

        """  # noqa

        if "strategy" in kwargs:
            strat = kwargs.pop("strategy")
            if strat == "mock":
                # this case is deprecated
                return create_mock_engine(url, **kwargs)  # type: ignore
            else:
                raise exc.ArgumentError("unknown strategy: %r" % strat)

        kwargs.pop("empty_in_strategy", None)

        # create url.URL object
        u = _url.make_url(url)

        u, plugins, kwargs = u._instantiate_plugins(kwargs)

        entrypoint = u._get_entrypoint()
        _is_async = kwargs.pop("_is_async", False)
        if _is_async:
            dialect_cls = entrypoint.get_async_dialect_cls(u)
        else:
            dialect_cls = entrypoint.get_dialect_cls(u)

        if kwargs.pop("_coerce_config", False):

            def pop_kwarg(key: str, default: Optional[Any] = None) -&gt; Any:
                value = kwargs.pop(key, default)
                if key in dialect_cls.engine_config_types:
                    value = dialect_cls.engine_config_types[key](value)
                return value

        else:
            pop_kwarg = kwargs.pop  # type: ignore

        dialect_args = {}
        # consume dialect arguments from kwargs
        for k in util.get_cls_kwargs(dialect_cls):
            if k in kwargs:
                dialect_args[k] = pop_kwarg(k)

        dbapi = kwargs.pop("module", None)
        if dbapi is None:
            dbapi_args = {}

            if "import_dbapi" in dialect_cls.__dict__:
                dbapi_meth = dialect_cls.import_dbapi

            elif hasattr(dialect_cls, "dbapi") and inspect.ismethod(
                dialect_cls.dbapi
            ):
                util.warn_deprecated(
                    "The dbapi() classmethod on dialect classes has been "
                    "renamed to import_dbapi().  Implement an import_dbapi() "
                    f"classmethod directly on class {dialect_cls} to remove this "
                    "warning; the old .dbapi() classmethod may be maintained for "
                    "backwards compatibility.",
                    "2.0",
                )
                dbapi_meth = dialect_cls.dbapi
            else:
                dbapi_meth = dialect_cls.import_dbapi

            for k in util.get_func_kwargs(dbapi_meth):
                if k in kwargs:
                    dbapi_args[k] = pop_kwarg(k)
&gt;           dbapi = dbapi_meth(**dbapi_args)
                    ^^^^^^^^^^^^^^^^^^^^^^^^

/usr/local/lib/python3.11/dist-packages/sqlalchemy/engine/create.py:617:
_ _ _ _ _ _ _ _ _ _ _ _ _ _ _ _ _ _ _ _ _ _ _ _ _ _ _ _ _ _ _ _ _ _ _ _ _ _ _ _

cls = &lt;class 'sqlalchemy.dialects.sqlite.aiosqlite.SQLiteDialect_aiosqlite'&gt;

    @classmethod
    def import_dbapi(cls) -&gt; AsyncAdapt_aiosqlite_dbapi:
        return AsyncAdapt_aiosqlite_dbapi(
&gt;           __import__("aiosqlite"), __import__("sqlite3")
            ^^^^^^^^^^^^^^^^^^^^^^^
        )
E       ModuleNotFoundError: No module named 'aiosqlite'

/usr/local/lib/python3.11/dist-packages/sqlalchemy/dialects/sqlite/aiosqlite.py:449: ModuleNotFoundError</error></testcase><testcase classname="tests.integration.test_repository_db.TestTradeRepository" name="test_get_by_trade_id_not_found" time="0.001"><error message="failed on setup with &quot;ModuleNotFoundError: No module named 'aiosqlite'&quot;">@pytest.fixture(scope="module")
    def async_engine():
        """Module-scoped async engine with tables created once."""
        import asyncio

&gt;       eng = create_async_engine(
            _ASYNC_URL,
            connect_args={"check_same_thread": False},
            poolclass=StaticPool,
        )

tests/integration/test_repository_db.py:78:
_ _ _ _ _ _ _ _ _ _ _ _ _ _ _ _ _ _ _ _ _ _ _ _ _ _ _ _ _ _ _ _ _ _ _ _ _ _ _ _

func = &lt;function create_async_engine at 0x7f8919a142c0&gt;, module = None
args = ('sqlite+aiosqlite:///:memory:',)
kwargs = {'connect_args': {'check_same_thread': False}, 'poolclass': &lt;class 'sqlalchemy.pool.impl.StaticPool'&gt;}

    def _wrap_create_async_engine_internal(func, module, args, kwargs):
        """Trace the SQLAlchemy engine, creating an `EngineTracer`
        object that will listen to SQLAlchemy events.
        """
        if not is_instrumentation_enabled():
            return func(*args, **kwargs)

&gt;       engine = func(*args, **kwargs)
                 ^^^^^^^^^^^^^^^^^^^^^

/usr/local/lib/python3.11/dist-packages/opentelemetry/instrumentation/sqlalchemy/engine.py:139:
_ _ _ _ _ _ _ _ _ _ _ _ _ _ _ _ _ _ _ _ _ _ _ _ _ _ _ _ _ _ _ _ _ _ _ _ _ _ _ _

url = 'sqlite+aiosqlite:///:memory:'
kw = {'_is_async': True, 'connect_args': {'check_same_thread': False}, 'poolclass': &lt;class 'sqlalchemy.pool.impl.StaticPool'&gt;}

    def create_async_engine(url: Union[str, URL], **kw: Any) -&gt; AsyncEngine:
        """Create a new async engine instance.

        Arguments passed to :func:`_asyncio.create_async_engine` are mostly
        identical to those passed to the :func:`_sa.create_engine` function.
        The specified dialect must be an asyncio-compatible dialect
        such as :ref:`dialect-postgresql-asyncpg`.

        .. versionadded:: 1.4

        :param async_creator: an async callable which returns a driver-level
            asyncio connection. If given, the function should take no arguments,
            and return a new asyncio connection from the underlying asyncio
            database driver; the connection will be wrapped in the appropriate
            structures to be used with the :class:`.AsyncEngine`.   Note that the
            parameters specified in the URL are not applied here, and the creator
            function should use its own connection parameters.

            This parameter is the asyncio equivalent of the
            :paramref:`_sa.create_engine.creator` parameter of the
            :func:`_sa.create_engine` function.

            .. versionadded:: 2.0.16

        """

        if kw.get("server_side_cursors", False):
            raise async_exc.AsyncMethodRequired(
                "Can't set server_side_cursors for async engine globally; "
                "use the connection.stream() method for an async "
                "streaming result set"
            )
        kw["_is_async"] = True
        async_creator = kw.pop("async_creator", None)
        if async_creator:
            if kw.get("creator", None):
                raise ArgumentError(
                    "Can only specify one of 'async_creator' or 'creator', "
                    "not both."
                )

            def creator() -&gt; Any:
                # note that to send adapted arguments like
                # prepared_statement_cache_size, user would use
                # "creator" and emulate this form here
                return sync_engine.dialect.dbapi.connect(  # type: ignore
                    async_creator_fn=async_creator
                )

            kw["creator"] = creator
&gt;       sync_engine = _create_engine(url, **kw)
                      ^^^^^^^^^^^^^^^^^^^^^^^^^

/usr/local/lib/python3.11/dist-packages/sqlalchemy/ext/asyncio/engine.py:120:
_ _ _ _ _ _ _ _ _ _ _ _ _ _ _ _ _ _ _ _ _ _ _ _ _ _ _ _ _ _ _ _ _ _ _ _ _ _ _ _

url = 'sqlite+aiosqlite:///:memory:'
kwargs = {'_is_async': True, 'connect_args': {'check_same_thread': False}, 'poolclass': &lt;class 'sqlalchemy.pool.impl.StaticPool'&gt;}

&gt;   ???

&lt;string&gt;:2:
_ _ _ _ _ _ _ _ _ _ _ _ _ _ _ _ _ _ _ _ _ _ _ _ _ _ _ _ _ _ _ _ _ _ _ _ _ _ _ _

fn = &lt;function create_engine at 0x7f8919b2aac0&gt;
args = ('sqlite+aiosqlite:///:memory:',)
kwargs = {'_is_async': True, 'connect_args': {'check_same_thread': False}, 'poolclass': &lt;class 'sqlalchemy.pool.impl.StaticPool'&gt;}
m = 'implicit_returning'

    @decorator
    def warned(fn: _F, *args: Any, **kwargs: Any) -&gt; _F:
        for m in check_defaults:
            if (defaults[m] is None and kwargs[m] is not None) or (
                defaults[m] is not None and kwargs[m] != defaults[m]
            ):
                _warn_with_version(
                    messages[m],
                    versions[m],
                    version_warnings[m],
                    stacklevel=3,
                )

        if check_any_kw in messages and set(kwargs).difference(
            check_defaults
        ):
            assert check_any_kw is not None
            _warn_with_version(
                messages[check_any_kw],
                versions[check_any_kw],
                version_warnings[check_any_kw],
                stacklevel=3,
            )

        for m in check_kw:
            if m in kwargs:
                _warn_with_version(
                    messages[m],
                    versions[m],
                    version_warnings[m],
                    stacklevel=3,
                )
&gt;       return fn(*args, **kwargs)  # type: ignore[no-any-return]
               ^^^^^^^^^^^^^^^^^^^

/usr/local/lib/python3.11/dist-packages/sqlalchemy/util/deprecations.py:281:
_ _ _ _ _ _ _ _ _ _ _ _ _ _ _ _ _ _ _ _ _ _ _ _ _ _ _ _ _ _ _ _ _ _ _ _ _ _ _ _

url = 'sqlite+aiosqlite:///:memory:'
kwargs = {'connect_args': {'check_same_thread': False}, 'poolclass': &lt;class 'sqlalchemy.pool.impl.StaticPool'&gt;}
u = sqlite+aiosqlite:///:memory:, plugins = []
entrypoint = &lt;class 'sqlalchemy.dialects.sqlite.aiosqlite.SQLiteDialect_aiosqlite'&gt;
_is_async = True
pop_kwarg = &lt;built-in method pop of dict object at 0x7f881f8be200&gt;
dialect_args = {}

    @util.deprecated_params(
        strategy=(
            "1.4",
            "The :paramref:`_sa.create_engine.strategy` keyword is deprecated, "
            "and the only argument accepted is 'mock'; please use "
            ":func:`.create_mock_engine` going forward.  For general "
            "customization of create_engine which may have been accomplished "
            "using strategies, see :class:`.CreateEnginePlugin`.",
        ),
        empty_in_strategy=(
            "1.4",
            "The :paramref:`_sa.create_engine.empty_in_strategy` keyword is "
            "deprecated, and no longer has any effect.  All IN expressions "
            "are now rendered using "
            'the "expanding parameter" strategy which renders a set of bound'
            'expressions, or an "empty set" SELECT, at statement execution'
            "time.",
        ),
        implicit_returning=(
            "2.0",
            "The :paramref:`_sa.create_engine.implicit_returning` parameter "
            "is deprecated and will be removed in a future release. ",
        ),
    )
    def create_engine(url: Union[str, _url.URL], **kwargs: Any) -&gt; Engine:
        """Create a new :class:`_engine.Engine` instance.

        The standard calling form is to send the :ref:`URL &lt;database_urls&gt;` as the
        first positional argument, usually a string
        that indicates database dialect and connection arguments::

            engine = create_engine("postgresql+psycopg2://scott:tiger@localhost/test")

        .. note::

            Please review :ref:`database_urls` for general guidelines in composing
            URL strings.  In particular, special characters, such as those often
            part of passwords, must be URL encoded to be properly parsed.

        Additional keyword arguments may then follow it which
        establish various options on the resulting :class:`_engine.Engine`
        and its underlying :class:`.Dialect` and :class:`_pool.Pool`
        constructs::

            engine = create_engine(
                "mysql+mysqldb://scott:tiger@hostname/dbname",
                pool_recycle=3600,
                echo=True,
            )

        The string form of the URL is
        ``dialect[+driver]://user:password@host/dbname[?key=value..]``, where
        ``dialect`` is a database name such as ``mysql``, ``oracle``,
        ``postgresql``, etc., and ``driver`` the name of a DBAPI, such as
        ``psycopg2``, ``pyodbc``, ``cx_oracle``, etc.  Alternatively,
        the URL can be an instance of :class:`~sqlalchemy.engine.url.URL`.

        ``**kwargs`` takes a wide variety of options which are routed
        towards their appropriate components.  Arguments may be specific to
        the :class:`_engine.Engine`, the underlying :class:`.Dialect`,
        as well as the
        :class:`_pool.Pool`.  Specific dialects also accept keyword arguments that
        are unique to that dialect.   Here, we describe the parameters
        that are common to most :func:`_sa.create_engine()` usage.

        Once established, the newly resulting :class:`_engine.Engine` will
        request a connection from the underlying :class:`_pool.Pool` once
        :meth:`_engine.Engine.connect` is called, or a method which depends on it
        such as :meth:`_engine.Engine.execute` is invoked.   The
        :class:`_pool.Pool` in turn
        will establish the first actual DBAPI connection when this request
        is received.   The :func:`_sa.create_engine` call itself does **not**
        establish any actual DBAPI connections directly.

        .. seealso::

            :doc:`/core/engines`

            :doc:`/dialects/index`

            :ref:`connections_toplevel`

        :param connect_args: a dictionary of options which will be
            passed directly to the DBAPI's ``connect()`` method as
            additional keyword arguments.  See the example
            at :ref:`custom_dbapi_args`.

        :param creator: a callable which returns a DBAPI connection.
            This creation function will be passed to the underlying
            connection pool and will be used to create all new database
            connections. Usage of this function causes connection
            parameters specified in the URL argument to be bypassed.

            This hook is not as flexible as the newer
            :meth:`_events.DialectEvents.do_connect` hook which allows complete
            control over how a connection is made to the database, given the full
            set of URL arguments and state beforehand.

            .. seealso::

                :meth:`_events.DialectEvents.do_connect` - event hook that allows
                full control over DBAPI connection mechanics.

                :ref:`custom_dbapi_args`

        :param echo=False: if True, the Engine will log all statements
            as well as a ``repr()`` of their parameter lists to the default log
            handler, which defaults to ``sys.stdout`` for output.   If set to the
            string ``"debug"``, result rows will be printed to the standard output
            as well. The ``echo`` attribute of ``Engine`` can be modified at any
            time to turn logging on and off; direct control of logging is also
            available using the standard Python ``logging`` module.

            .. seealso::

                :ref:`dbengine_logging` - further detail on how to configure
                logging.


        :param echo_pool=False: if True, the connection pool will log
            informational output such as when connections are invalidated
            as well as when connections are recycled to the default log handler,
            which defaults to ``sys.stdout`` for output.   If set to the string
            ``"debug"``, the logging will include pool checkouts and checkins.
            Direct control of logging is also available using the standard Python
            ``logging`` module.

            .. seealso::

                :ref:`dbengine_logging` - further detail on how to configure
                logging.


        :param empty_in_strategy:   No longer used; SQLAlchemy now uses
            "empty set" behavior for IN in all cases.

        :param enable_from_linting: defaults to True.  Will emit a warning
            if a given SELECT statement is found to have un-linked FROM elements
            which would cause a cartesian product.

            .. versionadded:: 1.4

            .. seealso::

                :ref:`change_4737`

        :param execution_options: Dictionary execution options which will
            be applied to all connections.  See
            :meth:`~sqlalchemy.engine.Connection.execution_options`

        :param future: Use the 2.0 style :class:`_engine.Engine` and
            :class:`_engine.Connection` API.

            As of SQLAlchemy 2.0, this parameter is present for backwards
            compatibility only and must remain at its default value of ``True``.

            The :paramref:`_sa.create_engine.future` parameter will be
            deprecated in a subsequent 2.x release and eventually removed.

            .. versionadded:: 1.4

            .. versionchanged:: 2.0 All :class:`_engine.Engine` objects are
               "future" style engines and there is no longer a ``future=False``
               mode of operation.

            .. seealso::

                :ref:`migration_20_toplevel`

        :param hide_parameters: Boolean, when set to True, SQL statement parameters
            will not be displayed in INFO logging nor will they be formatted into
            the string representation of :class:`.StatementError` objects.

            .. versionadded:: 1.3.8

            .. seealso::

                :ref:`dbengine_logging` - further detail on how to configure
                logging.

        :param implicit_returning=True:  Legacy parameter that may only be set
            to True. In SQLAlchemy 2.0, this parameter does nothing. In order to
            disable "implicit returning" for statements invoked by the ORM,
            configure this on a per-table basis using the
            :paramref:`.Table.implicit_returning` parameter.


        :param insertmanyvalues_page_size: number of rows to format into an
         INSERT statement when the statement uses "insertmanyvalues" mode, which is
         a paged form of bulk insert that is used for many backends when using
         :term:`executemany` execution typically in conjunction with RETURNING.
         Defaults to 1000, but may also be subject to dialect-specific limiting
         factors which may override this value on a per-statement basis.

         .. versionadded:: 2.0

         .. seealso::

            :ref:`engine_insertmanyvalues`

            :ref:`engine_insertmanyvalues_page_size`

            :paramref:`_engine.Connection.execution_options.insertmanyvalues_page_size`

        :param isolation_level: optional string name of an isolation level
            which will be set on all new connections unconditionally.
            Isolation levels are typically some subset of the string names
            ``"SERIALIZABLE"``, ``"REPEATABLE READ"``,
            ``"READ COMMITTED"``, ``"READ UNCOMMITTED"`` and ``"AUTOCOMMIT"``
            based on backend.

            The :paramref:`_sa.create_engine.isolation_level` parameter is
            in contrast to the
            :paramref:`.Connection.execution_options.isolation_level`
            execution option, which may be set on an individual
            :class:`.Connection`, as well as the same parameter passed to
            :meth:`.Engine.execution_options`, where it may be used to create
            multiple engines with different isolation levels that share a common
            connection pool and dialect.

            .. versionchanged:: 2.0 The
               :paramref:`_sa.create_engine.isolation_level`
               parameter has been generalized to work on all dialects which support
               the concept of isolation level, and is provided as a more succinct,
               up front configuration switch in contrast to the execution option
               which is more of an ad-hoc programmatic option.

            .. seealso::

                :ref:`dbapi_autocommit`

        :param json_deserializer: for dialects that support the
            :class:`_types.JSON`
            datatype, this is a Python callable that will convert a JSON string
            to a Python object.  By default, the Python ``json.loads`` function is
            used.

            .. versionchanged:: 1.3.7  The SQLite dialect renamed this from
               ``_json_deserializer``.

        :param json_serializer: for dialects that support the :class:`_types.JSON`
            datatype, this is a Python callable that will render a given object
            as JSON.   By default, the Python ``json.dumps`` function is used.

            .. versionchanged:: 1.3.7  The SQLite dialect renamed this from
               ``_json_serializer``.


        :param label_length=None: optional integer value which limits
            the size of dynamically generated column labels to that many
            characters. If less than 6, labels are generated as
            "_(counter)". If ``None``, the value of
            ``dialect.max_identifier_length``, which may be affected via the
            :paramref:`_sa.create_engine.max_identifier_length` parameter,
            is used instead.   The value of
            :paramref:`_sa.create_engine.label_length`
            may not be larger than that of
            :paramref:`_sa.create_engine.max_identfier_length`.

            .. seealso::

                :paramref:`_sa.create_engine.max_identifier_length`

        :param logging_name:  String identifier which will be used within
            the "name" field of logging records generated within the
            "sqlalchemy.engine" logger. Defaults to a hexstring of the
            object's id.

            .. seealso::

                :ref:`dbengine_logging` - further detail on how to configure
                logging.

                :paramref:`_engine.Connection.execution_options.logging_token`

        :param max_identifier_length: integer; override the max_identifier_length
            determined by the dialect.  if ``None`` or zero, has no effect.  This
            is the database's configured maximum number of characters that may be
            used in a SQL identifier such as a table name, column name, or label
            name. All dialects determine this value automatically, however in the
            case of a new database version for which this value has changed but
            SQLAlchemy's dialect has not been adjusted, the value may be passed
            here.

            .. versionadded:: 1.3.9

            .. seealso::

                :paramref:`_sa.create_engine.label_length`

        :param max_overflow=10: the number of connections to allow in
            connection pool "overflow", that is connections that can be
            opened above and beyond the pool_size setting, which defaults
            to five. this is only used with :class:`~sqlalchemy.pool.QueuePool`.

        :param module=None: reference to a Python module object (the module
            itself, not its string name).  Specifies an alternate DBAPI module to
            be used by the engine's dialect.  Each sub-dialect references a
            specific DBAPI which will be imported before first connect.  This
            parameter causes the import to be bypassed, and the given module to
            be used instead. Can be used for testing of DBAPIs as well as to
            inject "mock" DBAPI implementations into the :class:`_engine.Engine`.

        :param paramstyle=None: The `paramstyle &lt;https://legacy.python.org/dev/peps/pep-0249/#paramstyle&gt;`_
            to use when rendering bound parameters.  This style defaults to the
            one recommended by the DBAPI itself, which is retrieved from the
            ``.paramstyle`` attribute of the DBAPI.  However, most DBAPIs accept
            more than one paramstyle, and in particular it may be desirable
            to change a "named" paramstyle into a "positional" one, or vice versa.
            When this attribute is passed, it should be one of the values
            ``"qmark"``, ``"numeric"``, ``"named"``, ``"format"`` or
            ``"pyformat"``, and should correspond to a parameter style known
            to be supported by the DBAPI in use.

        :param pool=None: an already-constructed instance of
            :class:`~sqlalchemy.pool.Pool`, such as a
            :class:`~sqlalchemy.pool.QueuePool` instance. If non-None, this
            pool will be used directly as the underlying connection pool
            for the engine, bypassing whatever connection parameters are
            present in the URL argument. For information on constructing
            connection pools manually, see :ref:`pooling_toplevel`.

        :param poolclass=None: a :class:`~sqlalchemy.pool.Pool`
            subclass, which will be used to create a connection pool
            instance using the connection parameters given in the URL. Note
            this differs from ``pool`` in that you don't actually
            instantiate the pool in this case, you just indicate what type
            of pool to be used.

        :param pool_logging_name:  String identifier which will be used within
           the "name" field of logging records generated within the
           "sqlalchemy.pool" logger. Defaults to a hexstring of the object's
           id.

           .. seealso::

                :ref:`dbengine_logging` - further detail on how to configure
                logging.

        :param pool_pre_ping: boolean, if True will enable the connection pool
            "pre-ping" feature that tests connections for liveness upon
            each checkout.

            .. versionadded:: 1.2

            .. seealso::

                :ref:`pool_disconnects_pessimistic`

        :param pool_size=5: the number of connections to keep open
            inside the connection pool. This used with
            :class:`~sqlalchemy.pool.QueuePool` as
            well as :class:`~sqlalchemy.pool.SingletonThreadPool`.  With
            :class:`~sqlalchemy.pool.QueuePool`, a ``pool_size`` setting
            of 0 indicates no limit; to disable pooling, set ``poolclass`` to
            :class:`~sqlalchemy.pool.NullPool` instead.

        :param pool_recycle=-1: this setting causes the pool to recycle
            connections after the given number of seconds has passed. It
            defaults to -1, or no timeout. For example, setting to 3600
            means connections will be recycled after one hour. Note that
            MySQL in particular will disconnect automatically if no
            activity is detected on a connection for eight hours (although
            this is configurable with the MySQLDB connection itself and the
            server configuration as well).

            .. seealso::

                :ref:`pool_setting_recycle`

        :param pool_reset_on_return='rollback': set the
            :paramref:`_pool.Pool.reset_on_return` parameter of the underlying
            :class:`_pool.Pool` object, which can be set to the values
            ``"rollback"``, ``"commit"``, or ``None``.

            .. seealso::

                :ref:`pool_reset_on_return`

                :ref:`dbapi_autocommit_skip_rollback` - a more modern approach
                to using connections with no transactional instructions

        :param pool_timeout=30: number of seconds to wait before giving
            up on getting a connection from the pool. This is only used
            with :class:`~sqlalchemy.pool.QueuePool`. This can be a float but is
            subject to the limitations of Python time functions which may not be
            reliable in the tens of milliseconds.

            .. note: don't use 30.0 above, it seems to break with the :param tag

        :param pool_use_lifo=False: use LIFO (last-in-first-out) when retrieving
            connections from :class:`.QueuePool` instead of FIFO
            (first-in-first-out). Using LIFO, a server-side timeout scheme can
            reduce the number of connections used during non- peak   periods of
            use.   When planning for server-side timeouts, ensure that a recycle or
            pre-ping strategy is in use to gracefully   handle stale connections.

              .. versionadded:: 1.3

              .. seealso::

                :ref:`pool_use_lifo`

                :ref:`pool_disconnects`

        :param plugins: string list of plugin names to load.  See
            :class:`.CreateEnginePlugin` for background.

            .. versionadded:: 1.2.3

        :param query_cache_size: size of the cache used to cache the SQL string
         form of queries.  Set to zero to disable caching.

         The cache is pruned of its least recently used items when its size reaches
         N * 1.5.  Defaults to 500, meaning the cache will always store at least
         500 SQL statements when filled, and will grow up to 750 items at which
         point it is pruned back down to 500 by removing the 250 least recently
         used items.

         Caching is accomplished on a per-statement basis by generating a
         cache key that represents the statement's structure, then generating
         string SQL for the current dialect only if that key is not present
         in the cache.   All statements support caching, however some features
         such as an INSERT with a large set of parameters will intentionally
         bypass the cache.   SQL logging will indicate statistics for each
         statement whether or not it were pull from the cache.

         .. note:: some ORM functions related to unit-of-work persistence as well
            as some attribute loading strategies will make use of individual
            per-mapper caches outside of the main cache.


         .. seealso::

            :ref:`sql_caching`

         .. versionadded:: 1.4

        :param skip_autocommit_rollback: When True, the dialect will
           unconditionally skip all calls to the DBAPI ``connection.rollback()``
           method if the DBAPI connection is confirmed to be in "autocommit" mode.
           The availability of this feature is dialect specific; if not available,
           a ``NotImplementedError`` is raised by the dialect when rollback occurs.

           .. seealso::

                :ref:`dbapi_autocommit_skip_rollback`

           .. versionadded:: 2.0.43

        :param use_insertmanyvalues: True by default, use the "insertmanyvalues"
         execution style for INSERT..RETURNING statements by default.

         .. versionadded:: 2.0

         .. seealso::

            :ref:`engine_insertmanyvalues`

        """  # noqa

        if "strategy" in kwargs:
            strat = kwargs.pop("strategy")
            if strat == "mock":
                # this case is deprecated
                return create_mock_engine(url, **kwargs)  # type: ignore
            else:
                raise exc.ArgumentError("unknown strategy: %r" % strat)

        kwargs.pop("empty_in_strategy", None)

        # create url.URL object
        u = _url.make_url(url)

        u, plugins, kwargs = u._instantiate_plugins(kwargs)

        entrypoint = u._get_entrypoint()
        _is_async = kwargs.pop("_is_async", False)
        if _is_async:
            dialect_cls = entrypoint.get_async_dialect_cls(u)
        else:
            dialect_cls = entrypoint.get_dialect_cls(u)

        if kwargs.pop("_coerce_config", False):

            def pop_kwarg(key: str, default: Optional[Any] = None) -&gt; Any:
                value = kwargs.pop(key, default)
                if key in dialect_cls.engine_config_types:
                    value = dialect_cls.engine_config_types[key](value)
                return value

        else:
            pop_kwarg = kwargs.pop  # type: ignore

        dialect_args = {}
        # consume dialect arguments from kwargs
        for k in util.get_cls_kwargs(dialect_cls):
            if k in kwargs:
                dialect_args[k] = pop_kwarg(k)

        dbapi = kwargs.pop("module", None)
        if dbapi is None:
            dbapi_args = {}

            if "import_dbapi" in dialect_cls.__dict__:
                dbapi_meth = dialect_cls.import_dbapi

            elif hasattr(dialect_cls, "dbapi") and inspect.ismethod(
                dialect_cls.dbapi
            ):
                util.warn_deprecated(
                    "The dbapi() classmethod on dialect classes has been "
                    "renamed to import_dbapi().  Implement an import_dbapi() "
                    f"classmethod directly on class {dialect_cls} to remove this "
                    "warning; the old .dbapi() classmethod may be maintained for "
                    "backwards compatibility.",
                    "2.0",
                )
                dbapi_meth = dialect_cls.dbapi
            else:
                dbapi_meth = dialect_cls.import_dbapi

            for k in util.get_func_kwargs(dbapi_meth):
                if k in kwargs:
                    dbapi_args[k] = pop_kwarg(k)
&gt;           dbapi = dbapi_meth(**dbapi_args)
                    ^^^^^^^^^^^^^^^^^^^^^^^^

/usr/local/lib/python3.11/dist-packages/sqlalchemy/engine/create.py:617:
_ _ _ _ _ _ _ _ _ _ _ _ _ _ _ _ _ _ _ _ _ _ _ _ _ _ _ _ _ _ _ _ _ _ _ _ _ _ _ _

cls = &lt;class 'sqlalchemy.dialects.sqlite.aiosqlite.SQLiteDialect_aiosqlite'&gt;

    @classmethod
    def import_dbapi(cls) -&gt; AsyncAdapt_aiosqlite_dbapi:
        return AsyncAdapt_aiosqlite_dbapi(
&gt;           __import__("aiosqlite"), __import__("sqlite3")
            ^^^^^^^^^^^^^^^^^^^^^^^
        )
E       ModuleNotFoundError: No module named 'aiosqlite'

/usr/local/lib/python3.11/dist-packages/sqlalchemy/dialects/sqlite/aiosqlite.py:449: ModuleNotFoundError</error></testcase><testcase classname="tests.integration.test_repository_db.TestTradeRepository" name="test_get_open_trades" time="0.000"><error message="failed on setup with &quot;ModuleNotFoundError: No module named 'aiosqlite'&quot;">@pytest.fixture(scope="module")
    def async_engine():
        """Module-scoped async engine with tables created once."""
        import asyncio

&gt;       eng = create_async_engine(
            _ASYNC_URL,
            connect_args={"check_same_thread": False},
            poolclass=StaticPool,
        )

tests/integration/test_repository_db.py:78:
_ _ _ _ _ _ _ _ _ _ _ _ _ _ _ _ _ _ _ _ _ _ _ _ _ _ _ _ _ _ _ _ _ _ _ _ _ _ _ _

func = &lt;function create_async_engine at 0x7f8919a142c0&gt;, module = None
args = ('sqlite+aiosqlite:///:memory:',)
kwargs = {'connect_args': {'check_same_thread': False}, 'poolclass': &lt;class 'sqlalchemy.pool.impl.StaticPool'&gt;}

    def _wrap_create_async_engine_internal(func, module, args, kwargs):
        """Trace the SQLAlchemy engine, creating an `EngineTracer`
        object that will listen to SQLAlchemy events.
        """
        if not is_instrumentation_enabled():
            return func(*args, **kwargs)

&gt;       engine = func(*args, **kwargs)
                 ^^^^^^^^^^^^^^^^^^^^^

/usr/local/lib/python3.11/dist-packages/opentelemetry/instrumentation/sqlalchemy/engine.py:139:
_ _ _ _ _ _ _ _ _ _ _ _ _ _ _ _ _ _ _ _ _ _ _ _ _ _ _ _ _ _ _ _ _ _ _ _ _ _ _ _

url = 'sqlite+aiosqlite:///:memory:'
kw = {'_is_async': True, 'connect_args': {'check_same_thread': False}, 'poolclass': &lt;class 'sqlalchemy.pool.impl.StaticPool'&gt;}

    def create_async_engine(url: Union[str, URL], **kw: Any) -&gt; AsyncEngine:
        """Create a new async engine instance.

        Arguments passed to :func:`_asyncio.create_async_engine` are mostly
        identical to those passed to the :func:`_sa.create_engine` function.
        The specified dialect must be an asyncio-compatible dialect
        such as :ref:`dialect-postgresql-asyncpg`.

        .. versionadded:: 1.4

        :param async_creator: an async callable which returns a driver-level
            asyncio connection. If given, the function should take no arguments,
            and return a new asyncio connection from the underlying asyncio
            database driver; the connection will be wrapped in the appropriate
            structures to be used with the :class:`.AsyncEngine`.   Note that the
            parameters specified in the URL are not applied here, and the creator
            function should use its own connection parameters.

            This parameter is the asyncio equivalent of the
            :paramref:`_sa.create_engine.creator` parameter of the
            :func:`_sa.create_engine` function.

            .. versionadded:: 2.0.16

        """

        if kw.get("server_side_cursors", False):
            raise async_exc.AsyncMethodRequired(
                "Can't set server_side_cursors for async engine globally; "
                "use the connection.stream() method for an async "
                "streaming result set"
            )
        kw["_is_async"] = True
        async_creator = kw.pop("async_creator", None)
        if async_creator:
            if kw.get("creator", None):
                raise ArgumentError(
                    "Can only specify one of 'async_creator' or 'creator', "
                    "not both."
                )

            def creator() -&gt; Any:
                # note that to send adapted arguments like
                # prepared_statement_cache_size, user would use
                # "creator" and emulate this form here
                return sync_engine.dialect.dbapi.connect(  # type: ignore
                    async_creator_fn=async_creator
                )

            kw["creator"] = creator
&gt;       sync_engine = _create_engine(url, **kw)
                      ^^^^^^^^^^^^^^^^^^^^^^^^^

/usr/local/lib/python3.11/dist-packages/sqlalchemy/ext/asyncio/engine.py:120:
_ _ _ _ _ _ _ _ _ _ _ _ _ _ _ _ _ _ _ _ _ _ _ _ _ _ _ _ _ _ _ _ _ _ _ _ _ _ _ _

url = 'sqlite+aiosqlite:///:memory:'
kwargs = {'_is_async': True, 'connect_args': {'check_same_thread': False}, 'poolclass': &lt;class 'sqlalchemy.pool.impl.StaticPool'&gt;}

&gt;   ???

&lt;string&gt;:2:
_ _ _ _ _ _ _ _ _ _ _ _ _ _ _ _ _ _ _ _ _ _ _ _ _ _ _ _ _ _ _ _ _ _ _ _ _ _ _ _

fn = &lt;function create_engine at 0x7f8919b2aac0&gt;
args = ('sqlite+aiosqlite:///:memory:',)
kwargs = {'_is_async': True, 'connect_args': {'check_same_thread': False}, 'poolclass': &lt;class 'sqlalchemy.pool.impl.StaticPool'&gt;}
m = 'implicit_returning'

    @decorator
    def warned(fn: _F, *args: Any, **kwargs: Any) -&gt; _F:
        for m in check_defaults:
            if (defaults[m] is None and kwargs[m] is not None) or (
                defaults[m] is not None and kwargs[m] != defaults[m]
            ):
                _warn_with_version(
                    messages[m],
                    versions[m],
                    version_warnings[m],
                    stacklevel=3,
                )

        if check_any_kw in messages and set(kwargs).difference(
            check_defaults
        ):
            assert check_any_kw is not None
            _warn_with_version(
                messages[check_any_kw],
                versions[check_any_kw],
                version_warnings[check_any_kw],
                stacklevel=3,
            )

        for m in check_kw:
            if m in kwargs:
                _warn_with_version(
                    messages[m],
                    versions[m],
                    version_warnings[m],
                    stacklevel=3,
                )
&gt;       return fn(*args, **kwargs)  # type: ignore[no-any-return]
               ^^^^^^^^^^^^^^^^^^^

/usr/local/lib/python3.11/dist-packages/sqlalchemy/util/deprecations.py:281:
_ _ _ _ _ _ _ _ _ _ _ _ _ _ _ _ _ _ _ _ _ _ _ _ _ _ _ _ _ _ _ _ _ _ _ _ _ _ _ _

url = 'sqlite+aiosqlite:///:memory:'
kwargs = {'connect_args': {'check_same_thread': False}, 'poolclass': &lt;class 'sqlalchemy.pool.impl.StaticPool'&gt;}
u = sqlite+aiosqlite:///:memory:, plugins = []
entrypoint = &lt;class 'sqlalchemy.dialects.sqlite.aiosqlite.SQLiteDialect_aiosqlite'&gt;
_is_async = True
pop_kwarg = &lt;built-in method pop of dict object at 0x7f881f8be200&gt;
dialect_args = {}

    @util.deprecated_params(
        strategy=(
            "1.4",
            "The :paramref:`_sa.create_engine.strategy` keyword is deprecated, "
            "and the only argument accepted is 'mock'; please use "
            ":func:`.create_mock_engine` going forward.  For general "
            "customization of create_engine which may have been accomplished "
            "using strategies, see :class:`.CreateEnginePlugin`.",
        ),
        empty_in_strategy=(
            "1.4",
            "The :paramref:`_sa.create_engine.empty_in_strategy` keyword is "
            "deprecated, and no longer has any effect.  All IN expressions "
            "are now rendered using "
            'the "expanding parameter" strategy which renders a set of bound'
            'expressions, or an "empty set" SELECT, at statement execution'
            "time.",
        ),
        implicit_returning=(
            "2.0",
            "The :paramref:`_sa.create_engine.implicit_returning` parameter "
            "is deprecated and will be removed in a future release. ",
        ),
    )
    def create_engine(url: Union[str, _url.URL], **kwargs: Any) -&gt; Engine:
        """Create a new :class:`_engine.Engine` instance.

        The standard calling form is to send the :ref:`URL &lt;database_urls&gt;` as the
        first positional argument, usually a string
        that indicates database dialect and connection arguments::

            engine = create_engine("postgresql+psycopg2://scott:tiger@localhost/test")

        .. note::

            Please review :ref:`database_urls` for general guidelines in composing
            URL strings.  In particular, special characters, such as those often
            part of passwords, must be URL encoded to be properly parsed.

        Additional keyword arguments may then follow it which
        establish various options on the resulting :class:`_engine.Engine`
        and its underlying :class:`.Dialect` and :class:`_pool.Pool`
        constructs::

            engine = create_engine(
                "mysql+mysqldb://scott:tiger@hostname/dbname",
                pool_recycle=3600,
                echo=True,
            )

        The string form of the URL is
        ``dialect[+driver]://user:password@host/dbname[?key=value..]``, where
        ``dialect`` is a database name such as ``mysql``, ``oracle``,
        ``postgresql``, etc., and ``driver`` the name of a DBAPI, such as
        ``psycopg2``, ``pyodbc``, ``cx_oracle``, etc.  Alternatively,
        the URL can be an instance of :class:`~sqlalchemy.engine.url.URL`.

        ``**kwargs`` takes a wide variety of options which are routed
        towards their appropriate components.  Arguments may be specific to
        the :class:`_engine.Engine`, the underlying :class:`.Dialect`,
        as well as the
        :class:`_pool.Pool`.  Specific dialects also accept keyword arguments that
        are unique to that dialect.   Here, we describe the parameters
        that are common to most :func:`_sa.create_engine()` usage.

        Once established, the newly resulting :class:`_engine.Engine` will
        request a connection from the underlying :class:`_pool.Pool` once
        :meth:`_engine.Engine.connect` is called, or a method which depends on it
        such as :meth:`_engine.Engine.execute` is invoked.   The
        :class:`_pool.Pool` in turn
        will establish the first actual DBAPI connection when this request
        is received.   The :func:`_sa.create_engine` call itself does **not**
        establish any actual DBAPI connections directly.

        .. seealso::

            :doc:`/core/engines`

            :doc:`/dialects/index`

            :ref:`connections_toplevel`

        :param connect_args: a dictionary of options which will be
            passed directly to the DBAPI's ``connect()`` method as
            additional keyword arguments.  See the example
            at :ref:`custom_dbapi_args`.

        :param creator: a callable which returns a DBAPI connection.
            This creation function will be passed to the underlying
            connection pool and will be used to create all new database
            connections. Usage of this function causes connection
            parameters specified in the URL argument to be bypassed.

            This hook is not as flexible as the newer
            :meth:`_events.DialectEvents.do_connect` hook which allows complete
            control over how a connection is made to the database, given the full
            set of URL arguments and state beforehand.

            .. seealso::

                :meth:`_events.DialectEvents.do_connect` - event hook that allows
                full control over DBAPI connection mechanics.

                :ref:`custom_dbapi_args`

        :param echo=False: if True, the Engine will log all statements
            as well as a ``repr()`` of their parameter lists to the default log
            handler, which defaults to ``sys.stdout`` for output.   If set to the
            string ``"debug"``, result rows will be printed to the standard output
            as well. The ``echo`` attribute of ``Engine`` can be modified at any
            time to turn logging on and off; direct control of logging is also
            available using the standard Python ``logging`` module.

            .. seealso::

                :ref:`dbengine_logging` - further detail on how to configure
                logging.


        :param echo_pool=False: if True, the connection pool will log
            informational output such as when connections are invalidated
            as well as when connections are recycled to the default log handler,
            which defaults to ``sys.stdout`` for output.   If set to the string
            ``"debug"``, the logging will include pool checkouts and checkins.
            Direct control of logging is also available using the standard Python
            ``logging`` module.

            .. seealso::

                :ref:`dbengine_logging` - further detail on how to configure
                logging.


        :param empty_in_strategy:   No longer used; SQLAlchemy now uses
            "empty set" behavior for IN in all cases.

        :param enable_from_linting: defaults to True.  Will emit a warning
            if a given SELECT statement is found to have un-linked FROM elements
            which would cause a cartesian product.

            .. versionadded:: 1.4

            .. seealso::

                :ref:`change_4737`

        :param execution_options: Dictionary execution options which will
            be applied to all connections.  See
            :meth:`~sqlalchemy.engine.Connection.execution_options`

        :param future: Use the 2.0 style :class:`_engine.Engine` and
            :class:`_engine.Connection` API.

            As of SQLAlchemy 2.0, this parameter is present for backwards
            compatibility only and must remain at its default value of ``True``.

            The :paramref:`_sa.create_engine.future` parameter will be
            deprecated in a subsequent 2.x release and eventually removed.

            .. versionadded:: 1.4

            .. versionchanged:: 2.0 All :class:`_engine.Engine` objects are
               "future" style engines and there is no longer a ``future=False``
               mode of operation.

            .. seealso::

                :ref:`migration_20_toplevel`

        :param hide_parameters: Boolean, when set to True, SQL statement parameters
            will not be displayed in INFO logging nor will they be formatted into
            the string representation of :class:`.StatementError` objects.

            .. versionadded:: 1.3.8

            .. seealso::

                :ref:`dbengine_logging` - further detail on how to configure
                logging.

        :param implicit_returning=True:  Legacy parameter that may only be set
            to True. In SQLAlchemy 2.0, this parameter does nothing. In order to
            disable "implicit returning" for statements invoked by the ORM,
            configure this on a per-table basis using the
            :paramref:`.Table.implicit_returning` parameter.


        :param insertmanyvalues_page_size: number of rows to format into an
         INSERT statement when the statement uses "insertmanyvalues" mode, which is
         a paged form of bulk insert that is used for many backends when using
         :term:`executemany` execution typically in conjunction with RETURNING.
         Defaults to 1000, but may also be subject to dialect-specific limiting
         factors which may override this value on a per-statement basis.

         .. versionadded:: 2.0

         .. seealso::

            :ref:`engine_insertmanyvalues`

            :ref:`engine_insertmanyvalues_page_size`

            :paramref:`_engine.Connection.execution_options.insertmanyvalues_page_size`

        :param isolation_level: optional string name of an isolation level
            which will be set on all new connections unconditionally.
            Isolation levels are typically some subset of the string names
            ``"SERIALIZABLE"``, ``"REPEATABLE READ"``,
            ``"READ COMMITTED"``, ``"READ UNCOMMITTED"`` and ``"AUTOCOMMIT"``
            based on backend.

            The :paramref:`_sa.create_engine.isolation_level` parameter is
            in contrast to the
            :paramref:`.Connection.execution_options.isolation_level`
            execution option, which may be set on an individual
            :class:`.Connection`, as well as the same parameter passed to
            :meth:`.Engine.execution_options`, where it may be used to create
            multiple engines with different isolation levels that share a common
            connection pool and dialect.

            .. versionchanged:: 2.0 The
               :paramref:`_sa.create_engine.isolation_level`
               parameter has been generalized to work on all dialects which support
               the concept of isolation level, and is provided as a more succinct,
               up front configuration switch in contrast to the execution option
               which is more of an ad-hoc programmatic option.

            .. seealso::

                :ref:`dbapi_autocommit`

        :param json_deserializer: for dialects that support the
            :class:`_types.JSON`
            datatype, this is a Python callable that will convert a JSON string
            to a Python object.  By default, the Python ``json.loads`` function is
            used.

            .. versionchanged:: 1.3.7  The SQLite dialect renamed this from
               ``_json_deserializer``.

        :param json_serializer: for dialects that support the :class:`_types.JSON`
            datatype, this is a Python callable that will render a given object
            as JSON.   By default, the Python ``json.dumps`` function is used.

            .. versionchanged:: 1.3.7  The SQLite dialect renamed this from
               ``_json_serializer``.


        :param label_length=None: optional integer value which limits
            the size of dynamically generated column labels to that many
            characters. If less than 6, labels are generated as
            "_(counter)". If ``None``, the value of
            ``dialect.max_identifier_length``, which may be affected via the
            :paramref:`_sa.create_engine.max_identifier_length` parameter,
            is used instead.   The value of
            :paramref:`_sa.create_engine.label_length`
            may not be larger than that of
            :paramref:`_sa.create_engine.max_identfier_length`.

            .. seealso::

                :paramref:`_sa.create_engine.max_identifier_length`

        :param logging_name:  String identifier which will be used within
            the "name" field of logging records generated within the
            "sqlalchemy.engine" logger. Defaults to a hexstring of the
            object's id.

            .. seealso::

                :ref:`dbengine_logging` - further detail on how to configure
                logging.

                :paramref:`_engine.Connection.execution_options.logging_token`

        :param max_identifier_length: integer; override the max_identifier_length
            determined by the dialect.  if ``None`` or zero, has no effect.  This
            is the database's configured maximum number of characters that may be
            used in a SQL identifier such as a table name, column name, or label
            name. All dialects determine this value automatically, however in the
            case of a new database version for which this value has changed but
            SQLAlchemy's dialect has not been adjusted, the value may be passed
            here.

            .. versionadded:: 1.3.9

            .. seealso::

                :paramref:`_sa.create_engine.label_length`

        :param max_overflow=10: the number of connections to allow in
            connection pool "overflow", that is connections that can be
            opened above and beyond the pool_size setting, which defaults
            to five. this is only used with :class:`~sqlalchemy.pool.QueuePool`.

        :param module=None: reference to a Python module object (the module
            itself, not its string name).  Specifies an alternate DBAPI module to
            be used by the engine's dialect.  Each sub-dialect references a
            specific DBAPI which will be imported before first connect.  This
            parameter causes the import to be bypassed, and the given module to
            be used instead. Can be used for testing of DBAPIs as well as to
            inject "mock" DBAPI implementations into the :class:`_engine.Engine`.

        :param paramstyle=None: The `paramstyle &lt;https://legacy.python.org/dev/peps/pep-0249/#paramstyle&gt;`_
            to use when rendering bound parameters.  This style defaults to the
            one recommended by the DBAPI itself, which is retrieved from the
            ``.paramstyle`` attribute of the DBAPI.  However, most DBAPIs accept
            more than one paramstyle, and in particular it may be desirable
            to change a "named" paramstyle into a "positional" one, or vice versa.
            When this attribute is passed, it should be one of the values
            ``"qmark"``, ``"numeric"``, ``"named"``, ``"format"`` or
            ``"pyformat"``, and should correspond to a parameter style known
            to be supported by the DBAPI in use.

        :param pool=None: an already-constructed instance of
            :class:`~sqlalchemy.pool.Pool`, such as a
            :class:`~sqlalchemy.pool.QueuePool` instance. If non-None, this
            pool will be used directly as the underlying connection pool
            for the engine, bypassing whatever connection parameters are
            present in the URL argument. For information on constructing
            connection pools manually, see :ref:`pooling_toplevel`.

        :param poolclass=None: a :class:`~sqlalchemy.pool.Pool`
            subclass, which will be used to create a connection pool
            instance using the connection parameters given in the URL. Note
            this differs from ``pool`` in that you don't actually
            instantiate the pool in this case, you just indicate what type
            of pool to be used.

        :param pool_logging_name:  String identifier which will be used within
           the "name" field of logging records generated within the
           "sqlalchemy.pool" logger. Defaults to a hexstring of the object's
           id.

           .. seealso::

                :ref:`dbengine_logging` - further detail on how to configure
                logging.

        :param pool_pre_ping: boolean, if True will enable the connection pool
            "pre-ping" feature that tests connections for liveness upon
            each checkout.

            .. versionadded:: 1.2

            .. seealso::

                :ref:`pool_disconnects_pessimistic`

        :param pool_size=5: the number of connections to keep open
            inside the connection pool. This used with
            :class:`~sqlalchemy.pool.QueuePool` as
            well as :class:`~sqlalchemy.pool.SingletonThreadPool`.  With
            :class:`~sqlalchemy.pool.QueuePool`, a ``pool_size`` setting
            of 0 indicates no limit; to disable pooling, set ``poolclass`` to
            :class:`~sqlalchemy.pool.NullPool` instead.

        :param pool_recycle=-1: this setting causes the pool to recycle
            connections after the given number of seconds has passed. It
            defaults to -1, or no timeout. For example, setting to 3600
            means connections will be recycled after one hour. Note that
            MySQL in particular will disconnect automatically if no
            activity is detected on a connection for eight hours (although
            this is configurable with the MySQLDB connection itself and the
            server configuration as well).

            .. seealso::

                :ref:`pool_setting_recycle`

        :param pool_reset_on_return='rollback': set the
            :paramref:`_pool.Pool.reset_on_return` parameter of the underlying
            :class:`_pool.Pool` object, which can be set to the values
            ``"rollback"``, ``"commit"``, or ``None``.

            .. seealso::

                :ref:`pool_reset_on_return`

                :ref:`dbapi_autocommit_skip_rollback` - a more modern approach
                to using connections with no transactional instructions

        :param pool_timeout=30: number of seconds to wait before giving
            up on getting a connection from the pool. This is only used
            with :class:`~sqlalchemy.pool.QueuePool`. This can be a float but is
            subject to the limitations of Python time functions which may not be
            reliable in the tens of milliseconds.

            .. note: don't use 30.0 above, it seems to break with the :param tag

        :param pool_use_lifo=False: use LIFO (last-in-first-out) when retrieving
            connections from :class:`.QueuePool` instead of FIFO
            (first-in-first-out). Using LIFO, a server-side timeout scheme can
            reduce the number of connections used during non- peak   periods of
            use.   When planning for server-side timeouts, ensure that a recycle or
            pre-ping strategy is in use to gracefully   handle stale connections.

              .. versionadded:: 1.3

              .. seealso::

                :ref:`pool_use_lifo`

                :ref:`pool_disconnects`

        :param plugins: string list of plugin names to load.  See
            :class:`.CreateEnginePlugin` for background.

            .. versionadded:: 1.2.3

        :param query_cache_size: size of the cache used to cache the SQL string
         form of queries.  Set to zero to disable caching.

         The cache is pruned of its least recently used items when its size reaches
         N * 1.5.  Defaults to 500, meaning the cache will always store at least
         500 SQL statements when filled, and will grow up to 750 items at which
         point it is pruned back down to 500 by removing the 250 least recently
         used items.

         Caching is accomplished on a per-statement basis by generating a
         cache key that represents the statement's structure, then generating
         string SQL for the current dialect only if that key is not present
         in the cache.   All statements support caching, however some features
         such as an INSERT with a large set of parameters will intentionally
         bypass the cache.   SQL logging will indicate statistics for each
         statement whether or not it were pull from the cache.

         .. note:: some ORM functions related to unit-of-work persistence as well
            as some attribute loading strategies will make use of individual
            per-mapper caches outside of the main cache.


         .. seealso::

            :ref:`sql_caching`

         .. versionadded:: 1.4

        :param skip_autocommit_rollback: When True, the dialect will
           unconditionally skip all calls to the DBAPI ``connection.rollback()``
           method if the DBAPI connection is confirmed to be in "autocommit" mode.
           The availability of this feature is dialect specific; if not available,
           a ``NotImplementedError`` is raised by the dialect when rollback occurs.

           .. seealso::

                :ref:`dbapi_autocommit_skip_rollback`

           .. versionadded:: 2.0.43

        :param use_insertmanyvalues: True by default, use the "insertmanyvalues"
         execution style for INSERT..RETURNING statements by default.

         .. versionadded:: 2.0

         .. seealso::

            :ref:`engine_insertmanyvalues`

        """  # noqa

        if "strategy" in kwargs:
            strat = kwargs.pop("strategy")
            if strat == "mock":
                # this case is deprecated
                return create_mock_engine(url, **kwargs)  # type: ignore
            else:
                raise exc.ArgumentError("unknown strategy: %r" % strat)

        kwargs.pop("empty_in_strategy", None)

        # create url.URL object
        u = _url.make_url(url)

        u, plugins, kwargs = u._instantiate_plugins(kwargs)

        entrypoint = u._get_entrypoint()
        _is_async = kwargs.pop("_is_async", False)
        if _is_async:
            dialect_cls = entrypoint.get_async_dialect_cls(u)
        else:
            dialect_cls = entrypoint.get_dialect_cls(u)

        if kwargs.pop("_coerce_config", False):

            def pop_kwarg(key: str, default: Optional[Any] = None) -&gt; Any:
                value = kwargs.pop(key, default)
                if key in dialect_cls.engine_config_types:
                    value = dialect_cls.engine_config_types[key](value)
                return value

        else:
            pop_kwarg = kwargs.pop  # type: ignore

        dialect_args = {}
        # consume dialect arguments from kwargs
        for k in util.get_cls_kwargs(dialect_cls):
            if k in kwargs:
                dialect_args[k] = pop_kwarg(k)

        dbapi = kwargs.pop("module", None)
        if dbapi is None:
            dbapi_args = {}

            if "import_dbapi" in dialect_cls.__dict__:
                dbapi_meth = dialect_cls.import_dbapi

            elif hasattr(dialect_cls, "dbapi") and inspect.ismethod(
                dialect_cls.dbapi
            ):
                util.warn_deprecated(
                    "The dbapi() classmethod on dialect classes has been "
                    "renamed to import_dbapi().  Implement an import_dbapi() "
                    f"classmethod directly on class {dialect_cls} to remove this "
                    "warning; the old .dbapi() classmethod may be maintained for "
                    "backwards compatibility.",
                    "2.0",
                )
                dbapi_meth = dialect_cls.dbapi
            else:
                dbapi_meth = dialect_cls.import_dbapi

            for k in util.get_func_kwargs(dbapi_meth):
                if k in kwargs:
                    dbapi_args[k] = pop_kwarg(k)
&gt;           dbapi = dbapi_meth(**dbapi_args)
                    ^^^^^^^^^^^^^^^^^^^^^^^^

/usr/local/lib/python3.11/dist-packages/sqlalchemy/engine/create.py:617:
_ _ _ _ _ _ _ _ _ _ _ _ _ _ _ _ _ _ _ _ _ _ _ _ _ _ _ _ _ _ _ _ _ _ _ _ _ _ _ _

cls = &lt;class 'sqlalchemy.dialects.sqlite.aiosqlite.SQLiteDialect_aiosqlite'&gt;

    @classmethod
    def import_dbapi(cls) -&gt; AsyncAdapt_aiosqlite_dbapi:
        return AsyncAdapt_aiosqlite_dbapi(
&gt;           __import__("aiosqlite"), __import__("sqlite3")
            ^^^^^^^^^^^^^^^^^^^^^^^
        )
E       ModuleNotFoundError: No module named 'aiosqlite'

/usr/local/lib/python3.11/dist-packages/sqlalchemy/dialects/sqlite/aiosqlite.py:449: ModuleNotFoundError</error></testcase><testcase classname="tests.integration.test_repository_db.TestTradeRepository" name="test_get_open_trades_filtered_by_symbol" time="0.000"><error message="failed on setup with &quot;ModuleNotFoundError: No module named 'aiosqlite'&quot;">@pytest.fixture(scope="module")
    def async_engine():
        """Module-scoped async engine with tables created once."""
        import asyncio

&gt;       eng = create_async_engine(
            _ASYNC_URL,
            connect_args={"check_same_thread": False},
            poolclass=StaticPool,
        )

tests/integration/test_repository_db.py:78:
_ _ _ _ _ _ _ _ _ _ _ _ _ _ _ _ _ _ _ _ _ _ _ _ _ _ _ _ _ _ _ _ _ _ _ _ _ _ _ _

func = &lt;function create_async_engine at 0x7f8919a142c0&gt;, module = None
args = ('sqlite+aiosqlite:///:memory:',)
kwargs = {'connect_args': {'check_same_thread': False}, 'poolclass': &lt;class 'sqlalchemy.pool.impl.StaticPool'&gt;}

    def _wrap_create_async_engine_internal(func, module, args, kwargs):
        """Trace the SQLAlchemy engine, creating an `EngineTracer`
        object that will listen to SQLAlchemy events.
        """
        if not is_instrumentation_enabled():
            return func(*args, **kwargs)

&gt;       engine = func(*args, **kwargs)
                 ^^^^^^^^^^^^^^^^^^^^^

/usr/local/lib/python3.11/dist-packages/opentelemetry/instrumentation/sqlalchemy/engine.py:139:
_ _ _ _ _ _ _ _ _ _ _ _ _ _ _ _ _ _ _ _ _ _ _ _ _ _ _ _ _ _ _ _ _ _ _ _ _ _ _ _

url = 'sqlite+aiosqlite:///:memory:'
kw = {'_is_async': True, 'connect_args': {'check_same_thread': False}, 'poolclass': &lt;class 'sqlalchemy.pool.impl.StaticPool'&gt;}

    def create_async_engine(url: Union[str, URL], **kw: Any) -&gt; AsyncEngine:
        """Create a new async engine instance.

        Arguments passed to :func:`_asyncio.create_async_engine` are mostly
        identical to those passed to the :func:`_sa.create_engine` function.
        The specified dialect must be an asyncio-compatible dialect
        such as :ref:`dialect-postgresql-asyncpg`.

        .. versionadded:: 1.4

        :param async_creator: an async callable which returns a driver-level
            asyncio connection. If given, the function should take no arguments,
            and return a new asyncio connection from the underlying asyncio
            database driver; the connection will be wrapped in the appropriate
            structures to be used with the :class:`.AsyncEngine`.   Note that the
            parameters specified in the URL are not applied here, and the creator
            function should use its own connection parameters.

            This parameter is the asyncio equivalent of the
            :paramref:`_sa.create_engine.creator` parameter of the
            :func:`_sa.create_engine` function.

            .. versionadded:: 2.0.16

        """

        if kw.get("server_side_cursors", False):
            raise async_exc.AsyncMethodRequired(
                "Can't set server_side_cursors for async engine globally; "
                "use the connection.stream() method for an async "
                "streaming result set"
            )
        kw["_is_async"] = True
        async_creator = kw.pop("async_creator", None)
        if async_creator:
            if kw.get("creator", None):
                raise ArgumentError(
                    "Can only specify one of 'async_creator' or 'creator', "
                    "not both."
                )

            def creator() -&gt; Any:
                # note that to send adapted arguments like
                # prepared_statement_cache_size, user would use
                # "creator" and emulate this form here
                return sync_engine.dialect.dbapi.connect(  # type: ignore
                    async_creator_fn=async_creator
                )

            kw["creator"] = creator
&gt;       sync_engine = _create_engine(url, **kw)
                      ^^^^^^^^^^^^^^^^^^^^^^^^^

/usr/local/lib/python3.11/dist-packages/sqlalchemy/ext/asyncio/engine.py:120:
_ _ _ _ _ _ _ _ _ _ _ _ _ _ _ _ _ _ _ _ _ _ _ _ _ _ _ _ _ _ _ _ _ _ _ _ _ _ _ _

url = 'sqlite+aiosqlite:///:memory:'
kwargs = {'_is_async': True, 'connect_args': {'check_same_thread': False}, 'poolclass': &lt;class 'sqlalchemy.pool.impl.StaticPool'&gt;}

&gt;   ???

&lt;string&gt;:2:
_ _ _ _ _ _ _ _ _ _ _ _ _ _ _ _ _ _ _ _ _ _ _ _ _ _ _ _ _ _ _ _ _ _ _ _ _ _ _ _

fn = &lt;function create_engine at 0x7f8919b2aac0&gt;
args = ('sqlite+aiosqlite:///:memory:',)
kwargs = {'_is_async': True, 'connect_args': {'check_same_thread': False}, 'poolclass': &lt;class 'sqlalchemy.pool.impl.StaticPool'&gt;}
m = 'implicit_returning'

    @decorator
    def warned(fn: _F, *args: Any, **kwargs: Any) -&gt; _F:
        for m in check_defaults:
            if (defaults[m] is None and kwargs[m] is not None) or (
                defaults[m] is not None and kwargs[m] != defaults[m]
            ):
                _warn_with_version(
                    messages[m],
                    versions[m],
                    version_warnings[m],
                    stacklevel=3,
                )

        if check_any_kw in messages and set(kwargs).difference(
            check_defaults
        ):
            assert check_any_kw is not None
            _warn_with_version(
                messages[check_any_kw],
                versions[check_any_kw],
                version_warnings[check_any_kw],
                stacklevel=3,
            )

        for m in check_kw:
            if m in kwargs:
                _warn_with_version(
                    messages[m],
                    versions[m],
                    version_warnings[m],
                    stacklevel=3,
                )
&gt;       return fn(*args, **kwargs)  # type: ignore[no-any-return]
               ^^^^^^^^^^^^^^^^^^^

/usr/local/lib/python3.11/dist-packages/sqlalchemy/util/deprecations.py:281:
_ _ _ _ _ _ _ _ _ _ _ _ _ _ _ _ _ _ _ _ _ _ _ _ _ _ _ _ _ _ _ _ _ _ _ _ _ _ _ _

url = 'sqlite+aiosqlite:///:memory:'
kwargs = {'connect_args': {'check_same_thread': False}, 'poolclass': &lt;class 'sqlalchemy.pool.impl.StaticPool'&gt;}
u = sqlite+aiosqlite:///:memory:, plugins = []
entrypoint = &lt;class 'sqlalchemy.dialects.sqlite.aiosqlite.SQLiteDialect_aiosqlite'&gt;
_is_async = True
pop_kwarg = &lt;built-in method pop of dict object at 0x7f881f8be200&gt;
dialect_args = {}

    @util.deprecated_params(
        strategy=(
            "1.4",
            "The :paramref:`_sa.create_engine.strategy` keyword is deprecated, "
            "and the only argument accepted is 'mock'; please use "
            ":func:`.create_mock_engine` going forward.  For general "
            "customization of create_engine which may have been accomplished "
            "using strategies, see :class:`.CreateEnginePlugin`.",
        ),
        empty_in_strategy=(
            "1.4",
            "The :paramref:`_sa.create_engine.empty_in_strategy` keyword is "
            "deprecated, and no longer has any effect.  All IN expressions "
            "are now rendered using "
            'the "expanding parameter" strategy which renders a set of bound'
            'expressions, or an "empty set" SELECT, at statement execution'
            "time.",
        ),
        implicit_returning=(
            "2.0",
            "The :paramref:`_sa.create_engine.implicit_returning` parameter "
            "is deprecated and will be removed in a future release. ",
        ),
    )
    def create_engine(url: Union[str, _url.URL], **kwargs: Any) -&gt; Engine:
        """Create a new :class:`_engine.Engine` instance.

        The standard calling form is to send the :ref:`URL &lt;database_urls&gt;` as the
        first positional argument, usually a string
        that indicates database dialect and connection arguments::

            engine = create_engine("postgresql+psycopg2://scott:tiger@localhost/test")

        .. note::

            Please review :ref:`database_urls` for general guidelines in composing
            URL strings.  In particular, special characters, such as those often
            part of passwords, must be URL encoded to be properly parsed.

        Additional keyword arguments may then follow it which
        establish various options on the resulting :class:`_engine.Engine`
        and its underlying :class:`.Dialect` and :class:`_pool.Pool`
        constructs::

            engine = create_engine(
                "mysql+mysqldb://scott:tiger@hostname/dbname",
                pool_recycle=3600,
                echo=True,
            )

        The string form of the URL is
        ``dialect[+driver]://user:password@host/dbname[?key=value..]``, where
        ``dialect`` is a database name such as ``mysql``, ``oracle``,
        ``postgresql``, etc., and ``driver`` the name of a DBAPI, such as
        ``psycopg2``, ``pyodbc``, ``cx_oracle``, etc.  Alternatively,
        the URL can be an instance of :class:`~sqlalchemy.engine.url.URL`.

        ``**kwargs`` takes a wide variety of options which are routed
        towards their appropriate components.  Arguments may be specific to
        the :class:`_engine.Engine`, the underlying :class:`.Dialect`,
        as well as the
        :class:`_pool.Pool`.  Specific dialects also accept keyword arguments that
        are unique to that dialect.   Here, we describe the parameters
        that are common to most :func:`_sa.create_engine()` usage.

        Once established, the newly resulting :class:`_engine.Engine` will
        request a connection from the underlying :class:`_pool.Pool` once
        :meth:`_engine.Engine.connect` is called, or a method which depends on it
        such as :meth:`_engine.Engine.execute` is invoked.   The
        :class:`_pool.Pool` in turn
        will establish the first actual DBAPI connection when this request
        is received.   The :func:`_sa.create_engine` call itself does **not**
        establish any actual DBAPI connections directly.

        .. seealso::

            :doc:`/core/engines`

            :doc:`/dialects/index`

            :ref:`connections_toplevel`

        :param connect_args: a dictionary of options which will be
            passed directly to the DBAPI's ``connect()`` method as
            additional keyword arguments.  See the example
            at :ref:`custom_dbapi_args`.

        :param creator: a callable which returns a DBAPI connection.
            This creation function will be passed to the underlying
            connection pool and will be used to create all new database
            connections. Usage of this function causes connection
            parameters specified in the URL argument to be bypassed.

            This hook is not as flexible as the newer
            :meth:`_events.DialectEvents.do_connect` hook which allows complete
            control over how a connection is made to the database, given the full
            set of URL arguments and state beforehand.

            .. seealso::

                :meth:`_events.DialectEvents.do_connect` - event hook that allows
                full control over DBAPI connection mechanics.

                :ref:`custom_dbapi_args`

        :param echo=False: if True, the Engine will log all statements
            as well as a ``repr()`` of their parameter lists to the default log
            handler, which defaults to ``sys.stdout`` for output.   If set to the
            string ``"debug"``, result rows will be printed to the standard output
            as well. The ``echo`` attribute of ``Engine`` can be modified at any
            time to turn logging on and off; direct control of logging is also
            available using the standard Python ``logging`` module.

            .. seealso::

                :ref:`dbengine_logging` - further detail on how to configure
                logging.


        :param echo_pool=False: if True, the connection pool will log
            informational output such as when connections are invalidated
            as well as when connections are recycled to the default log handler,
            which defaults to ``sys.stdout`` for output.   If set to the string
            ``"debug"``, the logging will include pool checkouts and checkins.
            Direct control of logging is also available using the standard Python
            ``logging`` module.

            .. seealso::

                :ref:`dbengine_logging` - further detail on how to configure
                logging.


        :param empty_in_strategy:   No longer used; SQLAlchemy now uses
            "empty set" behavior for IN in all cases.

        :param enable_from_linting: defaults to True.  Will emit a warning
            if a given SELECT statement is found to have un-linked FROM elements
            which would cause a cartesian product.

            .. versionadded:: 1.4

            .. seealso::

                :ref:`change_4737`

        :param execution_options: Dictionary execution options which will
            be applied to all connections.  See
            :meth:`~sqlalchemy.engine.Connection.execution_options`

        :param future: Use the 2.0 style :class:`_engine.Engine` and
            :class:`_engine.Connection` API.

            As of SQLAlchemy 2.0, this parameter is present for backwards
            compatibility only and must remain at its default value of ``True``.

            The :paramref:`_sa.create_engine.future` parameter will be
            deprecated in a subsequent 2.x release and eventually removed.

            .. versionadded:: 1.4

            .. versionchanged:: 2.0 All :class:`_engine.Engine` objects are
               "future" style engines and there is no longer a ``future=False``
               mode of operation.

            .. seealso::

                :ref:`migration_20_toplevel`

        :param hide_parameters: Boolean, when set to True, SQL statement parameters
            will not be displayed in INFO logging nor will they be formatted into
            the string representation of :class:`.StatementError` objects.

            .. versionadded:: 1.3.8

            .. seealso::

                :ref:`dbengine_logging` - further detail on how to configure
                logging.

        :param implicit_returning=True:  Legacy parameter that may only be set
            to True. In SQLAlchemy 2.0, this parameter does nothing. In order to
            disable "implicit returning" for statements invoked by the ORM,
            configure this on a per-table basis using the
            :paramref:`.Table.implicit_returning` parameter.


        :param insertmanyvalues_page_size: number of rows to format into an
         INSERT statement when the statement uses "insertmanyvalues" mode, which is
         a paged form of bulk insert that is used for many backends when using
         :term:`executemany` execution typically in conjunction with RETURNING.
         Defaults to 1000, but may also be subject to dialect-specific limiting
         factors which may override this value on a per-statement basis.

         .. versionadded:: 2.0

         .. seealso::

            :ref:`engine_insertmanyvalues`

            :ref:`engine_insertmanyvalues_page_size`

            :paramref:`_engine.Connection.execution_options.insertmanyvalues_page_size`

        :param isolation_level: optional string name of an isolation level
            which will be set on all new connections unconditionally.
            Isolation levels are typically some subset of the string names
            ``"SERIALIZABLE"``, ``"REPEATABLE READ"``,
            ``"READ COMMITTED"``, ``"READ UNCOMMITTED"`` and ``"AUTOCOMMIT"``
            based on backend.

            The :paramref:`_sa.create_engine.isolation_level` parameter is
            in contrast to the
            :paramref:`.Connection.execution_options.isolation_level`
            execution option, which may be set on an individual
            :class:`.Connection`, as well as the same parameter passed to
            :meth:`.Engine.execution_options`, where it may be used to create
            multiple engines with different isolation levels that share a common
            connection pool and dialect.

            .. versionchanged:: 2.0 The
               :paramref:`_sa.create_engine.isolation_level`
               parameter has been generalized to work on all dialects which support
               the concept of isolation level, and is provided as a more succinct,
               up front configuration switch in contrast to the execution option
               which is more of an ad-hoc programmatic option.

            .. seealso::

                :ref:`dbapi_autocommit`

        :param json_deserializer: for dialects that support the
            :class:`_types.JSON`
            datatype, this is a Python callable that will convert a JSON string
            to a Python object.  By default, the Python ``json.loads`` function is
            used.

            .. versionchanged:: 1.3.7  The SQLite dialect renamed this from
               ``_json_deserializer``.

        :param json_serializer: for dialects that support the :class:`_types.JSON`
            datatype, this is a Python callable that will render a given object
            as JSON.   By default, the Python ``json.dumps`` function is used.

            .. versionchanged:: 1.3.7  The SQLite dialect renamed this from
               ``_json_serializer``.


        :param label_length=None: optional integer value which limits
            the size of dynamically generated column labels to that many
            characters. If less than 6, labels are generated as
            "_(counter)". If ``None``, the value of
            ``dialect.max_identifier_length``, which may be affected via the
            :paramref:`_sa.create_engine.max_identifier_length` parameter,
            is used instead.   The value of
            :paramref:`_sa.create_engine.label_length`
            may not be larger than that of
            :paramref:`_sa.create_engine.max_identfier_length`.

            .. seealso::

                :paramref:`_sa.create_engine.max_identifier_length`

        :param logging_name:  String identifier which will be used within
            the "name" field of logging records generated within the
            "sqlalchemy.engine" logger. Defaults to a hexstring of the
            object's id.

            .. seealso::

                :ref:`dbengine_logging` - further detail on how to configure
                logging.

                :paramref:`_engine.Connection.execution_options.logging_token`

        :param max_identifier_length: integer; override the max_identifier_length
            determined by the dialect.  if ``None`` or zero, has no effect.  This
            is the database's configured maximum number of characters that may be
            used in a SQL identifier such as a table name, column name, or label
            name. All dialects determine this value automatically, however in the
            case of a new database version for which this value has changed but
            SQLAlchemy's dialect has not been adjusted, the value may be passed
            here.

            .. versionadded:: 1.3.9

            .. seealso::

                :paramref:`_sa.create_engine.label_length`

        :param max_overflow=10: the number of connections to allow in
            connection pool "overflow", that is connections that can be
            opened above and beyond the pool_size setting, which defaults
            to five. this is only used with :class:`~sqlalchemy.pool.QueuePool`.

        :param module=None: reference to a Python module object (the module
            itself, not its string name).  Specifies an alternate DBAPI module to
            be used by the engine's dialect.  Each sub-dialect references a
            specific DBAPI which will be imported before first connect.  This
            parameter causes the import to be bypassed, and the given module to
            be used instead. Can be used for testing of DBAPIs as well as to
            inject "mock" DBAPI implementations into the :class:`_engine.Engine`.

        :param paramstyle=None: The `paramstyle &lt;https://legacy.python.org/dev/peps/pep-0249/#paramstyle&gt;`_
            to use when rendering bound parameters.  This style defaults to the
            one recommended by the DBAPI itself, which is retrieved from the
            ``.paramstyle`` attribute of the DBAPI.  However, most DBAPIs accept
            more than one paramstyle, and in particular it may be desirable
            to change a "named" paramstyle into a "positional" one, or vice versa.
            When this attribute is passed, it should be one of the values
            ``"qmark"``, ``"numeric"``, ``"named"``, ``"format"`` or
            ``"pyformat"``, and should correspond to a parameter style known
            to be supported by the DBAPI in use.

        :param pool=None: an already-constructed instance of
            :class:`~sqlalchemy.pool.Pool`, such as a
            :class:`~sqlalchemy.pool.QueuePool` instance. If non-None, this
            pool will be used directly as the underlying connection pool
            for the engine, bypassing whatever connection parameters are
            present in the URL argument. For information on constructing
            connection pools manually, see :ref:`pooling_toplevel`.

        :param poolclass=None: a :class:`~sqlalchemy.pool.Pool`
            subclass, which will be used to create a connection pool
            instance using the connection parameters given in the URL. Note
            this differs from ``pool`` in that you don't actually
            instantiate the pool in this case, you just indicate what type
            of pool to be used.

        :param pool_logging_name:  String identifier which will be used within
           the "name" field of logging records generated within the
           "sqlalchemy.pool" logger. Defaults to a hexstring of the object's
           id.

           .. seealso::

                :ref:`dbengine_logging` - further detail on how to configure
                logging.

        :param pool_pre_ping: boolean, if True will enable the connection pool
            "pre-ping" feature that tests connections for liveness upon
            each checkout.

            .. versionadded:: 1.2

            .. seealso::

                :ref:`pool_disconnects_pessimistic`

        :param pool_size=5: the number of connections to keep open
            inside the connection pool. This used with
            :class:`~sqlalchemy.pool.QueuePool` as
            well as :class:`~sqlalchemy.pool.SingletonThreadPool`.  With
            :class:`~sqlalchemy.pool.QueuePool`, a ``pool_size`` setting
            of 0 indicates no limit; to disable pooling, set ``poolclass`` to
            :class:`~sqlalchemy.pool.NullPool` instead.

        :param pool_recycle=-1: this setting causes the pool to recycle
            connections after the given number of seconds has passed. It
            defaults to -1, or no timeout. For example, setting to 3600
            means connections will be recycled after one hour. Note that
            MySQL in particular will disconnect automatically if no
            activity is detected on a connection for eight hours (although
            this is configurable with the MySQLDB connection itself and the
            server configuration as well).

            .. seealso::

                :ref:`pool_setting_recycle`

        :param pool_reset_on_return='rollback': set the
            :paramref:`_pool.Pool.reset_on_return` parameter of the underlying
            :class:`_pool.Pool` object, which can be set to the values
            ``"rollback"``, ``"commit"``, or ``None``.

            .. seealso::

                :ref:`pool_reset_on_return`

                :ref:`dbapi_autocommit_skip_rollback` - a more modern approach
                to using connections with no transactional instructions

        :param pool_timeout=30: number of seconds to wait before giving
            up on getting a connection from the pool. This is only used
            with :class:`~sqlalchemy.pool.QueuePool`. This can be a float but is
            subject to the limitations of Python time functions which may not be
            reliable in the tens of milliseconds.

            .. note: don't use 30.0 above, it seems to break with the :param tag

        :param pool_use_lifo=False: use LIFO (last-in-first-out) when retrieving
            connections from :class:`.QueuePool` instead of FIFO
            (first-in-first-out). Using LIFO, a server-side timeout scheme can
            reduce the number of connections used during non- peak   periods of
            use.   When planning for server-side timeouts, ensure that a recycle or
            pre-ping strategy is in use to gracefully   handle stale connections.

              .. versionadded:: 1.3

              .. seealso::

                :ref:`pool_use_lifo`

                :ref:`pool_disconnects`

        :param plugins: string list of plugin names to load.  See
            :class:`.CreateEnginePlugin` for background.

            .. versionadded:: 1.2.3

        :param query_cache_size: size of the cache used to cache the SQL string
         form of queries.  Set to zero to disable caching.

         The cache is pruned of its least recently used items when its size reaches
         N * 1.5.  Defaults to 500, meaning the cache will always store at least
         500 SQL statements when filled, and will grow up to 750 items at which
         point it is pruned back down to 500 by removing the 250 least recently
         used items.

         Caching is accomplished on a per-statement basis by generating a
         cache key that represents the statement's structure, then generating
         string SQL for the current dialect only if that key is not present
         in the cache.   All statements support caching, however some features
         such as an INSERT with a large set of parameters will intentionally
         bypass the cache.   SQL logging will indicate statistics for each
         statement whether or not it were pull from the cache.

         .. note:: some ORM functions related to unit-of-work persistence as well
            as some attribute loading strategies will make use of individual
            per-mapper caches outside of the main cache.


         .. seealso::

            :ref:`sql_caching`

         .. versionadded:: 1.4

        :param skip_autocommit_rollback: When True, the dialect will
           unconditionally skip all calls to the DBAPI ``connection.rollback()``
           method if the DBAPI connection is confirmed to be in "autocommit" mode.
           The availability of this feature is dialect specific; if not available,
           a ``NotImplementedError`` is raised by the dialect when rollback occurs.

           .. seealso::

                :ref:`dbapi_autocommit_skip_rollback`

           .. versionadded:: 2.0.43

        :param use_insertmanyvalues: True by default, use the "insertmanyvalues"
         execution style for INSERT..RETURNING statements by default.

         .. versionadded:: 2.0

         .. seealso::

            :ref:`engine_insertmanyvalues`

        """  # noqa

        if "strategy" in kwargs:
            strat = kwargs.pop("strategy")
            if strat == "mock":
                # this case is deprecated
                return create_mock_engine(url, **kwargs)  # type: ignore
            else:
                raise exc.ArgumentError("unknown strategy: %r" % strat)

        kwargs.pop("empty_in_strategy", None)

        # create url.URL object
        u = _url.make_url(url)

        u, plugins, kwargs = u._instantiate_plugins(kwargs)

        entrypoint = u._get_entrypoint()
        _is_async = kwargs.pop("_is_async", False)
        if _is_async:
            dialect_cls = entrypoint.get_async_dialect_cls(u)
        else:
            dialect_cls = entrypoint.get_dialect_cls(u)

        if kwargs.pop("_coerce_config", False):

            def pop_kwarg(key: str, default: Optional[Any] = None) -&gt; Any:
                value = kwargs.pop(key, default)
                if key in dialect_cls.engine_config_types:
                    value = dialect_cls.engine_config_types[key](value)
                return value

        else:
            pop_kwarg = kwargs.pop  # type: ignore

        dialect_args = {}
        # consume dialect arguments from kwargs
        for k in util.get_cls_kwargs(dialect_cls):
            if k in kwargs:
                dialect_args[k] = pop_kwarg(k)

        dbapi = kwargs.pop("module", None)
        if dbapi is None:
            dbapi_args = {}

            if "import_dbapi" in dialect_cls.__dict__:
                dbapi_meth = dialect_cls.import_dbapi

            elif hasattr(dialect_cls, "dbapi") and inspect.ismethod(
                dialect_cls.dbapi
            ):
                util.warn_deprecated(
                    "The dbapi() classmethod on dialect classes has been "
                    "renamed to import_dbapi().  Implement an import_dbapi() "
                    f"classmethod directly on class {dialect_cls} to remove this "
                    "warning; the old .dbapi() classmethod may be maintained for "
                    "backwards compatibility.",
                    "2.0",
                )
                dbapi_meth = dialect_cls.dbapi
            else:
                dbapi_meth = dialect_cls.import_dbapi

            for k in util.get_func_kwargs(dbapi_meth):
                if k in kwargs:
                    dbapi_args[k] = pop_kwarg(k)
&gt;           dbapi = dbapi_meth(**dbapi_args)
                    ^^^^^^^^^^^^^^^^^^^^^^^^

/usr/local/lib/python3.11/dist-packages/sqlalchemy/engine/create.py:617:
_ _ _ _ _ _ _ _ _ _ _ _ _ _ _ _ _ _ _ _ _ _ _ _ _ _ _ _ _ _ _ _ _ _ _ _ _ _ _ _

cls = &lt;class 'sqlalchemy.dialects.sqlite.aiosqlite.SQLiteDialect_aiosqlite'&gt;

    @classmethod
    def import_dbapi(cls) -&gt; AsyncAdapt_aiosqlite_dbapi:
        return AsyncAdapt_aiosqlite_dbapi(
&gt;           __import__("aiosqlite"), __import__("sqlite3")
            ^^^^^^^^^^^^^^^^^^^^^^^
        )
E       ModuleNotFoundError: No module named 'aiosqlite'

/usr/local/lib/python3.11/dist-packages/sqlalchemy/dialects/sqlite/aiosqlite.py:449: ModuleNotFoundError</error></testcase><testcase classname="tests.integration.test_repository_db.TestTradeRepository" name="test_get_by_user" time="0.001"><error message="failed on setup with &quot;ModuleNotFoundError: No module named 'aiosqlite'&quot;">@pytest.fixture(scope="module")
    def async_engine():
        """Module-scoped async engine with tables created once."""
        import asyncio

&gt;       eng = create_async_engine(
            _ASYNC_URL,
            connect_args={"check_same_thread": False},
            poolclass=StaticPool,
        )

tests/integration/test_repository_db.py:78:
_ _ _ _ _ _ _ _ _ _ _ _ _ _ _ _ _ _ _ _ _ _ _ _ _ _ _ _ _ _ _ _ _ _ _ _ _ _ _ _

func = &lt;function create_async_engine at 0x7f8919a142c0&gt;, module = None
args = ('sqlite+aiosqlite:///:memory:',)
kwargs = {'connect_args': {'check_same_thread': False}, 'poolclass': &lt;class 'sqlalchemy.pool.impl.StaticPool'&gt;}

    def _wrap_create_async_engine_internal(func, module, args, kwargs):
        """Trace the SQLAlchemy engine, creating an `EngineTracer`
        object that will listen to SQLAlchemy events.
        """
        if not is_instrumentation_enabled():
            return func(*args, **kwargs)

&gt;       engine = func(*args, **kwargs)
                 ^^^^^^^^^^^^^^^^^^^^^

/usr/local/lib/python3.11/dist-packages/opentelemetry/instrumentation/sqlalchemy/engine.py:139:
_ _ _ _ _ _ _ _ _ _ _ _ _ _ _ _ _ _ _ _ _ _ _ _ _ _ _ _ _ _ _ _ _ _ _ _ _ _ _ _

url = 'sqlite+aiosqlite:///:memory:'
kw = {'_is_async': True, 'connect_args': {'check_same_thread': False}, 'poolclass': &lt;class 'sqlalchemy.pool.impl.StaticPool'&gt;}

    def create_async_engine(url: Union[str, URL], **kw: Any) -&gt; AsyncEngine:
        """Create a new async engine instance.

        Arguments passed to :func:`_asyncio.create_async_engine` are mostly
        identical to those passed to the :func:`_sa.create_engine` function.
        The specified dialect must be an asyncio-compatible dialect
        such as :ref:`dialect-postgresql-asyncpg`.

        .. versionadded:: 1.4

        :param async_creator: an async callable which returns a driver-level
            asyncio connection. If given, the function should take no arguments,
            and return a new asyncio connection from the underlying asyncio
            database driver; the connection will be wrapped in the appropriate
            structures to be used with the :class:`.AsyncEngine`.   Note that the
            parameters specified in the URL are not applied here, and the creator
            function should use its own connection parameters.

            This parameter is the asyncio equivalent of the
            :paramref:`_sa.create_engine.creator` parameter of the
            :func:`_sa.create_engine` function.

            .. versionadded:: 2.0.16

        """

        if kw.get("server_side_cursors", False):
            raise async_exc.AsyncMethodRequired(
                "Can't set server_side_cursors for async engine globally; "
                "use the connection.stream() method for an async "
                "streaming result set"
            )
        kw["_is_async"] = True
        async_creator = kw.pop("async_creator", None)
        if async_creator:
            if kw.get("creator", None):
                raise ArgumentError(
                    "Can only specify one of 'async_creator' or 'creator', "
                    "not both."
                )

            def creator() -&gt; Any:
                # note that to send adapted arguments like
                # prepared_statement_cache_size, user would use
                # "creator" and emulate this form here
                return sync_engine.dialect.dbapi.connect(  # type: ignore
                    async_creator_fn=async_creator
                )

            kw["creator"] = creator
&gt;       sync_engine = _create_engine(url, **kw)
                      ^^^^^^^^^^^^^^^^^^^^^^^^^

/usr/local/lib/python3.11/dist-packages/sqlalchemy/ext/asyncio/engine.py:120:
_ _ _ _ _ _ _ _ _ _ _ _ _ _ _ _ _ _ _ _ _ _ _ _ _ _ _ _ _ _ _ _ _ _ _ _ _ _ _ _

url = 'sqlite+aiosqlite:///:memory:'
kwargs = {'_is_async': True, 'connect_args': {'check_same_thread': False}, 'poolclass': &lt;class 'sqlalchemy.pool.impl.StaticPool'&gt;}

&gt;   ???

&lt;string&gt;:2:
_ _ _ _ _ _ _ _ _ _ _ _ _ _ _ _ _ _ _ _ _ _ _ _ _ _ _ _ _ _ _ _ _ _ _ _ _ _ _ _

fn = &lt;function create_engine at 0x7f8919b2aac0&gt;
args = ('sqlite+aiosqlite:///:memory:',)
kwargs = {'_is_async': True, 'connect_args': {'check_same_thread': False}, 'poolclass': &lt;class 'sqlalchemy.pool.impl.StaticPool'&gt;}
m = 'implicit_returning'

    @decorator
    def warned(fn: _F, *args: Any, **kwargs: Any) -&gt; _F:
        for m in check_defaults:
            if (defaults[m] is None and kwargs[m] is not None) or (
                defaults[m] is not None and kwargs[m] != defaults[m]
            ):
                _warn_with_version(
                    messages[m],
                    versions[m],
                    version_warnings[m],
                    stacklevel=3,
                )

        if check_any_kw in messages and set(kwargs).difference(
            check_defaults
        ):
            assert check_any_kw is not None
            _warn_with_version(
                messages[check_any_kw],
                versions[check_any_kw],
                version_warnings[check_any_kw],
                stacklevel=3,
            )

        for m in check_kw:
            if m in kwargs:
                _warn_with_version(
                    messages[m],
                    versions[m],
                    version_warnings[m],
                    stacklevel=3,
                )
&gt;       return fn(*args, **kwargs)  # type: ignore[no-any-return]
               ^^^^^^^^^^^^^^^^^^^

/usr/local/lib/python3.11/dist-packages/sqlalchemy/util/deprecations.py:281:
_ _ _ _ _ _ _ _ _ _ _ _ _ _ _ _ _ _ _ _ _ _ _ _ _ _ _ _ _ _ _ _ _ _ _ _ _ _ _ _

url = 'sqlite+aiosqlite:///:memory:'
kwargs = {'connect_args': {'check_same_thread': False}, 'poolclass': &lt;class 'sqlalchemy.pool.impl.StaticPool'&gt;}
u = sqlite+aiosqlite:///:memory:, plugins = []
entrypoint = &lt;class 'sqlalchemy.dialects.sqlite.aiosqlite.SQLiteDialect_aiosqlite'&gt;
_is_async = True
pop_kwarg = &lt;built-in method pop of dict object at 0x7f881f8be200&gt;
dialect_args = {}

    @util.deprecated_params(
        strategy=(
            "1.4",
            "The :paramref:`_sa.create_engine.strategy` keyword is deprecated, "
            "and the only argument accepted is 'mock'; please use "
            ":func:`.create_mock_engine` going forward.  For general "
            "customization of create_engine which may have been accomplished "
            "using strategies, see :class:`.CreateEnginePlugin`.",
        ),
        empty_in_strategy=(
            "1.4",
            "The :paramref:`_sa.create_engine.empty_in_strategy` keyword is "
            "deprecated, and no longer has any effect.  All IN expressions "
            "are now rendered using "
            'the "expanding parameter" strategy which renders a set of bound'
            'expressions, or an "empty set" SELECT, at statement execution'
            "time.",
        ),
        implicit_returning=(
            "2.0",
            "The :paramref:`_sa.create_engine.implicit_returning` parameter "
            "is deprecated and will be removed in a future release. ",
        ),
    )
    def create_engine(url: Union[str, _url.URL], **kwargs: Any) -&gt; Engine:
        """Create a new :class:`_engine.Engine` instance.

        The standard calling form is to send the :ref:`URL &lt;database_urls&gt;` as the
        first positional argument, usually a string
        that indicates database dialect and connection arguments::

            engine = create_engine("postgresql+psycopg2://scott:tiger@localhost/test")

        .. note::

            Please review :ref:`database_urls` for general guidelines in composing
            URL strings.  In particular, special characters, such as those often
            part of passwords, must be URL encoded to be properly parsed.

        Additional keyword arguments may then follow it which
        establish various options on the resulting :class:`_engine.Engine`
        and its underlying :class:`.Dialect` and :class:`_pool.Pool`
        constructs::

            engine = create_engine(
                "mysql+mysqldb://scott:tiger@hostname/dbname",
                pool_recycle=3600,
                echo=True,
            )

        The string form of the URL is
        ``dialect[+driver]://user:password@host/dbname[?key=value..]``, where
        ``dialect`` is a database name such as ``mysql``, ``oracle``,
        ``postgresql``, etc., and ``driver`` the name of a DBAPI, such as
        ``psycopg2``, ``pyodbc``, ``cx_oracle``, etc.  Alternatively,
        the URL can be an instance of :class:`~sqlalchemy.engine.url.URL`.

        ``**kwargs`` takes a wide variety of options which are routed
        towards their appropriate components.  Arguments may be specific to
        the :class:`_engine.Engine`, the underlying :class:`.Dialect`,
        as well as the
        :class:`_pool.Pool`.  Specific dialects also accept keyword arguments that
        are unique to that dialect.   Here, we describe the parameters
        that are common to most :func:`_sa.create_engine()` usage.

        Once established, the newly resulting :class:`_engine.Engine` will
        request a connection from the underlying :class:`_pool.Pool` once
        :meth:`_engine.Engine.connect` is called, or a method which depends on it
        such as :meth:`_engine.Engine.execute` is invoked.   The
        :class:`_pool.Pool` in turn
        will establish the first actual DBAPI connection when this request
        is received.   The :func:`_sa.create_engine` call itself does **not**
        establish any actual DBAPI connections directly.

        .. seealso::

            :doc:`/core/engines`

            :doc:`/dialects/index`

            :ref:`connections_toplevel`

        :param connect_args: a dictionary of options which will be
            passed directly to the DBAPI's ``connect()`` method as
            additional keyword arguments.  See the example
            at :ref:`custom_dbapi_args`.

        :param creator: a callable which returns a DBAPI connection.
            This creation function will be passed to the underlying
            connection pool and will be used to create all new database
            connections. Usage of this function causes connection
            parameters specified in the URL argument to be bypassed.

            This hook is not as flexible as the newer
            :meth:`_events.DialectEvents.do_connect` hook which allows complete
            control over how a connection is made to the database, given the full
            set of URL arguments and state beforehand.

            .. seealso::

                :meth:`_events.DialectEvents.do_connect` - event hook that allows
                full control over DBAPI connection mechanics.

                :ref:`custom_dbapi_args`

        :param echo=False: if True, the Engine will log all statements
            as well as a ``repr()`` of their parameter lists to the default log
            handler, which defaults to ``sys.stdout`` for output.   If set to the
            string ``"debug"``, result rows will be printed to the standard output
            as well. The ``echo`` attribute of ``Engine`` can be modified at any
            time to turn logging on and off; direct control of logging is also
            available using the standard Python ``logging`` module.

            .. seealso::

                :ref:`dbengine_logging` - further detail on how to configure
                logging.


        :param echo_pool=False: if True, the connection pool will log
            informational output such as when connections are invalidated
            as well as when connections are recycled to the default log handler,
            which defaults to ``sys.stdout`` for output.   If set to the string
            ``"debug"``, the logging will include pool checkouts and checkins.
            Direct control of logging is also available using the standard Python
            ``logging`` module.

            .. seealso::

                :ref:`dbengine_logging` - further detail on how to configure
                logging.


        :param empty_in_strategy:   No longer used; SQLAlchemy now uses
            "empty set" behavior for IN in all cases.

        :param enable_from_linting: defaults to True.  Will emit a warning
            if a given SELECT statement is found to have un-linked FROM elements
            which would cause a cartesian product.

            .. versionadded:: 1.4

            .. seealso::

                :ref:`change_4737`

        :param execution_options: Dictionary execution options which will
            be applied to all connections.  See
            :meth:`~sqlalchemy.engine.Connection.execution_options`

        :param future: Use the 2.0 style :class:`_engine.Engine` and
            :class:`_engine.Connection` API.

            As of SQLAlchemy 2.0, this parameter is present for backwards
            compatibility only and must remain at its default value of ``True``.

            The :paramref:`_sa.create_engine.future` parameter will be
            deprecated in a subsequent 2.x release and eventually removed.

            .. versionadded:: 1.4

            .. versionchanged:: 2.0 All :class:`_engine.Engine` objects are
               "future" style engines and there is no longer a ``future=False``
               mode of operation.

            .. seealso::

                :ref:`migration_20_toplevel`

        :param hide_parameters: Boolean, when set to True, SQL statement parameters
            will not be displayed in INFO logging nor will they be formatted into
            the string representation of :class:`.StatementError` objects.

            .. versionadded:: 1.3.8

            .. seealso::

                :ref:`dbengine_logging` - further detail on how to configure
                logging.

        :param implicit_returning=True:  Legacy parameter that may only be set
            to True. In SQLAlchemy 2.0, this parameter does nothing. In order to
            disable "implicit returning" for statements invoked by the ORM,
            configure this on a per-table basis using the
            :paramref:`.Table.implicit_returning` parameter.


        :param insertmanyvalues_page_size: number of rows to format into an
         INSERT statement when the statement uses "insertmanyvalues" mode, which is
         a paged form of bulk insert that is used for many backends when using
         :term:`executemany` execution typically in conjunction with RETURNING.
         Defaults to 1000, but may also be subject to dialect-specific limiting
         factors which may override this value on a per-statement basis.

         .. versionadded:: 2.0

         .. seealso::

            :ref:`engine_insertmanyvalues`

            :ref:`engine_insertmanyvalues_page_size`

            :paramref:`_engine.Connection.execution_options.insertmanyvalues_page_size`

        :param isolation_level: optional string name of an isolation level
            which will be set on all new connections unconditionally.
            Isolation levels are typically some subset of the string names
            ``"SERIALIZABLE"``, ``"REPEATABLE READ"``,
            ``"READ COMMITTED"``, ``"READ UNCOMMITTED"`` and ``"AUTOCOMMIT"``
            based on backend.

            The :paramref:`_sa.create_engine.isolation_level` parameter is
            in contrast to the
            :paramref:`.Connection.execution_options.isolation_level`
            execution option, which may be set on an individual
            :class:`.Connection`, as well as the same parameter passed to
            :meth:`.Engine.execution_options`, where it may be used to create
            multiple engines with different isolation levels that share a common
            connection pool and dialect.

            .. versionchanged:: 2.0 The
               :paramref:`_sa.create_engine.isolation_level`
               parameter has been generalized to work on all dialects which support
               the concept of isolation level, and is provided as a more succinct,
               up front configuration switch in contrast to the execution option
               which is more of an ad-hoc programmatic option.

            .. seealso::

                :ref:`dbapi_autocommit`

        :param json_deserializer: for dialects that support the
            :class:`_types.JSON`
            datatype, this is a Python callable that will convert a JSON string
            to a Python object.  By default, the Python ``json.loads`` function is
            used.

            .. versionchanged:: 1.3.7  The SQLite dialect renamed this from
               ``_json_deserializer``.

        :param json_serializer: for dialects that support the :class:`_types.JSON`
            datatype, this is a Python callable that will render a given object
            as JSON.   By default, the Python ``json.dumps`` function is used.

            .. versionchanged:: 1.3.7  The SQLite dialect renamed this from
               ``_json_serializer``.


        :param label_length=None: optional integer value which limits
            the size of dynamically generated column labels to that many
            characters. If less than 6, labels are generated as
            "_(counter)". If ``None``, the value of
            ``dialect.max_identifier_length``, which may be affected via the
            :paramref:`_sa.create_engine.max_identifier_length` parameter,
            is used instead.   The value of
            :paramref:`_sa.create_engine.label_length`
            may not be larger than that of
            :paramref:`_sa.create_engine.max_identfier_length`.

            .. seealso::

                :paramref:`_sa.create_engine.max_identifier_length`

        :param logging_name:  String identifier which will be used within
            the "name" field of logging records generated within the
            "sqlalchemy.engine" logger. Defaults to a hexstring of the
            object's id.

            .. seealso::

                :ref:`dbengine_logging` - further detail on how to configure
                logging.

                :paramref:`_engine.Connection.execution_options.logging_token`

        :param max_identifier_length: integer; override the max_identifier_length
            determined by the dialect.  if ``None`` or zero, has no effect.  This
            is the database's configured maximum number of characters that may be
            used in a SQL identifier such as a table name, column name, or label
            name. All dialects determine this value automatically, however in the
            case of a new database version for which this value has changed but
            SQLAlchemy's dialect has not been adjusted, the value may be passed
            here.

            .. versionadded:: 1.3.9

            .. seealso::

                :paramref:`_sa.create_engine.label_length`

        :param max_overflow=10: the number of connections to allow in
            connection pool "overflow", that is connections that can be
            opened above and beyond the pool_size setting, which defaults
            to five. this is only used with :class:`~sqlalchemy.pool.QueuePool`.

        :param module=None: reference to a Python module object (the module
            itself, not its string name).  Specifies an alternate DBAPI module to
            be used by the engine's dialect.  Each sub-dialect references a
            specific DBAPI which will be imported before first connect.  This
            parameter causes the import to be bypassed, and the given module to
            be used instead. Can be used for testing of DBAPIs as well as to
            inject "mock" DBAPI implementations into the :class:`_engine.Engine`.

        :param paramstyle=None: The `paramstyle &lt;https://legacy.python.org/dev/peps/pep-0249/#paramstyle&gt;`_
            to use when rendering bound parameters.  This style defaults to the
            one recommended by the DBAPI itself, which is retrieved from the
            ``.paramstyle`` attribute of the DBAPI.  However, most DBAPIs accept
            more than one paramstyle, and in particular it may be desirable
            to change a "named" paramstyle into a "positional" one, or vice versa.
            When this attribute is passed, it should be one of the values
            ``"qmark"``, ``"numeric"``, ``"named"``, ``"format"`` or
            ``"pyformat"``, and should correspond to a parameter style known
            to be supported by the DBAPI in use.

        :param pool=None: an already-constructed instance of
            :class:`~sqlalchemy.pool.Pool`, such as a
            :class:`~sqlalchemy.pool.QueuePool` instance. If non-None, this
            pool will be used directly as the underlying connection pool
            for the engine, bypassing whatever connection parameters are
            present in the URL argument. For information on constructing
            connection pools manually, see :ref:`pooling_toplevel`.

        :param poolclass=None: a :class:`~sqlalchemy.pool.Pool`
            subclass, which will be used to create a connection pool
            instance using the connection parameters given in the URL. Note
            this differs from ``pool`` in that you don't actually
            instantiate the pool in this case, you just indicate what type
            of pool to be used.

        :param pool_logging_name:  String identifier which will be used within
           the "name" field of logging records generated within the
           "sqlalchemy.pool" logger. Defaults to a hexstring of the object's
           id.

           .. seealso::

                :ref:`dbengine_logging` - further detail on how to configure
                logging.

        :param pool_pre_ping: boolean, if True will enable the connection pool
            "pre-ping" feature that tests connections for liveness upon
            each checkout.

            .. versionadded:: 1.2

            .. seealso::

                :ref:`pool_disconnects_pessimistic`

        :param pool_size=5: the number of connections to keep open
            inside the connection pool. This used with
            :class:`~sqlalchemy.pool.QueuePool` as
            well as :class:`~sqlalchemy.pool.SingletonThreadPool`.  With
            :class:`~sqlalchemy.pool.QueuePool`, a ``pool_size`` setting
            of 0 indicates no limit; to disable pooling, set ``poolclass`` to
            :class:`~sqlalchemy.pool.NullPool` instead.

        :param pool_recycle=-1: this setting causes the pool to recycle
            connections after the given number of seconds has passed. It
            defaults to -1, or no timeout. For example, setting to 3600
            means connections will be recycled after one hour. Note that
            MySQL in particular will disconnect automatically if no
            activity is detected on a connection for eight hours (although
            this is configurable with the MySQLDB connection itself and the
            server configuration as well).

            .. seealso::

                :ref:`pool_setting_recycle`

        :param pool_reset_on_return='rollback': set the
            :paramref:`_pool.Pool.reset_on_return` parameter of the underlying
            :class:`_pool.Pool` object, which can be set to the values
            ``"rollback"``, ``"commit"``, or ``None``.

            .. seealso::

                :ref:`pool_reset_on_return`

                :ref:`dbapi_autocommit_skip_rollback` - a more modern approach
                to using connections with no transactional instructions

        :param pool_timeout=30: number of seconds to wait before giving
            up on getting a connection from the pool. This is only used
            with :class:`~sqlalchemy.pool.QueuePool`. This can be a float but is
            subject to the limitations of Python time functions which may not be
            reliable in the tens of milliseconds.

            .. note: don't use 30.0 above, it seems to break with the :param tag

        :param pool_use_lifo=False: use LIFO (last-in-first-out) when retrieving
            connections from :class:`.QueuePool` instead of FIFO
            (first-in-first-out). Using LIFO, a server-side timeout scheme can
            reduce the number of connections used during non- peak   periods of
            use.   When planning for server-side timeouts, ensure that a recycle or
            pre-ping strategy is in use to gracefully   handle stale connections.

              .. versionadded:: 1.3

              .. seealso::

                :ref:`pool_use_lifo`

                :ref:`pool_disconnects`

        :param plugins: string list of plugin names to load.  See
            :class:`.CreateEnginePlugin` for background.

            .. versionadded:: 1.2.3

        :param query_cache_size: size of the cache used to cache the SQL string
         form of queries.  Set to zero to disable caching.

         The cache is pruned of its least recently used items when its size reaches
         N * 1.5.  Defaults to 500, meaning the cache will always store at least
         500 SQL statements when filled, and will grow up to 750 items at which
         point it is pruned back down to 500 by removing the 250 least recently
         used items.

         Caching is accomplished on a per-statement basis by generating a
         cache key that represents the statement's structure, then generating
         string SQL for the current dialect only if that key is not present
         in the cache.   All statements support caching, however some features
         such as an INSERT with a large set of parameters will intentionally
         bypass the cache.   SQL logging will indicate statistics for each
         statement whether or not it were pull from the cache.

         .. note:: some ORM functions related to unit-of-work persistence as well
            as some attribute loading strategies will make use of individual
            per-mapper caches outside of the main cache.


         .. seealso::

            :ref:`sql_caching`

         .. versionadded:: 1.4

        :param skip_autocommit_rollback: When True, the dialect will
           unconditionally skip all calls to the DBAPI ``connection.rollback()``
           method if the DBAPI connection is confirmed to be in "autocommit" mode.
           The availability of this feature is dialect specific; if not available,
           a ``NotImplementedError`` is raised by the dialect when rollback occurs.

           .. seealso::

                :ref:`dbapi_autocommit_skip_rollback`

           .. versionadded:: 2.0.43

        :param use_insertmanyvalues: True by default, use the "insertmanyvalues"
         execution style for INSERT..RETURNING statements by default.

         .. versionadded:: 2.0

         .. seealso::

            :ref:`engine_insertmanyvalues`

        """  # noqa

        if "strategy" in kwargs:
            strat = kwargs.pop("strategy")
            if strat == "mock":
                # this case is deprecated
                return create_mock_engine(url, **kwargs)  # type: ignore
            else:
                raise exc.ArgumentError("unknown strategy: %r" % strat)

        kwargs.pop("empty_in_strategy", None)

        # create url.URL object
        u = _url.make_url(url)

        u, plugins, kwargs = u._instantiate_plugins(kwargs)

        entrypoint = u._get_entrypoint()
        _is_async = kwargs.pop("_is_async", False)
        if _is_async:
            dialect_cls = entrypoint.get_async_dialect_cls(u)
        else:
            dialect_cls = entrypoint.get_dialect_cls(u)

        if kwargs.pop("_coerce_config", False):

            def pop_kwarg(key: str, default: Optional[Any] = None) -&gt; Any:
                value = kwargs.pop(key, default)
                if key in dialect_cls.engine_config_types:
                    value = dialect_cls.engine_config_types[key](value)
                return value

        else:
            pop_kwarg = kwargs.pop  # type: ignore

        dialect_args = {}
        # consume dialect arguments from kwargs
        for k in util.get_cls_kwargs(dialect_cls):
            if k in kwargs:
                dialect_args[k] = pop_kwarg(k)

        dbapi = kwargs.pop("module", None)
        if dbapi is None:
            dbapi_args = {}

            if "import_dbapi" in dialect_cls.__dict__:
                dbapi_meth = dialect_cls.import_dbapi

            elif hasattr(dialect_cls, "dbapi") and inspect.ismethod(
                dialect_cls.dbapi
            ):
                util.warn_deprecated(
                    "The dbapi() classmethod on dialect classes has been "
                    "renamed to import_dbapi().  Implement an import_dbapi() "
                    f"classmethod directly on class {dialect_cls} to remove this "
                    "warning; the old .dbapi() classmethod may be maintained for "
                    "backwards compatibility.",
                    "2.0",
                )
                dbapi_meth = dialect_cls.dbapi
            else:
                dbapi_meth = dialect_cls.import_dbapi

            for k in util.get_func_kwargs(dbapi_meth):
                if k in kwargs:
                    dbapi_args[k] = pop_kwarg(k)
&gt;           dbapi = dbapi_meth(**dbapi_args)
                    ^^^^^^^^^^^^^^^^^^^^^^^^

/usr/local/lib/python3.11/dist-packages/sqlalchemy/engine/create.py:617:
_ _ _ _ _ _ _ _ _ _ _ _ _ _ _ _ _ _ _ _ _ _ _ _ _ _ _ _ _ _ _ _ _ _ _ _ _ _ _ _

cls = &lt;class 'sqlalchemy.dialects.sqlite.aiosqlite.SQLiteDialect_aiosqlite'&gt;

    @classmethod
    def import_dbapi(cls) -&gt; AsyncAdapt_aiosqlite_dbapi:
        return AsyncAdapt_aiosqlite_dbapi(
&gt;           __import__("aiosqlite"), __import__("sqlite3")
            ^^^^^^^^^^^^^^^^^^^^^^^
        )
E       ModuleNotFoundError: No module named 'aiosqlite'

/usr/local/lib/python3.11/dist-packages/sqlalchemy/dialects/sqlite/aiosqlite.py:449: ModuleNotFoundError</error></testcase><testcase classname="tests.integration.test_repository_db.TestTradeRepository" name="test_get_by_user_isolation" time="0.001"><error message="failed on setup with &quot;ModuleNotFoundError: No module named 'aiosqlite'&quot;">@pytest.fixture(scope="module")
    def async_engine():
        """Module-scoped async engine with tables created once."""
        import asyncio

&gt;       eng = create_async_engine(
            _ASYNC_URL,
            connect_args={"check_same_thread": False},
            poolclass=StaticPool,
        )

tests/integration/test_repository_db.py:78:
_ _ _ _ _ _ _ _ _ _ _ _ _ _ _ _ _ _ _ _ _ _ _ _ _ _ _ _ _ _ _ _ _ _ _ _ _ _ _ _

func = &lt;function create_async_engine at 0x7f8919a142c0&gt;, module = None
args = ('sqlite+aiosqlite:///:memory:',)
kwargs = {'connect_args': {'check_same_thread': False}, 'poolclass': &lt;class 'sqlalchemy.pool.impl.StaticPool'&gt;}

    def _wrap_create_async_engine_internal(func, module, args, kwargs):
        """Trace the SQLAlchemy engine, creating an `EngineTracer`
        object that will listen to SQLAlchemy events.
        """
        if not is_instrumentation_enabled():
            return func(*args, **kwargs)

&gt;       engine = func(*args, **kwargs)
                 ^^^^^^^^^^^^^^^^^^^^^

/usr/local/lib/python3.11/dist-packages/opentelemetry/instrumentation/sqlalchemy/engine.py:139:
_ _ _ _ _ _ _ _ _ _ _ _ _ _ _ _ _ _ _ _ _ _ _ _ _ _ _ _ _ _ _ _ _ _ _ _ _ _ _ _

url = 'sqlite+aiosqlite:///:memory:'
kw = {'_is_async': True, 'connect_args': {'check_same_thread': False}, 'poolclass': &lt;class 'sqlalchemy.pool.impl.StaticPool'&gt;}

    def create_async_engine(url: Union[str, URL], **kw: Any) -&gt; AsyncEngine:
        """Create a new async engine instance.

        Arguments passed to :func:`_asyncio.create_async_engine` are mostly
        identical to those passed to the :func:`_sa.create_engine` function.
        The specified dialect must be an asyncio-compatible dialect
        such as :ref:`dialect-postgresql-asyncpg`.

        .. versionadded:: 1.4

        :param async_creator: an async callable which returns a driver-level
            asyncio connection. If given, the function should take no arguments,
            and return a new asyncio connection from the underlying asyncio
            database driver; the connection will be wrapped in the appropriate
            structures to be used with the :class:`.AsyncEngine`.   Note that the
            parameters specified in the URL are not applied here, and the creator
            function should use its own connection parameters.

            This parameter is the asyncio equivalent of the
            :paramref:`_sa.create_engine.creator` parameter of the
            :func:`_sa.create_engine` function.

            .. versionadded:: 2.0.16

        """

        if kw.get("server_side_cursors", False):
            raise async_exc.AsyncMethodRequired(
                "Can't set server_side_cursors for async engine globally; "
                "use the connection.stream() method for an async "
                "streaming result set"
            )
        kw["_is_async"] = True
        async_creator = kw.pop("async_creator", None)
        if async_creator:
            if kw.get("creator", None):
                raise ArgumentError(
                    "Can only specify one of 'async_creator' or 'creator', "
                    "not both."
                )

            def creator() -&gt; Any:
                # note that to send adapted arguments like
                # prepared_statement_cache_size, user would use
                # "creator" and emulate this form here
                return sync_engine.dialect.dbapi.connect(  # type: ignore
                    async_creator_fn=async_creator
                )

            kw["creator"] = creator
&gt;       sync_engine = _create_engine(url, **kw)
                      ^^^^^^^^^^^^^^^^^^^^^^^^^

/usr/local/lib/python3.11/dist-packages/sqlalchemy/ext/asyncio/engine.py:120:
_ _ _ _ _ _ _ _ _ _ _ _ _ _ _ _ _ _ _ _ _ _ _ _ _ _ _ _ _ _ _ _ _ _ _ _ _ _ _ _

url = 'sqlite+aiosqlite:///:memory:'
kwargs = {'_is_async': True, 'connect_args': {'check_same_thread': False}, 'poolclass': &lt;class 'sqlalchemy.pool.impl.StaticPool'&gt;}

&gt;   ???

&lt;string&gt;:2:
_ _ _ _ _ _ _ _ _ _ _ _ _ _ _ _ _ _ _ _ _ _ _ _ _ _ _ _ _ _ _ _ _ _ _ _ _ _ _ _

fn = &lt;function create_engine at 0x7f8919b2aac0&gt;
args = ('sqlite+aiosqlite:///:memory:',)
kwargs = {'_is_async': True, 'connect_args': {'check_same_thread': False}, 'poolclass': &lt;class 'sqlalchemy.pool.impl.StaticPool'&gt;}
m = 'implicit_returning'

    @decorator
    def warned(fn: _F, *args: Any, **kwargs: Any) -&gt; _F:
        for m in check_defaults:
            if (defaults[m] is None and kwargs[m] is not None) or (
                defaults[m] is not None and kwargs[m] != defaults[m]
            ):
                _warn_with_version(
                    messages[m],
                    versions[m],
                    version_warnings[m],
                    stacklevel=3,
                )

        if check_any_kw in messages and set(kwargs).difference(
            check_defaults
        ):
            assert check_any_kw is not None
            _warn_with_version(
                messages[check_any_kw],
                versions[check_any_kw],
                version_warnings[check_any_kw],
                stacklevel=3,
            )

        for m in check_kw:
            if m in kwargs:
                _warn_with_version(
                    messages[m],
                    versions[m],
                    version_warnings[m],
                    stacklevel=3,
                )
&gt;       return fn(*args, **kwargs)  # type: ignore[no-any-return]
               ^^^^^^^^^^^^^^^^^^^

/usr/local/lib/python3.11/dist-packages/sqlalchemy/util/deprecations.py:281:
_ _ _ _ _ _ _ _ _ _ _ _ _ _ _ _ _ _ _ _ _ _ _ _ _ _ _ _ _ _ _ _ _ _ _ _ _ _ _ _

url = 'sqlite+aiosqlite:///:memory:'
kwargs = {'connect_args': {'check_same_thread': False}, 'poolclass': &lt;class 'sqlalchemy.pool.impl.StaticPool'&gt;}
u = sqlite+aiosqlite:///:memory:, plugins = []
entrypoint = &lt;class 'sqlalchemy.dialects.sqlite.aiosqlite.SQLiteDialect_aiosqlite'&gt;
_is_async = True
pop_kwarg = &lt;built-in method pop of dict object at 0x7f881f8be200&gt;
dialect_args = {}

    @util.deprecated_params(
        strategy=(
            "1.4",
            "The :paramref:`_sa.create_engine.strategy` keyword is deprecated, "
            "and the only argument accepted is 'mock'; please use "
            ":func:`.create_mock_engine` going forward.  For general "
            "customization of create_engine which may have been accomplished "
            "using strategies, see :class:`.CreateEnginePlugin`.",
        ),
        empty_in_strategy=(
            "1.4",
            "The :paramref:`_sa.create_engine.empty_in_strategy` keyword is "
            "deprecated, and no longer has any effect.  All IN expressions "
            "are now rendered using "
            'the "expanding parameter" strategy which renders a set of bound'
            'expressions, or an "empty set" SELECT, at statement execution'
            "time.",
        ),
        implicit_returning=(
            "2.0",
            "The :paramref:`_sa.create_engine.implicit_returning` parameter "
            "is deprecated and will be removed in a future release. ",
        ),
    )
    def create_engine(url: Union[str, _url.URL], **kwargs: Any) -&gt; Engine:
        """Create a new :class:`_engine.Engine` instance.

        The standard calling form is to send the :ref:`URL &lt;database_urls&gt;` as the
        first positional argument, usually a string
        that indicates database dialect and connection arguments::

            engine = create_engine("postgresql+psycopg2://scott:tiger@localhost/test")

        .. note::

            Please review :ref:`database_urls` for general guidelines in composing
            URL strings.  In particular, special characters, such as those often
            part of passwords, must be URL encoded to be properly parsed.

        Additional keyword arguments may then follow it which
        establish various options on the resulting :class:`_engine.Engine`
        and its underlying :class:`.Dialect` and :class:`_pool.Pool`
        constructs::

            engine = create_engine(
                "mysql+mysqldb://scott:tiger@hostname/dbname",
                pool_recycle=3600,
                echo=True,
            )

        The string form of the URL is
        ``dialect[+driver]://user:password@host/dbname[?key=value..]``, where
        ``dialect`` is a database name such as ``mysql``, ``oracle``,
        ``postgresql``, etc., and ``driver`` the name of a DBAPI, such as
        ``psycopg2``, ``pyodbc``, ``cx_oracle``, etc.  Alternatively,
        the URL can be an instance of :class:`~sqlalchemy.engine.url.URL`.

        ``**kwargs`` takes a wide variety of options which are routed
        towards their appropriate components.  Arguments may be specific to
        the :class:`_engine.Engine`, the underlying :class:`.Dialect`,
        as well as the
        :class:`_pool.Pool`.  Specific dialects also accept keyword arguments that
        are unique to that dialect.   Here, we describe the parameters
        that are common to most :func:`_sa.create_engine()` usage.

        Once established, the newly resulting :class:`_engine.Engine` will
        request a connection from the underlying :class:`_pool.Pool` once
        :meth:`_engine.Engine.connect` is called, or a method which depends on it
        such as :meth:`_engine.Engine.execute` is invoked.   The
        :class:`_pool.Pool` in turn
        will establish the first actual DBAPI connection when this request
        is received.   The :func:`_sa.create_engine` call itself does **not**
        establish any actual DBAPI connections directly.

        .. seealso::

            :doc:`/core/engines`

            :doc:`/dialects/index`

            :ref:`connections_toplevel`

        :param connect_args: a dictionary of options which will be
            passed directly to the DBAPI's ``connect()`` method as
            additional keyword arguments.  See the example
            at :ref:`custom_dbapi_args`.

        :param creator: a callable which returns a DBAPI connection.
            This creation function will be passed to the underlying
            connection pool and will be used to create all new database
            connections. Usage of this function causes connection
            parameters specified in the URL argument to be bypassed.

            This hook is not as flexible as the newer
            :meth:`_events.DialectEvents.do_connect` hook which allows complete
            control over how a connection is made to the database, given the full
            set of URL arguments and state beforehand.

            .. seealso::

                :meth:`_events.DialectEvents.do_connect` - event hook that allows
                full control over DBAPI connection mechanics.

                :ref:`custom_dbapi_args`

        :param echo=False: if True, the Engine will log all statements
            as well as a ``repr()`` of their parameter lists to the default log
            handler, which defaults to ``sys.stdout`` for output.   If set to the
            string ``"debug"``, result rows will be printed to the standard output
            as well. The ``echo`` attribute of ``Engine`` can be modified at any
            time to turn logging on and off; direct control of logging is also
            available using the standard Python ``logging`` module.

            .. seealso::

                :ref:`dbengine_logging` - further detail on how to configure
                logging.


        :param echo_pool=False: if True, the connection pool will log
            informational output such as when connections are invalidated
            as well as when connections are recycled to the default log handler,
            which defaults to ``sys.stdout`` for output.   If set to the string
            ``"debug"``, the logging will include pool checkouts and checkins.
            Direct control of logging is also available using the standard Python
            ``logging`` module.

            .. seealso::

                :ref:`dbengine_logging` - further detail on how to configure
                logging.


        :param empty_in_strategy:   No longer used; SQLAlchemy now uses
            "empty set" behavior for IN in all cases.

        :param enable_from_linting: defaults to True.  Will emit a warning
            if a given SELECT statement is found to have un-linked FROM elements
            which would cause a cartesian product.

            .. versionadded:: 1.4

            .. seealso::

                :ref:`change_4737`

        :param execution_options: Dictionary execution options which will
            be applied to all connections.  See
            :meth:`~sqlalchemy.engine.Connection.execution_options`

        :param future: Use the 2.0 style :class:`_engine.Engine` and
            :class:`_engine.Connection` API.

            As of SQLAlchemy 2.0, this parameter is present for backwards
            compatibility only and must remain at its default value of ``True``.

            The :paramref:`_sa.create_engine.future` parameter will be
            deprecated in a subsequent 2.x release and eventually removed.

            .. versionadded:: 1.4

            .. versionchanged:: 2.0 All :class:`_engine.Engine` objects are
               "future" style engines and there is no longer a ``future=False``
               mode of operation.

            .. seealso::

                :ref:`migration_20_toplevel`

        :param hide_parameters: Boolean, when set to True, SQL statement parameters
            will not be displayed in INFO logging nor will they be formatted into
            the string representation of :class:`.StatementError` objects.

            .. versionadded:: 1.3.8

            .. seealso::

                :ref:`dbengine_logging` - further detail on how to configure
                logging.

        :param implicit_returning=True:  Legacy parameter that may only be set
            to True. In SQLAlchemy 2.0, this parameter does nothing. In order to
            disable "implicit returning" for statements invoked by the ORM,
            configure this on a per-table basis using the
            :paramref:`.Table.implicit_returning` parameter.


        :param insertmanyvalues_page_size: number of rows to format into an
         INSERT statement when the statement uses "insertmanyvalues" mode, which is
         a paged form of bulk insert that is used for many backends when using
         :term:`executemany` execution typically in conjunction with RETURNING.
         Defaults to 1000, but may also be subject to dialect-specific limiting
         factors which may override this value on a per-statement basis.

         .. versionadded:: 2.0

         .. seealso::

            :ref:`engine_insertmanyvalues`

            :ref:`engine_insertmanyvalues_page_size`

            :paramref:`_engine.Connection.execution_options.insertmanyvalues_page_size`

        :param isolation_level: optional string name of an isolation level
            which will be set on all new connections unconditionally.
            Isolation levels are typically some subset of the string names
            ``"SERIALIZABLE"``, ``"REPEATABLE READ"``,
            ``"READ COMMITTED"``, ``"READ UNCOMMITTED"`` and ``"AUTOCOMMIT"``
            based on backend.

            The :paramref:`_sa.create_engine.isolation_level` parameter is
            in contrast to the
            :paramref:`.Connection.execution_options.isolation_level`
            execution option, which may be set on an individual
            :class:`.Connection`, as well as the same parameter passed to
            :meth:`.Engine.execution_options`, where it may be used to create
            multiple engines with different isolation levels that share a common
            connection pool and dialect.

            .. versionchanged:: 2.0 The
               :paramref:`_sa.create_engine.isolation_level`
               parameter has been generalized to work on all dialects which support
               the concept of isolation level, and is provided as a more succinct,
               up front configuration switch in contrast to the execution option
               which is more of an ad-hoc programmatic option.

            .. seealso::

                :ref:`dbapi_autocommit`

        :param json_deserializer: for dialects that support the
            :class:`_types.JSON`
            datatype, this is a Python callable that will convert a JSON string
            to a Python object.  By default, the Python ``json.loads`` function is
            used.

            .. versionchanged:: 1.3.7  The SQLite dialect renamed this from
               ``_json_deserializer``.

        :param json_serializer: for dialects that support the :class:`_types.JSON`
            datatype, this is a Python callable that will render a given object
            as JSON.   By default, the Python ``json.dumps`` function is used.

            .. versionchanged:: 1.3.7  The SQLite dialect renamed this from
               ``_json_serializer``.


        :param label_length=None: optional integer value which limits
            the size of dynamically generated column labels to that many
            characters. If less than 6, labels are generated as
            "_(counter)". If ``None``, the value of
            ``dialect.max_identifier_length``, which may be affected via the
            :paramref:`_sa.create_engine.max_identifier_length` parameter,
            is used instead.   The value of
            :paramref:`_sa.create_engine.label_length`
            may not be larger than that of
            :paramref:`_sa.create_engine.max_identfier_length`.

            .. seealso::

                :paramref:`_sa.create_engine.max_identifier_length`

        :param logging_name:  String identifier which will be used within
            the "name" field of logging records generated within the
            "sqlalchemy.engine" logger. Defaults to a hexstring of the
            object's id.

            .. seealso::

                :ref:`dbengine_logging` - further detail on how to configure
                logging.

                :paramref:`_engine.Connection.execution_options.logging_token`

        :param max_identifier_length: integer; override the max_identifier_length
            determined by the dialect.  if ``None`` or zero, has no effect.  This
            is the database's configured maximum number of characters that may be
            used in a SQL identifier such as a table name, column name, or label
            name. All dialects determine this value automatically, however in the
            case of a new database version for which this value has changed but
            SQLAlchemy's dialect has not been adjusted, the value may be passed
            here.

            .. versionadded:: 1.3.9

            .. seealso::

                :paramref:`_sa.create_engine.label_length`

        :param max_overflow=10: the number of connections to allow in
            connection pool "overflow", that is connections that can be
            opened above and beyond the pool_size setting, which defaults
            to five. this is only used with :class:`~sqlalchemy.pool.QueuePool`.

        :param module=None: reference to a Python module object (the module
            itself, not its string name).  Specifies an alternate DBAPI module to
            be used by the engine's dialect.  Each sub-dialect references a
            specific DBAPI which will be imported before first connect.  This
            parameter causes the import to be bypassed, and the given module to
            be used instead. Can be used for testing of DBAPIs as well as to
            inject "mock" DBAPI implementations into the :class:`_engine.Engine`.

        :param paramstyle=None: The `paramstyle &lt;https://legacy.python.org/dev/peps/pep-0249/#paramstyle&gt;`_
            to use when rendering bound parameters.  This style defaults to the
            one recommended by the DBAPI itself, which is retrieved from the
            ``.paramstyle`` attribute of the DBAPI.  However, most DBAPIs accept
            more than one paramstyle, and in particular it may be desirable
            to change a "named" paramstyle into a "positional" one, or vice versa.
            When this attribute is passed, it should be one of the values
            ``"qmark"``, ``"numeric"``, ``"named"``, ``"format"`` or
            ``"pyformat"``, and should correspond to a parameter style known
            to be supported by the DBAPI in use.

        :param pool=None: an already-constructed instance of
            :class:`~sqlalchemy.pool.Pool`, such as a
            :class:`~sqlalchemy.pool.QueuePool` instance. If non-None, this
            pool will be used directly as the underlying connection pool
            for the engine, bypassing whatever connection parameters are
            present in the URL argument. For information on constructing
            connection pools manually, see :ref:`pooling_toplevel`.

        :param poolclass=None: a :class:`~sqlalchemy.pool.Pool`
            subclass, which will be used to create a connection pool
            instance using the connection parameters given in the URL. Note
            this differs from ``pool`` in that you don't actually
            instantiate the pool in this case, you just indicate what type
            of pool to be used.

        :param pool_logging_name:  String identifier which will be used within
           the "name" field of logging records generated within the
           "sqlalchemy.pool" logger. Defaults to a hexstring of the object's
           id.

           .. seealso::

                :ref:`dbengine_logging` - further detail on how to configure
                logging.

        :param pool_pre_ping: boolean, if True will enable the connection pool
            "pre-ping" feature that tests connections for liveness upon
            each checkout.

            .. versionadded:: 1.2

            .. seealso::

                :ref:`pool_disconnects_pessimistic`

        :param pool_size=5: the number of connections to keep open
            inside the connection pool. This used with
            :class:`~sqlalchemy.pool.QueuePool` as
            well as :class:`~sqlalchemy.pool.SingletonThreadPool`.  With
            :class:`~sqlalchemy.pool.QueuePool`, a ``pool_size`` setting
            of 0 indicates no limit; to disable pooling, set ``poolclass`` to
            :class:`~sqlalchemy.pool.NullPool` instead.

        :param pool_recycle=-1: this setting causes the pool to recycle
            connections after the given number of seconds has passed. It
            defaults to -1, or no timeout. For example, setting to 3600
            means connections will be recycled after one hour. Note that
            MySQL in particular will disconnect automatically if no
            activity is detected on a connection for eight hours (although
            this is configurable with the MySQLDB connection itself and the
            server configuration as well).

            .. seealso::

                :ref:`pool_setting_recycle`

        :param pool_reset_on_return='rollback': set the
            :paramref:`_pool.Pool.reset_on_return` parameter of the underlying
            :class:`_pool.Pool` object, which can be set to the values
            ``"rollback"``, ``"commit"``, or ``None``.

            .. seealso::

                :ref:`pool_reset_on_return`

                :ref:`dbapi_autocommit_skip_rollback` - a more modern approach
                to using connections with no transactional instructions

        :param pool_timeout=30: number of seconds to wait before giving
            up on getting a connection from the pool. This is only used
            with :class:`~sqlalchemy.pool.QueuePool`. This can be a float but is
            subject to the limitations of Python time functions which may not be
            reliable in the tens of milliseconds.

            .. note: don't use 30.0 above, it seems to break with the :param tag

        :param pool_use_lifo=False: use LIFO (last-in-first-out) when retrieving
            connections from :class:`.QueuePool` instead of FIFO
            (first-in-first-out). Using LIFO, a server-side timeout scheme can
            reduce the number of connections used during non- peak   periods of
            use.   When planning for server-side timeouts, ensure that a recycle or
            pre-ping strategy is in use to gracefully   handle stale connections.

              .. versionadded:: 1.3

              .. seealso::

                :ref:`pool_use_lifo`

                :ref:`pool_disconnects`

        :param plugins: string list of plugin names to load.  See
            :class:`.CreateEnginePlugin` for background.

            .. versionadded:: 1.2.3

        :param query_cache_size: size of the cache used to cache the SQL string
         form of queries.  Set to zero to disable caching.

         The cache is pruned of its least recently used items when its size reaches
         N * 1.5.  Defaults to 500, meaning the cache will always store at least
         500 SQL statements when filled, and will grow up to 750 items at which
         point it is pruned back down to 500 by removing the 250 least recently
         used items.

         Caching is accomplished on a per-statement basis by generating a
         cache key that represents the statement's structure, then generating
         string SQL for the current dialect only if that key is not present
         in the cache.   All statements support caching, however some features
         such as an INSERT with a large set of parameters will intentionally
         bypass the cache.   SQL logging will indicate statistics for each
         statement whether or not it were pull from the cache.

         .. note:: some ORM functions related to unit-of-work persistence as well
            as some attribute loading strategies will make use of individual
            per-mapper caches outside of the main cache.


         .. seealso::

            :ref:`sql_caching`

         .. versionadded:: 1.4

        :param skip_autocommit_rollback: When True, the dialect will
           unconditionally skip all calls to the DBAPI ``connection.rollback()``
           method if the DBAPI connection is confirmed to be in "autocommit" mode.
           The availability of this feature is dialect specific; if not available,
           a ``NotImplementedError`` is raised by the dialect when rollback occurs.

           .. seealso::

                :ref:`dbapi_autocommit_skip_rollback`

           .. versionadded:: 2.0.43

        :param use_insertmanyvalues: True by default, use the "insertmanyvalues"
         execution style for INSERT..RETURNING statements by default.

         .. versionadded:: 2.0

         .. seealso::

            :ref:`engine_insertmanyvalues`

        """  # noqa

        if "strategy" in kwargs:
            strat = kwargs.pop("strategy")
            if strat == "mock":
                # this case is deprecated
                return create_mock_engine(url, **kwargs)  # type: ignore
            else:
                raise exc.ArgumentError("unknown strategy: %r" % strat)

        kwargs.pop("empty_in_strategy", None)

        # create url.URL object
        u = _url.make_url(url)

        u, plugins, kwargs = u._instantiate_plugins(kwargs)

        entrypoint = u._get_entrypoint()
        _is_async = kwargs.pop("_is_async", False)
        if _is_async:
            dialect_cls = entrypoint.get_async_dialect_cls(u)
        else:
            dialect_cls = entrypoint.get_dialect_cls(u)

        if kwargs.pop("_coerce_config", False):

            def pop_kwarg(key: str, default: Optional[Any] = None) -&gt; Any:
                value = kwargs.pop(key, default)
                if key in dialect_cls.engine_config_types:
                    value = dialect_cls.engine_config_types[key](value)
                return value

        else:
            pop_kwarg = kwargs.pop  # type: ignore

        dialect_args = {}
        # consume dialect arguments from kwargs
        for k in util.get_cls_kwargs(dialect_cls):
            if k in kwargs:
                dialect_args[k] = pop_kwarg(k)

        dbapi = kwargs.pop("module", None)
        if dbapi is None:
            dbapi_args = {}

            if "import_dbapi" in dialect_cls.__dict__:
                dbapi_meth = dialect_cls.import_dbapi

            elif hasattr(dialect_cls, "dbapi") and inspect.ismethod(
                dialect_cls.dbapi
            ):
                util.warn_deprecated(
                    "The dbapi() classmethod on dialect classes has been "
                    "renamed to import_dbapi().  Implement an import_dbapi() "
                    f"classmethod directly on class {dialect_cls} to remove this "
                    "warning; the old .dbapi() classmethod may be maintained for "
                    "backwards compatibility.",
                    "2.0",
                )
                dbapi_meth = dialect_cls.dbapi
            else:
                dbapi_meth = dialect_cls.import_dbapi

            for k in util.get_func_kwargs(dbapi_meth):
                if k in kwargs:
                    dbapi_args[k] = pop_kwarg(k)
&gt;           dbapi = dbapi_meth(**dbapi_args)
                    ^^^^^^^^^^^^^^^^^^^^^^^^

/usr/local/lib/python3.11/dist-packages/sqlalchemy/engine/create.py:617:
_ _ _ _ _ _ _ _ _ _ _ _ _ _ _ _ _ _ _ _ _ _ _ _ _ _ _ _ _ _ _ _ _ _ _ _ _ _ _ _

cls = &lt;class 'sqlalchemy.dialects.sqlite.aiosqlite.SQLiteDialect_aiosqlite'&gt;

    @classmethod
    def import_dbapi(cls) -&gt; AsyncAdapt_aiosqlite_dbapi:
        return AsyncAdapt_aiosqlite_dbapi(
&gt;           __import__("aiosqlite"), __import__("sqlite3")
            ^^^^^^^^^^^^^^^^^^^^^^^
        )
E       ModuleNotFoundError: No module named 'aiosqlite'

/usr/local/lib/python3.11/dist-packages/sqlalchemy/dialects/sqlite/aiosqlite.py:449: ModuleNotFoundError</error></testcase><testcase classname="tests.integration.test_repository_db.TestTradeRepository" name="test_close_trade" time="0.000"><error message="failed on setup with &quot;ModuleNotFoundError: No module named 'aiosqlite'&quot;">@pytest.fixture(scope="module")
    def async_engine():
        """Module-scoped async engine with tables created once."""
        import asyncio

&gt;       eng = create_async_engine(
            _ASYNC_URL,
            connect_args={"check_same_thread": False},
            poolclass=StaticPool,
        )

tests/integration/test_repository_db.py:78:
_ _ _ _ _ _ _ _ _ _ _ _ _ _ _ _ _ _ _ _ _ _ _ _ _ _ _ _ _ _ _ _ _ _ _ _ _ _ _ _

func = &lt;function create_async_engine at 0x7f8919a142c0&gt;, module = None
args = ('sqlite+aiosqlite:///:memory:',)
kwargs = {'connect_args': {'check_same_thread': False}, 'poolclass': &lt;class 'sqlalchemy.pool.impl.StaticPool'&gt;}

    def _wrap_create_async_engine_internal(func, module, args, kwargs):
        """Trace the SQLAlchemy engine, creating an `EngineTracer`
        object that will listen to SQLAlchemy events.
        """
        if not is_instrumentation_enabled():
            return func(*args, **kwargs)

&gt;       engine = func(*args, **kwargs)
                 ^^^^^^^^^^^^^^^^^^^^^

/usr/local/lib/python3.11/dist-packages/opentelemetry/instrumentation/sqlalchemy/engine.py:139:
_ _ _ _ _ _ _ _ _ _ _ _ _ _ _ _ _ _ _ _ _ _ _ _ _ _ _ _ _ _ _ _ _ _ _ _ _ _ _ _

url = 'sqlite+aiosqlite:///:memory:'
kw = {'_is_async': True, 'connect_args': {'check_same_thread': False}, 'poolclass': &lt;class 'sqlalchemy.pool.impl.StaticPool'&gt;}

    def create_async_engine(url: Union[str, URL], **kw: Any) -&gt; AsyncEngine:
        """Create a new async engine instance.

        Arguments passed to :func:`_asyncio.create_async_engine` are mostly
        identical to those passed to the :func:`_sa.create_engine` function.
        The specified dialect must be an asyncio-compatible dialect
        such as :ref:`dialect-postgresql-asyncpg`.

        .. versionadded:: 1.4

        :param async_creator: an async callable which returns a driver-level
            asyncio connection. If given, the function should take no arguments,
            and return a new asyncio connection from the underlying asyncio
            database driver; the connection will be wrapped in the appropriate
            structures to be used with the :class:`.AsyncEngine`.   Note that the
            parameters specified in the URL are not applied here, and the creator
            function should use its own connection parameters.

            This parameter is the asyncio equivalent of the
            :paramref:`_sa.create_engine.creator` parameter of the
            :func:`_sa.create_engine` function.

            .. versionadded:: 2.0.16

        """

        if kw.get("server_side_cursors", False):
            raise async_exc.AsyncMethodRequired(
                "Can't set server_side_cursors for async engine globally; "
                "use the connection.stream() method for an async "
                "streaming result set"
            )
        kw["_is_async"] = True
        async_creator = kw.pop("async_creator", None)
        if async_creator:
            if kw.get("creator", None):
                raise ArgumentError(
                    "Can only specify one of 'async_creator' or 'creator', "
                    "not both."
                )

            def creator() -&gt; Any:
                # note that to send adapted arguments like
                # prepared_statement_cache_size, user would use
                # "creator" and emulate this form here
                return sync_engine.dialect.dbapi.connect(  # type: ignore
                    async_creator_fn=async_creator
                )

            kw["creator"] = creator
&gt;       sync_engine = _create_engine(url, **kw)
                      ^^^^^^^^^^^^^^^^^^^^^^^^^

/usr/local/lib/python3.11/dist-packages/sqlalchemy/ext/asyncio/engine.py:120:
_ _ _ _ _ _ _ _ _ _ _ _ _ _ _ _ _ _ _ _ _ _ _ _ _ _ _ _ _ _ _ _ _ _ _ _ _ _ _ _

url = 'sqlite+aiosqlite:///:memory:'
kwargs = {'_is_async': True, 'connect_args': {'check_same_thread': False}, 'poolclass': &lt;class 'sqlalchemy.pool.impl.StaticPool'&gt;}

&gt;   ???

&lt;string&gt;:2:
_ _ _ _ _ _ _ _ _ _ _ _ _ _ _ _ _ _ _ _ _ _ _ _ _ _ _ _ _ _ _ _ _ _ _ _ _ _ _ _

fn = &lt;function create_engine at 0x7f8919b2aac0&gt;
args = ('sqlite+aiosqlite:///:memory:',)
kwargs = {'_is_async': True, 'connect_args': {'check_same_thread': False}, 'poolclass': &lt;class 'sqlalchemy.pool.impl.StaticPool'&gt;}
m = 'implicit_returning'

    @decorator
    def warned(fn: _F, *args: Any, **kwargs: Any) -&gt; _F:
        for m in check_defaults:
            if (defaults[m] is None and kwargs[m] is not None) or (
                defaults[m] is not None and kwargs[m] != defaults[m]
            ):
                _warn_with_version(
                    messages[m],
                    versions[m],
                    version_warnings[m],
                    stacklevel=3,
                )

        if check_any_kw in messages and set(kwargs).difference(
            check_defaults
        ):
            assert check_any_kw is not None
            _warn_with_version(
                messages[check_any_kw],
                versions[check_any_kw],
                version_warnings[check_any_kw],
                stacklevel=3,
            )

        for m in check_kw:
            if m in kwargs:
                _warn_with_version(
                    messages[m],
                    versions[m],
                    version_warnings[m],
                    stacklevel=3,
                )
&gt;       return fn(*args, **kwargs)  # type: ignore[no-any-return]
               ^^^^^^^^^^^^^^^^^^^

/usr/local/lib/python3.11/dist-packages/sqlalchemy/util/deprecations.py:281:
_ _ _ _ _ _ _ _ _ _ _ _ _ _ _ _ _ _ _ _ _ _ _ _ _ _ _ _ _ _ _ _ _ _ _ _ _ _ _ _

url = 'sqlite+aiosqlite:///:memory:'
kwargs = {'connect_args': {'check_same_thread': False}, 'poolclass': &lt;class 'sqlalchemy.pool.impl.StaticPool'&gt;}
u = sqlite+aiosqlite:///:memory:, plugins = []
entrypoint = &lt;class 'sqlalchemy.dialects.sqlite.aiosqlite.SQLiteDialect_aiosqlite'&gt;
_is_async = True
pop_kwarg = &lt;built-in method pop of dict object at 0x7f881f8be200&gt;
dialect_args = {}

    @util.deprecated_params(
        strategy=(
            "1.4",
            "The :paramref:`_sa.create_engine.strategy` keyword is deprecated, "
            "and the only argument accepted is 'mock'; please use "
            ":func:`.create_mock_engine` going forward.  For general "
            "customization of create_engine which may have been accomplished "
            "using strategies, see :class:`.CreateEnginePlugin`.",
        ),
        empty_in_strategy=(
            "1.4",
            "The :paramref:`_sa.create_engine.empty_in_strategy` keyword is "
            "deprecated, and no longer has any effect.  All IN expressions "
            "are now rendered using "
            'the "expanding parameter" strategy which renders a set of bound'
            'expressions, or an "empty set" SELECT, at statement execution'
            "time.",
        ),
        implicit_returning=(
            "2.0",
            "The :paramref:`_sa.create_engine.implicit_returning` parameter "
            "is deprecated and will be removed in a future release. ",
        ),
    )
    def create_engine(url: Union[str, _url.URL], **kwargs: Any) -&gt; Engine:
        """Create a new :class:`_engine.Engine` instance.

        The standard calling form is to send the :ref:`URL &lt;database_urls&gt;` as the
        first positional argument, usually a string
        that indicates database dialect and connection arguments::

            engine = create_engine("postgresql+psycopg2://scott:tiger@localhost/test")

        .. note::

            Please review :ref:`database_urls` for general guidelines in composing
            URL strings.  In particular, special characters, such as those often
            part of passwords, must be URL encoded to be properly parsed.

        Additional keyword arguments may then follow it which
        establish various options on the resulting :class:`_engine.Engine`
        and its underlying :class:`.Dialect` and :class:`_pool.Pool`
        constructs::

            engine = create_engine(
                "mysql+mysqldb://scott:tiger@hostname/dbname",
                pool_recycle=3600,
                echo=True,
            )

        The string form of the URL is
        ``dialect[+driver]://user:password@host/dbname[?key=value..]``, where
        ``dialect`` is a database name such as ``mysql``, ``oracle``,
        ``postgresql``, etc., and ``driver`` the name of a DBAPI, such as
        ``psycopg2``, ``pyodbc``, ``cx_oracle``, etc.  Alternatively,
        the URL can be an instance of :class:`~sqlalchemy.engine.url.URL`.

        ``**kwargs`` takes a wide variety of options which are routed
        towards their appropriate components.  Arguments may be specific to
        the :class:`_engine.Engine`, the underlying :class:`.Dialect`,
        as well as the
        :class:`_pool.Pool`.  Specific dialects also accept keyword arguments that
        are unique to that dialect.   Here, we describe the parameters
        that are common to most :func:`_sa.create_engine()` usage.

        Once established, the newly resulting :class:`_engine.Engine` will
        request a connection from the underlying :class:`_pool.Pool` once
        :meth:`_engine.Engine.connect` is called, or a method which depends on it
        such as :meth:`_engine.Engine.execute` is invoked.   The
        :class:`_pool.Pool` in turn
        will establish the first actual DBAPI connection when this request
        is received.   The :func:`_sa.create_engine` call itself does **not**
        establish any actual DBAPI connections directly.

        .. seealso::

            :doc:`/core/engines`

            :doc:`/dialects/index`

            :ref:`connections_toplevel`

        :param connect_args: a dictionary of options which will be
            passed directly to the DBAPI's ``connect()`` method as
            additional keyword arguments.  See the example
            at :ref:`custom_dbapi_args`.

        :param creator: a callable which returns a DBAPI connection.
            This creation function will be passed to the underlying
            connection pool and will be used to create all new database
            connections. Usage of this function causes connection
            parameters specified in the URL argument to be bypassed.

            This hook is not as flexible as the newer
            :meth:`_events.DialectEvents.do_connect` hook which allows complete
            control over how a connection is made to the database, given the full
            set of URL arguments and state beforehand.

            .. seealso::

                :meth:`_events.DialectEvents.do_connect` - event hook that allows
                full control over DBAPI connection mechanics.

                :ref:`custom_dbapi_args`

        :param echo=False: if True, the Engine will log all statements
            as well as a ``repr()`` of their parameter lists to the default log
            handler, which defaults to ``sys.stdout`` for output.   If set to the
            string ``"debug"``, result rows will be printed to the standard output
            as well. The ``echo`` attribute of ``Engine`` can be modified at any
            time to turn logging on and off; direct control of logging is also
            available using the standard Python ``logging`` module.

            .. seealso::

                :ref:`dbengine_logging` - further detail on how to configure
                logging.


        :param echo_pool=False: if True, the connection pool will log
            informational output such as when connections are invalidated
            as well as when connections are recycled to the default log handler,
            which defaults to ``sys.stdout`` for output.   If set to the string
            ``"debug"``, the logging will include pool checkouts and checkins.
            Direct control of logging is also available using the standard Python
            ``logging`` module.

            .. seealso::

                :ref:`dbengine_logging` - further detail on how to configure
                logging.


        :param empty_in_strategy:   No longer used; SQLAlchemy now uses
            "empty set" behavior for IN in all cases.

        :param enable_from_linting: defaults to True.  Will emit a warning
            if a given SELECT statement is found to have un-linked FROM elements
            which would cause a cartesian product.

            .. versionadded:: 1.4

            .. seealso::

                :ref:`change_4737`

        :param execution_options: Dictionary execution options which will
            be applied to all connections.  See
            :meth:`~sqlalchemy.engine.Connection.execution_options`

        :param future: Use the 2.0 style :class:`_engine.Engine` and
            :class:`_engine.Connection` API.

            As of SQLAlchemy 2.0, this parameter is present for backwards
            compatibility only and must remain at its default value of ``True``.

            The :paramref:`_sa.create_engine.future` parameter will be
            deprecated in a subsequent 2.x release and eventually removed.

            .. versionadded:: 1.4

            .. versionchanged:: 2.0 All :class:`_engine.Engine` objects are
               "future" style engines and there is no longer a ``future=False``
               mode of operation.

            .. seealso::

                :ref:`migration_20_toplevel`

        :param hide_parameters: Boolean, when set to True, SQL statement parameters
            will not be displayed in INFO logging nor will they be formatted into
            the string representation of :class:`.StatementError` objects.

            .. versionadded:: 1.3.8

            .. seealso::

                :ref:`dbengine_logging` - further detail on how to configure
                logging.

        :param implicit_returning=True:  Legacy parameter that may only be set
            to True. In SQLAlchemy 2.0, this parameter does nothing. In order to
            disable "implicit returning" for statements invoked by the ORM,
            configure this on a per-table basis using the
            :paramref:`.Table.implicit_returning` parameter.


        :param insertmanyvalues_page_size: number of rows to format into an
         INSERT statement when the statement uses "insertmanyvalues" mode, which is
         a paged form of bulk insert that is used for many backends when using
         :term:`executemany` execution typically in conjunction with RETURNING.
         Defaults to 1000, but may also be subject to dialect-specific limiting
         factors which may override this value on a per-statement basis.

         .. versionadded:: 2.0

         .. seealso::

            :ref:`engine_insertmanyvalues`

            :ref:`engine_insertmanyvalues_page_size`

            :paramref:`_engine.Connection.execution_options.insertmanyvalues_page_size`

        :param isolation_level: optional string name of an isolation level
            which will be set on all new connections unconditionally.
            Isolation levels are typically some subset of the string names
            ``"SERIALIZABLE"``, ``"REPEATABLE READ"``,
            ``"READ COMMITTED"``, ``"READ UNCOMMITTED"`` and ``"AUTOCOMMIT"``
            based on backend.

            The :paramref:`_sa.create_engine.isolation_level` parameter is
            in contrast to the
            :paramref:`.Connection.execution_options.isolation_level`
            execution option, which may be set on an individual
            :class:`.Connection`, as well as the same parameter passed to
            :meth:`.Engine.execution_options`, where it may be used to create
            multiple engines with different isolation levels that share a common
            connection pool and dialect.

            .. versionchanged:: 2.0 The
               :paramref:`_sa.create_engine.isolation_level`
               parameter has been generalized to work on all dialects which support
               the concept of isolation level, and is provided as a more succinct,
               up front configuration switch in contrast to the execution option
               which is more of an ad-hoc programmatic option.

            .. seealso::

                :ref:`dbapi_autocommit`

        :param json_deserializer: for dialects that support the
            :class:`_types.JSON`
            datatype, this is a Python callable that will convert a JSON string
            to a Python object.  By default, the Python ``json.loads`` function is
            used.

            .. versionchanged:: 1.3.7  The SQLite dialect renamed this from
               ``_json_deserializer``.

        :param json_serializer: for dialects that support the :class:`_types.JSON`
            datatype, this is a Python callable that will render a given object
            as JSON.   By default, the Python ``json.dumps`` function is used.

            .. versionchanged:: 1.3.7  The SQLite dialect renamed this from
               ``_json_serializer``.


        :param label_length=None: optional integer value which limits
            the size of dynamically generated column labels to that many
            characters. If less than 6, labels are generated as
            "_(counter)". If ``None``, the value of
            ``dialect.max_identifier_length``, which may be affected via the
            :paramref:`_sa.create_engine.max_identifier_length` parameter,
            is used instead.   The value of
            :paramref:`_sa.create_engine.label_length`
            may not be larger than that of
            :paramref:`_sa.create_engine.max_identfier_length`.

            .. seealso::

                :paramref:`_sa.create_engine.max_identifier_length`

        :param logging_name:  String identifier which will be used within
            the "name" field of logging records generated within the
            "sqlalchemy.engine" logger. Defaults to a hexstring of the
            object's id.

            .. seealso::

                :ref:`dbengine_logging` - further detail on how to configure
                logging.

                :paramref:`_engine.Connection.execution_options.logging_token`

        :param max_identifier_length: integer; override the max_identifier_length
            determined by the dialect.  if ``None`` or zero, has no effect.  This
            is the database's configured maximum number of characters that may be
            used in a SQL identifier such as a table name, column name, or label
            name. All dialects determine this value automatically, however in the
            case of a new database version for which this value has changed but
            SQLAlchemy's dialect has not been adjusted, the value may be passed
            here.

            .. versionadded:: 1.3.9

            .. seealso::

                :paramref:`_sa.create_engine.label_length`

        :param max_overflow=10: the number of connections to allow in
            connection pool "overflow", that is connections that can be
            opened above and beyond the pool_size setting, which defaults
            to five. this is only used with :class:`~sqlalchemy.pool.QueuePool`.

        :param module=None: reference to a Python module object (the module
            itself, not its string name).  Specifies an alternate DBAPI module to
            be used by the engine's dialect.  Each sub-dialect references a
            specific DBAPI which will be imported before first connect.  This
            parameter causes the import to be bypassed, and the given module to
            be used instead. Can be used for testing of DBAPIs as well as to
            inject "mock" DBAPI implementations into the :class:`_engine.Engine`.

        :param paramstyle=None: The `paramstyle &lt;https://legacy.python.org/dev/peps/pep-0249/#paramstyle&gt;`_
            to use when rendering bound parameters.  This style defaults to the
            one recommended by the DBAPI itself, which is retrieved from the
            ``.paramstyle`` attribute of the DBAPI.  However, most DBAPIs accept
            more than one paramstyle, and in particular it may be desirable
            to change a "named" paramstyle into a "positional" one, or vice versa.
            When this attribute is passed, it should be one of the values
            ``"qmark"``, ``"numeric"``, ``"named"``, ``"format"`` or
            ``"pyformat"``, and should correspond to a parameter style known
            to be supported by the DBAPI in use.

        :param pool=None: an already-constructed instance of
            :class:`~sqlalchemy.pool.Pool`, such as a
            :class:`~sqlalchemy.pool.QueuePool` instance. If non-None, this
            pool will be used directly as the underlying connection pool
            for the engine, bypassing whatever connection parameters are
            present in the URL argument. For information on constructing
            connection pools manually, see :ref:`pooling_toplevel`.

        :param poolclass=None: a :class:`~sqlalchemy.pool.Pool`
            subclass, which will be used to create a connection pool
            instance using the connection parameters given in the URL. Note
            this differs from ``pool`` in that you don't actually
            instantiate the pool in this case, you just indicate what type
            of pool to be used.

        :param pool_logging_name:  String identifier which will be used within
           the "name" field of logging records generated within the
           "sqlalchemy.pool" logger. Defaults to a hexstring of the object's
           id.

           .. seealso::

                :ref:`dbengine_logging` - further detail on how to configure
                logging.

        :param pool_pre_ping: boolean, if True will enable the connection pool
            "pre-ping" feature that tests connections for liveness upon
            each checkout.

            .. versionadded:: 1.2

            .. seealso::

                :ref:`pool_disconnects_pessimistic`

        :param pool_size=5: the number of connections to keep open
            inside the connection pool. This used with
            :class:`~sqlalchemy.pool.QueuePool` as
            well as :class:`~sqlalchemy.pool.SingletonThreadPool`.  With
            :class:`~sqlalchemy.pool.QueuePool`, a ``pool_size`` setting
            of 0 indicates no limit; to disable pooling, set ``poolclass`` to
            :class:`~sqlalchemy.pool.NullPool` instead.

        :param pool_recycle=-1: this setting causes the pool to recycle
            connections after the given number of seconds has passed. It
            defaults to -1, or no timeout. For example, setting to 3600
            means connections will be recycled after one hour. Note that
            MySQL in particular will disconnect automatically if no
            activity is detected on a connection for eight hours (although
            this is configurable with the MySQLDB connection itself and the
            server configuration as well).

            .. seealso::

                :ref:`pool_setting_recycle`

        :param pool_reset_on_return='rollback': set the
            :paramref:`_pool.Pool.reset_on_return` parameter of the underlying
            :class:`_pool.Pool` object, which can be set to the values
            ``"rollback"``, ``"commit"``, or ``None``.

            .. seealso::

                :ref:`pool_reset_on_return`

                :ref:`dbapi_autocommit_skip_rollback` - a more modern approach
                to using connections with no transactional instructions

        :param pool_timeout=30: number of seconds to wait before giving
            up on getting a connection from the pool. This is only used
            with :class:`~sqlalchemy.pool.QueuePool`. This can be a float but is
            subject to the limitations of Python time functions which may not be
            reliable in the tens of milliseconds.

            .. note: don't use 30.0 above, it seems to break with the :param tag

        :param pool_use_lifo=False: use LIFO (last-in-first-out) when retrieving
            connections from :class:`.QueuePool` instead of FIFO
            (first-in-first-out). Using LIFO, a server-side timeout scheme can
            reduce the number of connections used during non- peak   periods of
            use.   When planning for server-side timeouts, ensure that a recycle or
            pre-ping strategy is in use to gracefully   handle stale connections.

              .. versionadded:: 1.3

              .. seealso::

                :ref:`pool_use_lifo`

                :ref:`pool_disconnects`

        :param plugins: string list of plugin names to load.  See
            :class:`.CreateEnginePlugin` for background.

            .. versionadded:: 1.2.3

        :param query_cache_size: size of the cache used to cache the SQL string
         form of queries.  Set to zero to disable caching.

         The cache is pruned of its least recently used items when its size reaches
         N * 1.5.  Defaults to 500, meaning the cache will always store at least
         500 SQL statements when filled, and will grow up to 750 items at which
         point it is pruned back down to 500 by removing the 250 least recently
         used items.

         Caching is accomplished on a per-statement basis by generating a
         cache key that represents the statement's structure, then generating
         string SQL for the current dialect only if that key is not present
         in the cache.   All statements support caching, however some features
         such as an INSERT with a large set of parameters will intentionally
         bypass the cache.   SQL logging will indicate statistics for each
         statement whether or not it were pull from the cache.

         .. note:: some ORM functions related to unit-of-work persistence as well
            as some attribute loading strategies will make use of individual
            per-mapper caches outside of the main cache.


         .. seealso::

            :ref:`sql_caching`

         .. versionadded:: 1.4

        :param skip_autocommit_rollback: When True, the dialect will
           unconditionally skip all calls to the DBAPI ``connection.rollback()``
           method if the DBAPI connection is confirmed to be in "autocommit" mode.
           The availability of this feature is dialect specific; if not available,
           a ``NotImplementedError`` is raised by the dialect when rollback occurs.

           .. seealso::

                :ref:`dbapi_autocommit_skip_rollback`

           .. versionadded:: 2.0.43

        :param use_insertmanyvalues: True by default, use the "insertmanyvalues"
         execution style for INSERT..RETURNING statements by default.

         .. versionadded:: 2.0

         .. seealso::

            :ref:`engine_insertmanyvalues`

        """  # noqa

        if "strategy" in kwargs:
            strat = kwargs.pop("strategy")
            if strat == "mock":
                # this case is deprecated
                return create_mock_engine(url, **kwargs)  # type: ignore
            else:
                raise exc.ArgumentError("unknown strategy: %r" % strat)

        kwargs.pop("empty_in_strategy", None)

        # create url.URL object
        u = _url.make_url(url)

        u, plugins, kwargs = u._instantiate_plugins(kwargs)

        entrypoint = u._get_entrypoint()
        _is_async = kwargs.pop("_is_async", False)
        if _is_async:
            dialect_cls = entrypoint.get_async_dialect_cls(u)
        else:
            dialect_cls = entrypoint.get_dialect_cls(u)

        if kwargs.pop("_coerce_config", False):

            def pop_kwarg(key: str, default: Optional[Any] = None) -&gt; Any:
                value = kwargs.pop(key, default)
                if key in dialect_cls.engine_config_types:
                    value = dialect_cls.engine_config_types[key](value)
                return value

        else:
            pop_kwarg = kwargs.pop  # type: ignore

        dialect_args = {}
        # consume dialect arguments from kwargs
        for k in util.get_cls_kwargs(dialect_cls):
            if k in kwargs:
                dialect_args[k] = pop_kwarg(k)

        dbapi = kwargs.pop("module", None)
        if dbapi is None:
            dbapi_args = {}

            if "import_dbapi" in dialect_cls.__dict__:
                dbapi_meth = dialect_cls.import_dbapi

            elif hasattr(dialect_cls, "dbapi") and inspect.ismethod(
                dialect_cls.dbapi
            ):
                util.warn_deprecated(
                    "The dbapi() classmethod on dialect classes has been "
                    "renamed to import_dbapi().  Implement an import_dbapi() "
                    f"classmethod directly on class {dialect_cls} to remove this "
                    "warning; the old .dbapi() classmethod may be maintained for "
                    "backwards compatibility.",
                    "2.0",
                )
                dbapi_meth = dialect_cls.dbapi
            else:
                dbapi_meth = dialect_cls.import_dbapi

            for k in util.get_func_kwargs(dbapi_meth):
                if k in kwargs:
                    dbapi_args[k] = pop_kwarg(k)
&gt;           dbapi = dbapi_meth(**dbapi_args)
                    ^^^^^^^^^^^^^^^^^^^^^^^^

/usr/local/lib/python3.11/dist-packages/sqlalchemy/engine/create.py:617:
_ _ _ _ _ _ _ _ _ _ _ _ _ _ _ _ _ _ _ _ _ _ _ _ _ _ _ _ _ _ _ _ _ _ _ _ _ _ _ _

cls = &lt;class 'sqlalchemy.dialects.sqlite.aiosqlite.SQLiteDialect_aiosqlite'&gt;

    @classmethod
    def import_dbapi(cls) -&gt; AsyncAdapt_aiosqlite_dbapi:
        return AsyncAdapt_aiosqlite_dbapi(
&gt;           __import__("aiosqlite"), __import__("sqlite3")
            ^^^^^^^^^^^^^^^^^^^^^^^
        )
E       ModuleNotFoundError: No module named 'aiosqlite'

/usr/local/lib/python3.11/dist-packages/sqlalchemy/dialects/sqlite/aiosqlite.py:449: ModuleNotFoundError</error></testcase><testcase classname="tests.integration.test_repository_db.TestTradeRepository" name="test_close_trade_not_found" time="0.000"><error message="failed on setup with &quot;ModuleNotFoundError: No module named 'aiosqlite'&quot;">@pytest.fixture(scope="module")
    def async_engine():
        """Module-scoped async engine with tables created once."""
        import asyncio

&gt;       eng = create_async_engine(
            _ASYNC_URL,
            connect_args={"check_same_thread": False},
            poolclass=StaticPool,
        )

tests/integration/test_repository_db.py:78:
_ _ _ _ _ _ _ _ _ _ _ _ _ _ _ _ _ _ _ _ _ _ _ _ _ _ _ _ _ _ _ _ _ _ _ _ _ _ _ _

func = &lt;function create_async_engine at 0x7f8919a142c0&gt;, module = None
args = ('sqlite+aiosqlite:///:memory:',)
kwargs = {'connect_args': {'check_same_thread': False}, 'poolclass': &lt;class 'sqlalchemy.pool.impl.StaticPool'&gt;}

    def _wrap_create_async_engine_internal(func, module, args, kwargs):
        """Trace the SQLAlchemy engine, creating an `EngineTracer`
        object that will listen to SQLAlchemy events.
        """
        if not is_instrumentation_enabled():
            return func(*args, **kwargs)

&gt;       engine = func(*args, **kwargs)
                 ^^^^^^^^^^^^^^^^^^^^^

/usr/local/lib/python3.11/dist-packages/opentelemetry/instrumentation/sqlalchemy/engine.py:139:
_ _ _ _ _ _ _ _ _ _ _ _ _ _ _ _ _ _ _ _ _ _ _ _ _ _ _ _ _ _ _ _ _ _ _ _ _ _ _ _

url = 'sqlite+aiosqlite:///:memory:'
kw = {'_is_async': True, 'connect_args': {'check_same_thread': False}, 'poolclass': &lt;class 'sqlalchemy.pool.impl.StaticPool'&gt;}

    def create_async_engine(url: Union[str, URL], **kw: Any) -&gt; AsyncEngine:
        """Create a new async engine instance.

        Arguments passed to :func:`_asyncio.create_async_engine` are mostly
        identical to those passed to the :func:`_sa.create_engine` function.
        The specified dialect must be an asyncio-compatible dialect
        such as :ref:`dialect-postgresql-asyncpg`.

        .. versionadded:: 1.4

        :param async_creator: an async callable which returns a driver-level
            asyncio connection. If given, the function should take no arguments,
            and return a new asyncio connection from the underlying asyncio
            database driver; the connection will be wrapped in the appropriate
            structures to be used with the :class:`.AsyncEngine`.   Note that the
            parameters specified in the URL are not applied here, and the creator
            function should use its own connection parameters.

            This parameter is the asyncio equivalent of the
            :paramref:`_sa.create_engine.creator` parameter of the
            :func:`_sa.create_engine` function.

            .. versionadded:: 2.0.16

        """

        if kw.get("server_side_cursors", False):
            raise async_exc.AsyncMethodRequired(
                "Can't set server_side_cursors for async engine globally; "
                "use the connection.stream() method for an async "
                "streaming result set"
            )
        kw["_is_async"] = True
        async_creator = kw.pop("async_creator", None)
        if async_creator:
            if kw.get("creator", None):
                raise ArgumentError(
                    "Can only specify one of 'async_creator' or 'creator', "
                    "not both."
                )

            def creator() -&gt; Any:
                # note that to send adapted arguments like
                # prepared_statement_cache_size, user would use
                # "creator" and emulate this form here
                return sync_engine.dialect.dbapi.connect(  # type: ignore
                    async_creator_fn=async_creator
                )

            kw["creator"] = creator
&gt;       sync_engine = _create_engine(url, **kw)
                      ^^^^^^^^^^^^^^^^^^^^^^^^^

/usr/local/lib/python3.11/dist-packages/sqlalchemy/ext/asyncio/engine.py:120:
_ _ _ _ _ _ _ _ _ _ _ _ _ _ _ _ _ _ _ _ _ _ _ _ _ _ _ _ _ _ _ _ _ _ _ _ _ _ _ _

url = 'sqlite+aiosqlite:///:memory:'
kwargs = {'_is_async': True, 'connect_args': {'check_same_thread': False}, 'poolclass': &lt;class 'sqlalchemy.pool.impl.StaticPool'&gt;}

&gt;   ???

&lt;string&gt;:2:
_ _ _ _ _ _ _ _ _ _ _ _ _ _ _ _ _ _ _ _ _ _ _ _ _ _ _ _ _ _ _ _ _ _ _ _ _ _ _ _

fn = &lt;function create_engine at 0x7f8919b2aac0&gt;
args = ('sqlite+aiosqlite:///:memory:',)
kwargs = {'_is_async': True, 'connect_args': {'check_same_thread': False}, 'poolclass': &lt;class 'sqlalchemy.pool.impl.StaticPool'&gt;}
m = 'implicit_returning'

    @decorator
    def warned(fn: _F, *args: Any, **kwargs: Any) -&gt; _F:
        for m in check_defaults:
            if (defaults[m] is None and kwargs[m] is not None) or (
                defaults[m] is not None and kwargs[m] != defaults[m]
            ):
                _warn_with_version(
                    messages[m],
                    versions[m],
                    version_warnings[m],
                    stacklevel=3,
                )

        if check_any_kw in messages and set(kwargs).difference(
            check_defaults
        ):
            assert check_any_kw is not None
            _warn_with_version(
                messages[check_any_kw],
                versions[check_any_kw],
                version_warnings[check_any_kw],
                stacklevel=3,
            )

        for m in check_kw:
            if m in kwargs:
                _warn_with_version(
                    messages[m],
                    versions[m],
                    version_warnings[m],
                    stacklevel=3,
                )
&gt;       return fn(*args, **kwargs)  # type: ignore[no-any-return]
               ^^^^^^^^^^^^^^^^^^^

/usr/local/lib/python3.11/dist-packages/sqlalchemy/util/deprecations.py:281:
_ _ _ _ _ _ _ _ _ _ _ _ _ _ _ _ _ _ _ _ _ _ _ _ _ _ _ _ _ _ _ _ _ _ _ _ _ _ _ _

url = 'sqlite+aiosqlite:///:memory:'
kwargs = {'connect_args': {'check_same_thread': False}, 'poolclass': &lt;class 'sqlalchemy.pool.impl.StaticPool'&gt;}
u = sqlite+aiosqlite:///:memory:, plugins = []
entrypoint = &lt;class 'sqlalchemy.dialects.sqlite.aiosqlite.SQLiteDialect_aiosqlite'&gt;
_is_async = True
pop_kwarg = &lt;built-in method pop of dict object at 0x7f881f8be200&gt;
dialect_args = {}

    @util.deprecated_params(
        strategy=(
            "1.4",
            "The :paramref:`_sa.create_engine.strategy` keyword is deprecated, "
            "and the only argument accepted is 'mock'; please use "
            ":func:`.create_mock_engine` going forward.  For general "
            "customization of create_engine which may have been accomplished "
            "using strategies, see :class:`.CreateEnginePlugin`.",
        ),
        empty_in_strategy=(
            "1.4",
            "The :paramref:`_sa.create_engine.empty_in_strategy` keyword is "
            "deprecated, and no longer has any effect.  All IN expressions "
            "are now rendered using "
            'the "expanding parameter" strategy which renders a set of bound'
            'expressions, or an "empty set" SELECT, at statement execution'
            "time.",
        ),
        implicit_returning=(
            "2.0",
            "The :paramref:`_sa.create_engine.implicit_returning` parameter "
            "is deprecated and will be removed in a future release. ",
        ),
    )
    def create_engine(url: Union[str, _url.URL], **kwargs: Any) -&gt; Engine:
        """Create a new :class:`_engine.Engine` instance.

        The standard calling form is to send the :ref:`URL &lt;database_urls&gt;` as the
        first positional argument, usually a string
        that indicates database dialect and connection arguments::

            engine = create_engine("postgresql+psycopg2://scott:tiger@localhost/test")

        .. note::

            Please review :ref:`database_urls` for general guidelines in composing
            URL strings.  In particular, special characters, such as those often
            part of passwords, must be URL encoded to be properly parsed.

        Additional keyword arguments may then follow it which
        establish various options on the resulting :class:`_engine.Engine`
        and its underlying :class:`.Dialect` and :class:`_pool.Pool`
        constructs::

            engine = create_engine(
                "mysql+mysqldb://scott:tiger@hostname/dbname",
                pool_recycle=3600,
                echo=True,
            )

        The string form of the URL is
        ``dialect[+driver]://user:password@host/dbname[?key=value..]``, where
        ``dialect`` is a database name such as ``mysql``, ``oracle``,
        ``postgresql``, etc., and ``driver`` the name of a DBAPI, such as
        ``psycopg2``, ``pyodbc``, ``cx_oracle``, etc.  Alternatively,
        the URL can be an instance of :class:`~sqlalchemy.engine.url.URL`.

        ``**kwargs`` takes a wide variety of options which are routed
        towards their appropriate components.  Arguments may be specific to
        the :class:`_engine.Engine`, the underlying :class:`.Dialect`,
        as well as the
        :class:`_pool.Pool`.  Specific dialects also accept keyword arguments that
        are unique to that dialect.   Here, we describe the parameters
        that are common to most :func:`_sa.create_engine()` usage.

        Once established, the newly resulting :class:`_engine.Engine` will
        request a connection from the underlying :class:`_pool.Pool` once
        :meth:`_engine.Engine.connect` is called, or a method which depends on it
        such as :meth:`_engine.Engine.execute` is invoked.   The
        :class:`_pool.Pool` in turn
        will establish the first actual DBAPI connection when this request
        is received.   The :func:`_sa.create_engine` call itself does **not**
        establish any actual DBAPI connections directly.

        .. seealso::

            :doc:`/core/engines`

            :doc:`/dialects/index`

            :ref:`connections_toplevel`

        :param connect_args: a dictionary of options which will be
            passed directly to the DBAPI's ``connect()`` method as
            additional keyword arguments.  See the example
            at :ref:`custom_dbapi_args`.

        :param creator: a callable which returns a DBAPI connection.
            This creation function will be passed to the underlying
            connection pool and will be used to create all new database
            connections. Usage of this function causes connection
            parameters specified in the URL argument to be bypassed.

            This hook is not as flexible as the newer
            :meth:`_events.DialectEvents.do_connect` hook which allows complete
            control over how a connection is made to the database, given the full
            set of URL arguments and state beforehand.

            .. seealso::

                :meth:`_events.DialectEvents.do_connect` - event hook that allows
                full control over DBAPI connection mechanics.

                :ref:`custom_dbapi_args`

        :param echo=False: if True, the Engine will log all statements
            as well as a ``repr()`` of their parameter lists to the default log
            handler, which defaults to ``sys.stdout`` for output.   If set to the
            string ``"debug"``, result rows will be printed to the standard output
            as well. The ``echo`` attribute of ``Engine`` can be modified at any
            time to turn logging on and off; direct control of logging is also
            available using the standard Python ``logging`` module.

            .. seealso::

                :ref:`dbengine_logging` - further detail on how to configure
                logging.


        :param echo_pool=False: if True, the connection pool will log
            informational output such as when connections are invalidated
            as well as when connections are recycled to the default log handler,
            which defaults to ``sys.stdout`` for output.   If set to the string
            ``"debug"``, the logging will include pool checkouts and checkins.
            Direct control of logging is also available using the standard Python
            ``logging`` module.

            .. seealso::

                :ref:`dbengine_logging` - further detail on how to configure
                logging.


        :param empty_in_strategy:   No longer used; SQLAlchemy now uses
            "empty set" behavior for IN in all cases.

        :param enable_from_linting: defaults to True.  Will emit a warning
            if a given SELECT statement is found to have un-linked FROM elements
            which would cause a cartesian product.

            .. versionadded:: 1.4

            .. seealso::

                :ref:`change_4737`

        :param execution_options: Dictionary execution options which will
            be applied to all connections.  See
            :meth:`~sqlalchemy.engine.Connection.execution_options`

        :param future: Use the 2.0 style :class:`_engine.Engine` and
            :class:`_engine.Connection` API.

            As of SQLAlchemy 2.0, this parameter is present for backwards
            compatibility only and must remain at its default value of ``True``.

            The :paramref:`_sa.create_engine.future` parameter will be
            deprecated in a subsequent 2.x release and eventually removed.

            .. versionadded:: 1.4

            .. versionchanged:: 2.0 All :class:`_engine.Engine` objects are
               "future" style engines and there is no longer a ``future=False``
               mode of operation.

            .. seealso::

                :ref:`migration_20_toplevel`

        :param hide_parameters: Boolean, when set to True, SQL statement parameters
            will not be displayed in INFO logging nor will they be formatted into
            the string representation of :class:`.StatementError` objects.

            .. versionadded:: 1.3.8

            .. seealso::

                :ref:`dbengine_logging` - further detail on how to configure
                logging.

        :param implicit_returning=True:  Legacy parameter that may only be set
            to True. In SQLAlchemy 2.0, this parameter does nothing. In order to
            disable "implicit returning" for statements invoked by the ORM,
            configure this on a per-table basis using the
            :paramref:`.Table.implicit_returning` parameter.


        :param insertmanyvalues_page_size: number of rows to format into an
         INSERT statement when the statement uses "insertmanyvalues" mode, which is
         a paged form of bulk insert that is used for many backends when using
         :term:`executemany` execution typically in conjunction with RETURNING.
         Defaults to 1000, but may also be subject to dialect-specific limiting
         factors which may override this value on a per-statement basis.

         .. versionadded:: 2.0

         .. seealso::

            :ref:`engine_insertmanyvalues`

            :ref:`engine_insertmanyvalues_page_size`

            :paramref:`_engine.Connection.execution_options.insertmanyvalues_page_size`

        :param isolation_level: optional string name of an isolation level
            which will be set on all new connections unconditionally.
            Isolation levels are typically some subset of the string names
            ``"SERIALIZABLE"``, ``"REPEATABLE READ"``,
            ``"READ COMMITTED"``, ``"READ UNCOMMITTED"`` and ``"AUTOCOMMIT"``
            based on backend.

            The :paramref:`_sa.create_engine.isolation_level` parameter is
            in contrast to the
            :paramref:`.Connection.execution_options.isolation_level`
            execution option, which may be set on an individual
            :class:`.Connection`, as well as the same parameter passed to
            :meth:`.Engine.execution_options`, where it may be used to create
            multiple engines with different isolation levels that share a common
            connection pool and dialect.

            .. versionchanged:: 2.0 The
               :paramref:`_sa.create_engine.isolation_level`
               parameter has been generalized to work on all dialects which support
               the concept of isolation level, and is provided as a more succinct,
               up front configuration switch in contrast to the execution option
               which is more of an ad-hoc programmatic option.

            .. seealso::

                :ref:`dbapi_autocommit`

        :param json_deserializer: for dialects that support the
            :class:`_types.JSON`
            datatype, this is a Python callable that will convert a JSON string
            to a Python object.  By default, the Python ``json.loads`` function is
            used.

            .. versionchanged:: 1.3.7  The SQLite dialect renamed this from
               ``_json_deserializer``.

        :param json_serializer: for dialects that support the :class:`_types.JSON`
            datatype, this is a Python callable that will render a given object
            as JSON.   By default, the Python ``json.dumps`` function is used.

            .. versionchanged:: 1.3.7  The SQLite dialect renamed this from
               ``_json_serializer``.


        :param label_length=None: optional integer value which limits
            the size of dynamically generated column labels to that many
            characters. If less than 6, labels are generated as
            "_(counter)". If ``None``, the value of
            ``dialect.max_identifier_length``, which may be affected via the
            :paramref:`_sa.create_engine.max_identifier_length` parameter,
            is used instead.   The value of
            :paramref:`_sa.create_engine.label_length`
            may not be larger than that of
            :paramref:`_sa.create_engine.max_identfier_length`.

            .. seealso::

                :paramref:`_sa.create_engine.max_identifier_length`

        :param logging_name:  String identifier which will be used within
            the "name" field of logging records generated within the
            "sqlalchemy.engine" logger. Defaults to a hexstring of the
            object's id.

            .. seealso::

                :ref:`dbengine_logging` - further detail on how to configure
                logging.

                :paramref:`_engine.Connection.execution_options.logging_token`

        :param max_identifier_length: integer; override the max_identifier_length
            determined by the dialect.  if ``None`` or zero, has no effect.  This
            is the database's configured maximum number of characters that may be
            used in a SQL identifier such as a table name, column name, or label
            name. All dialects determine this value automatically, however in the
            case of a new database version for which this value has changed but
            SQLAlchemy's dialect has not been adjusted, the value may be passed
            here.

            .. versionadded:: 1.3.9

            .. seealso::

                :paramref:`_sa.create_engine.label_length`

        :param max_overflow=10: the number of connections to allow in
            connection pool "overflow", that is connections that can be
            opened above and beyond the pool_size setting, which defaults
            to five. this is only used with :class:`~sqlalchemy.pool.QueuePool`.

        :param module=None: reference to a Python module object (the module
            itself, not its string name).  Specifies an alternate DBAPI module to
            be used by the engine's dialect.  Each sub-dialect references a
            specific DBAPI which will be imported before first connect.  This
            parameter causes the import to be bypassed, and the given module to
            be used instead. Can be used for testing of DBAPIs as well as to
            inject "mock" DBAPI implementations into the :class:`_engine.Engine`.

        :param paramstyle=None: The `paramstyle &lt;https://legacy.python.org/dev/peps/pep-0249/#paramstyle&gt;`_
            to use when rendering bound parameters.  This style defaults to the
            one recommended by the DBAPI itself, which is retrieved from the
            ``.paramstyle`` attribute of the DBAPI.  However, most DBAPIs accept
            more than one paramstyle, and in particular it may be desirable
            to change a "named" paramstyle into a "positional" one, or vice versa.
            When this attribute is passed, it should be one of the values
            ``"qmark"``, ``"numeric"``, ``"named"``, ``"format"`` or
            ``"pyformat"``, and should correspond to a parameter style known
            to be supported by the DBAPI in use.

        :param pool=None: an already-constructed instance of
            :class:`~sqlalchemy.pool.Pool`, such as a
            :class:`~sqlalchemy.pool.QueuePool` instance. If non-None, this
            pool will be used directly as the underlying connection pool
            for the engine, bypassing whatever connection parameters are
            present in the URL argument. For information on constructing
            connection pools manually, see :ref:`pooling_toplevel`.

        :param poolclass=None: a :class:`~sqlalchemy.pool.Pool`
            subclass, which will be used to create a connection pool
            instance using the connection parameters given in the URL. Note
            this differs from ``pool`` in that you don't actually
            instantiate the pool in this case, you just indicate what type
            of pool to be used.

        :param pool_logging_name:  String identifier which will be used within
           the "name" field of logging records generated within the
           "sqlalchemy.pool" logger. Defaults to a hexstring of the object's
           id.

           .. seealso::

                :ref:`dbengine_logging` - further detail on how to configure
                logging.

        :param pool_pre_ping: boolean, if True will enable the connection pool
            "pre-ping" feature that tests connections for liveness upon
            each checkout.

            .. versionadded:: 1.2

            .. seealso::

                :ref:`pool_disconnects_pessimistic`

        :param pool_size=5: the number of connections to keep open
            inside the connection pool. This used with
            :class:`~sqlalchemy.pool.QueuePool` as
            well as :class:`~sqlalchemy.pool.SingletonThreadPool`.  With
            :class:`~sqlalchemy.pool.QueuePool`, a ``pool_size`` setting
            of 0 indicates no limit; to disable pooling, set ``poolclass`` to
            :class:`~sqlalchemy.pool.NullPool` instead.

        :param pool_recycle=-1: this setting causes the pool to recycle
            connections after the given number of seconds has passed. It
            defaults to -1, or no timeout. For example, setting to 3600
            means connections will be recycled after one hour. Note that
            MySQL in particular will disconnect automatically if no
            activity is detected on a connection for eight hours (although
            this is configurable with the MySQLDB connection itself and the
            server configuration as well).

            .. seealso::

                :ref:`pool_setting_recycle`

        :param pool_reset_on_return='rollback': set the
            :paramref:`_pool.Pool.reset_on_return` parameter of the underlying
            :class:`_pool.Pool` object, which can be set to the values
            ``"rollback"``, ``"commit"``, or ``None``.

            .. seealso::

                :ref:`pool_reset_on_return`

                :ref:`dbapi_autocommit_skip_rollback` - a more modern approach
                to using connections with no transactional instructions

        :param pool_timeout=30: number of seconds to wait before giving
            up on getting a connection from the pool. This is only used
            with :class:`~sqlalchemy.pool.QueuePool`. This can be a float but is
            subject to the limitations of Python time functions which may not be
            reliable in the tens of milliseconds.

            .. note: don't use 30.0 above, it seems to break with the :param tag

        :param pool_use_lifo=False: use LIFO (last-in-first-out) when retrieving
            connections from :class:`.QueuePool` instead of FIFO
            (first-in-first-out). Using LIFO, a server-side timeout scheme can
            reduce the number of connections used during non- peak   periods of
            use.   When planning for server-side timeouts, ensure that a recycle or
            pre-ping strategy is in use to gracefully   handle stale connections.

              .. versionadded:: 1.3

              .. seealso::

                :ref:`pool_use_lifo`

                :ref:`pool_disconnects`

        :param plugins: string list of plugin names to load.  See
            :class:`.CreateEnginePlugin` for background.

            .. versionadded:: 1.2.3

        :param query_cache_size: size of the cache used to cache the SQL string
         form of queries.  Set to zero to disable caching.

         The cache is pruned of its least recently used items when its size reaches
         N * 1.5.  Defaults to 500, meaning the cache will always store at least
         500 SQL statements when filled, and will grow up to 750 items at which
         point it is pruned back down to 500 by removing the 250 least recently
         used items.

         Caching is accomplished on a per-statement basis by generating a
         cache key that represents the statement's structure, then generating
         string SQL for the current dialect only if that key is not present
         in the cache.   All statements support caching, however some features
         such as an INSERT with a large set of parameters will intentionally
         bypass the cache.   SQL logging will indicate statistics for each
         statement whether or not it were pull from the cache.

         .. note:: some ORM functions related to unit-of-work persistence as well
            as some attribute loading strategies will make use of individual
            per-mapper caches outside of the main cache.


         .. seealso::

            :ref:`sql_caching`

         .. versionadded:: 1.4

        :param skip_autocommit_rollback: When True, the dialect will
           unconditionally skip all calls to the DBAPI ``connection.rollback()``
           method if the DBAPI connection is confirmed to be in "autocommit" mode.
           The availability of this feature is dialect specific; if not available,
           a ``NotImplementedError`` is raised by the dialect when rollback occurs.

           .. seealso::

                :ref:`dbapi_autocommit_skip_rollback`

           .. versionadded:: 2.0.43

        :param use_insertmanyvalues: True by default, use the "insertmanyvalues"
         execution style for INSERT..RETURNING statements by default.

         .. versionadded:: 2.0

         .. seealso::

            :ref:`engine_insertmanyvalues`

        """  # noqa

        if "strategy" in kwargs:
            strat = kwargs.pop("strategy")
            if strat == "mock":
                # this case is deprecated
                return create_mock_engine(url, **kwargs)  # type: ignore
            else:
                raise exc.ArgumentError("unknown strategy: %r" % strat)

        kwargs.pop("empty_in_strategy", None)

        # create url.URL object
        u = _url.make_url(url)

        u, plugins, kwargs = u._instantiate_plugins(kwargs)

        entrypoint = u._get_entrypoint()
        _is_async = kwargs.pop("_is_async", False)
        if _is_async:
            dialect_cls = entrypoint.get_async_dialect_cls(u)
        else:
            dialect_cls = entrypoint.get_dialect_cls(u)

        if kwargs.pop("_coerce_config", False):

            def pop_kwarg(key: str, default: Optional[Any] = None) -&gt; Any:
                value = kwargs.pop(key, default)
                if key in dialect_cls.engine_config_types:
                    value = dialect_cls.engine_config_types[key](value)
                return value

        else:
            pop_kwarg = kwargs.pop  # type: ignore

        dialect_args = {}
        # consume dialect arguments from kwargs
        for k in util.get_cls_kwargs(dialect_cls):
            if k in kwargs:
                dialect_args[k] = pop_kwarg(k)

        dbapi = kwargs.pop("module", None)
        if dbapi is None:
            dbapi_args = {}

            if "import_dbapi" in dialect_cls.__dict__:
                dbapi_meth = dialect_cls.import_dbapi

            elif hasattr(dialect_cls, "dbapi") and inspect.ismethod(
                dialect_cls.dbapi
            ):
                util.warn_deprecated(
                    "The dbapi() classmethod on dialect classes has been "
                    "renamed to import_dbapi().  Implement an import_dbapi() "
                    f"classmethod directly on class {dialect_cls} to remove this "
                    "warning; the old .dbapi() classmethod may be maintained for "
                    "backwards compatibility.",
                    "2.0",
                )
                dbapi_meth = dialect_cls.dbapi
            else:
                dbapi_meth = dialect_cls.import_dbapi

            for k in util.get_func_kwargs(dbapi_meth):
                if k in kwargs:
                    dbapi_args[k] = pop_kwarg(k)
&gt;           dbapi = dbapi_meth(**dbapi_args)
                    ^^^^^^^^^^^^^^^^^^^^^^^^

/usr/local/lib/python3.11/dist-packages/sqlalchemy/engine/create.py:617:
_ _ _ _ _ _ _ _ _ _ _ _ _ _ _ _ _ _ _ _ _ _ _ _ _ _ _ _ _ _ _ _ _ _ _ _ _ _ _ _

cls = &lt;class 'sqlalchemy.dialects.sqlite.aiosqlite.SQLiteDialect_aiosqlite'&gt;

    @classmethod
    def import_dbapi(cls) -&gt; AsyncAdapt_aiosqlite_dbapi:
        return AsyncAdapt_aiosqlite_dbapi(
&gt;           __import__("aiosqlite"), __import__("sqlite3")
            ^^^^^^^^^^^^^^^^^^^^^^^
        )
E       ModuleNotFoundError: No module named 'aiosqlite'

/usr/local/lib/python3.11/dist-packages/sqlalchemy/dialects/sqlite/aiosqlite.py:449: ModuleNotFoundError</error></testcase><testcase classname="tests.integration.test_repository_db.TestTradeRepository" name="test_update_unrealized_pnl" time="0.001"><error message="failed on setup with &quot;ModuleNotFoundError: No module named 'aiosqlite'&quot;">@pytest.fixture(scope="module")
    def async_engine():
        """Module-scoped async engine with tables created once."""
        import asyncio

&gt;       eng = create_async_engine(
            _ASYNC_URL,
            connect_args={"check_same_thread": False},
            poolclass=StaticPool,
        )

tests/integration/test_repository_db.py:78:
_ _ _ _ _ _ _ _ _ _ _ _ _ _ _ _ _ _ _ _ _ _ _ _ _ _ _ _ _ _ _ _ _ _ _ _ _ _ _ _

func = &lt;function create_async_engine at 0x7f8919a142c0&gt;, module = None
args = ('sqlite+aiosqlite:///:memory:',)
kwargs = {'connect_args': {'check_same_thread': False}, 'poolclass': &lt;class 'sqlalchemy.pool.impl.StaticPool'&gt;}

    def _wrap_create_async_engine_internal(func, module, args, kwargs):
        """Trace the SQLAlchemy engine, creating an `EngineTracer`
        object that will listen to SQLAlchemy events.
        """
        if not is_instrumentation_enabled():
            return func(*args, **kwargs)

&gt;       engine = func(*args, **kwargs)
                 ^^^^^^^^^^^^^^^^^^^^^

/usr/local/lib/python3.11/dist-packages/opentelemetry/instrumentation/sqlalchemy/engine.py:139:
_ _ _ _ _ _ _ _ _ _ _ _ _ _ _ _ _ _ _ _ _ _ _ _ _ _ _ _ _ _ _ _ _ _ _ _ _ _ _ _

url = 'sqlite+aiosqlite:///:memory:'
kw = {'_is_async': True, 'connect_args': {'check_same_thread': False}, 'poolclass': &lt;class 'sqlalchemy.pool.impl.StaticPool'&gt;}

    def create_async_engine(url: Union[str, URL], **kw: Any) -&gt; AsyncEngine:
        """Create a new async engine instance.

        Arguments passed to :func:`_asyncio.create_async_engine` are mostly
        identical to those passed to the :func:`_sa.create_engine` function.
        The specified dialect must be an asyncio-compatible dialect
        such as :ref:`dialect-postgresql-asyncpg`.

        .. versionadded:: 1.4

        :param async_creator: an async callable which returns a driver-level
            asyncio connection. If given, the function should take no arguments,
            and return a new asyncio connection from the underlying asyncio
            database driver; the connection will be wrapped in the appropriate
            structures to be used with the :class:`.AsyncEngine`.   Note that the
            parameters specified in the URL are not applied here, and the creator
            function should use its own connection parameters.

            This parameter is the asyncio equivalent of the
            :paramref:`_sa.create_engine.creator` parameter of the
            :func:`_sa.create_engine` function.

            .. versionadded:: 2.0.16

        """

        if kw.get("server_side_cursors", False):
            raise async_exc.AsyncMethodRequired(
                "Can't set server_side_cursors for async engine globally; "
                "use the connection.stream() method for an async "
                "streaming result set"
            )
        kw["_is_async"] = True
        async_creator = kw.pop("async_creator", None)
        if async_creator:
            if kw.get("creator", None):
                raise ArgumentError(
                    "Can only specify one of 'async_creator' or 'creator', "
                    "not both."
                )

            def creator() -&gt; Any:
                # note that to send adapted arguments like
                # prepared_statement_cache_size, user would use
                # "creator" and emulate this form here
                return sync_engine.dialect.dbapi.connect(  # type: ignore
                    async_creator_fn=async_creator
                )

            kw["creator"] = creator
&gt;       sync_engine = _create_engine(url, **kw)
                      ^^^^^^^^^^^^^^^^^^^^^^^^^

/usr/local/lib/python3.11/dist-packages/sqlalchemy/ext/asyncio/engine.py:120:
_ _ _ _ _ _ _ _ _ _ _ _ _ _ _ _ _ _ _ _ _ _ _ _ _ _ _ _ _ _ _ _ _ _ _ _ _ _ _ _

url = 'sqlite+aiosqlite:///:memory:'
kwargs = {'_is_async': True, 'connect_args': {'check_same_thread': False}, 'poolclass': &lt;class 'sqlalchemy.pool.impl.StaticPool'&gt;}

&gt;   ???

&lt;string&gt;:2:
_ _ _ _ _ _ _ _ _ _ _ _ _ _ _ _ _ _ _ _ _ _ _ _ _ _ _ _ _ _ _ _ _ _ _ _ _ _ _ _

fn = &lt;function create_engine at 0x7f8919b2aac0&gt;
args = ('sqlite+aiosqlite:///:memory:',)
kwargs = {'_is_async': True, 'connect_args': {'check_same_thread': False}, 'poolclass': &lt;class 'sqlalchemy.pool.impl.StaticPool'&gt;}
m = 'implicit_returning'

    @decorator
    def warned(fn: _F, *args: Any, **kwargs: Any) -&gt; _F:
        for m in check_defaults:
            if (defaults[m] is None and kwargs[m] is not None) or (
                defaults[m] is not None and kwargs[m] != defaults[m]
            ):
                _warn_with_version(
                    messages[m],
                    versions[m],
                    version_warnings[m],
                    stacklevel=3,
                )

        if check_any_kw in messages and set(kwargs).difference(
            check_defaults
        ):
            assert check_any_kw is not None
            _warn_with_version(
                messages[check_any_kw],
                versions[check_any_kw],
                version_warnings[check_any_kw],
                stacklevel=3,
            )

        for m in check_kw:
            if m in kwargs:
                _warn_with_version(
                    messages[m],
                    versions[m],
                    version_warnings[m],
                    stacklevel=3,
                )
&gt;       return fn(*args, **kwargs)  # type: ignore[no-any-return]
               ^^^^^^^^^^^^^^^^^^^

/usr/local/lib/python3.11/dist-packages/sqlalchemy/util/deprecations.py:281:
_ _ _ _ _ _ _ _ _ _ _ _ _ _ _ _ _ _ _ _ _ _ _ _ _ _ _ _ _ _ _ _ _ _ _ _ _ _ _ _

url = 'sqlite+aiosqlite:///:memory:'
kwargs = {'connect_args': {'check_same_thread': False}, 'poolclass': &lt;class 'sqlalchemy.pool.impl.StaticPool'&gt;}
u = sqlite+aiosqlite:///:memory:, plugins = []
entrypoint = &lt;class 'sqlalchemy.dialects.sqlite.aiosqlite.SQLiteDialect_aiosqlite'&gt;
_is_async = True
pop_kwarg = &lt;built-in method pop of dict object at 0x7f881f8be200&gt;
dialect_args = {}

    @util.deprecated_params(
        strategy=(
            "1.4",
            "The :paramref:`_sa.create_engine.strategy` keyword is deprecated, "
            "and the only argument accepted is 'mock'; please use "
            ":func:`.create_mock_engine` going forward.  For general "
            "customization of create_engine which may have been accomplished "
            "using strategies, see :class:`.CreateEnginePlugin`.",
        ),
        empty_in_strategy=(
            "1.4",
            "The :paramref:`_sa.create_engine.empty_in_strategy` keyword is "
            "deprecated, and no longer has any effect.  All IN expressions "
            "are now rendered using "
            'the "expanding parameter" strategy which renders a set of bound'
            'expressions, or an "empty set" SELECT, at statement execution'
            "time.",
        ),
        implicit_returning=(
            "2.0",
            "The :paramref:`_sa.create_engine.implicit_returning` parameter "
            "is deprecated and will be removed in a future release. ",
        ),
    )
    def create_engine(url: Union[str, _url.URL], **kwargs: Any) -&gt; Engine:
        """Create a new :class:`_engine.Engine` instance.

        The standard calling form is to send the :ref:`URL &lt;database_urls&gt;` as the
        first positional argument, usually a string
        that indicates database dialect and connection arguments::

            engine = create_engine("postgresql+psycopg2://scott:tiger@localhost/test")

        .. note::

            Please review :ref:`database_urls` for general guidelines in composing
            URL strings.  In particular, special characters, such as those often
            part of passwords, must be URL encoded to be properly parsed.

        Additional keyword arguments may then follow it which
        establish various options on the resulting :class:`_engine.Engine`
        and its underlying :class:`.Dialect` and :class:`_pool.Pool`
        constructs::

            engine = create_engine(
                "mysql+mysqldb://scott:tiger@hostname/dbname",
                pool_recycle=3600,
                echo=True,
            )

        The string form of the URL is
        ``dialect[+driver]://user:password@host/dbname[?key=value..]``, where
        ``dialect`` is a database name such as ``mysql``, ``oracle``,
        ``postgresql``, etc., and ``driver`` the name of a DBAPI, such as
        ``psycopg2``, ``pyodbc``, ``cx_oracle``, etc.  Alternatively,
        the URL can be an instance of :class:`~sqlalchemy.engine.url.URL`.

        ``**kwargs`` takes a wide variety of options which are routed
        towards their appropriate components.  Arguments may be specific to
        the :class:`_engine.Engine`, the underlying :class:`.Dialect`,
        as well as the
        :class:`_pool.Pool`.  Specific dialects also accept keyword arguments that
        are unique to that dialect.   Here, we describe the parameters
        that are common to most :func:`_sa.create_engine()` usage.

        Once established, the newly resulting :class:`_engine.Engine` will
        request a connection from the underlying :class:`_pool.Pool` once
        :meth:`_engine.Engine.connect` is called, or a method which depends on it
        such as :meth:`_engine.Engine.execute` is invoked.   The
        :class:`_pool.Pool` in turn
        will establish the first actual DBAPI connection when this request
        is received.   The :func:`_sa.create_engine` call itself does **not**
        establish any actual DBAPI connections directly.

        .. seealso::

            :doc:`/core/engines`

            :doc:`/dialects/index`

            :ref:`connections_toplevel`

        :param connect_args: a dictionary of options which will be
            passed directly to the DBAPI's ``connect()`` method as
            additional keyword arguments.  See the example
            at :ref:`custom_dbapi_args`.

        :param creator: a callable which returns a DBAPI connection.
            This creation function will be passed to the underlying
            connection pool and will be used to create all new database
            connections. Usage of this function causes connection
            parameters specified in the URL argument to be bypassed.

            This hook is not as flexible as the newer
            :meth:`_events.DialectEvents.do_connect` hook which allows complete
            control over how a connection is made to the database, given the full
            set of URL arguments and state beforehand.

            .. seealso::

                :meth:`_events.DialectEvents.do_connect` - event hook that allows
                full control over DBAPI connection mechanics.

                :ref:`custom_dbapi_args`

        :param echo=False: if True, the Engine will log all statements
            as well as a ``repr()`` of their parameter lists to the default log
            handler, which defaults to ``sys.stdout`` for output.   If set to the
            string ``"debug"``, result rows will be printed to the standard output
            as well. The ``echo`` attribute of ``Engine`` can be modified at any
            time to turn logging on and off; direct control of logging is also
            available using the standard Python ``logging`` module.

            .. seealso::

                :ref:`dbengine_logging` - further detail on how to configure
                logging.


        :param echo_pool=False: if True, the connection pool will log
            informational output such as when connections are invalidated
            as well as when connections are recycled to the default log handler,
            which defaults to ``sys.stdout`` for output.   If set to the string
            ``"debug"``, the logging will include pool checkouts and checkins.
            Direct control of logging is also available using the standard Python
            ``logging`` module.

            .. seealso::

                :ref:`dbengine_logging` - further detail on how to configure
                logging.


        :param empty_in_strategy:   No longer used; SQLAlchemy now uses
            "empty set" behavior for IN in all cases.

        :param enable_from_linting: defaults to True.  Will emit a warning
            if a given SELECT statement is found to have un-linked FROM elements
            which would cause a cartesian product.

            .. versionadded:: 1.4

            .. seealso::

                :ref:`change_4737`

        :param execution_options: Dictionary execution options which will
            be applied to all connections.  See
            :meth:`~sqlalchemy.engine.Connection.execution_options`

        :param future: Use the 2.0 style :class:`_engine.Engine` and
            :class:`_engine.Connection` API.

            As of SQLAlchemy 2.0, this parameter is present for backwards
            compatibility only and must remain at its default value of ``True``.

            The :paramref:`_sa.create_engine.future` parameter will be
            deprecated in a subsequent 2.x release and eventually removed.

            .. versionadded:: 1.4

            .. versionchanged:: 2.0 All :class:`_engine.Engine` objects are
               "future" style engines and there is no longer a ``future=False``
               mode of operation.

            .. seealso::

                :ref:`migration_20_toplevel`

        :param hide_parameters: Boolean, when set to True, SQL statement parameters
            will not be displayed in INFO logging nor will they be formatted into
            the string representation of :class:`.StatementError` objects.

            .. versionadded:: 1.3.8

            .. seealso::

                :ref:`dbengine_logging` - further detail on how to configure
                logging.

        :param implicit_returning=True:  Legacy parameter that may only be set
            to True. In SQLAlchemy 2.0, this parameter does nothing. In order to
            disable "implicit returning" for statements invoked by the ORM,
            configure this on a per-table basis using the
            :paramref:`.Table.implicit_returning` parameter.


        :param insertmanyvalues_page_size: number of rows to format into an
         INSERT statement when the statement uses "insertmanyvalues" mode, which is
         a paged form of bulk insert that is used for many backends when using
         :term:`executemany` execution typically in conjunction with RETURNING.
         Defaults to 1000, but may also be subject to dialect-specific limiting
         factors which may override this value on a per-statement basis.

         .. versionadded:: 2.0

         .. seealso::

            :ref:`engine_insertmanyvalues`

            :ref:`engine_insertmanyvalues_page_size`

            :paramref:`_engine.Connection.execution_options.insertmanyvalues_page_size`

        :param isolation_level: optional string name of an isolation level
            which will be set on all new connections unconditionally.
            Isolation levels are typically some subset of the string names
            ``"SERIALIZABLE"``, ``"REPEATABLE READ"``,
            ``"READ COMMITTED"``, ``"READ UNCOMMITTED"`` and ``"AUTOCOMMIT"``
            based on backend.

            The :paramref:`_sa.create_engine.isolation_level` parameter is
            in contrast to the
            :paramref:`.Connection.execution_options.isolation_level`
            execution option, which may be set on an individual
            :class:`.Connection`, as well as the same parameter passed to
            :meth:`.Engine.execution_options`, where it may be used to create
            multiple engines with different isolation levels that share a common
            connection pool and dialect.

            .. versionchanged:: 2.0 The
               :paramref:`_sa.create_engine.isolation_level`
               parameter has been generalized to work on all dialects which support
               the concept of isolation level, and is provided as a more succinct,
               up front configuration switch in contrast to the execution option
               which is more of an ad-hoc programmatic option.

            .. seealso::

                :ref:`dbapi_autocommit`

        :param json_deserializer: for dialects that support the
            :class:`_types.JSON`
            datatype, this is a Python callable that will convert a JSON string
            to a Python object.  By default, the Python ``json.loads`` function is
            used.

            .. versionchanged:: 1.3.7  The SQLite dialect renamed this from
               ``_json_deserializer``.

        :param json_serializer: for dialects that support the :class:`_types.JSON`
            datatype, this is a Python callable that will render a given object
            as JSON.   By default, the Python ``json.dumps`` function is used.

            .. versionchanged:: 1.3.7  The SQLite dialect renamed this from
               ``_json_serializer``.


        :param label_length=None: optional integer value which limits
            the size of dynamically generated column labels to that many
            characters. If less than 6, labels are generated as
            "_(counter)". If ``None``, the value of
            ``dialect.max_identifier_length``, which may be affected via the
            :paramref:`_sa.create_engine.max_identifier_length` parameter,
            is used instead.   The value of
            :paramref:`_sa.create_engine.label_length`
            may not be larger than that of
            :paramref:`_sa.create_engine.max_identfier_length`.

            .. seealso::

                :paramref:`_sa.create_engine.max_identifier_length`

        :param logging_name:  String identifier which will be used within
            the "name" field of logging records generated within the
            "sqlalchemy.engine" logger. Defaults to a hexstring of the
            object's id.

            .. seealso::

                :ref:`dbengine_logging` - further detail on how to configure
                logging.

                :paramref:`_engine.Connection.execution_options.logging_token`

        :param max_identifier_length: integer; override the max_identifier_length
            determined by the dialect.  if ``None`` or zero, has no effect.  This
            is the database's configured maximum number of characters that may be
            used in a SQL identifier such as a table name, column name, or label
            name. All dialects determine this value automatically, however in the
            case of a new database version for which this value has changed but
            SQLAlchemy's dialect has not been adjusted, the value may be passed
            here.

            .. versionadded:: 1.3.9

            .. seealso::

                :paramref:`_sa.create_engine.label_length`

        :param max_overflow=10: the number of connections to allow in
            connection pool "overflow", that is connections that can be
            opened above and beyond the pool_size setting, which defaults
            to five. this is only used with :class:`~sqlalchemy.pool.QueuePool`.

        :param module=None: reference to a Python module object (the module
            itself, not its string name).  Specifies an alternate DBAPI module to
            be used by the engine's dialect.  Each sub-dialect references a
            specific DBAPI which will be imported before first connect.  This
            parameter causes the import to be bypassed, and the given module to
            be used instead. Can be used for testing of DBAPIs as well as to
            inject "mock" DBAPI implementations into the :class:`_engine.Engine`.

        :param paramstyle=None: The `paramstyle &lt;https://legacy.python.org/dev/peps/pep-0249/#paramstyle&gt;`_
            to use when rendering bound parameters.  This style defaults to the
            one recommended by the DBAPI itself, which is retrieved from the
            ``.paramstyle`` attribute of the DBAPI.  However, most DBAPIs accept
            more than one paramstyle, and in particular it may be desirable
            to change a "named" paramstyle into a "positional" one, or vice versa.
            When this attribute is passed, it should be one of the values
            ``"qmark"``, ``"numeric"``, ``"named"``, ``"format"`` or
            ``"pyformat"``, and should correspond to a parameter style known
            to be supported by the DBAPI in use.

        :param pool=None: an already-constructed instance of
            :class:`~sqlalchemy.pool.Pool`, such as a
            :class:`~sqlalchemy.pool.QueuePool` instance. If non-None, this
            pool will be used directly as the underlying connection pool
            for the engine, bypassing whatever connection parameters are
            present in the URL argument. For information on constructing
            connection pools manually, see :ref:`pooling_toplevel`.

        :param poolclass=None: a :class:`~sqlalchemy.pool.Pool`
            subclass, which will be used to create a connection pool
            instance using the connection parameters given in the URL. Note
            this differs from ``pool`` in that you don't actually
            instantiate the pool in this case, you just indicate what type
            of pool to be used.

        :param pool_logging_name:  String identifier which will be used within
           the "name" field of logging records generated within the
           "sqlalchemy.pool" logger. Defaults to a hexstring of the object's
           id.

           .. seealso::

                :ref:`dbengine_logging` - further detail on how to configure
                logging.

        :param pool_pre_ping: boolean, if True will enable the connection pool
            "pre-ping" feature that tests connections for liveness upon
            each checkout.

            .. versionadded:: 1.2

            .. seealso::

                :ref:`pool_disconnects_pessimistic`

        :param pool_size=5: the number of connections to keep open
            inside the connection pool. This used with
            :class:`~sqlalchemy.pool.QueuePool` as
            well as :class:`~sqlalchemy.pool.SingletonThreadPool`.  With
            :class:`~sqlalchemy.pool.QueuePool`, a ``pool_size`` setting
            of 0 indicates no limit; to disable pooling, set ``poolclass`` to
            :class:`~sqlalchemy.pool.NullPool` instead.

        :param pool_recycle=-1: this setting causes the pool to recycle
            connections after the given number of seconds has passed. It
            defaults to -1, or no timeout. For example, setting to 3600
            means connections will be recycled after one hour. Note that
            MySQL in particular will disconnect automatically if no
            activity is detected on a connection for eight hours (although
            this is configurable with the MySQLDB connection itself and the
            server configuration as well).

            .. seealso::

                :ref:`pool_setting_recycle`

        :param pool_reset_on_return='rollback': set the
            :paramref:`_pool.Pool.reset_on_return` parameter of the underlying
            :class:`_pool.Pool` object, which can be set to the values
            ``"rollback"``, ``"commit"``, or ``None``.

            .. seealso::

                :ref:`pool_reset_on_return`

                :ref:`dbapi_autocommit_skip_rollback` - a more modern approach
                to using connections with no transactional instructions

        :param pool_timeout=30: number of seconds to wait before giving
            up on getting a connection from the pool. This is only used
            with :class:`~sqlalchemy.pool.QueuePool`. This can be a float but is
            subject to the limitations of Python time functions which may not be
            reliable in the tens of milliseconds.

            .. note: don't use 30.0 above, it seems to break with the :param tag

        :param pool_use_lifo=False: use LIFO (last-in-first-out) when retrieving
            connections from :class:`.QueuePool` instead of FIFO
            (first-in-first-out). Using LIFO, a server-side timeout scheme can
            reduce the number of connections used during non- peak   periods of
            use.   When planning for server-side timeouts, ensure that a recycle or
            pre-ping strategy is in use to gracefully   handle stale connections.

              .. versionadded:: 1.3

              .. seealso::

                :ref:`pool_use_lifo`

                :ref:`pool_disconnects`

        :param plugins: string list of plugin names to load.  See
            :class:`.CreateEnginePlugin` for background.

            .. versionadded:: 1.2.3

        :param query_cache_size: size of the cache used to cache the SQL string
         form of queries.  Set to zero to disable caching.

         The cache is pruned of its least recently used items when its size reaches
         N * 1.5.  Defaults to 500, meaning the cache will always store at least
         500 SQL statements when filled, and will grow up to 750 items at which
         point it is pruned back down to 500 by removing the 250 least recently
         used items.

         Caching is accomplished on a per-statement basis by generating a
         cache key that represents the statement's structure, then generating
         string SQL for the current dialect only if that key is not present
         in the cache.   All statements support caching, however some features
         such as an INSERT with a large set of parameters will intentionally
         bypass the cache.   SQL logging will indicate statistics for each
         statement whether or not it were pull from the cache.

         .. note:: some ORM functions related to unit-of-work persistence as well
            as some attribute loading strategies will make use of individual
            per-mapper caches outside of the main cache.


         .. seealso::

            :ref:`sql_caching`

         .. versionadded:: 1.4

        :param skip_autocommit_rollback: When True, the dialect will
           unconditionally skip all calls to the DBAPI ``connection.rollback()``
           method if the DBAPI connection is confirmed to be in "autocommit" mode.
           The availability of this feature is dialect specific; if not available,
           a ``NotImplementedError`` is raised by the dialect when rollback occurs.

           .. seealso::

                :ref:`dbapi_autocommit_skip_rollback`

           .. versionadded:: 2.0.43

        :param use_insertmanyvalues: True by default, use the "insertmanyvalues"
         execution style for INSERT..RETURNING statements by default.

         .. versionadded:: 2.0

         .. seealso::

            :ref:`engine_insertmanyvalues`

        """  # noqa

        if "strategy" in kwargs:
            strat = kwargs.pop("strategy")
            if strat == "mock":
                # this case is deprecated
                return create_mock_engine(url, **kwargs)  # type: ignore
            else:
                raise exc.ArgumentError("unknown strategy: %r" % strat)

        kwargs.pop("empty_in_strategy", None)

        # create url.URL object
        u = _url.make_url(url)

        u, plugins, kwargs = u._instantiate_plugins(kwargs)

        entrypoint = u._get_entrypoint()
        _is_async = kwargs.pop("_is_async", False)
        if _is_async:
            dialect_cls = entrypoint.get_async_dialect_cls(u)
        else:
            dialect_cls = entrypoint.get_dialect_cls(u)

        if kwargs.pop("_coerce_config", False):

            def pop_kwarg(key: str, default: Optional[Any] = None) -&gt; Any:
                value = kwargs.pop(key, default)
                if key in dialect_cls.engine_config_types:
                    value = dialect_cls.engine_config_types[key](value)
                return value

        else:
            pop_kwarg = kwargs.pop  # type: ignore

        dialect_args = {}
        # consume dialect arguments from kwargs
        for k in util.get_cls_kwargs(dialect_cls):
            if k in kwargs:
                dialect_args[k] = pop_kwarg(k)

        dbapi = kwargs.pop("module", None)
        if dbapi is None:
            dbapi_args = {}

            if "import_dbapi" in dialect_cls.__dict__:
                dbapi_meth = dialect_cls.import_dbapi

            elif hasattr(dialect_cls, "dbapi") and inspect.ismethod(
                dialect_cls.dbapi
            ):
                util.warn_deprecated(
                    "The dbapi() classmethod on dialect classes has been "
                    "renamed to import_dbapi().  Implement an import_dbapi() "
                    f"classmethod directly on class {dialect_cls} to remove this "
                    "warning; the old .dbapi() classmethod may be maintained for "
                    "backwards compatibility.",
                    "2.0",
                )
                dbapi_meth = dialect_cls.dbapi
            else:
                dbapi_meth = dialect_cls.import_dbapi

            for k in util.get_func_kwargs(dbapi_meth):
                if k in kwargs:
                    dbapi_args[k] = pop_kwarg(k)
&gt;           dbapi = dbapi_meth(**dbapi_args)
                    ^^^^^^^^^^^^^^^^^^^^^^^^

/usr/local/lib/python3.11/dist-packages/sqlalchemy/engine/create.py:617:
_ _ _ _ _ _ _ _ _ _ _ _ _ _ _ _ _ _ _ _ _ _ _ _ _ _ _ _ _ _ _ _ _ _ _ _ _ _ _ _

cls = &lt;class 'sqlalchemy.dialects.sqlite.aiosqlite.SQLiteDialect_aiosqlite'&gt;

    @classmethod
    def import_dbapi(cls) -&gt; AsyncAdapt_aiosqlite_dbapi:
        return AsyncAdapt_aiosqlite_dbapi(
&gt;           __import__("aiosqlite"), __import__("sqlite3")
            ^^^^^^^^^^^^^^^^^^^^^^^
        )
E       ModuleNotFoundError: No module named 'aiosqlite'

/usr/local/lib/python3.11/dist-packages/sqlalchemy/dialects/sqlite/aiosqlite.py:449: ModuleNotFoundError</error></testcase><testcase classname="tests.integration.test_repository_db.TestTradeRepository" name="test_get_by_symbol" time="0.000"><error message="failed on setup with &quot;ModuleNotFoundError: No module named 'aiosqlite'&quot;">@pytest.fixture(scope="module")
    def async_engine():
        """Module-scoped async engine with tables created once."""
        import asyncio

&gt;       eng = create_async_engine(
            _ASYNC_URL,
            connect_args={"check_same_thread": False},
            poolclass=StaticPool,
        )

tests/integration/test_repository_db.py:78:
_ _ _ _ _ _ _ _ _ _ _ _ _ _ _ _ _ _ _ _ _ _ _ _ _ _ _ _ _ _ _ _ _ _ _ _ _ _ _ _

func = &lt;function create_async_engine at 0x7f8919a142c0&gt;, module = None
args = ('sqlite+aiosqlite:///:memory:',)
kwargs = {'connect_args': {'check_same_thread': False}, 'poolclass': &lt;class 'sqlalchemy.pool.impl.StaticPool'&gt;}

    def _wrap_create_async_engine_internal(func, module, args, kwargs):
        """Trace the SQLAlchemy engine, creating an `EngineTracer`
        object that will listen to SQLAlchemy events.
        """
        if not is_instrumentation_enabled():
            return func(*args, **kwargs)

&gt;       engine = func(*args, **kwargs)
                 ^^^^^^^^^^^^^^^^^^^^^

/usr/local/lib/python3.11/dist-packages/opentelemetry/instrumentation/sqlalchemy/engine.py:139:
_ _ _ _ _ _ _ _ _ _ _ _ _ _ _ _ _ _ _ _ _ _ _ _ _ _ _ _ _ _ _ _ _ _ _ _ _ _ _ _

url = 'sqlite+aiosqlite:///:memory:'
kw = {'_is_async': True, 'connect_args': {'check_same_thread': False}, 'poolclass': &lt;class 'sqlalchemy.pool.impl.StaticPool'&gt;}

    def create_async_engine(url: Union[str, URL], **kw: Any) -&gt; AsyncEngine:
        """Create a new async engine instance.

        Arguments passed to :func:`_asyncio.create_async_engine` are mostly
        identical to those passed to the :func:`_sa.create_engine` function.
        The specified dialect must be an asyncio-compatible dialect
        such as :ref:`dialect-postgresql-asyncpg`.

        .. versionadded:: 1.4

        :param async_creator: an async callable which returns a driver-level
            asyncio connection. If given, the function should take no arguments,
            and return a new asyncio connection from the underlying asyncio
            database driver; the connection will be wrapped in the appropriate
            structures to be used with the :class:`.AsyncEngine`.   Note that the
            parameters specified in the URL are not applied here, and the creator
            function should use its own connection parameters.

            This parameter is the asyncio equivalent of the
            :paramref:`_sa.create_engine.creator` parameter of the
            :func:`_sa.create_engine` function.

            .. versionadded:: 2.0.16

        """

        if kw.get("server_side_cursors", False):
            raise async_exc.AsyncMethodRequired(
                "Can't set server_side_cursors for async engine globally; "
                "use the connection.stream() method for an async "
                "streaming result set"
            )
        kw["_is_async"] = True
        async_creator = kw.pop("async_creator", None)
        if async_creator:
            if kw.get("creator", None):
                raise ArgumentError(
                    "Can only specify one of 'async_creator' or 'creator', "
                    "not both."
                )

            def creator() -&gt; Any:
                # note that to send adapted arguments like
                # prepared_statement_cache_size, user would use
                # "creator" and emulate this form here
                return sync_engine.dialect.dbapi.connect(  # type: ignore
                    async_creator_fn=async_creator
                )

            kw["creator"] = creator
&gt;       sync_engine = _create_engine(url, **kw)
                      ^^^^^^^^^^^^^^^^^^^^^^^^^

/usr/local/lib/python3.11/dist-packages/sqlalchemy/ext/asyncio/engine.py:120:
_ _ _ _ _ _ _ _ _ _ _ _ _ _ _ _ _ _ _ _ _ _ _ _ _ _ _ _ _ _ _ _ _ _ _ _ _ _ _ _

url = 'sqlite+aiosqlite:///:memory:'
kwargs = {'_is_async': True, 'connect_args': {'check_same_thread': False}, 'poolclass': &lt;class 'sqlalchemy.pool.impl.StaticPool'&gt;}

&gt;   ???

&lt;string&gt;:2:
_ _ _ _ _ _ _ _ _ _ _ _ _ _ _ _ _ _ _ _ _ _ _ _ _ _ _ _ _ _ _ _ _ _ _ _ _ _ _ _

fn = &lt;function create_engine at 0x7f8919b2aac0&gt;
args = ('sqlite+aiosqlite:///:memory:',)
kwargs = {'_is_async': True, 'connect_args': {'check_same_thread': False}, 'poolclass': &lt;class 'sqlalchemy.pool.impl.StaticPool'&gt;}
m = 'implicit_returning'

    @decorator
    def warned(fn: _F, *args: Any, **kwargs: Any) -&gt; _F:
        for m in check_defaults:
            if (defaults[m] is None and kwargs[m] is not None) or (
                defaults[m] is not None and kwargs[m] != defaults[m]
            ):
                _warn_with_version(
                    messages[m],
                    versions[m],
                    version_warnings[m],
                    stacklevel=3,
                )

        if check_any_kw in messages and set(kwargs).difference(
            check_defaults
        ):
            assert check_any_kw is not None
            _warn_with_version(
                messages[check_any_kw],
                versions[check_any_kw],
                version_warnings[check_any_kw],
                stacklevel=3,
            )

        for m in check_kw:
            if m in kwargs:
                _warn_with_version(
                    messages[m],
                    versions[m],
                    version_warnings[m],
                    stacklevel=3,
                )
&gt;       return fn(*args, **kwargs)  # type: ignore[no-any-return]
               ^^^^^^^^^^^^^^^^^^^

/usr/local/lib/python3.11/dist-packages/sqlalchemy/util/deprecations.py:281:
_ _ _ _ _ _ _ _ _ _ _ _ _ _ _ _ _ _ _ _ _ _ _ _ _ _ _ _ _ _ _ _ _ _ _ _ _ _ _ _

url = 'sqlite+aiosqlite:///:memory:'
kwargs = {'connect_args': {'check_same_thread': False}, 'poolclass': &lt;class 'sqlalchemy.pool.impl.StaticPool'&gt;}
u = sqlite+aiosqlite:///:memory:, plugins = []
entrypoint = &lt;class 'sqlalchemy.dialects.sqlite.aiosqlite.SQLiteDialect_aiosqlite'&gt;
_is_async = True
pop_kwarg = &lt;built-in method pop of dict object at 0x7f881f8be200&gt;
dialect_args = {}

    @util.deprecated_params(
        strategy=(
            "1.4",
            "The :paramref:`_sa.create_engine.strategy` keyword is deprecated, "
            "and the only argument accepted is 'mock'; please use "
            ":func:`.create_mock_engine` going forward.  For general "
            "customization of create_engine which may have been accomplished "
            "using strategies, see :class:`.CreateEnginePlugin`.",
        ),
        empty_in_strategy=(
            "1.4",
            "The :paramref:`_sa.create_engine.empty_in_strategy` keyword is "
            "deprecated, and no longer has any effect.  All IN expressions "
            "are now rendered using "
            'the "expanding parameter" strategy which renders a set of bound'
            'expressions, or an "empty set" SELECT, at statement execution'
            "time.",
        ),
        implicit_returning=(
            "2.0",
            "The :paramref:`_sa.create_engine.implicit_returning` parameter "
            "is deprecated and will be removed in a future release. ",
        ),
    )
    def create_engine(url: Union[str, _url.URL], **kwargs: Any) -&gt; Engine:
        """Create a new :class:`_engine.Engine` instance.

        The standard calling form is to send the :ref:`URL &lt;database_urls&gt;` as the
        first positional argument, usually a string
        that indicates database dialect and connection arguments::

            engine = create_engine("postgresql+psycopg2://scott:tiger@localhost/test")

        .. note::

            Please review :ref:`database_urls` for general guidelines in composing
            URL strings.  In particular, special characters, such as those often
            part of passwords, must be URL encoded to be properly parsed.

        Additional keyword arguments may then follow it which
        establish various options on the resulting :class:`_engine.Engine`
        and its underlying :class:`.Dialect` and :class:`_pool.Pool`
        constructs::

            engine = create_engine(
                "mysql+mysqldb://scott:tiger@hostname/dbname",
                pool_recycle=3600,
                echo=True,
            )

        The string form of the URL is
        ``dialect[+driver]://user:password@host/dbname[?key=value..]``, where
        ``dialect`` is a database name such as ``mysql``, ``oracle``,
        ``postgresql``, etc., and ``driver`` the name of a DBAPI, such as
        ``psycopg2``, ``pyodbc``, ``cx_oracle``, etc.  Alternatively,
        the URL can be an instance of :class:`~sqlalchemy.engine.url.URL`.

        ``**kwargs`` takes a wide variety of options which are routed
        towards their appropriate components.  Arguments may be specific to
        the :class:`_engine.Engine`, the underlying :class:`.Dialect`,
        as well as the
        :class:`_pool.Pool`.  Specific dialects also accept keyword arguments that
        are unique to that dialect.   Here, we describe the parameters
        that are common to most :func:`_sa.create_engine()` usage.

        Once established, the newly resulting :class:`_engine.Engine` will
        request a connection from the underlying :class:`_pool.Pool` once
        :meth:`_engine.Engine.connect` is called, or a method which depends on it
        such as :meth:`_engine.Engine.execute` is invoked.   The
        :class:`_pool.Pool` in turn
        will establish the first actual DBAPI connection when this request
        is received.   The :func:`_sa.create_engine` call itself does **not**
        establish any actual DBAPI connections directly.

        .. seealso::

            :doc:`/core/engines`

            :doc:`/dialects/index`

            :ref:`connections_toplevel`

        :param connect_args: a dictionary of options which will be
            passed directly to the DBAPI's ``connect()`` method as
            additional keyword arguments.  See the example
            at :ref:`custom_dbapi_args`.

        :param creator: a callable which returns a DBAPI connection.
            This creation function will be passed to the underlying
            connection pool and will be used to create all new database
            connections. Usage of this function causes connection
            parameters specified in the URL argument to be bypassed.

            This hook is not as flexible as the newer
            :meth:`_events.DialectEvents.do_connect` hook which allows complete
            control over how a connection is made to the database, given the full
            set of URL arguments and state beforehand.

            .. seealso::

                :meth:`_events.DialectEvents.do_connect` - event hook that allows
                full control over DBAPI connection mechanics.

                :ref:`custom_dbapi_args`

        :param echo=False: if True, the Engine will log all statements
            as well as a ``repr()`` of their parameter lists to the default log
            handler, which defaults to ``sys.stdout`` for output.   If set to the
            string ``"debug"``, result rows will be printed to the standard output
            as well. The ``echo`` attribute of ``Engine`` can be modified at any
            time to turn logging on and off; direct control of logging is also
            available using the standard Python ``logging`` module.

            .. seealso::

                :ref:`dbengine_logging` - further detail on how to configure
                logging.


        :param echo_pool=False: if True, the connection pool will log
            informational output such as when connections are invalidated
            as well as when connections are recycled to the default log handler,
            which defaults to ``sys.stdout`` for output.   If set to the string
            ``"debug"``, the logging will include pool checkouts and checkins.
            Direct control of logging is also available using the standard Python
            ``logging`` module.

            .. seealso::

                :ref:`dbengine_logging` - further detail on how to configure
                logging.


        :param empty_in_strategy:   No longer used; SQLAlchemy now uses
            "empty set" behavior for IN in all cases.

        :param enable_from_linting: defaults to True.  Will emit a warning
            if a given SELECT statement is found to have un-linked FROM elements
            which would cause a cartesian product.

            .. versionadded:: 1.4

            .. seealso::

                :ref:`change_4737`

        :param execution_options: Dictionary execution options which will
            be applied to all connections.  See
            :meth:`~sqlalchemy.engine.Connection.execution_options`

        :param future: Use the 2.0 style :class:`_engine.Engine` and
            :class:`_engine.Connection` API.

            As of SQLAlchemy 2.0, this parameter is present for backwards
            compatibility only and must remain at its default value of ``True``.

            The :paramref:`_sa.create_engine.future` parameter will be
            deprecated in a subsequent 2.x release and eventually removed.

            .. versionadded:: 1.4

            .. versionchanged:: 2.0 All :class:`_engine.Engine` objects are
               "future" style engines and there is no longer a ``future=False``
               mode of operation.

            .. seealso::

                :ref:`migration_20_toplevel`

        :param hide_parameters: Boolean, when set to True, SQL statement parameters
            will not be displayed in INFO logging nor will they be formatted into
            the string representation of :class:`.StatementError` objects.

            .. versionadded:: 1.3.8

            .. seealso::

                :ref:`dbengine_logging` - further detail on how to configure
                logging.

        :param implicit_returning=True:  Legacy parameter that may only be set
            to True. In SQLAlchemy 2.0, this parameter does nothing. In order to
            disable "implicit returning" for statements invoked by the ORM,
            configure this on a per-table basis using the
            :paramref:`.Table.implicit_returning` parameter.


        :param insertmanyvalues_page_size: number of rows to format into an
         INSERT statement when the statement uses "insertmanyvalues" mode, which is
         a paged form of bulk insert that is used for many backends when using
         :term:`executemany` execution typically in conjunction with RETURNING.
         Defaults to 1000, but may also be subject to dialect-specific limiting
         factors which may override this value on a per-statement basis.

         .. versionadded:: 2.0

         .. seealso::

            :ref:`engine_insertmanyvalues`

            :ref:`engine_insertmanyvalues_page_size`

            :paramref:`_engine.Connection.execution_options.insertmanyvalues_page_size`

        :param isolation_level: optional string name of an isolation level
            which will be set on all new connections unconditionally.
            Isolation levels are typically some subset of the string names
            ``"SERIALIZABLE"``, ``"REPEATABLE READ"``,
            ``"READ COMMITTED"``, ``"READ UNCOMMITTED"`` and ``"AUTOCOMMIT"``
            based on backend.

            The :paramref:`_sa.create_engine.isolation_level` parameter is
            in contrast to the
            :paramref:`.Connection.execution_options.isolation_level`
            execution option, which may be set on an individual
            :class:`.Connection`, as well as the same parameter passed to
            :meth:`.Engine.execution_options`, where it may be used to create
            multiple engines with different isolation levels that share a common
            connection pool and dialect.

            .. versionchanged:: 2.0 The
               :paramref:`_sa.create_engine.isolation_level`
               parameter has been generalized to work on all dialects which support
               the concept of isolation level, and is provided as a more succinct,
               up front configuration switch in contrast to the execution option
               which is more of an ad-hoc programmatic option.

            .. seealso::

                :ref:`dbapi_autocommit`

        :param json_deserializer: for dialects that support the
            :class:`_types.JSON`
            datatype, this is a Python callable that will convert a JSON string
            to a Python object.  By default, the Python ``json.loads`` function is
            used.

            .. versionchanged:: 1.3.7  The SQLite dialect renamed this from
               ``_json_deserializer``.

        :param json_serializer: for dialects that support the :class:`_types.JSON`
            datatype, this is a Python callable that will render a given object
            as JSON.   By default, the Python ``json.dumps`` function is used.

            .. versionchanged:: 1.3.7  The SQLite dialect renamed this from
               ``_json_serializer``.


        :param label_length=None: optional integer value which limits
            the size of dynamically generated column labels to that many
            characters. If less than 6, labels are generated as
            "_(counter)". If ``None``, the value of
            ``dialect.max_identifier_length``, which may be affected via the
            :paramref:`_sa.create_engine.max_identifier_length` parameter,
            is used instead.   The value of
            :paramref:`_sa.create_engine.label_length`
            may not be larger than that of
            :paramref:`_sa.create_engine.max_identfier_length`.

            .. seealso::

                :paramref:`_sa.create_engine.max_identifier_length`

        :param logging_name:  String identifier which will be used within
            the "name" field of logging records generated within the
            "sqlalchemy.engine" logger. Defaults to a hexstring of the
            object's id.

            .. seealso::

                :ref:`dbengine_logging` - further detail on how to configure
                logging.

                :paramref:`_engine.Connection.execution_options.logging_token`

        :param max_identifier_length: integer; override the max_identifier_length
            determined by the dialect.  if ``None`` or zero, has no effect.  This
            is the database's configured maximum number of characters that may be
            used in a SQL identifier such as a table name, column name, or label
            name. All dialects determine this value automatically, however in the
            case of a new database version for which this value has changed but
            SQLAlchemy's dialect has not been adjusted, the value may be passed
            here.

            .. versionadded:: 1.3.9

            .. seealso::

                :paramref:`_sa.create_engine.label_length`

        :param max_overflow=10: the number of connections to allow in
            connection pool "overflow", that is connections that can be
            opened above and beyond the pool_size setting, which defaults
            to five. this is only used with :class:`~sqlalchemy.pool.QueuePool`.

        :param module=None: reference to a Python module object (the module
            itself, not its string name).  Specifies an alternate DBAPI module to
            be used by the engine's dialect.  Each sub-dialect references a
            specific DBAPI which will be imported before first connect.  This
            parameter causes the import to be bypassed, and the given module to
            be used instead. Can be used for testing of DBAPIs as well as to
            inject "mock" DBAPI implementations into the :class:`_engine.Engine`.

        :param paramstyle=None: The `paramstyle &lt;https://legacy.python.org/dev/peps/pep-0249/#paramstyle&gt;`_
            to use when rendering bound parameters.  This style defaults to the
            one recommended by the DBAPI itself, which is retrieved from the
            ``.paramstyle`` attribute of the DBAPI.  However, most DBAPIs accept
            more than one paramstyle, and in particular it may be desirable
            to change a "named" paramstyle into a "positional" one, or vice versa.
            When this attribute is passed, it should be one of the values
            ``"qmark"``, ``"numeric"``, ``"named"``, ``"format"`` or
            ``"pyformat"``, and should correspond to a parameter style known
            to be supported by the DBAPI in use.

        :param pool=None: an already-constructed instance of
            :class:`~sqlalchemy.pool.Pool`, such as a
            :class:`~sqlalchemy.pool.QueuePool` instance. If non-None, this
            pool will be used directly as the underlying connection pool
            for the engine, bypassing whatever connection parameters are
            present in the URL argument. For information on constructing
            connection pools manually, see :ref:`pooling_toplevel`.

        :param poolclass=None: a :class:`~sqlalchemy.pool.Pool`
            subclass, which will be used to create a connection pool
            instance using the connection parameters given in the URL. Note
            this differs from ``pool`` in that you don't actually
            instantiate the pool in this case, you just indicate what type
            of pool to be used.

        :param pool_logging_name:  String identifier which will be used within
           the "name" field of logging records generated within the
           "sqlalchemy.pool" logger. Defaults to a hexstring of the object's
           id.

           .. seealso::

                :ref:`dbengine_logging` - further detail on how to configure
                logging.

        :param pool_pre_ping: boolean, if True will enable the connection pool
            "pre-ping" feature that tests connections for liveness upon
            each checkout.

            .. versionadded:: 1.2

            .. seealso::

                :ref:`pool_disconnects_pessimistic`

        :param pool_size=5: the number of connections to keep open
            inside the connection pool. This used with
            :class:`~sqlalchemy.pool.QueuePool` as
            well as :class:`~sqlalchemy.pool.SingletonThreadPool`.  With
            :class:`~sqlalchemy.pool.QueuePool`, a ``pool_size`` setting
            of 0 indicates no limit; to disable pooling, set ``poolclass`` to
            :class:`~sqlalchemy.pool.NullPool` instead.

        :param pool_recycle=-1: this setting causes the pool to recycle
            connections after the given number of seconds has passed. It
            defaults to -1, or no timeout. For example, setting to 3600
            means connections will be recycled after one hour. Note that
            MySQL in particular will disconnect automatically if no
            activity is detected on a connection for eight hours (although
            this is configurable with the MySQLDB connection itself and the
            server configuration as well).

            .. seealso::

                :ref:`pool_setting_recycle`

        :param pool_reset_on_return='rollback': set the
            :paramref:`_pool.Pool.reset_on_return` parameter of the underlying
            :class:`_pool.Pool` object, which can be set to the values
            ``"rollback"``, ``"commit"``, or ``None``.

            .. seealso::

                :ref:`pool_reset_on_return`

                :ref:`dbapi_autocommit_skip_rollback` - a more modern approach
                to using connections with no transactional instructions

        :param pool_timeout=30: number of seconds to wait before giving
            up on getting a connection from the pool. This is only used
            with :class:`~sqlalchemy.pool.QueuePool`. This can be a float but is
            subject to the limitations of Python time functions which may not be
            reliable in the tens of milliseconds.

            .. note: don't use 30.0 above, it seems to break with the :param tag

        :param pool_use_lifo=False: use LIFO (last-in-first-out) when retrieving
            connections from :class:`.QueuePool` instead of FIFO
            (first-in-first-out). Using LIFO, a server-side timeout scheme can
            reduce the number of connections used during non- peak   periods of
            use.   When planning for server-side timeouts, ensure that a recycle or
            pre-ping strategy is in use to gracefully   handle stale connections.

              .. versionadded:: 1.3

              .. seealso::

                :ref:`pool_use_lifo`

                :ref:`pool_disconnects`

        :param plugins: string list of plugin names to load.  See
            :class:`.CreateEnginePlugin` for background.

            .. versionadded:: 1.2.3

        :param query_cache_size: size of the cache used to cache the SQL string
         form of queries.  Set to zero to disable caching.

         The cache is pruned of its least recently used items when its size reaches
         N * 1.5.  Defaults to 500, meaning the cache will always store at least
         500 SQL statements when filled, and will grow up to 750 items at which
         point it is pruned back down to 500 by removing the 250 least recently
         used items.

         Caching is accomplished on a per-statement basis by generating a
         cache key that represents the statement's structure, then generating
         string SQL for the current dialect only if that key is not present
         in the cache.   All statements support caching, however some features
         such as an INSERT with a large set of parameters will intentionally
         bypass the cache.   SQL logging will indicate statistics for each
         statement whether or not it were pull from the cache.

         .. note:: some ORM functions related to unit-of-work persistence as well
            as some attribute loading strategies will make use of individual
            per-mapper caches outside of the main cache.


         .. seealso::

            :ref:`sql_caching`

         .. versionadded:: 1.4

        :param skip_autocommit_rollback: When True, the dialect will
           unconditionally skip all calls to the DBAPI ``connection.rollback()``
           method if the DBAPI connection is confirmed to be in "autocommit" mode.
           The availability of this feature is dialect specific; if not available,
           a ``NotImplementedError`` is raised by the dialect when rollback occurs.

           .. seealso::

                :ref:`dbapi_autocommit_skip_rollback`

           .. versionadded:: 2.0.43

        :param use_insertmanyvalues: True by default, use the "insertmanyvalues"
         execution style for INSERT..RETURNING statements by default.

         .. versionadded:: 2.0

         .. seealso::

            :ref:`engine_insertmanyvalues`

        """  # noqa

        if "strategy" in kwargs:
            strat = kwargs.pop("strategy")
            if strat == "mock":
                # this case is deprecated
                return create_mock_engine(url, **kwargs)  # type: ignore
            else:
                raise exc.ArgumentError("unknown strategy: %r" % strat)

        kwargs.pop("empty_in_strategy", None)

        # create url.URL object
        u = _url.make_url(url)

        u, plugins, kwargs = u._instantiate_plugins(kwargs)

        entrypoint = u._get_entrypoint()
        _is_async = kwargs.pop("_is_async", False)
        if _is_async:
            dialect_cls = entrypoint.get_async_dialect_cls(u)
        else:
            dialect_cls = entrypoint.get_dialect_cls(u)

        if kwargs.pop("_coerce_config", False):

            def pop_kwarg(key: str, default: Optional[Any] = None) -&gt; Any:
                value = kwargs.pop(key, default)
                if key in dialect_cls.engine_config_types:
                    value = dialect_cls.engine_config_types[key](value)
                return value

        else:
            pop_kwarg = kwargs.pop  # type: ignore

        dialect_args = {}
        # consume dialect arguments from kwargs
        for k in util.get_cls_kwargs(dialect_cls):
            if k in kwargs:
                dialect_args[k] = pop_kwarg(k)

        dbapi = kwargs.pop("module", None)
        if dbapi is None:
            dbapi_args = {}

            if "import_dbapi" in dialect_cls.__dict__:
                dbapi_meth = dialect_cls.import_dbapi

            elif hasattr(dialect_cls, "dbapi") and inspect.ismethod(
                dialect_cls.dbapi
            ):
                util.warn_deprecated(
                    "The dbapi() classmethod on dialect classes has been "
                    "renamed to import_dbapi().  Implement an import_dbapi() "
                    f"classmethod directly on class {dialect_cls} to remove this "
                    "warning; the old .dbapi() classmethod may be maintained for "
                    "backwards compatibility.",
                    "2.0",
                )
                dbapi_meth = dialect_cls.dbapi
            else:
                dbapi_meth = dialect_cls.import_dbapi

            for k in util.get_func_kwargs(dbapi_meth):
                if k in kwargs:
                    dbapi_args[k] = pop_kwarg(k)
&gt;           dbapi = dbapi_meth(**dbapi_args)
                    ^^^^^^^^^^^^^^^^^^^^^^^^

/usr/local/lib/python3.11/dist-packages/sqlalchemy/engine/create.py:617:
_ _ _ _ _ _ _ _ _ _ _ _ _ _ _ _ _ _ _ _ _ _ _ _ _ _ _ _ _ _ _ _ _ _ _ _ _ _ _ _

cls = &lt;class 'sqlalchemy.dialects.sqlite.aiosqlite.SQLiteDialect_aiosqlite'&gt;

    @classmethod
    def import_dbapi(cls) -&gt; AsyncAdapt_aiosqlite_dbapi:
        return AsyncAdapt_aiosqlite_dbapi(
&gt;           __import__("aiosqlite"), __import__("sqlite3")
            ^^^^^^^^^^^^^^^^^^^^^^^
        )
E       ModuleNotFoundError: No module named 'aiosqlite'

/usr/local/lib/python3.11/dist-packages/sqlalchemy/dialects/sqlite/aiosqlite.py:449: ModuleNotFoundError</error></testcase><testcase classname="tests.integration.test_repository_db.TestTradeRepository" name="test_get_by_date_range" time="0.001"><error message="failed on setup with &quot;ModuleNotFoundError: No module named 'aiosqlite'&quot;">@pytest.fixture(scope="module")
    def async_engine():
        """Module-scoped async engine with tables created once."""
        import asyncio

&gt;       eng = create_async_engine(
            _ASYNC_URL,
            connect_args={"check_same_thread": False},
            poolclass=StaticPool,
        )

tests/integration/test_repository_db.py:78:
_ _ _ _ _ _ _ _ _ _ _ _ _ _ _ _ _ _ _ _ _ _ _ _ _ _ _ _ _ _ _ _ _ _ _ _ _ _ _ _

func = &lt;function create_async_engine at 0x7f8919a142c0&gt;, module = None
args = ('sqlite+aiosqlite:///:memory:',)
kwargs = {'connect_args': {'check_same_thread': False}, 'poolclass': &lt;class 'sqlalchemy.pool.impl.StaticPool'&gt;}

    def _wrap_create_async_engine_internal(func, module, args, kwargs):
        """Trace the SQLAlchemy engine, creating an `EngineTracer`
        object that will listen to SQLAlchemy events.
        """
        if not is_instrumentation_enabled():
            return func(*args, **kwargs)

&gt;       engine = func(*args, **kwargs)
                 ^^^^^^^^^^^^^^^^^^^^^

/usr/local/lib/python3.11/dist-packages/opentelemetry/instrumentation/sqlalchemy/engine.py:139:
_ _ _ _ _ _ _ _ _ _ _ _ _ _ _ _ _ _ _ _ _ _ _ _ _ _ _ _ _ _ _ _ _ _ _ _ _ _ _ _

url = 'sqlite+aiosqlite:///:memory:'
kw = {'_is_async': True, 'connect_args': {'check_same_thread': False}, 'poolclass': &lt;class 'sqlalchemy.pool.impl.StaticPool'&gt;}

    def create_async_engine(url: Union[str, URL], **kw: Any) -&gt; AsyncEngine:
        """Create a new async engine instance.

        Arguments passed to :func:`_asyncio.create_async_engine` are mostly
        identical to those passed to the :func:`_sa.create_engine` function.
        The specified dialect must be an asyncio-compatible dialect
        such as :ref:`dialect-postgresql-asyncpg`.

        .. versionadded:: 1.4

        :param async_creator: an async callable which returns a driver-level
            asyncio connection. If given, the function should take no arguments,
            and return a new asyncio connection from the underlying asyncio
            database driver; the connection will be wrapped in the appropriate
            structures to be used with the :class:`.AsyncEngine`.   Note that the
            parameters specified in the URL are not applied here, and the creator
            function should use its own connection parameters.

            This parameter is the asyncio equivalent of the
            :paramref:`_sa.create_engine.creator` parameter of the
            :func:`_sa.create_engine` function.

            .. versionadded:: 2.0.16

        """

        if kw.get("server_side_cursors", False):
            raise async_exc.AsyncMethodRequired(
                "Can't set server_side_cursors for async engine globally; "
                "use the connection.stream() method for an async "
                "streaming result set"
            )
        kw["_is_async"] = True
        async_creator = kw.pop("async_creator", None)
        if async_creator:
            if kw.get("creator", None):
                raise ArgumentError(
                    "Can only specify one of 'async_creator' or 'creator', "
                    "not both."
                )

            def creator() -&gt; Any:
                # note that to send adapted arguments like
                # prepared_statement_cache_size, user would use
                # "creator" and emulate this form here
                return sync_engine.dialect.dbapi.connect(  # type: ignore
                    async_creator_fn=async_creator
                )

            kw["creator"] = creator
&gt;       sync_engine = _create_engine(url, **kw)
                      ^^^^^^^^^^^^^^^^^^^^^^^^^

/usr/local/lib/python3.11/dist-packages/sqlalchemy/ext/asyncio/engine.py:120:
_ _ _ _ _ _ _ _ _ _ _ _ _ _ _ _ _ _ _ _ _ _ _ _ _ _ _ _ _ _ _ _ _ _ _ _ _ _ _ _

url = 'sqlite+aiosqlite:///:memory:'
kwargs = {'_is_async': True, 'connect_args': {'check_same_thread': False}, 'poolclass': &lt;class 'sqlalchemy.pool.impl.StaticPool'&gt;}

&gt;   ???

&lt;string&gt;:2:
_ _ _ _ _ _ _ _ _ _ _ _ _ _ _ _ _ _ _ _ _ _ _ _ _ _ _ _ _ _ _ _ _ _ _ _ _ _ _ _

fn = &lt;function create_engine at 0x7f8919b2aac0&gt;
args = ('sqlite+aiosqlite:///:memory:',)
kwargs = {'_is_async': True, 'connect_args': {'check_same_thread': False}, 'poolclass': &lt;class 'sqlalchemy.pool.impl.StaticPool'&gt;}
m = 'implicit_returning'

    @decorator
    def warned(fn: _F, *args: Any, **kwargs: Any) -&gt; _F:
        for m in check_defaults:
            if (defaults[m] is None and kwargs[m] is not None) or (
                defaults[m] is not None and kwargs[m] != defaults[m]
            ):
                _warn_with_version(
                    messages[m],
                    versions[m],
                    version_warnings[m],
                    stacklevel=3,
                )

        if check_any_kw in messages and set(kwargs).difference(
            check_defaults
        ):
            assert check_any_kw is not None
            _warn_with_version(
                messages[check_any_kw],
                versions[check_any_kw],
                version_warnings[check_any_kw],
                stacklevel=3,
            )

        for m in check_kw:
            if m in kwargs:
                _warn_with_version(
                    messages[m],
                    versions[m],
                    version_warnings[m],
                    stacklevel=3,
                )
&gt;       return fn(*args, **kwargs)  # type: ignore[no-any-return]
               ^^^^^^^^^^^^^^^^^^^

/usr/local/lib/python3.11/dist-packages/sqlalchemy/util/deprecations.py:281:
_ _ _ _ _ _ _ _ _ _ _ _ _ _ _ _ _ _ _ _ _ _ _ _ _ _ _ _ _ _ _ _ _ _ _ _ _ _ _ _

url = 'sqlite+aiosqlite:///:memory:'
kwargs = {'connect_args': {'check_same_thread': False}, 'poolclass': &lt;class 'sqlalchemy.pool.impl.StaticPool'&gt;}
u = sqlite+aiosqlite:///:memory:, plugins = []
entrypoint = &lt;class 'sqlalchemy.dialects.sqlite.aiosqlite.SQLiteDialect_aiosqlite'&gt;
_is_async = True
pop_kwarg = &lt;built-in method pop of dict object at 0x7f881f8be200&gt;
dialect_args = {}

    @util.deprecated_params(
        strategy=(
            "1.4",
            "The :paramref:`_sa.create_engine.strategy` keyword is deprecated, "
            "and the only argument accepted is 'mock'; please use "
            ":func:`.create_mock_engine` going forward.  For general "
            "customization of create_engine which may have been accomplished "
            "using strategies, see :class:`.CreateEnginePlugin`.",
        ),
        empty_in_strategy=(
            "1.4",
            "The :paramref:`_sa.create_engine.empty_in_strategy` keyword is "
            "deprecated, and no longer has any effect.  All IN expressions "
            "are now rendered using "
            'the "expanding parameter" strategy which renders a set of bound'
            'expressions, or an "empty set" SELECT, at statement execution'
            "time.",
        ),
        implicit_returning=(
            "2.0",
            "The :paramref:`_sa.create_engine.implicit_returning` parameter "
            "is deprecated and will be removed in a future release. ",
        ),
    )
    def create_engine(url: Union[str, _url.URL], **kwargs: Any) -&gt; Engine:
        """Create a new :class:`_engine.Engine` instance.

        The standard calling form is to send the :ref:`URL &lt;database_urls&gt;` as the
        first positional argument, usually a string
        that indicates database dialect and connection arguments::

            engine = create_engine("postgresql+psycopg2://scott:tiger@localhost/test")

        .. note::

            Please review :ref:`database_urls` for general guidelines in composing
            URL strings.  In particular, special characters, such as those often
            part of passwords, must be URL encoded to be properly parsed.

        Additional keyword arguments may then follow it which
        establish various options on the resulting :class:`_engine.Engine`
        and its underlying :class:`.Dialect` and :class:`_pool.Pool`
        constructs::

            engine = create_engine(
                "mysql+mysqldb://scott:tiger@hostname/dbname",
                pool_recycle=3600,
                echo=True,
            )

        The string form of the URL is
        ``dialect[+driver]://user:password@host/dbname[?key=value..]``, where
        ``dialect`` is a database name such as ``mysql``, ``oracle``,
        ``postgresql``, etc., and ``driver`` the name of a DBAPI, such as
        ``psycopg2``, ``pyodbc``, ``cx_oracle``, etc.  Alternatively,
        the URL can be an instance of :class:`~sqlalchemy.engine.url.URL`.

        ``**kwargs`` takes a wide variety of options which are routed
        towards their appropriate components.  Arguments may be specific to
        the :class:`_engine.Engine`, the underlying :class:`.Dialect`,
        as well as the
        :class:`_pool.Pool`.  Specific dialects also accept keyword arguments that
        are unique to that dialect.   Here, we describe the parameters
        that are common to most :func:`_sa.create_engine()` usage.

        Once established, the newly resulting :class:`_engine.Engine` will
        request a connection from the underlying :class:`_pool.Pool` once
        :meth:`_engine.Engine.connect` is called, or a method which depends on it
        such as :meth:`_engine.Engine.execute` is invoked.   The
        :class:`_pool.Pool` in turn
        will establish the first actual DBAPI connection when this request
        is received.   The :func:`_sa.create_engine` call itself does **not**
        establish any actual DBAPI connections directly.

        .. seealso::

            :doc:`/core/engines`

            :doc:`/dialects/index`

            :ref:`connections_toplevel`

        :param connect_args: a dictionary of options which will be
            passed directly to the DBAPI's ``connect()`` method as
            additional keyword arguments.  See the example
            at :ref:`custom_dbapi_args`.

        :param creator: a callable which returns a DBAPI connection.
            This creation function will be passed to the underlying
            connection pool and will be used to create all new database
            connections. Usage of this function causes connection
            parameters specified in the URL argument to be bypassed.

            This hook is not as flexible as the newer
            :meth:`_events.DialectEvents.do_connect` hook which allows complete
            control over how a connection is made to the database, given the full
            set of URL arguments and state beforehand.

            .. seealso::

                :meth:`_events.DialectEvents.do_connect` - event hook that allows
                full control over DBAPI connection mechanics.

                :ref:`custom_dbapi_args`

        :param echo=False: if True, the Engine will log all statements
            as well as a ``repr()`` of their parameter lists to the default log
            handler, which defaults to ``sys.stdout`` for output.   If set to the
            string ``"debug"``, result rows will be printed to the standard output
            as well. The ``echo`` attribute of ``Engine`` can be modified at any
            time to turn logging on and off; direct control of logging is also
            available using the standard Python ``logging`` module.

            .. seealso::

                :ref:`dbengine_logging` - further detail on how to configure
                logging.


        :param echo_pool=False: if True, the connection pool will log
            informational output such as when connections are invalidated
            as well as when connections are recycled to the default log handler,
            which defaults to ``sys.stdout`` for output.   If set to the string
            ``"debug"``, the logging will include pool checkouts and checkins.
            Direct control of logging is also available using the standard Python
            ``logging`` module.

            .. seealso::

                :ref:`dbengine_logging` - further detail on how to configure
                logging.


        :param empty_in_strategy:   No longer used; SQLAlchemy now uses
            "empty set" behavior for IN in all cases.

        :param enable_from_linting: defaults to True.  Will emit a warning
            if a given SELECT statement is found to have un-linked FROM elements
            which would cause a cartesian product.

            .. versionadded:: 1.4

            .. seealso::

                :ref:`change_4737`

        :param execution_options: Dictionary execution options which will
            be applied to all connections.  See
            :meth:`~sqlalchemy.engine.Connection.execution_options`

        :param future: Use the 2.0 style :class:`_engine.Engine` and
            :class:`_engine.Connection` API.

            As of SQLAlchemy 2.0, this parameter is present for backwards
            compatibility only and must remain at its default value of ``True``.

            The :paramref:`_sa.create_engine.future` parameter will be
            deprecated in a subsequent 2.x release and eventually removed.

            .. versionadded:: 1.4

            .. versionchanged:: 2.0 All :class:`_engine.Engine` objects are
               "future" style engines and there is no longer a ``future=False``
               mode of operation.

            .. seealso::

                :ref:`migration_20_toplevel`

        :param hide_parameters: Boolean, when set to True, SQL statement parameters
            will not be displayed in INFO logging nor will they be formatted into
            the string representation of :class:`.StatementError` objects.

            .. versionadded:: 1.3.8

            .. seealso::

                :ref:`dbengine_logging` - further detail on how to configure
                logging.

        :param implicit_returning=True:  Legacy parameter that may only be set
            to True. In SQLAlchemy 2.0, this parameter does nothing. In order to
            disable "implicit returning" for statements invoked by the ORM,
            configure this on a per-table basis using the
            :paramref:`.Table.implicit_returning` parameter.


        :param insertmanyvalues_page_size: number of rows to format into an
         INSERT statement when the statement uses "insertmanyvalues" mode, which is
         a paged form of bulk insert that is used for many backends when using
         :term:`executemany` execution typically in conjunction with RETURNING.
         Defaults to 1000, but may also be subject to dialect-specific limiting
         factors which may override this value on a per-statement basis.

         .. versionadded:: 2.0

         .. seealso::

            :ref:`engine_insertmanyvalues`

            :ref:`engine_insertmanyvalues_page_size`

            :paramref:`_engine.Connection.execution_options.insertmanyvalues_page_size`

        :param isolation_level: optional string name of an isolation level
            which will be set on all new connections unconditionally.
            Isolation levels are typically some subset of the string names
            ``"SERIALIZABLE"``, ``"REPEATABLE READ"``,
            ``"READ COMMITTED"``, ``"READ UNCOMMITTED"`` and ``"AUTOCOMMIT"``
            based on backend.

            The :paramref:`_sa.create_engine.isolation_level` parameter is
            in contrast to the
            :paramref:`.Connection.execution_options.isolation_level`
            execution option, which may be set on an individual
            :class:`.Connection`, as well as the same parameter passed to
            :meth:`.Engine.execution_options`, where it may be used to create
            multiple engines with different isolation levels that share a common
            connection pool and dialect.

            .. versionchanged:: 2.0 The
               :paramref:`_sa.create_engine.isolation_level`
               parameter has been generalized to work on all dialects which support
               the concept of isolation level, and is provided as a more succinct,
               up front configuration switch in contrast to the execution option
               which is more of an ad-hoc programmatic option.

            .. seealso::

                :ref:`dbapi_autocommit`

        :param json_deserializer: for dialects that support the
            :class:`_types.JSON`
            datatype, this is a Python callable that will convert a JSON string
            to a Python object.  By default, the Python ``json.loads`` function is
            used.

            .. versionchanged:: 1.3.7  The SQLite dialect renamed this from
               ``_json_deserializer``.

        :param json_serializer: for dialects that support the :class:`_types.JSON`
            datatype, this is a Python callable that will render a given object
            as JSON.   By default, the Python ``json.dumps`` function is used.

            .. versionchanged:: 1.3.7  The SQLite dialect renamed this from
               ``_json_serializer``.


        :param label_length=None: optional integer value which limits
            the size of dynamically generated column labels to that many
            characters. If less than 6, labels are generated as
            "_(counter)". If ``None``, the value of
            ``dialect.max_identifier_length``, which may be affected via the
            :paramref:`_sa.create_engine.max_identifier_length` parameter,
            is used instead.   The value of
            :paramref:`_sa.create_engine.label_length`
            may not be larger than that of
            :paramref:`_sa.create_engine.max_identfier_length`.

            .. seealso::

                :paramref:`_sa.create_engine.max_identifier_length`

        :param logging_name:  String identifier which will be used within
            the "name" field of logging records generated within the
            "sqlalchemy.engine" logger. Defaults to a hexstring of the
            object's id.

            .. seealso::

                :ref:`dbengine_logging` - further detail on how to configure
                logging.

                :paramref:`_engine.Connection.execution_options.logging_token`

        :param max_identifier_length: integer; override the max_identifier_length
            determined by the dialect.  if ``None`` or zero, has no effect.  This
            is the database's configured maximum number of characters that may be
            used in a SQL identifier such as a table name, column name, or label
            name. All dialects determine this value automatically, however in the
            case of a new database version for which this value has changed but
            SQLAlchemy's dialect has not been adjusted, the value may be passed
            here.

            .. versionadded:: 1.3.9

            .. seealso::

                :paramref:`_sa.create_engine.label_length`

        :param max_overflow=10: the number of connections to allow in
            connection pool "overflow", that is connections that can be
            opened above and beyond the pool_size setting, which defaults
            to five. this is only used with :class:`~sqlalchemy.pool.QueuePool`.

        :param module=None: reference to a Python module object (the module
            itself, not its string name).  Specifies an alternate DBAPI module to
            be used by the engine's dialect.  Each sub-dialect references a
            specific DBAPI which will be imported before first connect.  This
            parameter causes the import to be bypassed, and the given module to
            be used instead. Can be used for testing of DBAPIs as well as to
            inject "mock" DBAPI implementations into the :class:`_engine.Engine`.

        :param paramstyle=None: The `paramstyle &lt;https://legacy.python.org/dev/peps/pep-0249/#paramstyle&gt;`_
            to use when rendering bound parameters.  This style defaults to the
            one recommended by the DBAPI itself, which is retrieved from the
            ``.paramstyle`` attribute of the DBAPI.  However, most DBAPIs accept
            more than one paramstyle, and in particular it may be desirable
            to change a "named" paramstyle into a "positional" one, or vice versa.
            When this attribute is passed, it should be one of the values
            ``"qmark"``, ``"numeric"``, ``"named"``, ``"format"`` or
            ``"pyformat"``, and should correspond to a parameter style known
            to be supported by the DBAPI in use.

        :param pool=None: an already-constructed instance of
            :class:`~sqlalchemy.pool.Pool`, such as a
            :class:`~sqlalchemy.pool.QueuePool` instance. If non-None, this
            pool will be used directly as the underlying connection pool
            for the engine, bypassing whatever connection parameters are
            present in the URL argument. For information on constructing
            connection pools manually, see :ref:`pooling_toplevel`.

        :param poolclass=None: a :class:`~sqlalchemy.pool.Pool`
            subclass, which will be used to create a connection pool
            instance using the connection parameters given in the URL. Note
            this differs from ``pool`` in that you don't actually
            instantiate the pool in this case, you just indicate what type
            of pool to be used.

        :param pool_logging_name:  String identifier which will be used within
           the "name" field of logging records generated within the
           "sqlalchemy.pool" logger. Defaults to a hexstring of the object's
           id.

           .. seealso::

                :ref:`dbengine_logging` - further detail on how to configure
                logging.

        :param pool_pre_ping: boolean, if True will enable the connection pool
            "pre-ping" feature that tests connections for liveness upon
            each checkout.

            .. versionadded:: 1.2

            .. seealso::

                :ref:`pool_disconnects_pessimistic`

        :param pool_size=5: the number of connections to keep open
            inside the connection pool. This used with
            :class:`~sqlalchemy.pool.QueuePool` as
            well as :class:`~sqlalchemy.pool.SingletonThreadPool`.  With
            :class:`~sqlalchemy.pool.QueuePool`, a ``pool_size`` setting
            of 0 indicates no limit; to disable pooling, set ``poolclass`` to
            :class:`~sqlalchemy.pool.NullPool` instead.

        :param pool_recycle=-1: this setting causes the pool to recycle
            connections after the given number of seconds has passed. It
            defaults to -1, or no timeout. For example, setting to 3600
            means connections will be recycled after one hour. Note that
            MySQL in particular will disconnect automatically if no
            activity is detected on a connection for eight hours (although
            this is configurable with the MySQLDB connection itself and the
            server configuration as well).

            .. seealso::

                :ref:`pool_setting_recycle`

        :param pool_reset_on_return='rollback': set the
            :paramref:`_pool.Pool.reset_on_return` parameter of the underlying
            :class:`_pool.Pool` object, which can be set to the values
            ``"rollback"``, ``"commit"``, or ``None``.

            .. seealso::

                :ref:`pool_reset_on_return`

                :ref:`dbapi_autocommit_skip_rollback` - a more modern approach
                to using connections with no transactional instructions

        :param pool_timeout=30: number of seconds to wait before giving
            up on getting a connection from the pool. This is only used
            with :class:`~sqlalchemy.pool.QueuePool`. This can be a float but is
            subject to the limitations of Python time functions which may not be
            reliable in the tens of milliseconds.

            .. note: don't use 30.0 above, it seems to break with the :param tag

        :param pool_use_lifo=False: use LIFO (last-in-first-out) when retrieving
            connections from :class:`.QueuePool` instead of FIFO
            (first-in-first-out). Using LIFO, a server-side timeout scheme can
            reduce the number of connections used during non- peak   periods of
            use.   When planning for server-side timeouts, ensure that a recycle or
            pre-ping strategy is in use to gracefully   handle stale connections.

              .. versionadded:: 1.3

              .. seealso::

                :ref:`pool_use_lifo`

                :ref:`pool_disconnects`

        :param plugins: string list of plugin names to load.  See
            :class:`.CreateEnginePlugin` for background.

            .. versionadded:: 1.2.3

        :param query_cache_size: size of the cache used to cache the SQL string
         form of queries.  Set to zero to disable caching.

         The cache is pruned of its least recently used items when its size reaches
         N * 1.5.  Defaults to 500, meaning the cache will always store at least
         500 SQL statements when filled, and will grow up to 750 items at which
         point it is pruned back down to 500 by removing the 250 least recently
         used items.

         Caching is accomplished on a per-statement basis by generating a
         cache key that represents the statement's structure, then generating
         string SQL for the current dialect only if that key is not present
         in the cache.   All statements support caching, however some features
         such as an INSERT with a large set of parameters will intentionally
         bypass the cache.   SQL logging will indicate statistics for each
         statement whether or not it were pull from the cache.

         .. note:: some ORM functions related to unit-of-work persistence as well
            as some attribute loading strategies will make use of individual
            per-mapper caches outside of the main cache.


         .. seealso::

            :ref:`sql_caching`

         .. versionadded:: 1.4

        :param skip_autocommit_rollback: When True, the dialect will
           unconditionally skip all calls to the DBAPI ``connection.rollback()``
           method if the DBAPI connection is confirmed to be in "autocommit" mode.
           The availability of this feature is dialect specific; if not available,
           a ``NotImplementedError`` is raised by the dialect when rollback occurs.

           .. seealso::

                :ref:`dbapi_autocommit_skip_rollback`

           .. versionadded:: 2.0.43

        :param use_insertmanyvalues: True by default, use the "insertmanyvalues"
         execution style for INSERT..RETURNING statements by default.

         .. versionadded:: 2.0

         .. seealso::

            :ref:`engine_insertmanyvalues`

        """  # noqa

        if "strategy" in kwargs:
            strat = kwargs.pop("strategy")
            if strat == "mock":
                # this case is deprecated
                return create_mock_engine(url, **kwargs)  # type: ignore
            else:
                raise exc.ArgumentError("unknown strategy: %r" % strat)

        kwargs.pop("empty_in_strategy", None)

        # create url.URL object
        u = _url.make_url(url)

        u, plugins, kwargs = u._instantiate_plugins(kwargs)

        entrypoint = u._get_entrypoint()
        _is_async = kwargs.pop("_is_async", False)
        if _is_async:
            dialect_cls = entrypoint.get_async_dialect_cls(u)
        else:
            dialect_cls = entrypoint.get_dialect_cls(u)

        if kwargs.pop("_coerce_config", False):

            def pop_kwarg(key: str, default: Optional[Any] = None) -&gt; Any:
                value = kwargs.pop(key, default)
                if key in dialect_cls.engine_config_types:
                    value = dialect_cls.engine_config_types[key](value)
                return value

        else:
            pop_kwarg = kwargs.pop  # type: ignore

        dialect_args = {}
        # consume dialect arguments from kwargs
        for k in util.get_cls_kwargs(dialect_cls):
            if k in kwargs:
                dialect_args[k] = pop_kwarg(k)

        dbapi = kwargs.pop("module", None)
        if dbapi is None:
            dbapi_args = {}

            if "import_dbapi" in dialect_cls.__dict__:
                dbapi_meth = dialect_cls.import_dbapi

            elif hasattr(dialect_cls, "dbapi") and inspect.ismethod(
                dialect_cls.dbapi
            ):
                util.warn_deprecated(
                    "The dbapi() classmethod on dialect classes has been "
                    "renamed to import_dbapi().  Implement an import_dbapi() "
                    f"classmethod directly on class {dialect_cls} to remove this "
                    "warning; the old .dbapi() classmethod may be maintained for "
                    "backwards compatibility.",
                    "2.0",
                )
                dbapi_meth = dialect_cls.dbapi
            else:
                dbapi_meth = dialect_cls.import_dbapi

            for k in util.get_func_kwargs(dbapi_meth):
                if k in kwargs:
                    dbapi_args[k] = pop_kwarg(k)
&gt;           dbapi = dbapi_meth(**dbapi_args)
                    ^^^^^^^^^^^^^^^^^^^^^^^^

/usr/local/lib/python3.11/dist-packages/sqlalchemy/engine/create.py:617:
_ _ _ _ _ _ _ _ _ _ _ _ _ _ _ _ _ _ _ _ _ _ _ _ _ _ _ _ _ _ _ _ _ _ _ _ _ _ _ _

cls = &lt;class 'sqlalchemy.dialects.sqlite.aiosqlite.SQLiteDialect_aiosqlite'&gt;

    @classmethod
    def import_dbapi(cls) -&gt; AsyncAdapt_aiosqlite_dbapi:
        return AsyncAdapt_aiosqlite_dbapi(
&gt;           __import__("aiosqlite"), __import__("sqlite3")
            ^^^^^^^^^^^^^^^^^^^^^^^
        )
E       ModuleNotFoundError: No module named 'aiosqlite'

/usr/local/lib/python3.11/dist-packages/sqlalchemy/dialects/sqlite/aiosqlite.py:449: ModuleNotFoundError</error></testcase><testcase classname="tests.integration.test_repository_db.TestTradeRepository" name="test_get_pnl_summary_empty" time="0.000"><error message="failed on setup with &quot;ModuleNotFoundError: No module named 'aiosqlite'&quot;">@pytest.fixture(scope="module")
    def async_engine():
        """Module-scoped async engine with tables created once."""
        import asyncio

&gt;       eng = create_async_engine(
            _ASYNC_URL,
            connect_args={"check_same_thread": False},
            poolclass=StaticPool,
        )

tests/integration/test_repository_db.py:78:
_ _ _ _ _ _ _ _ _ _ _ _ _ _ _ _ _ _ _ _ _ _ _ _ _ _ _ _ _ _ _ _ _ _ _ _ _ _ _ _

func = &lt;function create_async_engine at 0x7f8919a142c0&gt;, module = None
args = ('sqlite+aiosqlite:///:memory:',)
kwargs = {'connect_args': {'check_same_thread': False}, 'poolclass': &lt;class 'sqlalchemy.pool.impl.StaticPool'&gt;}

    def _wrap_create_async_engine_internal(func, module, args, kwargs):
        """Trace the SQLAlchemy engine, creating an `EngineTracer`
        object that will listen to SQLAlchemy events.
        """
        if not is_instrumentation_enabled():
            return func(*args, **kwargs)

&gt;       engine = func(*args, **kwargs)
                 ^^^^^^^^^^^^^^^^^^^^^

/usr/local/lib/python3.11/dist-packages/opentelemetry/instrumentation/sqlalchemy/engine.py:139:
_ _ _ _ _ _ _ _ _ _ _ _ _ _ _ _ _ _ _ _ _ _ _ _ _ _ _ _ _ _ _ _ _ _ _ _ _ _ _ _

url = 'sqlite+aiosqlite:///:memory:'
kw = {'_is_async': True, 'connect_args': {'check_same_thread': False}, 'poolclass': &lt;class 'sqlalchemy.pool.impl.StaticPool'&gt;}

    def create_async_engine(url: Union[str, URL], **kw: Any) -&gt; AsyncEngine:
        """Create a new async engine instance.

        Arguments passed to :func:`_asyncio.create_async_engine` are mostly
        identical to those passed to the :func:`_sa.create_engine` function.
        The specified dialect must be an asyncio-compatible dialect
        such as :ref:`dialect-postgresql-asyncpg`.

        .. versionadded:: 1.4

        :param async_creator: an async callable which returns a driver-level
            asyncio connection. If given, the function should take no arguments,
            and return a new asyncio connection from the underlying asyncio
            database driver; the connection will be wrapped in the appropriate
            structures to be used with the :class:`.AsyncEngine`.   Note that the
            parameters specified in the URL are not applied here, and the creator
            function should use its own connection parameters.

            This parameter is the asyncio equivalent of the
            :paramref:`_sa.create_engine.creator` parameter of the
            :func:`_sa.create_engine` function.

            .. versionadded:: 2.0.16

        """

        if kw.get("server_side_cursors", False):
            raise async_exc.AsyncMethodRequired(
                "Can't set server_side_cursors for async engine globally; "
                "use the connection.stream() method for an async "
                "streaming result set"
            )
        kw["_is_async"] = True
        async_creator = kw.pop("async_creator", None)
        if async_creator:
            if kw.get("creator", None):
                raise ArgumentError(
                    "Can only specify one of 'async_creator' or 'creator', "
                    "not both."
                )

            def creator() -&gt; Any:
                # note that to send adapted arguments like
                # prepared_statement_cache_size, user would use
                # "creator" and emulate this form here
                return sync_engine.dialect.dbapi.connect(  # type: ignore
                    async_creator_fn=async_creator
                )

            kw["creator"] = creator
&gt;       sync_engine = _create_engine(url, **kw)
                      ^^^^^^^^^^^^^^^^^^^^^^^^^

/usr/local/lib/python3.11/dist-packages/sqlalchemy/ext/asyncio/engine.py:120:
_ _ _ _ _ _ _ _ _ _ _ _ _ _ _ _ _ _ _ _ _ _ _ _ _ _ _ _ _ _ _ _ _ _ _ _ _ _ _ _

url = 'sqlite+aiosqlite:///:memory:'
kwargs = {'_is_async': True, 'connect_args': {'check_same_thread': False}, 'poolclass': &lt;class 'sqlalchemy.pool.impl.StaticPool'&gt;}

&gt;   ???

&lt;string&gt;:2:
_ _ _ _ _ _ _ _ _ _ _ _ _ _ _ _ _ _ _ _ _ _ _ _ _ _ _ _ _ _ _ _ _ _ _ _ _ _ _ _

fn = &lt;function create_engine at 0x7f8919b2aac0&gt;
args = ('sqlite+aiosqlite:///:memory:',)
kwargs = {'_is_async': True, 'connect_args': {'check_same_thread': False}, 'poolclass': &lt;class 'sqlalchemy.pool.impl.StaticPool'&gt;}
m = 'implicit_returning'

    @decorator
    def warned(fn: _F, *args: Any, **kwargs: Any) -&gt; _F:
        for m in check_defaults:
            if (defaults[m] is None and kwargs[m] is not None) or (
                defaults[m] is not None and kwargs[m] != defaults[m]
            ):
                _warn_with_version(
                    messages[m],
                    versions[m],
                    version_warnings[m],
                    stacklevel=3,
                )

        if check_any_kw in messages and set(kwargs).difference(
            check_defaults
        ):
            assert check_any_kw is not None
            _warn_with_version(
                messages[check_any_kw],
                versions[check_any_kw],
                version_warnings[check_any_kw],
                stacklevel=3,
            )

        for m in check_kw:
            if m in kwargs:
                _warn_with_version(
                    messages[m],
                    versions[m],
                    version_warnings[m],
                    stacklevel=3,
                )
&gt;       return fn(*args, **kwargs)  # type: ignore[no-any-return]
               ^^^^^^^^^^^^^^^^^^^

/usr/local/lib/python3.11/dist-packages/sqlalchemy/util/deprecations.py:281:
_ _ _ _ _ _ _ _ _ _ _ _ _ _ _ _ _ _ _ _ _ _ _ _ _ _ _ _ _ _ _ _ _ _ _ _ _ _ _ _

url = 'sqlite+aiosqlite:///:memory:'
kwargs = {'connect_args': {'check_same_thread': False}, 'poolclass': &lt;class 'sqlalchemy.pool.impl.StaticPool'&gt;}
u = sqlite+aiosqlite:///:memory:, plugins = []
entrypoint = &lt;class 'sqlalchemy.dialects.sqlite.aiosqlite.SQLiteDialect_aiosqlite'&gt;
_is_async = True
pop_kwarg = &lt;built-in method pop of dict object at 0x7f881f8be200&gt;
dialect_args = {}

    @util.deprecated_params(
        strategy=(
            "1.4",
            "The :paramref:`_sa.create_engine.strategy` keyword is deprecated, "
            "and the only argument accepted is 'mock'; please use "
            ":func:`.create_mock_engine` going forward.  For general "
            "customization of create_engine which may have been accomplished "
            "using strategies, see :class:`.CreateEnginePlugin`.",
        ),
        empty_in_strategy=(
            "1.4",
            "The :paramref:`_sa.create_engine.empty_in_strategy` keyword is "
            "deprecated, and no longer has any effect.  All IN expressions "
            "are now rendered using "
            'the "expanding parameter" strategy which renders a set of bound'
            'expressions, or an "empty set" SELECT, at statement execution'
            "time.",
        ),
        implicit_returning=(
            "2.0",
            "The :paramref:`_sa.create_engine.implicit_returning` parameter "
            "is deprecated and will be removed in a future release. ",
        ),
    )
    def create_engine(url: Union[str, _url.URL], **kwargs: Any) -&gt; Engine:
        """Create a new :class:`_engine.Engine` instance.

        The standard calling form is to send the :ref:`URL &lt;database_urls&gt;` as the
        first positional argument, usually a string
        that indicates database dialect and connection arguments::

            engine = create_engine("postgresql+psycopg2://scott:tiger@localhost/test")

        .. note::

            Please review :ref:`database_urls` for general guidelines in composing
            URL strings.  In particular, special characters, such as those often
            part of passwords, must be URL encoded to be properly parsed.

        Additional keyword arguments may then follow it which
        establish various options on the resulting :class:`_engine.Engine`
        and its underlying :class:`.Dialect` and :class:`_pool.Pool`
        constructs::

            engine = create_engine(
                "mysql+mysqldb://scott:tiger@hostname/dbname",
                pool_recycle=3600,
                echo=True,
            )

        The string form of the URL is
        ``dialect[+driver]://user:password@host/dbname[?key=value..]``, where
        ``dialect`` is a database name such as ``mysql``, ``oracle``,
        ``postgresql``, etc., and ``driver`` the name of a DBAPI, such as
        ``psycopg2``, ``pyodbc``, ``cx_oracle``, etc.  Alternatively,
        the URL can be an instance of :class:`~sqlalchemy.engine.url.URL`.

        ``**kwargs`` takes a wide variety of options which are routed
        towards their appropriate components.  Arguments may be specific to
        the :class:`_engine.Engine`, the underlying :class:`.Dialect`,
        as well as the
        :class:`_pool.Pool`.  Specific dialects also accept keyword arguments that
        are unique to that dialect.   Here, we describe the parameters
        that are common to most :func:`_sa.create_engine()` usage.

        Once established, the newly resulting :class:`_engine.Engine` will
        request a connection from the underlying :class:`_pool.Pool` once
        :meth:`_engine.Engine.connect` is called, or a method which depends on it
        such as :meth:`_engine.Engine.execute` is invoked.   The
        :class:`_pool.Pool` in turn
        will establish the first actual DBAPI connection when this request
        is received.   The :func:`_sa.create_engine` call itself does **not**
        establish any actual DBAPI connections directly.

        .. seealso::

            :doc:`/core/engines`

            :doc:`/dialects/index`

            :ref:`connections_toplevel`

        :param connect_args: a dictionary of options which will be
            passed directly to the DBAPI's ``connect()`` method as
            additional keyword arguments.  See the example
            at :ref:`custom_dbapi_args`.

        :param creator: a callable which returns a DBAPI connection.
            This creation function will be passed to the underlying
            connection pool and will be used to create all new database
            connections. Usage of this function causes connection
            parameters specified in the URL argument to be bypassed.

            This hook is not as flexible as the newer
            :meth:`_events.DialectEvents.do_connect` hook which allows complete
            control over how a connection is made to the database, given the full
            set of URL arguments and state beforehand.

            .. seealso::

                :meth:`_events.DialectEvents.do_connect` - event hook that allows
                full control over DBAPI connection mechanics.

                :ref:`custom_dbapi_args`

        :param echo=False: if True, the Engine will log all statements
            as well as a ``repr()`` of their parameter lists to the default log
            handler, which defaults to ``sys.stdout`` for output.   If set to the
            string ``"debug"``, result rows will be printed to the standard output
            as well. The ``echo`` attribute of ``Engine`` can be modified at any
            time to turn logging on and off; direct control of logging is also
            available using the standard Python ``logging`` module.

            .. seealso::

                :ref:`dbengine_logging` - further detail on how to configure
                logging.


        :param echo_pool=False: if True, the connection pool will log
            informational output such as when connections are invalidated
            as well as when connections are recycled to the default log handler,
            which defaults to ``sys.stdout`` for output.   If set to the string
            ``"debug"``, the logging will include pool checkouts and checkins.
            Direct control of logging is also available using the standard Python
            ``logging`` module.

            .. seealso::

                :ref:`dbengine_logging` - further detail on how to configure
                logging.


        :param empty_in_strategy:   No longer used; SQLAlchemy now uses
            "empty set" behavior for IN in all cases.

        :param enable_from_linting: defaults to True.  Will emit a warning
            if a given SELECT statement is found to have un-linked FROM elements
            which would cause a cartesian product.

            .. versionadded:: 1.4

            .. seealso::

                :ref:`change_4737`

        :param execution_options: Dictionary execution options which will
            be applied to all connections.  See
            :meth:`~sqlalchemy.engine.Connection.execution_options`

        :param future: Use the 2.0 style :class:`_engine.Engine` and
            :class:`_engine.Connection` API.

            As of SQLAlchemy 2.0, this parameter is present for backwards
            compatibility only and must remain at its default value of ``True``.

            The :paramref:`_sa.create_engine.future` parameter will be
            deprecated in a subsequent 2.x release and eventually removed.

            .. versionadded:: 1.4

            .. versionchanged:: 2.0 All :class:`_engine.Engine` objects are
               "future" style engines and there is no longer a ``future=False``
               mode of operation.

            .. seealso::

                :ref:`migration_20_toplevel`

        :param hide_parameters: Boolean, when set to True, SQL statement parameters
            will not be displayed in INFO logging nor will they be formatted into
            the string representation of :class:`.StatementError` objects.

            .. versionadded:: 1.3.8

            .. seealso::

                :ref:`dbengine_logging` - further detail on how to configure
                logging.

        :param implicit_returning=True:  Legacy parameter that may only be set
            to True. In SQLAlchemy 2.0, this parameter does nothing. In order to
            disable "implicit returning" for statements invoked by the ORM,
            configure this on a per-table basis using the
            :paramref:`.Table.implicit_returning` parameter.


        :param insertmanyvalues_page_size: number of rows to format into an
         INSERT statement when the statement uses "insertmanyvalues" mode, which is
         a paged form of bulk insert that is used for many backends when using
         :term:`executemany` execution typically in conjunction with RETURNING.
         Defaults to 1000, but may also be subject to dialect-specific limiting
         factors which may override this value on a per-statement basis.

         .. versionadded:: 2.0

         .. seealso::

            :ref:`engine_insertmanyvalues`

            :ref:`engine_insertmanyvalues_page_size`

            :paramref:`_engine.Connection.execution_options.insertmanyvalues_page_size`

        :param isolation_level: optional string name of an isolation level
            which will be set on all new connections unconditionally.
            Isolation levels are typically some subset of the string names
            ``"SERIALIZABLE"``, ``"REPEATABLE READ"``,
            ``"READ COMMITTED"``, ``"READ UNCOMMITTED"`` and ``"AUTOCOMMIT"``
            based on backend.

            The :paramref:`_sa.create_engine.isolation_level` parameter is
            in contrast to the
            :paramref:`.Connection.execution_options.isolation_level`
            execution option, which may be set on an individual
            :class:`.Connection`, as well as the same parameter passed to
            :meth:`.Engine.execution_options`, where it may be used to create
            multiple engines with different isolation levels that share a common
            connection pool and dialect.

            .. versionchanged:: 2.0 The
               :paramref:`_sa.create_engine.isolation_level`
               parameter has been generalized to work on all dialects which support
               the concept of isolation level, and is provided as a more succinct,
               up front configuration switch in contrast to the execution option
               which is more of an ad-hoc programmatic option.

            .. seealso::

                :ref:`dbapi_autocommit`

        :param json_deserializer: for dialects that support the
            :class:`_types.JSON`
            datatype, this is a Python callable that will convert a JSON string
            to a Python object.  By default, the Python ``json.loads`` function is
            used.

            .. versionchanged:: 1.3.7  The SQLite dialect renamed this from
               ``_json_deserializer``.

        :param json_serializer: for dialects that support the :class:`_types.JSON`
            datatype, this is a Python callable that will render a given object
            as JSON.   By default, the Python ``json.dumps`` function is used.

            .. versionchanged:: 1.3.7  The SQLite dialect renamed this from
               ``_json_serializer``.


        :param label_length=None: optional integer value which limits
            the size of dynamically generated column labels to that many
            characters. If less than 6, labels are generated as
            "_(counter)". If ``None``, the value of
            ``dialect.max_identifier_length``, which may be affected via the
            :paramref:`_sa.create_engine.max_identifier_length` parameter,
            is used instead.   The value of
            :paramref:`_sa.create_engine.label_length`
            may not be larger than that of
            :paramref:`_sa.create_engine.max_identfier_length`.

            .. seealso::

                :paramref:`_sa.create_engine.max_identifier_length`

        :param logging_name:  String identifier which will be used within
            the "name" field of logging records generated within the
            "sqlalchemy.engine" logger. Defaults to a hexstring of the
            object's id.

            .. seealso::

                :ref:`dbengine_logging` - further detail on how to configure
                logging.

                :paramref:`_engine.Connection.execution_options.logging_token`

        :param max_identifier_length: integer; override the max_identifier_length
            determined by the dialect.  if ``None`` or zero, has no effect.  This
            is the database's configured maximum number of characters that may be
            used in a SQL identifier such as a table name, column name, or label
            name. All dialects determine this value automatically, however in the
            case of a new database version for which this value has changed but
            SQLAlchemy's dialect has not been adjusted, the value may be passed
            here.

            .. versionadded:: 1.3.9

            .. seealso::

                :paramref:`_sa.create_engine.label_length`

        :param max_overflow=10: the number of connections to allow in
            connection pool "overflow", that is connections that can be
            opened above and beyond the pool_size setting, which defaults
            to five. this is only used with :class:`~sqlalchemy.pool.QueuePool`.

        :param module=None: reference to a Python module object (the module
            itself, not its string name).  Specifies an alternate DBAPI module to
            be used by the engine's dialect.  Each sub-dialect references a
            specific DBAPI which will be imported before first connect.  This
            parameter causes the import to be bypassed, and the given module to
            be used instead. Can be used for testing of DBAPIs as well as to
            inject "mock" DBAPI implementations into the :class:`_engine.Engine`.

        :param paramstyle=None: The `paramstyle &lt;https://legacy.python.org/dev/peps/pep-0249/#paramstyle&gt;`_
            to use when rendering bound parameters.  This style defaults to the
            one recommended by the DBAPI itself, which is retrieved from the
            ``.paramstyle`` attribute of the DBAPI.  However, most DBAPIs accept
            more than one paramstyle, and in particular it may be desirable
            to change a "named" paramstyle into a "positional" one, or vice versa.
            When this attribute is passed, it should be one of the values
            ``"qmark"``, ``"numeric"``, ``"named"``, ``"format"`` or
            ``"pyformat"``, and should correspond to a parameter style known
            to be supported by the DBAPI in use.

        :param pool=None: an already-constructed instance of
            :class:`~sqlalchemy.pool.Pool`, such as a
            :class:`~sqlalchemy.pool.QueuePool` instance. If non-None, this
            pool will be used directly as the underlying connection pool
            for the engine, bypassing whatever connection parameters are
            present in the URL argument. For information on constructing
            connection pools manually, see :ref:`pooling_toplevel`.

        :param poolclass=None: a :class:`~sqlalchemy.pool.Pool`
            subclass, which will be used to create a connection pool
            instance using the connection parameters given in the URL. Note
            this differs from ``pool`` in that you don't actually
            instantiate the pool in this case, you just indicate what type
            of pool to be used.

        :param pool_logging_name:  String identifier which will be used within
           the "name" field of logging records generated within the
           "sqlalchemy.pool" logger. Defaults to a hexstring of the object's
           id.

           .. seealso::

                :ref:`dbengine_logging` - further detail on how to configure
                logging.

        :param pool_pre_ping: boolean, if True will enable the connection pool
            "pre-ping" feature that tests connections for liveness upon
            each checkout.

            .. versionadded:: 1.2

            .. seealso::

                :ref:`pool_disconnects_pessimistic`

        :param pool_size=5: the number of connections to keep open
            inside the connection pool. This used with
            :class:`~sqlalchemy.pool.QueuePool` as
            well as :class:`~sqlalchemy.pool.SingletonThreadPool`.  With
            :class:`~sqlalchemy.pool.QueuePool`, a ``pool_size`` setting
            of 0 indicates no limit; to disable pooling, set ``poolclass`` to
            :class:`~sqlalchemy.pool.NullPool` instead.

        :param pool_recycle=-1: this setting causes the pool to recycle
            connections after the given number of seconds has passed. It
            defaults to -1, or no timeout. For example, setting to 3600
            means connections will be recycled after one hour. Note that
            MySQL in particular will disconnect automatically if no
            activity is detected on a connection for eight hours (although
            this is configurable with the MySQLDB connection itself and the
            server configuration as well).

            .. seealso::

                :ref:`pool_setting_recycle`

        :param pool_reset_on_return='rollback': set the
            :paramref:`_pool.Pool.reset_on_return` parameter of the underlying
            :class:`_pool.Pool` object, which can be set to the values
            ``"rollback"``, ``"commit"``, or ``None``.

            .. seealso::

                :ref:`pool_reset_on_return`

                :ref:`dbapi_autocommit_skip_rollback` - a more modern approach
                to using connections with no transactional instructions

        :param pool_timeout=30: number of seconds to wait before giving
            up on getting a connection from the pool. This is only used
            with :class:`~sqlalchemy.pool.QueuePool`. This can be a float but is
            subject to the limitations of Python time functions which may not be
            reliable in the tens of milliseconds.

            .. note: don't use 30.0 above, it seems to break with the :param tag

        :param pool_use_lifo=False: use LIFO (last-in-first-out) when retrieving
            connections from :class:`.QueuePool` instead of FIFO
            (first-in-first-out). Using LIFO, a server-side timeout scheme can
            reduce the number of connections used during non- peak   periods of
            use.   When planning for server-side timeouts, ensure that a recycle or
            pre-ping strategy is in use to gracefully   handle stale connections.

              .. versionadded:: 1.3

              .. seealso::

                :ref:`pool_use_lifo`

                :ref:`pool_disconnects`

        :param plugins: string list of plugin names to load.  See
            :class:`.CreateEnginePlugin` for background.

            .. versionadded:: 1.2.3

        :param query_cache_size: size of the cache used to cache the SQL string
         form of queries.  Set to zero to disable caching.

         The cache is pruned of its least recently used items when its size reaches
         N * 1.5.  Defaults to 500, meaning the cache will always store at least
         500 SQL statements when filled, and will grow up to 750 items at which
         point it is pruned back down to 500 by removing the 250 least recently
         used items.

         Caching is accomplished on a per-statement basis by generating a
         cache key that represents the statement's structure, then generating
         string SQL for the current dialect only if that key is not present
         in the cache.   All statements support caching, however some features
         such as an INSERT with a large set of parameters will intentionally
         bypass the cache.   SQL logging will indicate statistics for each
         statement whether or not it were pull from the cache.

         .. note:: some ORM functions related to unit-of-work persistence as well
            as some attribute loading strategies will make use of individual
            per-mapper caches outside of the main cache.


         .. seealso::

            :ref:`sql_caching`

         .. versionadded:: 1.4

        :param skip_autocommit_rollback: When True, the dialect will
           unconditionally skip all calls to the DBAPI ``connection.rollback()``
           method if the DBAPI connection is confirmed to be in "autocommit" mode.
           The availability of this feature is dialect specific; if not available,
           a ``NotImplementedError`` is raised by the dialect when rollback occurs.

           .. seealso::

                :ref:`dbapi_autocommit_skip_rollback`

           .. versionadded:: 2.0.43

        :param use_insertmanyvalues: True by default, use the "insertmanyvalues"
         execution style for INSERT..RETURNING statements by default.

         .. versionadded:: 2.0

         .. seealso::

            :ref:`engine_insertmanyvalues`

        """  # noqa

        if "strategy" in kwargs:
            strat = kwargs.pop("strategy")
            if strat == "mock":
                # this case is deprecated
                return create_mock_engine(url, **kwargs)  # type: ignore
            else:
                raise exc.ArgumentError("unknown strategy: %r" % strat)

        kwargs.pop("empty_in_strategy", None)

        # create url.URL object
        u = _url.make_url(url)

        u, plugins, kwargs = u._instantiate_plugins(kwargs)

        entrypoint = u._get_entrypoint()
        _is_async = kwargs.pop("_is_async", False)
        if _is_async:
            dialect_cls = entrypoint.get_async_dialect_cls(u)
        else:
            dialect_cls = entrypoint.get_dialect_cls(u)

        if kwargs.pop("_coerce_config", False):

            def pop_kwarg(key: str, default: Optional[Any] = None) -&gt; Any:
                value = kwargs.pop(key, default)
                if key in dialect_cls.engine_config_types:
                    value = dialect_cls.engine_config_types[key](value)
                return value

        else:
            pop_kwarg = kwargs.pop  # type: ignore

        dialect_args = {}
        # consume dialect arguments from kwargs
        for k in util.get_cls_kwargs(dialect_cls):
            if k in kwargs:
                dialect_args[k] = pop_kwarg(k)

        dbapi = kwargs.pop("module", None)
        if dbapi is None:
            dbapi_args = {}

            if "import_dbapi" in dialect_cls.__dict__:
                dbapi_meth = dialect_cls.import_dbapi

            elif hasattr(dialect_cls, "dbapi") and inspect.ismethod(
                dialect_cls.dbapi
            ):
                util.warn_deprecated(
                    "The dbapi() classmethod on dialect classes has been "
                    "renamed to import_dbapi().  Implement an import_dbapi() "
                    f"classmethod directly on class {dialect_cls} to remove this "
                    "warning; the old .dbapi() classmethod may be maintained for "
                    "backwards compatibility.",
                    "2.0",
                )
                dbapi_meth = dialect_cls.dbapi
            else:
                dbapi_meth = dialect_cls.import_dbapi

            for k in util.get_func_kwargs(dbapi_meth):
                if k in kwargs:
                    dbapi_args[k] = pop_kwarg(k)
&gt;           dbapi = dbapi_meth(**dbapi_args)
                    ^^^^^^^^^^^^^^^^^^^^^^^^

/usr/local/lib/python3.11/dist-packages/sqlalchemy/engine/create.py:617:
_ _ _ _ _ _ _ _ _ _ _ _ _ _ _ _ _ _ _ _ _ _ _ _ _ _ _ _ _ _ _ _ _ _ _ _ _ _ _ _

cls = &lt;class 'sqlalchemy.dialects.sqlite.aiosqlite.SQLiteDialect_aiosqlite'&gt;

    @classmethod
    def import_dbapi(cls) -&gt; AsyncAdapt_aiosqlite_dbapi:
        return AsyncAdapt_aiosqlite_dbapi(
&gt;           __import__("aiosqlite"), __import__("sqlite3")
            ^^^^^^^^^^^^^^^^^^^^^^^
        )
E       ModuleNotFoundError: No module named 'aiosqlite'

/usr/local/lib/python3.11/dist-packages/sqlalchemy/dialects/sqlite/aiosqlite.py:449: ModuleNotFoundError</error></testcase><testcase classname="tests.integration.test_repository_db.TestTradeRepository" name="test_get_pnl_summary_with_closed_trades" time="0.001"><error message="failed on setup with &quot;ModuleNotFoundError: No module named 'aiosqlite'&quot;">@pytest.fixture(scope="module")
    def async_engine():
        """Module-scoped async engine with tables created once."""
        import asyncio

&gt;       eng = create_async_engine(
            _ASYNC_URL,
            connect_args={"check_same_thread": False},
            poolclass=StaticPool,
        )

tests/integration/test_repository_db.py:78:
_ _ _ _ _ _ _ _ _ _ _ _ _ _ _ _ _ _ _ _ _ _ _ _ _ _ _ _ _ _ _ _ _ _ _ _ _ _ _ _

func = &lt;function create_async_engine at 0x7f8919a142c0&gt;, module = None
args = ('sqlite+aiosqlite:///:memory:',)
kwargs = {'connect_args': {'check_same_thread': False}, 'poolclass': &lt;class 'sqlalchemy.pool.impl.StaticPool'&gt;}

    def _wrap_create_async_engine_internal(func, module, args, kwargs):
        """Trace the SQLAlchemy engine, creating an `EngineTracer`
        object that will listen to SQLAlchemy events.
        """
        if not is_instrumentation_enabled():
            return func(*args, **kwargs)

&gt;       engine = func(*args, **kwargs)
                 ^^^^^^^^^^^^^^^^^^^^^

/usr/local/lib/python3.11/dist-packages/opentelemetry/instrumentation/sqlalchemy/engine.py:139:
_ _ _ _ _ _ _ _ _ _ _ _ _ _ _ _ _ _ _ _ _ _ _ _ _ _ _ _ _ _ _ _ _ _ _ _ _ _ _ _

url = 'sqlite+aiosqlite:///:memory:'
kw = {'_is_async': True, 'connect_args': {'check_same_thread': False}, 'poolclass': &lt;class 'sqlalchemy.pool.impl.StaticPool'&gt;}

    def create_async_engine(url: Union[str, URL], **kw: Any) -&gt; AsyncEngine:
        """Create a new async engine instance.

        Arguments passed to :func:`_asyncio.create_async_engine` are mostly
        identical to those passed to the :func:`_sa.create_engine` function.
        The specified dialect must be an asyncio-compatible dialect
        such as :ref:`dialect-postgresql-asyncpg`.

        .. versionadded:: 1.4

        :param async_creator: an async callable which returns a driver-level
            asyncio connection. If given, the function should take no arguments,
            and return a new asyncio connection from the underlying asyncio
            database driver; the connection will be wrapped in the appropriate
            structures to be used with the :class:`.AsyncEngine`.   Note that the
            parameters specified in the URL are not applied here, and the creator
            function should use its own connection parameters.

            This parameter is the asyncio equivalent of the
            :paramref:`_sa.create_engine.creator` parameter of the
            :func:`_sa.create_engine` function.

            .. versionadded:: 2.0.16

        """

        if kw.get("server_side_cursors", False):
            raise async_exc.AsyncMethodRequired(
                "Can't set server_side_cursors for async engine globally; "
                "use the connection.stream() method for an async "
                "streaming result set"
            )
        kw["_is_async"] = True
        async_creator = kw.pop("async_creator", None)
        if async_creator:
            if kw.get("creator", None):
                raise ArgumentError(
                    "Can only specify one of 'async_creator' or 'creator', "
                    "not both."
                )

            def creator() -&gt; Any:
                # note that to send adapted arguments like
                # prepared_statement_cache_size, user would use
                # "creator" and emulate this form here
                return sync_engine.dialect.dbapi.connect(  # type: ignore
                    async_creator_fn=async_creator
                )

            kw["creator"] = creator
&gt;       sync_engine = _create_engine(url, **kw)
                      ^^^^^^^^^^^^^^^^^^^^^^^^^

/usr/local/lib/python3.11/dist-packages/sqlalchemy/ext/asyncio/engine.py:120:
_ _ _ _ _ _ _ _ _ _ _ _ _ _ _ _ _ _ _ _ _ _ _ _ _ _ _ _ _ _ _ _ _ _ _ _ _ _ _ _

url = 'sqlite+aiosqlite:///:memory:'
kwargs = {'_is_async': True, 'connect_args': {'check_same_thread': False}, 'poolclass': &lt;class 'sqlalchemy.pool.impl.StaticPool'&gt;}

&gt;   ???

&lt;string&gt;:2:
_ _ _ _ _ _ _ _ _ _ _ _ _ _ _ _ _ _ _ _ _ _ _ _ _ _ _ _ _ _ _ _ _ _ _ _ _ _ _ _

fn = &lt;function create_engine at 0x7f8919b2aac0&gt;
args = ('sqlite+aiosqlite:///:memory:',)
kwargs = {'_is_async': True, 'connect_args': {'check_same_thread': False}, 'poolclass': &lt;class 'sqlalchemy.pool.impl.StaticPool'&gt;}
m = 'implicit_returning'

    @decorator
    def warned(fn: _F, *args: Any, **kwargs: Any) -&gt; _F:
        for m in check_defaults:
            if (defaults[m] is None and kwargs[m] is not None) or (
                defaults[m] is not None and kwargs[m] != defaults[m]
            ):
                _warn_with_version(
                    messages[m],
                    versions[m],
                    version_warnings[m],
                    stacklevel=3,
                )

        if check_any_kw in messages and set(kwargs).difference(
            check_defaults
        ):
            assert check_any_kw is not None
            _warn_with_version(
                messages[check_any_kw],
                versions[check_any_kw],
                version_warnings[check_any_kw],
                stacklevel=3,
            )

        for m in check_kw:
            if m in kwargs:
                _warn_with_version(
                    messages[m],
                    versions[m],
                    version_warnings[m],
                    stacklevel=3,
                )
&gt;       return fn(*args, **kwargs)  # type: ignore[no-any-return]
               ^^^^^^^^^^^^^^^^^^^

/usr/local/lib/python3.11/dist-packages/sqlalchemy/util/deprecations.py:281:
_ _ _ _ _ _ _ _ _ _ _ _ _ _ _ _ _ _ _ _ _ _ _ _ _ _ _ _ _ _ _ _ _ _ _ _ _ _ _ _

url = 'sqlite+aiosqlite:///:memory:'
kwargs = {'connect_args': {'check_same_thread': False}, 'poolclass': &lt;class 'sqlalchemy.pool.impl.StaticPool'&gt;}
u = sqlite+aiosqlite:///:memory:, plugins = []
entrypoint = &lt;class 'sqlalchemy.dialects.sqlite.aiosqlite.SQLiteDialect_aiosqlite'&gt;
_is_async = True
pop_kwarg = &lt;built-in method pop of dict object at 0x7f881f8be200&gt;
dialect_args = {}

    @util.deprecated_params(
        strategy=(
            "1.4",
            "The :paramref:`_sa.create_engine.strategy` keyword is deprecated, "
            "and the only argument accepted is 'mock'; please use "
            ":func:`.create_mock_engine` going forward.  For general "
            "customization of create_engine which may have been accomplished "
            "using strategies, see :class:`.CreateEnginePlugin`.",
        ),
        empty_in_strategy=(
            "1.4",
            "The :paramref:`_sa.create_engine.empty_in_strategy` keyword is "
            "deprecated, and no longer has any effect.  All IN expressions "
            "are now rendered using "
            'the "expanding parameter" strategy which renders a set of bound'
            'expressions, or an "empty set" SELECT, at statement execution'
            "time.",
        ),
        implicit_returning=(
            "2.0",
            "The :paramref:`_sa.create_engine.implicit_returning` parameter "
            "is deprecated and will be removed in a future release. ",
        ),
    )
    def create_engine(url: Union[str, _url.URL], **kwargs: Any) -&gt; Engine:
        """Create a new :class:`_engine.Engine` instance.

        The standard calling form is to send the :ref:`URL &lt;database_urls&gt;` as the
        first positional argument, usually a string
        that indicates database dialect and connection arguments::

            engine = create_engine("postgresql+psycopg2://scott:tiger@localhost/test")

        .. note::

            Please review :ref:`database_urls` for general guidelines in composing
            URL strings.  In particular, special characters, such as those often
            part of passwords, must be URL encoded to be properly parsed.

        Additional keyword arguments may then follow it which
        establish various options on the resulting :class:`_engine.Engine`
        and its underlying :class:`.Dialect` and :class:`_pool.Pool`
        constructs::

            engine = create_engine(
                "mysql+mysqldb://scott:tiger@hostname/dbname",
                pool_recycle=3600,
                echo=True,
            )

        The string form of the URL is
        ``dialect[+driver]://user:password@host/dbname[?key=value..]``, where
        ``dialect`` is a database name such as ``mysql``, ``oracle``,
        ``postgresql``, etc., and ``driver`` the name of a DBAPI, such as
        ``psycopg2``, ``pyodbc``, ``cx_oracle``, etc.  Alternatively,
        the URL can be an instance of :class:`~sqlalchemy.engine.url.URL`.

        ``**kwargs`` takes a wide variety of options which are routed
        towards their appropriate components.  Arguments may be specific to
        the :class:`_engine.Engine`, the underlying :class:`.Dialect`,
        as well as the
        :class:`_pool.Pool`.  Specific dialects also accept keyword arguments that
        are unique to that dialect.   Here, we describe the parameters
        that are common to most :func:`_sa.create_engine()` usage.

        Once established, the newly resulting :class:`_engine.Engine` will
        request a connection from the underlying :class:`_pool.Pool` once
        :meth:`_engine.Engine.connect` is called, or a method which depends on it
        such as :meth:`_engine.Engine.execute` is invoked.   The
        :class:`_pool.Pool` in turn
        will establish the first actual DBAPI connection when this request
        is received.   The :func:`_sa.create_engine` call itself does **not**
        establish any actual DBAPI connections directly.

        .. seealso::

            :doc:`/core/engines`

            :doc:`/dialects/index`

            :ref:`connections_toplevel`

        :param connect_args: a dictionary of options which will be
            passed directly to the DBAPI's ``connect()`` method as
            additional keyword arguments.  See the example
            at :ref:`custom_dbapi_args`.

        :param creator: a callable which returns a DBAPI connection.
            This creation function will be passed to the underlying
            connection pool and will be used to create all new database
            connections. Usage of this function causes connection
            parameters specified in the URL argument to be bypassed.

            This hook is not as flexible as the newer
            :meth:`_events.DialectEvents.do_connect` hook which allows complete
            control over how a connection is made to the database, given the full
            set of URL arguments and state beforehand.

            .. seealso::

                :meth:`_events.DialectEvents.do_connect` - event hook that allows
                full control over DBAPI connection mechanics.

                :ref:`custom_dbapi_args`

        :param echo=False: if True, the Engine will log all statements
            as well as a ``repr()`` of their parameter lists to the default log
            handler, which defaults to ``sys.stdout`` for output.   If set to the
            string ``"debug"``, result rows will be printed to the standard output
            as well. The ``echo`` attribute of ``Engine`` can be modified at any
            time to turn logging on and off; direct control of logging is also
            available using the standard Python ``logging`` module.

            .. seealso::

                :ref:`dbengine_logging` - further detail on how to configure
                logging.


        :param echo_pool=False: if True, the connection pool will log
            informational output such as when connections are invalidated
            as well as when connections are recycled to the default log handler,
            which defaults to ``sys.stdout`` for output.   If set to the string
            ``"debug"``, the logging will include pool checkouts and checkins.
            Direct control of logging is also available using the standard Python
            ``logging`` module.

            .. seealso::

                :ref:`dbengine_logging` - further detail on how to configure
                logging.


        :param empty_in_strategy:   No longer used; SQLAlchemy now uses
            "empty set" behavior for IN in all cases.

        :param enable_from_linting: defaults to True.  Will emit a warning
            if a given SELECT statement is found to have un-linked FROM elements
            which would cause a cartesian product.

            .. versionadded:: 1.4

            .. seealso::

                :ref:`change_4737`

        :param execution_options: Dictionary execution options which will
            be applied to all connections.  See
            :meth:`~sqlalchemy.engine.Connection.execution_options`

        :param future: Use the 2.0 style :class:`_engine.Engine` and
            :class:`_engine.Connection` API.

            As of SQLAlchemy 2.0, this parameter is present for backwards
            compatibility only and must remain at its default value of ``True``.

            The :paramref:`_sa.create_engine.future` parameter will be
            deprecated in a subsequent 2.x release and eventually removed.

            .. versionadded:: 1.4

            .. versionchanged:: 2.0 All :class:`_engine.Engine` objects are
               "future" style engines and there is no longer a ``future=False``
               mode of operation.

            .. seealso::

                :ref:`migration_20_toplevel`

        :param hide_parameters: Boolean, when set to True, SQL statement parameters
            will not be displayed in INFO logging nor will they be formatted into
            the string representation of :class:`.StatementError` objects.

            .. versionadded:: 1.3.8

            .. seealso::

                :ref:`dbengine_logging` - further detail on how to configure
                logging.

        :param implicit_returning=True:  Legacy parameter that may only be set
            to True. In SQLAlchemy 2.0, this parameter does nothing. In order to
            disable "implicit returning" for statements invoked by the ORM,
            configure this on a per-table basis using the
            :paramref:`.Table.implicit_returning` parameter.


        :param insertmanyvalues_page_size: number of rows to format into an
         INSERT statement when the statement uses "insertmanyvalues" mode, which is
         a paged form of bulk insert that is used for many backends when using
         :term:`executemany` execution typically in conjunction with RETURNING.
         Defaults to 1000, but may also be subject to dialect-specific limiting
         factors which may override this value on a per-statement basis.

         .. versionadded:: 2.0

         .. seealso::

            :ref:`engine_insertmanyvalues`

            :ref:`engine_insertmanyvalues_page_size`

            :paramref:`_engine.Connection.execution_options.insertmanyvalues_page_size`

        :param isolation_level: optional string name of an isolation level
            which will be set on all new connections unconditionally.
            Isolation levels are typically some subset of the string names
            ``"SERIALIZABLE"``, ``"REPEATABLE READ"``,
            ``"READ COMMITTED"``, ``"READ UNCOMMITTED"`` and ``"AUTOCOMMIT"``
            based on backend.

            The :paramref:`_sa.create_engine.isolation_level` parameter is
            in contrast to the
            :paramref:`.Connection.execution_options.isolation_level`
            execution option, which may be set on an individual
            :class:`.Connection`, as well as the same parameter passed to
            :meth:`.Engine.execution_options`, where it may be used to create
            multiple engines with different isolation levels that share a common
            connection pool and dialect.

            .. versionchanged:: 2.0 The
               :paramref:`_sa.create_engine.isolation_level`
               parameter has been generalized to work on all dialects which support
               the concept of isolation level, and is provided as a more succinct,
               up front configuration switch in contrast to the execution option
               which is more of an ad-hoc programmatic option.

            .. seealso::

                :ref:`dbapi_autocommit`

        :param json_deserializer: for dialects that support the
            :class:`_types.JSON`
            datatype, this is a Python callable that will convert a JSON string
            to a Python object.  By default, the Python ``json.loads`` function is
            used.

            .. versionchanged:: 1.3.7  The SQLite dialect renamed this from
               ``_json_deserializer``.

        :param json_serializer: for dialects that support the :class:`_types.JSON`
            datatype, this is a Python callable that will render a given object
            as JSON.   By default, the Python ``json.dumps`` function is used.

            .. versionchanged:: 1.3.7  The SQLite dialect renamed this from
               ``_json_serializer``.


        :param label_length=None: optional integer value which limits
            the size of dynamically generated column labels to that many
            characters. If less than 6, labels are generated as
            "_(counter)". If ``None``, the value of
            ``dialect.max_identifier_length``, which may be affected via the
            :paramref:`_sa.create_engine.max_identifier_length` parameter,
            is used instead.   The value of
            :paramref:`_sa.create_engine.label_length`
            may not be larger than that of
            :paramref:`_sa.create_engine.max_identfier_length`.

            .. seealso::

                :paramref:`_sa.create_engine.max_identifier_length`

        :param logging_name:  String identifier which will be used within
            the "name" field of logging records generated within the
            "sqlalchemy.engine" logger. Defaults to a hexstring of the
            object's id.

            .. seealso::

                :ref:`dbengine_logging` - further detail on how to configure
                logging.

                :paramref:`_engine.Connection.execution_options.logging_token`

        :param max_identifier_length: integer; override the max_identifier_length
            determined by the dialect.  if ``None`` or zero, has no effect.  This
            is the database's configured maximum number of characters that may be
            used in a SQL identifier such as a table name, column name, or label
            name. All dialects determine this value automatically, however in the
            case of a new database version for which this value has changed but
            SQLAlchemy's dialect has not been adjusted, the value may be passed
            here.

            .. versionadded:: 1.3.9

            .. seealso::

                :paramref:`_sa.create_engine.label_length`

        :param max_overflow=10: the number of connections to allow in
            connection pool "overflow", that is connections that can be
            opened above and beyond the pool_size setting, which defaults
            to five. this is only used with :class:`~sqlalchemy.pool.QueuePool`.

        :param module=None: reference to a Python module object (the module
            itself, not its string name).  Specifies an alternate DBAPI module to
            be used by the engine's dialect.  Each sub-dialect references a
            specific DBAPI which will be imported before first connect.  This
            parameter causes the import to be bypassed, and the given module to
            be used instead. Can be used for testing of DBAPIs as well as to
            inject "mock" DBAPI implementations into the :class:`_engine.Engine`.

        :param paramstyle=None: The `paramstyle &lt;https://legacy.python.org/dev/peps/pep-0249/#paramstyle&gt;`_
            to use when rendering bound parameters.  This style defaults to the
            one recommended by the DBAPI itself, which is retrieved from the
            ``.paramstyle`` attribute of the DBAPI.  However, most DBAPIs accept
            more than one paramstyle, and in particular it may be desirable
            to change a "named" paramstyle into a "positional" one, or vice versa.
            When this attribute is passed, it should be one of the values
            ``"qmark"``, ``"numeric"``, ``"named"``, ``"format"`` or
            ``"pyformat"``, and should correspond to a parameter style known
            to be supported by the DBAPI in use.

        :param pool=None: an already-constructed instance of
            :class:`~sqlalchemy.pool.Pool`, such as a
            :class:`~sqlalchemy.pool.QueuePool` instance. If non-None, this
            pool will be used directly as the underlying connection pool
            for the engine, bypassing whatever connection parameters are
            present in the URL argument. For information on constructing
            connection pools manually, see :ref:`pooling_toplevel`.

        :param poolclass=None: a :class:`~sqlalchemy.pool.Pool`
            subclass, which will be used to create a connection pool
            instance using the connection parameters given in the URL. Note
            this differs from ``pool`` in that you don't actually
            instantiate the pool in this case, you just indicate what type
            of pool to be used.

        :param pool_logging_name:  String identifier which will be used within
           the "name" field of logging records generated within the
           "sqlalchemy.pool" logger. Defaults to a hexstring of the object's
           id.

           .. seealso::

                :ref:`dbengine_logging` - further detail on how to configure
                logging.

        :param pool_pre_ping: boolean, if True will enable the connection pool
            "pre-ping" feature that tests connections for liveness upon
            each checkout.

            .. versionadded:: 1.2

            .. seealso::

                :ref:`pool_disconnects_pessimistic`

        :param pool_size=5: the number of connections to keep open
            inside the connection pool. This used with
            :class:`~sqlalchemy.pool.QueuePool` as
            well as :class:`~sqlalchemy.pool.SingletonThreadPool`.  With
            :class:`~sqlalchemy.pool.QueuePool`, a ``pool_size`` setting
            of 0 indicates no limit; to disable pooling, set ``poolclass`` to
            :class:`~sqlalchemy.pool.NullPool` instead.

        :param pool_recycle=-1: this setting causes the pool to recycle
            connections after the given number of seconds has passed. It
            defaults to -1, or no timeout. For example, setting to 3600
            means connections will be recycled after one hour. Note that
            MySQL in particular will disconnect automatically if no
            activity is detected on a connection for eight hours (although
            this is configurable with the MySQLDB connection itself and the
            server configuration as well).

            .. seealso::

                :ref:`pool_setting_recycle`

        :param pool_reset_on_return='rollback': set the
            :paramref:`_pool.Pool.reset_on_return` parameter of the underlying
            :class:`_pool.Pool` object, which can be set to the values
            ``"rollback"``, ``"commit"``, or ``None``.

            .. seealso::

                :ref:`pool_reset_on_return`

                :ref:`dbapi_autocommit_skip_rollback` - a more modern approach
                to using connections with no transactional instructions

        :param pool_timeout=30: number of seconds to wait before giving
            up on getting a connection from the pool. This is only used
            with :class:`~sqlalchemy.pool.QueuePool`. This can be a float but is
            subject to the limitations of Python time functions which may not be
            reliable in the tens of milliseconds.

            .. note: don't use 30.0 above, it seems to break with the :param tag

        :param pool_use_lifo=False: use LIFO (last-in-first-out) when retrieving
            connections from :class:`.QueuePool` instead of FIFO
            (first-in-first-out). Using LIFO, a server-side timeout scheme can
            reduce the number of connections used during non- peak   periods of
            use.   When planning for server-side timeouts, ensure that a recycle or
            pre-ping strategy is in use to gracefully   handle stale connections.

              .. versionadded:: 1.3

              .. seealso::

                :ref:`pool_use_lifo`

                :ref:`pool_disconnects`

        :param plugins: string list of plugin names to load.  See
            :class:`.CreateEnginePlugin` for background.

            .. versionadded:: 1.2.3

        :param query_cache_size: size of the cache used to cache the SQL string
         form of queries.  Set to zero to disable caching.

         The cache is pruned of its least recently used items when its size reaches
         N * 1.5.  Defaults to 500, meaning the cache will always store at least
         500 SQL statements when filled, and will grow up to 750 items at which
         point it is pruned back down to 500 by removing the 250 least recently
         used items.

         Caching is accomplished on a per-statement basis by generating a
         cache key that represents the statement's structure, then generating
         string SQL for the current dialect only if that key is not present
         in the cache.   All statements support caching, however some features
         such as an INSERT with a large set of parameters will intentionally
         bypass the cache.   SQL logging will indicate statistics for each
         statement whether or not it were pull from the cache.

         .. note:: some ORM functions related to unit-of-work persistence as well
            as some attribute loading strategies will make use of individual
            per-mapper caches outside of the main cache.


         .. seealso::

            :ref:`sql_caching`

         .. versionadded:: 1.4

        :param skip_autocommit_rollback: When True, the dialect will
           unconditionally skip all calls to the DBAPI ``connection.rollback()``
           method if the DBAPI connection is confirmed to be in "autocommit" mode.
           The availability of this feature is dialect specific; if not available,
           a ``NotImplementedError`` is raised by the dialect when rollback occurs.

           .. seealso::

                :ref:`dbapi_autocommit_skip_rollback`

           .. versionadded:: 2.0.43

        :param use_insertmanyvalues: True by default, use the "insertmanyvalues"
         execution style for INSERT..RETURNING statements by default.

         .. versionadded:: 2.0

         .. seealso::

            :ref:`engine_insertmanyvalues`

        """  # noqa

        if "strategy" in kwargs:
            strat = kwargs.pop("strategy")
            if strat == "mock":
                # this case is deprecated
                return create_mock_engine(url, **kwargs)  # type: ignore
            else:
                raise exc.ArgumentError("unknown strategy: %r" % strat)

        kwargs.pop("empty_in_strategy", None)

        # create url.URL object
        u = _url.make_url(url)

        u, plugins, kwargs = u._instantiate_plugins(kwargs)

        entrypoint = u._get_entrypoint()
        _is_async = kwargs.pop("_is_async", False)
        if _is_async:
            dialect_cls = entrypoint.get_async_dialect_cls(u)
        else:
            dialect_cls = entrypoint.get_dialect_cls(u)

        if kwargs.pop("_coerce_config", False):

            def pop_kwarg(key: str, default: Optional[Any] = None) -&gt; Any:
                value = kwargs.pop(key, default)
                if key in dialect_cls.engine_config_types:
                    value = dialect_cls.engine_config_types[key](value)
                return value

        else:
            pop_kwarg = kwargs.pop  # type: ignore

        dialect_args = {}
        # consume dialect arguments from kwargs
        for k in util.get_cls_kwargs(dialect_cls):
            if k in kwargs:
                dialect_args[k] = pop_kwarg(k)

        dbapi = kwargs.pop("module", None)
        if dbapi is None:
            dbapi_args = {}

            if "import_dbapi" in dialect_cls.__dict__:
                dbapi_meth = dialect_cls.import_dbapi

            elif hasattr(dialect_cls, "dbapi") and inspect.ismethod(
                dialect_cls.dbapi
            ):
                util.warn_deprecated(
                    "The dbapi() classmethod on dialect classes has been "
                    "renamed to import_dbapi().  Implement an import_dbapi() "
                    f"classmethod directly on class {dialect_cls} to remove this "
                    "warning; the old .dbapi() classmethod may be maintained for "
                    "backwards compatibility.",
                    "2.0",
                )
                dbapi_meth = dialect_cls.dbapi
            else:
                dbapi_meth = dialect_cls.import_dbapi

            for k in util.get_func_kwargs(dbapi_meth):
                if k in kwargs:
                    dbapi_args[k] = pop_kwarg(k)
&gt;           dbapi = dbapi_meth(**dbapi_args)
                    ^^^^^^^^^^^^^^^^^^^^^^^^

/usr/local/lib/python3.11/dist-packages/sqlalchemy/engine/create.py:617:
_ _ _ _ _ _ _ _ _ _ _ _ _ _ _ _ _ _ _ _ _ _ _ _ _ _ _ _ _ _ _ _ _ _ _ _ _ _ _ _

cls = &lt;class 'sqlalchemy.dialects.sqlite.aiosqlite.SQLiteDialect_aiosqlite'&gt;

    @classmethod
    def import_dbapi(cls) -&gt; AsyncAdapt_aiosqlite_dbapi:
        return AsyncAdapt_aiosqlite_dbapi(
&gt;           __import__("aiosqlite"), __import__("sqlite3")
            ^^^^^^^^^^^^^^^^^^^^^^^
        )
E       ModuleNotFoundError: No module named 'aiosqlite'

/usr/local/lib/python3.11/dist-packages/sqlalchemy/dialects/sqlite/aiosqlite.py:449: ModuleNotFoundError</error></testcase><testcase classname="tests.integration.test_repository_db.TestTradeRepository" name="test_get_by_client_order_id" time="0.001"><error message="failed on setup with &quot;ModuleNotFoundError: No module named 'aiosqlite'&quot;">@pytest.fixture(scope="module")
    def async_engine():
        """Module-scoped async engine with tables created once."""
        import asyncio

&gt;       eng = create_async_engine(
            _ASYNC_URL,
            connect_args={"check_same_thread": False},
            poolclass=StaticPool,
        )

tests/integration/test_repository_db.py:78:
_ _ _ _ _ _ _ _ _ _ _ _ _ _ _ _ _ _ _ _ _ _ _ _ _ _ _ _ _ _ _ _ _ _ _ _ _ _ _ _

func = &lt;function create_async_engine at 0x7f8919a142c0&gt;, module = None
args = ('sqlite+aiosqlite:///:memory:',)
kwargs = {'connect_args': {'check_same_thread': False}, 'poolclass': &lt;class 'sqlalchemy.pool.impl.StaticPool'&gt;}

    def _wrap_create_async_engine_internal(func, module, args, kwargs):
        """Trace the SQLAlchemy engine, creating an `EngineTracer`
        object that will listen to SQLAlchemy events.
        """
        if not is_instrumentation_enabled():
            return func(*args, **kwargs)

&gt;       engine = func(*args, **kwargs)
                 ^^^^^^^^^^^^^^^^^^^^^

/usr/local/lib/python3.11/dist-packages/opentelemetry/instrumentation/sqlalchemy/engine.py:139:
_ _ _ _ _ _ _ _ _ _ _ _ _ _ _ _ _ _ _ _ _ _ _ _ _ _ _ _ _ _ _ _ _ _ _ _ _ _ _ _

url = 'sqlite+aiosqlite:///:memory:'
kw = {'_is_async': True, 'connect_args': {'check_same_thread': False}, 'poolclass': &lt;class 'sqlalchemy.pool.impl.StaticPool'&gt;}

    def create_async_engine(url: Union[str, URL], **kw: Any) -&gt; AsyncEngine:
        """Create a new async engine instance.

        Arguments passed to :func:`_asyncio.create_async_engine` are mostly
        identical to those passed to the :func:`_sa.create_engine` function.
        The specified dialect must be an asyncio-compatible dialect
        such as :ref:`dialect-postgresql-asyncpg`.

        .. versionadded:: 1.4

        :param async_creator: an async callable which returns a driver-level
            asyncio connection. If given, the function should take no arguments,
            and return a new asyncio connection from the underlying asyncio
            database driver; the connection will be wrapped in the appropriate
            structures to be used with the :class:`.AsyncEngine`.   Note that the
            parameters specified in the URL are not applied here, and the creator
            function should use its own connection parameters.

            This parameter is the asyncio equivalent of the
            :paramref:`_sa.create_engine.creator` parameter of the
            :func:`_sa.create_engine` function.

            .. versionadded:: 2.0.16

        """

        if kw.get("server_side_cursors", False):
            raise async_exc.AsyncMethodRequired(
                "Can't set server_side_cursors for async engine globally; "
                "use the connection.stream() method for an async "
                "streaming result set"
            )
        kw["_is_async"] = True
        async_creator = kw.pop("async_creator", None)
        if async_creator:
            if kw.get("creator", None):
                raise ArgumentError(
                    "Can only specify one of 'async_creator' or 'creator', "
                    "not both."
                )

            def creator() -&gt; Any:
                # note that to send adapted arguments like
                # prepared_statement_cache_size, user would use
                # "creator" and emulate this form here
                return sync_engine.dialect.dbapi.connect(  # type: ignore
                    async_creator_fn=async_creator
                )

            kw["creator"] = creator
&gt;       sync_engine = _create_engine(url, **kw)
                      ^^^^^^^^^^^^^^^^^^^^^^^^^

/usr/local/lib/python3.11/dist-packages/sqlalchemy/ext/asyncio/engine.py:120:
_ _ _ _ _ _ _ _ _ _ _ _ _ _ _ _ _ _ _ _ _ _ _ _ _ _ _ _ _ _ _ _ _ _ _ _ _ _ _ _

url = 'sqlite+aiosqlite:///:memory:'
kwargs = {'_is_async': True, 'connect_args': {'check_same_thread': False}, 'poolclass': &lt;class 'sqlalchemy.pool.impl.StaticPool'&gt;}

&gt;   ???

&lt;string&gt;:2:
_ _ _ _ _ _ _ _ _ _ _ _ _ _ _ _ _ _ _ _ _ _ _ _ _ _ _ _ _ _ _ _ _ _ _ _ _ _ _ _

fn = &lt;function create_engine at 0x7f8919b2aac0&gt;
args = ('sqlite+aiosqlite:///:memory:',)
kwargs = {'_is_async': True, 'connect_args': {'check_same_thread': False}, 'poolclass': &lt;class 'sqlalchemy.pool.impl.StaticPool'&gt;}
m = 'implicit_returning'

    @decorator
    def warned(fn: _F, *args: Any, **kwargs: Any) -&gt; _F:
        for m in check_defaults:
            if (defaults[m] is None and kwargs[m] is not None) or (
                defaults[m] is not None and kwargs[m] != defaults[m]
            ):
                _warn_with_version(
                    messages[m],
                    versions[m],
                    version_warnings[m],
                    stacklevel=3,
                )

        if check_any_kw in messages and set(kwargs).difference(
            check_defaults
        ):
            assert check_any_kw is not None
            _warn_with_version(
                messages[check_any_kw],
                versions[check_any_kw],
                version_warnings[check_any_kw],
                stacklevel=3,
            )

        for m in check_kw:
            if m in kwargs:
                _warn_with_version(
                    messages[m],
                    versions[m],
                    version_warnings[m],
                    stacklevel=3,
                )
&gt;       return fn(*args, **kwargs)  # type: ignore[no-any-return]
               ^^^^^^^^^^^^^^^^^^^

/usr/local/lib/python3.11/dist-packages/sqlalchemy/util/deprecations.py:281:
_ _ _ _ _ _ _ _ _ _ _ _ _ _ _ _ _ _ _ _ _ _ _ _ _ _ _ _ _ _ _ _ _ _ _ _ _ _ _ _

url = 'sqlite+aiosqlite:///:memory:'
kwargs = {'connect_args': {'check_same_thread': False}, 'poolclass': &lt;class 'sqlalchemy.pool.impl.StaticPool'&gt;}
u = sqlite+aiosqlite:///:memory:, plugins = []
entrypoint = &lt;class 'sqlalchemy.dialects.sqlite.aiosqlite.SQLiteDialect_aiosqlite'&gt;
_is_async = True
pop_kwarg = &lt;built-in method pop of dict object at 0x7f881f8be200&gt;
dialect_args = {}

    @util.deprecated_params(
        strategy=(
            "1.4",
            "The :paramref:`_sa.create_engine.strategy` keyword is deprecated, "
            "and the only argument accepted is 'mock'; please use "
            ":func:`.create_mock_engine` going forward.  For general "
            "customization of create_engine which may have been accomplished "
            "using strategies, see :class:`.CreateEnginePlugin`.",
        ),
        empty_in_strategy=(
            "1.4",
            "The :paramref:`_sa.create_engine.empty_in_strategy` keyword is "
            "deprecated, and no longer has any effect.  All IN expressions "
            "are now rendered using "
            'the "expanding parameter" strategy which renders a set of bound'
            'expressions, or an "empty set" SELECT, at statement execution'
            "time.",
        ),
        implicit_returning=(
            "2.0",
            "The :paramref:`_sa.create_engine.implicit_returning` parameter "
            "is deprecated and will be removed in a future release. ",
        ),
    )
    def create_engine(url: Union[str, _url.URL], **kwargs: Any) -&gt; Engine:
        """Create a new :class:`_engine.Engine` instance.

        The standard calling form is to send the :ref:`URL &lt;database_urls&gt;` as the
        first positional argument, usually a string
        that indicates database dialect and connection arguments::

            engine = create_engine("postgresql+psycopg2://scott:tiger@localhost/test")

        .. note::

            Please review :ref:`database_urls` for general guidelines in composing
            URL strings.  In particular, special characters, such as those often
            part of passwords, must be URL encoded to be properly parsed.

        Additional keyword arguments may then follow it which
        establish various options on the resulting :class:`_engine.Engine`
        and its underlying :class:`.Dialect` and :class:`_pool.Pool`
        constructs::

            engine = create_engine(
                "mysql+mysqldb://scott:tiger@hostname/dbname",
                pool_recycle=3600,
                echo=True,
            )

        The string form of the URL is
        ``dialect[+driver]://user:password@host/dbname[?key=value..]``, where
        ``dialect`` is a database name such as ``mysql``, ``oracle``,
        ``postgresql``, etc., and ``driver`` the name of a DBAPI, such as
        ``psycopg2``, ``pyodbc``, ``cx_oracle``, etc.  Alternatively,
        the URL can be an instance of :class:`~sqlalchemy.engine.url.URL`.

        ``**kwargs`` takes a wide variety of options which are routed
        towards their appropriate components.  Arguments may be specific to
        the :class:`_engine.Engine`, the underlying :class:`.Dialect`,
        as well as the
        :class:`_pool.Pool`.  Specific dialects also accept keyword arguments that
        are unique to that dialect.   Here, we describe the parameters
        that are common to most :func:`_sa.create_engine()` usage.

        Once established, the newly resulting :class:`_engine.Engine` will
        request a connection from the underlying :class:`_pool.Pool` once
        :meth:`_engine.Engine.connect` is called, or a method which depends on it
        such as :meth:`_engine.Engine.execute` is invoked.   The
        :class:`_pool.Pool` in turn
        will establish the first actual DBAPI connection when this request
        is received.   The :func:`_sa.create_engine` call itself does **not**
        establish any actual DBAPI connections directly.

        .. seealso::

            :doc:`/core/engines`

            :doc:`/dialects/index`

            :ref:`connections_toplevel`

        :param connect_args: a dictionary of options which will be
            passed directly to the DBAPI's ``connect()`` method as
            additional keyword arguments.  See the example
            at :ref:`custom_dbapi_args`.

        :param creator: a callable which returns a DBAPI connection.
            This creation function will be passed to the underlying
            connection pool and will be used to create all new database
            connections. Usage of this function causes connection
            parameters specified in the URL argument to be bypassed.

            This hook is not as flexible as the newer
            :meth:`_events.DialectEvents.do_connect` hook which allows complete
            control over how a connection is made to the database, given the full
            set of URL arguments and state beforehand.

            .. seealso::

                :meth:`_events.DialectEvents.do_connect` - event hook that allows
                full control over DBAPI connection mechanics.

                :ref:`custom_dbapi_args`

        :param echo=False: if True, the Engine will log all statements
            as well as a ``repr()`` of their parameter lists to the default log
            handler, which defaults to ``sys.stdout`` for output.   If set to the
            string ``"debug"``, result rows will be printed to the standard output
            as well. The ``echo`` attribute of ``Engine`` can be modified at any
            time to turn logging on and off; direct control of logging is also
            available using the standard Python ``logging`` module.

            .. seealso::

                :ref:`dbengine_logging` - further detail on how to configure
                logging.


        :param echo_pool=False: if True, the connection pool will log
            informational output such as when connections are invalidated
            as well as when connections are recycled to the default log handler,
            which defaults to ``sys.stdout`` for output.   If set to the string
            ``"debug"``, the logging will include pool checkouts and checkins.
            Direct control of logging is also available using the standard Python
            ``logging`` module.

            .. seealso::

                :ref:`dbengine_logging` - further detail on how to configure
                logging.


        :param empty_in_strategy:   No longer used; SQLAlchemy now uses
            "empty set" behavior for IN in all cases.

        :param enable_from_linting: defaults to True.  Will emit a warning
            if a given SELECT statement is found to have un-linked FROM elements
            which would cause a cartesian product.

            .. versionadded:: 1.4

            .. seealso::

                :ref:`change_4737`

        :param execution_options: Dictionary execution options which will
            be applied to all connections.  See
            :meth:`~sqlalchemy.engine.Connection.execution_options`

        :param future: Use the 2.0 style :class:`_engine.Engine` and
            :class:`_engine.Connection` API.

            As of SQLAlchemy 2.0, this parameter is present for backwards
            compatibility only and must remain at its default value of ``True``.

            The :paramref:`_sa.create_engine.future` parameter will be
            deprecated in a subsequent 2.x release and eventually removed.

            .. versionadded:: 1.4

            .. versionchanged:: 2.0 All :class:`_engine.Engine` objects are
               "future" style engines and there is no longer a ``future=False``
               mode of operation.

            .. seealso::

                :ref:`migration_20_toplevel`

        :param hide_parameters: Boolean, when set to True, SQL statement parameters
            will not be displayed in INFO logging nor will they be formatted into
            the string representation of :class:`.StatementError` objects.

            .. versionadded:: 1.3.8

            .. seealso::

                :ref:`dbengine_logging` - further detail on how to configure
                logging.

        :param implicit_returning=True:  Legacy parameter that may only be set
            to True. In SQLAlchemy 2.0, this parameter does nothing. In order to
            disable "implicit returning" for statements invoked by the ORM,
            configure this on a per-table basis using the
            :paramref:`.Table.implicit_returning` parameter.


        :param insertmanyvalues_page_size: number of rows to format into an
         INSERT statement when the statement uses "insertmanyvalues" mode, which is
         a paged form of bulk insert that is used for many backends when using
         :term:`executemany` execution typically in conjunction with RETURNING.
         Defaults to 1000, but may also be subject to dialect-specific limiting
         factors which may override this value on a per-statement basis.

         .. versionadded:: 2.0

         .. seealso::

            :ref:`engine_insertmanyvalues`

            :ref:`engine_insertmanyvalues_page_size`

            :paramref:`_engine.Connection.execution_options.insertmanyvalues_page_size`

        :param isolation_level: optional string name of an isolation level
            which will be set on all new connections unconditionally.
            Isolation levels are typically some subset of the string names
            ``"SERIALIZABLE"``, ``"REPEATABLE READ"``,
            ``"READ COMMITTED"``, ``"READ UNCOMMITTED"`` and ``"AUTOCOMMIT"``
            based on backend.

            The :paramref:`_sa.create_engine.isolation_level` parameter is
            in contrast to the
            :paramref:`.Connection.execution_options.isolation_level`
            execution option, which may be set on an individual
            :class:`.Connection`, as well as the same parameter passed to
            :meth:`.Engine.execution_options`, where it may be used to create
            multiple engines with different isolation levels that share a common
            connection pool and dialect.

            .. versionchanged:: 2.0 The
               :paramref:`_sa.create_engine.isolation_level`
               parameter has been generalized to work on all dialects which support
               the concept of isolation level, and is provided as a more succinct,
               up front configuration switch in contrast to the execution option
               which is more of an ad-hoc programmatic option.

            .. seealso::

                :ref:`dbapi_autocommit`

        :param json_deserializer: for dialects that support the
            :class:`_types.JSON`
            datatype, this is a Python callable that will convert a JSON string
            to a Python object.  By default, the Python ``json.loads`` function is
            used.

            .. versionchanged:: 1.3.7  The SQLite dialect renamed this from
               ``_json_deserializer``.

        :param json_serializer: for dialects that support the :class:`_types.JSON`
            datatype, this is a Python callable that will render a given object
            as JSON.   By default, the Python ``json.dumps`` function is used.

            .. versionchanged:: 1.3.7  The SQLite dialect renamed this from
               ``_json_serializer``.


        :param label_length=None: optional integer value which limits
            the size of dynamically generated column labels to that many
            characters. If less than 6, labels are generated as
            "_(counter)". If ``None``, the value of
            ``dialect.max_identifier_length``, which may be affected via the
            :paramref:`_sa.create_engine.max_identifier_length` parameter,
            is used instead.   The value of
            :paramref:`_sa.create_engine.label_length`
            may not be larger than that of
            :paramref:`_sa.create_engine.max_identfier_length`.

            .. seealso::

                :paramref:`_sa.create_engine.max_identifier_length`

        :param logging_name:  String identifier which will be used within
            the "name" field of logging records generated within the
            "sqlalchemy.engine" logger. Defaults to a hexstring of the
            object's id.

            .. seealso::

                :ref:`dbengine_logging` - further detail on how to configure
                logging.

                :paramref:`_engine.Connection.execution_options.logging_token`

        :param max_identifier_length: integer; override the max_identifier_length
            determined by the dialect.  if ``None`` or zero, has no effect.  This
            is the database's configured maximum number of characters that may be
            used in a SQL identifier such as a table name, column name, or label
            name. All dialects determine this value automatically, however in the
            case of a new database version for which this value has changed but
            SQLAlchemy's dialect has not been adjusted, the value may be passed
            here.

            .. versionadded:: 1.3.9

            .. seealso::

                :paramref:`_sa.create_engine.label_length`

        :param max_overflow=10: the number of connections to allow in
            connection pool "overflow", that is connections that can be
            opened above and beyond the pool_size setting, which defaults
            to five. this is only used with :class:`~sqlalchemy.pool.QueuePool`.

        :param module=None: reference to a Python module object (the module
            itself, not its string name).  Specifies an alternate DBAPI module to
            be used by the engine's dialect.  Each sub-dialect references a
            specific DBAPI which will be imported before first connect.  This
            parameter causes the import to be bypassed, and the given module to
            be used instead. Can be used for testing of DBAPIs as well as to
            inject "mock" DBAPI implementations into the :class:`_engine.Engine`.

        :param paramstyle=None: The `paramstyle &lt;https://legacy.python.org/dev/peps/pep-0249/#paramstyle&gt;`_
            to use when rendering bound parameters.  This style defaults to the
            one recommended by the DBAPI itself, which is retrieved from the
            ``.paramstyle`` attribute of the DBAPI.  However, most DBAPIs accept
            more than one paramstyle, and in particular it may be desirable
            to change a "named" paramstyle into a "positional" one, or vice versa.
            When this attribute is passed, it should be one of the values
            ``"qmark"``, ``"numeric"``, ``"named"``, ``"format"`` or
            ``"pyformat"``, and should correspond to a parameter style known
            to be supported by the DBAPI in use.

        :param pool=None: an already-constructed instance of
            :class:`~sqlalchemy.pool.Pool`, such as a
            :class:`~sqlalchemy.pool.QueuePool` instance. If non-None, this
            pool will be used directly as the underlying connection pool
            for the engine, bypassing whatever connection parameters are
            present in the URL argument. For information on constructing
            connection pools manually, see :ref:`pooling_toplevel`.

        :param poolclass=None: a :class:`~sqlalchemy.pool.Pool`
            subclass, which will be used to create a connection pool
            instance using the connection parameters given in the URL. Note
            this differs from ``pool`` in that you don't actually
            instantiate the pool in this case, you just indicate what type
            of pool to be used.

        :param pool_logging_name:  String identifier which will be used within
           the "name" field of logging records generated within the
           "sqlalchemy.pool" logger. Defaults to a hexstring of the object's
           id.

           .. seealso::

                :ref:`dbengine_logging` - further detail on how to configure
                logging.

        :param pool_pre_ping: boolean, if True will enable the connection pool
            "pre-ping" feature that tests connections for liveness upon
            each checkout.

            .. versionadded:: 1.2

            .. seealso::

                :ref:`pool_disconnects_pessimistic`

        :param pool_size=5: the number of connections to keep open
            inside the connection pool. This used with
            :class:`~sqlalchemy.pool.QueuePool` as
            well as :class:`~sqlalchemy.pool.SingletonThreadPool`.  With
            :class:`~sqlalchemy.pool.QueuePool`, a ``pool_size`` setting
            of 0 indicates no limit; to disable pooling, set ``poolclass`` to
            :class:`~sqlalchemy.pool.NullPool` instead.

        :param pool_recycle=-1: this setting causes the pool to recycle
            connections after the given number of seconds has passed. It
            defaults to -1, or no timeout. For example, setting to 3600
            means connections will be recycled after one hour. Note that
            MySQL in particular will disconnect automatically if no
            activity is detected on a connection for eight hours (although
            this is configurable with the MySQLDB connection itself and the
            server configuration as well).

            .. seealso::

                :ref:`pool_setting_recycle`

        :param pool_reset_on_return='rollback': set the
            :paramref:`_pool.Pool.reset_on_return` parameter of the underlying
            :class:`_pool.Pool` object, which can be set to the values
            ``"rollback"``, ``"commit"``, or ``None``.

            .. seealso::

                :ref:`pool_reset_on_return`

                :ref:`dbapi_autocommit_skip_rollback` - a more modern approach
                to using connections with no transactional instructions

        :param pool_timeout=30: number of seconds to wait before giving
            up on getting a connection from the pool. This is only used
            with :class:`~sqlalchemy.pool.QueuePool`. This can be a float but is
            subject to the limitations of Python time functions which may not be
            reliable in the tens of milliseconds.

            .. note: don't use 30.0 above, it seems to break with the :param tag

        :param pool_use_lifo=False: use LIFO (last-in-first-out) when retrieving
            connections from :class:`.QueuePool` instead of FIFO
            (first-in-first-out). Using LIFO, a server-side timeout scheme can
            reduce the number of connections used during non- peak   periods of
            use.   When planning for server-side timeouts, ensure that a recycle or
            pre-ping strategy is in use to gracefully   handle stale connections.

              .. versionadded:: 1.3

              .. seealso::

                :ref:`pool_use_lifo`

                :ref:`pool_disconnects`

        :param plugins: string list of plugin names to load.  See
            :class:`.CreateEnginePlugin` for background.

            .. versionadded:: 1.2.3

        :param query_cache_size: size of the cache used to cache the SQL string
         form of queries.  Set to zero to disable caching.

         The cache is pruned of its least recently used items when its size reaches
         N * 1.5.  Defaults to 500, meaning the cache will always store at least
         500 SQL statements when filled, and will grow up to 750 items at which
         point it is pruned back down to 500 by removing the 250 least recently
         used items.

         Caching is accomplished on a per-statement basis by generating a
         cache key that represents the statement's structure, then generating
         string SQL for the current dialect only if that key is not present
         in the cache.   All statements support caching, however some features
         such as an INSERT with a large set of parameters will intentionally
         bypass the cache.   SQL logging will indicate statistics for each
         statement whether or not it were pull from the cache.

         .. note:: some ORM functions related to unit-of-work persistence as well
            as some attribute loading strategies will make use of individual
            per-mapper caches outside of the main cache.


         .. seealso::

            :ref:`sql_caching`

         .. versionadded:: 1.4

        :param skip_autocommit_rollback: When True, the dialect will
           unconditionally skip all calls to the DBAPI ``connection.rollback()``
           method if the DBAPI connection is confirmed to be in "autocommit" mode.
           The availability of this feature is dialect specific; if not available,
           a ``NotImplementedError`` is raised by the dialect when rollback occurs.

           .. seealso::

                :ref:`dbapi_autocommit_skip_rollback`

           .. versionadded:: 2.0.43

        :param use_insertmanyvalues: True by default, use the "insertmanyvalues"
         execution style for INSERT..RETURNING statements by default.

         .. versionadded:: 2.0

         .. seealso::

            :ref:`engine_insertmanyvalues`

        """  # noqa

        if "strategy" in kwargs:
            strat = kwargs.pop("strategy")
            if strat == "mock":
                # this case is deprecated
                return create_mock_engine(url, **kwargs)  # type: ignore
            else:
                raise exc.ArgumentError("unknown strategy: %r" % strat)

        kwargs.pop("empty_in_strategy", None)

        # create url.URL object
        u = _url.make_url(url)

        u, plugins, kwargs = u._instantiate_plugins(kwargs)

        entrypoint = u._get_entrypoint()
        _is_async = kwargs.pop("_is_async", False)
        if _is_async:
            dialect_cls = entrypoint.get_async_dialect_cls(u)
        else:
            dialect_cls = entrypoint.get_dialect_cls(u)

        if kwargs.pop("_coerce_config", False):

            def pop_kwarg(key: str, default: Optional[Any] = None) -&gt; Any:
                value = kwargs.pop(key, default)
                if key in dialect_cls.engine_config_types:
                    value = dialect_cls.engine_config_types[key](value)
                return value

        else:
            pop_kwarg = kwargs.pop  # type: ignore

        dialect_args = {}
        # consume dialect arguments from kwargs
        for k in util.get_cls_kwargs(dialect_cls):
            if k in kwargs:
                dialect_args[k] = pop_kwarg(k)

        dbapi = kwargs.pop("module", None)
        if dbapi is None:
            dbapi_args = {}

            if "import_dbapi" in dialect_cls.__dict__:
                dbapi_meth = dialect_cls.import_dbapi

            elif hasattr(dialect_cls, "dbapi") and inspect.ismethod(
                dialect_cls.dbapi
            ):
                util.warn_deprecated(
                    "The dbapi() classmethod on dialect classes has been "
                    "renamed to import_dbapi().  Implement an import_dbapi() "
                    f"classmethod directly on class {dialect_cls} to remove this "
                    "warning; the old .dbapi() classmethod may be maintained for "
                    "backwards compatibility.",
                    "2.0",
                )
                dbapi_meth = dialect_cls.dbapi
            else:
                dbapi_meth = dialect_cls.import_dbapi

            for k in util.get_func_kwargs(dbapi_meth):
                if k in kwargs:
                    dbapi_args[k] = pop_kwarg(k)
&gt;           dbapi = dbapi_meth(**dbapi_args)
                    ^^^^^^^^^^^^^^^^^^^^^^^^

/usr/local/lib/python3.11/dist-packages/sqlalchemy/engine/create.py:617:
_ _ _ _ _ _ _ _ _ _ _ _ _ _ _ _ _ _ _ _ _ _ _ _ _ _ _ _ _ _ _ _ _ _ _ _ _ _ _ _

cls = &lt;class 'sqlalchemy.dialects.sqlite.aiosqlite.SQLiteDialect_aiosqlite'&gt;

    @classmethod
    def import_dbapi(cls) -&gt; AsyncAdapt_aiosqlite_dbapi:
        return AsyncAdapt_aiosqlite_dbapi(
&gt;           __import__("aiosqlite"), __import__("sqlite3")
            ^^^^^^^^^^^^^^^^^^^^^^^
        )
E       ModuleNotFoundError: No module named 'aiosqlite'

/usr/local/lib/python3.11/dist-packages/sqlalchemy/dialects/sqlite/aiosqlite.py:449: ModuleNotFoundError</error></testcase><testcase classname="tests.integration.test_repository_db.TestSignalRepository" name="test_create_and_get_by_id" time="0.000"><error message="failed on setup with &quot;ModuleNotFoundError: No module named 'aiosqlite'&quot;">@pytest.fixture(scope="module")
    def async_engine():
        """Module-scoped async engine with tables created once."""
        import asyncio

&gt;       eng = create_async_engine(
            _ASYNC_URL,
            connect_args={"check_same_thread": False},
            poolclass=StaticPool,
        )

tests/integration/test_repository_db.py:78:
_ _ _ _ _ _ _ _ _ _ _ _ _ _ _ _ _ _ _ _ _ _ _ _ _ _ _ _ _ _ _ _ _ _ _ _ _ _ _ _

func = &lt;function create_async_engine at 0x7f8919a142c0&gt;, module = None
args = ('sqlite+aiosqlite:///:memory:',)
kwargs = {'connect_args': {'check_same_thread': False}, 'poolclass': &lt;class 'sqlalchemy.pool.impl.StaticPool'&gt;}

    def _wrap_create_async_engine_internal(func, module, args, kwargs):
        """Trace the SQLAlchemy engine, creating an `EngineTracer`
        object that will listen to SQLAlchemy events.
        """
        if not is_instrumentation_enabled():
            return func(*args, **kwargs)

&gt;       engine = func(*args, **kwargs)
                 ^^^^^^^^^^^^^^^^^^^^^

/usr/local/lib/python3.11/dist-packages/opentelemetry/instrumentation/sqlalchemy/engine.py:139:
_ _ _ _ _ _ _ _ _ _ _ _ _ _ _ _ _ _ _ _ _ _ _ _ _ _ _ _ _ _ _ _ _ _ _ _ _ _ _ _

url = 'sqlite+aiosqlite:///:memory:'
kw = {'_is_async': True, 'connect_args': {'check_same_thread': False}, 'poolclass': &lt;class 'sqlalchemy.pool.impl.StaticPool'&gt;}

    def create_async_engine(url: Union[str, URL], **kw: Any) -&gt; AsyncEngine:
        """Create a new async engine instance.

        Arguments passed to :func:`_asyncio.create_async_engine` are mostly
        identical to those passed to the :func:`_sa.create_engine` function.
        The specified dialect must be an asyncio-compatible dialect
        such as :ref:`dialect-postgresql-asyncpg`.

        .. versionadded:: 1.4

        :param async_creator: an async callable which returns a driver-level
            asyncio connection. If given, the function should take no arguments,
            and return a new asyncio connection from the underlying asyncio
            database driver; the connection will be wrapped in the appropriate
            structures to be used with the :class:`.AsyncEngine`.   Note that the
            parameters specified in the URL are not applied here, and the creator
            function should use its own connection parameters.

            This parameter is the asyncio equivalent of the
            :paramref:`_sa.create_engine.creator` parameter of the
            :func:`_sa.create_engine` function.

            .. versionadded:: 2.0.16

        """

        if kw.get("server_side_cursors", False):
            raise async_exc.AsyncMethodRequired(
                "Can't set server_side_cursors for async engine globally; "
                "use the connection.stream() method for an async "
                "streaming result set"
            )
        kw["_is_async"] = True
        async_creator = kw.pop("async_creator", None)
        if async_creator:
            if kw.get("creator", None):
                raise ArgumentError(
                    "Can only specify one of 'async_creator' or 'creator', "
                    "not both."
                )

            def creator() -&gt; Any:
                # note that to send adapted arguments like
                # prepared_statement_cache_size, user would use
                # "creator" and emulate this form here
                return sync_engine.dialect.dbapi.connect(  # type: ignore
                    async_creator_fn=async_creator
                )

            kw["creator"] = creator
&gt;       sync_engine = _create_engine(url, **kw)
                      ^^^^^^^^^^^^^^^^^^^^^^^^^

/usr/local/lib/python3.11/dist-packages/sqlalchemy/ext/asyncio/engine.py:120:
_ _ _ _ _ _ _ _ _ _ _ _ _ _ _ _ _ _ _ _ _ _ _ _ _ _ _ _ _ _ _ _ _ _ _ _ _ _ _ _

url = 'sqlite+aiosqlite:///:memory:'
kwargs = {'_is_async': True, 'connect_args': {'check_same_thread': False}, 'poolclass': &lt;class 'sqlalchemy.pool.impl.StaticPool'&gt;}

&gt;   ???

&lt;string&gt;:2:
_ _ _ _ _ _ _ _ _ _ _ _ _ _ _ _ _ _ _ _ _ _ _ _ _ _ _ _ _ _ _ _ _ _ _ _ _ _ _ _

fn = &lt;function create_engine at 0x7f8919b2aac0&gt;
args = ('sqlite+aiosqlite:///:memory:',)
kwargs = {'_is_async': True, 'connect_args': {'check_same_thread': False}, 'poolclass': &lt;class 'sqlalchemy.pool.impl.StaticPool'&gt;}
m = 'implicit_returning'

    @decorator
    def warned(fn: _F, *args: Any, **kwargs: Any) -&gt; _F:
        for m in check_defaults:
            if (defaults[m] is None and kwargs[m] is not None) or (
                defaults[m] is not None and kwargs[m] != defaults[m]
            ):
                _warn_with_version(
                    messages[m],
                    versions[m],
                    version_warnings[m],
                    stacklevel=3,
                )

        if check_any_kw in messages and set(kwargs).difference(
            check_defaults
        ):
            assert check_any_kw is not None
            _warn_with_version(
                messages[check_any_kw],
                versions[check_any_kw],
                version_warnings[check_any_kw],
                stacklevel=3,
            )

        for m in check_kw:
            if m in kwargs:
                _warn_with_version(
                    messages[m],
                    versions[m],
                    version_warnings[m],
                    stacklevel=3,
                )
&gt;       return fn(*args, **kwargs)  # type: ignore[no-any-return]
               ^^^^^^^^^^^^^^^^^^^

/usr/local/lib/python3.11/dist-packages/sqlalchemy/util/deprecations.py:281:
_ _ _ _ _ _ _ _ _ _ _ _ _ _ _ _ _ _ _ _ _ _ _ _ _ _ _ _ _ _ _ _ _ _ _ _ _ _ _ _

url = 'sqlite+aiosqlite:///:memory:'
kwargs = {'connect_args': {'check_same_thread': False}, 'poolclass': &lt;class 'sqlalchemy.pool.impl.StaticPool'&gt;}
u = sqlite+aiosqlite:///:memory:, plugins = []
entrypoint = &lt;class 'sqlalchemy.dialects.sqlite.aiosqlite.SQLiteDialect_aiosqlite'&gt;
_is_async = True
pop_kwarg = &lt;built-in method pop of dict object at 0x7f881f8be200&gt;
dialect_args = {}

    @util.deprecated_params(
        strategy=(
            "1.4",
            "The :paramref:`_sa.create_engine.strategy` keyword is deprecated, "
            "and the only argument accepted is 'mock'; please use "
            ":func:`.create_mock_engine` going forward.  For general "
            "customization of create_engine which may have been accomplished "
            "using strategies, see :class:`.CreateEnginePlugin`.",
        ),
        empty_in_strategy=(
            "1.4",
            "The :paramref:`_sa.create_engine.empty_in_strategy` keyword is "
            "deprecated, and no longer has any effect.  All IN expressions "
            "are now rendered using "
            'the "expanding parameter" strategy which renders a set of bound'
            'expressions, or an "empty set" SELECT, at statement execution'
            "time.",
        ),
        implicit_returning=(
            "2.0",
            "The :paramref:`_sa.create_engine.implicit_returning` parameter "
            "is deprecated and will be removed in a future release. ",
        ),
    )
    def create_engine(url: Union[str, _url.URL], **kwargs: Any) -&gt; Engine:
        """Create a new :class:`_engine.Engine` instance.

        The standard calling form is to send the :ref:`URL &lt;database_urls&gt;` as the
        first positional argument, usually a string
        that indicates database dialect and connection arguments::

            engine = create_engine("postgresql+psycopg2://scott:tiger@localhost/test")

        .. note::

            Please review :ref:`database_urls` for general guidelines in composing
            URL strings.  In particular, special characters, such as those often
            part of passwords, must be URL encoded to be properly parsed.

        Additional keyword arguments may then follow it which
        establish various options on the resulting :class:`_engine.Engine`
        and its underlying :class:`.Dialect` and :class:`_pool.Pool`
        constructs::

            engine = create_engine(
                "mysql+mysqldb://scott:tiger@hostname/dbname",
                pool_recycle=3600,
                echo=True,
            )

        The string form of the URL is
        ``dialect[+driver]://user:password@host/dbname[?key=value..]``, where
        ``dialect`` is a database name such as ``mysql``, ``oracle``,
        ``postgresql``, etc., and ``driver`` the name of a DBAPI, such as
        ``psycopg2``, ``pyodbc``, ``cx_oracle``, etc.  Alternatively,
        the URL can be an instance of :class:`~sqlalchemy.engine.url.URL`.

        ``**kwargs`` takes a wide variety of options which are routed
        towards their appropriate components.  Arguments may be specific to
        the :class:`_engine.Engine`, the underlying :class:`.Dialect`,
        as well as the
        :class:`_pool.Pool`.  Specific dialects also accept keyword arguments that
        are unique to that dialect.   Here, we describe the parameters
        that are common to most :func:`_sa.create_engine()` usage.

        Once established, the newly resulting :class:`_engine.Engine` will
        request a connection from the underlying :class:`_pool.Pool` once
        :meth:`_engine.Engine.connect` is called, or a method which depends on it
        such as :meth:`_engine.Engine.execute` is invoked.   The
        :class:`_pool.Pool` in turn
        will establish the first actual DBAPI connection when this request
        is received.   The :func:`_sa.create_engine` call itself does **not**
        establish any actual DBAPI connections directly.

        .. seealso::

            :doc:`/core/engines`

            :doc:`/dialects/index`

            :ref:`connections_toplevel`

        :param connect_args: a dictionary of options which will be
            passed directly to the DBAPI's ``connect()`` method as
            additional keyword arguments.  See the example
            at :ref:`custom_dbapi_args`.

        :param creator: a callable which returns a DBAPI connection.
            This creation function will be passed to the underlying
            connection pool and will be used to create all new database
            connections. Usage of this function causes connection
            parameters specified in the URL argument to be bypassed.

            This hook is not as flexible as the newer
            :meth:`_events.DialectEvents.do_connect` hook which allows complete
            control over how a connection is made to the database, given the full
            set of URL arguments and state beforehand.

            .. seealso::

                :meth:`_events.DialectEvents.do_connect` - event hook that allows
                full control over DBAPI connection mechanics.

                :ref:`custom_dbapi_args`

        :param echo=False: if True, the Engine will log all statements
            as well as a ``repr()`` of their parameter lists to the default log
            handler, which defaults to ``sys.stdout`` for output.   If set to the
            string ``"debug"``, result rows will be printed to the standard output
            as well. The ``echo`` attribute of ``Engine`` can be modified at any
            time to turn logging on and off; direct control of logging is also
            available using the standard Python ``logging`` module.

            .. seealso::

                :ref:`dbengine_logging` - further detail on how to configure
                logging.


        :param echo_pool=False: if True, the connection pool will log
            informational output such as when connections are invalidated
            as well as when connections are recycled to the default log handler,
            which defaults to ``sys.stdout`` for output.   If set to the string
            ``"debug"``, the logging will include pool checkouts and checkins.
            Direct control of logging is also available using the standard Python
            ``logging`` module.

            .. seealso::

                :ref:`dbengine_logging` - further detail on how to configure
                logging.


        :param empty_in_strategy:   No longer used; SQLAlchemy now uses
            "empty set" behavior for IN in all cases.

        :param enable_from_linting: defaults to True.  Will emit a warning
            if a given SELECT statement is found to have un-linked FROM elements
            which would cause a cartesian product.

            .. versionadded:: 1.4

            .. seealso::

                :ref:`change_4737`

        :param execution_options: Dictionary execution options which will
            be applied to all connections.  See
            :meth:`~sqlalchemy.engine.Connection.execution_options`

        :param future: Use the 2.0 style :class:`_engine.Engine` and
            :class:`_engine.Connection` API.

            As of SQLAlchemy 2.0, this parameter is present for backwards
            compatibility only and must remain at its default value of ``True``.

            The :paramref:`_sa.create_engine.future` parameter will be
            deprecated in a subsequent 2.x release and eventually removed.

            .. versionadded:: 1.4

            .. versionchanged:: 2.0 All :class:`_engine.Engine` objects are
               "future" style engines and there is no longer a ``future=False``
               mode of operation.

            .. seealso::

                :ref:`migration_20_toplevel`

        :param hide_parameters: Boolean, when set to True, SQL statement parameters
            will not be displayed in INFO logging nor will they be formatted into
            the string representation of :class:`.StatementError` objects.

            .. versionadded:: 1.3.8

            .. seealso::

                :ref:`dbengine_logging` - further detail on how to configure
                logging.

        :param implicit_returning=True:  Legacy parameter that may only be set
            to True. In SQLAlchemy 2.0, this parameter does nothing. In order to
            disable "implicit returning" for statements invoked by the ORM,
            configure this on a per-table basis using the
            :paramref:`.Table.implicit_returning` parameter.


        :param insertmanyvalues_page_size: number of rows to format into an
         INSERT statement when the statement uses "insertmanyvalues" mode, which is
         a paged form of bulk insert that is used for many backends when using
         :term:`executemany` execution typically in conjunction with RETURNING.
         Defaults to 1000, but may also be subject to dialect-specific limiting
         factors which may override this value on a per-statement basis.

         .. versionadded:: 2.0

         .. seealso::

            :ref:`engine_insertmanyvalues`

            :ref:`engine_insertmanyvalues_page_size`

            :paramref:`_engine.Connection.execution_options.insertmanyvalues_page_size`

        :param isolation_level: optional string name of an isolation level
            which will be set on all new connections unconditionally.
            Isolation levels are typically some subset of the string names
            ``"SERIALIZABLE"``, ``"REPEATABLE READ"``,
            ``"READ COMMITTED"``, ``"READ UNCOMMITTED"`` and ``"AUTOCOMMIT"``
            based on backend.

            The :paramref:`_sa.create_engine.isolation_level` parameter is
            in contrast to the
            :paramref:`.Connection.execution_options.isolation_level`
            execution option, which may be set on an individual
            :class:`.Connection`, as well as the same parameter passed to
            :meth:`.Engine.execution_options`, where it may be used to create
            multiple engines with different isolation levels that share a common
            connection pool and dialect.

            .. versionchanged:: 2.0 The
               :paramref:`_sa.create_engine.isolation_level`
               parameter has been generalized to work on all dialects which support
               the concept of isolation level, and is provided as a more succinct,
               up front configuration switch in contrast to the execution option
               which is more of an ad-hoc programmatic option.

            .. seealso::

                :ref:`dbapi_autocommit`

        :param json_deserializer: for dialects that support the
            :class:`_types.JSON`
            datatype, this is a Python callable that will convert a JSON string
            to a Python object.  By default, the Python ``json.loads`` function is
            used.

            .. versionchanged:: 1.3.7  The SQLite dialect renamed this from
               ``_json_deserializer``.

        :param json_serializer: for dialects that support the :class:`_types.JSON`
            datatype, this is a Python callable that will render a given object
            as JSON.   By default, the Python ``json.dumps`` function is used.

            .. versionchanged:: 1.3.7  The SQLite dialect renamed this from
               ``_json_serializer``.


        :param label_length=None: optional integer value which limits
            the size of dynamically generated column labels to that many
            characters. If less than 6, labels are generated as
            "_(counter)". If ``None``, the value of
            ``dialect.max_identifier_length``, which may be affected via the
            :paramref:`_sa.create_engine.max_identifier_length` parameter,
            is used instead.   The value of
            :paramref:`_sa.create_engine.label_length`
            may not be larger than that of
            :paramref:`_sa.create_engine.max_identfier_length`.

            .. seealso::

                :paramref:`_sa.create_engine.max_identifier_length`

        :param logging_name:  String identifier which will be used within
            the "name" field of logging records generated within the
            "sqlalchemy.engine" logger. Defaults to a hexstring of the
            object's id.

            .. seealso::

                :ref:`dbengine_logging` - further detail on how to configure
                logging.

                :paramref:`_engine.Connection.execution_options.logging_token`

        :param max_identifier_length: integer; override the max_identifier_length
            determined by the dialect.  if ``None`` or zero, has no effect.  This
            is the database's configured maximum number of characters that may be
            used in a SQL identifier such as a table name, column name, or label
            name. All dialects determine this value automatically, however in the
            case of a new database version for which this value has changed but
            SQLAlchemy's dialect has not been adjusted, the value may be passed
            here.

            .. versionadded:: 1.3.9

            .. seealso::

                :paramref:`_sa.create_engine.label_length`

        :param max_overflow=10: the number of connections to allow in
            connection pool "overflow", that is connections that can be
            opened above and beyond the pool_size setting, which defaults
            to five. this is only used with :class:`~sqlalchemy.pool.QueuePool`.

        :param module=None: reference to a Python module object (the module
            itself, not its string name).  Specifies an alternate DBAPI module to
            be used by the engine's dialect.  Each sub-dialect references a
            specific DBAPI which will be imported before first connect.  This
            parameter causes the import to be bypassed, and the given module to
            be used instead. Can be used for testing of DBAPIs as well as to
            inject "mock" DBAPI implementations into the :class:`_engine.Engine`.

        :param paramstyle=None: The `paramstyle &lt;https://legacy.python.org/dev/peps/pep-0249/#paramstyle&gt;`_
            to use when rendering bound parameters.  This style defaults to the
            one recommended by the DBAPI itself, which is retrieved from the
            ``.paramstyle`` attribute of the DBAPI.  However, most DBAPIs accept
            more than one paramstyle, and in particular it may be desirable
            to change a "named" paramstyle into a "positional" one, or vice versa.
            When this attribute is passed, it should be one of the values
            ``"qmark"``, ``"numeric"``, ``"named"``, ``"format"`` or
            ``"pyformat"``, and should correspond to a parameter style known
            to be supported by the DBAPI in use.

        :param pool=None: an already-constructed instance of
            :class:`~sqlalchemy.pool.Pool`, such as a
            :class:`~sqlalchemy.pool.QueuePool` instance. If non-None, this
            pool will be used directly as the underlying connection pool
            for the engine, bypassing whatever connection parameters are
            present in the URL argument. For information on constructing
            connection pools manually, see :ref:`pooling_toplevel`.

        :param poolclass=None: a :class:`~sqlalchemy.pool.Pool`
            subclass, which will be used to create a connection pool
            instance using the connection parameters given in the URL. Note
            this differs from ``pool`` in that you don't actually
            instantiate the pool in this case, you just indicate what type
            of pool to be used.

        :param pool_logging_name:  String identifier which will be used within
           the "name" field of logging records generated within the
           "sqlalchemy.pool" logger. Defaults to a hexstring of the object's
           id.

           .. seealso::

                :ref:`dbengine_logging` - further detail on how to configure
                logging.

        :param pool_pre_ping: boolean, if True will enable the connection pool
            "pre-ping" feature that tests connections for liveness upon
            each checkout.

            .. versionadded:: 1.2

            .. seealso::

                :ref:`pool_disconnects_pessimistic`

        :param pool_size=5: the number of connections to keep open
            inside the connection pool. This used with
            :class:`~sqlalchemy.pool.QueuePool` as
            well as :class:`~sqlalchemy.pool.SingletonThreadPool`.  With
            :class:`~sqlalchemy.pool.QueuePool`, a ``pool_size`` setting
            of 0 indicates no limit; to disable pooling, set ``poolclass`` to
            :class:`~sqlalchemy.pool.NullPool` instead.

        :param pool_recycle=-1: this setting causes the pool to recycle
            connections after the given number of seconds has passed. It
            defaults to -1, or no timeout. For example, setting to 3600
            means connections will be recycled after one hour. Note that
            MySQL in particular will disconnect automatically if no
            activity is detected on a connection for eight hours (although
            this is configurable with the MySQLDB connection itself and the
            server configuration as well).

            .. seealso::

                :ref:`pool_setting_recycle`

        :param pool_reset_on_return='rollback': set the
            :paramref:`_pool.Pool.reset_on_return` parameter of the underlying
            :class:`_pool.Pool` object, which can be set to the values
            ``"rollback"``, ``"commit"``, or ``None``.

            .. seealso::

                :ref:`pool_reset_on_return`

                :ref:`dbapi_autocommit_skip_rollback` - a more modern approach
                to using connections with no transactional instructions

        :param pool_timeout=30: number of seconds to wait before giving
            up on getting a connection from the pool. This is only used
            with :class:`~sqlalchemy.pool.QueuePool`. This can be a float but is
            subject to the limitations of Python time functions which may not be
            reliable in the tens of milliseconds.

            .. note: don't use 30.0 above, it seems to break with the :param tag

        :param pool_use_lifo=False: use LIFO (last-in-first-out) when retrieving
            connections from :class:`.QueuePool` instead of FIFO
            (first-in-first-out). Using LIFO, a server-side timeout scheme can
            reduce the number of connections used during non- peak   periods of
            use.   When planning for server-side timeouts, ensure that a recycle or
            pre-ping strategy is in use to gracefully   handle stale connections.

              .. versionadded:: 1.3

              .. seealso::

                :ref:`pool_use_lifo`

                :ref:`pool_disconnects`

        :param plugins: string list of plugin names to load.  See
            :class:`.CreateEnginePlugin` for background.

            .. versionadded:: 1.2.3

        :param query_cache_size: size of the cache used to cache the SQL string
         form of queries.  Set to zero to disable caching.

         The cache is pruned of its least recently used items when its size reaches
         N * 1.5.  Defaults to 500, meaning the cache will always store at least
         500 SQL statements when filled, and will grow up to 750 items at which
         point it is pruned back down to 500 by removing the 250 least recently
         used items.

         Caching is accomplished on a per-statement basis by generating a
         cache key that represents the statement's structure, then generating
         string SQL for the current dialect only if that key is not present
         in the cache.   All statements support caching, however some features
         such as an INSERT with a large set of parameters will intentionally
         bypass the cache.   SQL logging will indicate statistics for each
         statement whether or not it were pull from the cache.

         .. note:: some ORM functions related to unit-of-work persistence as well
            as some attribute loading strategies will make use of individual
            per-mapper caches outside of the main cache.


         .. seealso::

            :ref:`sql_caching`

         .. versionadded:: 1.4

        :param skip_autocommit_rollback: When True, the dialect will
           unconditionally skip all calls to the DBAPI ``connection.rollback()``
           method if the DBAPI connection is confirmed to be in "autocommit" mode.
           The availability of this feature is dialect specific; if not available,
           a ``NotImplementedError`` is raised by the dialect when rollback occurs.

           .. seealso::

                :ref:`dbapi_autocommit_skip_rollback`

           .. versionadded:: 2.0.43

        :param use_insertmanyvalues: True by default, use the "insertmanyvalues"
         execution style for INSERT..RETURNING statements by default.

         .. versionadded:: 2.0

         .. seealso::

            :ref:`engine_insertmanyvalues`

        """  # noqa

        if "strategy" in kwargs:
            strat = kwargs.pop("strategy")
            if strat == "mock":
                # this case is deprecated
                return create_mock_engine(url, **kwargs)  # type: ignore
            else:
                raise exc.ArgumentError("unknown strategy: %r" % strat)

        kwargs.pop("empty_in_strategy", None)

        # create url.URL object
        u = _url.make_url(url)

        u, plugins, kwargs = u._instantiate_plugins(kwargs)

        entrypoint = u._get_entrypoint()
        _is_async = kwargs.pop("_is_async", False)
        if _is_async:
            dialect_cls = entrypoint.get_async_dialect_cls(u)
        else:
            dialect_cls = entrypoint.get_dialect_cls(u)

        if kwargs.pop("_coerce_config", False):

            def pop_kwarg(key: str, default: Optional[Any] = None) -&gt; Any:
                value = kwargs.pop(key, default)
                if key in dialect_cls.engine_config_types:
                    value = dialect_cls.engine_config_types[key](value)
                return value

        else:
            pop_kwarg = kwargs.pop  # type: ignore

        dialect_args = {}
        # consume dialect arguments from kwargs
        for k in util.get_cls_kwargs(dialect_cls):
            if k in kwargs:
                dialect_args[k] = pop_kwarg(k)

        dbapi = kwargs.pop("module", None)
        if dbapi is None:
            dbapi_args = {}

            if "import_dbapi" in dialect_cls.__dict__:
                dbapi_meth = dialect_cls.import_dbapi

            elif hasattr(dialect_cls, "dbapi") and inspect.ismethod(
                dialect_cls.dbapi
            ):
                util.warn_deprecated(
                    "The dbapi() classmethod on dialect classes has been "
                    "renamed to import_dbapi().  Implement an import_dbapi() "
                    f"classmethod directly on class {dialect_cls} to remove this "
                    "warning; the old .dbapi() classmethod may be maintained for "
                    "backwards compatibility.",
                    "2.0",
                )
                dbapi_meth = dialect_cls.dbapi
            else:
                dbapi_meth = dialect_cls.import_dbapi

            for k in util.get_func_kwargs(dbapi_meth):
                if k in kwargs:
                    dbapi_args[k] = pop_kwarg(k)
&gt;           dbapi = dbapi_meth(**dbapi_args)
                    ^^^^^^^^^^^^^^^^^^^^^^^^

/usr/local/lib/python3.11/dist-packages/sqlalchemy/engine/create.py:617:
_ _ _ _ _ _ _ _ _ _ _ _ _ _ _ _ _ _ _ _ _ _ _ _ _ _ _ _ _ _ _ _ _ _ _ _ _ _ _ _

cls = &lt;class 'sqlalchemy.dialects.sqlite.aiosqlite.SQLiteDialect_aiosqlite'&gt;

    @classmethod
    def import_dbapi(cls) -&gt; AsyncAdapt_aiosqlite_dbapi:
        return AsyncAdapt_aiosqlite_dbapi(
&gt;           __import__("aiosqlite"), __import__("sqlite3")
            ^^^^^^^^^^^^^^^^^^^^^^^
        )
E       ModuleNotFoundError: No module named 'aiosqlite'

/usr/local/lib/python3.11/dist-packages/sqlalchemy/dialects/sqlite/aiosqlite.py:449: ModuleNotFoundError</error></testcase><testcase classname="tests.integration.test_repository_db.TestSignalRepository" name="test_get_by_signal_id" time="0.000"><error message="failed on setup with &quot;ModuleNotFoundError: No module named 'aiosqlite'&quot;">@pytest.fixture(scope="module")
    def async_engine():
        """Module-scoped async engine with tables created once."""
        import asyncio

&gt;       eng = create_async_engine(
            _ASYNC_URL,
            connect_args={"check_same_thread": False},
            poolclass=StaticPool,
        )

tests/integration/test_repository_db.py:78:
_ _ _ _ _ _ _ _ _ _ _ _ _ _ _ _ _ _ _ _ _ _ _ _ _ _ _ _ _ _ _ _ _ _ _ _ _ _ _ _

func = &lt;function create_async_engine at 0x7f8919a142c0&gt;, module = None
args = ('sqlite+aiosqlite:///:memory:',)
kwargs = {'connect_args': {'check_same_thread': False}, 'poolclass': &lt;class 'sqlalchemy.pool.impl.StaticPool'&gt;}

    def _wrap_create_async_engine_internal(func, module, args, kwargs):
        """Trace the SQLAlchemy engine, creating an `EngineTracer`
        object that will listen to SQLAlchemy events.
        """
        if not is_instrumentation_enabled():
            return func(*args, **kwargs)

&gt;       engine = func(*args, **kwargs)
                 ^^^^^^^^^^^^^^^^^^^^^

/usr/local/lib/python3.11/dist-packages/opentelemetry/instrumentation/sqlalchemy/engine.py:139:
_ _ _ _ _ _ _ _ _ _ _ _ _ _ _ _ _ _ _ _ _ _ _ _ _ _ _ _ _ _ _ _ _ _ _ _ _ _ _ _

url = 'sqlite+aiosqlite:///:memory:'
kw = {'_is_async': True, 'connect_args': {'check_same_thread': False}, 'poolclass': &lt;class 'sqlalchemy.pool.impl.StaticPool'&gt;}

    def create_async_engine(url: Union[str, URL], **kw: Any) -&gt; AsyncEngine:
        """Create a new async engine instance.

        Arguments passed to :func:`_asyncio.create_async_engine` are mostly
        identical to those passed to the :func:`_sa.create_engine` function.
        The specified dialect must be an asyncio-compatible dialect
        such as :ref:`dialect-postgresql-asyncpg`.

        .. versionadded:: 1.4

        :param async_creator: an async callable which returns a driver-level
            asyncio connection. If given, the function should take no arguments,
            and return a new asyncio connection from the underlying asyncio
            database driver; the connection will be wrapped in the appropriate
            structures to be used with the :class:`.AsyncEngine`.   Note that the
            parameters specified in the URL are not applied here, and the creator
            function should use its own connection parameters.

            This parameter is the asyncio equivalent of the
            :paramref:`_sa.create_engine.creator` parameter of the
            :func:`_sa.create_engine` function.

            .. versionadded:: 2.0.16

        """

        if kw.get("server_side_cursors", False):
            raise async_exc.AsyncMethodRequired(
                "Can't set server_side_cursors for async engine globally; "
                "use the connection.stream() method for an async "
                "streaming result set"
            )
        kw["_is_async"] = True
        async_creator = kw.pop("async_creator", None)
        if async_creator:
            if kw.get("creator", None):
                raise ArgumentError(
                    "Can only specify one of 'async_creator' or 'creator', "
                    "not both."
                )

            def creator() -&gt; Any:
                # note that to send adapted arguments like
                # prepared_statement_cache_size, user would use
                # "creator" and emulate this form here
                return sync_engine.dialect.dbapi.connect(  # type: ignore
                    async_creator_fn=async_creator
                )

            kw["creator"] = creator
&gt;       sync_engine = _create_engine(url, **kw)
                      ^^^^^^^^^^^^^^^^^^^^^^^^^

/usr/local/lib/python3.11/dist-packages/sqlalchemy/ext/asyncio/engine.py:120:
_ _ _ _ _ _ _ _ _ _ _ _ _ _ _ _ _ _ _ _ _ _ _ _ _ _ _ _ _ _ _ _ _ _ _ _ _ _ _ _

url = 'sqlite+aiosqlite:///:memory:'
kwargs = {'_is_async': True, 'connect_args': {'check_same_thread': False}, 'poolclass': &lt;class 'sqlalchemy.pool.impl.StaticPool'&gt;}

&gt;   ???

&lt;string&gt;:2:
_ _ _ _ _ _ _ _ _ _ _ _ _ _ _ _ _ _ _ _ _ _ _ _ _ _ _ _ _ _ _ _ _ _ _ _ _ _ _ _

fn = &lt;function create_engine at 0x7f8919b2aac0&gt;
args = ('sqlite+aiosqlite:///:memory:',)
kwargs = {'_is_async': True, 'connect_args': {'check_same_thread': False}, 'poolclass': &lt;class 'sqlalchemy.pool.impl.StaticPool'&gt;}
m = 'implicit_returning'

    @decorator
    def warned(fn: _F, *args: Any, **kwargs: Any) -&gt; _F:
        for m in check_defaults:
            if (defaults[m] is None and kwargs[m] is not None) or (
                defaults[m] is not None and kwargs[m] != defaults[m]
            ):
                _warn_with_version(
                    messages[m],
                    versions[m],
                    version_warnings[m],
                    stacklevel=3,
                )

        if check_any_kw in messages and set(kwargs).difference(
            check_defaults
        ):
            assert check_any_kw is not None
            _warn_with_version(
                messages[check_any_kw],
                versions[check_any_kw],
                version_warnings[check_any_kw],
                stacklevel=3,
            )

        for m in check_kw:
            if m in kwargs:
                _warn_with_version(
                    messages[m],
                    versions[m],
                    version_warnings[m],
                    stacklevel=3,
                )
&gt;       return fn(*args, **kwargs)  # type: ignore[no-any-return]
               ^^^^^^^^^^^^^^^^^^^

/usr/local/lib/python3.11/dist-packages/sqlalchemy/util/deprecations.py:281:
_ _ _ _ _ _ _ _ _ _ _ _ _ _ _ _ _ _ _ _ _ _ _ _ _ _ _ _ _ _ _ _ _ _ _ _ _ _ _ _

url = 'sqlite+aiosqlite:///:memory:'
kwargs = {'connect_args': {'check_same_thread': False}, 'poolclass': &lt;class 'sqlalchemy.pool.impl.StaticPool'&gt;}
u = sqlite+aiosqlite:///:memory:, plugins = []
entrypoint = &lt;class 'sqlalchemy.dialects.sqlite.aiosqlite.SQLiteDialect_aiosqlite'&gt;
_is_async = True
pop_kwarg = &lt;built-in method pop of dict object at 0x7f881f8be200&gt;
dialect_args = {}

    @util.deprecated_params(
        strategy=(
            "1.4",
            "The :paramref:`_sa.create_engine.strategy` keyword is deprecated, "
            "and the only argument accepted is 'mock'; please use "
            ":func:`.create_mock_engine` going forward.  For general "
            "customization of create_engine which may have been accomplished "
            "using strategies, see :class:`.CreateEnginePlugin`.",
        ),
        empty_in_strategy=(
            "1.4",
            "The :paramref:`_sa.create_engine.empty_in_strategy` keyword is "
            "deprecated, and no longer has any effect.  All IN expressions "
            "are now rendered using "
            'the "expanding parameter" strategy which renders a set of bound'
            'expressions, or an "empty set" SELECT, at statement execution'
            "time.",
        ),
        implicit_returning=(
            "2.0",
            "The :paramref:`_sa.create_engine.implicit_returning` parameter "
            "is deprecated and will be removed in a future release. ",
        ),
    )
    def create_engine(url: Union[str, _url.URL], **kwargs: Any) -&gt; Engine:
        """Create a new :class:`_engine.Engine` instance.

        The standard calling form is to send the :ref:`URL &lt;database_urls&gt;` as the
        first positional argument, usually a string
        that indicates database dialect and connection arguments::

            engine = create_engine("postgresql+psycopg2://scott:tiger@localhost/test")

        .. note::

            Please review :ref:`database_urls` for general guidelines in composing
            URL strings.  In particular, special characters, such as those often
            part of passwords, must be URL encoded to be properly parsed.

        Additional keyword arguments may then follow it which
        establish various options on the resulting :class:`_engine.Engine`
        and its underlying :class:`.Dialect` and :class:`_pool.Pool`
        constructs::

            engine = create_engine(
                "mysql+mysqldb://scott:tiger@hostname/dbname",
                pool_recycle=3600,
                echo=True,
            )

        The string form of the URL is
        ``dialect[+driver]://user:password@host/dbname[?key=value..]``, where
        ``dialect`` is a database name such as ``mysql``, ``oracle``,
        ``postgresql``, etc., and ``driver`` the name of a DBAPI, such as
        ``psycopg2``, ``pyodbc``, ``cx_oracle``, etc.  Alternatively,
        the URL can be an instance of :class:`~sqlalchemy.engine.url.URL`.

        ``**kwargs`` takes a wide variety of options which are routed
        towards their appropriate components.  Arguments may be specific to
        the :class:`_engine.Engine`, the underlying :class:`.Dialect`,
        as well as the
        :class:`_pool.Pool`.  Specific dialects also accept keyword arguments that
        are unique to that dialect.   Here, we describe the parameters
        that are common to most :func:`_sa.create_engine()` usage.

        Once established, the newly resulting :class:`_engine.Engine` will
        request a connection from the underlying :class:`_pool.Pool` once
        :meth:`_engine.Engine.connect` is called, or a method which depends on it
        such as :meth:`_engine.Engine.execute` is invoked.   The
        :class:`_pool.Pool` in turn
        will establish the first actual DBAPI connection when this request
        is received.   The :func:`_sa.create_engine` call itself does **not**
        establish any actual DBAPI connections directly.

        .. seealso::

            :doc:`/core/engines`

            :doc:`/dialects/index`

            :ref:`connections_toplevel`

        :param connect_args: a dictionary of options which will be
            passed directly to the DBAPI's ``connect()`` method as
            additional keyword arguments.  See the example
            at :ref:`custom_dbapi_args`.

        :param creator: a callable which returns a DBAPI connection.
            This creation function will be passed to the underlying
            connection pool and will be used to create all new database
            connections. Usage of this function causes connection
            parameters specified in the URL argument to be bypassed.

            This hook is not as flexible as the newer
            :meth:`_events.DialectEvents.do_connect` hook which allows complete
            control over how a connection is made to the database, given the full
            set of URL arguments and state beforehand.

            .. seealso::

                :meth:`_events.DialectEvents.do_connect` - event hook that allows
                full control over DBAPI connection mechanics.

                :ref:`custom_dbapi_args`

        :param echo=False: if True, the Engine will log all statements
            as well as a ``repr()`` of their parameter lists to the default log
            handler, which defaults to ``sys.stdout`` for output.   If set to the
            string ``"debug"``, result rows will be printed to the standard output
            as well. The ``echo`` attribute of ``Engine`` can be modified at any
            time to turn logging on and off; direct control of logging is also
            available using the standard Python ``logging`` module.

            .. seealso::

                :ref:`dbengine_logging` - further detail on how to configure
                logging.


        :param echo_pool=False: if True, the connection pool will log
            informational output such as when connections are invalidated
            as well as when connections are recycled to the default log handler,
            which defaults to ``sys.stdout`` for output.   If set to the string
            ``"debug"``, the logging will include pool checkouts and checkins.
            Direct control of logging is also available using the standard Python
            ``logging`` module.

            .. seealso::

                :ref:`dbengine_logging` - further detail on how to configure
                logging.


        :param empty_in_strategy:   No longer used; SQLAlchemy now uses
            "empty set" behavior for IN in all cases.

        :param enable_from_linting: defaults to True.  Will emit a warning
            if a given SELECT statement is found to have un-linked FROM elements
            which would cause a cartesian product.

            .. versionadded:: 1.4

            .. seealso::

                :ref:`change_4737`

        :param execution_options: Dictionary execution options which will
            be applied to all connections.  See
            :meth:`~sqlalchemy.engine.Connection.execution_options`

        :param future: Use the 2.0 style :class:`_engine.Engine` and
            :class:`_engine.Connection` API.

            As of SQLAlchemy 2.0, this parameter is present for backwards
            compatibility only and must remain at its default value of ``True``.

            The :paramref:`_sa.create_engine.future` parameter will be
            deprecated in a subsequent 2.x release and eventually removed.

            .. versionadded:: 1.4

            .. versionchanged:: 2.0 All :class:`_engine.Engine` objects are
               "future" style engines and there is no longer a ``future=False``
               mode of operation.

            .. seealso::

                :ref:`migration_20_toplevel`

        :param hide_parameters: Boolean, when set to True, SQL statement parameters
            will not be displayed in INFO logging nor will they be formatted into
            the string representation of :class:`.StatementError` objects.

            .. versionadded:: 1.3.8

            .. seealso::

                :ref:`dbengine_logging` - further detail on how to configure
                logging.

        :param implicit_returning=True:  Legacy parameter that may only be set
            to True. In SQLAlchemy 2.0, this parameter does nothing. In order to
            disable "implicit returning" for statements invoked by the ORM,
            configure this on a per-table basis using the
            :paramref:`.Table.implicit_returning` parameter.


        :param insertmanyvalues_page_size: number of rows to format into an
         INSERT statement when the statement uses "insertmanyvalues" mode, which is
         a paged form of bulk insert that is used for many backends when using
         :term:`executemany` execution typically in conjunction with RETURNING.
         Defaults to 1000, but may also be subject to dialect-specific limiting
         factors which may override this value on a per-statement basis.

         .. versionadded:: 2.0

         .. seealso::

            :ref:`engine_insertmanyvalues`

            :ref:`engine_insertmanyvalues_page_size`

            :paramref:`_engine.Connection.execution_options.insertmanyvalues_page_size`

        :param isolation_level: optional string name of an isolation level
            which will be set on all new connections unconditionally.
            Isolation levels are typically some subset of the string names
            ``"SERIALIZABLE"``, ``"REPEATABLE READ"``,
            ``"READ COMMITTED"``, ``"READ UNCOMMITTED"`` and ``"AUTOCOMMIT"``
            based on backend.

            The :paramref:`_sa.create_engine.isolation_level` parameter is
            in contrast to the
            :paramref:`.Connection.execution_options.isolation_level`
            execution option, which may be set on an individual
            :class:`.Connection`, as well as the same parameter passed to
            :meth:`.Engine.execution_options`, where it may be used to create
            multiple engines with different isolation levels that share a common
            connection pool and dialect.

            .. versionchanged:: 2.0 The
               :paramref:`_sa.create_engine.isolation_level`
               parameter has been generalized to work on all dialects which support
               the concept of isolation level, and is provided as a more succinct,
               up front configuration switch in contrast to the execution option
               which is more of an ad-hoc programmatic option.

            .. seealso::

                :ref:`dbapi_autocommit`

        :param json_deserializer: for dialects that support the
            :class:`_types.JSON`
            datatype, this is a Python callable that will convert a JSON string
            to a Python object.  By default, the Python ``json.loads`` function is
            used.

            .. versionchanged:: 1.3.7  The SQLite dialect renamed this from
               ``_json_deserializer``.

        :param json_serializer: for dialects that support the :class:`_types.JSON`
            datatype, this is a Python callable that will render a given object
            as JSON.   By default, the Python ``json.dumps`` function is used.

            .. versionchanged:: 1.3.7  The SQLite dialect renamed this from
               ``_json_serializer``.


        :param label_length=None: optional integer value which limits
            the size of dynamically generated column labels to that many
            characters. If less than 6, labels are generated as
            "_(counter)". If ``None``, the value of
            ``dialect.max_identifier_length``, which may be affected via the
            :paramref:`_sa.create_engine.max_identifier_length` parameter,
            is used instead.   The value of
            :paramref:`_sa.create_engine.label_length`
            may not be larger than that of
            :paramref:`_sa.create_engine.max_identfier_length`.

            .. seealso::

                :paramref:`_sa.create_engine.max_identifier_length`

        :param logging_name:  String identifier which will be used within
            the "name" field of logging records generated within the
            "sqlalchemy.engine" logger. Defaults to a hexstring of the
            object's id.

            .. seealso::

                :ref:`dbengine_logging` - further detail on how to configure
                logging.

                :paramref:`_engine.Connection.execution_options.logging_token`

        :param max_identifier_length: integer; override the max_identifier_length
            determined by the dialect.  if ``None`` or zero, has no effect.  This
            is the database's configured maximum number of characters that may be
            used in a SQL identifier such as a table name, column name, or label
            name. All dialects determine this value automatically, however in the
            case of a new database version for which this value has changed but
            SQLAlchemy's dialect has not been adjusted, the value may be passed
            here.

            .. versionadded:: 1.3.9

            .. seealso::

                :paramref:`_sa.create_engine.label_length`

        :param max_overflow=10: the number of connections to allow in
            connection pool "overflow", that is connections that can be
            opened above and beyond the pool_size setting, which defaults
            to five. this is only used with :class:`~sqlalchemy.pool.QueuePool`.

        :param module=None: reference to a Python module object (the module
            itself, not its string name).  Specifies an alternate DBAPI module to
            be used by the engine's dialect.  Each sub-dialect references a
            specific DBAPI which will be imported before first connect.  This
            parameter causes the import to be bypassed, and the given module to
            be used instead. Can be used for testing of DBAPIs as well as to
            inject "mock" DBAPI implementations into the :class:`_engine.Engine`.

        :param paramstyle=None: The `paramstyle &lt;https://legacy.python.org/dev/peps/pep-0249/#paramstyle&gt;`_
            to use when rendering bound parameters.  This style defaults to the
            one recommended by the DBAPI itself, which is retrieved from the
            ``.paramstyle`` attribute of the DBAPI.  However, most DBAPIs accept
            more than one paramstyle, and in particular it may be desirable
            to change a "named" paramstyle into a "positional" one, or vice versa.
            When this attribute is passed, it should be one of the values
            ``"qmark"``, ``"numeric"``, ``"named"``, ``"format"`` or
            ``"pyformat"``, and should correspond to a parameter style known
            to be supported by the DBAPI in use.

        :param pool=None: an already-constructed instance of
            :class:`~sqlalchemy.pool.Pool`, such as a
            :class:`~sqlalchemy.pool.QueuePool` instance. If non-None, this
            pool will be used directly as the underlying connection pool
            for the engine, bypassing whatever connection parameters are
            present in the URL argument. For information on constructing
            connection pools manually, see :ref:`pooling_toplevel`.

        :param poolclass=None: a :class:`~sqlalchemy.pool.Pool`
            subclass, which will be used to create a connection pool
            instance using the connection parameters given in the URL. Note
            this differs from ``pool`` in that you don't actually
            instantiate the pool in this case, you just indicate what type
            of pool to be used.

        :param pool_logging_name:  String identifier which will be used within
           the "name" field of logging records generated within the
           "sqlalchemy.pool" logger. Defaults to a hexstring of the object's
           id.

           .. seealso::

                :ref:`dbengine_logging` - further detail on how to configure
                logging.

        :param pool_pre_ping: boolean, if True will enable the connection pool
            "pre-ping" feature that tests connections for liveness upon
            each checkout.

            .. versionadded:: 1.2

            .. seealso::

                :ref:`pool_disconnects_pessimistic`

        :param pool_size=5: the number of connections to keep open
            inside the connection pool. This used with
            :class:`~sqlalchemy.pool.QueuePool` as
            well as :class:`~sqlalchemy.pool.SingletonThreadPool`.  With
            :class:`~sqlalchemy.pool.QueuePool`, a ``pool_size`` setting
            of 0 indicates no limit; to disable pooling, set ``poolclass`` to
            :class:`~sqlalchemy.pool.NullPool` instead.

        :param pool_recycle=-1: this setting causes the pool to recycle
            connections after the given number of seconds has passed. It
            defaults to -1, or no timeout. For example, setting to 3600
            means connections will be recycled after one hour. Note that
            MySQL in particular will disconnect automatically if no
            activity is detected on a connection for eight hours (although
            this is configurable with the MySQLDB connection itself and the
            server configuration as well).

            .. seealso::

                :ref:`pool_setting_recycle`

        :param pool_reset_on_return='rollback': set the
            :paramref:`_pool.Pool.reset_on_return` parameter of the underlying
            :class:`_pool.Pool` object, which can be set to the values
            ``"rollback"``, ``"commit"``, or ``None``.

            .. seealso::

                :ref:`pool_reset_on_return`

                :ref:`dbapi_autocommit_skip_rollback` - a more modern approach
                to using connections with no transactional instructions

        :param pool_timeout=30: number of seconds to wait before giving
            up on getting a connection from the pool. This is only used
            with :class:`~sqlalchemy.pool.QueuePool`. This can be a float but is
            subject to the limitations of Python time functions which may not be
            reliable in the tens of milliseconds.

            .. note: don't use 30.0 above, it seems to break with the :param tag

        :param pool_use_lifo=False: use LIFO (last-in-first-out) when retrieving
            connections from :class:`.QueuePool` instead of FIFO
            (first-in-first-out). Using LIFO, a server-side timeout scheme can
            reduce the number of connections used during non- peak   periods of
            use.   When planning for server-side timeouts, ensure that a recycle or
            pre-ping strategy is in use to gracefully   handle stale connections.

              .. versionadded:: 1.3

              .. seealso::

                :ref:`pool_use_lifo`

                :ref:`pool_disconnects`

        :param plugins: string list of plugin names to load.  See
            :class:`.CreateEnginePlugin` for background.

            .. versionadded:: 1.2.3

        :param query_cache_size: size of the cache used to cache the SQL string
         form of queries.  Set to zero to disable caching.

         The cache is pruned of its least recently used items when its size reaches
         N * 1.5.  Defaults to 500, meaning the cache will always store at least
         500 SQL statements when filled, and will grow up to 750 items at which
         point it is pruned back down to 500 by removing the 250 least recently
         used items.

         Caching is accomplished on a per-statement basis by generating a
         cache key that represents the statement's structure, then generating
         string SQL for the current dialect only if that key is not present
         in the cache.   All statements support caching, however some features
         such as an INSERT with a large set of parameters will intentionally
         bypass the cache.   SQL logging will indicate statistics for each
         statement whether or not it were pull from the cache.

         .. note:: some ORM functions related to unit-of-work persistence as well
            as some attribute loading strategies will make use of individual
            per-mapper caches outside of the main cache.


         .. seealso::

            :ref:`sql_caching`

         .. versionadded:: 1.4

        :param skip_autocommit_rollback: When True, the dialect will
           unconditionally skip all calls to the DBAPI ``connection.rollback()``
           method if the DBAPI connection is confirmed to be in "autocommit" mode.
           The availability of this feature is dialect specific; if not available,
           a ``NotImplementedError`` is raised by the dialect when rollback occurs.

           .. seealso::

                :ref:`dbapi_autocommit_skip_rollback`

           .. versionadded:: 2.0.43

        :param use_insertmanyvalues: True by default, use the "insertmanyvalues"
         execution style for INSERT..RETURNING statements by default.

         .. versionadded:: 2.0

         .. seealso::

            :ref:`engine_insertmanyvalues`

        """  # noqa

        if "strategy" in kwargs:
            strat = kwargs.pop("strategy")
            if strat == "mock":
                # this case is deprecated
                return create_mock_engine(url, **kwargs)  # type: ignore
            else:
                raise exc.ArgumentError("unknown strategy: %r" % strat)

        kwargs.pop("empty_in_strategy", None)

        # create url.URL object
        u = _url.make_url(url)

        u, plugins, kwargs = u._instantiate_plugins(kwargs)

        entrypoint = u._get_entrypoint()
        _is_async = kwargs.pop("_is_async", False)
        if _is_async:
            dialect_cls = entrypoint.get_async_dialect_cls(u)
        else:
            dialect_cls = entrypoint.get_dialect_cls(u)

        if kwargs.pop("_coerce_config", False):

            def pop_kwarg(key: str, default: Optional[Any] = None) -&gt; Any:
                value = kwargs.pop(key, default)
                if key in dialect_cls.engine_config_types:
                    value = dialect_cls.engine_config_types[key](value)
                return value

        else:
            pop_kwarg = kwargs.pop  # type: ignore

        dialect_args = {}
        # consume dialect arguments from kwargs
        for k in util.get_cls_kwargs(dialect_cls):
            if k in kwargs:
                dialect_args[k] = pop_kwarg(k)

        dbapi = kwargs.pop("module", None)
        if dbapi is None:
            dbapi_args = {}

            if "import_dbapi" in dialect_cls.__dict__:
                dbapi_meth = dialect_cls.import_dbapi

            elif hasattr(dialect_cls, "dbapi") and inspect.ismethod(
                dialect_cls.dbapi
            ):
                util.warn_deprecated(
                    "The dbapi() classmethod on dialect classes has been "
                    "renamed to import_dbapi().  Implement an import_dbapi() "
                    f"classmethod directly on class {dialect_cls} to remove this "
                    "warning; the old .dbapi() classmethod may be maintained for "
                    "backwards compatibility.",
                    "2.0",
                )
                dbapi_meth = dialect_cls.dbapi
            else:
                dbapi_meth = dialect_cls.import_dbapi

            for k in util.get_func_kwargs(dbapi_meth):
                if k in kwargs:
                    dbapi_args[k] = pop_kwarg(k)
&gt;           dbapi = dbapi_meth(**dbapi_args)
                    ^^^^^^^^^^^^^^^^^^^^^^^^

/usr/local/lib/python3.11/dist-packages/sqlalchemy/engine/create.py:617:
_ _ _ _ _ _ _ _ _ _ _ _ _ _ _ _ _ _ _ _ _ _ _ _ _ _ _ _ _ _ _ _ _ _ _ _ _ _ _ _

cls = &lt;class 'sqlalchemy.dialects.sqlite.aiosqlite.SQLiteDialect_aiosqlite'&gt;

    @classmethod
    def import_dbapi(cls) -&gt; AsyncAdapt_aiosqlite_dbapi:
        return AsyncAdapt_aiosqlite_dbapi(
&gt;           __import__("aiosqlite"), __import__("sqlite3")
            ^^^^^^^^^^^^^^^^^^^^^^^
        )
E       ModuleNotFoundError: No module named 'aiosqlite'

/usr/local/lib/python3.11/dist-packages/sqlalchemy/dialects/sqlite/aiosqlite.py:449: ModuleNotFoundError</error></testcase><testcase classname="tests.integration.test_repository_db.TestSignalRepository" name="test_get_by_signal_id_not_found" time="0.000"><error message="failed on setup with &quot;ModuleNotFoundError: No module named 'aiosqlite'&quot;">@pytest.fixture(scope="module")
    def async_engine():
        """Module-scoped async engine with tables created once."""
        import asyncio

&gt;       eng = create_async_engine(
            _ASYNC_URL,
            connect_args={"check_same_thread": False},
            poolclass=StaticPool,
        )

tests/integration/test_repository_db.py:78:
_ _ _ _ _ _ _ _ _ _ _ _ _ _ _ _ _ _ _ _ _ _ _ _ _ _ _ _ _ _ _ _ _ _ _ _ _ _ _ _

func = &lt;function create_async_engine at 0x7f8919a142c0&gt;, module = None
args = ('sqlite+aiosqlite:///:memory:',)
kwargs = {'connect_args': {'check_same_thread': False}, 'poolclass': &lt;class 'sqlalchemy.pool.impl.StaticPool'&gt;}

    def _wrap_create_async_engine_internal(func, module, args, kwargs):
        """Trace the SQLAlchemy engine, creating an `EngineTracer`
        object that will listen to SQLAlchemy events.
        """
        if not is_instrumentation_enabled():
            return func(*args, **kwargs)

&gt;       engine = func(*args, **kwargs)
                 ^^^^^^^^^^^^^^^^^^^^^

/usr/local/lib/python3.11/dist-packages/opentelemetry/instrumentation/sqlalchemy/engine.py:139:
_ _ _ _ _ _ _ _ _ _ _ _ _ _ _ _ _ _ _ _ _ _ _ _ _ _ _ _ _ _ _ _ _ _ _ _ _ _ _ _

url = 'sqlite+aiosqlite:///:memory:'
kw = {'_is_async': True, 'connect_args': {'check_same_thread': False}, 'poolclass': &lt;class 'sqlalchemy.pool.impl.StaticPool'&gt;}

    def create_async_engine(url: Union[str, URL], **kw: Any) -&gt; AsyncEngine:
        """Create a new async engine instance.

        Arguments passed to :func:`_asyncio.create_async_engine` are mostly
        identical to those passed to the :func:`_sa.create_engine` function.
        The specified dialect must be an asyncio-compatible dialect
        such as :ref:`dialect-postgresql-asyncpg`.

        .. versionadded:: 1.4

        :param async_creator: an async callable which returns a driver-level
            asyncio connection. If given, the function should take no arguments,
            and return a new asyncio connection from the underlying asyncio
            database driver; the connection will be wrapped in the appropriate
            structures to be used with the :class:`.AsyncEngine`.   Note that the
            parameters specified in the URL are not applied here, and the creator
            function should use its own connection parameters.

            This parameter is the asyncio equivalent of the
            :paramref:`_sa.create_engine.creator` parameter of the
            :func:`_sa.create_engine` function.

            .. versionadded:: 2.0.16

        """

        if kw.get("server_side_cursors", False):
            raise async_exc.AsyncMethodRequired(
                "Can't set server_side_cursors for async engine globally; "
                "use the connection.stream() method for an async "
                "streaming result set"
            )
        kw["_is_async"] = True
        async_creator = kw.pop("async_creator", None)
        if async_creator:
            if kw.get("creator", None):
                raise ArgumentError(
                    "Can only specify one of 'async_creator' or 'creator', "
                    "not both."
                )

            def creator() -&gt; Any:
                # note that to send adapted arguments like
                # prepared_statement_cache_size, user would use
                # "creator" and emulate this form here
                return sync_engine.dialect.dbapi.connect(  # type: ignore
                    async_creator_fn=async_creator
                )

            kw["creator"] = creator
&gt;       sync_engine = _create_engine(url, **kw)
                      ^^^^^^^^^^^^^^^^^^^^^^^^^

/usr/local/lib/python3.11/dist-packages/sqlalchemy/ext/asyncio/engine.py:120:
_ _ _ _ _ _ _ _ _ _ _ _ _ _ _ _ _ _ _ _ _ _ _ _ _ _ _ _ _ _ _ _ _ _ _ _ _ _ _ _

url = 'sqlite+aiosqlite:///:memory:'
kwargs = {'_is_async': True, 'connect_args': {'check_same_thread': False}, 'poolclass': &lt;class 'sqlalchemy.pool.impl.StaticPool'&gt;}

&gt;   ???

&lt;string&gt;:2:
_ _ _ _ _ _ _ _ _ _ _ _ _ _ _ _ _ _ _ _ _ _ _ _ _ _ _ _ _ _ _ _ _ _ _ _ _ _ _ _

fn = &lt;function create_engine at 0x7f8919b2aac0&gt;
args = ('sqlite+aiosqlite:///:memory:',)
kwargs = {'_is_async': True, 'connect_args': {'check_same_thread': False}, 'poolclass': &lt;class 'sqlalchemy.pool.impl.StaticPool'&gt;}
m = 'implicit_returning'

    @decorator
    def warned(fn: _F, *args: Any, **kwargs: Any) -&gt; _F:
        for m in check_defaults:
            if (defaults[m] is None and kwargs[m] is not None) or (
                defaults[m] is not None and kwargs[m] != defaults[m]
            ):
                _warn_with_version(
                    messages[m],
                    versions[m],
                    version_warnings[m],
                    stacklevel=3,
                )

        if check_any_kw in messages and set(kwargs).difference(
            check_defaults
        ):
            assert check_any_kw is not None
            _warn_with_version(
                messages[check_any_kw],
                versions[check_any_kw],
                version_warnings[check_any_kw],
                stacklevel=3,
            )

        for m in check_kw:
            if m in kwargs:
                _warn_with_version(
                    messages[m],
                    versions[m],
                    version_warnings[m],
                    stacklevel=3,
                )
&gt;       return fn(*args, **kwargs)  # type: ignore[no-any-return]
               ^^^^^^^^^^^^^^^^^^^

/usr/local/lib/python3.11/dist-packages/sqlalchemy/util/deprecations.py:281:
_ _ _ _ _ _ _ _ _ _ _ _ _ _ _ _ _ _ _ _ _ _ _ _ _ _ _ _ _ _ _ _ _ _ _ _ _ _ _ _

url = 'sqlite+aiosqlite:///:memory:'
kwargs = {'connect_args': {'check_same_thread': False}, 'poolclass': &lt;class 'sqlalchemy.pool.impl.StaticPool'&gt;}
u = sqlite+aiosqlite:///:memory:, plugins = []
entrypoint = &lt;class 'sqlalchemy.dialects.sqlite.aiosqlite.SQLiteDialect_aiosqlite'&gt;
_is_async = True
pop_kwarg = &lt;built-in method pop of dict object at 0x7f881f8be200&gt;
dialect_args = {}

    @util.deprecated_params(
        strategy=(
            "1.4",
            "The :paramref:`_sa.create_engine.strategy` keyword is deprecated, "
            "and the only argument accepted is 'mock'; please use "
            ":func:`.create_mock_engine` going forward.  For general "
            "customization of create_engine which may have been accomplished "
            "using strategies, see :class:`.CreateEnginePlugin`.",
        ),
        empty_in_strategy=(
            "1.4",
            "The :paramref:`_sa.create_engine.empty_in_strategy` keyword is "
            "deprecated, and no longer has any effect.  All IN expressions "
            "are now rendered using "
            'the "expanding parameter" strategy which renders a set of bound'
            'expressions, or an "empty set" SELECT, at statement execution'
            "time.",
        ),
        implicit_returning=(
            "2.0",
            "The :paramref:`_sa.create_engine.implicit_returning` parameter "
            "is deprecated and will be removed in a future release. ",
        ),
    )
    def create_engine(url: Union[str, _url.URL], **kwargs: Any) -&gt; Engine:
        """Create a new :class:`_engine.Engine` instance.

        The standard calling form is to send the :ref:`URL &lt;database_urls&gt;` as the
        first positional argument, usually a string
        that indicates database dialect and connection arguments::

            engine = create_engine("postgresql+psycopg2://scott:tiger@localhost/test")

        .. note::

            Please review :ref:`database_urls` for general guidelines in composing
            URL strings.  In particular, special characters, such as those often
            part of passwords, must be URL encoded to be properly parsed.

        Additional keyword arguments may then follow it which
        establish various options on the resulting :class:`_engine.Engine`
        and its underlying :class:`.Dialect` and :class:`_pool.Pool`
        constructs::

            engine = create_engine(
                "mysql+mysqldb://scott:tiger@hostname/dbname",
                pool_recycle=3600,
                echo=True,
            )

        The string form of the URL is
        ``dialect[+driver]://user:password@host/dbname[?key=value..]``, where
        ``dialect`` is a database name such as ``mysql``, ``oracle``,
        ``postgresql``, etc., and ``driver`` the name of a DBAPI, such as
        ``psycopg2``, ``pyodbc``, ``cx_oracle``, etc.  Alternatively,
        the URL can be an instance of :class:`~sqlalchemy.engine.url.URL`.

        ``**kwargs`` takes a wide variety of options which are routed
        towards their appropriate components.  Arguments may be specific to
        the :class:`_engine.Engine`, the underlying :class:`.Dialect`,
        as well as the
        :class:`_pool.Pool`.  Specific dialects also accept keyword arguments that
        are unique to that dialect.   Here, we describe the parameters
        that are common to most :func:`_sa.create_engine()` usage.

        Once established, the newly resulting :class:`_engine.Engine` will
        request a connection from the underlying :class:`_pool.Pool` once
        :meth:`_engine.Engine.connect` is called, or a method which depends on it
        such as :meth:`_engine.Engine.execute` is invoked.   The
        :class:`_pool.Pool` in turn
        will establish the first actual DBAPI connection when this request
        is received.   The :func:`_sa.create_engine` call itself does **not**
        establish any actual DBAPI connections directly.

        .. seealso::

            :doc:`/core/engines`

            :doc:`/dialects/index`

            :ref:`connections_toplevel`

        :param connect_args: a dictionary of options which will be
            passed directly to the DBAPI's ``connect()`` method as
            additional keyword arguments.  See the example
            at :ref:`custom_dbapi_args`.

        :param creator: a callable which returns a DBAPI connection.
            This creation function will be passed to the underlying
            connection pool and will be used to create all new database
            connections. Usage of this function causes connection
            parameters specified in the URL argument to be bypassed.

            This hook is not as flexible as the newer
            :meth:`_events.DialectEvents.do_connect` hook which allows complete
            control over how a connection is made to the database, given the full
            set of URL arguments and state beforehand.

            .. seealso::

                :meth:`_events.DialectEvents.do_connect` - event hook that allows
                full control over DBAPI connection mechanics.

                :ref:`custom_dbapi_args`

        :param echo=False: if True, the Engine will log all statements
            as well as a ``repr()`` of their parameter lists to the default log
            handler, which defaults to ``sys.stdout`` for output.   If set to the
            string ``"debug"``, result rows will be printed to the standard output
            as well. The ``echo`` attribute of ``Engine`` can be modified at any
            time to turn logging on and off; direct control of logging is also
            available using the standard Python ``logging`` module.

            .. seealso::

                :ref:`dbengine_logging` - further detail on how to configure
                logging.


        :param echo_pool=False: if True, the connection pool will log
            informational output such as when connections are invalidated
            as well as when connections are recycled to the default log handler,
            which defaults to ``sys.stdout`` for output.   If set to the string
            ``"debug"``, the logging will include pool checkouts and checkins.
            Direct control of logging is also available using the standard Python
            ``logging`` module.

            .. seealso::

                :ref:`dbengine_logging` - further detail on how to configure
                logging.


        :param empty_in_strategy:   No longer used; SQLAlchemy now uses
            "empty set" behavior for IN in all cases.

        :param enable_from_linting: defaults to True.  Will emit a warning
            if a given SELECT statement is found to have un-linked FROM elements
            which would cause a cartesian product.

            .. versionadded:: 1.4

            .. seealso::

                :ref:`change_4737`

        :param execution_options: Dictionary execution options which will
            be applied to all connections.  See
            :meth:`~sqlalchemy.engine.Connection.execution_options`

        :param future: Use the 2.0 style :class:`_engine.Engine` and
            :class:`_engine.Connection` API.

            As of SQLAlchemy 2.0, this parameter is present for backwards
            compatibility only and must remain at its default value of ``True``.

            The :paramref:`_sa.create_engine.future` parameter will be
            deprecated in a subsequent 2.x release and eventually removed.

            .. versionadded:: 1.4

            .. versionchanged:: 2.0 All :class:`_engine.Engine` objects are
               "future" style engines and there is no longer a ``future=False``
               mode of operation.

            .. seealso::

                :ref:`migration_20_toplevel`

        :param hide_parameters: Boolean, when set to True, SQL statement parameters
            will not be displayed in INFO logging nor will they be formatted into
            the string representation of :class:`.StatementError` objects.

            .. versionadded:: 1.3.8

            .. seealso::

                :ref:`dbengine_logging` - further detail on how to configure
                logging.

        :param implicit_returning=True:  Legacy parameter that may only be set
            to True. In SQLAlchemy 2.0, this parameter does nothing. In order to
            disable "implicit returning" for statements invoked by the ORM,
            configure this on a per-table basis using the
            :paramref:`.Table.implicit_returning` parameter.


        :param insertmanyvalues_page_size: number of rows to format into an
         INSERT statement when the statement uses "insertmanyvalues" mode, which is
         a paged form of bulk insert that is used for many backends when using
         :term:`executemany` execution typically in conjunction with RETURNING.
         Defaults to 1000, but may also be subject to dialect-specific limiting
         factors which may override this value on a per-statement basis.

         .. versionadded:: 2.0

         .. seealso::

            :ref:`engine_insertmanyvalues`

            :ref:`engine_insertmanyvalues_page_size`

            :paramref:`_engine.Connection.execution_options.insertmanyvalues_page_size`

        :param isolation_level: optional string name of an isolation level
            which will be set on all new connections unconditionally.
            Isolation levels are typically some subset of the string names
            ``"SERIALIZABLE"``, ``"REPEATABLE READ"``,
            ``"READ COMMITTED"``, ``"READ UNCOMMITTED"`` and ``"AUTOCOMMIT"``
            based on backend.

            The :paramref:`_sa.create_engine.isolation_level` parameter is
            in contrast to the
            :paramref:`.Connection.execution_options.isolation_level`
            execution option, which may be set on an individual
            :class:`.Connection`, as well as the same parameter passed to
            :meth:`.Engine.execution_options`, where it may be used to create
            multiple engines with different isolation levels that share a common
            connection pool and dialect.

            .. versionchanged:: 2.0 The
               :paramref:`_sa.create_engine.isolation_level`
               parameter has been generalized to work on all dialects which support
               the concept of isolation level, and is provided as a more succinct,
               up front configuration switch in contrast to the execution option
               which is more of an ad-hoc programmatic option.

            .. seealso::

                :ref:`dbapi_autocommit`

        :param json_deserializer: for dialects that support the
            :class:`_types.JSON`
            datatype, this is a Python callable that will convert a JSON string
            to a Python object.  By default, the Python ``json.loads`` function is
            used.

            .. versionchanged:: 1.3.7  The SQLite dialect renamed this from
               ``_json_deserializer``.

        :param json_serializer: for dialects that support the :class:`_types.JSON`
            datatype, this is a Python callable that will render a given object
            as JSON.   By default, the Python ``json.dumps`` function is used.

            .. versionchanged:: 1.3.7  The SQLite dialect renamed this from
               ``_json_serializer``.


        :param label_length=None: optional integer value which limits
            the size of dynamically generated column labels to that many
            characters. If less than 6, labels are generated as
            "_(counter)". If ``None``, the value of
            ``dialect.max_identifier_length``, which may be affected via the
            :paramref:`_sa.create_engine.max_identifier_length` parameter,
            is used instead.   The value of
            :paramref:`_sa.create_engine.label_length`
            may not be larger than that of
            :paramref:`_sa.create_engine.max_identfier_length`.

            .. seealso::

                :paramref:`_sa.create_engine.max_identifier_length`

        :param logging_name:  String identifier which will be used within
            the "name" field of logging records generated within the
            "sqlalchemy.engine" logger. Defaults to a hexstring of the
            object's id.

            .. seealso::

                :ref:`dbengine_logging` - further detail on how to configure
                logging.

                :paramref:`_engine.Connection.execution_options.logging_token`

        :param max_identifier_length: integer; override the max_identifier_length
            determined by the dialect.  if ``None`` or zero, has no effect.  This
            is the database's configured maximum number of characters that may be
            used in a SQL identifier such as a table name, column name, or label
            name. All dialects determine this value automatically, however in the
            case of a new database version for which this value has changed but
            SQLAlchemy's dialect has not been adjusted, the value may be passed
            here.

            .. versionadded:: 1.3.9

            .. seealso::

                :paramref:`_sa.create_engine.label_length`

        :param max_overflow=10: the number of connections to allow in
            connection pool "overflow", that is connections that can be
            opened above and beyond the pool_size setting, which defaults
            to five. this is only used with :class:`~sqlalchemy.pool.QueuePool`.

        :param module=None: reference to a Python module object (the module
            itself, not its string name).  Specifies an alternate DBAPI module to
            be used by the engine's dialect.  Each sub-dialect references a
            specific DBAPI which will be imported before first connect.  This
            parameter causes the import to be bypassed, and the given module to
            be used instead. Can be used for testing of DBAPIs as well as to
            inject "mock" DBAPI implementations into the :class:`_engine.Engine`.

        :param paramstyle=None: The `paramstyle &lt;https://legacy.python.org/dev/peps/pep-0249/#paramstyle&gt;`_
            to use when rendering bound parameters.  This style defaults to the
            one recommended by the DBAPI itself, which is retrieved from the
            ``.paramstyle`` attribute of the DBAPI.  However, most DBAPIs accept
            more than one paramstyle, and in particular it may be desirable
            to change a "named" paramstyle into a "positional" one, or vice versa.
            When this attribute is passed, it should be one of the values
            ``"qmark"``, ``"numeric"``, ``"named"``, ``"format"`` or
            ``"pyformat"``, and should correspond to a parameter style known
            to be supported by the DBAPI in use.

        :param pool=None: an already-constructed instance of
            :class:`~sqlalchemy.pool.Pool`, such as a
            :class:`~sqlalchemy.pool.QueuePool` instance. If non-None, this
            pool will be used directly as the underlying connection pool
            for the engine, bypassing whatever connection parameters are
            present in the URL argument. For information on constructing
            connection pools manually, see :ref:`pooling_toplevel`.

        :param poolclass=None: a :class:`~sqlalchemy.pool.Pool`
            subclass, which will be used to create a connection pool
            instance using the connection parameters given in the URL. Note
            this differs from ``pool`` in that you don't actually
            instantiate the pool in this case, you just indicate what type
            of pool to be used.

        :param pool_logging_name:  String identifier which will be used within
           the "name" field of logging records generated within the
           "sqlalchemy.pool" logger. Defaults to a hexstring of the object's
           id.

           .. seealso::

                :ref:`dbengine_logging` - further detail on how to configure
                logging.

        :param pool_pre_ping: boolean, if True will enable the connection pool
            "pre-ping" feature that tests connections for liveness upon
            each checkout.

            .. versionadded:: 1.2

            .. seealso::

                :ref:`pool_disconnects_pessimistic`

        :param pool_size=5: the number of connections to keep open
            inside the connection pool. This used with
            :class:`~sqlalchemy.pool.QueuePool` as
            well as :class:`~sqlalchemy.pool.SingletonThreadPool`.  With
            :class:`~sqlalchemy.pool.QueuePool`, a ``pool_size`` setting
            of 0 indicates no limit; to disable pooling, set ``poolclass`` to
            :class:`~sqlalchemy.pool.NullPool` instead.

        :param pool_recycle=-1: this setting causes the pool to recycle
            connections after the given number of seconds has passed. It
            defaults to -1, or no timeout. For example, setting to 3600
            means connections will be recycled after one hour. Note that
            MySQL in particular will disconnect automatically if no
            activity is detected on a connection for eight hours (although
            this is configurable with the MySQLDB connection itself and the
            server configuration as well).

            .. seealso::

                :ref:`pool_setting_recycle`

        :param pool_reset_on_return='rollback': set the
            :paramref:`_pool.Pool.reset_on_return` parameter of the underlying
            :class:`_pool.Pool` object, which can be set to the values
            ``"rollback"``, ``"commit"``, or ``None``.

            .. seealso::

                :ref:`pool_reset_on_return`

                :ref:`dbapi_autocommit_skip_rollback` - a more modern approach
                to using connections with no transactional instructions

        :param pool_timeout=30: number of seconds to wait before giving
            up on getting a connection from the pool. This is only used
            with :class:`~sqlalchemy.pool.QueuePool`. This can be a float but is
            subject to the limitations of Python time functions which may not be
            reliable in the tens of milliseconds.

            .. note: don't use 30.0 above, it seems to break with the :param tag

        :param pool_use_lifo=False: use LIFO (last-in-first-out) when retrieving
            connections from :class:`.QueuePool` instead of FIFO
            (first-in-first-out). Using LIFO, a server-side timeout scheme can
            reduce the number of connections used during non- peak   periods of
            use.   When planning for server-side timeouts, ensure that a recycle or
            pre-ping strategy is in use to gracefully   handle stale connections.

              .. versionadded:: 1.3

              .. seealso::

                :ref:`pool_use_lifo`

                :ref:`pool_disconnects`

        :param plugins: string list of plugin names to load.  See
            :class:`.CreateEnginePlugin` for background.

            .. versionadded:: 1.2.3

        :param query_cache_size: size of the cache used to cache the SQL string
         form of queries.  Set to zero to disable caching.

         The cache is pruned of its least recently used items when its size reaches
         N * 1.5.  Defaults to 500, meaning the cache will always store at least
         500 SQL statements when filled, and will grow up to 750 items at which
         point it is pruned back down to 500 by removing the 250 least recently
         used items.

         Caching is accomplished on a per-statement basis by generating a
         cache key that represents the statement's structure, then generating
         string SQL for the current dialect only if that key is not present
         in the cache.   All statements support caching, however some features
         such as an INSERT with a large set of parameters will intentionally
         bypass the cache.   SQL logging will indicate statistics for each
         statement whether or not it were pull from the cache.

         .. note:: some ORM functions related to unit-of-work persistence as well
            as some attribute loading strategies will make use of individual
            per-mapper caches outside of the main cache.


         .. seealso::

            :ref:`sql_caching`

         .. versionadded:: 1.4

        :param skip_autocommit_rollback: When True, the dialect will
           unconditionally skip all calls to the DBAPI ``connection.rollback()``
           method if the DBAPI connection is confirmed to be in "autocommit" mode.
           The availability of this feature is dialect specific; if not available,
           a ``NotImplementedError`` is raised by the dialect when rollback occurs.

           .. seealso::

                :ref:`dbapi_autocommit_skip_rollback`

           .. versionadded:: 2.0.43

        :param use_insertmanyvalues: True by default, use the "insertmanyvalues"
         execution style for INSERT..RETURNING statements by default.

         .. versionadded:: 2.0

         .. seealso::

            :ref:`engine_insertmanyvalues`

        """  # noqa

        if "strategy" in kwargs:
            strat = kwargs.pop("strategy")
            if strat == "mock":
                # this case is deprecated
                return create_mock_engine(url, **kwargs)  # type: ignore
            else:
                raise exc.ArgumentError("unknown strategy: %r" % strat)

        kwargs.pop("empty_in_strategy", None)

        # create url.URL object
        u = _url.make_url(url)

        u, plugins, kwargs = u._instantiate_plugins(kwargs)

        entrypoint = u._get_entrypoint()
        _is_async = kwargs.pop("_is_async", False)
        if _is_async:
            dialect_cls = entrypoint.get_async_dialect_cls(u)
        else:
            dialect_cls = entrypoint.get_dialect_cls(u)

        if kwargs.pop("_coerce_config", False):

            def pop_kwarg(key: str, default: Optional[Any] = None) -&gt; Any:
                value = kwargs.pop(key, default)
                if key in dialect_cls.engine_config_types:
                    value = dialect_cls.engine_config_types[key](value)
                return value

        else:
            pop_kwarg = kwargs.pop  # type: ignore

        dialect_args = {}
        # consume dialect arguments from kwargs
        for k in util.get_cls_kwargs(dialect_cls):
            if k in kwargs:
                dialect_args[k] = pop_kwarg(k)

        dbapi = kwargs.pop("module", None)
        if dbapi is None:
            dbapi_args = {}

            if "import_dbapi" in dialect_cls.__dict__:
                dbapi_meth = dialect_cls.import_dbapi

            elif hasattr(dialect_cls, "dbapi") and inspect.ismethod(
                dialect_cls.dbapi
            ):
                util.warn_deprecated(
                    "The dbapi() classmethod on dialect classes has been "
                    "renamed to import_dbapi().  Implement an import_dbapi() "
                    f"classmethod directly on class {dialect_cls} to remove this "
                    "warning; the old .dbapi() classmethod may be maintained for "
                    "backwards compatibility.",
                    "2.0",
                )
                dbapi_meth = dialect_cls.dbapi
            else:
                dbapi_meth = dialect_cls.import_dbapi

            for k in util.get_func_kwargs(dbapi_meth):
                if k in kwargs:
                    dbapi_args[k] = pop_kwarg(k)
&gt;           dbapi = dbapi_meth(**dbapi_args)
                    ^^^^^^^^^^^^^^^^^^^^^^^^

/usr/local/lib/python3.11/dist-packages/sqlalchemy/engine/create.py:617:
_ _ _ _ _ _ _ _ _ _ _ _ _ _ _ _ _ _ _ _ _ _ _ _ _ _ _ _ _ _ _ _ _ _ _ _ _ _ _ _

cls = &lt;class 'sqlalchemy.dialects.sqlite.aiosqlite.SQLiteDialect_aiosqlite'&gt;

    @classmethod
    def import_dbapi(cls) -&gt; AsyncAdapt_aiosqlite_dbapi:
        return AsyncAdapt_aiosqlite_dbapi(
&gt;           __import__("aiosqlite"), __import__("sqlite3")
            ^^^^^^^^^^^^^^^^^^^^^^^
        )
E       ModuleNotFoundError: No module named 'aiosqlite'

/usr/local/lib/python3.11/dist-packages/sqlalchemy/dialects/sqlite/aiosqlite.py:449: ModuleNotFoundError</error></testcase><testcase classname="tests.integration.test_repository_db.TestSignalRepository" name="test_get_pending_signals" time="0.000"><error message="failed on setup with &quot;ModuleNotFoundError: No module named 'aiosqlite'&quot;">@pytest.fixture(scope="module")
    def async_engine():
        """Module-scoped async engine with tables created once."""
        import asyncio

&gt;       eng = create_async_engine(
            _ASYNC_URL,
            connect_args={"check_same_thread": False},
            poolclass=StaticPool,
        )

tests/integration/test_repository_db.py:78:
_ _ _ _ _ _ _ _ _ _ _ _ _ _ _ _ _ _ _ _ _ _ _ _ _ _ _ _ _ _ _ _ _ _ _ _ _ _ _ _

func = &lt;function create_async_engine at 0x7f8919a142c0&gt;, module = None
args = ('sqlite+aiosqlite:///:memory:',)
kwargs = {'connect_args': {'check_same_thread': False}, 'poolclass': &lt;class 'sqlalchemy.pool.impl.StaticPool'&gt;}

    def _wrap_create_async_engine_internal(func, module, args, kwargs):
        """Trace the SQLAlchemy engine, creating an `EngineTracer`
        object that will listen to SQLAlchemy events.
        """
        if not is_instrumentation_enabled():
            return func(*args, **kwargs)

&gt;       engine = func(*args, **kwargs)
                 ^^^^^^^^^^^^^^^^^^^^^

/usr/local/lib/python3.11/dist-packages/opentelemetry/instrumentation/sqlalchemy/engine.py:139:
_ _ _ _ _ _ _ _ _ _ _ _ _ _ _ _ _ _ _ _ _ _ _ _ _ _ _ _ _ _ _ _ _ _ _ _ _ _ _ _

url = 'sqlite+aiosqlite:///:memory:'
kw = {'_is_async': True, 'connect_args': {'check_same_thread': False}, 'poolclass': &lt;class 'sqlalchemy.pool.impl.StaticPool'&gt;}

    def create_async_engine(url: Union[str, URL], **kw: Any) -&gt; AsyncEngine:
        """Create a new async engine instance.

        Arguments passed to :func:`_asyncio.create_async_engine` are mostly
        identical to those passed to the :func:`_sa.create_engine` function.
        The specified dialect must be an asyncio-compatible dialect
        such as :ref:`dialect-postgresql-asyncpg`.

        .. versionadded:: 1.4

        :param async_creator: an async callable which returns a driver-level
            asyncio connection. If given, the function should take no arguments,
            and return a new asyncio connection from the underlying asyncio
            database driver; the connection will be wrapped in the appropriate
            structures to be used with the :class:`.AsyncEngine`.   Note that the
            parameters specified in the URL are not applied here, and the creator
            function should use its own connection parameters.

            This parameter is the asyncio equivalent of the
            :paramref:`_sa.create_engine.creator` parameter of the
            :func:`_sa.create_engine` function.

            .. versionadded:: 2.0.16

        """

        if kw.get("server_side_cursors", False):
            raise async_exc.AsyncMethodRequired(
                "Can't set server_side_cursors for async engine globally; "
                "use the connection.stream() method for an async "
                "streaming result set"
            )
        kw["_is_async"] = True
        async_creator = kw.pop("async_creator", None)
        if async_creator:
            if kw.get("creator", None):
                raise ArgumentError(
                    "Can only specify one of 'async_creator' or 'creator', "
                    "not both."
                )

            def creator() -&gt; Any:
                # note that to send adapted arguments like
                # prepared_statement_cache_size, user would use
                # "creator" and emulate this form here
                return sync_engine.dialect.dbapi.connect(  # type: ignore
                    async_creator_fn=async_creator
                )

            kw["creator"] = creator
&gt;       sync_engine = _create_engine(url, **kw)
                      ^^^^^^^^^^^^^^^^^^^^^^^^^

/usr/local/lib/python3.11/dist-packages/sqlalchemy/ext/asyncio/engine.py:120:
_ _ _ _ _ _ _ _ _ _ _ _ _ _ _ _ _ _ _ _ _ _ _ _ _ _ _ _ _ _ _ _ _ _ _ _ _ _ _ _

url = 'sqlite+aiosqlite:///:memory:'
kwargs = {'_is_async': True, 'connect_args': {'check_same_thread': False}, 'poolclass': &lt;class 'sqlalchemy.pool.impl.StaticPool'&gt;}

&gt;   ???

&lt;string&gt;:2:
_ _ _ _ _ _ _ _ _ _ _ _ _ _ _ _ _ _ _ _ _ _ _ _ _ _ _ _ _ _ _ _ _ _ _ _ _ _ _ _

fn = &lt;function create_engine at 0x7f8919b2aac0&gt;
args = ('sqlite+aiosqlite:///:memory:',)
kwargs = {'_is_async': True, 'connect_args': {'check_same_thread': False}, 'poolclass': &lt;class 'sqlalchemy.pool.impl.StaticPool'&gt;}
m = 'implicit_returning'

    @decorator
    def warned(fn: _F, *args: Any, **kwargs: Any) -&gt; _F:
        for m in check_defaults:
            if (defaults[m] is None and kwargs[m] is not None) or (
                defaults[m] is not None and kwargs[m] != defaults[m]
            ):
                _warn_with_version(
                    messages[m],
                    versions[m],
                    version_warnings[m],
                    stacklevel=3,
                )

        if check_any_kw in messages and set(kwargs).difference(
            check_defaults
        ):
            assert check_any_kw is not None
            _warn_with_version(
                messages[check_any_kw],
                versions[check_any_kw],
                version_warnings[check_any_kw],
                stacklevel=3,
            )

        for m in check_kw:
            if m in kwargs:
                _warn_with_version(
                    messages[m],
                    versions[m],
                    version_warnings[m],
                    stacklevel=3,
                )
&gt;       return fn(*args, **kwargs)  # type: ignore[no-any-return]
               ^^^^^^^^^^^^^^^^^^^

/usr/local/lib/python3.11/dist-packages/sqlalchemy/util/deprecations.py:281:
_ _ _ _ _ _ _ _ _ _ _ _ _ _ _ _ _ _ _ _ _ _ _ _ _ _ _ _ _ _ _ _ _ _ _ _ _ _ _ _

url = 'sqlite+aiosqlite:///:memory:'
kwargs = {'connect_args': {'check_same_thread': False}, 'poolclass': &lt;class 'sqlalchemy.pool.impl.StaticPool'&gt;}
u = sqlite+aiosqlite:///:memory:, plugins = []
entrypoint = &lt;class 'sqlalchemy.dialects.sqlite.aiosqlite.SQLiteDialect_aiosqlite'&gt;
_is_async = True
pop_kwarg = &lt;built-in method pop of dict object at 0x7f881f8be200&gt;
dialect_args = {}

    @util.deprecated_params(
        strategy=(
            "1.4",
            "The :paramref:`_sa.create_engine.strategy` keyword is deprecated, "
            "and the only argument accepted is 'mock'; please use "
            ":func:`.create_mock_engine` going forward.  For general "
            "customization of create_engine which may have been accomplished "
            "using strategies, see :class:`.CreateEnginePlugin`.",
        ),
        empty_in_strategy=(
            "1.4",
            "The :paramref:`_sa.create_engine.empty_in_strategy` keyword is "
            "deprecated, and no longer has any effect.  All IN expressions "
            "are now rendered using "
            'the "expanding parameter" strategy which renders a set of bound'
            'expressions, or an "empty set" SELECT, at statement execution'
            "time.",
        ),
        implicit_returning=(
            "2.0",
            "The :paramref:`_sa.create_engine.implicit_returning` parameter "
            "is deprecated and will be removed in a future release. ",
        ),
    )
    def create_engine(url: Union[str, _url.URL], **kwargs: Any) -&gt; Engine:
        """Create a new :class:`_engine.Engine` instance.

        The standard calling form is to send the :ref:`URL &lt;database_urls&gt;` as the
        first positional argument, usually a string
        that indicates database dialect and connection arguments::

            engine = create_engine("postgresql+psycopg2://scott:tiger@localhost/test")

        .. note::

            Please review :ref:`database_urls` for general guidelines in composing
            URL strings.  In particular, special characters, such as those often
            part of passwords, must be URL encoded to be properly parsed.

        Additional keyword arguments may then follow it which
        establish various options on the resulting :class:`_engine.Engine`
        and its underlying :class:`.Dialect` and :class:`_pool.Pool`
        constructs::

            engine = create_engine(
                "mysql+mysqldb://scott:tiger@hostname/dbname",
                pool_recycle=3600,
                echo=True,
            )

        The string form of the URL is
        ``dialect[+driver]://user:password@host/dbname[?key=value..]``, where
        ``dialect`` is a database name such as ``mysql``, ``oracle``,
        ``postgresql``, etc., and ``driver`` the name of a DBAPI, such as
        ``psycopg2``, ``pyodbc``, ``cx_oracle``, etc.  Alternatively,
        the URL can be an instance of :class:`~sqlalchemy.engine.url.URL`.

        ``**kwargs`` takes a wide variety of options which are routed
        towards their appropriate components.  Arguments may be specific to
        the :class:`_engine.Engine`, the underlying :class:`.Dialect`,
        as well as the
        :class:`_pool.Pool`.  Specific dialects also accept keyword arguments that
        are unique to that dialect.   Here, we describe the parameters
        that are common to most :func:`_sa.create_engine()` usage.

        Once established, the newly resulting :class:`_engine.Engine` will
        request a connection from the underlying :class:`_pool.Pool` once
        :meth:`_engine.Engine.connect` is called, or a method which depends on it
        such as :meth:`_engine.Engine.execute` is invoked.   The
        :class:`_pool.Pool` in turn
        will establish the first actual DBAPI connection when this request
        is received.   The :func:`_sa.create_engine` call itself does **not**
        establish any actual DBAPI connections directly.

        .. seealso::

            :doc:`/core/engines`

            :doc:`/dialects/index`

            :ref:`connections_toplevel`

        :param connect_args: a dictionary of options which will be
            passed directly to the DBAPI's ``connect()`` method as
            additional keyword arguments.  See the example
            at :ref:`custom_dbapi_args`.

        :param creator: a callable which returns a DBAPI connection.
            This creation function will be passed to the underlying
            connection pool and will be used to create all new database
            connections. Usage of this function causes connection
            parameters specified in the URL argument to be bypassed.

            This hook is not as flexible as the newer
            :meth:`_events.DialectEvents.do_connect` hook which allows complete
            control over how a connection is made to the database, given the full
            set of URL arguments and state beforehand.

            .. seealso::

                :meth:`_events.DialectEvents.do_connect` - event hook that allows
                full control over DBAPI connection mechanics.

                :ref:`custom_dbapi_args`

        :param echo=False: if True, the Engine will log all statements
            as well as a ``repr()`` of their parameter lists to the default log
            handler, which defaults to ``sys.stdout`` for output.   If set to the
            string ``"debug"``, result rows will be printed to the standard output
            as well. The ``echo`` attribute of ``Engine`` can be modified at any
            time to turn logging on and off; direct control of logging is also
            available using the standard Python ``logging`` module.

            .. seealso::

                :ref:`dbengine_logging` - further detail on how to configure
                logging.


        :param echo_pool=False: if True, the connection pool will log
            informational output such as when connections are invalidated
            as well as when connections are recycled to the default log handler,
            which defaults to ``sys.stdout`` for output.   If set to the string
            ``"debug"``, the logging will include pool checkouts and checkins.
            Direct control of logging is also available using the standard Python
            ``logging`` module.

            .. seealso::

                :ref:`dbengine_logging` - further detail on how to configure
                logging.


        :param empty_in_strategy:   No longer used; SQLAlchemy now uses
            "empty set" behavior for IN in all cases.

        :param enable_from_linting: defaults to True.  Will emit a warning
            if a given SELECT statement is found to have un-linked FROM elements
            which would cause a cartesian product.

            .. versionadded:: 1.4

            .. seealso::

                :ref:`change_4737`

        :param execution_options: Dictionary execution options which will
            be applied to all connections.  See
            :meth:`~sqlalchemy.engine.Connection.execution_options`

        :param future: Use the 2.0 style :class:`_engine.Engine` and
            :class:`_engine.Connection` API.

            As of SQLAlchemy 2.0, this parameter is present for backwards
            compatibility only and must remain at its default value of ``True``.

            The :paramref:`_sa.create_engine.future` parameter will be
            deprecated in a subsequent 2.x release and eventually removed.

            .. versionadded:: 1.4

            .. versionchanged:: 2.0 All :class:`_engine.Engine` objects are
               "future" style engines and there is no longer a ``future=False``
               mode of operation.

            .. seealso::

                :ref:`migration_20_toplevel`

        :param hide_parameters: Boolean, when set to True, SQL statement parameters
            will not be displayed in INFO logging nor will they be formatted into
            the string representation of :class:`.StatementError` objects.

            .. versionadded:: 1.3.8

            .. seealso::

                :ref:`dbengine_logging` - further detail on how to configure
                logging.

        :param implicit_returning=True:  Legacy parameter that may only be set
            to True. In SQLAlchemy 2.0, this parameter does nothing. In order to
            disable "implicit returning" for statements invoked by the ORM,
            configure this on a per-table basis using the
            :paramref:`.Table.implicit_returning` parameter.


        :param insertmanyvalues_page_size: number of rows to format into an
         INSERT statement when the statement uses "insertmanyvalues" mode, which is
         a paged form of bulk insert that is used for many backends when using
         :term:`executemany` execution typically in conjunction with RETURNING.
         Defaults to 1000, but may also be subject to dialect-specific limiting
         factors which may override this value on a per-statement basis.

         .. versionadded:: 2.0

         .. seealso::

            :ref:`engine_insertmanyvalues`

            :ref:`engine_insertmanyvalues_page_size`

            :paramref:`_engine.Connection.execution_options.insertmanyvalues_page_size`

        :param isolation_level: optional string name of an isolation level
            which will be set on all new connections unconditionally.
            Isolation levels are typically some subset of the string names
            ``"SERIALIZABLE"``, ``"REPEATABLE READ"``,
            ``"READ COMMITTED"``, ``"READ UNCOMMITTED"`` and ``"AUTOCOMMIT"``
            based on backend.

            The :paramref:`_sa.create_engine.isolation_level` parameter is
            in contrast to the
            :paramref:`.Connection.execution_options.isolation_level`
            execution option, which may be set on an individual
            :class:`.Connection`, as well as the same parameter passed to
            :meth:`.Engine.execution_options`, where it may be used to create
            multiple engines with different isolation levels that share a common
            connection pool and dialect.

            .. versionchanged:: 2.0 The
               :paramref:`_sa.create_engine.isolation_level`
               parameter has been generalized to work on all dialects which support
               the concept of isolation level, and is provided as a more succinct,
               up front configuration switch in contrast to the execution option
               which is more of an ad-hoc programmatic option.

            .. seealso::

                :ref:`dbapi_autocommit`

        :param json_deserializer: for dialects that support the
            :class:`_types.JSON`
            datatype, this is a Python callable that will convert a JSON string
            to a Python object.  By default, the Python ``json.loads`` function is
            used.

            .. versionchanged:: 1.3.7  The SQLite dialect renamed this from
               ``_json_deserializer``.

        :param json_serializer: for dialects that support the :class:`_types.JSON`
            datatype, this is a Python callable that will render a given object
            as JSON.   By default, the Python ``json.dumps`` function is used.

            .. versionchanged:: 1.3.7  The SQLite dialect renamed this from
               ``_json_serializer``.


        :param label_length=None: optional integer value which limits
            the size of dynamically generated column labels to that many
            characters. If less than 6, labels are generated as
            "_(counter)". If ``None``, the value of
            ``dialect.max_identifier_length``, which may be affected via the
            :paramref:`_sa.create_engine.max_identifier_length` parameter,
            is used instead.   The value of
            :paramref:`_sa.create_engine.label_length`
            may not be larger than that of
            :paramref:`_sa.create_engine.max_identfier_length`.

            .. seealso::

                :paramref:`_sa.create_engine.max_identifier_length`

        :param logging_name:  String identifier which will be used within
            the "name" field of logging records generated within the
            "sqlalchemy.engine" logger. Defaults to a hexstring of the
            object's id.

            .. seealso::

                :ref:`dbengine_logging` - further detail on how to configure
                logging.

                :paramref:`_engine.Connection.execution_options.logging_token`

        :param max_identifier_length: integer; override the max_identifier_length
            determined by the dialect.  if ``None`` or zero, has no effect.  This
            is the database's configured maximum number of characters that may be
            used in a SQL identifier such as a table name, column name, or label
            name. All dialects determine this value automatically, however in the
            case of a new database version for which this value has changed but
            SQLAlchemy's dialect has not been adjusted, the value may be passed
            here.

            .. versionadded:: 1.3.9

            .. seealso::

                :paramref:`_sa.create_engine.label_length`

        :param max_overflow=10: the number of connections to allow in
            connection pool "overflow", that is connections that can be
            opened above and beyond the pool_size setting, which defaults
            to five. this is only used with :class:`~sqlalchemy.pool.QueuePool`.

        :param module=None: reference to a Python module object (the module
            itself, not its string name).  Specifies an alternate DBAPI module to
            be used by the engine's dialect.  Each sub-dialect references a
            specific DBAPI which will be imported before first connect.  This
            parameter causes the import to be bypassed, and the given module to
            be used instead. Can be used for testing of DBAPIs as well as to
            inject "mock" DBAPI implementations into the :class:`_engine.Engine`.

        :param paramstyle=None: The `paramstyle &lt;https://legacy.python.org/dev/peps/pep-0249/#paramstyle&gt;`_
            to use when rendering bound parameters.  This style defaults to the
            one recommended by the DBAPI itself, which is retrieved from the
            ``.paramstyle`` attribute of the DBAPI.  However, most DBAPIs accept
            more than one paramstyle, and in particular it may be desirable
            to change a "named" paramstyle into a "positional" one, or vice versa.
            When this attribute is passed, it should be one of the values
            ``"qmark"``, ``"numeric"``, ``"named"``, ``"format"`` or
            ``"pyformat"``, and should correspond to a parameter style known
            to be supported by the DBAPI in use.

        :param pool=None: an already-constructed instance of
            :class:`~sqlalchemy.pool.Pool`, such as a
            :class:`~sqlalchemy.pool.QueuePool` instance. If non-None, this
            pool will be used directly as the underlying connection pool
            for the engine, bypassing whatever connection parameters are
            present in the URL argument. For information on constructing
            connection pools manually, see :ref:`pooling_toplevel`.

        :param poolclass=None: a :class:`~sqlalchemy.pool.Pool`
            subclass, which will be used to create a connection pool
            instance using the connection parameters given in the URL. Note
            this differs from ``pool`` in that you don't actually
            instantiate the pool in this case, you just indicate what type
            of pool to be used.

        :param pool_logging_name:  String identifier which will be used within
           the "name" field of logging records generated within the
           "sqlalchemy.pool" logger. Defaults to a hexstring of the object's
           id.

           .. seealso::

                :ref:`dbengine_logging` - further detail on how to configure
                logging.

        :param pool_pre_ping: boolean, if True will enable the connection pool
            "pre-ping" feature that tests connections for liveness upon
            each checkout.

            .. versionadded:: 1.2

            .. seealso::

                :ref:`pool_disconnects_pessimistic`

        :param pool_size=5: the number of connections to keep open
            inside the connection pool. This used with
            :class:`~sqlalchemy.pool.QueuePool` as
            well as :class:`~sqlalchemy.pool.SingletonThreadPool`.  With
            :class:`~sqlalchemy.pool.QueuePool`, a ``pool_size`` setting
            of 0 indicates no limit; to disable pooling, set ``poolclass`` to
            :class:`~sqlalchemy.pool.NullPool` instead.

        :param pool_recycle=-1: this setting causes the pool to recycle
            connections after the given number of seconds has passed. It
            defaults to -1, or no timeout. For example, setting to 3600
            means connections will be recycled after one hour. Note that
            MySQL in particular will disconnect automatically if no
            activity is detected on a connection for eight hours (although
            this is configurable with the MySQLDB connection itself and the
            server configuration as well).

            .. seealso::

                :ref:`pool_setting_recycle`

        :param pool_reset_on_return='rollback': set the
            :paramref:`_pool.Pool.reset_on_return` parameter of the underlying
            :class:`_pool.Pool` object, which can be set to the values
            ``"rollback"``, ``"commit"``, or ``None``.

            .. seealso::

                :ref:`pool_reset_on_return`

                :ref:`dbapi_autocommit_skip_rollback` - a more modern approach
                to using connections with no transactional instructions

        :param pool_timeout=30: number of seconds to wait before giving
            up on getting a connection from the pool. This is only used
            with :class:`~sqlalchemy.pool.QueuePool`. This can be a float but is
            subject to the limitations of Python time functions which may not be
            reliable in the tens of milliseconds.

            .. note: don't use 30.0 above, it seems to break with the :param tag

        :param pool_use_lifo=False: use LIFO (last-in-first-out) when retrieving
            connections from :class:`.QueuePool` instead of FIFO
            (first-in-first-out). Using LIFO, a server-side timeout scheme can
            reduce the number of connections used during non- peak   periods of
            use.   When planning for server-side timeouts, ensure that a recycle or
            pre-ping strategy is in use to gracefully   handle stale connections.

              .. versionadded:: 1.3

              .. seealso::

                :ref:`pool_use_lifo`

                :ref:`pool_disconnects`

        :param plugins: string list of plugin names to load.  See
            :class:`.CreateEnginePlugin` for background.

            .. versionadded:: 1.2.3

        :param query_cache_size: size of the cache used to cache the SQL string
         form of queries.  Set to zero to disable caching.

         The cache is pruned of its least recently used items when its size reaches
         N * 1.5.  Defaults to 500, meaning the cache will always store at least
         500 SQL statements when filled, and will grow up to 750 items at which
         point it is pruned back down to 500 by removing the 250 least recently
         used items.

         Caching is accomplished on a per-statement basis by generating a
         cache key that represents the statement's structure, then generating
         string SQL for the current dialect only if that key is not present
         in the cache.   All statements support caching, however some features
         such as an INSERT with a large set of parameters will intentionally
         bypass the cache.   SQL logging will indicate statistics for each
         statement whether or not it were pull from the cache.

         .. note:: some ORM functions related to unit-of-work persistence as well
            as some attribute loading strategies will make use of individual
            per-mapper caches outside of the main cache.


         .. seealso::

            :ref:`sql_caching`

         .. versionadded:: 1.4

        :param skip_autocommit_rollback: When True, the dialect will
           unconditionally skip all calls to the DBAPI ``connection.rollback()``
           method if the DBAPI connection is confirmed to be in "autocommit" mode.
           The availability of this feature is dialect specific; if not available,
           a ``NotImplementedError`` is raised by the dialect when rollback occurs.

           .. seealso::

                :ref:`dbapi_autocommit_skip_rollback`

           .. versionadded:: 2.0.43

        :param use_insertmanyvalues: True by default, use the "insertmanyvalues"
         execution style for INSERT..RETURNING statements by default.

         .. versionadded:: 2.0

         .. seealso::

            :ref:`engine_insertmanyvalues`

        """  # noqa

        if "strategy" in kwargs:
            strat = kwargs.pop("strategy")
            if strat == "mock":
                # this case is deprecated
                return create_mock_engine(url, **kwargs)  # type: ignore
            else:
                raise exc.ArgumentError("unknown strategy: %r" % strat)

        kwargs.pop("empty_in_strategy", None)

        # create url.URL object
        u = _url.make_url(url)

        u, plugins, kwargs = u._instantiate_plugins(kwargs)

        entrypoint = u._get_entrypoint()
        _is_async = kwargs.pop("_is_async", False)
        if _is_async:
            dialect_cls = entrypoint.get_async_dialect_cls(u)
        else:
            dialect_cls = entrypoint.get_dialect_cls(u)

        if kwargs.pop("_coerce_config", False):

            def pop_kwarg(key: str, default: Optional[Any] = None) -&gt; Any:
                value = kwargs.pop(key, default)
                if key in dialect_cls.engine_config_types:
                    value = dialect_cls.engine_config_types[key](value)
                return value

        else:
            pop_kwarg = kwargs.pop  # type: ignore

        dialect_args = {}
        # consume dialect arguments from kwargs
        for k in util.get_cls_kwargs(dialect_cls):
            if k in kwargs:
                dialect_args[k] = pop_kwarg(k)

        dbapi = kwargs.pop("module", None)
        if dbapi is None:
            dbapi_args = {}

            if "import_dbapi" in dialect_cls.__dict__:
                dbapi_meth = dialect_cls.import_dbapi

            elif hasattr(dialect_cls, "dbapi") and inspect.ismethod(
                dialect_cls.dbapi
            ):
                util.warn_deprecated(
                    "The dbapi() classmethod on dialect classes has been "
                    "renamed to import_dbapi().  Implement an import_dbapi() "
                    f"classmethod directly on class {dialect_cls} to remove this "
                    "warning; the old .dbapi() classmethod may be maintained for "
                    "backwards compatibility.",
                    "2.0",
                )
                dbapi_meth = dialect_cls.dbapi
            else:
                dbapi_meth = dialect_cls.import_dbapi

            for k in util.get_func_kwargs(dbapi_meth):
                if k in kwargs:
                    dbapi_args[k] = pop_kwarg(k)
&gt;           dbapi = dbapi_meth(**dbapi_args)
                    ^^^^^^^^^^^^^^^^^^^^^^^^

/usr/local/lib/python3.11/dist-packages/sqlalchemy/engine/create.py:617:
_ _ _ _ _ _ _ _ _ _ _ _ _ _ _ _ _ _ _ _ _ _ _ _ _ _ _ _ _ _ _ _ _ _ _ _ _ _ _ _

cls = &lt;class 'sqlalchemy.dialects.sqlite.aiosqlite.SQLiteDialect_aiosqlite'&gt;

    @classmethod
    def import_dbapi(cls) -&gt; AsyncAdapt_aiosqlite_dbapi:
        return AsyncAdapt_aiosqlite_dbapi(
&gt;           __import__("aiosqlite"), __import__("sqlite3")
            ^^^^^^^^^^^^^^^^^^^^^^^
        )
E       ModuleNotFoundError: No module named 'aiosqlite'

/usr/local/lib/python3.11/dist-packages/sqlalchemy/dialects/sqlite/aiosqlite.py:449: ModuleNotFoundError</error></testcase><testcase classname="tests.integration.test_repository_db.TestSignalRepository" name="test_get_pending_signals_filtered_by_symbol" time="0.001"><error message="failed on setup with &quot;ModuleNotFoundError: No module named 'aiosqlite'&quot;">@pytest.fixture(scope="module")
    def async_engine():
        """Module-scoped async engine with tables created once."""
        import asyncio

&gt;       eng = create_async_engine(
            _ASYNC_URL,
            connect_args={"check_same_thread": False},
            poolclass=StaticPool,
        )

tests/integration/test_repository_db.py:78:
_ _ _ _ _ _ _ _ _ _ _ _ _ _ _ _ _ _ _ _ _ _ _ _ _ _ _ _ _ _ _ _ _ _ _ _ _ _ _ _

func = &lt;function create_async_engine at 0x7f8919a142c0&gt;, module = None
args = ('sqlite+aiosqlite:///:memory:',)
kwargs = {'connect_args': {'check_same_thread': False}, 'poolclass': &lt;class 'sqlalchemy.pool.impl.StaticPool'&gt;}

    def _wrap_create_async_engine_internal(func, module, args, kwargs):
        """Trace the SQLAlchemy engine, creating an `EngineTracer`
        object that will listen to SQLAlchemy events.
        """
        if not is_instrumentation_enabled():
            return func(*args, **kwargs)

&gt;       engine = func(*args, **kwargs)
                 ^^^^^^^^^^^^^^^^^^^^^

/usr/local/lib/python3.11/dist-packages/opentelemetry/instrumentation/sqlalchemy/engine.py:139:
_ _ _ _ _ _ _ _ _ _ _ _ _ _ _ _ _ _ _ _ _ _ _ _ _ _ _ _ _ _ _ _ _ _ _ _ _ _ _ _

url = 'sqlite+aiosqlite:///:memory:'
kw = {'_is_async': True, 'connect_args': {'check_same_thread': False}, 'poolclass': &lt;class 'sqlalchemy.pool.impl.StaticPool'&gt;}

    def create_async_engine(url: Union[str, URL], **kw: Any) -&gt; AsyncEngine:
        """Create a new async engine instance.

        Arguments passed to :func:`_asyncio.create_async_engine` are mostly
        identical to those passed to the :func:`_sa.create_engine` function.
        The specified dialect must be an asyncio-compatible dialect
        such as :ref:`dialect-postgresql-asyncpg`.

        .. versionadded:: 1.4

        :param async_creator: an async callable which returns a driver-level
            asyncio connection. If given, the function should take no arguments,
            and return a new asyncio connection from the underlying asyncio
            database driver; the connection will be wrapped in the appropriate
            structures to be used with the :class:`.AsyncEngine`.   Note that the
            parameters specified in the URL are not applied here, and the creator
            function should use its own connection parameters.

            This parameter is the asyncio equivalent of the
            :paramref:`_sa.create_engine.creator` parameter of the
            :func:`_sa.create_engine` function.

            .. versionadded:: 2.0.16

        """

        if kw.get("server_side_cursors", False):
            raise async_exc.AsyncMethodRequired(
                "Can't set server_side_cursors for async engine globally; "
                "use the connection.stream() method for an async "
                "streaming result set"
            )
        kw["_is_async"] = True
        async_creator = kw.pop("async_creator", None)
        if async_creator:
            if kw.get("creator", None):
                raise ArgumentError(
                    "Can only specify one of 'async_creator' or 'creator', "
                    "not both."
                )

            def creator() -&gt; Any:
                # note that to send adapted arguments like
                # prepared_statement_cache_size, user would use
                # "creator" and emulate this form here
                return sync_engine.dialect.dbapi.connect(  # type: ignore
                    async_creator_fn=async_creator
                )

            kw["creator"] = creator
&gt;       sync_engine = _create_engine(url, **kw)
                      ^^^^^^^^^^^^^^^^^^^^^^^^^

/usr/local/lib/python3.11/dist-packages/sqlalchemy/ext/asyncio/engine.py:120:
_ _ _ _ _ _ _ _ _ _ _ _ _ _ _ _ _ _ _ _ _ _ _ _ _ _ _ _ _ _ _ _ _ _ _ _ _ _ _ _

url = 'sqlite+aiosqlite:///:memory:'
kwargs = {'_is_async': True, 'connect_args': {'check_same_thread': False}, 'poolclass': &lt;class 'sqlalchemy.pool.impl.StaticPool'&gt;}

&gt;   ???

&lt;string&gt;:2:
_ _ _ _ _ _ _ _ _ _ _ _ _ _ _ _ _ _ _ _ _ _ _ _ _ _ _ _ _ _ _ _ _ _ _ _ _ _ _ _

fn = &lt;function create_engine at 0x7f8919b2aac0&gt;
args = ('sqlite+aiosqlite:///:memory:',)
kwargs = {'_is_async': True, 'connect_args': {'check_same_thread': False}, 'poolclass': &lt;class 'sqlalchemy.pool.impl.StaticPool'&gt;}
m = 'implicit_returning'

    @decorator
    def warned(fn: _F, *args: Any, **kwargs: Any) -&gt; _F:
        for m in check_defaults:
            if (defaults[m] is None and kwargs[m] is not None) or (
                defaults[m] is not None and kwargs[m] != defaults[m]
            ):
                _warn_with_version(
                    messages[m],
                    versions[m],
                    version_warnings[m],
                    stacklevel=3,
                )

        if check_any_kw in messages and set(kwargs).difference(
            check_defaults
        ):
            assert check_any_kw is not None
            _warn_with_version(
                messages[check_any_kw],
                versions[check_any_kw],
                version_warnings[check_any_kw],
                stacklevel=3,
            )

        for m in check_kw:
            if m in kwargs:
                _warn_with_version(
                    messages[m],
                    versions[m],
                    version_warnings[m],
                    stacklevel=3,
                )
&gt;       return fn(*args, **kwargs)  # type: ignore[no-any-return]
               ^^^^^^^^^^^^^^^^^^^

/usr/local/lib/python3.11/dist-packages/sqlalchemy/util/deprecations.py:281:
_ _ _ _ _ _ _ _ _ _ _ _ _ _ _ _ _ _ _ _ _ _ _ _ _ _ _ _ _ _ _ _ _ _ _ _ _ _ _ _

url = 'sqlite+aiosqlite:///:memory:'
kwargs = {'connect_args': {'check_same_thread': False}, 'poolclass': &lt;class 'sqlalchemy.pool.impl.StaticPool'&gt;}
u = sqlite+aiosqlite:///:memory:, plugins = []
entrypoint = &lt;class 'sqlalchemy.dialects.sqlite.aiosqlite.SQLiteDialect_aiosqlite'&gt;
_is_async = True
pop_kwarg = &lt;built-in method pop of dict object at 0x7f881f8be200&gt;
dialect_args = {}

    @util.deprecated_params(
        strategy=(
            "1.4",
            "The :paramref:`_sa.create_engine.strategy` keyword is deprecated, "
            "and the only argument accepted is 'mock'; please use "
            ":func:`.create_mock_engine` going forward.  For general "
            "customization of create_engine which may have been accomplished "
            "using strategies, see :class:`.CreateEnginePlugin`.",
        ),
        empty_in_strategy=(
            "1.4",
            "The :paramref:`_sa.create_engine.empty_in_strategy` keyword is "
            "deprecated, and no longer has any effect.  All IN expressions "
            "are now rendered using "
            'the "expanding parameter" strategy which renders a set of bound'
            'expressions, or an "empty set" SELECT, at statement execution'
            "time.",
        ),
        implicit_returning=(
            "2.0",
            "The :paramref:`_sa.create_engine.implicit_returning` parameter "
            "is deprecated and will be removed in a future release. ",
        ),
    )
    def create_engine(url: Union[str, _url.URL], **kwargs: Any) -&gt; Engine:
        """Create a new :class:`_engine.Engine` instance.

        The standard calling form is to send the :ref:`URL &lt;database_urls&gt;` as the
        first positional argument, usually a string
        that indicates database dialect and connection arguments::

            engine = create_engine("postgresql+psycopg2://scott:tiger@localhost/test")

        .. note::

            Please review :ref:`database_urls` for general guidelines in composing
            URL strings.  In particular, special characters, such as those often
            part of passwords, must be URL encoded to be properly parsed.

        Additional keyword arguments may then follow it which
        establish various options on the resulting :class:`_engine.Engine`
        and its underlying :class:`.Dialect` and :class:`_pool.Pool`
        constructs::

            engine = create_engine(
                "mysql+mysqldb://scott:tiger@hostname/dbname",
                pool_recycle=3600,
                echo=True,
            )

        The string form of the URL is
        ``dialect[+driver]://user:password@host/dbname[?key=value..]``, where
        ``dialect`` is a database name such as ``mysql``, ``oracle``,
        ``postgresql``, etc., and ``driver`` the name of a DBAPI, such as
        ``psycopg2``, ``pyodbc``, ``cx_oracle``, etc.  Alternatively,
        the URL can be an instance of :class:`~sqlalchemy.engine.url.URL`.

        ``**kwargs`` takes a wide variety of options which are routed
        towards their appropriate components.  Arguments may be specific to
        the :class:`_engine.Engine`, the underlying :class:`.Dialect`,
        as well as the
        :class:`_pool.Pool`.  Specific dialects also accept keyword arguments that
        are unique to that dialect.   Here, we describe the parameters
        that are common to most :func:`_sa.create_engine()` usage.

        Once established, the newly resulting :class:`_engine.Engine` will
        request a connection from the underlying :class:`_pool.Pool` once
        :meth:`_engine.Engine.connect` is called, or a method which depends on it
        such as :meth:`_engine.Engine.execute` is invoked.   The
        :class:`_pool.Pool` in turn
        will establish the first actual DBAPI connection when this request
        is received.   The :func:`_sa.create_engine` call itself does **not**
        establish any actual DBAPI connections directly.

        .. seealso::

            :doc:`/core/engines`

            :doc:`/dialects/index`

            :ref:`connections_toplevel`

        :param connect_args: a dictionary of options which will be
            passed directly to the DBAPI's ``connect()`` method as
            additional keyword arguments.  See the example
            at :ref:`custom_dbapi_args`.

        :param creator: a callable which returns a DBAPI connection.
            This creation function will be passed to the underlying
            connection pool and will be used to create all new database
            connections. Usage of this function causes connection
            parameters specified in the URL argument to be bypassed.

            This hook is not as flexible as the newer
            :meth:`_events.DialectEvents.do_connect` hook which allows complete
            control over how a connection is made to the database, given the full
            set of URL arguments and state beforehand.

            .. seealso::

                :meth:`_events.DialectEvents.do_connect` - event hook that allows
                full control over DBAPI connection mechanics.

                :ref:`custom_dbapi_args`

        :param echo=False: if True, the Engine will log all statements
            as well as a ``repr()`` of their parameter lists to the default log
            handler, which defaults to ``sys.stdout`` for output.   If set to the
            string ``"debug"``, result rows will be printed to the standard output
            as well. The ``echo`` attribute of ``Engine`` can be modified at any
            time to turn logging on and off; direct control of logging is also
            available using the standard Python ``logging`` module.

            .. seealso::

                :ref:`dbengine_logging` - further detail on how to configure
                logging.


        :param echo_pool=False: if True, the connection pool will log
            informational output such as when connections are invalidated
            as well as when connections are recycled to the default log handler,
            which defaults to ``sys.stdout`` for output.   If set to the string
            ``"debug"``, the logging will include pool checkouts and checkins.
            Direct control of logging is also available using the standard Python
            ``logging`` module.

            .. seealso::

                :ref:`dbengine_logging` - further detail on how to configure
                logging.


        :param empty_in_strategy:   No longer used; SQLAlchemy now uses
            "empty set" behavior for IN in all cases.

        :param enable_from_linting: defaults to True.  Will emit a warning
            if a given SELECT statement is found to have un-linked FROM elements
            which would cause a cartesian product.

            .. versionadded:: 1.4

            .. seealso::

                :ref:`change_4737`

        :param execution_options: Dictionary execution options which will
            be applied to all connections.  See
            :meth:`~sqlalchemy.engine.Connection.execution_options`

        :param future: Use the 2.0 style :class:`_engine.Engine` and
            :class:`_engine.Connection` API.

            As of SQLAlchemy 2.0, this parameter is present for backwards
            compatibility only and must remain at its default value of ``True``.

            The :paramref:`_sa.create_engine.future` parameter will be
            deprecated in a subsequent 2.x release and eventually removed.

            .. versionadded:: 1.4

            .. versionchanged:: 2.0 All :class:`_engine.Engine` objects are
               "future" style engines and there is no longer a ``future=False``
               mode of operation.

            .. seealso::

                :ref:`migration_20_toplevel`

        :param hide_parameters: Boolean, when set to True, SQL statement parameters
            will not be displayed in INFO logging nor will they be formatted into
            the string representation of :class:`.StatementError` objects.

            .. versionadded:: 1.3.8

            .. seealso::

                :ref:`dbengine_logging` - further detail on how to configure
                logging.

        :param implicit_returning=True:  Legacy parameter that may only be set
            to True. In SQLAlchemy 2.0, this parameter does nothing. In order to
            disable "implicit returning" for statements invoked by the ORM,
            configure this on a per-table basis using the
            :paramref:`.Table.implicit_returning` parameter.


        :param insertmanyvalues_page_size: number of rows to format into an
         INSERT statement when the statement uses "insertmanyvalues" mode, which is
         a paged form of bulk insert that is used for many backends when using
         :term:`executemany` execution typically in conjunction with RETURNING.
         Defaults to 1000, but may also be subject to dialect-specific limiting
         factors which may override this value on a per-statement basis.

         .. versionadded:: 2.0

         .. seealso::

            :ref:`engine_insertmanyvalues`

            :ref:`engine_insertmanyvalues_page_size`

            :paramref:`_engine.Connection.execution_options.insertmanyvalues_page_size`

        :param isolation_level: optional string name of an isolation level
            which will be set on all new connections unconditionally.
            Isolation levels are typically some subset of the string names
            ``"SERIALIZABLE"``, ``"REPEATABLE READ"``,
            ``"READ COMMITTED"``, ``"READ UNCOMMITTED"`` and ``"AUTOCOMMIT"``
            based on backend.

            The :paramref:`_sa.create_engine.isolation_level` parameter is
            in contrast to the
            :paramref:`.Connection.execution_options.isolation_level`
            execution option, which may be set on an individual
            :class:`.Connection`, as well as the same parameter passed to
            :meth:`.Engine.execution_options`, where it may be used to create
            multiple engines with different isolation levels that share a common
            connection pool and dialect.

            .. versionchanged:: 2.0 The
               :paramref:`_sa.create_engine.isolation_level`
               parameter has been generalized to work on all dialects which support
               the concept of isolation level, and is provided as a more succinct,
               up front configuration switch in contrast to the execution option
               which is more of an ad-hoc programmatic option.

            .. seealso::

                :ref:`dbapi_autocommit`

        :param json_deserializer: for dialects that support the
            :class:`_types.JSON`
            datatype, this is a Python callable that will convert a JSON string
            to a Python object.  By default, the Python ``json.loads`` function is
            used.

            .. versionchanged:: 1.3.7  The SQLite dialect renamed this from
               ``_json_deserializer``.

        :param json_serializer: for dialects that support the :class:`_types.JSON`
            datatype, this is a Python callable that will render a given object
            as JSON.   By default, the Python ``json.dumps`` function is used.

            .. versionchanged:: 1.3.7  The SQLite dialect renamed this from
               ``_json_serializer``.


        :param label_length=None: optional integer value which limits
            the size of dynamically generated column labels to that many
            characters. If less than 6, labels are generated as
            "_(counter)". If ``None``, the value of
            ``dialect.max_identifier_length``, which may be affected via the
            :paramref:`_sa.create_engine.max_identifier_length` parameter,
            is used instead.   The value of
            :paramref:`_sa.create_engine.label_length`
            may not be larger than that of
            :paramref:`_sa.create_engine.max_identfier_length`.

            .. seealso::

                :paramref:`_sa.create_engine.max_identifier_length`

        :param logging_name:  String identifier which will be used within
            the "name" field of logging records generated within the
            "sqlalchemy.engine" logger. Defaults to a hexstring of the
            object's id.

            .. seealso::

                :ref:`dbengine_logging` - further detail on how to configure
                logging.

                :paramref:`_engine.Connection.execution_options.logging_token`

        :param max_identifier_length: integer; override the max_identifier_length
            determined by the dialect.  if ``None`` or zero, has no effect.  This
            is the database's configured maximum number of characters that may be
            used in a SQL identifier such as a table name, column name, or label
            name. All dialects determine this value automatically, however in the
            case of a new database version for which this value has changed but
            SQLAlchemy's dialect has not been adjusted, the value may be passed
            here.

            .. versionadded:: 1.3.9

            .. seealso::

                :paramref:`_sa.create_engine.label_length`

        :param max_overflow=10: the number of connections to allow in
            connection pool "overflow", that is connections that can be
            opened above and beyond the pool_size setting, which defaults
            to five. this is only used with :class:`~sqlalchemy.pool.QueuePool`.

        :param module=None: reference to a Python module object (the module
            itself, not its string name).  Specifies an alternate DBAPI module to
            be used by the engine's dialect.  Each sub-dialect references a
            specific DBAPI which will be imported before first connect.  This
            parameter causes the import to be bypassed, and the given module to
            be used instead. Can be used for testing of DBAPIs as well as to
            inject "mock" DBAPI implementations into the :class:`_engine.Engine`.

        :param paramstyle=None: The `paramstyle &lt;https://legacy.python.org/dev/peps/pep-0249/#paramstyle&gt;`_
            to use when rendering bound parameters.  This style defaults to the
            one recommended by the DBAPI itself, which is retrieved from the
            ``.paramstyle`` attribute of the DBAPI.  However, most DBAPIs accept
            more than one paramstyle, and in particular it may be desirable
            to change a "named" paramstyle into a "positional" one, or vice versa.
            When this attribute is passed, it should be one of the values
            ``"qmark"``, ``"numeric"``, ``"named"``, ``"format"`` or
            ``"pyformat"``, and should correspond to a parameter style known
            to be supported by the DBAPI in use.

        :param pool=None: an already-constructed instance of
            :class:`~sqlalchemy.pool.Pool`, such as a
            :class:`~sqlalchemy.pool.QueuePool` instance. If non-None, this
            pool will be used directly as the underlying connection pool
            for the engine, bypassing whatever connection parameters are
            present in the URL argument. For information on constructing
            connection pools manually, see :ref:`pooling_toplevel`.

        :param poolclass=None: a :class:`~sqlalchemy.pool.Pool`
            subclass, which will be used to create a connection pool
            instance using the connection parameters given in the URL. Note
            this differs from ``pool`` in that you don't actually
            instantiate the pool in this case, you just indicate what type
            of pool to be used.

        :param pool_logging_name:  String identifier which will be used within
           the "name" field of logging records generated within the
           "sqlalchemy.pool" logger. Defaults to a hexstring of the object's
           id.

           .. seealso::

                :ref:`dbengine_logging` - further detail on how to configure
                logging.

        :param pool_pre_ping: boolean, if True will enable the connection pool
            "pre-ping" feature that tests connections for liveness upon
            each checkout.

            .. versionadded:: 1.2

            .. seealso::

                :ref:`pool_disconnects_pessimistic`

        :param pool_size=5: the number of connections to keep open
            inside the connection pool. This used with
            :class:`~sqlalchemy.pool.QueuePool` as
            well as :class:`~sqlalchemy.pool.SingletonThreadPool`.  With
            :class:`~sqlalchemy.pool.QueuePool`, a ``pool_size`` setting
            of 0 indicates no limit; to disable pooling, set ``poolclass`` to
            :class:`~sqlalchemy.pool.NullPool` instead.

        :param pool_recycle=-1: this setting causes the pool to recycle
            connections after the given number of seconds has passed. It
            defaults to -1, or no timeout. For example, setting to 3600
            means connections will be recycled after one hour. Note that
            MySQL in particular will disconnect automatically if no
            activity is detected on a connection for eight hours (although
            this is configurable with the MySQLDB connection itself and the
            server configuration as well).

            .. seealso::

                :ref:`pool_setting_recycle`

        :param pool_reset_on_return='rollback': set the
            :paramref:`_pool.Pool.reset_on_return` parameter of the underlying
            :class:`_pool.Pool` object, which can be set to the values
            ``"rollback"``, ``"commit"``, or ``None``.

            .. seealso::

                :ref:`pool_reset_on_return`

                :ref:`dbapi_autocommit_skip_rollback` - a more modern approach
                to using connections with no transactional instructions

        :param pool_timeout=30: number of seconds to wait before giving
            up on getting a connection from the pool. This is only used
            with :class:`~sqlalchemy.pool.QueuePool`. This can be a float but is
            subject to the limitations of Python time functions which may not be
            reliable in the tens of milliseconds.

            .. note: don't use 30.0 above, it seems to break with the :param tag

        :param pool_use_lifo=False: use LIFO (last-in-first-out) when retrieving
            connections from :class:`.QueuePool` instead of FIFO
            (first-in-first-out). Using LIFO, a server-side timeout scheme can
            reduce the number of connections used during non- peak   periods of
            use.   When planning for server-side timeouts, ensure that a recycle or
            pre-ping strategy is in use to gracefully   handle stale connections.

              .. versionadded:: 1.3

              .. seealso::

                :ref:`pool_use_lifo`

                :ref:`pool_disconnects`

        :param plugins: string list of plugin names to load.  See
            :class:`.CreateEnginePlugin` for background.

            .. versionadded:: 1.2.3

        :param query_cache_size: size of the cache used to cache the SQL string
         form of queries.  Set to zero to disable caching.

         The cache is pruned of its least recently used items when its size reaches
         N * 1.5.  Defaults to 500, meaning the cache will always store at least
         500 SQL statements when filled, and will grow up to 750 items at which
         point it is pruned back down to 500 by removing the 250 least recently
         used items.

         Caching is accomplished on a per-statement basis by generating a
         cache key that represents the statement's structure, then generating
         string SQL for the current dialect only if that key is not present
         in the cache.   All statements support caching, however some features
         such as an INSERT with a large set of parameters will intentionally
         bypass the cache.   SQL logging will indicate statistics for each
         statement whether or not it were pull from the cache.

         .. note:: some ORM functions related to unit-of-work persistence as well
            as some attribute loading strategies will make use of individual
            per-mapper caches outside of the main cache.


         .. seealso::

            :ref:`sql_caching`

         .. versionadded:: 1.4

        :param skip_autocommit_rollback: When True, the dialect will
           unconditionally skip all calls to the DBAPI ``connection.rollback()``
           method if the DBAPI connection is confirmed to be in "autocommit" mode.
           The availability of this feature is dialect specific; if not available,
           a ``NotImplementedError`` is raised by the dialect when rollback occurs.

           .. seealso::

                :ref:`dbapi_autocommit_skip_rollback`

           .. versionadded:: 2.0.43

        :param use_insertmanyvalues: True by default, use the "insertmanyvalues"
         execution style for INSERT..RETURNING statements by default.

         .. versionadded:: 2.0

         .. seealso::

            :ref:`engine_insertmanyvalues`

        """  # noqa

        if "strategy" in kwargs:
            strat = kwargs.pop("strategy")
            if strat == "mock":
                # this case is deprecated
                return create_mock_engine(url, **kwargs)  # type: ignore
            else:
                raise exc.ArgumentError("unknown strategy: %r" % strat)

        kwargs.pop("empty_in_strategy", None)

        # create url.URL object
        u = _url.make_url(url)

        u, plugins, kwargs = u._instantiate_plugins(kwargs)

        entrypoint = u._get_entrypoint()
        _is_async = kwargs.pop("_is_async", False)
        if _is_async:
            dialect_cls = entrypoint.get_async_dialect_cls(u)
        else:
            dialect_cls = entrypoint.get_dialect_cls(u)

        if kwargs.pop("_coerce_config", False):

            def pop_kwarg(key: str, default: Optional[Any] = None) -&gt; Any:
                value = kwargs.pop(key, default)
                if key in dialect_cls.engine_config_types:
                    value = dialect_cls.engine_config_types[key](value)
                return value

        else:
            pop_kwarg = kwargs.pop  # type: ignore

        dialect_args = {}
        # consume dialect arguments from kwargs
        for k in util.get_cls_kwargs(dialect_cls):
            if k in kwargs:
                dialect_args[k] = pop_kwarg(k)

        dbapi = kwargs.pop("module", None)
        if dbapi is None:
            dbapi_args = {}

            if "import_dbapi" in dialect_cls.__dict__:
                dbapi_meth = dialect_cls.import_dbapi

            elif hasattr(dialect_cls, "dbapi") and inspect.ismethod(
                dialect_cls.dbapi
            ):
                util.warn_deprecated(
                    "The dbapi() classmethod on dialect classes has been "
                    "renamed to import_dbapi().  Implement an import_dbapi() "
                    f"classmethod directly on class {dialect_cls} to remove this "
                    "warning; the old .dbapi() classmethod may be maintained for "
                    "backwards compatibility.",
                    "2.0",
                )
                dbapi_meth = dialect_cls.dbapi
            else:
                dbapi_meth = dialect_cls.import_dbapi

            for k in util.get_func_kwargs(dbapi_meth):
                if k in kwargs:
                    dbapi_args[k] = pop_kwarg(k)
&gt;           dbapi = dbapi_meth(**dbapi_args)
                    ^^^^^^^^^^^^^^^^^^^^^^^^

/usr/local/lib/python3.11/dist-packages/sqlalchemy/engine/create.py:617:
_ _ _ _ _ _ _ _ _ _ _ _ _ _ _ _ _ _ _ _ _ _ _ _ _ _ _ _ _ _ _ _ _ _ _ _ _ _ _ _

cls = &lt;class 'sqlalchemy.dialects.sqlite.aiosqlite.SQLiteDialect_aiosqlite'&gt;

    @classmethod
    def import_dbapi(cls) -&gt; AsyncAdapt_aiosqlite_dbapi:
        return AsyncAdapt_aiosqlite_dbapi(
&gt;           __import__("aiosqlite"), __import__("sqlite3")
            ^^^^^^^^^^^^^^^^^^^^^^^
        )
E       ModuleNotFoundError: No module named 'aiosqlite'

/usr/local/lib/python3.11/dist-packages/sqlalchemy/dialects/sqlite/aiosqlite.py:449: ModuleNotFoundError</error></testcase><testcase classname="tests.integration.test_repository_db.TestSignalRepository" name="test_get_by_strategy" time="0.001"><error message="failed on setup with &quot;ModuleNotFoundError: No module named 'aiosqlite'&quot;">@pytest.fixture(scope="module")
    def async_engine():
        """Module-scoped async engine with tables created once."""
        import asyncio

&gt;       eng = create_async_engine(
            _ASYNC_URL,
            connect_args={"check_same_thread": False},
            poolclass=StaticPool,
        )

tests/integration/test_repository_db.py:78:
_ _ _ _ _ _ _ _ _ _ _ _ _ _ _ _ _ _ _ _ _ _ _ _ _ _ _ _ _ _ _ _ _ _ _ _ _ _ _ _

func = &lt;function create_async_engine at 0x7f8919a142c0&gt;, module = None
args = ('sqlite+aiosqlite:///:memory:',)
kwargs = {'connect_args': {'check_same_thread': False}, 'poolclass': &lt;class 'sqlalchemy.pool.impl.StaticPool'&gt;}

    def _wrap_create_async_engine_internal(func, module, args, kwargs):
        """Trace the SQLAlchemy engine, creating an `EngineTracer`
        object that will listen to SQLAlchemy events.
        """
        if not is_instrumentation_enabled():
            return func(*args, **kwargs)

&gt;       engine = func(*args, **kwargs)
                 ^^^^^^^^^^^^^^^^^^^^^

/usr/local/lib/python3.11/dist-packages/opentelemetry/instrumentation/sqlalchemy/engine.py:139:
_ _ _ _ _ _ _ _ _ _ _ _ _ _ _ _ _ _ _ _ _ _ _ _ _ _ _ _ _ _ _ _ _ _ _ _ _ _ _ _

url = 'sqlite+aiosqlite:///:memory:'
kw = {'_is_async': True, 'connect_args': {'check_same_thread': False}, 'poolclass': &lt;class 'sqlalchemy.pool.impl.StaticPool'&gt;}

    def create_async_engine(url: Union[str, URL], **kw: Any) -&gt; AsyncEngine:
        """Create a new async engine instance.

        Arguments passed to :func:`_asyncio.create_async_engine` are mostly
        identical to those passed to the :func:`_sa.create_engine` function.
        The specified dialect must be an asyncio-compatible dialect
        such as :ref:`dialect-postgresql-asyncpg`.

        .. versionadded:: 1.4

        :param async_creator: an async callable which returns a driver-level
            asyncio connection. If given, the function should take no arguments,
            and return a new asyncio connection from the underlying asyncio
            database driver; the connection will be wrapped in the appropriate
            structures to be used with the :class:`.AsyncEngine`.   Note that the
            parameters specified in the URL are not applied here, and the creator
            function should use its own connection parameters.

            This parameter is the asyncio equivalent of the
            :paramref:`_sa.create_engine.creator` parameter of the
            :func:`_sa.create_engine` function.

            .. versionadded:: 2.0.16

        """

        if kw.get("server_side_cursors", False):
            raise async_exc.AsyncMethodRequired(
                "Can't set server_side_cursors for async engine globally; "
                "use the connection.stream() method for an async "
                "streaming result set"
            )
        kw["_is_async"] = True
        async_creator = kw.pop("async_creator", None)
        if async_creator:
            if kw.get("creator", None):
                raise ArgumentError(
                    "Can only specify one of 'async_creator' or 'creator', "
                    "not both."
                )

            def creator() -&gt; Any:
                # note that to send adapted arguments like
                # prepared_statement_cache_size, user would use
                # "creator" and emulate this form here
                return sync_engine.dialect.dbapi.connect(  # type: ignore
                    async_creator_fn=async_creator
                )

            kw["creator"] = creator
&gt;       sync_engine = _create_engine(url, **kw)
                      ^^^^^^^^^^^^^^^^^^^^^^^^^

/usr/local/lib/python3.11/dist-packages/sqlalchemy/ext/asyncio/engine.py:120:
_ _ _ _ _ _ _ _ _ _ _ _ _ _ _ _ _ _ _ _ _ _ _ _ _ _ _ _ _ _ _ _ _ _ _ _ _ _ _ _

url = 'sqlite+aiosqlite:///:memory:'
kwargs = {'_is_async': True, 'connect_args': {'check_same_thread': False}, 'poolclass': &lt;class 'sqlalchemy.pool.impl.StaticPool'&gt;}

&gt;   ???

&lt;string&gt;:2:
_ _ _ _ _ _ _ _ _ _ _ _ _ _ _ _ _ _ _ _ _ _ _ _ _ _ _ _ _ _ _ _ _ _ _ _ _ _ _ _

fn = &lt;function create_engine at 0x7f8919b2aac0&gt;
args = ('sqlite+aiosqlite:///:memory:',)
kwargs = {'_is_async': True, 'connect_args': {'check_same_thread': False}, 'poolclass': &lt;class 'sqlalchemy.pool.impl.StaticPool'&gt;}
m = 'implicit_returning'

    @decorator
    def warned(fn: _F, *args: Any, **kwargs: Any) -&gt; _F:
        for m in check_defaults:
            if (defaults[m] is None and kwargs[m] is not None) or (
                defaults[m] is not None and kwargs[m] != defaults[m]
            ):
                _warn_with_version(
                    messages[m],
                    versions[m],
                    version_warnings[m],
                    stacklevel=3,
                )

        if check_any_kw in messages and set(kwargs).difference(
            check_defaults
        ):
            assert check_any_kw is not None
            _warn_with_version(
                messages[check_any_kw],
                versions[check_any_kw],
                version_warnings[check_any_kw],
                stacklevel=3,
            )

        for m in check_kw:
            if m in kwargs:
                _warn_with_version(
                    messages[m],
                    versions[m],
                    version_warnings[m],
                    stacklevel=3,
                )
&gt;       return fn(*args, **kwargs)  # type: ignore[no-any-return]
               ^^^^^^^^^^^^^^^^^^^

/usr/local/lib/python3.11/dist-packages/sqlalchemy/util/deprecations.py:281:
_ _ _ _ _ _ _ _ _ _ _ _ _ _ _ _ _ _ _ _ _ _ _ _ _ _ _ _ _ _ _ _ _ _ _ _ _ _ _ _

url = 'sqlite+aiosqlite:///:memory:'
kwargs = {'connect_args': {'check_same_thread': False}, 'poolclass': &lt;class 'sqlalchemy.pool.impl.StaticPool'&gt;}
u = sqlite+aiosqlite:///:memory:, plugins = []
entrypoint = &lt;class 'sqlalchemy.dialects.sqlite.aiosqlite.SQLiteDialect_aiosqlite'&gt;
_is_async = True
pop_kwarg = &lt;built-in method pop of dict object at 0x7f881f8be200&gt;
dialect_args = {}

    @util.deprecated_params(
        strategy=(
            "1.4",
            "The :paramref:`_sa.create_engine.strategy` keyword is deprecated, "
            "and the only argument accepted is 'mock'; please use "
            ":func:`.create_mock_engine` going forward.  For general "
            "customization of create_engine which may have been accomplished "
            "using strategies, see :class:`.CreateEnginePlugin`.",
        ),
        empty_in_strategy=(
            "1.4",
            "The :paramref:`_sa.create_engine.empty_in_strategy` keyword is "
            "deprecated, and no longer has any effect.  All IN expressions "
            "are now rendered using "
            'the "expanding parameter" strategy which renders a set of bound'
            'expressions, or an "empty set" SELECT, at statement execution'
            "time.",
        ),
        implicit_returning=(
            "2.0",
            "The :paramref:`_sa.create_engine.implicit_returning` parameter "
            "is deprecated and will be removed in a future release. ",
        ),
    )
    def create_engine(url: Union[str, _url.URL], **kwargs: Any) -&gt; Engine:
        """Create a new :class:`_engine.Engine` instance.

        The standard calling form is to send the :ref:`URL &lt;database_urls&gt;` as the
        first positional argument, usually a string
        that indicates database dialect and connection arguments::

            engine = create_engine("postgresql+psycopg2://scott:tiger@localhost/test")

        .. note::

            Please review :ref:`database_urls` for general guidelines in composing
            URL strings.  In particular, special characters, such as those often
            part of passwords, must be URL encoded to be properly parsed.

        Additional keyword arguments may then follow it which
        establish various options on the resulting :class:`_engine.Engine`
        and its underlying :class:`.Dialect` and :class:`_pool.Pool`
        constructs::

            engine = create_engine(
                "mysql+mysqldb://scott:tiger@hostname/dbname",
                pool_recycle=3600,
                echo=True,
            )

        The string form of the URL is
        ``dialect[+driver]://user:password@host/dbname[?key=value..]``, where
        ``dialect`` is a database name such as ``mysql``, ``oracle``,
        ``postgresql``, etc., and ``driver`` the name of a DBAPI, such as
        ``psycopg2``, ``pyodbc``, ``cx_oracle``, etc.  Alternatively,
        the URL can be an instance of :class:`~sqlalchemy.engine.url.URL`.

        ``**kwargs`` takes a wide variety of options which are routed
        towards their appropriate components.  Arguments may be specific to
        the :class:`_engine.Engine`, the underlying :class:`.Dialect`,
        as well as the
        :class:`_pool.Pool`.  Specific dialects also accept keyword arguments that
        are unique to that dialect.   Here, we describe the parameters
        that are common to most :func:`_sa.create_engine()` usage.

        Once established, the newly resulting :class:`_engine.Engine` will
        request a connection from the underlying :class:`_pool.Pool` once
        :meth:`_engine.Engine.connect` is called, or a method which depends on it
        such as :meth:`_engine.Engine.execute` is invoked.   The
        :class:`_pool.Pool` in turn
        will establish the first actual DBAPI connection when this request
        is received.   The :func:`_sa.create_engine` call itself does **not**
        establish any actual DBAPI connections directly.

        .. seealso::

            :doc:`/core/engines`

            :doc:`/dialects/index`

            :ref:`connections_toplevel`

        :param connect_args: a dictionary of options which will be
            passed directly to the DBAPI's ``connect()`` method as
            additional keyword arguments.  See the example
            at :ref:`custom_dbapi_args`.

        :param creator: a callable which returns a DBAPI connection.
            This creation function will be passed to the underlying
            connection pool and will be used to create all new database
            connections. Usage of this function causes connection
            parameters specified in the URL argument to be bypassed.

            This hook is not as flexible as the newer
            :meth:`_events.DialectEvents.do_connect` hook which allows complete
            control over how a connection is made to the database, given the full
            set of URL arguments and state beforehand.

            .. seealso::

                :meth:`_events.DialectEvents.do_connect` - event hook that allows
                full control over DBAPI connection mechanics.

                :ref:`custom_dbapi_args`

        :param echo=False: if True, the Engine will log all statements
            as well as a ``repr()`` of their parameter lists to the default log
            handler, which defaults to ``sys.stdout`` for output.   If set to the
            string ``"debug"``, result rows will be printed to the standard output
            as well. The ``echo`` attribute of ``Engine`` can be modified at any
            time to turn logging on and off; direct control of logging is also
            available using the standard Python ``logging`` module.

            .. seealso::

                :ref:`dbengine_logging` - further detail on how to configure
                logging.


        :param echo_pool=False: if True, the connection pool will log
            informational output such as when connections are invalidated
            as well as when connections are recycled to the default log handler,
            which defaults to ``sys.stdout`` for output.   If set to the string
            ``"debug"``, the logging will include pool checkouts and checkins.
            Direct control of logging is also available using the standard Python
            ``logging`` module.

            .. seealso::

                :ref:`dbengine_logging` - further detail on how to configure
                logging.


        :param empty_in_strategy:   No longer used; SQLAlchemy now uses
            "empty set" behavior for IN in all cases.

        :param enable_from_linting: defaults to True.  Will emit a warning
            if a given SELECT statement is found to have un-linked FROM elements
            which would cause a cartesian product.

            .. versionadded:: 1.4

            .. seealso::

                :ref:`change_4737`

        :param execution_options: Dictionary execution options which will
            be applied to all connections.  See
            :meth:`~sqlalchemy.engine.Connection.execution_options`

        :param future: Use the 2.0 style :class:`_engine.Engine` and
            :class:`_engine.Connection` API.

            As of SQLAlchemy 2.0, this parameter is present for backwards
            compatibility only and must remain at its default value of ``True``.

            The :paramref:`_sa.create_engine.future` parameter will be
            deprecated in a subsequent 2.x release and eventually removed.

            .. versionadded:: 1.4

            .. versionchanged:: 2.0 All :class:`_engine.Engine` objects are
               "future" style engines and there is no longer a ``future=False``
               mode of operation.

            .. seealso::

                :ref:`migration_20_toplevel`

        :param hide_parameters: Boolean, when set to True, SQL statement parameters
            will not be displayed in INFO logging nor will they be formatted into
            the string representation of :class:`.StatementError` objects.

            .. versionadded:: 1.3.8

            .. seealso::

                :ref:`dbengine_logging` - further detail on how to configure
                logging.

        :param implicit_returning=True:  Legacy parameter that may only be set
            to True. In SQLAlchemy 2.0, this parameter does nothing. In order to
            disable "implicit returning" for statements invoked by the ORM,
            configure this on a per-table basis using the
            :paramref:`.Table.implicit_returning` parameter.


        :param insertmanyvalues_page_size: number of rows to format into an
         INSERT statement when the statement uses "insertmanyvalues" mode, which is
         a paged form of bulk insert that is used for many backends when using
         :term:`executemany` execution typically in conjunction with RETURNING.
         Defaults to 1000, but may also be subject to dialect-specific limiting
         factors which may override this value on a per-statement basis.

         .. versionadded:: 2.0

         .. seealso::

            :ref:`engine_insertmanyvalues`

            :ref:`engine_insertmanyvalues_page_size`

            :paramref:`_engine.Connection.execution_options.insertmanyvalues_page_size`

        :param isolation_level: optional string name of an isolation level
            which will be set on all new connections unconditionally.
            Isolation levels are typically some subset of the string names
            ``"SERIALIZABLE"``, ``"REPEATABLE READ"``,
            ``"READ COMMITTED"``, ``"READ UNCOMMITTED"`` and ``"AUTOCOMMIT"``
            based on backend.

            The :paramref:`_sa.create_engine.isolation_level` parameter is
            in contrast to the
            :paramref:`.Connection.execution_options.isolation_level`
            execution option, which may be set on an individual
            :class:`.Connection`, as well as the same parameter passed to
            :meth:`.Engine.execution_options`, where it may be used to create
            multiple engines with different isolation levels that share a common
            connection pool and dialect.

            .. versionchanged:: 2.0 The
               :paramref:`_sa.create_engine.isolation_level`
               parameter has been generalized to work on all dialects which support
               the concept of isolation level, and is provided as a more succinct,
               up front configuration switch in contrast to the execution option
               which is more of an ad-hoc programmatic option.

            .. seealso::

                :ref:`dbapi_autocommit`

        :param json_deserializer: for dialects that support the
            :class:`_types.JSON`
            datatype, this is a Python callable that will convert a JSON string
            to a Python object.  By default, the Python ``json.loads`` function is
            used.

            .. versionchanged:: 1.3.7  The SQLite dialect renamed this from
               ``_json_deserializer``.

        :param json_serializer: for dialects that support the :class:`_types.JSON`
            datatype, this is a Python callable that will render a given object
            as JSON.   By default, the Python ``json.dumps`` function is used.

            .. versionchanged:: 1.3.7  The SQLite dialect renamed this from
               ``_json_serializer``.


        :param label_length=None: optional integer value which limits
            the size of dynamically generated column labels to that many
            characters. If less than 6, labels are generated as
            "_(counter)". If ``None``, the value of
            ``dialect.max_identifier_length``, which may be affected via the
            :paramref:`_sa.create_engine.max_identifier_length` parameter,
            is used instead.   The value of
            :paramref:`_sa.create_engine.label_length`
            may not be larger than that of
            :paramref:`_sa.create_engine.max_identfier_length`.

            .. seealso::

                :paramref:`_sa.create_engine.max_identifier_length`

        :param logging_name:  String identifier which will be used within
            the "name" field of logging records generated within the
            "sqlalchemy.engine" logger. Defaults to a hexstring of the
            object's id.

            .. seealso::

                :ref:`dbengine_logging` - further detail on how to configure
                logging.

                :paramref:`_engine.Connection.execution_options.logging_token`

        :param max_identifier_length: integer; override the max_identifier_length
            determined by the dialect.  if ``None`` or zero, has no effect.  This
            is the database's configured maximum number of characters that may be
            used in a SQL identifier such as a table name, column name, or label
            name. All dialects determine this value automatically, however in the
            case of a new database version for which this value has changed but
            SQLAlchemy's dialect has not been adjusted, the value may be passed
            here.

            .. versionadded:: 1.3.9

            .. seealso::

                :paramref:`_sa.create_engine.label_length`

        :param max_overflow=10: the number of connections to allow in
            connection pool "overflow", that is connections that can be
            opened above and beyond the pool_size setting, which defaults
            to five. this is only used with :class:`~sqlalchemy.pool.QueuePool`.

        :param module=None: reference to a Python module object (the module
            itself, not its string name).  Specifies an alternate DBAPI module to
            be used by the engine's dialect.  Each sub-dialect references a
            specific DBAPI which will be imported before first connect.  This
            parameter causes the import to be bypassed, and the given module to
            be used instead. Can be used for testing of DBAPIs as well as to
            inject "mock" DBAPI implementations into the :class:`_engine.Engine`.

        :param paramstyle=None: The `paramstyle &lt;https://legacy.python.org/dev/peps/pep-0249/#paramstyle&gt;`_
            to use when rendering bound parameters.  This style defaults to the
            one recommended by the DBAPI itself, which is retrieved from the
            ``.paramstyle`` attribute of the DBAPI.  However, most DBAPIs accept
            more than one paramstyle, and in particular it may be desirable
            to change a "named" paramstyle into a "positional" one, or vice versa.
            When this attribute is passed, it should be one of the values
            ``"qmark"``, ``"numeric"``, ``"named"``, ``"format"`` or
            ``"pyformat"``, and should correspond to a parameter style known
            to be supported by the DBAPI in use.

        :param pool=None: an already-constructed instance of
            :class:`~sqlalchemy.pool.Pool`, such as a
            :class:`~sqlalchemy.pool.QueuePool` instance. If non-None, this
            pool will be used directly as the underlying connection pool
            for the engine, bypassing whatever connection parameters are
            present in the URL argument. For information on constructing
            connection pools manually, see :ref:`pooling_toplevel`.

        :param poolclass=None: a :class:`~sqlalchemy.pool.Pool`
            subclass, which will be used to create a connection pool
            instance using the connection parameters given in the URL. Note
            this differs from ``pool`` in that you don't actually
            instantiate the pool in this case, you just indicate what type
            of pool to be used.

        :param pool_logging_name:  String identifier which will be used within
           the "name" field of logging records generated within the
           "sqlalchemy.pool" logger. Defaults to a hexstring of the object's
           id.

           .. seealso::

                :ref:`dbengine_logging` - further detail on how to configure
                logging.

        :param pool_pre_ping: boolean, if True will enable the connection pool
            "pre-ping" feature that tests connections for liveness upon
            each checkout.

            .. versionadded:: 1.2

            .. seealso::

                :ref:`pool_disconnects_pessimistic`

        :param pool_size=5: the number of connections to keep open
            inside the connection pool. This used with
            :class:`~sqlalchemy.pool.QueuePool` as
            well as :class:`~sqlalchemy.pool.SingletonThreadPool`.  With
            :class:`~sqlalchemy.pool.QueuePool`, a ``pool_size`` setting
            of 0 indicates no limit; to disable pooling, set ``poolclass`` to
            :class:`~sqlalchemy.pool.NullPool` instead.

        :param pool_recycle=-1: this setting causes the pool to recycle
            connections after the given number of seconds has passed. It
            defaults to -1, or no timeout. For example, setting to 3600
            means connections will be recycled after one hour. Note that
            MySQL in particular will disconnect automatically if no
            activity is detected on a connection for eight hours (although
            this is configurable with the MySQLDB connection itself and the
            server configuration as well).

            .. seealso::

                :ref:`pool_setting_recycle`

        :param pool_reset_on_return='rollback': set the
            :paramref:`_pool.Pool.reset_on_return` parameter of the underlying
            :class:`_pool.Pool` object, which can be set to the values
            ``"rollback"``, ``"commit"``, or ``None``.

            .. seealso::

                :ref:`pool_reset_on_return`

                :ref:`dbapi_autocommit_skip_rollback` - a more modern approach
                to using connections with no transactional instructions

        :param pool_timeout=30: number of seconds to wait before giving
            up on getting a connection from the pool. This is only used
            with :class:`~sqlalchemy.pool.QueuePool`. This can be a float but is
            subject to the limitations of Python time functions which may not be
            reliable in the tens of milliseconds.

            .. note: don't use 30.0 above, it seems to break with the :param tag

        :param pool_use_lifo=False: use LIFO (last-in-first-out) when retrieving
            connections from :class:`.QueuePool` instead of FIFO
            (first-in-first-out). Using LIFO, a server-side timeout scheme can
            reduce the number of connections used during non- peak   periods of
            use.   When planning for server-side timeouts, ensure that a recycle or
            pre-ping strategy is in use to gracefully   handle stale connections.

              .. versionadded:: 1.3

              .. seealso::

                :ref:`pool_use_lifo`

                :ref:`pool_disconnects`

        :param plugins: string list of plugin names to load.  See
            :class:`.CreateEnginePlugin` for background.

            .. versionadded:: 1.2.3

        :param query_cache_size: size of the cache used to cache the SQL string
         form of queries.  Set to zero to disable caching.

         The cache is pruned of its least recently used items when its size reaches
         N * 1.5.  Defaults to 500, meaning the cache will always store at least
         500 SQL statements when filled, and will grow up to 750 items at which
         point it is pruned back down to 500 by removing the 250 least recently
         used items.

         Caching is accomplished on a per-statement basis by generating a
         cache key that represents the statement's structure, then generating
         string SQL for the current dialect only if that key is not present
         in the cache.   All statements support caching, however some features
         such as an INSERT with a large set of parameters will intentionally
         bypass the cache.   SQL logging will indicate statistics for each
         statement whether or not it were pull from the cache.

         .. note:: some ORM functions related to unit-of-work persistence as well
            as some attribute loading strategies will make use of individual
            per-mapper caches outside of the main cache.


         .. seealso::

            :ref:`sql_caching`

         .. versionadded:: 1.4

        :param skip_autocommit_rollback: When True, the dialect will
           unconditionally skip all calls to the DBAPI ``connection.rollback()``
           method if the DBAPI connection is confirmed to be in "autocommit" mode.
           The availability of this feature is dialect specific; if not available,
           a ``NotImplementedError`` is raised by the dialect when rollback occurs.

           .. seealso::

                :ref:`dbapi_autocommit_skip_rollback`

           .. versionadded:: 2.0.43

        :param use_insertmanyvalues: True by default, use the "insertmanyvalues"
         execution style for INSERT..RETURNING statements by default.

         .. versionadded:: 2.0

         .. seealso::

            :ref:`engine_insertmanyvalues`

        """  # noqa

        if "strategy" in kwargs:
            strat = kwargs.pop("strategy")
            if strat == "mock":
                # this case is deprecated
                return create_mock_engine(url, **kwargs)  # type: ignore
            else:
                raise exc.ArgumentError("unknown strategy: %r" % strat)

        kwargs.pop("empty_in_strategy", None)

        # create url.URL object
        u = _url.make_url(url)

        u, plugins, kwargs = u._instantiate_plugins(kwargs)

        entrypoint = u._get_entrypoint()
        _is_async = kwargs.pop("_is_async", False)
        if _is_async:
            dialect_cls = entrypoint.get_async_dialect_cls(u)
        else:
            dialect_cls = entrypoint.get_dialect_cls(u)

        if kwargs.pop("_coerce_config", False):

            def pop_kwarg(key: str, default: Optional[Any] = None) -&gt; Any:
                value = kwargs.pop(key, default)
                if key in dialect_cls.engine_config_types:
                    value = dialect_cls.engine_config_types[key](value)
                return value

        else:
            pop_kwarg = kwargs.pop  # type: ignore

        dialect_args = {}
        # consume dialect arguments from kwargs
        for k in util.get_cls_kwargs(dialect_cls):
            if k in kwargs:
                dialect_args[k] = pop_kwarg(k)

        dbapi = kwargs.pop("module", None)
        if dbapi is None:
            dbapi_args = {}

            if "import_dbapi" in dialect_cls.__dict__:
                dbapi_meth = dialect_cls.import_dbapi

            elif hasattr(dialect_cls, "dbapi") and inspect.ismethod(
                dialect_cls.dbapi
            ):
                util.warn_deprecated(
                    "The dbapi() classmethod on dialect classes has been "
                    "renamed to import_dbapi().  Implement an import_dbapi() "
                    f"classmethod directly on class {dialect_cls} to remove this "
                    "warning; the old .dbapi() classmethod may be maintained for "
                    "backwards compatibility.",
                    "2.0",
                )
                dbapi_meth = dialect_cls.dbapi
            else:
                dbapi_meth = dialect_cls.import_dbapi

            for k in util.get_func_kwargs(dbapi_meth):
                if k in kwargs:
                    dbapi_args[k] = pop_kwarg(k)
&gt;           dbapi = dbapi_meth(**dbapi_args)
                    ^^^^^^^^^^^^^^^^^^^^^^^^

/usr/local/lib/python3.11/dist-packages/sqlalchemy/engine/create.py:617:
_ _ _ _ _ _ _ _ _ _ _ _ _ _ _ _ _ _ _ _ _ _ _ _ _ _ _ _ _ _ _ _ _ _ _ _ _ _ _ _

cls = &lt;class 'sqlalchemy.dialects.sqlite.aiosqlite.SQLiteDialect_aiosqlite'&gt;

    @classmethod
    def import_dbapi(cls) -&gt; AsyncAdapt_aiosqlite_dbapi:
        return AsyncAdapt_aiosqlite_dbapi(
&gt;           __import__("aiosqlite"), __import__("sqlite3")
            ^^^^^^^^^^^^^^^^^^^^^^^
        )
E       ModuleNotFoundError: No module named 'aiosqlite'

/usr/local/lib/python3.11/dist-packages/sqlalchemy/dialects/sqlite/aiosqlite.py:449: ModuleNotFoundError</error></testcase><testcase classname="tests.integration.test_repository_db.TestSignalRepository" name="test_get_by_source" time="0.001"><error message="failed on setup with &quot;ModuleNotFoundError: No module named 'aiosqlite'&quot;">@pytest.fixture(scope="module")
    def async_engine():
        """Module-scoped async engine with tables created once."""
        import asyncio

&gt;       eng = create_async_engine(
            _ASYNC_URL,
            connect_args={"check_same_thread": False},
            poolclass=StaticPool,
        )

tests/integration/test_repository_db.py:78:
_ _ _ _ _ _ _ _ _ _ _ _ _ _ _ _ _ _ _ _ _ _ _ _ _ _ _ _ _ _ _ _ _ _ _ _ _ _ _ _

func = &lt;function create_async_engine at 0x7f8919a142c0&gt;, module = None
args = ('sqlite+aiosqlite:///:memory:',)
kwargs = {'connect_args': {'check_same_thread': False}, 'poolclass': &lt;class 'sqlalchemy.pool.impl.StaticPool'&gt;}

    def _wrap_create_async_engine_internal(func, module, args, kwargs):
        """Trace the SQLAlchemy engine, creating an `EngineTracer`
        object that will listen to SQLAlchemy events.
        """
        if not is_instrumentation_enabled():
            return func(*args, **kwargs)

&gt;       engine = func(*args, **kwargs)
                 ^^^^^^^^^^^^^^^^^^^^^

/usr/local/lib/python3.11/dist-packages/opentelemetry/instrumentation/sqlalchemy/engine.py:139:
_ _ _ _ _ _ _ _ _ _ _ _ _ _ _ _ _ _ _ _ _ _ _ _ _ _ _ _ _ _ _ _ _ _ _ _ _ _ _ _

url = 'sqlite+aiosqlite:///:memory:'
kw = {'_is_async': True, 'connect_args': {'check_same_thread': False}, 'poolclass': &lt;class 'sqlalchemy.pool.impl.StaticPool'&gt;}

    def create_async_engine(url: Union[str, URL], **kw: Any) -&gt; AsyncEngine:
        """Create a new async engine instance.

        Arguments passed to :func:`_asyncio.create_async_engine` are mostly
        identical to those passed to the :func:`_sa.create_engine` function.
        The specified dialect must be an asyncio-compatible dialect
        such as :ref:`dialect-postgresql-asyncpg`.

        .. versionadded:: 1.4

        :param async_creator: an async callable which returns a driver-level
            asyncio connection. If given, the function should take no arguments,
            and return a new asyncio connection from the underlying asyncio
            database driver; the connection will be wrapped in the appropriate
            structures to be used with the :class:`.AsyncEngine`.   Note that the
            parameters specified in the URL are not applied here, and the creator
            function should use its own connection parameters.

            This parameter is the asyncio equivalent of the
            :paramref:`_sa.create_engine.creator` parameter of the
            :func:`_sa.create_engine` function.

            .. versionadded:: 2.0.16

        """

        if kw.get("server_side_cursors", False):
            raise async_exc.AsyncMethodRequired(
                "Can't set server_side_cursors for async engine globally; "
                "use the connection.stream() method for an async "
                "streaming result set"
            )
        kw["_is_async"] = True
        async_creator = kw.pop("async_creator", None)
        if async_creator:
            if kw.get("creator", None):
                raise ArgumentError(
                    "Can only specify one of 'async_creator' or 'creator', "
                    "not both."
                )

            def creator() -&gt; Any:
                # note that to send adapted arguments like
                # prepared_statement_cache_size, user would use
                # "creator" and emulate this form here
                return sync_engine.dialect.dbapi.connect(  # type: ignore
                    async_creator_fn=async_creator
                )

            kw["creator"] = creator
&gt;       sync_engine = _create_engine(url, **kw)
                      ^^^^^^^^^^^^^^^^^^^^^^^^^

/usr/local/lib/python3.11/dist-packages/sqlalchemy/ext/asyncio/engine.py:120:
_ _ _ _ _ _ _ _ _ _ _ _ _ _ _ _ _ _ _ _ _ _ _ _ _ _ _ _ _ _ _ _ _ _ _ _ _ _ _ _

url = 'sqlite+aiosqlite:///:memory:'
kwargs = {'_is_async': True, 'connect_args': {'check_same_thread': False}, 'poolclass': &lt;class 'sqlalchemy.pool.impl.StaticPool'&gt;}

&gt;   ???

&lt;string&gt;:2:
_ _ _ _ _ _ _ _ _ _ _ _ _ _ _ _ _ _ _ _ _ _ _ _ _ _ _ _ _ _ _ _ _ _ _ _ _ _ _ _

fn = &lt;function create_engine at 0x7f8919b2aac0&gt;
args = ('sqlite+aiosqlite:///:memory:',)
kwargs = {'_is_async': True, 'connect_args': {'check_same_thread': False}, 'poolclass': &lt;class 'sqlalchemy.pool.impl.StaticPool'&gt;}
m = 'implicit_returning'

    @decorator
    def warned(fn: _F, *args: Any, **kwargs: Any) -&gt; _F:
        for m in check_defaults:
            if (defaults[m] is None and kwargs[m] is not None) or (
                defaults[m] is not None and kwargs[m] != defaults[m]
            ):
                _warn_with_version(
                    messages[m],
                    versions[m],
                    version_warnings[m],
                    stacklevel=3,
                )

        if check_any_kw in messages and set(kwargs).difference(
            check_defaults
        ):
            assert check_any_kw is not None
            _warn_with_version(
                messages[check_any_kw],
                versions[check_any_kw],
                version_warnings[check_any_kw],
                stacklevel=3,
            )

        for m in check_kw:
            if m in kwargs:
                _warn_with_version(
                    messages[m],
                    versions[m],
                    version_warnings[m],
                    stacklevel=3,
                )
&gt;       return fn(*args, **kwargs)  # type: ignore[no-any-return]
               ^^^^^^^^^^^^^^^^^^^

/usr/local/lib/python3.11/dist-packages/sqlalchemy/util/deprecations.py:281:
_ _ _ _ _ _ _ _ _ _ _ _ _ _ _ _ _ _ _ _ _ _ _ _ _ _ _ _ _ _ _ _ _ _ _ _ _ _ _ _

url = 'sqlite+aiosqlite:///:memory:'
kwargs = {'connect_args': {'check_same_thread': False}, 'poolclass': &lt;class 'sqlalchemy.pool.impl.StaticPool'&gt;}
u = sqlite+aiosqlite:///:memory:, plugins = []
entrypoint = &lt;class 'sqlalchemy.dialects.sqlite.aiosqlite.SQLiteDialect_aiosqlite'&gt;
_is_async = True
pop_kwarg = &lt;built-in method pop of dict object at 0x7f881f8be200&gt;
dialect_args = {}

    @util.deprecated_params(
        strategy=(
            "1.4",
            "The :paramref:`_sa.create_engine.strategy` keyword is deprecated, "
            "and the only argument accepted is 'mock'; please use "
            ":func:`.create_mock_engine` going forward.  For general "
            "customization of create_engine which may have been accomplished "
            "using strategies, see :class:`.CreateEnginePlugin`.",
        ),
        empty_in_strategy=(
            "1.4",
            "The :paramref:`_sa.create_engine.empty_in_strategy` keyword is "
            "deprecated, and no longer has any effect.  All IN expressions "
            "are now rendered using "
            'the "expanding parameter" strategy which renders a set of bound'
            'expressions, or an "empty set" SELECT, at statement execution'
            "time.",
        ),
        implicit_returning=(
            "2.0",
            "The :paramref:`_sa.create_engine.implicit_returning` parameter "
            "is deprecated and will be removed in a future release. ",
        ),
    )
    def create_engine(url: Union[str, _url.URL], **kwargs: Any) -&gt; Engine:
        """Create a new :class:`_engine.Engine` instance.

        The standard calling form is to send the :ref:`URL &lt;database_urls&gt;` as the
        first positional argument, usually a string
        that indicates database dialect and connection arguments::

            engine = create_engine("postgresql+psycopg2://scott:tiger@localhost/test")

        .. note::

            Please review :ref:`database_urls` for general guidelines in composing
            URL strings.  In particular, special characters, such as those often
            part of passwords, must be URL encoded to be properly parsed.

        Additional keyword arguments may then follow it which
        establish various options on the resulting :class:`_engine.Engine`
        and its underlying :class:`.Dialect` and :class:`_pool.Pool`
        constructs::

            engine = create_engine(
                "mysql+mysqldb://scott:tiger@hostname/dbname",
                pool_recycle=3600,
                echo=True,
            )

        The string form of the URL is
        ``dialect[+driver]://user:password@host/dbname[?key=value..]``, where
        ``dialect`` is a database name such as ``mysql``, ``oracle``,
        ``postgresql``, etc., and ``driver`` the name of a DBAPI, such as
        ``psycopg2``, ``pyodbc``, ``cx_oracle``, etc.  Alternatively,
        the URL can be an instance of :class:`~sqlalchemy.engine.url.URL`.

        ``**kwargs`` takes a wide variety of options which are routed
        towards their appropriate components.  Arguments may be specific to
        the :class:`_engine.Engine`, the underlying :class:`.Dialect`,
        as well as the
        :class:`_pool.Pool`.  Specific dialects also accept keyword arguments that
        are unique to that dialect.   Here, we describe the parameters
        that are common to most :func:`_sa.create_engine()` usage.

        Once established, the newly resulting :class:`_engine.Engine` will
        request a connection from the underlying :class:`_pool.Pool` once
        :meth:`_engine.Engine.connect` is called, or a method which depends on it
        such as :meth:`_engine.Engine.execute` is invoked.   The
        :class:`_pool.Pool` in turn
        will establish the first actual DBAPI connection when this request
        is received.   The :func:`_sa.create_engine` call itself does **not**
        establish any actual DBAPI connections directly.

        .. seealso::

            :doc:`/core/engines`

            :doc:`/dialects/index`

            :ref:`connections_toplevel`

        :param connect_args: a dictionary of options which will be
            passed directly to the DBAPI's ``connect()`` method as
            additional keyword arguments.  See the example
            at :ref:`custom_dbapi_args`.

        :param creator: a callable which returns a DBAPI connection.
            This creation function will be passed to the underlying
            connection pool and will be used to create all new database
            connections. Usage of this function causes connection
            parameters specified in the URL argument to be bypassed.

            This hook is not as flexible as the newer
            :meth:`_events.DialectEvents.do_connect` hook which allows complete
            control over how a connection is made to the database, given the full
            set of URL arguments and state beforehand.

            .. seealso::

                :meth:`_events.DialectEvents.do_connect` - event hook that allows
                full control over DBAPI connection mechanics.

                :ref:`custom_dbapi_args`

        :param echo=False: if True, the Engine will log all statements
            as well as a ``repr()`` of their parameter lists to the default log
            handler, which defaults to ``sys.stdout`` for output.   If set to the
            string ``"debug"``, result rows will be printed to the standard output
            as well. The ``echo`` attribute of ``Engine`` can be modified at any
            time to turn logging on and off; direct control of logging is also
            available using the standard Python ``logging`` module.

            .. seealso::

                :ref:`dbengine_logging` - further detail on how to configure
                logging.


        :param echo_pool=False: if True, the connection pool will log
            informational output such as when connections are invalidated
            as well as when connections are recycled to the default log handler,
            which defaults to ``sys.stdout`` for output.   If set to the string
            ``"debug"``, the logging will include pool checkouts and checkins.
            Direct control of logging is also available using the standard Python
            ``logging`` module.

            .. seealso::

                :ref:`dbengine_logging` - further detail on how to configure
                logging.


        :param empty_in_strategy:   No longer used; SQLAlchemy now uses
            "empty set" behavior for IN in all cases.

        :param enable_from_linting: defaults to True.  Will emit a warning
            if a given SELECT statement is found to have un-linked FROM elements
            which would cause a cartesian product.

            .. versionadded:: 1.4

            .. seealso::

                :ref:`change_4737`

        :param execution_options: Dictionary execution options which will
            be applied to all connections.  See
            :meth:`~sqlalchemy.engine.Connection.execution_options`

        :param future: Use the 2.0 style :class:`_engine.Engine` and
            :class:`_engine.Connection` API.

            As of SQLAlchemy 2.0, this parameter is present for backwards
            compatibility only and must remain at its default value of ``True``.

            The :paramref:`_sa.create_engine.future` parameter will be
            deprecated in a subsequent 2.x release and eventually removed.

            .. versionadded:: 1.4

            .. versionchanged:: 2.0 All :class:`_engine.Engine` objects are
               "future" style engines and there is no longer a ``future=False``
               mode of operation.

            .. seealso::

                :ref:`migration_20_toplevel`

        :param hide_parameters: Boolean, when set to True, SQL statement parameters
            will not be displayed in INFO logging nor will they be formatted into
            the string representation of :class:`.StatementError` objects.

            .. versionadded:: 1.3.8

            .. seealso::

                :ref:`dbengine_logging` - further detail on how to configure
                logging.

        :param implicit_returning=True:  Legacy parameter that may only be set
            to True. In SQLAlchemy 2.0, this parameter does nothing. In order to
            disable "implicit returning" for statements invoked by the ORM,
            configure this on a per-table basis using the
            :paramref:`.Table.implicit_returning` parameter.


        :param insertmanyvalues_page_size: number of rows to format into an
         INSERT statement when the statement uses "insertmanyvalues" mode, which is
         a paged form of bulk insert that is used for many backends when using
         :term:`executemany` execution typically in conjunction with RETURNING.
         Defaults to 1000, but may also be subject to dialect-specific limiting
         factors which may override this value on a per-statement basis.

         .. versionadded:: 2.0

         .. seealso::

            :ref:`engine_insertmanyvalues`

            :ref:`engine_insertmanyvalues_page_size`

            :paramref:`_engine.Connection.execution_options.insertmanyvalues_page_size`

        :param isolation_level: optional string name of an isolation level
            which will be set on all new connections unconditionally.
            Isolation levels are typically some subset of the string names
            ``"SERIALIZABLE"``, ``"REPEATABLE READ"``,
            ``"READ COMMITTED"``, ``"READ UNCOMMITTED"`` and ``"AUTOCOMMIT"``
            based on backend.

            The :paramref:`_sa.create_engine.isolation_level` parameter is
            in contrast to the
            :paramref:`.Connection.execution_options.isolation_level`
            execution option, which may be set on an individual
            :class:`.Connection`, as well as the same parameter passed to
            :meth:`.Engine.execution_options`, where it may be used to create
            multiple engines with different isolation levels that share a common
            connection pool and dialect.

            .. versionchanged:: 2.0 The
               :paramref:`_sa.create_engine.isolation_level`
               parameter has been generalized to work on all dialects which support
               the concept of isolation level, and is provided as a more succinct,
               up front configuration switch in contrast to the execution option
               which is more of an ad-hoc programmatic option.

            .. seealso::

                :ref:`dbapi_autocommit`

        :param json_deserializer: for dialects that support the
            :class:`_types.JSON`
            datatype, this is a Python callable that will convert a JSON string
            to a Python object.  By default, the Python ``json.loads`` function is
            used.

            .. versionchanged:: 1.3.7  The SQLite dialect renamed this from
               ``_json_deserializer``.

        :param json_serializer: for dialects that support the :class:`_types.JSON`
            datatype, this is a Python callable that will render a given object
            as JSON.   By default, the Python ``json.dumps`` function is used.

            .. versionchanged:: 1.3.7  The SQLite dialect renamed this from
               ``_json_serializer``.


        :param label_length=None: optional integer value which limits
            the size of dynamically generated column labels to that many
            characters. If less than 6, labels are generated as
            "_(counter)". If ``None``, the value of
            ``dialect.max_identifier_length``, which may be affected via the
            :paramref:`_sa.create_engine.max_identifier_length` parameter,
            is used instead.   The value of
            :paramref:`_sa.create_engine.label_length`
            may not be larger than that of
            :paramref:`_sa.create_engine.max_identfier_length`.

            .. seealso::

                :paramref:`_sa.create_engine.max_identifier_length`

        :param logging_name:  String identifier which will be used within
            the "name" field of logging records generated within the
            "sqlalchemy.engine" logger. Defaults to a hexstring of the
            object's id.

            .. seealso::

                :ref:`dbengine_logging` - further detail on how to configure
                logging.

                :paramref:`_engine.Connection.execution_options.logging_token`

        :param max_identifier_length: integer; override the max_identifier_length
            determined by the dialect.  if ``None`` or zero, has no effect.  This
            is the database's configured maximum number of characters that may be
            used in a SQL identifier such as a table name, column name, or label
            name. All dialects determine this value automatically, however in the
            case of a new database version for which this value has changed but
            SQLAlchemy's dialect has not been adjusted, the value may be passed
            here.

            .. versionadded:: 1.3.9

            .. seealso::

                :paramref:`_sa.create_engine.label_length`

        :param max_overflow=10: the number of connections to allow in
            connection pool "overflow", that is connections that can be
            opened above and beyond the pool_size setting, which defaults
            to five. this is only used with :class:`~sqlalchemy.pool.QueuePool`.

        :param module=None: reference to a Python module object (the module
            itself, not its string name).  Specifies an alternate DBAPI module to
            be used by the engine's dialect.  Each sub-dialect references a
            specific DBAPI which will be imported before first connect.  This
            parameter causes the import to be bypassed, and the given module to
            be used instead. Can be used for testing of DBAPIs as well as to
            inject "mock" DBAPI implementations into the :class:`_engine.Engine`.

        :param paramstyle=None: The `paramstyle &lt;https://legacy.python.org/dev/peps/pep-0249/#paramstyle&gt;`_
            to use when rendering bound parameters.  This style defaults to the
            one recommended by the DBAPI itself, which is retrieved from the
            ``.paramstyle`` attribute of the DBAPI.  However, most DBAPIs accept
            more than one paramstyle, and in particular it may be desirable
            to change a "named" paramstyle into a "positional" one, or vice versa.
            When this attribute is passed, it should be one of the values
            ``"qmark"``, ``"numeric"``, ``"named"``, ``"format"`` or
            ``"pyformat"``, and should correspond to a parameter style known
            to be supported by the DBAPI in use.

        :param pool=None: an already-constructed instance of
            :class:`~sqlalchemy.pool.Pool`, such as a
            :class:`~sqlalchemy.pool.QueuePool` instance. If non-None, this
            pool will be used directly as the underlying connection pool
            for the engine, bypassing whatever connection parameters are
            present in the URL argument. For information on constructing
            connection pools manually, see :ref:`pooling_toplevel`.

        :param poolclass=None: a :class:`~sqlalchemy.pool.Pool`
            subclass, which will be used to create a connection pool
            instance using the connection parameters given in the URL. Note
            this differs from ``pool`` in that you don't actually
            instantiate the pool in this case, you just indicate what type
            of pool to be used.

        :param pool_logging_name:  String identifier which will be used within
           the "name" field of logging records generated within the
           "sqlalchemy.pool" logger. Defaults to a hexstring of the object's
           id.

           .. seealso::

                :ref:`dbengine_logging` - further detail on how to configure
                logging.

        :param pool_pre_ping: boolean, if True will enable the connection pool
            "pre-ping" feature that tests connections for liveness upon
            each checkout.

            .. versionadded:: 1.2

            .. seealso::

                :ref:`pool_disconnects_pessimistic`

        :param pool_size=5: the number of connections to keep open
            inside the connection pool. This used with
            :class:`~sqlalchemy.pool.QueuePool` as
            well as :class:`~sqlalchemy.pool.SingletonThreadPool`.  With
            :class:`~sqlalchemy.pool.QueuePool`, a ``pool_size`` setting
            of 0 indicates no limit; to disable pooling, set ``poolclass`` to
            :class:`~sqlalchemy.pool.NullPool` instead.

        :param pool_recycle=-1: this setting causes the pool to recycle
            connections after the given number of seconds has passed. It
            defaults to -1, or no timeout. For example, setting to 3600
            means connections will be recycled after one hour. Note that
            MySQL in particular will disconnect automatically if no
            activity is detected on a connection for eight hours (although
            this is configurable with the MySQLDB connection itself and the
            server configuration as well).

            .. seealso::

                :ref:`pool_setting_recycle`

        :param pool_reset_on_return='rollback': set the
            :paramref:`_pool.Pool.reset_on_return` parameter of the underlying
            :class:`_pool.Pool` object, which can be set to the values
            ``"rollback"``, ``"commit"``, or ``None``.

            .. seealso::

                :ref:`pool_reset_on_return`

                :ref:`dbapi_autocommit_skip_rollback` - a more modern approach
                to using connections with no transactional instructions

        :param pool_timeout=30: number of seconds to wait before giving
            up on getting a connection from the pool. This is only used
            with :class:`~sqlalchemy.pool.QueuePool`. This can be a float but is
            subject to the limitations of Python time functions which may not be
            reliable in the tens of milliseconds.

            .. note: don't use 30.0 above, it seems to break with the :param tag

        :param pool_use_lifo=False: use LIFO (last-in-first-out) when retrieving
            connections from :class:`.QueuePool` instead of FIFO
            (first-in-first-out). Using LIFO, a server-side timeout scheme can
            reduce the number of connections used during non- peak   periods of
            use.   When planning for server-side timeouts, ensure that a recycle or
            pre-ping strategy is in use to gracefully   handle stale connections.

              .. versionadded:: 1.3

              .. seealso::

                :ref:`pool_use_lifo`

                :ref:`pool_disconnects`

        :param plugins: string list of plugin names to load.  See
            :class:`.CreateEnginePlugin` for background.

            .. versionadded:: 1.2.3

        :param query_cache_size: size of the cache used to cache the SQL string
         form of queries.  Set to zero to disable caching.

         The cache is pruned of its least recently used items when its size reaches
         N * 1.5.  Defaults to 500, meaning the cache will always store at least
         500 SQL statements when filled, and will grow up to 750 items at which
         point it is pruned back down to 500 by removing the 250 least recently
         used items.

         Caching is accomplished on a per-statement basis by generating a
         cache key that represents the statement's structure, then generating
         string SQL for the current dialect only if that key is not present
         in the cache.   All statements support caching, however some features
         such as an INSERT with a large set of parameters will intentionally
         bypass the cache.   SQL logging will indicate statistics for each
         statement whether or not it were pull from the cache.

         .. note:: some ORM functions related to unit-of-work persistence as well
            as some attribute loading strategies will make use of individual
            per-mapper caches outside of the main cache.


         .. seealso::

            :ref:`sql_caching`

         .. versionadded:: 1.4

        :param skip_autocommit_rollback: When True, the dialect will
           unconditionally skip all calls to the DBAPI ``connection.rollback()``
           method if the DBAPI connection is confirmed to be in "autocommit" mode.
           The availability of this feature is dialect specific; if not available,
           a ``NotImplementedError`` is raised by the dialect when rollback occurs.

           .. seealso::

                :ref:`dbapi_autocommit_skip_rollback`

           .. versionadded:: 2.0.43

        :param use_insertmanyvalues: True by default, use the "insertmanyvalues"
         execution style for INSERT..RETURNING statements by default.

         .. versionadded:: 2.0

         .. seealso::

            :ref:`engine_insertmanyvalues`

        """  # noqa

        if "strategy" in kwargs:
            strat = kwargs.pop("strategy")
            if strat == "mock":
                # this case is deprecated
                return create_mock_engine(url, **kwargs)  # type: ignore
            else:
                raise exc.ArgumentError("unknown strategy: %r" % strat)

        kwargs.pop("empty_in_strategy", None)

        # create url.URL object
        u = _url.make_url(url)

        u, plugins, kwargs = u._instantiate_plugins(kwargs)

        entrypoint = u._get_entrypoint()
        _is_async = kwargs.pop("_is_async", False)
        if _is_async:
            dialect_cls = entrypoint.get_async_dialect_cls(u)
        else:
            dialect_cls = entrypoint.get_dialect_cls(u)

        if kwargs.pop("_coerce_config", False):

            def pop_kwarg(key: str, default: Optional[Any] = None) -&gt; Any:
                value = kwargs.pop(key, default)
                if key in dialect_cls.engine_config_types:
                    value = dialect_cls.engine_config_types[key](value)
                return value

        else:
            pop_kwarg = kwargs.pop  # type: ignore

        dialect_args = {}
        # consume dialect arguments from kwargs
        for k in util.get_cls_kwargs(dialect_cls):
            if k in kwargs:
                dialect_args[k] = pop_kwarg(k)

        dbapi = kwargs.pop("module", None)
        if dbapi is None:
            dbapi_args = {}

            if "import_dbapi" in dialect_cls.__dict__:
                dbapi_meth = dialect_cls.import_dbapi

            elif hasattr(dialect_cls, "dbapi") and inspect.ismethod(
                dialect_cls.dbapi
            ):
                util.warn_deprecated(
                    "The dbapi() classmethod on dialect classes has been "
                    "renamed to import_dbapi().  Implement an import_dbapi() "
                    f"classmethod directly on class {dialect_cls} to remove this "
                    "warning; the old .dbapi() classmethod may be maintained for "
                    "backwards compatibility.",
                    "2.0",
                )
                dbapi_meth = dialect_cls.dbapi
            else:
                dbapi_meth = dialect_cls.import_dbapi

            for k in util.get_func_kwargs(dbapi_meth):
                if k in kwargs:
                    dbapi_args[k] = pop_kwarg(k)
&gt;           dbapi = dbapi_meth(**dbapi_args)
                    ^^^^^^^^^^^^^^^^^^^^^^^^

/usr/local/lib/python3.11/dist-packages/sqlalchemy/engine/create.py:617:
_ _ _ _ _ _ _ _ _ _ _ _ _ _ _ _ _ _ _ _ _ _ _ _ _ _ _ _ _ _ _ _ _ _ _ _ _ _ _ _

cls = &lt;class 'sqlalchemy.dialects.sqlite.aiosqlite.SQLiteDialect_aiosqlite'&gt;

    @classmethod
    def import_dbapi(cls) -&gt; AsyncAdapt_aiosqlite_dbapi:
        return AsyncAdapt_aiosqlite_dbapi(
&gt;           __import__("aiosqlite"), __import__("sqlite3")
            ^^^^^^^^^^^^^^^^^^^^^^^
        )
E       ModuleNotFoundError: No module named 'aiosqlite'

/usr/local/lib/python3.11/dist-packages/sqlalchemy/dialects/sqlite/aiosqlite.py:449: ModuleNotFoundError</error></testcase><testcase classname="tests.integration.test_repository_db.TestSignalRepository" name="test_mark_executed" time="0.001"><error message="failed on setup with &quot;ModuleNotFoundError: No module named 'aiosqlite'&quot;">@pytest.fixture(scope="module")
    def async_engine():
        """Module-scoped async engine with tables created once."""
        import asyncio

&gt;       eng = create_async_engine(
            _ASYNC_URL,
            connect_args={"check_same_thread": False},
            poolclass=StaticPool,
        )

tests/integration/test_repository_db.py:78:
_ _ _ _ _ _ _ _ _ _ _ _ _ _ _ _ _ _ _ _ _ _ _ _ _ _ _ _ _ _ _ _ _ _ _ _ _ _ _ _

func = &lt;function create_async_engine at 0x7f8919a142c0&gt;, module = None
args = ('sqlite+aiosqlite:///:memory:',)
kwargs = {'connect_args': {'check_same_thread': False}, 'poolclass': &lt;class 'sqlalchemy.pool.impl.StaticPool'&gt;}

    def _wrap_create_async_engine_internal(func, module, args, kwargs):
        """Trace the SQLAlchemy engine, creating an `EngineTracer`
        object that will listen to SQLAlchemy events.
        """
        if not is_instrumentation_enabled():
            return func(*args, **kwargs)

&gt;       engine = func(*args, **kwargs)
                 ^^^^^^^^^^^^^^^^^^^^^

/usr/local/lib/python3.11/dist-packages/opentelemetry/instrumentation/sqlalchemy/engine.py:139:
_ _ _ _ _ _ _ _ _ _ _ _ _ _ _ _ _ _ _ _ _ _ _ _ _ _ _ _ _ _ _ _ _ _ _ _ _ _ _ _

url = 'sqlite+aiosqlite:///:memory:'
kw = {'_is_async': True, 'connect_args': {'check_same_thread': False}, 'poolclass': &lt;class 'sqlalchemy.pool.impl.StaticPool'&gt;}

    def create_async_engine(url: Union[str, URL], **kw: Any) -&gt; AsyncEngine:
        """Create a new async engine instance.

        Arguments passed to :func:`_asyncio.create_async_engine` are mostly
        identical to those passed to the :func:`_sa.create_engine` function.
        The specified dialect must be an asyncio-compatible dialect
        such as :ref:`dialect-postgresql-asyncpg`.

        .. versionadded:: 1.4

        :param async_creator: an async callable which returns a driver-level
            asyncio connection. If given, the function should take no arguments,
            and return a new asyncio connection from the underlying asyncio
            database driver; the connection will be wrapped in the appropriate
            structures to be used with the :class:`.AsyncEngine`.   Note that the
            parameters specified in the URL are not applied here, and the creator
            function should use its own connection parameters.

            This parameter is the asyncio equivalent of the
            :paramref:`_sa.create_engine.creator` parameter of the
            :func:`_sa.create_engine` function.

            .. versionadded:: 2.0.16

        """

        if kw.get("server_side_cursors", False):
            raise async_exc.AsyncMethodRequired(
                "Can't set server_side_cursors for async engine globally; "
                "use the connection.stream() method for an async "
                "streaming result set"
            )
        kw["_is_async"] = True
        async_creator = kw.pop("async_creator", None)
        if async_creator:
            if kw.get("creator", None):
                raise ArgumentError(
                    "Can only specify one of 'async_creator' or 'creator', "
                    "not both."
                )

            def creator() -&gt; Any:
                # note that to send adapted arguments like
                # prepared_statement_cache_size, user would use
                # "creator" and emulate this form here
                return sync_engine.dialect.dbapi.connect(  # type: ignore
                    async_creator_fn=async_creator
                )

            kw["creator"] = creator
&gt;       sync_engine = _create_engine(url, **kw)
                      ^^^^^^^^^^^^^^^^^^^^^^^^^

/usr/local/lib/python3.11/dist-packages/sqlalchemy/ext/asyncio/engine.py:120:
_ _ _ _ _ _ _ _ _ _ _ _ _ _ _ _ _ _ _ _ _ _ _ _ _ _ _ _ _ _ _ _ _ _ _ _ _ _ _ _

url = 'sqlite+aiosqlite:///:memory:'
kwargs = {'_is_async': True, 'connect_args': {'check_same_thread': False}, 'poolclass': &lt;class 'sqlalchemy.pool.impl.StaticPool'&gt;}

&gt;   ???

&lt;string&gt;:2:
_ _ _ _ _ _ _ _ _ _ _ _ _ _ _ _ _ _ _ _ _ _ _ _ _ _ _ _ _ _ _ _ _ _ _ _ _ _ _ _

fn = &lt;function create_engine at 0x7f8919b2aac0&gt;
args = ('sqlite+aiosqlite:///:memory:',)
kwargs = {'_is_async': True, 'connect_args': {'check_same_thread': False}, 'poolclass': &lt;class 'sqlalchemy.pool.impl.StaticPool'&gt;}
m = 'implicit_returning'

    @decorator
    def warned(fn: _F, *args: Any, **kwargs: Any) -&gt; _F:
        for m in check_defaults:
            if (defaults[m] is None and kwargs[m] is not None) or (
                defaults[m] is not None and kwargs[m] != defaults[m]
            ):
                _warn_with_version(
                    messages[m],
                    versions[m],
                    version_warnings[m],
                    stacklevel=3,
                )

        if check_any_kw in messages and set(kwargs).difference(
            check_defaults
        ):
            assert check_any_kw is not None
            _warn_with_version(
                messages[check_any_kw],
                versions[check_any_kw],
                version_warnings[check_any_kw],
                stacklevel=3,
            )

        for m in check_kw:
            if m in kwargs:
                _warn_with_version(
                    messages[m],
                    versions[m],
                    version_warnings[m],
                    stacklevel=3,
                )
&gt;       return fn(*args, **kwargs)  # type: ignore[no-any-return]
               ^^^^^^^^^^^^^^^^^^^

/usr/local/lib/python3.11/dist-packages/sqlalchemy/util/deprecations.py:281:
_ _ _ _ _ _ _ _ _ _ _ _ _ _ _ _ _ _ _ _ _ _ _ _ _ _ _ _ _ _ _ _ _ _ _ _ _ _ _ _

url = 'sqlite+aiosqlite:///:memory:'
kwargs = {'connect_args': {'check_same_thread': False}, 'poolclass': &lt;class 'sqlalchemy.pool.impl.StaticPool'&gt;}
u = sqlite+aiosqlite:///:memory:, plugins = []
entrypoint = &lt;class 'sqlalchemy.dialects.sqlite.aiosqlite.SQLiteDialect_aiosqlite'&gt;
_is_async = True
pop_kwarg = &lt;built-in method pop of dict object at 0x7f881f8be200&gt;
dialect_args = {}

    @util.deprecated_params(
        strategy=(
            "1.4",
            "The :paramref:`_sa.create_engine.strategy` keyword is deprecated, "
            "and the only argument accepted is 'mock'; please use "
            ":func:`.create_mock_engine` going forward.  For general "
            "customization of create_engine which may have been accomplished "
            "using strategies, see :class:`.CreateEnginePlugin`.",
        ),
        empty_in_strategy=(
            "1.4",
            "The :paramref:`_sa.create_engine.empty_in_strategy` keyword is "
            "deprecated, and no longer has any effect.  All IN expressions "
            "are now rendered using "
            'the "expanding parameter" strategy which renders a set of bound'
            'expressions, or an "empty set" SELECT, at statement execution'
            "time.",
        ),
        implicit_returning=(
            "2.0",
            "The :paramref:`_sa.create_engine.implicit_returning` parameter "
            "is deprecated and will be removed in a future release. ",
        ),
    )
    def create_engine(url: Union[str, _url.URL], **kwargs: Any) -&gt; Engine:
        """Create a new :class:`_engine.Engine` instance.

        The standard calling form is to send the :ref:`URL &lt;database_urls&gt;` as the
        first positional argument, usually a string
        that indicates database dialect and connection arguments::

            engine = create_engine("postgresql+psycopg2://scott:tiger@localhost/test")

        .. note::

            Please review :ref:`database_urls` for general guidelines in composing
            URL strings.  In particular, special characters, such as those often
            part of passwords, must be URL encoded to be properly parsed.

        Additional keyword arguments may then follow it which
        establish various options on the resulting :class:`_engine.Engine`
        and its underlying :class:`.Dialect` and :class:`_pool.Pool`
        constructs::

            engine = create_engine(
                "mysql+mysqldb://scott:tiger@hostname/dbname",
                pool_recycle=3600,
                echo=True,
            )

        The string form of the URL is
        ``dialect[+driver]://user:password@host/dbname[?key=value..]``, where
        ``dialect`` is a database name such as ``mysql``, ``oracle``,
        ``postgresql``, etc., and ``driver`` the name of a DBAPI, such as
        ``psycopg2``, ``pyodbc``, ``cx_oracle``, etc.  Alternatively,
        the URL can be an instance of :class:`~sqlalchemy.engine.url.URL`.

        ``**kwargs`` takes a wide variety of options which are routed
        towards their appropriate components.  Arguments may be specific to
        the :class:`_engine.Engine`, the underlying :class:`.Dialect`,
        as well as the
        :class:`_pool.Pool`.  Specific dialects also accept keyword arguments that
        are unique to that dialect.   Here, we describe the parameters
        that are common to most :func:`_sa.create_engine()` usage.

        Once established, the newly resulting :class:`_engine.Engine` will
        request a connection from the underlying :class:`_pool.Pool` once
        :meth:`_engine.Engine.connect` is called, or a method which depends on it
        such as :meth:`_engine.Engine.execute` is invoked.   The
        :class:`_pool.Pool` in turn
        will establish the first actual DBAPI connection when this request
        is received.   The :func:`_sa.create_engine` call itself does **not**
        establish any actual DBAPI connections directly.

        .. seealso::

            :doc:`/core/engines`

            :doc:`/dialects/index`

            :ref:`connections_toplevel`

        :param connect_args: a dictionary of options which will be
            passed directly to the DBAPI's ``connect()`` method as
            additional keyword arguments.  See the example
            at :ref:`custom_dbapi_args`.

        :param creator: a callable which returns a DBAPI connection.
            This creation function will be passed to the underlying
            connection pool and will be used to create all new database
            connections. Usage of this function causes connection
            parameters specified in the URL argument to be bypassed.

            This hook is not as flexible as the newer
            :meth:`_events.DialectEvents.do_connect` hook which allows complete
            control over how a connection is made to the database, given the full
            set of URL arguments and state beforehand.

            .. seealso::

                :meth:`_events.DialectEvents.do_connect` - event hook that allows
                full control over DBAPI connection mechanics.

                :ref:`custom_dbapi_args`

        :param echo=False: if True, the Engine will log all statements
            as well as a ``repr()`` of their parameter lists to the default log
            handler, which defaults to ``sys.stdout`` for output.   If set to the
            string ``"debug"``, result rows will be printed to the standard output
            as well. The ``echo`` attribute of ``Engine`` can be modified at any
            time to turn logging on and off; direct control of logging is also
            available using the standard Python ``logging`` module.

            .. seealso::

                :ref:`dbengine_logging` - further detail on how to configure
                logging.


        :param echo_pool=False: if True, the connection pool will log
            informational output such as when connections are invalidated
            as well as when connections are recycled to the default log handler,
            which defaults to ``sys.stdout`` for output.   If set to the string
            ``"debug"``, the logging will include pool checkouts and checkins.
            Direct control of logging is also available using the standard Python
            ``logging`` module.

            .. seealso::

                :ref:`dbengine_logging` - further detail on how to configure
                logging.


        :param empty_in_strategy:   No longer used; SQLAlchemy now uses
            "empty set" behavior for IN in all cases.

        :param enable_from_linting: defaults to True.  Will emit a warning
            if a given SELECT statement is found to have un-linked FROM elements
            which would cause a cartesian product.

            .. versionadded:: 1.4

            .. seealso::

                :ref:`change_4737`

        :param execution_options: Dictionary execution options which will
            be applied to all connections.  See
            :meth:`~sqlalchemy.engine.Connection.execution_options`

        :param future: Use the 2.0 style :class:`_engine.Engine` and
            :class:`_engine.Connection` API.

            As of SQLAlchemy 2.0, this parameter is present for backwards
            compatibility only and must remain at its default value of ``True``.

            The :paramref:`_sa.create_engine.future` parameter will be
            deprecated in a subsequent 2.x release and eventually removed.

            .. versionadded:: 1.4

            .. versionchanged:: 2.0 All :class:`_engine.Engine` objects are
               "future" style engines and there is no longer a ``future=False``
               mode of operation.

            .. seealso::

                :ref:`migration_20_toplevel`

        :param hide_parameters: Boolean, when set to True, SQL statement parameters
            will not be displayed in INFO logging nor will they be formatted into
            the string representation of :class:`.StatementError` objects.

            .. versionadded:: 1.3.8

            .. seealso::

                :ref:`dbengine_logging` - further detail on how to configure
                logging.

        :param implicit_returning=True:  Legacy parameter that may only be set
            to True. In SQLAlchemy 2.0, this parameter does nothing. In order to
            disable "implicit returning" for statements invoked by the ORM,
            configure this on a per-table basis using the
            :paramref:`.Table.implicit_returning` parameter.


        :param insertmanyvalues_page_size: number of rows to format into an
         INSERT statement when the statement uses "insertmanyvalues" mode, which is
         a paged form of bulk insert that is used for many backends when using
         :term:`executemany` execution typically in conjunction with RETURNING.
         Defaults to 1000, but may also be subject to dialect-specific limiting
         factors which may override this value on a per-statement basis.

         .. versionadded:: 2.0

         .. seealso::

            :ref:`engine_insertmanyvalues`

            :ref:`engine_insertmanyvalues_page_size`

            :paramref:`_engine.Connection.execution_options.insertmanyvalues_page_size`

        :param isolation_level: optional string name of an isolation level
            which will be set on all new connections unconditionally.
            Isolation levels are typically some subset of the string names
            ``"SERIALIZABLE"``, ``"REPEATABLE READ"``,
            ``"READ COMMITTED"``, ``"READ UNCOMMITTED"`` and ``"AUTOCOMMIT"``
            based on backend.

            The :paramref:`_sa.create_engine.isolation_level` parameter is
            in contrast to the
            :paramref:`.Connection.execution_options.isolation_level`
            execution option, which may be set on an individual
            :class:`.Connection`, as well as the same parameter passed to
            :meth:`.Engine.execution_options`, where it may be used to create
            multiple engines with different isolation levels that share a common
            connection pool and dialect.

            .. versionchanged:: 2.0 The
               :paramref:`_sa.create_engine.isolation_level`
               parameter has been generalized to work on all dialects which support
               the concept of isolation level, and is provided as a more succinct,
               up front configuration switch in contrast to the execution option
               which is more of an ad-hoc programmatic option.

            .. seealso::

                :ref:`dbapi_autocommit`

        :param json_deserializer: for dialects that support the
            :class:`_types.JSON`
            datatype, this is a Python callable that will convert a JSON string
            to a Python object.  By default, the Python ``json.loads`` function is
            used.

            .. versionchanged:: 1.3.7  The SQLite dialect renamed this from
               ``_json_deserializer``.

        :param json_serializer: for dialects that support the :class:`_types.JSON`
            datatype, this is a Python callable that will render a given object
            as JSON.   By default, the Python ``json.dumps`` function is used.

            .. versionchanged:: 1.3.7  The SQLite dialect renamed this from
               ``_json_serializer``.


        :param label_length=None: optional integer value which limits
            the size of dynamically generated column labels to that many
            characters. If less than 6, labels are generated as
            "_(counter)". If ``None``, the value of
            ``dialect.max_identifier_length``, which may be affected via the
            :paramref:`_sa.create_engine.max_identifier_length` parameter,
            is used instead.   The value of
            :paramref:`_sa.create_engine.label_length`
            may not be larger than that of
            :paramref:`_sa.create_engine.max_identfier_length`.

            .. seealso::

                :paramref:`_sa.create_engine.max_identifier_length`

        :param logging_name:  String identifier which will be used within
            the "name" field of logging records generated within the
            "sqlalchemy.engine" logger. Defaults to a hexstring of the
            object's id.

            .. seealso::

                :ref:`dbengine_logging` - further detail on how to configure
                logging.

                :paramref:`_engine.Connection.execution_options.logging_token`

        :param max_identifier_length: integer; override the max_identifier_length
            determined by the dialect.  if ``None`` or zero, has no effect.  This
            is the database's configured maximum number of characters that may be
            used in a SQL identifier such as a table name, column name, or label
            name. All dialects determine this value automatically, however in the
            case of a new database version for which this value has changed but
            SQLAlchemy's dialect has not been adjusted, the value may be passed
            here.

            .. versionadded:: 1.3.9

            .. seealso::

                :paramref:`_sa.create_engine.label_length`

        :param max_overflow=10: the number of connections to allow in
            connection pool "overflow", that is connections that can be
            opened above and beyond the pool_size setting, which defaults
            to five. this is only used with :class:`~sqlalchemy.pool.QueuePool`.

        :param module=None: reference to a Python module object (the module
            itself, not its string name).  Specifies an alternate DBAPI module to
            be used by the engine's dialect.  Each sub-dialect references a
            specific DBAPI which will be imported before first connect.  This
            parameter causes the import to be bypassed, and the given module to
            be used instead. Can be used for testing of DBAPIs as well as to
            inject "mock" DBAPI implementations into the :class:`_engine.Engine`.

        :param paramstyle=None: The `paramstyle &lt;https://legacy.python.org/dev/peps/pep-0249/#paramstyle&gt;`_
            to use when rendering bound parameters.  This style defaults to the
            one recommended by the DBAPI itself, which is retrieved from the
            ``.paramstyle`` attribute of the DBAPI.  However, most DBAPIs accept
            more than one paramstyle, and in particular it may be desirable
            to change a "named" paramstyle into a "positional" one, or vice versa.
            When this attribute is passed, it should be one of the values
            ``"qmark"``, ``"numeric"``, ``"named"``, ``"format"`` or
            ``"pyformat"``, and should correspond to a parameter style known
            to be supported by the DBAPI in use.

        :param pool=None: an already-constructed instance of
            :class:`~sqlalchemy.pool.Pool`, such as a
            :class:`~sqlalchemy.pool.QueuePool` instance. If non-None, this
            pool will be used directly as the underlying connection pool
            for the engine, bypassing whatever connection parameters are
            present in the URL argument. For information on constructing
            connection pools manually, see :ref:`pooling_toplevel`.

        :param poolclass=None: a :class:`~sqlalchemy.pool.Pool`
            subclass, which will be used to create a connection pool
            instance using the connection parameters given in the URL. Note
            this differs from ``pool`` in that you don't actually
            instantiate the pool in this case, you just indicate what type
            of pool to be used.

        :param pool_logging_name:  String identifier which will be used within
           the "name" field of logging records generated within the
           "sqlalchemy.pool" logger. Defaults to a hexstring of the object's
           id.

           .. seealso::

                :ref:`dbengine_logging` - further detail on how to configure
                logging.

        :param pool_pre_ping: boolean, if True will enable the connection pool
            "pre-ping" feature that tests connections for liveness upon
            each checkout.

            .. versionadded:: 1.2

            .. seealso::

                :ref:`pool_disconnects_pessimistic`

        :param pool_size=5: the number of connections to keep open
            inside the connection pool. This used with
            :class:`~sqlalchemy.pool.QueuePool` as
            well as :class:`~sqlalchemy.pool.SingletonThreadPool`.  With
            :class:`~sqlalchemy.pool.QueuePool`, a ``pool_size`` setting
            of 0 indicates no limit; to disable pooling, set ``poolclass`` to
            :class:`~sqlalchemy.pool.NullPool` instead.

        :param pool_recycle=-1: this setting causes the pool to recycle
            connections after the given number of seconds has passed. It
            defaults to -1, or no timeout. For example, setting to 3600
            means connections will be recycled after one hour. Note that
            MySQL in particular will disconnect automatically if no
            activity is detected on a connection for eight hours (although
            this is configurable with the MySQLDB connection itself and the
            server configuration as well).

            .. seealso::

                :ref:`pool_setting_recycle`

        :param pool_reset_on_return='rollback': set the
            :paramref:`_pool.Pool.reset_on_return` parameter of the underlying
            :class:`_pool.Pool` object, which can be set to the values
            ``"rollback"``, ``"commit"``, or ``None``.

            .. seealso::

                :ref:`pool_reset_on_return`

                :ref:`dbapi_autocommit_skip_rollback` - a more modern approach
                to using connections with no transactional instructions

        :param pool_timeout=30: number of seconds to wait before giving
            up on getting a connection from the pool. This is only used
            with :class:`~sqlalchemy.pool.QueuePool`. This can be a float but is
            subject to the limitations of Python time functions which may not be
            reliable in the tens of milliseconds.

            .. note: don't use 30.0 above, it seems to break with the :param tag

        :param pool_use_lifo=False: use LIFO (last-in-first-out) when retrieving
            connections from :class:`.QueuePool` instead of FIFO
            (first-in-first-out). Using LIFO, a server-side timeout scheme can
            reduce the number of connections used during non- peak   periods of
            use.   When planning for server-side timeouts, ensure that a recycle or
            pre-ping strategy is in use to gracefully   handle stale connections.

              .. versionadded:: 1.3

              .. seealso::

                :ref:`pool_use_lifo`

                :ref:`pool_disconnects`

        :param plugins: string list of plugin names to load.  See
            :class:`.CreateEnginePlugin` for background.

            .. versionadded:: 1.2.3

        :param query_cache_size: size of the cache used to cache the SQL string
         form of queries.  Set to zero to disable caching.

         The cache is pruned of its least recently used items when its size reaches
         N * 1.5.  Defaults to 500, meaning the cache will always store at least
         500 SQL statements when filled, and will grow up to 750 items at which
         point it is pruned back down to 500 by removing the 250 least recently
         used items.

         Caching is accomplished on a per-statement basis by generating a
         cache key that represents the statement's structure, then generating
         string SQL for the current dialect only if that key is not present
         in the cache.   All statements support caching, however some features
         such as an INSERT with a large set of parameters will intentionally
         bypass the cache.   SQL logging will indicate statistics for each
         statement whether or not it were pull from the cache.

         .. note:: some ORM functions related to unit-of-work persistence as well
            as some attribute loading strategies will make use of individual
            per-mapper caches outside of the main cache.


         .. seealso::

            :ref:`sql_caching`

         .. versionadded:: 1.4

        :param skip_autocommit_rollback: When True, the dialect will
           unconditionally skip all calls to the DBAPI ``connection.rollback()``
           method if the DBAPI connection is confirmed to be in "autocommit" mode.
           The availability of this feature is dialect specific; if not available,
           a ``NotImplementedError`` is raised by the dialect when rollback occurs.

           .. seealso::

                :ref:`dbapi_autocommit_skip_rollback`

           .. versionadded:: 2.0.43

        :param use_insertmanyvalues: True by default, use the "insertmanyvalues"
         execution style for INSERT..RETURNING statements by default.

         .. versionadded:: 2.0

         .. seealso::

            :ref:`engine_insertmanyvalues`

        """  # noqa

        if "strategy" in kwargs:
            strat = kwargs.pop("strategy")
            if strat == "mock":
                # this case is deprecated
                return create_mock_engine(url, **kwargs)  # type: ignore
            else:
                raise exc.ArgumentError("unknown strategy: %r" % strat)

        kwargs.pop("empty_in_strategy", None)

        # create url.URL object
        u = _url.make_url(url)

        u, plugins, kwargs = u._instantiate_plugins(kwargs)

        entrypoint = u._get_entrypoint()
        _is_async = kwargs.pop("_is_async", False)
        if _is_async:
            dialect_cls = entrypoint.get_async_dialect_cls(u)
        else:
            dialect_cls = entrypoint.get_dialect_cls(u)

        if kwargs.pop("_coerce_config", False):

            def pop_kwarg(key: str, default: Optional[Any] = None) -&gt; Any:
                value = kwargs.pop(key, default)
                if key in dialect_cls.engine_config_types:
                    value = dialect_cls.engine_config_types[key](value)
                return value

        else:
            pop_kwarg = kwargs.pop  # type: ignore

        dialect_args = {}
        # consume dialect arguments from kwargs
        for k in util.get_cls_kwargs(dialect_cls):
            if k in kwargs:
                dialect_args[k] = pop_kwarg(k)

        dbapi = kwargs.pop("module", None)
        if dbapi is None:
            dbapi_args = {}

            if "import_dbapi" in dialect_cls.__dict__:
                dbapi_meth = dialect_cls.import_dbapi

            elif hasattr(dialect_cls, "dbapi") and inspect.ismethod(
                dialect_cls.dbapi
            ):
                util.warn_deprecated(
                    "The dbapi() classmethod on dialect classes has been "
                    "renamed to import_dbapi().  Implement an import_dbapi() "
                    f"classmethod directly on class {dialect_cls} to remove this "
                    "warning; the old .dbapi() classmethod may be maintained for "
                    "backwards compatibility.",
                    "2.0",
                )
                dbapi_meth = dialect_cls.dbapi
            else:
                dbapi_meth = dialect_cls.import_dbapi

            for k in util.get_func_kwargs(dbapi_meth):
                if k in kwargs:
                    dbapi_args[k] = pop_kwarg(k)
&gt;           dbapi = dbapi_meth(**dbapi_args)
                    ^^^^^^^^^^^^^^^^^^^^^^^^

/usr/local/lib/python3.11/dist-packages/sqlalchemy/engine/create.py:617:
_ _ _ _ _ _ _ _ _ _ _ _ _ _ _ _ _ _ _ _ _ _ _ _ _ _ _ _ _ _ _ _ _ _ _ _ _ _ _ _

cls = &lt;class 'sqlalchemy.dialects.sqlite.aiosqlite.SQLiteDialect_aiosqlite'&gt;

    @classmethod
    def import_dbapi(cls) -&gt; AsyncAdapt_aiosqlite_dbapi:
        return AsyncAdapt_aiosqlite_dbapi(
&gt;           __import__("aiosqlite"), __import__("sqlite3")
            ^^^^^^^^^^^^^^^^^^^^^^^
        )
E       ModuleNotFoundError: No module named 'aiosqlite'

/usr/local/lib/python3.11/dist-packages/sqlalchemy/dialects/sqlite/aiosqlite.py:449: ModuleNotFoundError</error></testcase><testcase classname="tests.integration.test_repository_db.TestSignalRepository" name="test_mark_executed_not_found" time="0.000"><error message="failed on setup with &quot;ModuleNotFoundError: No module named 'aiosqlite'&quot;">@pytest.fixture(scope="module")
    def async_engine():
        """Module-scoped async engine with tables created once."""
        import asyncio

&gt;       eng = create_async_engine(
            _ASYNC_URL,
            connect_args={"check_same_thread": False},
            poolclass=StaticPool,
        )

tests/integration/test_repository_db.py:78:
_ _ _ _ _ _ _ _ _ _ _ _ _ _ _ _ _ _ _ _ _ _ _ _ _ _ _ _ _ _ _ _ _ _ _ _ _ _ _ _

func = &lt;function create_async_engine at 0x7f8919a142c0&gt;, module = None
args = ('sqlite+aiosqlite:///:memory:',)
kwargs = {'connect_args': {'check_same_thread': False}, 'poolclass': &lt;class 'sqlalchemy.pool.impl.StaticPool'&gt;}

    def _wrap_create_async_engine_internal(func, module, args, kwargs):
        """Trace the SQLAlchemy engine, creating an `EngineTracer`
        object that will listen to SQLAlchemy events.
        """
        if not is_instrumentation_enabled():
            return func(*args, **kwargs)

&gt;       engine = func(*args, **kwargs)
                 ^^^^^^^^^^^^^^^^^^^^^

/usr/local/lib/python3.11/dist-packages/opentelemetry/instrumentation/sqlalchemy/engine.py:139:
_ _ _ _ _ _ _ _ _ _ _ _ _ _ _ _ _ _ _ _ _ _ _ _ _ _ _ _ _ _ _ _ _ _ _ _ _ _ _ _

url = 'sqlite+aiosqlite:///:memory:'
kw = {'_is_async': True, 'connect_args': {'check_same_thread': False}, 'poolclass': &lt;class 'sqlalchemy.pool.impl.StaticPool'&gt;}

    def create_async_engine(url: Union[str, URL], **kw: Any) -&gt; AsyncEngine:
        """Create a new async engine instance.

        Arguments passed to :func:`_asyncio.create_async_engine` are mostly
        identical to those passed to the :func:`_sa.create_engine` function.
        The specified dialect must be an asyncio-compatible dialect
        such as :ref:`dialect-postgresql-asyncpg`.

        .. versionadded:: 1.4

        :param async_creator: an async callable which returns a driver-level
            asyncio connection. If given, the function should take no arguments,
            and return a new asyncio connection from the underlying asyncio
            database driver; the connection will be wrapped in the appropriate
            structures to be used with the :class:`.AsyncEngine`.   Note that the
            parameters specified in the URL are not applied here, and the creator
            function should use its own connection parameters.

            This parameter is the asyncio equivalent of the
            :paramref:`_sa.create_engine.creator` parameter of the
            :func:`_sa.create_engine` function.

            .. versionadded:: 2.0.16

        """

        if kw.get("server_side_cursors", False):
            raise async_exc.AsyncMethodRequired(
                "Can't set server_side_cursors for async engine globally; "
                "use the connection.stream() method for an async "
                "streaming result set"
            )
        kw["_is_async"] = True
        async_creator = kw.pop("async_creator", None)
        if async_creator:
            if kw.get("creator", None):
                raise ArgumentError(
                    "Can only specify one of 'async_creator' or 'creator', "
                    "not both."
                )

            def creator() -&gt; Any:
                # note that to send adapted arguments like
                # prepared_statement_cache_size, user would use
                # "creator" and emulate this form here
                return sync_engine.dialect.dbapi.connect(  # type: ignore
                    async_creator_fn=async_creator
                )

            kw["creator"] = creator
&gt;       sync_engine = _create_engine(url, **kw)
                      ^^^^^^^^^^^^^^^^^^^^^^^^^

/usr/local/lib/python3.11/dist-packages/sqlalchemy/ext/asyncio/engine.py:120:
_ _ _ _ _ _ _ _ _ _ _ _ _ _ _ _ _ _ _ _ _ _ _ _ _ _ _ _ _ _ _ _ _ _ _ _ _ _ _ _

url = 'sqlite+aiosqlite:///:memory:'
kwargs = {'_is_async': True, 'connect_args': {'check_same_thread': False}, 'poolclass': &lt;class 'sqlalchemy.pool.impl.StaticPool'&gt;}

&gt;   ???

&lt;string&gt;:2:
_ _ _ _ _ _ _ _ _ _ _ _ _ _ _ _ _ _ _ _ _ _ _ _ _ _ _ _ _ _ _ _ _ _ _ _ _ _ _ _

fn = &lt;function create_engine at 0x7f8919b2aac0&gt;
args = ('sqlite+aiosqlite:///:memory:',)
kwargs = {'_is_async': True, 'connect_args': {'check_same_thread': False}, 'poolclass': &lt;class 'sqlalchemy.pool.impl.StaticPool'&gt;}
m = 'implicit_returning'

    @decorator
    def warned(fn: _F, *args: Any, **kwargs: Any) -&gt; _F:
        for m in check_defaults:
            if (defaults[m] is None and kwargs[m] is not None) or (
                defaults[m] is not None and kwargs[m] != defaults[m]
            ):
                _warn_with_version(
                    messages[m],
                    versions[m],
                    version_warnings[m],
                    stacklevel=3,
                )

        if check_any_kw in messages and set(kwargs).difference(
            check_defaults
        ):
            assert check_any_kw is not None
            _warn_with_version(
                messages[check_any_kw],
                versions[check_any_kw],
                version_warnings[check_any_kw],
                stacklevel=3,
            )

        for m in check_kw:
            if m in kwargs:
                _warn_with_version(
                    messages[m],
                    versions[m],
                    version_warnings[m],
                    stacklevel=3,
                )
&gt;       return fn(*args, **kwargs)  # type: ignore[no-any-return]
               ^^^^^^^^^^^^^^^^^^^

/usr/local/lib/python3.11/dist-packages/sqlalchemy/util/deprecations.py:281:
_ _ _ _ _ _ _ _ _ _ _ _ _ _ _ _ _ _ _ _ _ _ _ _ _ _ _ _ _ _ _ _ _ _ _ _ _ _ _ _

url = 'sqlite+aiosqlite:///:memory:'
kwargs = {'connect_args': {'check_same_thread': False}, 'poolclass': &lt;class 'sqlalchemy.pool.impl.StaticPool'&gt;}
u = sqlite+aiosqlite:///:memory:, plugins = []
entrypoint = &lt;class 'sqlalchemy.dialects.sqlite.aiosqlite.SQLiteDialect_aiosqlite'&gt;
_is_async = True
pop_kwarg = &lt;built-in method pop of dict object at 0x7f881f8be200&gt;
dialect_args = {}

    @util.deprecated_params(
        strategy=(
            "1.4",
            "The :paramref:`_sa.create_engine.strategy` keyword is deprecated, "
            "and the only argument accepted is 'mock'; please use "
            ":func:`.create_mock_engine` going forward.  For general "
            "customization of create_engine which may have been accomplished "
            "using strategies, see :class:`.CreateEnginePlugin`.",
        ),
        empty_in_strategy=(
            "1.4",
            "The :paramref:`_sa.create_engine.empty_in_strategy` keyword is "
            "deprecated, and no longer has any effect.  All IN expressions "
            "are now rendered using "
            'the "expanding parameter" strategy which renders a set of bound'
            'expressions, or an "empty set" SELECT, at statement execution'
            "time.",
        ),
        implicit_returning=(
            "2.0",
            "The :paramref:`_sa.create_engine.implicit_returning` parameter "
            "is deprecated and will be removed in a future release. ",
        ),
    )
    def create_engine(url: Union[str, _url.URL], **kwargs: Any) -&gt; Engine:
        """Create a new :class:`_engine.Engine` instance.

        The standard calling form is to send the :ref:`URL &lt;database_urls&gt;` as the
        first positional argument, usually a string
        that indicates database dialect and connection arguments::

            engine = create_engine("postgresql+psycopg2://scott:tiger@localhost/test")

        .. note::

            Please review :ref:`database_urls` for general guidelines in composing
            URL strings.  In particular, special characters, such as those often
            part of passwords, must be URL encoded to be properly parsed.

        Additional keyword arguments may then follow it which
        establish various options on the resulting :class:`_engine.Engine`
        and its underlying :class:`.Dialect` and :class:`_pool.Pool`
        constructs::

            engine = create_engine(
                "mysql+mysqldb://scott:tiger@hostname/dbname",
                pool_recycle=3600,
                echo=True,
            )

        The string form of the URL is
        ``dialect[+driver]://user:password@host/dbname[?key=value..]``, where
        ``dialect`` is a database name such as ``mysql``, ``oracle``,
        ``postgresql``, etc., and ``driver`` the name of a DBAPI, such as
        ``psycopg2``, ``pyodbc``, ``cx_oracle``, etc.  Alternatively,
        the URL can be an instance of :class:`~sqlalchemy.engine.url.URL`.

        ``**kwargs`` takes a wide variety of options which are routed
        towards their appropriate components.  Arguments may be specific to
        the :class:`_engine.Engine`, the underlying :class:`.Dialect`,
        as well as the
        :class:`_pool.Pool`.  Specific dialects also accept keyword arguments that
        are unique to that dialect.   Here, we describe the parameters
        that are common to most :func:`_sa.create_engine()` usage.

        Once established, the newly resulting :class:`_engine.Engine` will
        request a connection from the underlying :class:`_pool.Pool` once
        :meth:`_engine.Engine.connect` is called, or a method which depends on it
        such as :meth:`_engine.Engine.execute` is invoked.   The
        :class:`_pool.Pool` in turn
        will establish the first actual DBAPI connection when this request
        is received.   The :func:`_sa.create_engine` call itself does **not**
        establish any actual DBAPI connections directly.

        .. seealso::

            :doc:`/core/engines`

            :doc:`/dialects/index`

            :ref:`connections_toplevel`

        :param connect_args: a dictionary of options which will be
            passed directly to the DBAPI's ``connect()`` method as
            additional keyword arguments.  See the example
            at :ref:`custom_dbapi_args`.

        :param creator: a callable which returns a DBAPI connection.
            This creation function will be passed to the underlying
            connection pool and will be used to create all new database
            connections. Usage of this function causes connection
            parameters specified in the URL argument to be bypassed.

            This hook is not as flexible as the newer
            :meth:`_events.DialectEvents.do_connect` hook which allows complete
            control over how a connection is made to the database, given the full
            set of URL arguments and state beforehand.

            .. seealso::

                :meth:`_events.DialectEvents.do_connect` - event hook that allows
                full control over DBAPI connection mechanics.

                :ref:`custom_dbapi_args`

        :param echo=False: if True, the Engine will log all statements
            as well as a ``repr()`` of their parameter lists to the default log
            handler, which defaults to ``sys.stdout`` for output.   If set to the
            string ``"debug"``, result rows will be printed to the standard output
            as well. The ``echo`` attribute of ``Engine`` can be modified at any
            time to turn logging on and off; direct control of logging is also
            available using the standard Python ``logging`` module.

            .. seealso::

                :ref:`dbengine_logging` - further detail on how to configure
                logging.


        :param echo_pool=False: if True, the connection pool will log
            informational output such as when connections are invalidated
            as well as when connections are recycled to the default log handler,
            which defaults to ``sys.stdout`` for output.   If set to the string
            ``"debug"``, the logging will include pool checkouts and checkins.
            Direct control of logging is also available using the standard Python
            ``logging`` module.

            .. seealso::

                :ref:`dbengine_logging` - further detail on how to configure
                logging.


        :param empty_in_strategy:   No longer used; SQLAlchemy now uses
            "empty set" behavior for IN in all cases.

        :param enable_from_linting: defaults to True.  Will emit a warning
            if a given SELECT statement is found to have un-linked FROM elements
            which would cause a cartesian product.

            .. versionadded:: 1.4

            .. seealso::

                :ref:`change_4737`

        :param execution_options: Dictionary execution options which will
            be applied to all connections.  See
            :meth:`~sqlalchemy.engine.Connection.execution_options`

        :param future: Use the 2.0 style :class:`_engine.Engine` and
            :class:`_engine.Connection` API.

            As of SQLAlchemy 2.0, this parameter is present for backwards
            compatibility only and must remain at its default value of ``True``.

            The :paramref:`_sa.create_engine.future` parameter will be
            deprecated in a subsequent 2.x release and eventually removed.

            .. versionadded:: 1.4

            .. versionchanged:: 2.0 All :class:`_engine.Engine` objects are
               "future" style engines and there is no longer a ``future=False``
               mode of operation.

            .. seealso::

                :ref:`migration_20_toplevel`

        :param hide_parameters: Boolean, when set to True, SQL statement parameters
            will not be displayed in INFO logging nor will they be formatted into
            the string representation of :class:`.StatementError` objects.

            .. versionadded:: 1.3.8

            .. seealso::

                :ref:`dbengine_logging` - further detail on how to configure
                logging.

        :param implicit_returning=True:  Legacy parameter that may only be set
            to True. In SQLAlchemy 2.0, this parameter does nothing. In order to
            disable "implicit returning" for statements invoked by the ORM,
            configure this on a per-table basis using the
            :paramref:`.Table.implicit_returning` parameter.


        :param insertmanyvalues_page_size: number of rows to format into an
         INSERT statement when the statement uses "insertmanyvalues" mode, which is
         a paged form of bulk insert that is used for many backends when using
         :term:`executemany` execution typically in conjunction with RETURNING.
         Defaults to 1000, but may also be subject to dialect-specific limiting
         factors which may override this value on a per-statement basis.

         .. versionadded:: 2.0

         .. seealso::

            :ref:`engine_insertmanyvalues`

            :ref:`engine_insertmanyvalues_page_size`

            :paramref:`_engine.Connection.execution_options.insertmanyvalues_page_size`

        :param isolation_level: optional string name of an isolation level
            which will be set on all new connections unconditionally.
            Isolation levels are typically some subset of the string names
            ``"SERIALIZABLE"``, ``"REPEATABLE READ"``,
            ``"READ COMMITTED"``, ``"READ UNCOMMITTED"`` and ``"AUTOCOMMIT"``
            based on backend.

            The :paramref:`_sa.create_engine.isolation_level` parameter is
            in contrast to the
            :paramref:`.Connection.execution_options.isolation_level`
            execution option, which may be set on an individual
            :class:`.Connection`, as well as the same parameter passed to
            :meth:`.Engine.execution_options`, where it may be used to create
            multiple engines with different isolation levels that share a common
            connection pool and dialect.

            .. versionchanged:: 2.0 The
               :paramref:`_sa.create_engine.isolation_level`
               parameter has been generalized to work on all dialects which support
               the concept of isolation level, and is provided as a more succinct,
               up front configuration switch in contrast to the execution option
               which is more of an ad-hoc programmatic option.

            .. seealso::

                :ref:`dbapi_autocommit`

        :param json_deserializer: for dialects that support the
            :class:`_types.JSON`
            datatype, this is a Python callable that will convert a JSON string
            to a Python object.  By default, the Python ``json.loads`` function is
            used.

            .. versionchanged:: 1.3.7  The SQLite dialect renamed this from
               ``_json_deserializer``.

        :param json_serializer: for dialects that support the :class:`_types.JSON`
            datatype, this is a Python callable that will render a given object
            as JSON.   By default, the Python ``json.dumps`` function is used.

            .. versionchanged:: 1.3.7  The SQLite dialect renamed this from
               ``_json_serializer``.


        :param label_length=None: optional integer value which limits
            the size of dynamically generated column labels to that many
            characters. If less than 6, labels are generated as
            "_(counter)". If ``None``, the value of
            ``dialect.max_identifier_length``, which may be affected via the
            :paramref:`_sa.create_engine.max_identifier_length` parameter,
            is used instead.   The value of
            :paramref:`_sa.create_engine.label_length`
            may not be larger than that of
            :paramref:`_sa.create_engine.max_identfier_length`.

            .. seealso::

                :paramref:`_sa.create_engine.max_identifier_length`

        :param logging_name:  String identifier which will be used within
            the "name" field of logging records generated within the
            "sqlalchemy.engine" logger. Defaults to a hexstring of the
            object's id.

            .. seealso::

                :ref:`dbengine_logging` - further detail on how to configure
                logging.

                :paramref:`_engine.Connection.execution_options.logging_token`

        :param max_identifier_length: integer; override the max_identifier_length
            determined by the dialect.  if ``None`` or zero, has no effect.  This
            is the database's configured maximum number of characters that may be
            used in a SQL identifier such as a table name, column name, or label
            name. All dialects determine this value automatically, however in the
            case of a new database version for which this value has changed but
            SQLAlchemy's dialect has not been adjusted, the value may be passed
            here.

            .. versionadded:: 1.3.9

            .. seealso::

                :paramref:`_sa.create_engine.label_length`

        :param max_overflow=10: the number of connections to allow in
            connection pool "overflow", that is connections that can be
            opened above and beyond the pool_size setting, which defaults
            to five. this is only used with :class:`~sqlalchemy.pool.QueuePool`.

        :param module=None: reference to a Python module object (the module
            itself, not its string name).  Specifies an alternate DBAPI module to
            be used by the engine's dialect.  Each sub-dialect references a
            specific DBAPI which will be imported before first connect.  This
            parameter causes the import to be bypassed, and the given module to
            be used instead. Can be used for testing of DBAPIs as well as to
            inject "mock" DBAPI implementations into the :class:`_engine.Engine`.

        :param paramstyle=None: The `paramstyle &lt;https://legacy.python.org/dev/peps/pep-0249/#paramstyle&gt;`_
            to use when rendering bound parameters.  This style defaults to the
            one recommended by the DBAPI itself, which is retrieved from the
            ``.paramstyle`` attribute of the DBAPI.  However, most DBAPIs accept
            more than one paramstyle, and in particular it may be desirable
            to change a "named" paramstyle into a "positional" one, or vice versa.
            When this attribute is passed, it should be one of the values
            ``"qmark"``, ``"numeric"``, ``"named"``, ``"format"`` or
            ``"pyformat"``, and should correspond to a parameter style known
            to be supported by the DBAPI in use.

        :param pool=None: an already-constructed instance of
            :class:`~sqlalchemy.pool.Pool`, such as a
            :class:`~sqlalchemy.pool.QueuePool` instance. If non-None, this
            pool will be used directly as the underlying connection pool
            for the engine, bypassing whatever connection parameters are
            present in the URL argument. For information on constructing
            connection pools manually, see :ref:`pooling_toplevel`.

        :param poolclass=None: a :class:`~sqlalchemy.pool.Pool`
            subclass, which will be used to create a connection pool
            instance using the connection parameters given in the URL. Note
            this differs from ``pool`` in that you don't actually
            instantiate the pool in this case, you just indicate what type
            of pool to be used.

        :param pool_logging_name:  String identifier which will be used within
           the "name" field of logging records generated within the
           "sqlalchemy.pool" logger. Defaults to a hexstring of the object's
           id.

           .. seealso::

                :ref:`dbengine_logging` - further detail on how to configure
                logging.

        :param pool_pre_ping: boolean, if True will enable the connection pool
            "pre-ping" feature that tests connections for liveness upon
            each checkout.

            .. versionadded:: 1.2

            .. seealso::

                :ref:`pool_disconnects_pessimistic`

        :param pool_size=5: the number of connections to keep open
            inside the connection pool. This used with
            :class:`~sqlalchemy.pool.QueuePool` as
            well as :class:`~sqlalchemy.pool.SingletonThreadPool`.  With
            :class:`~sqlalchemy.pool.QueuePool`, a ``pool_size`` setting
            of 0 indicates no limit; to disable pooling, set ``poolclass`` to
            :class:`~sqlalchemy.pool.NullPool` instead.

        :param pool_recycle=-1: this setting causes the pool to recycle
            connections after the given number of seconds has passed. It
            defaults to -1, or no timeout. For example, setting to 3600
            means connections will be recycled after one hour. Note that
            MySQL in particular will disconnect automatically if no
            activity is detected on a connection for eight hours (although
            this is configurable with the MySQLDB connection itself and the
            server configuration as well).

            .. seealso::

                :ref:`pool_setting_recycle`

        :param pool_reset_on_return='rollback': set the
            :paramref:`_pool.Pool.reset_on_return` parameter of the underlying
            :class:`_pool.Pool` object, which can be set to the values
            ``"rollback"``, ``"commit"``, or ``None``.

            .. seealso::

                :ref:`pool_reset_on_return`

                :ref:`dbapi_autocommit_skip_rollback` - a more modern approach
                to using connections with no transactional instructions

        :param pool_timeout=30: number of seconds to wait before giving
            up on getting a connection from the pool. This is only used
            with :class:`~sqlalchemy.pool.QueuePool`. This can be a float but is
            subject to the limitations of Python time functions which may not be
            reliable in the tens of milliseconds.

            .. note: don't use 30.0 above, it seems to break with the :param tag

        :param pool_use_lifo=False: use LIFO (last-in-first-out) when retrieving
            connections from :class:`.QueuePool` instead of FIFO
            (first-in-first-out). Using LIFO, a server-side timeout scheme can
            reduce the number of connections used during non- peak   periods of
            use.   When planning for server-side timeouts, ensure that a recycle or
            pre-ping strategy is in use to gracefully   handle stale connections.

              .. versionadded:: 1.3

              .. seealso::

                :ref:`pool_use_lifo`

                :ref:`pool_disconnects`

        :param plugins: string list of plugin names to load.  See
            :class:`.CreateEnginePlugin` for background.

            .. versionadded:: 1.2.3

        :param query_cache_size: size of the cache used to cache the SQL string
         form of queries.  Set to zero to disable caching.

         The cache is pruned of its least recently used items when its size reaches
         N * 1.5.  Defaults to 500, meaning the cache will always store at least
         500 SQL statements when filled, and will grow up to 750 items at which
         point it is pruned back down to 500 by removing the 250 least recently
         used items.

         Caching is accomplished on a per-statement basis by generating a
         cache key that represents the statement's structure, then generating
         string SQL for the current dialect only if that key is not present
         in the cache.   All statements support caching, however some features
         such as an INSERT with a large set of parameters will intentionally
         bypass the cache.   SQL logging will indicate statistics for each
         statement whether or not it were pull from the cache.

         .. note:: some ORM functions related to unit-of-work persistence as well
            as some attribute loading strategies will make use of individual
            per-mapper caches outside of the main cache.


         .. seealso::

            :ref:`sql_caching`

         .. versionadded:: 1.4

        :param skip_autocommit_rollback: When True, the dialect will
           unconditionally skip all calls to the DBAPI ``connection.rollback()``
           method if the DBAPI connection is confirmed to be in "autocommit" mode.
           The availability of this feature is dialect specific; if not available,
           a ``NotImplementedError`` is raised by the dialect when rollback occurs.

           .. seealso::

                :ref:`dbapi_autocommit_skip_rollback`

           .. versionadded:: 2.0.43

        :param use_insertmanyvalues: True by default, use the "insertmanyvalues"
         execution style for INSERT..RETURNING statements by default.

         .. versionadded:: 2.0

         .. seealso::

            :ref:`engine_insertmanyvalues`

        """  # noqa

        if "strategy" in kwargs:
            strat = kwargs.pop("strategy")
            if strat == "mock":
                # this case is deprecated
                return create_mock_engine(url, **kwargs)  # type: ignore
            else:
                raise exc.ArgumentError("unknown strategy: %r" % strat)

        kwargs.pop("empty_in_strategy", None)

        # create url.URL object
        u = _url.make_url(url)

        u, plugins, kwargs = u._instantiate_plugins(kwargs)

        entrypoint = u._get_entrypoint()
        _is_async = kwargs.pop("_is_async", False)
        if _is_async:
            dialect_cls = entrypoint.get_async_dialect_cls(u)
        else:
            dialect_cls = entrypoint.get_dialect_cls(u)

        if kwargs.pop("_coerce_config", False):

            def pop_kwarg(key: str, default: Optional[Any] = None) -&gt; Any:
                value = kwargs.pop(key, default)
                if key in dialect_cls.engine_config_types:
                    value = dialect_cls.engine_config_types[key](value)
                return value

        else:
            pop_kwarg = kwargs.pop  # type: ignore

        dialect_args = {}
        # consume dialect arguments from kwargs
        for k in util.get_cls_kwargs(dialect_cls):
            if k in kwargs:
                dialect_args[k] = pop_kwarg(k)

        dbapi = kwargs.pop("module", None)
        if dbapi is None:
            dbapi_args = {}

            if "import_dbapi" in dialect_cls.__dict__:
                dbapi_meth = dialect_cls.import_dbapi

            elif hasattr(dialect_cls, "dbapi") and inspect.ismethod(
                dialect_cls.dbapi
            ):
                util.warn_deprecated(
                    "The dbapi() classmethod on dialect classes has been "
                    "renamed to import_dbapi().  Implement an import_dbapi() "
                    f"classmethod directly on class {dialect_cls} to remove this "
                    "warning; the old .dbapi() classmethod may be maintained for "
                    "backwards compatibility.",
                    "2.0",
                )
                dbapi_meth = dialect_cls.dbapi
            else:
                dbapi_meth = dialect_cls.import_dbapi

            for k in util.get_func_kwargs(dbapi_meth):
                if k in kwargs:
                    dbapi_args[k] = pop_kwarg(k)
&gt;           dbapi = dbapi_meth(**dbapi_args)
                    ^^^^^^^^^^^^^^^^^^^^^^^^

/usr/local/lib/python3.11/dist-packages/sqlalchemy/engine/create.py:617:
_ _ _ _ _ _ _ _ _ _ _ _ _ _ _ _ _ _ _ _ _ _ _ _ _ _ _ _ _ _ _ _ _ _ _ _ _ _ _ _

cls = &lt;class 'sqlalchemy.dialects.sqlite.aiosqlite.SQLiteDialect_aiosqlite'&gt;

    @classmethod
    def import_dbapi(cls) -&gt; AsyncAdapt_aiosqlite_dbapi:
        return AsyncAdapt_aiosqlite_dbapi(
&gt;           __import__("aiosqlite"), __import__("sqlite3")
            ^^^^^^^^^^^^^^^^^^^^^^^
        )
E       ModuleNotFoundError: No module named 'aiosqlite'

/usr/local/lib/python3.11/dist-packages/sqlalchemy/dialects/sqlite/aiosqlite.py:449: ModuleNotFoundError</error></testcase><testcase classname="tests.integration.test_repository_db.TestSignalRepository" name="test_get_recent_by_symbol" time="0.001"><error message="failed on setup with &quot;ModuleNotFoundError: No module named 'aiosqlite'&quot;">@pytest.fixture(scope="module")
    def async_engine():
        """Module-scoped async engine with tables created once."""
        import asyncio

&gt;       eng = create_async_engine(
            _ASYNC_URL,
            connect_args={"check_same_thread": False},
            poolclass=StaticPool,
        )

tests/integration/test_repository_db.py:78:
_ _ _ _ _ _ _ _ _ _ _ _ _ _ _ _ _ _ _ _ _ _ _ _ _ _ _ _ _ _ _ _ _ _ _ _ _ _ _ _

func = &lt;function create_async_engine at 0x7f8919a142c0&gt;, module = None
args = ('sqlite+aiosqlite:///:memory:',)
kwargs = {'connect_args': {'check_same_thread': False}, 'poolclass': &lt;class 'sqlalchemy.pool.impl.StaticPool'&gt;}

    def _wrap_create_async_engine_internal(func, module, args, kwargs):
        """Trace the SQLAlchemy engine, creating an `EngineTracer`
        object that will listen to SQLAlchemy events.
        """
        if not is_instrumentation_enabled():
            return func(*args, **kwargs)

&gt;       engine = func(*args, **kwargs)
                 ^^^^^^^^^^^^^^^^^^^^^

/usr/local/lib/python3.11/dist-packages/opentelemetry/instrumentation/sqlalchemy/engine.py:139:
_ _ _ _ _ _ _ _ _ _ _ _ _ _ _ _ _ _ _ _ _ _ _ _ _ _ _ _ _ _ _ _ _ _ _ _ _ _ _ _

url = 'sqlite+aiosqlite:///:memory:'
kw = {'_is_async': True, 'connect_args': {'check_same_thread': False}, 'poolclass': &lt;class 'sqlalchemy.pool.impl.StaticPool'&gt;}

    def create_async_engine(url: Union[str, URL], **kw: Any) -&gt; AsyncEngine:
        """Create a new async engine instance.

        Arguments passed to :func:`_asyncio.create_async_engine` are mostly
        identical to those passed to the :func:`_sa.create_engine` function.
        The specified dialect must be an asyncio-compatible dialect
        such as :ref:`dialect-postgresql-asyncpg`.

        .. versionadded:: 1.4

        :param async_creator: an async callable which returns a driver-level
            asyncio connection. If given, the function should take no arguments,
            and return a new asyncio connection from the underlying asyncio
            database driver; the connection will be wrapped in the appropriate
            structures to be used with the :class:`.AsyncEngine`.   Note that the
            parameters specified in the URL are not applied here, and the creator
            function should use its own connection parameters.

            This parameter is the asyncio equivalent of the
            :paramref:`_sa.create_engine.creator` parameter of the
            :func:`_sa.create_engine` function.

            .. versionadded:: 2.0.16

        """

        if kw.get("server_side_cursors", False):
            raise async_exc.AsyncMethodRequired(
                "Can't set server_side_cursors for async engine globally; "
                "use the connection.stream() method for an async "
                "streaming result set"
            )
        kw["_is_async"] = True
        async_creator = kw.pop("async_creator", None)
        if async_creator:
            if kw.get("creator", None):
                raise ArgumentError(
                    "Can only specify one of 'async_creator' or 'creator', "
                    "not both."
                )

            def creator() -&gt; Any:
                # note that to send adapted arguments like
                # prepared_statement_cache_size, user would use
                # "creator" and emulate this form here
                return sync_engine.dialect.dbapi.connect(  # type: ignore
                    async_creator_fn=async_creator
                )

            kw["creator"] = creator
&gt;       sync_engine = _create_engine(url, **kw)
                      ^^^^^^^^^^^^^^^^^^^^^^^^^

/usr/local/lib/python3.11/dist-packages/sqlalchemy/ext/asyncio/engine.py:120:
_ _ _ _ _ _ _ _ _ _ _ _ _ _ _ _ _ _ _ _ _ _ _ _ _ _ _ _ _ _ _ _ _ _ _ _ _ _ _ _

url = 'sqlite+aiosqlite:///:memory:'
kwargs = {'_is_async': True, 'connect_args': {'check_same_thread': False}, 'poolclass': &lt;class 'sqlalchemy.pool.impl.StaticPool'&gt;}

&gt;   ???

&lt;string&gt;:2:
_ _ _ _ _ _ _ _ _ _ _ _ _ _ _ _ _ _ _ _ _ _ _ _ _ _ _ _ _ _ _ _ _ _ _ _ _ _ _ _

fn = &lt;function create_engine at 0x7f8919b2aac0&gt;
args = ('sqlite+aiosqlite:///:memory:',)
kwargs = {'_is_async': True, 'connect_args': {'check_same_thread': False}, 'poolclass': &lt;class 'sqlalchemy.pool.impl.StaticPool'&gt;}
m = 'implicit_returning'

    @decorator
    def warned(fn: _F, *args: Any, **kwargs: Any) -&gt; _F:
        for m in check_defaults:
            if (defaults[m] is None and kwargs[m] is not None) or (
                defaults[m] is not None and kwargs[m] != defaults[m]
            ):
                _warn_with_version(
                    messages[m],
                    versions[m],
                    version_warnings[m],
                    stacklevel=3,
                )

        if check_any_kw in messages and set(kwargs).difference(
            check_defaults
        ):
            assert check_any_kw is not None
            _warn_with_version(
                messages[check_any_kw],
                versions[check_any_kw],
                version_warnings[check_any_kw],
                stacklevel=3,
            )

        for m in check_kw:
            if m in kwargs:
                _warn_with_version(
                    messages[m],
                    versions[m],
                    version_warnings[m],
                    stacklevel=3,
                )
&gt;       return fn(*args, **kwargs)  # type: ignore[no-any-return]
               ^^^^^^^^^^^^^^^^^^^

/usr/local/lib/python3.11/dist-packages/sqlalchemy/util/deprecations.py:281:
_ _ _ _ _ _ _ _ _ _ _ _ _ _ _ _ _ _ _ _ _ _ _ _ _ _ _ _ _ _ _ _ _ _ _ _ _ _ _ _

url = 'sqlite+aiosqlite:///:memory:'
kwargs = {'connect_args': {'check_same_thread': False}, 'poolclass': &lt;class 'sqlalchemy.pool.impl.StaticPool'&gt;}
u = sqlite+aiosqlite:///:memory:, plugins = []
entrypoint = &lt;class 'sqlalchemy.dialects.sqlite.aiosqlite.SQLiteDialect_aiosqlite'&gt;
_is_async = True
pop_kwarg = &lt;built-in method pop of dict object at 0x7f881f8be200&gt;
dialect_args = {}

    @util.deprecated_params(
        strategy=(
            "1.4",
            "The :paramref:`_sa.create_engine.strategy` keyword is deprecated, "
            "and the only argument accepted is 'mock'; please use "
            ":func:`.create_mock_engine` going forward.  For general "
            "customization of create_engine which may have been accomplished "
            "using strategies, see :class:`.CreateEnginePlugin`.",
        ),
        empty_in_strategy=(
            "1.4",
            "The :paramref:`_sa.create_engine.empty_in_strategy` keyword is "
            "deprecated, and no longer has any effect.  All IN expressions "
            "are now rendered using "
            'the "expanding parameter" strategy which renders a set of bound'
            'expressions, or an "empty set" SELECT, at statement execution'
            "time.",
        ),
        implicit_returning=(
            "2.0",
            "The :paramref:`_sa.create_engine.implicit_returning` parameter "
            "is deprecated and will be removed in a future release. ",
        ),
    )
    def create_engine(url: Union[str, _url.URL], **kwargs: Any) -&gt; Engine:
        """Create a new :class:`_engine.Engine` instance.

        The standard calling form is to send the :ref:`URL &lt;database_urls&gt;` as the
        first positional argument, usually a string
        that indicates database dialect and connection arguments::

            engine = create_engine("postgresql+psycopg2://scott:tiger@localhost/test")

        .. note::

            Please review :ref:`database_urls` for general guidelines in composing
            URL strings.  In particular, special characters, such as those often
            part of passwords, must be URL encoded to be properly parsed.

        Additional keyword arguments may then follow it which
        establish various options on the resulting :class:`_engine.Engine`
        and its underlying :class:`.Dialect` and :class:`_pool.Pool`
        constructs::

            engine = create_engine(
                "mysql+mysqldb://scott:tiger@hostname/dbname",
                pool_recycle=3600,
                echo=True,
            )

        The string form of the URL is
        ``dialect[+driver]://user:password@host/dbname[?key=value..]``, where
        ``dialect`` is a database name such as ``mysql``, ``oracle``,
        ``postgresql``, etc., and ``driver`` the name of a DBAPI, such as
        ``psycopg2``, ``pyodbc``, ``cx_oracle``, etc.  Alternatively,
        the URL can be an instance of :class:`~sqlalchemy.engine.url.URL`.

        ``**kwargs`` takes a wide variety of options which are routed
        towards their appropriate components.  Arguments may be specific to
        the :class:`_engine.Engine`, the underlying :class:`.Dialect`,
        as well as the
        :class:`_pool.Pool`.  Specific dialects also accept keyword arguments that
        are unique to that dialect.   Here, we describe the parameters
        that are common to most :func:`_sa.create_engine()` usage.

        Once established, the newly resulting :class:`_engine.Engine` will
        request a connection from the underlying :class:`_pool.Pool` once
        :meth:`_engine.Engine.connect` is called, or a method which depends on it
        such as :meth:`_engine.Engine.execute` is invoked.   The
        :class:`_pool.Pool` in turn
        will establish the first actual DBAPI connection when this request
        is received.   The :func:`_sa.create_engine` call itself does **not**
        establish any actual DBAPI connections directly.

        .. seealso::

            :doc:`/core/engines`

            :doc:`/dialects/index`

            :ref:`connections_toplevel`

        :param connect_args: a dictionary of options which will be
            passed directly to the DBAPI's ``connect()`` method as
            additional keyword arguments.  See the example
            at :ref:`custom_dbapi_args`.

        :param creator: a callable which returns a DBAPI connection.
            This creation function will be passed to the underlying
            connection pool and will be used to create all new database
            connections. Usage of this function causes connection
            parameters specified in the URL argument to be bypassed.

            This hook is not as flexible as the newer
            :meth:`_events.DialectEvents.do_connect` hook which allows complete
            control over how a connection is made to the database, given the full
            set of URL arguments and state beforehand.

            .. seealso::

                :meth:`_events.DialectEvents.do_connect` - event hook that allows
                full control over DBAPI connection mechanics.

                :ref:`custom_dbapi_args`

        :param echo=False: if True, the Engine will log all statements
            as well as a ``repr()`` of their parameter lists to the default log
            handler, which defaults to ``sys.stdout`` for output.   If set to the
            string ``"debug"``, result rows will be printed to the standard output
            as well. The ``echo`` attribute of ``Engine`` can be modified at any
            time to turn logging on and off; direct control of logging is also
            available using the standard Python ``logging`` module.

            .. seealso::

                :ref:`dbengine_logging` - further detail on how to configure
                logging.


        :param echo_pool=False: if True, the connection pool will log
            informational output such as when connections are invalidated
            as well as when connections are recycled to the default log handler,
            which defaults to ``sys.stdout`` for output.   If set to the string
            ``"debug"``, the logging will include pool checkouts and checkins.
            Direct control of logging is also available using the standard Python
            ``logging`` module.

            .. seealso::

                :ref:`dbengine_logging` - further detail on how to configure
                logging.


        :param empty_in_strategy:   No longer used; SQLAlchemy now uses
            "empty set" behavior for IN in all cases.

        :param enable_from_linting: defaults to True.  Will emit a warning
            if a given SELECT statement is found to have un-linked FROM elements
            which would cause a cartesian product.

            .. versionadded:: 1.4

            .. seealso::

                :ref:`change_4737`

        :param execution_options: Dictionary execution options which will
            be applied to all connections.  See
            :meth:`~sqlalchemy.engine.Connection.execution_options`

        :param future: Use the 2.0 style :class:`_engine.Engine` and
            :class:`_engine.Connection` API.

            As of SQLAlchemy 2.0, this parameter is present for backwards
            compatibility only and must remain at its default value of ``True``.

            The :paramref:`_sa.create_engine.future` parameter will be
            deprecated in a subsequent 2.x release and eventually removed.

            .. versionadded:: 1.4

            .. versionchanged:: 2.0 All :class:`_engine.Engine` objects are
               "future" style engines and there is no longer a ``future=False``
               mode of operation.

            .. seealso::

                :ref:`migration_20_toplevel`

        :param hide_parameters: Boolean, when set to True, SQL statement parameters
            will not be displayed in INFO logging nor will they be formatted into
            the string representation of :class:`.StatementError` objects.

            .. versionadded:: 1.3.8

            .. seealso::

                :ref:`dbengine_logging` - further detail on how to configure
                logging.

        :param implicit_returning=True:  Legacy parameter that may only be set
            to True. In SQLAlchemy 2.0, this parameter does nothing. In order to
            disable "implicit returning" for statements invoked by the ORM,
            configure this on a per-table basis using the
            :paramref:`.Table.implicit_returning` parameter.


        :param insertmanyvalues_page_size: number of rows to format into an
         INSERT statement when the statement uses "insertmanyvalues" mode, which is
         a paged form of bulk insert that is used for many backends when using
         :term:`executemany` execution typically in conjunction with RETURNING.
         Defaults to 1000, but may also be subject to dialect-specific limiting
         factors which may override this value on a per-statement basis.

         .. versionadded:: 2.0

         .. seealso::

            :ref:`engine_insertmanyvalues`

            :ref:`engine_insertmanyvalues_page_size`

            :paramref:`_engine.Connection.execution_options.insertmanyvalues_page_size`

        :param isolation_level: optional string name of an isolation level
            which will be set on all new connections unconditionally.
            Isolation levels are typically some subset of the string names
            ``"SERIALIZABLE"``, ``"REPEATABLE READ"``,
            ``"READ COMMITTED"``, ``"READ UNCOMMITTED"`` and ``"AUTOCOMMIT"``
            based on backend.

            The :paramref:`_sa.create_engine.isolation_level` parameter is
            in contrast to the
            :paramref:`.Connection.execution_options.isolation_level`
            execution option, which may be set on an individual
            :class:`.Connection`, as well as the same parameter passed to
            :meth:`.Engine.execution_options`, where it may be used to create
            multiple engines with different isolation levels that share a common
            connection pool and dialect.

            .. versionchanged:: 2.0 The
               :paramref:`_sa.create_engine.isolation_level`
               parameter has been generalized to work on all dialects which support
               the concept of isolation level, and is provided as a more succinct,
               up front configuration switch in contrast to the execution option
               which is more of an ad-hoc programmatic option.

            .. seealso::

                :ref:`dbapi_autocommit`

        :param json_deserializer: for dialects that support the
            :class:`_types.JSON`
            datatype, this is a Python callable that will convert a JSON string
            to a Python object.  By default, the Python ``json.loads`` function is
            used.

            .. versionchanged:: 1.3.7  The SQLite dialect renamed this from
               ``_json_deserializer``.

        :param json_serializer: for dialects that support the :class:`_types.JSON`
            datatype, this is a Python callable that will render a given object
            as JSON.   By default, the Python ``json.dumps`` function is used.

            .. versionchanged:: 1.3.7  The SQLite dialect renamed this from
               ``_json_serializer``.


        :param label_length=None: optional integer value which limits
            the size of dynamically generated column labels to that many
            characters. If less than 6, labels are generated as
            "_(counter)". If ``None``, the value of
            ``dialect.max_identifier_length``, which may be affected via the
            :paramref:`_sa.create_engine.max_identifier_length` parameter,
            is used instead.   The value of
            :paramref:`_sa.create_engine.label_length`
            may not be larger than that of
            :paramref:`_sa.create_engine.max_identfier_length`.

            .. seealso::

                :paramref:`_sa.create_engine.max_identifier_length`

        :param logging_name:  String identifier which will be used within
            the "name" field of logging records generated within the
            "sqlalchemy.engine" logger. Defaults to a hexstring of the
            object's id.

            .. seealso::

                :ref:`dbengine_logging` - further detail on how to configure
                logging.

                :paramref:`_engine.Connection.execution_options.logging_token`

        :param max_identifier_length: integer; override the max_identifier_length
            determined by the dialect.  if ``None`` or zero, has no effect.  This
            is the database's configured maximum number of characters that may be
            used in a SQL identifier such as a table name, column name, or label
            name. All dialects determine this value automatically, however in the
            case of a new database version for which this value has changed but
            SQLAlchemy's dialect has not been adjusted, the value may be passed
            here.

            .. versionadded:: 1.3.9

            .. seealso::

                :paramref:`_sa.create_engine.label_length`

        :param max_overflow=10: the number of connections to allow in
            connection pool "overflow", that is connections that can be
            opened above and beyond the pool_size setting, which defaults
            to five. this is only used with :class:`~sqlalchemy.pool.QueuePool`.

        :param module=None: reference to a Python module object (the module
            itself, not its string name).  Specifies an alternate DBAPI module to
            be used by the engine's dialect.  Each sub-dialect references a
            specific DBAPI which will be imported before first connect.  This
            parameter causes the import to be bypassed, and the given module to
            be used instead. Can be used for testing of DBAPIs as well as to
            inject "mock" DBAPI implementations into the :class:`_engine.Engine`.

        :param paramstyle=None: The `paramstyle &lt;https://legacy.python.org/dev/peps/pep-0249/#paramstyle&gt;`_
            to use when rendering bound parameters.  This style defaults to the
            one recommended by the DBAPI itself, which is retrieved from the
            ``.paramstyle`` attribute of the DBAPI.  However, most DBAPIs accept
            more than one paramstyle, and in particular it may be desirable
            to change a "named" paramstyle into a "positional" one, or vice versa.
            When this attribute is passed, it should be one of the values
            ``"qmark"``, ``"numeric"``, ``"named"``, ``"format"`` or
            ``"pyformat"``, and should correspond to a parameter style known
            to be supported by the DBAPI in use.

        :param pool=None: an already-constructed instance of
            :class:`~sqlalchemy.pool.Pool`, such as a
            :class:`~sqlalchemy.pool.QueuePool` instance. If non-None, this
            pool will be used directly as the underlying connection pool
            for the engine, bypassing whatever connection parameters are
            present in the URL argument. For information on constructing
            connection pools manually, see :ref:`pooling_toplevel`.

        :param poolclass=None: a :class:`~sqlalchemy.pool.Pool`
            subclass, which will be used to create a connection pool
            instance using the connection parameters given in the URL. Note
            this differs from ``pool`` in that you don't actually
            instantiate the pool in this case, you just indicate what type
            of pool to be used.

        :param pool_logging_name:  String identifier which will be used within
           the "name" field of logging records generated within the
           "sqlalchemy.pool" logger. Defaults to a hexstring of the object's
           id.

           .. seealso::

                :ref:`dbengine_logging` - further detail on how to configure
                logging.

        :param pool_pre_ping: boolean, if True will enable the connection pool
            "pre-ping" feature that tests connections for liveness upon
            each checkout.

            .. versionadded:: 1.2

            .. seealso::

                :ref:`pool_disconnects_pessimistic`

        :param pool_size=5: the number of connections to keep open
            inside the connection pool. This used with
            :class:`~sqlalchemy.pool.QueuePool` as
            well as :class:`~sqlalchemy.pool.SingletonThreadPool`.  With
            :class:`~sqlalchemy.pool.QueuePool`, a ``pool_size`` setting
            of 0 indicates no limit; to disable pooling, set ``poolclass`` to
            :class:`~sqlalchemy.pool.NullPool` instead.

        :param pool_recycle=-1: this setting causes the pool to recycle
            connections after the given number of seconds has passed. It
            defaults to -1, or no timeout. For example, setting to 3600
            means connections will be recycled after one hour. Note that
            MySQL in particular will disconnect automatically if no
            activity is detected on a connection for eight hours (although
            this is configurable with the MySQLDB connection itself and the
            server configuration as well).

            .. seealso::

                :ref:`pool_setting_recycle`

        :param pool_reset_on_return='rollback': set the
            :paramref:`_pool.Pool.reset_on_return` parameter of the underlying
            :class:`_pool.Pool` object, which can be set to the values
            ``"rollback"``, ``"commit"``, or ``None``.

            .. seealso::

                :ref:`pool_reset_on_return`

                :ref:`dbapi_autocommit_skip_rollback` - a more modern approach
                to using connections with no transactional instructions

        :param pool_timeout=30: number of seconds to wait before giving
            up on getting a connection from the pool. This is only used
            with :class:`~sqlalchemy.pool.QueuePool`. This can be a float but is
            subject to the limitations of Python time functions which may not be
            reliable in the tens of milliseconds.

            .. note: don't use 30.0 above, it seems to break with the :param tag

        :param pool_use_lifo=False: use LIFO (last-in-first-out) when retrieving
            connections from :class:`.QueuePool` instead of FIFO
            (first-in-first-out). Using LIFO, a server-side timeout scheme can
            reduce the number of connections used during non- peak   periods of
            use.   When planning for server-side timeouts, ensure that a recycle or
            pre-ping strategy is in use to gracefully   handle stale connections.

              .. versionadded:: 1.3

              .. seealso::

                :ref:`pool_use_lifo`

                :ref:`pool_disconnects`

        :param plugins: string list of plugin names to load.  See
            :class:`.CreateEnginePlugin` for background.

            .. versionadded:: 1.2.3

        :param query_cache_size: size of the cache used to cache the SQL string
         form of queries.  Set to zero to disable caching.

         The cache is pruned of its least recently used items when its size reaches
         N * 1.5.  Defaults to 500, meaning the cache will always store at least
         500 SQL statements when filled, and will grow up to 750 items at which
         point it is pruned back down to 500 by removing the 250 least recently
         used items.

         Caching is accomplished on a per-statement basis by generating a
         cache key that represents the statement's structure, then generating
         string SQL for the current dialect only if that key is not present
         in the cache.   All statements support caching, however some features
         such as an INSERT with a large set of parameters will intentionally
         bypass the cache.   SQL logging will indicate statistics for each
         statement whether or not it were pull from the cache.

         .. note:: some ORM functions related to unit-of-work persistence as well
            as some attribute loading strategies will make use of individual
            per-mapper caches outside of the main cache.


         .. seealso::

            :ref:`sql_caching`

         .. versionadded:: 1.4

        :param skip_autocommit_rollback: When True, the dialect will
           unconditionally skip all calls to the DBAPI ``connection.rollback()``
           method if the DBAPI connection is confirmed to be in "autocommit" mode.
           The availability of this feature is dialect specific; if not available,
           a ``NotImplementedError`` is raised by the dialect when rollback occurs.

           .. seealso::

                :ref:`dbapi_autocommit_skip_rollback`

           .. versionadded:: 2.0.43

        :param use_insertmanyvalues: True by default, use the "insertmanyvalues"
         execution style for INSERT..RETURNING statements by default.

         .. versionadded:: 2.0

         .. seealso::

            :ref:`engine_insertmanyvalues`

        """  # noqa

        if "strategy" in kwargs:
            strat = kwargs.pop("strategy")
            if strat == "mock":
                # this case is deprecated
                return create_mock_engine(url, **kwargs)  # type: ignore
            else:
                raise exc.ArgumentError("unknown strategy: %r" % strat)

        kwargs.pop("empty_in_strategy", None)

        # create url.URL object
        u = _url.make_url(url)

        u, plugins, kwargs = u._instantiate_plugins(kwargs)

        entrypoint = u._get_entrypoint()
        _is_async = kwargs.pop("_is_async", False)
        if _is_async:
            dialect_cls = entrypoint.get_async_dialect_cls(u)
        else:
            dialect_cls = entrypoint.get_dialect_cls(u)

        if kwargs.pop("_coerce_config", False):

            def pop_kwarg(key: str, default: Optional[Any] = None) -&gt; Any:
                value = kwargs.pop(key, default)
                if key in dialect_cls.engine_config_types:
                    value = dialect_cls.engine_config_types[key](value)
                return value

        else:
            pop_kwarg = kwargs.pop  # type: ignore

        dialect_args = {}
        # consume dialect arguments from kwargs
        for k in util.get_cls_kwargs(dialect_cls):
            if k in kwargs:
                dialect_args[k] = pop_kwarg(k)

        dbapi = kwargs.pop("module", None)
        if dbapi is None:
            dbapi_args = {}

            if "import_dbapi" in dialect_cls.__dict__:
                dbapi_meth = dialect_cls.import_dbapi

            elif hasattr(dialect_cls, "dbapi") and inspect.ismethod(
                dialect_cls.dbapi
            ):
                util.warn_deprecated(
                    "The dbapi() classmethod on dialect classes has been "
                    "renamed to import_dbapi().  Implement an import_dbapi() "
                    f"classmethod directly on class {dialect_cls} to remove this "
                    "warning; the old .dbapi() classmethod may be maintained for "
                    "backwards compatibility.",
                    "2.0",
                )
                dbapi_meth = dialect_cls.dbapi
            else:
                dbapi_meth = dialect_cls.import_dbapi

            for k in util.get_func_kwargs(dbapi_meth):
                if k in kwargs:
                    dbapi_args[k] = pop_kwarg(k)
&gt;           dbapi = dbapi_meth(**dbapi_args)
                    ^^^^^^^^^^^^^^^^^^^^^^^^

/usr/local/lib/python3.11/dist-packages/sqlalchemy/engine/create.py:617:
_ _ _ _ _ _ _ _ _ _ _ _ _ _ _ _ _ _ _ _ _ _ _ _ _ _ _ _ _ _ _ _ _ _ _ _ _ _ _ _

cls = &lt;class 'sqlalchemy.dialects.sqlite.aiosqlite.SQLiteDialect_aiosqlite'&gt;

    @classmethod
    def import_dbapi(cls) -&gt; AsyncAdapt_aiosqlite_dbapi:
        return AsyncAdapt_aiosqlite_dbapi(
&gt;           __import__("aiosqlite"), __import__("sqlite3")
            ^^^^^^^^^^^^^^^^^^^^^^^
        )
E       ModuleNotFoundError: No module named 'aiosqlite'

/usr/local/lib/python3.11/dist-packages/sqlalchemy/dialects/sqlite/aiosqlite.py:449: ModuleNotFoundError</error></testcase><testcase classname="tests.integration.test_repository_db.TestSignalRepository" name="test_get_accuracy_stats_no_data" time="0.001"><error message="failed on setup with &quot;ModuleNotFoundError: No module named 'aiosqlite'&quot;">@pytest.fixture(scope="module")
    def async_engine():
        """Module-scoped async engine with tables created once."""
        import asyncio

&gt;       eng = create_async_engine(
            _ASYNC_URL,
            connect_args={"check_same_thread": False},
            poolclass=StaticPool,
        )

tests/integration/test_repository_db.py:78:
_ _ _ _ _ _ _ _ _ _ _ _ _ _ _ _ _ _ _ _ _ _ _ _ _ _ _ _ _ _ _ _ _ _ _ _ _ _ _ _

func = &lt;function create_async_engine at 0x7f8919a142c0&gt;, module = None
args = ('sqlite+aiosqlite:///:memory:',)
kwargs = {'connect_args': {'check_same_thread': False}, 'poolclass': &lt;class 'sqlalchemy.pool.impl.StaticPool'&gt;}

    def _wrap_create_async_engine_internal(func, module, args, kwargs):
        """Trace the SQLAlchemy engine, creating an `EngineTracer`
        object that will listen to SQLAlchemy events.
        """
        if not is_instrumentation_enabled():
            return func(*args, **kwargs)

&gt;       engine = func(*args, **kwargs)
                 ^^^^^^^^^^^^^^^^^^^^^

/usr/local/lib/python3.11/dist-packages/opentelemetry/instrumentation/sqlalchemy/engine.py:139:
_ _ _ _ _ _ _ _ _ _ _ _ _ _ _ _ _ _ _ _ _ _ _ _ _ _ _ _ _ _ _ _ _ _ _ _ _ _ _ _

url = 'sqlite+aiosqlite:///:memory:'
kw = {'_is_async': True, 'connect_args': {'check_same_thread': False}, 'poolclass': &lt;class 'sqlalchemy.pool.impl.StaticPool'&gt;}

    def create_async_engine(url: Union[str, URL], **kw: Any) -&gt; AsyncEngine:
        """Create a new async engine instance.

        Arguments passed to :func:`_asyncio.create_async_engine` are mostly
        identical to those passed to the :func:`_sa.create_engine` function.
        The specified dialect must be an asyncio-compatible dialect
        such as :ref:`dialect-postgresql-asyncpg`.

        .. versionadded:: 1.4

        :param async_creator: an async callable which returns a driver-level
            asyncio connection. If given, the function should take no arguments,
            and return a new asyncio connection from the underlying asyncio
            database driver; the connection will be wrapped in the appropriate
            structures to be used with the :class:`.AsyncEngine`.   Note that the
            parameters specified in the URL are not applied here, and the creator
            function should use its own connection parameters.

            This parameter is the asyncio equivalent of the
            :paramref:`_sa.create_engine.creator` parameter of the
            :func:`_sa.create_engine` function.

            .. versionadded:: 2.0.16

        """

        if kw.get("server_side_cursors", False):
            raise async_exc.AsyncMethodRequired(
                "Can't set server_side_cursors for async engine globally; "
                "use the connection.stream() method for an async "
                "streaming result set"
            )
        kw["_is_async"] = True
        async_creator = kw.pop("async_creator", None)
        if async_creator:
            if kw.get("creator", None):
                raise ArgumentError(
                    "Can only specify one of 'async_creator' or 'creator', "
                    "not both."
                )

            def creator() -&gt; Any:
                # note that to send adapted arguments like
                # prepared_statement_cache_size, user would use
                # "creator" and emulate this form here
                return sync_engine.dialect.dbapi.connect(  # type: ignore
                    async_creator_fn=async_creator
                )

            kw["creator"] = creator
&gt;       sync_engine = _create_engine(url, **kw)
                      ^^^^^^^^^^^^^^^^^^^^^^^^^

/usr/local/lib/python3.11/dist-packages/sqlalchemy/ext/asyncio/engine.py:120:
_ _ _ _ _ _ _ _ _ _ _ _ _ _ _ _ _ _ _ _ _ _ _ _ _ _ _ _ _ _ _ _ _ _ _ _ _ _ _ _

url = 'sqlite+aiosqlite:///:memory:'
kwargs = {'_is_async': True, 'connect_args': {'check_same_thread': False}, 'poolclass': &lt;class 'sqlalchemy.pool.impl.StaticPool'&gt;}

&gt;   ???

&lt;string&gt;:2:
_ _ _ _ _ _ _ _ _ _ _ _ _ _ _ _ _ _ _ _ _ _ _ _ _ _ _ _ _ _ _ _ _ _ _ _ _ _ _ _

fn = &lt;function create_engine at 0x7f8919b2aac0&gt;
args = ('sqlite+aiosqlite:///:memory:',)
kwargs = {'_is_async': True, 'connect_args': {'check_same_thread': False}, 'poolclass': &lt;class 'sqlalchemy.pool.impl.StaticPool'&gt;}
m = 'implicit_returning'

    @decorator
    def warned(fn: _F, *args: Any, **kwargs: Any) -&gt; _F:
        for m in check_defaults:
            if (defaults[m] is None and kwargs[m] is not None) or (
                defaults[m] is not None and kwargs[m] != defaults[m]
            ):
                _warn_with_version(
                    messages[m],
                    versions[m],
                    version_warnings[m],
                    stacklevel=3,
                )

        if check_any_kw in messages and set(kwargs).difference(
            check_defaults
        ):
            assert check_any_kw is not None
            _warn_with_version(
                messages[check_any_kw],
                versions[check_any_kw],
                version_warnings[check_any_kw],
                stacklevel=3,
            )

        for m in check_kw:
            if m in kwargs:
                _warn_with_version(
                    messages[m],
                    versions[m],
                    version_warnings[m],
                    stacklevel=3,
                )
&gt;       return fn(*args, **kwargs)  # type: ignore[no-any-return]
               ^^^^^^^^^^^^^^^^^^^

/usr/local/lib/python3.11/dist-packages/sqlalchemy/util/deprecations.py:281:
_ _ _ _ _ _ _ _ _ _ _ _ _ _ _ _ _ _ _ _ _ _ _ _ _ _ _ _ _ _ _ _ _ _ _ _ _ _ _ _

url = 'sqlite+aiosqlite:///:memory:'
kwargs = {'connect_args': {'check_same_thread': False}, 'poolclass': &lt;class 'sqlalchemy.pool.impl.StaticPool'&gt;}
u = sqlite+aiosqlite:///:memory:, plugins = []
entrypoint = &lt;class 'sqlalchemy.dialects.sqlite.aiosqlite.SQLiteDialect_aiosqlite'&gt;
_is_async = True
pop_kwarg = &lt;built-in method pop of dict object at 0x7f881f8be200&gt;
dialect_args = {}

    @util.deprecated_params(
        strategy=(
            "1.4",
            "The :paramref:`_sa.create_engine.strategy` keyword is deprecated, "
            "and the only argument accepted is 'mock'; please use "
            ":func:`.create_mock_engine` going forward.  For general "
            "customization of create_engine which may have been accomplished "
            "using strategies, see :class:`.CreateEnginePlugin`.",
        ),
        empty_in_strategy=(
            "1.4",
            "The :paramref:`_sa.create_engine.empty_in_strategy` keyword is "
            "deprecated, and no longer has any effect.  All IN expressions "
            "are now rendered using "
            'the "expanding parameter" strategy which renders a set of bound'
            'expressions, or an "empty set" SELECT, at statement execution'
            "time.",
        ),
        implicit_returning=(
            "2.0",
            "The :paramref:`_sa.create_engine.implicit_returning` parameter "
            "is deprecated and will be removed in a future release. ",
        ),
    )
    def create_engine(url: Union[str, _url.URL], **kwargs: Any) -&gt; Engine:
        """Create a new :class:`_engine.Engine` instance.

        The standard calling form is to send the :ref:`URL &lt;database_urls&gt;` as the
        first positional argument, usually a string
        that indicates database dialect and connection arguments::

            engine = create_engine("postgresql+psycopg2://scott:tiger@localhost/test")

        .. note::

            Please review :ref:`database_urls` for general guidelines in composing
            URL strings.  In particular, special characters, such as those often
            part of passwords, must be URL encoded to be properly parsed.

        Additional keyword arguments may then follow it which
        establish various options on the resulting :class:`_engine.Engine`
        and its underlying :class:`.Dialect` and :class:`_pool.Pool`
        constructs::

            engine = create_engine(
                "mysql+mysqldb://scott:tiger@hostname/dbname",
                pool_recycle=3600,
                echo=True,
            )

        The string form of the URL is
        ``dialect[+driver]://user:password@host/dbname[?key=value..]``, where
        ``dialect`` is a database name such as ``mysql``, ``oracle``,
        ``postgresql``, etc., and ``driver`` the name of a DBAPI, such as
        ``psycopg2``, ``pyodbc``, ``cx_oracle``, etc.  Alternatively,
        the URL can be an instance of :class:`~sqlalchemy.engine.url.URL`.

        ``**kwargs`` takes a wide variety of options which are routed
        towards their appropriate components.  Arguments may be specific to
        the :class:`_engine.Engine`, the underlying :class:`.Dialect`,
        as well as the
        :class:`_pool.Pool`.  Specific dialects also accept keyword arguments that
        are unique to that dialect.   Here, we describe the parameters
        that are common to most :func:`_sa.create_engine()` usage.

        Once established, the newly resulting :class:`_engine.Engine` will
        request a connection from the underlying :class:`_pool.Pool` once
        :meth:`_engine.Engine.connect` is called, or a method which depends on it
        such as :meth:`_engine.Engine.execute` is invoked.   The
        :class:`_pool.Pool` in turn
        will establish the first actual DBAPI connection when this request
        is received.   The :func:`_sa.create_engine` call itself does **not**
        establish any actual DBAPI connections directly.

        .. seealso::

            :doc:`/core/engines`

            :doc:`/dialects/index`

            :ref:`connections_toplevel`

        :param connect_args: a dictionary of options which will be
            passed directly to the DBAPI's ``connect()`` method as
            additional keyword arguments.  See the example
            at :ref:`custom_dbapi_args`.

        :param creator: a callable which returns a DBAPI connection.
            This creation function will be passed to the underlying
            connection pool and will be used to create all new database
            connections. Usage of this function causes connection
            parameters specified in the URL argument to be bypassed.

            This hook is not as flexible as the newer
            :meth:`_events.DialectEvents.do_connect` hook which allows complete
            control over how a connection is made to the database, given the full
            set of URL arguments and state beforehand.

            .. seealso::

                :meth:`_events.DialectEvents.do_connect` - event hook that allows
                full control over DBAPI connection mechanics.

                :ref:`custom_dbapi_args`

        :param echo=False: if True, the Engine will log all statements
            as well as a ``repr()`` of their parameter lists to the default log
            handler, which defaults to ``sys.stdout`` for output.   If set to the
            string ``"debug"``, result rows will be printed to the standard output
            as well. The ``echo`` attribute of ``Engine`` can be modified at any
            time to turn logging on and off; direct control of logging is also
            available using the standard Python ``logging`` module.

            .. seealso::

                :ref:`dbengine_logging` - further detail on how to configure
                logging.


        :param echo_pool=False: if True, the connection pool will log
            informational output such as when connections are invalidated
            as well as when connections are recycled to the default log handler,
            which defaults to ``sys.stdout`` for output.   If set to the string
            ``"debug"``, the logging will include pool checkouts and checkins.
            Direct control of logging is also available using the standard Python
            ``logging`` module.

            .. seealso::

                :ref:`dbengine_logging` - further detail on how to configure
                logging.


        :param empty_in_strategy:   No longer used; SQLAlchemy now uses
            "empty set" behavior for IN in all cases.

        :param enable_from_linting: defaults to True.  Will emit a warning
            if a given SELECT statement is found to have un-linked FROM elements
            which would cause a cartesian product.

            .. versionadded:: 1.4

            .. seealso::

                :ref:`change_4737`

        :param execution_options: Dictionary execution options which will
            be applied to all connections.  See
            :meth:`~sqlalchemy.engine.Connection.execution_options`

        :param future: Use the 2.0 style :class:`_engine.Engine` and
            :class:`_engine.Connection` API.

            As of SQLAlchemy 2.0, this parameter is present for backwards
            compatibility only and must remain at its default value of ``True``.

            The :paramref:`_sa.create_engine.future` parameter will be
            deprecated in a subsequent 2.x release and eventually removed.

            .. versionadded:: 1.4

            .. versionchanged:: 2.0 All :class:`_engine.Engine` objects are
               "future" style engines and there is no longer a ``future=False``
               mode of operation.

            .. seealso::

                :ref:`migration_20_toplevel`

        :param hide_parameters: Boolean, when set to True, SQL statement parameters
            will not be displayed in INFO logging nor will they be formatted into
            the string representation of :class:`.StatementError` objects.

            .. versionadded:: 1.3.8

            .. seealso::

                :ref:`dbengine_logging` - further detail on how to configure
                logging.

        :param implicit_returning=True:  Legacy parameter that may only be set
            to True. In SQLAlchemy 2.0, this parameter does nothing. In order to
            disable "implicit returning" for statements invoked by the ORM,
            configure this on a per-table basis using the
            :paramref:`.Table.implicit_returning` parameter.


        :param insertmanyvalues_page_size: number of rows to format into an
         INSERT statement when the statement uses "insertmanyvalues" mode, which is
         a paged form of bulk insert that is used for many backends when using
         :term:`executemany` execution typically in conjunction with RETURNING.
         Defaults to 1000, but may also be subject to dialect-specific limiting
         factors which may override this value on a per-statement basis.

         .. versionadded:: 2.0

         .. seealso::

            :ref:`engine_insertmanyvalues`

            :ref:`engine_insertmanyvalues_page_size`

            :paramref:`_engine.Connection.execution_options.insertmanyvalues_page_size`

        :param isolation_level: optional string name of an isolation level
            which will be set on all new connections unconditionally.
            Isolation levels are typically some subset of the string names
            ``"SERIALIZABLE"``, ``"REPEATABLE READ"``,
            ``"READ COMMITTED"``, ``"READ UNCOMMITTED"`` and ``"AUTOCOMMIT"``
            based on backend.

            The :paramref:`_sa.create_engine.isolation_level` parameter is
            in contrast to the
            :paramref:`.Connection.execution_options.isolation_level`
            execution option, which may be set on an individual
            :class:`.Connection`, as well as the same parameter passed to
            :meth:`.Engine.execution_options`, where it may be used to create
            multiple engines with different isolation levels that share a common
            connection pool and dialect.

            .. versionchanged:: 2.0 The
               :paramref:`_sa.create_engine.isolation_level`
               parameter has been generalized to work on all dialects which support
               the concept of isolation level, and is provided as a more succinct,
               up front configuration switch in contrast to the execution option
               which is more of an ad-hoc programmatic option.

            .. seealso::

                :ref:`dbapi_autocommit`

        :param json_deserializer: for dialects that support the
            :class:`_types.JSON`
            datatype, this is a Python callable that will convert a JSON string
            to a Python object.  By default, the Python ``json.loads`` function is
            used.

            .. versionchanged:: 1.3.7  The SQLite dialect renamed this from
               ``_json_deserializer``.

        :param json_serializer: for dialects that support the :class:`_types.JSON`
            datatype, this is a Python callable that will render a given object
            as JSON.   By default, the Python ``json.dumps`` function is used.

            .. versionchanged:: 1.3.7  The SQLite dialect renamed this from
               ``_json_serializer``.


        :param label_length=None: optional integer value which limits
            the size of dynamically generated column labels to that many
            characters. If less than 6, labels are generated as
            "_(counter)". If ``None``, the value of
            ``dialect.max_identifier_length``, which may be affected via the
            :paramref:`_sa.create_engine.max_identifier_length` parameter,
            is used instead.   The value of
            :paramref:`_sa.create_engine.label_length`
            may not be larger than that of
            :paramref:`_sa.create_engine.max_identfier_length`.

            .. seealso::

                :paramref:`_sa.create_engine.max_identifier_length`

        :param logging_name:  String identifier which will be used within
            the "name" field of logging records generated within the
            "sqlalchemy.engine" logger. Defaults to a hexstring of the
            object's id.

            .. seealso::

                :ref:`dbengine_logging` - further detail on how to configure
                logging.

                :paramref:`_engine.Connection.execution_options.logging_token`

        :param max_identifier_length: integer; override the max_identifier_length
            determined by the dialect.  if ``None`` or zero, has no effect.  This
            is the database's configured maximum number of characters that may be
            used in a SQL identifier such as a table name, column name, or label
            name. All dialects determine this value automatically, however in the
            case of a new database version for which this value has changed but
            SQLAlchemy's dialect has not been adjusted, the value may be passed
            here.

            .. versionadded:: 1.3.9

            .. seealso::

                :paramref:`_sa.create_engine.label_length`

        :param max_overflow=10: the number of connections to allow in
            connection pool "overflow", that is connections that can be
            opened above and beyond the pool_size setting, which defaults
            to five. this is only used with :class:`~sqlalchemy.pool.QueuePool`.

        :param module=None: reference to a Python module object (the module
            itself, not its string name).  Specifies an alternate DBAPI module to
            be used by the engine's dialect.  Each sub-dialect references a
            specific DBAPI which will be imported before first connect.  This
            parameter causes the import to be bypassed, and the given module to
            be used instead. Can be used for testing of DBAPIs as well as to
            inject "mock" DBAPI implementations into the :class:`_engine.Engine`.

        :param paramstyle=None: The `paramstyle &lt;https://legacy.python.org/dev/peps/pep-0249/#paramstyle&gt;`_
            to use when rendering bound parameters.  This style defaults to the
            one recommended by the DBAPI itself, which is retrieved from the
            ``.paramstyle`` attribute of the DBAPI.  However, most DBAPIs accept
            more than one paramstyle, and in particular it may be desirable
            to change a "named" paramstyle into a "positional" one, or vice versa.
            When this attribute is passed, it should be one of the values
            ``"qmark"``, ``"numeric"``, ``"named"``, ``"format"`` or
            ``"pyformat"``, and should correspond to a parameter style known
            to be supported by the DBAPI in use.

        :param pool=None: an already-constructed instance of
            :class:`~sqlalchemy.pool.Pool`, such as a
            :class:`~sqlalchemy.pool.QueuePool` instance. If non-None, this
            pool will be used directly as the underlying connection pool
            for the engine, bypassing whatever connection parameters are
            present in the URL argument. For information on constructing
            connection pools manually, see :ref:`pooling_toplevel`.

        :param poolclass=None: a :class:`~sqlalchemy.pool.Pool`
            subclass, which will be used to create a connection pool
            instance using the connection parameters given in the URL. Note
            this differs from ``pool`` in that you don't actually
            instantiate the pool in this case, you just indicate what type
            of pool to be used.

        :param pool_logging_name:  String identifier which will be used within
           the "name" field of logging records generated within the
           "sqlalchemy.pool" logger. Defaults to a hexstring of the object's
           id.

           .. seealso::

                :ref:`dbengine_logging` - further detail on how to configure
                logging.

        :param pool_pre_ping: boolean, if True will enable the connection pool
            "pre-ping" feature that tests connections for liveness upon
            each checkout.

            .. versionadded:: 1.2

            .. seealso::

                :ref:`pool_disconnects_pessimistic`

        :param pool_size=5: the number of connections to keep open
            inside the connection pool. This used with
            :class:`~sqlalchemy.pool.QueuePool` as
            well as :class:`~sqlalchemy.pool.SingletonThreadPool`.  With
            :class:`~sqlalchemy.pool.QueuePool`, a ``pool_size`` setting
            of 0 indicates no limit; to disable pooling, set ``poolclass`` to
            :class:`~sqlalchemy.pool.NullPool` instead.

        :param pool_recycle=-1: this setting causes the pool to recycle
            connections after the given number of seconds has passed. It
            defaults to -1, or no timeout. For example, setting to 3600
            means connections will be recycled after one hour. Note that
            MySQL in particular will disconnect automatically if no
            activity is detected on a connection for eight hours (although
            this is configurable with the MySQLDB connection itself and the
            server configuration as well).

            .. seealso::

                :ref:`pool_setting_recycle`

        :param pool_reset_on_return='rollback': set the
            :paramref:`_pool.Pool.reset_on_return` parameter of the underlying
            :class:`_pool.Pool` object, which can be set to the values
            ``"rollback"``, ``"commit"``, or ``None``.

            .. seealso::

                :ref:`pool_reset_on_return`

                :ref:`dbapi_autocommit_skip_rollback` - a more modern approach
                to using connections with no transactional instructions

        :param pool_timeout=30: number of seconds to wait before giving
            up on getting a connection from the pool. This is only used
            with :class:`~sqlalchemy.pool.QueuePool`. This can be a float but is
            subject to the limitations of Python time functions which may not be
            reliable in the tens of milliseconds.

            .. note: don't use 30.0 above, it seems to break with the :param tag

        :param pool_use_lifo=False: use LIFO (last-in-first-out) when retrieving
            connections from :class:`.QueuePool` instead of FIFO
            (first-in-first-out). Using LIFO, a server-side timeout scheme can
            reduce the number of connections used during non- peak   periods of
            use.   When planning for server-side timeouts, ensure that a recycle or
            pre-ping strategy is in use to gracefully   handle stale connections.

              .. versionadded:: 1.3

              .. seealso::

                :ref:`pool_use_lifo`

                :ref:`pool_disconnects`

        :param plugins: string list of plugin names to load.  See
            :class:`.CreateEnginePlugin` for background.

            .. versionadded:: 1.2.3

        :param query_cache_size: size of the cache used to cache the SQL string
         form of queries.  Set to zero to disable caching.

         The cache is pruned of its least recently used items when its size reaches
         N * 1.5.  Defaults to 500, meaning the cache will always store at least
         500 SQL statements when filled, and will grow up to 750 items at which
         point it is pruned back down to 500 by removing the 250 least recently
         used items.

         Caching is accomplished on a per-statement basis by generating a
         cache key that represents the statement's structure, then generating
         string SQL for the current dialect only if that key is not present
         in the cache.   All statements support caching, however some features
         such as an INSERT with a large set of parameters will intentionally
         bypass the cache.   SQL logging will indicate statistics for each
         statement whether or not it were pull from the cache.

         .. note:: some ORM functions related to unit-of-work persistence as well
            as some attribute loading strategies will make use of individual
            per-mapper caches outside of the main cache.


         .. seealso::

            :ref:`sql_caching`

         .. versionadded:: 1.4

        :param skip_autocommit_rollback: When True, the dialect will
           unconditionally skip all calls to the DBAPI ``connection.rollback()``
           method if the DBAPI connection is confirmed to be in "autocommit" mode.
           The availability of this feature is dialect specific; if not available,
           a ``NotImplementedError`` is raised by the dialect when rollback occurs.

           .. seealso::

                :ref:`dbapi_autocommit_skip_rollback`

           .. versionadded:: 2.0.43

        :param use_insertmanyvalues: True by default, use the "insertmanyvalues"
         execution style for INSERT..RETURNING statements by default.

         .. versionadded:: 2.0

         .. seealso::

            :ref:`engine_insertmanyvalues`

        """  # noqa

        if "strategy" in kwargs:
            strat = kwargs.pop("strategy")
            if strat == "mock":
                # this case is deprecated
                return create_mock_engine(url, **kwargs)  # type: ignore
            else:
                raise exc.ArgumentError("unknown strategy: %r" % strat)

        kwargs.pop("empty_in_strategy", None)

        # create url.URL object
        u = _url.make_url(url)

        u, plugins, kwargs = u._instantiate_plugins(kwargs)

        entrypoint = u._get_entrypoint()
        _is_async = kwargs.pop("_is_async", False)
        if _is_async:
            dialect_cls = entrypoint.get_async_dialect_cls(u)
        else:
            dialect_cls = entrypoint.get_dialect_cls(u)

        if kwargs.pop("_coerce_config", False):

            def pop_kwarg(key: str, default: Optional[Any] = None) -&gt; Any:
                value = kwargs.pop(key, default)
                if key in dialect_cls.engine_config_types:
                    value = dialect_cls.engine_config_types[key](value)
                return value

        else:
            pop_kwarg = kwargs.pop  # type: ignore

        dialect_args = {}
        # consume dialect arguments from kwargs
        for k in util.get_cls_kwargs(dialect_cls):
            if k in kwargs:
                dialect_args[k] = pop_kwarg(k)

        dbapi = kwargs.pop("module", None)
        if dbapi is None:
            dbapi_args = {}

            if "import_dbapi" in dialect_cls.__dict__:
                dbapi_meth = dialect_cls.import_dbapi

            elif hasattr(dialect_cls, "dbapi") and inspect.ismethod(
                dialect_cls.dbapi
            ):
                util.warn_deprecated(
                    "The dbapi() classmethod on dialect classes has been "
                    "renamed to import_dbapi().  Implement an import_dbapi() "
                    f"classmethod directly on class {dialect_cls} to remove this "
                    "warning; the old .dbapi() classmethod may be maintained for "
                    "backwards compatibility.",
                    "2.0",
                )
                dbapi_meth = dialect_cls.dbapi
            else:
                dbapi_meth = dialect_cls.import_dbapi

            for k in util.get_func_kwargs(dbapi_meth):
                if k in kwargs:
                    dbapi_args[k] = pop_kwarg(k)
&gt;           dbapi = dbapi_meth(**dbapi_args)
                    ^^^^^^^^^^^^^^^^^^^^^^^^

/usr/local/lib/python3.11/dist-packages/sqlalchemy/engine/create.py:617:
_ _ _ _ _ _ _ _ _ _ _ _ _ _ _ _ _ _ _ _ _ _ _ _ _ _ _ _ _ _ _ _ _ _ _ _ _ _ _ _

cls = &lt;class 'sqlalchemy.dialects.sqlite.aiosqlite.SQLiteDialect_aiosqlite'&gt;

    @classmethod
    def import_dbapi(cls) -&gt; AsyncAdapt_aiosqlite_dbapi:
        return AsyncAdapt_aiosqlite_dbapi(
&gt;           __import__("aiosqlite"), __import__("sqlite3")
            ^^^^^^^^^^^^^^^^^^^^^^^
        )
E       ModuleNotFoundError: No module named 'aiosqlite'

/usr/local/lib/python3.11/dist-packages/sqlalchemy/dialects/sqlite/aiosqlite.py:449: ModuleNotFoundError</error></testcase><testcase classname="tests.integration.test_repository_db.TestSignalRepository" name="test_signal_confidence_range" time="0.001"><error message="failed on setup with &quot;ModuleNotFoundError: No module named 'aiosqlite'&quot;">@pytest.fixture(scope="module")
    def async_engine():
        """Module-scoped async engine with tables created once."""
        import asyncio

&gt;       eng = create_async_engine(
            _ASYNC_URL,
            connect_args={"check_same_thread": False},
            poolclass=StaticPool,
        )

tests/integration/test_repository_db.py:78:
_ _ _ _ _ _ _ _ _ _ _ _ _ _ _ _ _ _ _ _ _ _ _ _ _ _ _ _ _ _ _ _ _ _ _ _ _ _ _ _

func = &lt;function create_async_engine at 0x7f8919a142c0&gt;, module = None
args = ('sqlite+aiosqlite:///:memory:',)
kwargs = {'connect_args': {'check_same_thread': False}, 'poolclass': &lt;class 'sqlalchemy.pool.impl.StaticPool'&gt;}

    def _wrap_create_async_engine_internal(func, module, args, kwargs):
        """Trace the SQLAlchemy engine, creating an `EngineTracer`
        object that will listen to SQLAlchemy events.
        """
        if not is_instrumentation_enabled():
            return func(*args, **kwargs)

&gt;       engine = func(*args, **kwargs)
                 ^^^^^^^^^^^^^^^^^^^^^

/usr/local/lib/python3.11/dist-packages/opentelemetry/instrumentation/sqlalchemy/engine.py:139:
_ _ _ _ _ _ _ _ _ _ _ _ _ _ _ _ _ _ _ _ _ _ _ _ _ _ _ _ _ _ _ _ _ _ _ _ _ _ _ _

url = 'sqlite+aiosqlite:///:memory:'
kw = {'_is_async': True, 'connect_args': {'check_same_thread': False}, 'poolclass': &lt;class 'sqlalchemy.pool.impl.StaticPool'&gt;}

    def create_async_engine(url: Union[str, URL], **kw: Any) -&gt; AsyncEngine:
        """Create a new async engine instance.

        Arguments passed to :func:`_asyncio.create_async_engine` are mostly
        identical to those passed to the :func:`_sa.create_engine` function.
        The specified dialect must be an asyncio-compatible dialect
        such as :ref:`dialect-postgresql-asyncpg`.

        .. versionadded:: 1.4

        :param async_creator: an async callable which returns a driver-level
            asyncio connection. If given, the function should take no arguments,
            and return a new asyncio connection from the underlying asyncio
            database driver; the connection will be wrapped in the appropriate
            structures to be used with the :class:`.AsyncEngine`.   Note that the
            parameters specified in the URL are not applied here, and the creator
            function should use its own connection parameters.

            This parameter is the asyncio equivalent of the
            :paramref:`_sa.create_engine.creator` parameter of the
            :func:`_sa.create_engine` function.

            .. versionadded:: 2.0.16

        """

        if kw.get("server_side_cursors", False):
            raise async_exc.AsyncMethodRequired(
                "Can't set server_side_cursors for async engine globally; "
                "use the connection.stream() method for an async "
                "streaming result set"
            )
        kw["_is_async"] = True
        async_creator = kw.pop("async_creator", None)
        if async_creator:
            if kw.get("creator", None):
                raise ArgumentError(
                    "Can only specify one of 'async_creator' or 'creator', "
                    "not both."
                )

            def creator() -&gt; Any:
                # note that to send adapted arguments like
                # prepared_statement_cache_size, user would use
                # "creator" and emulate this form here
                return sync_engine.dialect.dbapi.connect(  # type: ignore
                    async_creator_fn=async_creator
                )

            kw["creator"] = creator
&gt;       sync_engine = _create_engine(url, **kw)
                      ^^^^^^^^^^^^^^^^^^^^^^^^^

/usr/local/lib/python3.11/dist-packages/sqlalchemy/ext/asyncio/engine.py:120:
_ _ _ _ _ _ _ _ _ _ _ _ _ _ _ _ _ _ _ _ _ _ _ _ _ _ _ _ _ _ _ _ _ _ _ _ _ _ _ _

url = 'sqlite+aiosqlite:///:memory:'
kwargs = {'_is_async': True, 'connect_args': {'check_same_thread': False}, 'poolclass': &lt;class 'sqlalchemy.pool.impl.StaticPool'&gt;}

&gt;   ???

&lt;string&gt;:2:
_ _ _ _ _ _ _ _ _ _ _ _ _ _ _ _ _ _ _ _ _ _ _ _ _ _ _ _ _ _ _ _ _ _ _ _ _ _ _ _

fn = &lt;function create_engine at 0x7f8919b2aac0&gt;
args = ('sqlite+aiosqlite:///:memory:',)
kwargs = {'_is_async': True, 'connect_args': {'check_same_thread': False}, 'poolclass': &lt;class 'sqlalchemy.pool.impl.StaticPool'&gt;}
m = 'implicit_returning'

    @decorator
    def warned(fn: _F, *args: Any, **kwargs: Any) -&gt; _F:
        for m in check_defaults:
            if (defaults[m] is None and kwargs[m] is not None) or (
                defaults[m] is not None and kwargs[m] != defaults[m]
            ):
                _warn_with_version(
                    messages[m],
                    versions[m],
                    version_warnings[m],
                    stacklevel=3,
                )

        if check_any_kw in messages and set(kwargs).difference(
            check_defaults
        ):
            assert check_any_kw is not None
            _warn_with_version(
                messages[check_any_kw],
                versions[check_any_kw],
                version_warnings[check_any_kw],
                stacklevel=3,
            )

        for m in check_kw:
            if m in kwargs:
                _warn_with_version(
                    messages[m],
                    versions[m],
                    version_warnings[m],
                    stacklevel=3,
                )
&gt;       return fn(*args, **kwargs)  # type: ignore[no-any-return]
               ^^^^^^^^^^^^^^^^^^^

/usr/local/lib/python3.11/dist-packages/sqlalchemy/util/deprecations.py:281:
_ _ _ _ _ _ _ _ _ _ _ _ _ _ _ _ _ _ _ _ _ _ _ _ _ _ _ _ _ _ _ _ _ _ _ _ _ _ _ _

url = 'sqlite+aiosqlite:///:memory:'
kwargs = {'connect_args': {'check_same_thread': False}, 'poolclass': &lt;class 'sqlalchemy.pool.impl.StaticPool'&gt;}
u = sqlite+aiosqlite:///:memory:, plugins = []
entrypoint = &lt;class 'sqlalchemy.dialects.sqlite.aiosqlite.SQLiteDialect_aiosqlite'&gt;
_is_async = True
pop_kwarg = &lt;built-in method pop of dict object at 0x7f881f8be200&gt;
dialect_args = {}

    @util.deprecated_params(
        strategy=(
            "1.4",
            "The :paramref:`_sa.create_engine.strategy` keyword is deprecated, "
            "and the only argument accepted is 'mock'; please use "
            ":func:`.create_mock_engine` going forward.  For general "
            "customization of create_engine which may have been accomplished "
            "using strategies, see :class:`.CreateEnginePlugin`.",
        ),
        empty_in_strategy=(
            "1.4",
            "The :paramref:`_sa.create_engine.empty_in_strategy` keyword is "
            "deprecated, and no longer has any effect.  All IN expressions "
            "are now rendered using "
            'the "expanding parameter" strategy which renders a set of bound'
            'expressions, or an "empty set" SELECT, at statement execution'
            "time.",
        ),
        implicit_returning=(
            "2.0",
            "The :paramref:`_sa.create_engine.implicit_returning` parameter "
            "is deprecated and will be removed in a future release. ",
        ),
    )
    def create_engine(url: Union[str, _url.URL], **kwargs: Any) -&gt; Engine:
        """Create a new :class:`_engine.Engine` instance.

        The standard calling form is to send the :ref:`URL &lt;database_urls&gt;` as the
        first positional argument, usually a string
        that indicates database dialect and connection arguments::

            engine = create_engine("postgresql+psycopg2://scott:tiger@localhost/test")

        .. note::

            Please review :ref:`database_urls` for general guidelines in composing
            URL strings.  In particular, special characters, such as those often
            part of passwords, must be URL encoded to be properly parsed.

        Additional keyword arguments may then follow it which
        establish various options on the resulting :class:`_engine.Engine`
        and its underlying :class:`.Dialect` and :class:`_pool.Pool`
        constructs::

            engine = create_engine(
                "mysql+mysqldb://scott:tiger@hostname/dbname",
                pool_recycle=3600,
                echo=True,
            )

        The string form of the URL is
        ``dialect[+driver]://user:password@host/dbname[?key=value..]``, where
        ``dialect`` is a database name such as ``mysql``, ``oracle``,
        ``postgresql``, etc., and ``driver`` the name of a DBAPI, such as
        ``psycopg2``, ``pyodbc``, ``cx_oracle``, etc.  Alternatively,
        the URL can be an instance of :class:`~sqlalchemy.engine.url.URL`.

        ``**kwargs`` takes a wide variety of options which are routed
        towards their appropriate components.  Arguments may be specific to
        the :class:`_engine.Engine`, the underlying :class:`.Dialect`,
        as well as the
        :class:`_pool.Pool`.  Specific dialects also accept keyword arguments that
        are unique to that dialect.   Here, we describe the parameters
        that are common to most :func:`_sa.create_engine()` usage.

        Once established, the newly resulting :class:`_engine.Engine` will
        request a connection from the underlying :class:`_pool.Pool` once
        :meth:`_engine.Engine.connect` is called, or a method which depends on it
        such as :meth:`_engine.Engine.execute` is invoked.   The
        :class:`_pool.Pool` in turn
        will establish the first actual DBAPI connection when this request
        is received.   The :func:`_sa.create_engine` call itself does **not**
        establish any actual DBAPI connections directly.

        .. seealso::

            :doc:`/core/engines`

            :doc:`/dialects/index`

            :ref:`connections_toplevel`

        :param connect_args: a dictionary of options which will be
            passed directly to the DBAPI's ``connect()`` method as
            additional keyword arguments.  See the example
            at :ref:`custom_dbapi_args`.

        :param creator: a callable which returns a DBAPI connection.
            This creation function will be passed to the underlying
            connection pool and will be used to create all new database
            connections. Usage of this function causes connection
            parameters specified in the URL argument to be bypassed.

            This hook is not as flexible as the newer
            :meth:`_events.DialectEvents.do_connect` hook which allows complete
            control over how a connection is made to the database, given the full
            set of URL arguments and state beforehand.

            .. seealso::

                :meth:`_events.DialectEvents.do_connect` - event hook that allows
                full control over DBAPI connection mechanics.

                :ref:`custom_dbapi_args`

        :param echo=False: if True, the Engine will log all statements
            as well as a ``repr()`` of their parameter lists to the default log
            handler, which defaults to ``sys.stdout`` for output.   If set to the
            string ``"debug"``, result rows will be printed to the standard output
            as well. The ``echo`` attribute of ``Engine`` can be modified at any
            time to turn logging on and off; direct control of logging is also
            available using the standard Python ``logging`` module.

            .. seealso::

                :ref:`dbengine_logging` - further detail on how to configure
                logging.


        :param echo_pool=False: if True, the connection pool will log
            informational output such as when connections are invalidated
            as well as when connections are recycled to the default log handler,
            which defaults to ``sys.stdout`` for output.   If set to the string
            ``"debug"``, the logging will include pool checkouts and checkins.
            Direct control of logging is also available using the standard Python
            ``logging`` module.

            .. seealso::

                :ref:`dbengine_logging` - further detail on how to configure
                logging.


        :param empty_in_strategy:   No longer used; SQLAlchemy now uses
            "empty set" behavior for IN in all cases.

        :param enable_from_linting: defaults to True.  Will emit a warning
            if a given SELECT statement is found to have un-linked FROM elements
            which would cause a cartesian product.

            .. versionadded:: 1.4

            .. seealso::

                :ref:`change_4737`

        :param execution_options: Dictionary execution options which will
            be applied to all connections.  See
            :meth:`~sqlalchemy.engine.Connection.execution_options`

        :param future: Use the 2.0 style :class:`_engine.Engine` and
            :class:`_engine.Connection` API.

            As of SQLAlchemy 2.0, this parameter is present for backwards
            compatibility only and must remain at its default value of ``True``.

            The :paramref:`_sa.create_engine.future` parameter will be
            deprecated in a subsequent 2.x release and eventually removed.

            .. versionadded:: 1.4

            .. versionchanged:: 2.0 All :class:`_engine.Engine` objects are
               "future" style engines and there is no longer a ``future=False``
               mode of operation.

            .. seealso::

                :ref:`migration_20_toplevel`

        :param hide_parameters: Boolean, when set to True, SQL statement parameters
            will not be displayed in INFO logging nor will they be formatted into
            the string representation of :class:`.StatementError` objects.

            .. versionadded:: 1.3.8

            .. seealso::

                :ref:`dbengine_logging` - further detail on how to configure
                logging.

        :param implicit_returning=True:  Legacy parameter that may only be set
            to True. In SQLAlchemy 2.0, this parameter does nothing. In order to
            disable "implicit returning" for statements invoked by the ORM,
            configure this on a per-table basis using the
            :paramref:`.Table.implicit_returning` parameter.


        :param insertmanyvalues_page_size: number of rows to format into an
         INSERT statement when the statement uses "insertmanyvalues" mode, which is
         a paged form of bulk insert that is used for many backends when using
         :term:`executemany` execution typically in conjunction with RETURNING.
         Defaults to 1000, but may also be subject to dialect-specific limiting
         factors which may override this value on a per-statement basis.

         .. versionadded:: 2.0

         .. seealso::

            :ref:`engine_insertmanyvalues`

            :ref:`engine_insertmanyvalues_page_size`

            :paramref:`_engine.Connection.execution_options.insertmanyvalues_page_size`

        :param isolation_level: optional string name of an isolation level
            which will be set on all new connections unconditionally.
            Isolation levels are typically some subset of the string names
            ``"SERIALIZABLE"``, ``"REPEATABLE READ"``,
            ``"READ COMMITTED"``, ``"READ UNCOMMITTED"`` and ``"AUTOCOMMIT"``
            based on backend.

            The :paramref:`_sa.create_engine.isolation_level` parameter is
            in contrast to the
            :paramref:`.Connection.execution_options.isolation_level`
            execution option, which may be set on an individual
            :class:`.Connection`, as well as the same parameter passed to
            :meth:`.Engine.execution_options`, where it may be used to create
            multiple engines with different isolation levels that share a common
            connection pool and dialect.

            .. versionchanged:: 2.0 The
               :paramref:`_sa.create_engine.isolation_level`
               parameter has been generalized to work on all dialects which support
               the concept of isolation level, and is provided as a more succinct,
               up front configuration switch in contrast to the execution option
               which is more of an ad-hoc programmatic option.

            .. seealso::

                :ref:`dbapi_autocommit`

        :param json_deserializer: for dialects that support the
            :class:`_types.JSON`
            datatype, this is a Python callable that will convert a JSON string
            to a Python object.  By default, the Python ``json.loads`` function is
            used.

            .. versionchanged:: 1.3.7  The SQLite dialect renamed this from
               ``_json_deserializer``.

        :param json_serializer: for dialects that support the :class:`_types.JSON`
            datatype, this is a Python callable that will render a given object
            as JSON.   By default, the Python ``json.dumps`` function is used.

            .. versionchanged:: 1.3.7  The SQLite dialect renamed this from
               ``_json_serializer``.


        :param label_length=None: optional integer value which limits
            the size of dynamically generated column labels to that many
            characters. If less than 6, labels are generated as
            "_(counter)". If ``None``, the value of
            ``dialect.max_identifier_length``, which may be affected via the
            :paramref:`_sa.create_engine.max_identifier_length` parameter,
            is used instead.   The value of
            :paramref:`_sa.create_engine.label_length`
            may not be larger than that of
            :paramref:`_sa.create_engine.max_identfier_length`.

            .. seealso::

                :paramref:`_sa.create_engine.max_identifier_length`

        :param logging_name:  String identifier which will be used within
            the "name" field of logging records generated within the
            "sqlalchemy.engine" logger. Defaults to a hexstring of the
            object's id.

            .. seealso::

                :ref:`dbengine_logging` - further detail on how to configure
                logging.

                :paramref:`_engine.Connection.execution_options.logging_token`

        :param max_identifier_length: integer; override the max_identifier_length
            determined by the dialect.  if ``None`` or zero, has no effect.  This
            is the database's configured maximum number of characters that may be
            used in a SQL identifier such as a table name, column name, or label
            name. All dialects determine this value automatically, however in the
            case of a new database version for which this value has changed but
            SQLAlchemy's dialect has not been adjusted, the value may be passed
            here.

            .. versionadded:: 1.3.9

            .. seealso::

                :paramref:`_sa.create_engine.label_length`

        :param max_overflow=10: the number of connections to allow in
            connection pool "overflow", that is connections that can be
            opened above and beyond the pool_size setting, which defaults
            to five. this is only used with :class:`~sqlalchemy.pool.QueuePool`.

        :param module=None: reference to a Python module object (the module
            itself, not its string name).  Specifies an alternate DBAPI module to
            be used by the engine's dialect.  Each sub-dialect references a
            specific DBAPI which will be imported before first connect.  This
            parameter causes the import to be bypassed, and the given module to
            be used instead. Can be used for testing of DBAPIs as well as to
            inject "mock" DBAPI implementations into the :class:`_engine.Engine`.

        :param paramstyle=None: The `paramstyle &lt;https://legacy.python.org/dev/peps/pep-0249/#paramstyle&gt;`_
            to use when rendering bound parameters.  This style defaults to the
            one recommended by the DBAPI itself, which is retrieved from the
            ``.paramstyle`` attribute of the DBAPI.  However, most DBAPIs accept
            more than one paramstyle, and in particular it may be desirable
            to change a "named" paramstyle into a "positional" one, or vice versa.
            When this attribute is passed, it should be one of the values
            ``"qmark"``, ``"numeric"``, ``"named"``, ``"format"`` or
            ``"pyformat"``, and should correspond to a parameter style known
            to be supported by the DBAPI in use.

        :param pool=None: an already-constructed instance of
            :class:`~sqlalchemy.pool.Pool`, such as a
            :class:`~sqlalchemy.pool.QueuePool` instance. If non-None, this
            pool will be used directly as the underlying connection pool
            for the engine, bypassing whatever connection parameters are
            present in the URL argument. For information on constructing
            connection pools manually, see :ref:`pooling_toplevel`.

        :param poolclass=None: a :class:`~sqlalchemy.pool.Pool`
            subclass, which will be used to create a connection pool
            instance using the connection parameters given in the URL. Note
            this differs from ``pool`` in that you don't actually
            instantiate the pool in this case, you just indicate what type
            of pool to be used.

        :param pool_logging_name:  String identifier which will be used within
           the "name" field of logging records generated within the
           "sqlalchemy.pool" logger. Defaults to a hexstring of the object's
           id.

           .. seealso::

                :ref:`dbengine_logging` - further detail on how to configure
                logging.

        :param pool_pre_ping: boolean, if True will enable the connection pool
            "pre-ping" feature that tests connections for liveness upon
            each checkout.

            .. versionadded:: 1.2

            .. seealso::

                :ref:`pool_disconnects_pessimistic`

        :param pool_size=5: the number of connections to keep open
            inside the connection pool. This used with
            :class:`~sqlalchemy.pool.QueuePool` as
            well as :class:`~sqlalchemy.pool.SingletonThreadPool`.  With
            :class:`~sqlalchemy.pool.QueuePool`, a ``pool_size`` setting
            of 0 indicates no limit; to disable pooling, set ``poolclass`` to
            :class:`~sqlalchemy.pool.NullPool` instead.

        :param pool_recycle=-1: this setting causes the pool to recycle
            connections after the given number of seconds has passed. It
            defaults to -1, or no timeout. For example, setting to 3600
            means connections will be recycled after one hour. Note that
            MySQL in particular will disconnect automatically if no
            activity is detected on a connection for eight hours (although
            this is configurable with the MySQLDB connection itself and the
            server configuration as well).

            .. seealso::

                :ref:`pool_setting_recycle`

        :param pool_reset_on_return='rollback': set the
            :paramref:`_pool.Pool.reset_on_return` parameter of the underlying
            :class:`_pool.Pool` object, which can be set to the values
            ``"rollback"``, ``"commit"``, or ``None``.

            .. seealso::

                :ref:`pool_reset_on_return`

                :ref:`dbapi_autocommit_skip_rollback` - a more modern approach
                to using connections with no transactional instructions

        :param pool_timeout=30: number of seconds to wait before giving
            up on getting a connection from the pool. This is only used
            with :class:`~sqlalchemy.pool.QueuePool`. This can be a float but is
            subject to the limitations of Python time functions which may not be
            reliable in the tens of milliseconds.

            .. note: don't use 30.0 above, it seems to break with the :param tag

        :param pool_use_lifo=False: use LIFO (last-in-first-out) when retrieving
            connections from :class:`.QueuePool` instead of FIFO
            (first-in-first-out). Using LIFO, a server-side timeout scheme can
            reduce the number of connections used during non- peak   periods of
            use.   When planning for server-side timeouts, ensure that a recycle or
            pre-ping strategy is in use to gracefully   handle stale connections.

              .. versionadded:: 1.3

              .. seealso::

                :ref:`pool_use_lifo`

                :ref:`pool_disconnects`

        :param plugins: string list of plugin names to load.  See
            :class:`.CreateEnginePlugin` for background.

            .. versionadded:: 1.2.3

        :param query_cache_size: size of the cache used to cache the SQL string
         form of queries.  Set to zero to disable caching.

         The cache is pruned of its least recently used items when its size reaches
         N * 1.5.  Defaults to 500, meaning the cache will always store at least
         500 SQL statements when filled, and will grow up to 750 items at which
         point it is pruned back down to 500 by removing the 250 least recently
         used items.

         Caching is accomplished on a per-statement basis by generating a
         cache key that represents the statement's structure, then generating
         string SQL for the current dialect only if that key is not present
         in the cache.   All statements support caching, however some features
         such as an INSERT with a large set of parameters will intentionally
         bypass the cache.   SQL logging will indicate statistics for each
         statement whether or not it were pull from the cache.

         .. note:: some ORM functions related to unit-of-work persistence as well
            as some attribute loading strategies will make use of individual
            per-mapper caches outside of the main cache.


         .. seealso::

            :ref:`sql_caching`

         .. versionadded:: 1.4

        :param skip_autocommit_rollback: When True, the dialect will
           unconditionally skip all calls to the DBAPI ``connection.rollback()``
           method if the DBAPI connection is confirmed to be in "autocommit" mode.
           The availability of this feature is dialect specific; if not available,
           a ``NotImplementedError`` is raised by the dialect when rollback occurs.

           .. seealso::

                :ref:`dbapi_autocommit_skip_rollback`

           .. versionadded:: 2.0.43

        :param use_insertmanyvalues: True by default, use the "insertmanyvalues"
         execution style for INSERT..RETURNING statements by default.

         .. versionadded:: 2.0

         .. seealso::

            :ref:`engine_insertmanyvalues`

        """  # noqa

        if "strategy" in kwargs:
            strat = kwargs.pop("strategy")
            if strat == "mock":
                # this case is deprecated
                return create_mock_engine(url, **kwargs)  # type: ignore
            else:
                raise exc.ArgumentError("unknown strategy: %r" % strat)

        kwargs.pop("empty_in_strategy", None)

        # create url.URL object
        u = _url.make_url(url)

        u, plugins, kwargs = u._instantiate_plugins(kwargs)

        entrypoint = u._get_entrypoint()
        _is_async = kwargs.pop("_is_async", False)
        if _is_async:
            dialect_cls = entrypoint.get_async_dialect_cls(u)
        else:
            dialect_cls = entrypoint.get_dialect_cls(u)

        if kwargs.pop("_coerce_config", False):

            def pop_kwarg(key: str, default: Optional[Any] = None) -&gt; Any:
                value = kwargs.pop(key, default)
                if key in dialect_cls.engine_config_types:
                    value = dialect_cls.engine_config_types[key](value)
                return value

        else:
            pop_kwarg = kwargs.pop  # type: ignore

        dialect_args = {}
        # consume dialect arguments from kwargs
        for k in util.get_cls_kwargs(dialect_cls):
            if k in kwargs:
                dialect_args[k] = pop_kwarg(k)

        dbapi = kwargs.pop("module", None)
        if dbapi is None:
            dbapi_args = {}

            if "import_dbapi" in dialect_cls.__dict__:
                dbapi_meth = dialect_cls.import_dbapi

            elif hasattr(dialect_cls, "dbapi") and inspect.ismethod(
                dialect_cls.dbapi
            ):
                util.warn_deprecated(
                    "The dbapi() classmethod on dialect classes has been "
                    "renamed to import_dbapi().  Implement an import_dbapi() "
                    f"classmethod directly on class {dialect_cls} to remove this "
                    "warning; the old .dbapi() classmethod may be maintained for "
                    "backwards compatibility.",
                    "2.0",
                )
                dbapi_meth = dialect_cls.dbapi
            else:
                dbapi_meth = dialect_cls.import_dbapi

            for k in util.get_func_kwargs(dbapi_meth):
                if k in kwargs:
                    dbapi_args[k] = pop_kwarg(k)
&gt;           dbapi = dbapi_meth(**dbapi_args)
                    ^^^^^^^^^^^^^^^^^^^^^^^^

/usr/local/lib/python3.11/dist-packages/sqlalchemy/engine/create.py:617:
_ _ _ _ _ _ _ _ _ _ _ _ _ _ _ _ _ _ _ _ _ _ _ _ _ _ _ _ _ _ _ _ _ _ _ _ _ _ _ _

cls = &lt;class 'sqlalchemy.dialects.sqlite.aiosqlite.SQLiteDialect_aiosqlite'&gt;

    @classmethod
    def import_dbapi(cls) -&gt; AsyncAdapt_aiosqlite_dbapi:
        return AsyncAdapt_aiosqlite_dbapi(
&gt;           __import__("aiosqlite"), __import__("sqlite3")
            ^^^^^^^^^^^^^^^^^^^^^^^
        )
E       ModuleNotFoundError: No module named 'aiosqlite'

/usr/local/lib/python3.11/dist-packages/sqlalchemy/dialects/sqlite/aiosqlite.py:449: ModuleNotFoundError</error></testcase><testcase classname="tests.integration.test_repository_db.TestPositionRepository" name="test_create_and_get_open_positions" time="0.001"><error message="failed on setup with &quot;ModuleNotFoundError: No module named 'aiosqlite'&quot;">@pytest.fixture(scope="module")
    def async_engine():
        """Module-scoped async engine with tables created once."""
        import asyncio

&gt;       eng = create_async_engine(
            _ASYNC_URL,
            connect_args={"check_same_thread": False},
            poolclass=StaticPool,
        )

tests/integration/test_repository_db.py:78:
_ _ _ _ _ _ _ _ _ _ _ _ _ _ _ _ _ _ _ _ _ _ _ _ _ _ _ _ _ _ _ _ _ _ _ _ _ _ _ _

func = &lt;function create_async_engine at 0x7f8919a142c0&gt;, module = None
args = ('sqlite+aiosqlite:///:memory:',)
kwargs = {'connect_args': {'check_same_thread': False}, 'poolclass': &lt;class 'sqlalchemy.pool.impl.StaticPool'&gt;}

    def _wrap_create_async_engine_internal(func, module, args, kwargs):
        """Trace the SQLAlchemy engine, creating an `EngineTracer`
        object that will listen to SQLAlchemy events.
        """
        if not is_instrumentation_enabled():
            return func(*args, **kwargs)

&gt;       engine = func(*args, **kwargs)
                 ^^^^^^^^^^^^^^^^^^^^^

/usr/local/lib/python3.11/dist-packages/opentelemetry/instrumentation/sqlalchemy/engine.py:139:
_ _ _ _ _ _ _ _ _ _ _ _ _ _ _ _ _ _ _ _ _ _ _ _ _ _ _ _ _ _ _ _ _ _ _ _ _ _ _ _

url = 'sqlite+aiosqlite:///:memory:'
kw = {'_is_async': True, 'connect_args': {'check_same_thread': False}, 'poolclass': &lt;class 'sqlalchemy.pool.impl.StaticPool'&gt;}

    def create_async_engine(url: Union[str, URL], **kw: Any) -&gt; AsyncEngine:
        """Create a new async engine instance.

        Arguments passed to :func:`_asyncio.create_async_engine` are mostly
        identical to those passed to the :func:`_sa.create_engine` function.
        The specified dialect must be an asyncio-compatible dialect
        such as :ref:`dialect-postgresql-asyncpg`.

        .. versionadded:: 1.4

        :param async_creator: an async callable which returns a driver-level
            asyncio connection. If given, the function should take no arguments,
            and return a new asyncio connection from the underlying asyncio
            database driver; the connection will be wrapped in the appropriate
            structures to be used with the :class:`.AsyncEngine`.   Note that the
            parameters specified in the URL are not applied here, and the creator
            function should use its own connection parameters.

            This parameter is the asyncio equivalent of the
            :paramref:`_sa.create_engine.creator` parameter of the
            :func:`_sa.create_engine` function.

            .. versionadded:: 2.0.16

        """

        if kw.get("server_side_cursors", False):
            raise async_exc.AsyncMethodRequired(
                "Can't set server_side_cursors for async engine globally; "
                "use the connection.stream() method for an async "
                "streaming result set"
            )
        kw["_is_async"] = True
        async_creator = kw.pop("async_creator", None)
        if async_creator:
            if kw.get("creator", None):
                raise ArgumentError(
                    "Can only specify one of 'async_creator' or 'creator', "
                    "not both."
                )

            def creator() -&gt; Any:
                # note that to send adapted arguments like
                # prepared_statement_cache_size, user would use
                # "creator" and emulate this form here
                return sync_engine.dialect.dbapi.connect(  # type: ignore
                    async_creator_fn=async_creator
                )

            kw["creator"] = creator
&gt;       sync_engine = _create_engine(url, **kw)
                      ^^^^^^^^^^^^^^^^^^^^^^^^^

/usr/local/lib/python3.11/dist-packages/sqlalchemy/ext/asyncio/engine.py:120:
_ _ _ _ _ _ _ _ _ _ _ _ _ _ _ _ _ _ _ _ _ _ _ _ _ _ _ _ _ _ _ _ _ _ _ _ _ _ _ _

url = 'sqlite+aiosqlite:///:memory:'
kwargs = {'_is_async': True, 'connect_args': {'check_same_thread': False}, 'poolclass': &lt;class 'sqlalchemy.pool.impl.StaticPool'&gt;}

&gt;   ???

&lt;string&gt;:2:
_ _ _ _ _ _ _ _ _ _ _ _ _ _ _ _ _ _ _ _ _ _ _ _ _ _ _ _ _ _ _ _ _ _ _ _ _ _ _ _

fn = &lt;function create_engine at 0x7f8919b2aac0&gt;
args = ('sqlite+aiosqlite:///:memory:',)
kwargs = {'_is_async': True, 'connect_args': {'check_same_thread': False}, 'poolclass': &lt;class 'sqlalchemy.pool.impl.StaticPool'&gt;}
m = 'implicit_returning'

    @decorator
    def warned(fn: _F, *args: Any, **kwargs: Any) -&gt; _F:
        for m in check_defaults:
            if (defaults[m] is None and kwargs[m] is not None) or (
                defaults[m] is not None and kwargs[m] != defaults[m]
            ):
                _warn_with_version(
                    messages[m],
                    versions[m],
                    version_warnings[m],
                    stacklevel=3,
                )

        if check_any_kw in messages and set(kwargs).difference(
            check_defaults
        ):
            assert check_any_kw is not None
            _warn_with_version(
                messages[check_any_kw],
                versions[check_any_kw],
                version_warnings[check_any_kw],
                stacklevel=3,
            )

        for m in check_kw:
            if m in kwargs:
                _warn_with_version(
                    messages[m],
                    versions[m],
                    version_warnings[m],
                    stacklevel=3,
                )
&gt;       return fn(*args, **kwargs)  # type: ignore[no-any-return]
               ^^^^^^^^^^^^^^^^^^^

/usr/local/lib/python3.11/dist-packages/sqlalchemy/util/deprecations.py:281:
_ _ _ _ _ _ _ _ _ _ _ _ _ _ _ _ _ _ _ _ _ _ _ _ _ _ _ _ _ _ _ _ _ _ _ _ _ _ _ _

url = 'sqlite+aiosqlite:///:memory:'
kwargs = {'connect_args': {'check_same_thread': False}, 'poolclass': &lt;class 'sqlalchemy.pool.impl.StaticPool'&gt;}
u = sqlite+aiosqlite:///:memory:, plugins = []
entrypoint = &lt;class 'sqlalchemy.dialects.sqlite.aiosqlite.SQLiteDialect_aiosqlite'&gt;
_is_async = True
pop_kwarg = &lt;built-in method pop of dict object at 0x7f881f8be200&gt;
dialect_args = {}

    @util.deprecated_params(
        strategy=(
            "1.4",
            "The :paramref:`_sa.create_engine.strategy` keyword is deprecated, "
            "and the only argument accepted is 'mock'; please use "
            ":func:`.create_mock_engine` going forward.  For general "
            "customization of create_engine which may have been accomplished "
            "using strategies, see :class:`.CreateEnginePlugin`.",
        ),
        empty_in_strategy=(
            "1.4",
            "The :paramref:`_sa.create_engine.empty_in_strategy` keyword is "
            "deprecated, and no longer has any effect.  All IN expressions "
            "are now rendered using "
            'the "expanding parameter" strategy which renders a set of bound'
            'expressions, or an "empty set" SELECT, at statement execution'
            "time.",
        ),
        implicit_returning=(
            "2.0",
            "The :paramref:`_sa.create_engine.implicit_returning` parameter "
            "is deprecated and will be removed in a future release. ",
        ),
    )
    def create_engine(url: Union[str, _url.URL], **kwargs: Any) -&gt; Engine:
        """Create a new :class:`_engine.Engine` instance.

        The standard calling form is to send the :ref:`URL &lt;database_urls&gt;` as the
        first positional argument, usually a string
        that indicates database dialect and connection arguments::

            engine = create_engine("postgresql+psycopg2://scott:tiger@localhost/test")

        .. note::

            Please review :ref:`database_urls` for general guidelines in composing
            URL strings.  In particular, special characters, such as those often
            part of passwords, must be URL encoded to be properly parsed.

        Additional keyword arguments may then follow it which
        establish various options on the resulting :class:`_engine.Engine`
        and its underlying :class:`.Dialect` and :class:`_pool.Pool`
        constructs::

            engine = create_engine(
                "mysql+mysqldb://scott:tiger@hostname/dbname",
                pool_recycle=3600,
                echo=True,
            )

        The string form of the URL is
        ``dialect[+driver]://user:password@host/dbname[?key=value..]``, where
        ``dialect`` is a database name such as ``mysql``, ``oracle``,
        ``postgresql``, etc., and ``driver`` the name of a DBAPI, such as
        ``psycopg2``, ``pyodbc``, ``cx_oracle``, etc.  Alternatively,
        the URL can be an instance of :class:`~sqlalchemy.engine.url.URL`.

        ``**kwargs`` takes a wide variety of options which are routed
        towards their appropriate components.  Arguments may be specific to
        the :class:`_engine.Engine`, the underlying :class:`.Dialect`,
        as well as the
        :class:`_pool.Pool`.  Specific dialects also accept keyword arguments that
        are unique to that dialect.   Here, we describe the parameters
        that are common to most :func:`_sa.create_engine()` usage.

        Once established, the newly resulting :class:`_engine.Engine` will
        request a connection from the underlying :class:`_pool.Pool` once
        :meth:`_engine.Engine.connect` is called, or a method which depends on it
        such as :meth:`_engine.Engine.execute` is invoked.   The
        :class:`_pool.Pool` in turn
        will establish the first actual DBAPI connection when this request
        is received.   The :func:`_sa.create_engine` call itself does **not**
        establish any actual DBAPI connections directly.

        .. seealso::

            :doc:`/core/engines`

            :doc:`/dialects/index`

            :ref:`connections_toplevel`

        :param connect_args: a dictionary of options which will be
            passed directly to the DBAPI's ``connect()`` method as
            additional keyword arguments.  See the example
            at :ref:`custom_dbapi_args`.

        :param creator: a callable which returns a DBAPI connection.
            This creation function will be passed to the underlying
            connection pool and will be used to create all new database
            connections. Usage of this function causes connection
            parameters specified in the URL argument to be bypassed.

            This hook is not as flexible as the newer
            :meth:`_events.DialectEvents.do_connect` hook which allows complete
            control over how a connection is made to the database, given the full
            set of URL arguments and state beforehand.

            .. seealso::

                :meth:`_events.DialectEvents.do_connect` - event hook that allows
                full control over DBAPI connection mechanics.

                :ref:`custom_dbapi_args`

        :param echo=False: if True, the Engine will log all statements
            as well as a ``repr()`` of their parameter lists to the default log
            handler, which defaults to ``sys.stdout`` for output.   If set to the
            string ``"debug"``, result rows will be printed to the standard output
            as well. The ``echo`` attribute of ``Engine`` can be modified at any
            time to turn logging on and off; direct control of logging is also
            available using the standard Python ``logging`` module.

            .. seealso::

                :ref:`dbengine_logging` - further detail on how to configure
                logging.


        :param echo_pool=False: if True, the connection pool will log
            informational output such as when connections are invalidated
            as well as when connections are recycled to the default log handler,
            which defaults to ``sys.stdout`` for output.   If set to the string
            ``"debug"``, the logging will include pool checkouts and checkins.
            Direct control of logging is also available using the standard Python
            ``logging`` module.

            .. seealso::

                :ref:`dbengine_logging` - further detail on how to configure
                logging.


        :param empty_in_strategy:   No longer used; SQLAlchemy now uses
            "empty set" behavior for IN in all cases.

        :param enable_from_linting: defaults to True.  Will emit a warning
            if a given SELECT statement is found to have un-linked FROM elements
            which would cause a cartesian product.

            .. versionadded:: 1.4

            .. seealso::

                :ref:`change_4737`

        :param execution_options: Dictionary execution options which will
            be applied to all connections.  See
            :meth:`~sqlalchemy.engine.Connection.execution_options`

        :param future: Use the 2.0 style :class:`_engine.Engine` and
            :class:`_engine.Connection` API.

            As of SQLAlchemy 2.0, this parameter is present for backwards
            compatibility only and must remain at its default value of ``True``.

            The :paramref:`_sa.create_engine.future` parameter will be
            deprecated in a subsequent 2.x release and eventually removed.

            .. versionadded:: 1.4

            .. versionchanged:: 2.0 All :class:`_engine.Engine` objects are
               "future" style engines and there is no longer a ``future=False``
               mode of operation.

            .. seealso::

                :ref:`migration_20_toplevel`

        :param hide_parameters: Boolean, when set to True, SQL statement parameters
            will not be displayed in INFO logging nor will they be formatted into
            the string representation of :class:`.StatementError` objects.

            .. versionadded:: 1.3.8

            .. seealso::

                :ref:`dbengine_logging` - further detail on how to configure
                logging.

        :param implicit_returning=True:  Legacy parameter that may only be set
            to True. In SQLAlchemy 2.0, this parameter does nothing. In order to
            disable "implicit returning" for statements invoked by the ORM,
            configure this on a per-table basis using the
            :paramref:`.Table.implicit_returning` parameter.


        :param insertmanyvalues_page_size: number of rows to format into an
         INSERT statement when the statement uses "insertmanyvalues" mode, which is
         a paged form of bulk insert that is used for many backends when using
         :term:`executemany` execution typically in conjunction with RETURNING.
         Defaults to 1000, but may also be subject to dialect-specific limiting
         factors which may override this value on a per-statement basis.

         .. versionadded:: 2.0

         .. seealso::

            :ref:`engine_insertmanyvalues`

            :ref:`engine_insertmanyvalues_page_size`

            :paramref:`_engine.Connection.execution_options.insertmanyvalues_page_size`

        :param isolation_level: optional string name of an isolation level
            which will be set on all new connections unconditionally.
            Isolation levels are typically some subset of the string names
            ``"SERIALIZABLE"``, ``"REPEATABLE READ"``,
            ``"READ COMMITTED"``, ``"READ UNCOMMITTED"`` and ``"AUTOCOMMIT"``
            based on backend.

            The :paramref:`_sa.create_engine.isolation_level` parameter is
            in contrast to the
            :paramref:`.Connection.execution_options.isolation_level`
            execution option, which may be set on an individual
            :class:`.Connection`, as well as the same parameter passed to
            :meth:`.Engine.execution_options`, where it may be used to create
            multiple engines with different isolation levels that share a common
            connection pool and dialect.

            .. versionchanged:: 2.0 The
               :paramref:`_sa.create_engine.isolation_level`
               parameter has been generalized to work on all dialects which support
               the concept of isolation level, and is provided as a more succinct,
               up front configuration switch in contrast to the execution option
               which is more of an ad-hoc programmatic option.

            .. seealso::

                :ref:`dbapi_autocommit`

        :param json_deserializer: for dialects that support the
            :class:`_types.JSON`
            datatype, this is a Python callable that will convert a JSON string
            to a Python object.  By default, the Python ``json.loads`` function is
            used.

            .. versionchanged:: 1.3.7  The SQLite dialect renamed this from
               ``_json_deserializer``.

        :param json_serializer: for dialects that support the :class:`_types.JSON`
            datatype, this is a Python callable that will render a given object
            as JSON.   By default, the Python ``json.dumps`` function is used.

            .. versionchanged:: 1.3.7  The SQLite dialect renamed this from
               ``_json_serializer``.


        :param label_length=None: optional integer value which limits
            the size of dynamically generated column labels to that many
            characters. If less than 6, labels are generated as
            "_(counter)". If ``None``, the value of
            ``dialect.max_identifier_length``, which may be affected via the
            :paramref:`_sa.create_engine.max_identifier_length` parameter,
            is used instead.   The value of
            :paramref:`_sa.create_engine.label_length`
            may not be larger than that of
            :paramref:`_sa.create_engine.max_identfier_length`.

            .. seealso::

                :paramref:`_sa.create_engine.max_identifier_length`

        :param logging_name:  String identifier which will be used within
            the "name" field of logging records generated within the
            "sqlalchemy.engine" logger. Defaults to a hexstring of the
            object's id.

            .. seealso::

                :ref:`dbengine_logging` - further detail on how to configure
                logging.

                :paramref:`_engine.Connection.execution_options.logging_token`

        :param max_identifier_length: integer; override the max_identifier_length
            determined by the dialect.  if ``None`` or zero, has no effect.  This
            is the database's configured maximum number of characters that may be
            used in a SQL identifier such as a table name, column name, or label
            name. All dialects determine this value automatically, however in the
            case of a new database version for which this value has changed but
            SQLAlchemy's dialect has not been adjusted, the value may be passed
            here.

            .. versionadded:: 1.3.9

            .. seealso::

                :paramref:`_sa.create_engine.label_length`

        :param max_overflow=10: the number of connections to allow in
            connection pool "overflow", that is connections that can be
            opened above and beyond the pool_size setting, which defaults
            to five. this is only used with :class:`~sqlalchemy.pool.QueuePool`.

        :param module=None: reference to a Python module object (the module
            itself, not its string name).  Specifies an alternate DBAPI module to
            be used by the engine's dialect.  Each sub-dialect references a
            specific DBAPI which will be imported before first connect.  This
            parameter causes the import to be bypassed, and the given module to
            be used instead. Can be used for testing of DBAPIs as well as to
            inject "mock" DBAPI implementations into the :class:`_engine.Engine`.

        :param paramstyle=None: The `paramstyle &lt;https://legacy.python.org/dev/peps/pep-0249/#paramstyle&gt;`_
            to use when rendering bound parameters.  This style defaults to the
            one recommended by the DBAPI itself, which is retrieved from the
            ``.paramstyle`` attribute of the DBAPI.  However, most DBAPIs accept
            more than one paramstyle, and in particular it may be desirable
            to change a "named" paramstyle into a "positional" one, or vice versa.
            When this attribute is passed, it should be one of the values
            ``"qmark"``, ``"numeric"``, ``"named"``, ``"format"`` or
            ``"pyformat"``, and should correspond to a parameter style known
            to be supported by the DBAPI in use.

        :param pool=None: an already-constructed instance of
            :class:`~sqlalchemy.pool.Pool`, such as a
            :class:`~sqlalchemy.pool.QueuePool` instance. If non-None, this
            pool will be used directly as the underlying connection pool
            for the engine, bypassing whatever connection parameters are
            present in the URL argument. For information on constructing
            connection pools manually, see :ref:`pooling_toplevel`.

        :param poolclass=None: a :class:`~sqlalchemy.pool.Pool`
            subclass, which will be used to create a connection pool
            instance using the connection parameters given in the URL. Note
            this differs from ``pool`` in that you don't actually
            instantiate the pool in this case, you just indicate what type
            of pool to be used.

        :param pool_logging_name:  String identifier which will be used within
           the "name" field of logging records generated within the
           "sqlalchemy.pool" logger. Defaults to a hexstring of the object's
           id.

           .. seealso::

                :ref:`dbengine_logging` - further detail on how to configure
                logging.

        :param pool_pre_ping: boolean, if True will enable the connection pool
            "pre-ping" feature that tests connections for liveness upon
            each checkout.

            .. versionadded:: 1.2

            .. seealso::

                :ref:`pool_disconnects_pessimistic`

        :param pool_size=5: the number of connections to keep open
            inside the connection pool. This used with
            :class:`~sqlalchemy.pool.QueuePool` as
            well as :class:`~sqlalchemy.pool.SingletonThreadPool`.  With
            :class:`~sqlalchemy.pool.QueuePool`, a ``pool_size`` setting
            of 0 indicates no limit; to disable pooling, set ``poolclass`` to
            :class:`~sqlalchemy.pool.NullPool` instead.

        :param pool_recycle=-1: this setting causes the pool to recycle
            connections after the given number of seconds has passed. It
            defaults to -1, or no timeout. For example, setting to 3600
            means connections will be recycled after one hour. Note that
            MySQL in particular will disconnect automatically if no
            activity is detected on a connection for eight hours (although
            this is configurable with the MySQLDB connection itself and the
            server configuration as well).

            .. seealso::

                :ref:`pool_setting_recycle`

        :param pool_reset_on_return='rollback': set the
            :paramref:`_pool.Pool.reset_on_return` parameter of the underlying
            :class:`_pool.Pool` object, which can be set to the values
            ``"rollback"``, ``"commit"``, or ``None``.

            .. seealso::

                :ref:`pool_reset_on_return`

                :ref:`dbapi_autocommit_skip_rollback` - a more modern approach
                to using connections with no transactional instructions

        :param pool_timeout=30: number of seconds to wait before giving
            up on getting a connection from the pool. This is only used
            with :class:`~sqlalchemy.pool.QueuePool`. This can be a float but is
            subject to the limitations of Python time functions which may not be
            reliable in the tens of milliseconds.

            .. note: don't use 30.0 above, it seems to break with the :param tag

        :param pool_use_lifo=False: use LIFO (last-in-first-out) when retrieving
            connections from :class:`.QueuePool` instead of FIFO
            (first-in-first-out). Using LIFO, a server-side timeout scheme can
            reduce the number of connections used during non- peak   periods of
            use.   When planning for server-side timeouts, ensure that a recycle or
            pre-ping strategy is in use to gracefully   handle stale connections.

              .. versionadded:: 1.3

              .. seealso::

                :ref:`pool_use_lifo`

                :ref:`pool_disconnects`

        :param plugins: string list of plugin names to load.  See
            :class:`.CreateEnginePlugin` for background.

            .. versionadded:: 1.2.3

        :param query_cache_size: size of the cache used to cache the SQL string
         form of queries.  Set to zero to disable caching.

         The cache is pruned of its least recently used items when its size reaches
         N * 1.5.  Defaults to 500, meaning the cache will always store at least
         500 SQL statements when filled, and will grow up to 750 items at which
         point it is pruned back down to 500 by removing the 250 least recently
         used items.

         Caching is accomplished on a per-statement basis by generating a
         cache key that represents the statement's structure, then generating
         string SQL for the current dialect only if that key is not present
         in the cache.   All statements support caching, however some features
         such as an INSERT with a large set of parameters will intentionally
         bypass the cache.   SQL logging will indicate statistics for each
         statement whether or not it were pull from the cache.

         .. note:: some ORM functions related to unit-of-work persistence as well
            as some attribute loading strategies will make use of individual
            per-mapper caches outside of the main cache.


         .. seealso::

            :ref:`sql_caching`

         .. versionadded:: 1.4

        :param skip_autocommit_rollback: When True, the dialect will
           unconditionally skip all calls to the DBAPI ``connection.rollback()``
           method if the DBAPI connection is confirmed to be in "autocommit" mode.
           The availability of this feature is dialect specific; if not available,
           a ``NotImplementedError`` is raised by the dialect when rollback occurs.

           .. seealso::

                :ref:`dbapi_autocommit_skip_rollback`

           .. versionadded:: 2.0.43

        :param use_insertmanyvalues: True by default, use the "insertmanyvalues"
         execution style for INSERT..RETURNING statements by default.

         .. versionadded:: 2.0

         .. seealso::

            :ref:`engine_insertmanyvalues`

        """  # noqa

        if "strategy" in kwargs:
            strat = kwargs.pop("strategy")
            if strat == "mock":
                # this case is deprecated
                return create_mock_engine(url, **kwargs)  # type: ignore
            else:
                raise exc.ArgumentError("unknown strategy: %r" % strat)

        kwargs.pop("empty_in_strategy", None)

        # create url.URL object
        u = _url.make_url(url)

        u, plugins, kwargs = u._instantiate_plugins(kwargs)

        entrypoint = u._get_entrypoint()
        _is_async = kwargs.pop("_is_async", False)
        if _is_async:
            dialect_cls = entrypoint.get_async_dialect_cls(u)
        else:
            dialect_cls = entrypoint.get_dialect_cls(u)

        if kwargs.pop("_coerce_config", False):

            def pop_kwarg(key: str, default: Optional[Any] = None) -&gt; Any:
                value = kwargs.pop(key, default)
                if key in dialect_cls.engine_config_types:
                    value = dialect_cls.engine_config_types[key](value)
                return value

        else:
            pop_kwarg = kwargs.pop  # type: ignore

        dialect_args = {}
        # consume dialect arguments from kwargs
        for k in util.get_cls_kwargs(dialect_cls):
            if k in kwargs:
                dialect_args[k] = pop_kwarg(k)

        dbapi = kwargs.pop("module", None)
        if dbapi is None:
            dbapi_args = {}

            if "import_dbapi" in dialect_cls.__dict__:
                dbapi_meth = dialect_cls.import_dbapi

            elif hasattr(dialect_cls, "dbapi") and inspect.ismethod(
                dialect_cls.dbapi
            ):
                util.warn_deprecated(
                    "The dbapi() classmethod on dialect classes has been "
                    "renamed to import_dbapi().  Implement an import_dbapi() "
                    f"classmethod directly on class {dialect_cls} to remove this "
                    "warning; the old .dbapi() classmethod may be maintained for "
                    "backwards compatibility.",
                    "2.0",
                )
                dbapi_meth = dialect_cls.dbapi
            else:
                dbapi_meth = dialect_cls.import_dbapi

            for k in util.get_func_kwargs(dbapi_meth):
                if k in kwargs:
                    dbapi_args[k] = pop_kwarg(k)
&gt;           dbapi = dbapi_meth(**dbapi_args)
                    ^^^^^^^^^^^^^^^^^^^^^^^^

/usr/local/lib/python3.11/dist-packages/sqlalchemy/engine/create.py:617:
_ _ _ _ _ _ _ _ _ _ _ _ _ _ _ _ _ _ _ _ _ _ _ _ _ _ _ _ _ _ _ _ _ _ _ _ _ _ _ _

cls = &lt;class 'sqlalchemy.dialects.sqlite.aiosqlite.SQLiteDialect_aiosqlite'&gt;

    @classmethod
    def import_dbapi(cls) -&gt; AsyncAdapt_aiosqlite_dbapi:
        return AsyncAdapt_aiosqlite_dbapi(
&gt;           __import__("aiosqlite"), __import__("sqlite3")
            ^^^^^^^^^^^^^^^^^^^^^^^
        )
E       ModuleNotFoundError: No module named 'aiosqlite'

/usr/local/lib/python3.11/dist-packages/sqlalchemy/dialects/sqlite/aiosqlite.py:449: ModuleNotFoundError</error></testcase><testcase classname="tests.integration.test_repository_db.TestPositionRepository" name="test_get_open_positions_filtered_by_symbol" time="0.001"><error message="failed on setup with &quot;ModuleNotFoundError: No module named 'aiosqlite'&quot;">@pytest.fixture(scope="module")
    def async_engine():
        """Module-scoped async engine with tables created once."""
        import asyncio

&gt;       eng = create_async_engine(
            _ASYNC_URL,
            connect_args={"check_same_thread": False},
            poolclass=StaticPool,
        )

tests/integration/test_repository_db.py:78:
_ _ _ _ _ _ _ _ _ _ _ _ _ _ _ _ _ _ _ _ _ _ _ _ _ _ _ _ _ _ _ _ _ _ _ _ _ _ _ _

func = &lt;function create_async_engine at 0x7f8919a142c0&gt;, module = None
args = ('sqlite+aiosqlite:///:memory:',)
kwargs = {'connect_args': {'check_same_thread': False}, 'poolclass': &lt;class 'sqlalchemy.pool.impl.StaticPool'&gt;}

    def _wrap_create_async_engine_internal(func, module, args, kwargs):
        """Trace the SQLAlchemy engine, creating an `EngineTracer`
        object that will listen to SQLAlchemy events.
        """
        if not is_instrumentation_enabled():
            return func(*args, **kwargs)

&gt;       engine = func(*args, **kwargs)
                 ^^^^^^^^^^^^^^^^^^^^^

/usr/local/lib/python3.11/dist-packages/opentelemetry/instrumentation/sqlalchemy/engine.py:139:
_ _ _ _ _ _ _ _ _ _ _ _ _ _ _ _ _ _ _ _ _ _ _ _ _ _ _ _ _ _ _ _ _ _ _ _ _ _ _ _

url = 'sqlite+aiosqlite:///:memory:'
kw = {'_is_async': True, 'connect_args': {'check_same_thread': False}, 'poolclass': &lt;class 'sqlalchemy.pool.impl.StaticPool'&gt;}

    def create_async_engine(url: Union[str, URL], **kw: Any) -&gt; AsyncEngine:
        """Create a new async engine instance.

        Arguments passed to :func:`_asyncio.create_async_engine` are mostly
        identical to those passed to the :func:`_sa.create_engine` function.
        The specified dialect must be an asyncio-compatible dialect
        such as :ref:`dialect-postgresql-asyncpg`.

        .. versionadded:: 1.4

        :param async_creator: an async callable which returns a driver-level
            asyncio connection. If given, the function should take no arguments,
            and return a new asyncio connection from the underlying asyncio
            database driver; the connection will be wrapped in the appropriate
            structures to be used with the :class:`.AsyncEngine`.   Note that the
            parameters specified in the URL are not applied here, and the creator
            function should use its own connection parameters.

            This parameter is the asyncio equivalent of the
            :paramref:`_sa.create_engine.creator` parameter of the
            :func:`_sa.create_engine` function.

            .. versionadded:: 2.0.16

        """

        if kw.get("server_side_cursors", False):
            raise async_exc.AsyncMethodRequired(
                "Can't set server_side_cursors for async engine globally; "
                "use the connection.stream() method for an async "
                "streaming result set"
            )
        kw["_is_async"] = True
        async_creator = kw.pop("async_creator", None)
        if async_creator:
            if kw.get("creator", None):
                raise ArgumentError(
                    "Can only specify one of 'async_creator' or 'creator', "
                    "not both."
                )

            def creator() -&gt; Any:
                # note that to send adapted arguments like
                # prepared_statement_cache_size, user would use
                # "creator" and emulate this form here
                return sync_engine.dialect.dbapi.connect(  # type: ignore
                    async_creator_fn=async_creator
                )

            kw["creator"] = creator
&gt;       sync_engine = _create_engine(url, **kw)
                      ^^^^^^^^^^^^^^^^^^^^^^^^^

/usr/local/lib/python3.11/dist-packages/sqlalchemy/ext/asyncio/engine.py:120:
_ _ _ _ _ _ _ _ _ _ _ _ _ _ _ _ _ _ _ _ _ _ _ _ _ _ _ _ _ _ _ _ _ _ _ _ _ _ _ _

url = 'sqlite+aiosqlite:///:memory:'
kwargs = {'_is_async': True, 'connect_args': {'check_same_thread': False}, 'poolclass': &lt;class 'sqlalchemy.pool.impl.StaticPool'&gt;}

&gt;   ???

&lt;string&gt;:2:
_ _ _ _ _ _ _ _ _ _ _ _ _ _ _ _ _ _ _ _ _ _ _ _ _ _ _ _ _ _ _ _ _ _ _ _ _ _ _ _

fn = &lt;function create_engine at 0x7f8919b2aac0&gt;
args = ('sqlite+aiosqlite:///:memory:',)
kwargs = {'_is_async': True, 'connect_args': {'check_same_thread': False}, 'poolclass': &lt;class 'sqlalchemy.pool.impl.StaticPool'&gt;}
m = 'implicit_returning'

    @decorator
    def warned(fn: _F, *args: Any, **kwargs: Any) -&gt; _F:
        for m in check_defaults:
            if (defaults[m] is None and kwargs[m] is not None) or (
                defaults[m] is not None and kwargs[m] != defaults[m]
            ):
                _warn_with_version(
                    messages[m],
                    versions[m],
                    version_warnings[m],
                    stacklevel=3,
                )

        if check_any_kw in messages and set(kwargs).difference(
            check_defaults
        ):
            assert check_any_kw is not None
            _warn_with_version(
                messages[check_any_kw],
                versions[check_any_kw],
                version_warnings[check_any_kw],
                stacklevel=3,
            )

        for m in check_kw:
            if m in kwargs:
                _warn_with_version(
                    messages[m],
                    versions[m],
                    version_warnings[m],
                    stacklevel=3,
                )
&gt;       return fn(*args, **kwargs)  # type: ignore[no-any-return]
               ^^^^^^^^^^^^^^^^^^^

/usr/local/lib/python3.11/dist-packages/sqlalchemy/util/deprecations.py:281:
_ _ _ _ _ _ _ _ _ _ _ _ _ _ _ _ _ _ _ _ _ _ _ _ _ _ _ _ _ _ _ _ _ _ _ _ _ _ _ _

url = 'sqlite+aiosqlite:///:memory:'
kwargs = {'connect_args': {'check_same_thread': False}, 'poolclass': &lt;class 'sqlalchemy.pool.impl.StaticPool'&gt;}
u = sqlite+aiosqlite:///:memory:, plugins = []
entrypoint = &lt;class 'sqlalchemy.dialects.sqlite.aiosqlite.SQLiteDialect_aiosqlite'&gt;
_is_async = True
pop_kwarg = &lt;built-in method pop of dict object at 0x7f881f8be200&gt;
dialect_args = {}

    @util.deprecated_params(
        strategy=(
            "1.4",
            "The :paramref:`_sa.create_engine.strategy` keyword is deprecated, "
            "and the only argument accepted is 'mock'; please use "
            ":func:`.create_mock_engine` going forward.  For general "
            "customization of create_engine which may have been accomplished "
            "using strategies, see :class:`.CreateEnginePlugin`.",
        ),
        empty_in_strategy=(
            "1.4",
            "The :paramref:`_sa.create_engine.empty_in_strategy` keyword is "
            "deprecated, and no longer has any effect.  All IN expressions "
            "are now rendered using "
            'the "expanding parameter" strategy which renders a set of bound'
            'expressions, or an "empty set" SELECT, at statement execution'
            "time.",
        ),
        implicit_returning=(
            "2.0",
            "The :paramref:`_sa.create_engine.implicit_returning` parameter "
            "is deprecated and will be removed in a future release. ",
        ),
    )
    def create_engine(url: Union[str, _url.URL], **kwargs: Any) -&gt; Engine:
        """Create a new :class:`_engine.Engine` instance.

        The standard calling form is to send the :ref:`URL &lt;database_urls&gt;` as the
        first positional argument, usually a string
        that indicates database dialect and connection arguments::

            engine = create_engine("postgresql+psycopg2://scott:tiger@localhost/test")

        .. note::

            Please review :ref:`database_urls` for general guidelines in composing
            URL strings.  In particular, special characters, such as those often
            part of passwords, must be URL encoded to be properly parsed.

        Additional keyword arguments may then follow it which
        establish various options on the resulting :class:`_engine.Engine`
        and its underlying :class:`.Dialect` and :class:`_pool.Pool`
        constructs::

            engine = create_engine(
                "mysql+mysqldb://scott:tiger@hostname/dbname",
                pool_recycle=3600,
                echo=True,
            )

        The string form of the URL is
        ``dialect[+driver]://user:password@host/dbname[?key=value..]``, where
        ``dialect`` is a database name such as ``mysql``, ``oracle``,
        ``postgresql``, etc., and ``driver`` the name of a DBAPI, such as
        ``psycopg2``, ``pyodbc``, ``cx_oracle``, etc.  Alternatively,
        the URL can be an instance of :class:`~sqlalchemy.engine.url.URL`.

        ``**kwargs`` takes a wide variety of options which are routed
        towards their appropriate components.  Arguments may be specific to
        the :class:`_engine.Engine`, the underlying :class:`.Dialect`,
        as well as the
        :class:`_pool.Pool`.  Specific dialects also accept keyword arguments that
        are unique to that dialect.   Here, we describe the parameters
        that are common to most :func:`_sa.create_engine()` usage.

        Once established, the newly resulting :class:`_engine.Engine` will
        request a connection from the underlying :class:`_pool.Pool` once
        :meth:`_engine.Engine.connect` is called, or a method which depends on it
        such as :meth:`_engine.Engine.execute` is invoked.   The
        :class:`_pool.Pool` in turn
        will establish the first actual DBAPI connection when this request
        is received.   The :func:`_sa.create_engine` call itself does **not**
        establish any actual DBAPI connections directly.

        .. seealso::

            :doc:`/core/engines`

            :doc:`/dialects/index`

            :ref:`connections_toplevel`

        :param connect_args: a dictionary of options which will be
            passed directly to the DBAPI's ``connect()`` method as
            additional keyword arguments.  See the example
            at :ref:`custom_dbapi_args`.

        :param creator: a callable which returns a DBAPI connection.
            This creation function will be passed to the underlying
            connection pool and will be used to create all new database
            connections. Usage of this function causes connection
            parameters specified in the URL argument to be bypassed.

            This hook is not as flexible as the newer
            :meth:`_events.DialectEvents.do_connect` hook which allows complete
            control over how a connection is made to the database, given the full
            set of URL arguments and state beforehand.

            .. seealso::

                :meth:`_events.DialectEvents.do_connect` - event hook that allows
                full control over DBAPI connection mechanics.

                :ref:`custom_dbapi_args`

        :param echo=False: if True, the Engine will log all statements
            as well as a ``repr()`` of their parameter lists to the default log
            handler, which defaults to ``sys.stdout`` for output.   If set to the
            string ``"debug"``, result rows will be printed to the standard output
            as well. The ``echo`` attribute of ``Engine`` can be modified at any
            time to turn logging on and off; direct control of logging is also
            available using the standard Python ``logging`` module.

            .. seealso::

                :ref:`dbengine_logging` - further detail on how to configure
                logging.


        :param echo_pool=False: if True, the connection pool will log
            informational output such as when connections are invalidated
            as well as when connections are recycled to the default log handler,
            which defaults to ``sys.stdout`` for output.   If set to the string
            ``"debug"``, the logging will include pool checkouts and checkins.
            Direct control of logging is also available using the standard Python
            ``logging`` module.

            .. seealso::

                :ref:`dbengine_logging` - further detail on how to configure
                logging.


        :param empty_in_strategy:   No longer used; SQLAlchemy now uses
            "empty set" behavior for IN in all cases.

        :param enable_from_linting: defaults to True.  Will emit a warning
            if a given SELECT statement is found to have un-linked FROM elements
            which would cause a cartesian product.

            .. versionadded:: 1.4

            .. seealso::

                :ref:`change_4737`

        :param execution_options: Dictionary execution options which will
            be applied to all connections.  See
            :meth:`~sqlalchemy.engine.Connection.execution_options`

        :param future: Use the 2.0 style :class:`_engine.Engine` and
            :class:`_engine.Connection` API.

            As of SQLAlchemy 2.0, this parameter is present for backwards
            compatibility only and must remain at its default value of ``True``.

            The :paramref:`_sa.create_engine.future` parameter will be
            deprecated in a subsequent 2.x release and eventually removed.

            .. versionadded:: 1.4

            .. versionchanged:: 2.0 All :class:`_engine.Engine` objects are
               "future" style engines and there is no longer a ``future=False``
               mode of operation.

            .. seealso::

                :ref:`migration_20_toplevel`

        :param hide_parameters: Boolean, when set to True, SQL statement parameters
            will not be displayed in INFO logging nor will they be formatted into
            the string representation of :class:`.StatementError` objects.

            .. versionadded:: 1.3.8

            .. seealso::

                :ref:`dbengine_logging` - further detail on how to configure
                logging.

        :param implicit_returning=True:  Legacy parameter that may only be set
            to True. In SQLAlchemy 2.0, this parameter does nothing. In order to
            disable "implicit returning" for statements invoked by the ORM,
            configure this on a per-table basis using the
            :paramref:`.Table.implicit_returning` parameter.


        :param insertmanyvalues_page_size: number of rows to format into an
         INSERT statement when the statement uses "insertmanyvalues" mode, which is
         a paged form of bulk insert that is used for many backends when using
         :term:`executemany` execution typically in conjunction with RETURNING.
         Defaults to 1000, but may also be subject to dialect-specific limiting
         factors which may override this value on a per-statement basis.

         .. versionadded:: 2.0

         .. seealso::

            :ref:`engine_insertmanyvalues`

            :ref:`engine_insertmanyvalues_page_size`

            :paramref:`_engine.Connection.execution_options.insertmanyvalues_page_size`

        :param isolation_level: optional string name of an isolation level
            which will be set on all new connections unconditionally.
            Isolation levels are typically some subset of the string names
            ``"SERIALIZABLE"``, ``"REPEATABLE READ"``,
            ``"READ COMMITTED"``, ``"READ UNCOMMITTED"`` and ``"AUTOCOMMIT"``
            based on backend.

            The :paramref:`_sa.create_engine.isolation_level` parameter is
            in contrast to the
            :paramref:`.Connection.execution_options.isolation_level`
            execution option, which may be set on an individual
            :class:`.Connection`, as well as the same parameter passed to
            :meth:`.Engine.execution_options`, where it may be used to create
            multiple engines with different isolation levels that share a common
            connection pool and dialect.

            .. versionchanged:: 2.0 The
               :paramref:`_sa.create_engine.isolation_level`
               parameter has been generalized to work on all dialects which support
               the concept of isolation level, and is provided as a more succinct,
               up front configuration switch in contrast to the execution option
               which is more of an ad-hoc programmatic option.

            .. seealso::

                :ref:`dbapi_autocommit`

        :param json_deserializer: for dialects that support the
            :class:`_types.JSON`
            datatype, this is a Python callable that will convert a JSON string
            to a Python object.  By default, the Python ``json.loads`` function is
            used.

            .. versionchanged:: 1.3.7  The SQLite dialect renamed this from
               ``_json_deserializer``.

        :param json_serializer: for dialects that support the :class:`_types.JSON`
            datatype, this is a Python callable that will render a given object
            as JSON.   By default, the Python ``json.dumps`` function is used.

            .. versionchanged:: 1.3.7  The SQLite dialect renamed this from
               ``_json_serializer``.


        :param label_length=None: optional integer value which limits
            the size of dynamically generated column labels to that many
            characters. If less than 6, labels are generated as
            "_(counter)". If ``None``, the value of
            ``dialect.max_identifier_length``, which may be affected via the
            :paramref:`_sa.create_engine.max_identifier_length` parameter,
            is used instead.   The value of
            :paramref:`_sa.create_engine.label_length`
            may not be larger than that of
            :paramref:`_sa.create_engine.max_identfier_length`.

            .. seealso::

                :paramref:`_sa.create_engine.max_identifier_length`

        :param logging_name:  String identifier which will be used within
            the "name" field of logging records generated within the
            "sqlalchemy.engine" logger. Defaults to a hexstring of the
            object's id.

            .. seealso::

                :ref:`dbengine_logging` - further detail on how to configure
                logging.

                :paramref:`_engine.Connection.execution_options.logging_token`

        :param max_identifier_length: integer; override the max_identifier_length
            determined by the dialect.  if ``None`` or zero, has no effect.  This
            is the database's configured maximum number of characters that may be
            used in a SQL identifier such as a table name, column name, or label
            name. All dialects determine this value automatically, however in the
            case of a new database version for which this value has changed but
            SQLAlchemy's dialect has not been adjusted, the value may be passed
            here.

            .. versionadded:: 1.3.9

            .. seealso::

                :paramref:`_sa.create_engine.label_length`

        :param max_overflow=10: the number of connections to allow in
            connection pool "overflow", that is connections that can be
            opened above and beyond the pool_size setting, which defaults
            to five. this is only used with :class:`~sqlalchemy.pool.QueuePool`.

        :param module=None: reference to a Python module object (the module
            itself, not its string name).  Specifies an alternate DBAPI module to
            be used by the engine's dialect.  Each sub-dialect references a
            specific DBAPI which will be imported before first connect.  This
            parameter causes the import to be bypassed, and the given module to
            be used instead. Can be used for testing of DBAPIs as well as to
            inject "mock" DBAPI implementations into the :class:`_engine.Engine`.

        :param paramstyle=None: The `paramstyle &lt;https://legacy.python.org/dev/peps/pep-0249/#paramstyle&gt;`_
            to use when rendering bound parameters.  This style defaults to the
            one recommended by the DBAPI itself, which is retrieved from the
            ``.paramstyle`` attribute of the DBAPI.  However, most DBAPIs accept
            more than one paramstyle, and in particular it may be desirable
            to change a "named" paramstyle into a "positional" one, or vice versa.
            When this attribute is passed, it should be one of the values
            ``"qmark"``, ``"numeric"``, ``"named"``, ``"format"`` or
            ``"pyformat"``, and should correspond to a parameter style known
            to be supported by the DBAPI in use.

        :param pool=None: an already-constructed instance of
            :class:`~sqlalchemy.pool.Pool`, such as a
            :class:`~sqlalchemy.pool.QueuePool` instance. If non-None, this
            pool will be used directly as the underlying connection pool
            for the engine, bypassing whatever connection parameters are
            present in the URL argument. For information on constructing
            connection pools manually, see :ref:`pooling_toplevel`.

        :param poolclass=None: a :class:`~sqlalchemy.pool.Pool`
            subclass, which will be used to create a connection pool
            instance using the connection parameters given in the URL. Note
            this differs from ``pool`` in that you don't actually
            instantiate the pool in this case, you just indicate what type
            of pool to be used.

        :param pool_logging_name:  String identifier which will be used within
           the "name" field of logging records generated within the
           "sqlalchemy.pool" logger. Defaults to a hexstring of the object's
           id.

           .. seealso::

                :ref:`dbengine_logging` - further detail on how to configure
                logging.

        :param pool_pre_ping: boolean, if True will enable the connection pool
            "pre-ping" feature that tests connections for liveness upon
            each checkout.

            .. versionadded:: 1.2

            .. seealso::

                :ref:`pool_disconnects_pessimistic`

        :param pool_size=5: the number of connections to keep open
            inside the connection pool. This used with
            :class:`~sqlalchemy.pool.QueuePool` as
            well as :class:`~sqlalchemy.pool.SingletonThreadPool`.  With
            :class:`~sqlalchemy.pool.QueuePool`, a ``pool_size`` setting
            of 0 indicates no limit; to disable pooling, set ``poolclass`` to
            :class:`~sqlalchemy.pool.NullPool` instead.

        :param pool_recycle=-1: this setting causes the pool to recycle
            connections after the given number of seconds has passed. It
            defaults to -1, or no timeout. For example, setting to 3600
            means connections will be recycled after one hour. Note that
            MySQL in particular will disconnect automatically if no
            activity is detected on a connection for eight hours (although
            this is configurable with the MySQLDB connection itself and the
            server configuration as well).

            .. seealso::

                :ref:`pool_setting_recycle`

        :param pool_reset_on_return='rollback': set the
            :paramref:`_pool.Pool.reset_on_return` parameter of the underlying
            :class:`_pool.Pool` object, which can be set to the values
            ``"rollback"``, ``"commit"``, or ``None``.

            .. seealso::

                :ref:`pool_reset_on_return`

                :ref:`dbapi_autocommit_skip_rollback` - a more modern approach
                to using connections with no transactional instructions

        :param pool_timeout=30: number of seconds to wait before giving
            up on getting a connection from the pool. This is only used
            with :class:`~sqlalchemy.pool.QueuePool`. This can be a float but is
            subject to the limitations of Python time functions which may not be
            reliable in the tens of milliseconds.

            .. note: don't use 30.0 above, it seems to break with the :param tag

        :param pool_use_lifo=False: use LIFO (last-in-first-out) when retrieving
            connections from :class:`.QueuePool` instead of FIFO
            (first-in-first-out). Using LIFO, a server-side timeout scheme can
            reduce the number of connections used during non- peak   periods of
            use.   When planning for server-side timeouts, ensure that a recycle or
            pre-ping strategy is in use to gracefully   handle stale connections.

              .. versionadded:: 1.3

              .. seealso::

                :ref:`pool_use_lifo`

                :ref:`pool_disconnects`

        :param plugins: string list of plugin names to load.  See
            :class:`.CreateEnginePlugin` for background.

            .. versionadded:: 1.2.3

        :param query_cache_size: size of the cache used to cache the SQL string
         form of queries.  Set to zero to disable caching.

         The cache is pruned of its least recently used items when its size reaches
         N * 1.5.  Defaults to 500, meaning the cache will always store at least
         500 SQL statements when filled, and will grow up to 750 items at which
         point it is pruned back down to 500 by removing the 250 least recently
         used items.

         Caching is accomplished on a per-statement basis by generating a
         cache key that represents the statement's structure, then generating
         string SQL for the current dialect only if that key is not present
         in the cache.   All statements support caching, however some features
         such as an INSERT with a large set of parameters will intentionally
         bypass the cache.   SQL logging will indicate statistics for each
         statement whether or not it were pull from the cache.

         .. note:: some ORM functions related to unit-of-work persistence as well
            as some attribute loading strategies will make use of individual
            per-mapper caches outside of the main cache.


         .. seealso::

            :ref:`sql_caching`

         .. versionadded:: 1.4

        :param skip_autocommit_rollback: When True, the dialect will
           unconditionally skip all calls to the DBAPI ``connection.rollback()``
           method if the DBAPI connection is confirmed to be in "autocommit" mode.
           The availability of this feature is dialect specific; if not available,
           a ``NotImplementedError`` is raised by the dialect when rollback occurs.

           .. seealso::

                :ref:`dbapi_autocommit_skip_rollback`

           .. versionadded:: 2.0.43

        :param use_insertmanyvalues: True by default, use the "insertmanyvalues"
         execution style for INSERT..RETURNING statements by default.

         .. versionadded:: 2.0

         .. seealso::

            :ref:`engine_insertmanyvalues`

        """  # noqa

        if "strategy" in kwargs:
            strat = kwargs.pop("strategy")
            if strat == "mock":
                # this case is deprecated
                return create_mock_engine(url, **kwargs)  # type: ignore
            else:
                raise exc.ArgumentError("unknown strategy: %r" % strat)

        kwargs.pop("empty_in_strategy", None)

        # create url.URL object
        u = _url.make_url(url)

        u, plugins, kwargs = u._instantiate_plugins(kwargs)

        entrypoint = u._get_entrypoint()
        _is_async = kwargs.pop("_is_async", False)
        if _is_async:
            dialect_cls = entrypoint.get_async_dialect_cls(u)
        else:
            dialect_cls = entrypoint.get_dialect_cls(u)

        if kwargs.pop("_coerce_config", False):

            def pop_kwarg(key: str, default: Optional[Any] = None) -&gt; Any:
                value = kwargs.pop(key, default)
                if key in dialect_cls.engine_config_types:
                    value = dialect_cls.engine_config_types[key](value)
                return value

        else:
            pop_kwarg = kwargs.pop  # type: ignore

        dialect_args = {}
        # consume dialect arguments from kwargs
        for k in util.get_cls_kwargs(dialect_cls):
            if k in kwargs:
                dialect_args[k] = pop_kwarg(k)

        dbapi = kwargs.pop("module", None)
        if dbapi is None:
            dbapi_args = {}

            if "import_dbapi" in dialect_cls.__dict__:
                dbapi_meth = dialect_cls.import_dbapi

            elif hasattr(dialect_cls, "dbapi") and inspect.ismethod(
                dialect_cls.dbapi
            ):
                util.warn_deprecated(
                    "The dbapi() classmethod on dialect classes has been "
                    "renamed to import_dbapi().  Implement an import_dbapi() "
                    f"classmethod directly on class {dialect_cls} to remove this "
                    "warning; the old .dbapi() classmethod may be maintained for "
                    "backwards compatibility.",
                    "2.0",
                )
                dbapi_meth = dialect_cls.dbapi
            else:
                dbapi_meth = dialect_cls.import_dbapi

            for k in util.get_func_kwargs(dbapi_meth):
                if k in kwargs:
                    dbapi_args[k] = pop_kwarg(k)
&gt;           dbapi = dbapi_meth(**dbapi_args)
                    ^^^^^^^^^^^^^^^^^^^^^^^^

/usr/local/lib/python3.11/dist-packages/sqlalchemy/engine/create.py:617:
_ _ _ _ _ _ _ _ _ _ _ _ _ _ _ _ _ _ _ _ _ _ _ _ _ _ _ _ _ _ _ _ _ _ _ _ _ _ _ _

cls = &lt;class 'sqlalchemy.dialects.sqlite.aiosqlite.SQLiteDialect_aiosqlite'&gt;

    @classmethod
    def import_dbapi(cls) -&gt; AsyncAdapt_aiosqlite_dbapi:
        return AsyncAdapt_aiosqlite_dbapi(
&gt;           __import__("aiosqlite"), __import__("sqlite3")
            ^^^^^^^^^^^^^^^^^^^^^^^
        )
E       ModuleNotFoundError: No module named 'aiosqlite'

/usr/local/lib/python3.11/dist-packages/sqlalchemy/dialects/sqlite/aiosqlite.py:449: ModuleNotFoundError</error></testcase><testcase classname="tests.integration.test_repository_db.TestPositionRepository" name="test_get_by_symbol_and_user" time="0.001"><error message="failed on setup with &quot;ModuleNotFoundError: No module named 'aiosqlite'&quot;">@pytest.fixture(scope="module")
    def async_engine():
        """Module-scoped async engine with tables created once."""
        import asyncio

&gt;       eng = create_async_engine(
            _ASYNC_URL,
            connect_args={"check_same_thread": False},
            poolclass=StaticPool,
        )

tests/integration/test_repository_db.py:78:
_ _ _ _ _ _ _ _ _ _ _ _ _ _ _ _ _ _ _ _ _ _ _ _ _ _ _ _ _ _ _ _ _ _ _ _ _ _ _ _

func = &lt;function create_async_engine at 0x7f8919a142c0&gt;, module = None
args = ('sqlite+aiosqlite:///:memory:',)
kwargs = {'connect_args': {'check_same_thread': False}, 'poolclass': &lt;class 'sqlalchemy.pool.impl.StaticPool'&gt;}

    def _wrap_create_async_engine_internal(func, module, args, kwargs):
        """Trace the SQLAlchemy engine, creating an `EngineTracer`
        object that will listen to SQLAlchemy events.
        """
        if not is_instrumentation_enabled():
            return func(*args, **kwargs)

&gt;       engine = func(*args, **kwargs)
                 ^^^^^^^^^^^^^^^^^^^^^

/usr/local/lib/python3.11/dist-packages/opentelemetry/instrumentation/sqlalchemy/engine.py:139:
_ _ _ _ _ _ _ _ _ _ _ _ _ _ _ _ _ _ _ _ _ _ _ _ _ _ _ _ _ _ _ _ _ _ _ _ _ _ _ _

url = 'sqlite+aiosqlite:///:memory:'
kw = {'_is_async': True, 'connect_args': {'check_same_thread': False}, 'poolclass': &lt;class 'sqlalchemy.pool.impl.StaticPool'&gt;}

    def create_async_engine(url: Union[str, URL], **kw: Any) -&gt; AsyncEngine:
        """Create a new async engine instance.

        Arguments passed to :func:`_asyncio.create_async_engine` are mostly
        identical to those passed to the :func:`_sa.create_engine` function.
        The specified dialect must be an asyncio-compatible dialect
        such as :ref:`dialect-postgresql-asyncpg`.

        .. versionadded:: 1.4

        :param async_creator: an async callable which returns a driver-level
            asyncio connection. If given, the function should take no arguments,
            and return a new asyncio connection from the underlying asyncio
            database driver; the connection will be wrapped in the appropriate
            structures to be used with the :class:`.AsyncEngine`.   Note that the
            parameters specified in the URL are not applied here, and the creator
            function should use its own connection parameters.

            This parameter is the asyncio equivalent of the
            :paramref:`_sa.create_engine.creator` parameter of the
            :func:`_sa.create_engine` function.

            .. versionadded:: 2.0.16

        """

        if kw.get("server_side_cursors", False):
            raise async_exc.AsyncMethodRequired(
                "Can't set server_side_cursors for async engine globally; "
                "use the connection.stream() method for an async "
                "streaming result set"
            )
        kw["_is_async"] = True
        async_creator = kw.pop("async_creator", None)
        if async_creator:
            if kw.get("creator", None):
                raise ArgumentError(
                    "Can only specify one of 'async_creator' or 'creator', "
                    "not both."
                )

            def creator() -&gt; Any:
                # note that to send adapted arguments like
                # prepared_statement_cache_size, user would use
                # "creator" and emulate this form here
                return sync_engine.dialect.dbapi.connect(  # type: ignore
                    async_creator_fn=async_creator
                )

            kw["creator"] = creator
&gt;       sync_engine = _create_engine(url, **kw)
                      ^^^^^^^^^^^^^^^^^^^^^^^^^

/usr/local/lib/python3.11/dist-packages/sqlalchemy/ext/asyncio/engine.py:120:
_ _ _ _ _ _ _ _ _ _ _ _ _ _ _ _ _ _ _ _ _ _ _ _ _ _ _ _ _ _ _ _ _ _ _ _ _ _ _ _

url = 'sqlite+aiosqlite:///:memory:'
kwargs = {'_is_async': True, 'connect_args': {'check_same_thread': False}, 'poolclass': &lt;class 'sqlalchemy.pool.impl.StaticPool'&gt;}

&gt;   ???

&lt;string&gt;:2:
_ _ _ _ _ _ _ _ _ _ _ _ _ _ _ _ _ _ _ _ _ _ _ _ _ _ _ _ _ _ _ _ _ _ _ _ _ _ _ _

fn = &lt;function create_engine at 0x7f8919b2aac0&gt;
args = ('sqlite+aiosqlite:///:memory:',)
kwargs = {'_is_async': True, 'connect_args': {'check_same_thread': False}, 'poolclass': &lt;class 'sqlalchemy.pool.impl.StaticPool'&gt;}
m = 'implicit_returning'

    @decorator
    def warned(fn: _F, *args: Any, **kwargs: Any) -&gt; _F:
        for m in check_defaults:
            if (defaults[m] is None and kwargs[m] is not None) or (
                defaults[m] is not None and kwargs[m] != defaults[m]
            ):
                _warn_with_version(
                    messages[m],
                    versions[m],
                    version_warnings[m],
                    stacklevel=3,
                )

        if check_any_kw in messages and set(kwargs).difference(
            check_defaults
        ):
            assert check_any_kw is not None
            _warn_with_version(
                messages[check_any_kw],
                versions[check_any_kw],
                version_warnings[check_any_kw],
                stacklevel=3,
            )

        for m in check_kw:
            if m in kwargs:
                _warn_with_version(
                    messages[m],
                    versions[m],
                    version_warnings[m],
                    stacklevel=3,
                )
&gt;       return fn(*args, **kwargs)  # type: ignore[no-any-return]
               ^^^^^^^^^^^^^^^^^^^

/usr/local/lib/python3.11/dist-packages/sqlalchemy/util/deprecations.py:281:
_ _ _ _ _ _ _ _ _ _ _ _ _ _ _ _ _ _ _ _ _ _ _ _ _ _ _ _ _ _ _ _ _ _ _ _ _ _ _ _

url = 'sqlite+aiosqlite:///:memory:'
kwargs = {'connect_args': {'check_same_thread': False}, 'poolclass': &lt;class 'sqlalchemy.pool.impl.StaticPool'&gt;}
u = sqlite+aiosqlite:///:memory:, plugins = []
entrypoint = &lt;class 'sqlalchemy.dialects.sqlite.aiosqlite.SQLiteDialect_aiosqlite'&gt;
_is_async = True
pop_kwarg = &lt;built-in method pop of dict object at 0x7f881f8be200&gt;
dialect_args = {}

    @util.deprecated_params(
        strategy=(
            "1.4",
            "The :paramref:`_sa.create_engine.strategy` keyword is deprecated, "
            "and the only argument accepted is 'mock'; please use "
            ":func:`.create_mock_engine` going forward.  For general "
            "customization of create_engine which may have been accomplished "
            "using strategies, see :class:`.CreateEnginePlugin`.",
        ),
        empty_in_strategy=(
            "1.4",
            "The :paramref:`_sa.create_engine.empty_in_strategy` keyword is "
            "deprecated, and no longer has any effect.  All IN expressions "
            "are now rendered using "
            'the "expanding parameter" strategy which renders a set of bound'
            'expressions, or an "empty set" SELECT, at statement execution'
            "time.",
        ),
        implicit_returning=(
            "2.0",
            "The :paramref:`_sa.create_engine.implicit_returning` parameter "
            "is deprecated and will be removed in a future release. ",
        ),
    )
    def create_engine(url: Union[str, _url.URL], **kwargs: Any) -&gt; Engine:
        """Create a new :class:`_engine.Engine` instance.

        The standard calling form is to send the :ref:`URL &lt;database_urls&gt;` as the
        first positional argument, usually a string
        that indicates database dialect and connection arguments::

            engine = create_engine("postgresql+psycopg2://scott:tiger@localhost/test")

        .. note::

            Please review :ref:`database_urls` for general guidelines in composing
            URL strings.  In particular, special characters, such as those often
            part of passwords, must be URL encoded to be properly parsed.

        Additional keyword arguments may then follow it which
        establish various options on the resulting :class:`_engine.Engine`
        and its underlying :class:`.Dialect` and :class:`_pool.Pool`
        constructs::

            engine = create_engine(
                "mysql+mysqldb://scott:tiger@hostname/dbname",
                pool_recycle=3600,
                echo=True,
            )

        The string form of the URL is
        ``dialect[+driver]://user:password@host/dbname[?key=value..]``, where
        ``dialect`` is a database name such as ``mysql``, ``oracle``,
        ``postgresql``, etc., and ``driver`` the name of a DBAPI, such as
        ``psycopg2``, ``pyodbc``, ``cx_oracle``, etc.  Alternatively,
        the URL can be an instance of :class:`~sqlalchemy.engine.url.URL`.

        ``**kwargs`` takes a wide variety of options which are routed
        towards their appropriate components.  Arguments may be specific to
        the :class:`_engine.Engine`, the underlying :class:`.Dialect`,
        as well as the
        :class:`_pool.Pool`.  Specific dialects also accept keyword arguments that
        are unique to that dialect.   Here, we describe the parameters
        that are common to most :func:`_sa.create_engine()` usage.

        Once established, the newly resulting :class:`_engine.Engine` will
        request a connection from the underlying :class:`_pool.Pool` once
        :meth:`_engine.Engine.connect` is called, or a method which depends on it
        such as :meth:`_engine.Engine.execute` is invoked.   The
        :class:`_pool.Pool` in turn
        will establish the first actual DBAPI connection when this request
        is received.   The :func:`_sa.create_engine` call itself does **not**
        establish any actual DBAPI connections directly.

        .. seealso::

            :doc:`/core/engines`

            :doc:`/dialects/index`

            :ref:`connections_toplevel`

        :param connect_args: a dictionary of options which will be
            passed directly to the DBAPI's ``connect()`` method as
            additional keyword arguments.  See the example
            at :ref:`custom_dbapi_args`.

        :param creator: a callable which returns a DBAPI connection.
            This creation function will be passed to the underlying
            connection pool and will be used to create all new database
            connections. Usage of this function causes connection
            parameters specified in the URL argument to be bypassed.

            This hook is not as flexible as the newer
            :meth:`_events.DialectEvents.do_connect` hook which allows complete
            control over how a connection is made to the database, given the full
            set of URL arguments and state beforehand.

            .. seealso::

                :meth:`_events.DialectEvents.do_connect` - event hook that allows
                full control over DBAPI connection mechanics.

                :ref:`custom_dbapi_args`

        :param echo=False: if True, the Engine will log all statements
            as well as a ``repr()`` of their parameter lists to the default log
            handler, which defaults to ``sys.stdout`` for output.   If set to the
            string ``"debug"``, result rows will be printed to the standard output
            as well. The ``echo`` attribute of ``Engine`` can be modified at any
            time to turn logging on and off; direct control of logging is also
            available using the standard Python ``logging`` module.

            .. seealso::

                :ref:`dbengine_logging` - further detail on how to configure
                logging.


        :param echo_pool=False: if True, the connection pool will log
            informational output such as when connections are invalidated
            as well as when connections are recycled to the default log handler,
            which defaults to ``sys.stdout`` for output.   If set to the string
            ``"debug"``, the logging will include pool checkouts and checkins.
            Direct control of logging is also available using the standard Python
            ``logging`` module.

            .. seealso::

                :ref:`dbengine_logging` - further detail on how to configure
                logging.


        :param empty_in_strategy:   No longer used; SQLAlchemy now uses
            "empty set" behavior for IN in all cases.

        :param enable_from_linting: defaults to True.  Will emit a warning
            if a given SELECT statement is found to have un-linked FROM elements
            which would cause a cartesian product.

            .. versionadded:: 1.4

            .. seealso::

                :ref:`change_4737`

        :param execution_options: Dictionary execution options which will
            be applied to all connections.  See
            :meth:`~sqlalchemy.engine.Connection.execution_options`

        :param future: Use the 2.0 style :class:`_engine.Engine` and
            :class:`_engine.Connection` API.

            As of SQLAlchemy 2.0, this parameter is present for backwards
            compatibility only and must remain at its default value of ``True``.

            The :paramref:`_sa.create_engine.future` parameter will be
            deprecated in a subsequent 2.x release and eventually removed.

            .. versionadded:: 1.4

            .. versionchanged:: 2.0 All :class:`_engine.Engine` objects are
               "future" style engines and there is no longer a ``future=False``
               mode of operation.

            .. seealso::

                :ref:`migration_20_toplevel`

        :param hide_parameters: Boolean, when set to True, SQL statement parameters
            will not be displayed in INFO logging nor will they be formatted into
            the string representation of :class:`.StatementError` objects.

            .. versionadded:: 1.3.8

            .. seealso::

                :ref:`dbengine_logging` - further detail on how to configure
                logging.

        :param implicit_returning=True:  Legacy parameter that may only be set
            to True. In SQLAlchemy 2.0, this parameter does nothing. In order to
            disable "implicit returning" for statements invoked by the ORM,
            configure this on a per-table basis using the
            :paramref:`.Table.implicit_returning` parameter.


        :param insertmanyvalues_page_size: number of rows to format into an
         INSERT statement when the statement uses "insertmanyvalues" mode, which is
         a paged form of bulk insert that is used for many backends when using
         :term:`executemany` execution typically in conjunction with RETURNING.
         Defaults to 1000, but may also be subject to dialect-specific limiting
         factors which may override this value on a per-statement basis.

         .. versionadded:: 2.0

         .. seealso::

            :ref:`engine_insertmanyvalues`

            :ref:`engine_insertmanyvalues_page_size`

            :paramref:`_engine.Connection.execution_options.insertmanyvalues_page_size`

        :param isolation_level: optional string name of an isolation level
            which will be set on all new connections unconditionally.
            Isolation levels are typically some subset of the string names
            ``"SERIALIZABLE"``, ``"REPEATABLE READ"``,
            ``"READ COMMITTED"``, ``"READ UNCOMMITTED"`` and ``"AUTOCOMMIT"``
            based on backend.

            The :paramref:`_sa.create_engine.isolation_level` parameter is
            in contrast to the
            :paramref:`.Connection.execution_options.isolation_level`
            execution option, which may be set on an individual
            :class:`.Connection`, as well as the same parameter passed to
            :meth:`.Engine.execution_options`, where it may be used to create
            multiple engines with different isolation levels that share a common
            connection pool and dialect.

            .. versionchanged:: 2.0 The
               :paramref:`_sa.create_engine.isolation_level`
               parameter has been generalized to work on all dialects which support
               the concept of isolation level, and is provided as a more succinct,
               up front configuration switch in contrast to the execution option
               which is more of an ad-hoc programmatic option.

            .. seealso::

                :ref:`dbapi_autocommit`

        :param json_deserializer: for dialects that support the
            :class:`_types.JSON`
            datatype, this is a Python callable that will convert a JSON string
            to a Python object.  By default, the Python ``json.loads`` function is
            used.

            .. versionchanged:: 1.3.7  The SQLite dialect renamed this from
               ``_json_deserializer``.

        :param json_serializer: for dialects that support the :class:`_types.JSON`
            datatype, this is a Python callable that will render a given object
            as JSON.   By default, the Python ``json.dumps`` function is used.

            .. versionchanged:: 1.3.7  The SQLite dialect renamed this from
               ``_json_serializer``.


        :param label_length=None: optional integer value which limits
            the size of dynamically generated column labels to that many
            characters. If less than 6, labels are generated as
            "_(counter)". If ``None``, the value of
            ``dialect.max_identifier_length``, which may be affected via the
            :paramref:`_sa.create_engine.max_identifier_length` parameter,
            is used instead.   The value of
            :paramref:`_sa.create_engine.label_length`
            may not be larger than that of
            :paramref:`_sa.create_engine.max_identfier_length`.

            .. seealso::

                :paramref:`_sa.create_engine.max_identifier_length`

        :param logging_name:  String identifier which will be used within
            the "name" field of logging records generated within the
            "sqlalchemy.engine" logger. Defaults to a hexstring of the
            object's id.

            .. seealso::

                :ref:`dbengine_logging` - further detail on how to configure
                logging.

                :paramref:`_engine.Connection.execution_options.logging_token`

        :param max_identifier_length: integer; override the max_identifier_length
            determined by the dialect.  if ``None`` or zero, has no effect.  This
            is the database's configured maximum number of characters that may be
            used in a SQL identifier such as a table name, column name, or label
            name. All dialects determine this value automatically, however in the
            case of a new database version for which this value has changed but
            SQLAlchemy's dialect has not been adjusted, the value may be passed
            here.

            .. versionadded:: 1.3.9

            .. seealso::

                :paramref:`_sa.create_engine.label_length`

        :param max_overflow=10: the number of connections to allow in
            connection pool "overflow", that is connections that can be
            opened above and beyond the pool_size setting, which defaults
            to five. this is only used with :class:`~sqlalchemy.pool.QueuePool`.

        :param module=None: reference to a Python module object (the module
            itself, not its string name).  Specifies an alternate DBAPI module to
            be used by the engine's dialect.  Each sub-dialect references a
            specific DBAPI which will be imported before first connect.  This
            parameter causes the import to be bypassed, and the given module to
            be used instead. Can be used for testing of DBAPIs as well as to
            inject "mock" DBAPI implementations into the :class:`_engine.Engine`.

        :param paramstyle=None: The `paramstyle &lt;https://legacy.python.org/dev/peps/pep-0249/#paramstyle&gt;`_
            to use when rendering bound parameters.  This style defaults to the
            one recommended by the DBAPI itself, which is retrieved from the
            ``.paramstyle`` attribute of the DBAPI.  However, most DBAPIs accept
            more than one paramstyle, and in particular it may be desirable
            to change a "named" paramstyle into a "positional" one, or vice versa.
            When this attribute is passed, it should be one of the values
            ``"qmark"``, ``"numeric"``, ``"named"``, ``"format"`` or
            ``"pyformat"``, and should correspond to a parameter style known
            to be supported by the DBAPI in use.

        :param pool=None: an already-constructed instance of
            :class:`~sqlalchemy.pool.Pool`, such as a
            :class:`~sqlalchemy.pool.QueuePool` instance. If non-None, this
            pool will be used directly as the underlying connection pool
            for the engine, bypassing whatever connection parameters are
            present in the URL argument. For information on constructing
            connection pools manually, see :ref:`pooling_toplevel`.

        :param poolclass=None: a :class:`~sqlalchemy.pool.Pool`
            subclass, which will be used to create a connection pool
            instance using the connection parameters given in the URL. Note
            this differs from ``pool`` in that you don't actually
            instantiate the pool in this case, you just indicate what type
            of pool to be used.

        :param pool_logging_name:  String identifier which will be used within
           the "name" field of logging records generated within the
           "sqlalchemy.pool" logger. Defaults to a hexstring of the object's
           id.

           .. seealso::

                :ref:`dbengine_logging` - further detail on how to configure
                logging.

        :param pool_pre_ping: boolean, if True will enable the connection pool
            "pre-ping" feature that tests connections for liveness upon
            each checkout.

            .. versionadded:: 1.2

            .. seealso::

                :ref:`pool_disconnects_pessimistic`

        :param pool_size=5: the number of connections to keep open
            inside the connection pool. This used with
            :class:`~sqlalchemy.pool.QueuePool` as
            well as :class:`~sqlalchemy.pool.SingletonThreadPool`.  With
            :class:`~sqlalchemy.pool.QueuePool`, a ``pool_size`` setting
            of 0 indicates no limit; to disable pooling, set ``poolclass`` to
            :class:`~sqlalchemy.pool.NullPool` instead.

        :param pool_recycle=-1: this setting causes the pool to recycle
            connections after the given number of seconds has passed. It
            defaults to -1, or no timeout. For example, setting to 3600
            means connections will be recycled after one hour. Note that
            MySQL in particular will disconnect automatically if no
            activity is detected on a connection for eight hours (although
            this is configurable with the MySQLDB connection itself and the
            server configuration as well).

            .. seealso::

                :ref:`pool_setting_recycle`

        :param pool_reset_on_return='rollback': set the
            :paramref:`_pool.Pool.reset_on_return` parameter of the underlying
            :class:`_pool.Pool` object, which can be set to the values
            ``"rollback"``, ``"commit"``, or ``None``.

            .. seealso::

                :ref:`pool_reset_on_return`

                :ref:`dbapi_autocommit_skip_rollback` - a more modern approach
                to using connections with no transactional instructions

        :param pool_timeout=30: number of seconds to wait before giving
            up on getting a connection from the pool. This is only used
            with :class:`~sqlalchemy.pool.QueuePool`. This can be a float but is
            subject to the limitations of Python time functions which may not be
            reliable in the tens of milliseconds.

            .. note: don't use 30.0 above, it seems to break with the :param tag

        :param pool_use_lifo=False: use LIFO (last-in-first-out) when retrieving
            connections from :class:`.QueuePool` instead of FIFO
            (first-in-first-out). Using LIFO, a server-side timeout scheme can
            reduce the number of connections used during non- peak   periods of
            use.   When planning for server-side timeouts, ensure that a recycle or
            pre-ping strategy is in use to gracefully   handle stale connections.

              .. versionadded:: 1.3

              .. seealso::

                :ref:`pool_use_lifo`

                :ref:`pool_disconnects`

        :param plugins: string list of plugin names to load.  See
            :class:`.CreateEnginePlugin` for background.

            .. versionadded:: 1.2.3

        :param query_cache_size: size of the cache used to cache the SQL string
         form of queries.  Set to zero to disable caching.

         The cache is pruned of its least recently used items when its size reaches
         N * 1.5.  Defaults to 500, meaning the cache will always store at least
         500 SQL statements when filled, and will grow up to 750 items at which
         point it is pruned back down to 500 by removing the 250 least recently
         used items.

         Caching is accomplished on a per-statement basis by generating a
         cache key that represents the statement's structure, then generating
         string SQL for the current dialect only if that key is not present
         in the cache.   All statements support caching, however some features
         such as an INSERT with a large set of parameters will intentionally
         bypass the cache.   SQL logging will indicate statistics for each
         statement whether or not it were pull from the cache.

         .. note:: some ORM functions related to unit-of-work persistence as well
            as some attribute loading strategies will make use of individual
            per-mapper caches outside of the main cache.


         .. seealso::

            :ref:`sql_caching`

         .. versionadded:: 1.4

        :param skip_autocommit_rollback: When True, the dialect will
           unconditionally skip all calls to the DBAPI ``connection.rollback()``
           method if the DBAPI connection is confirmed to be in "autocommit" mode.
           The availability of this feature is dialect specific; if not available,
           a ``NotImplementedError`` is raised by the dialect when rollback occurs.

           .. seealso::

                :ref:`dbapi_autocommit_skip_rollback`

           .. versionadded:: 2.0.43

        :param use_insertmanyvalues: True by default, use the "insertmanyvalues"
         execution style for INSERT..RETURNING statements by default.

         .. versionadded:: 2.0

         .. seealso::

            :ref:`engine_insertmanyvalues`

        """  # noqa

        if "strategy" in kwargs:
            strat = kwargs.pop("strategy")
            if strat == "mock":
                # this case is deprecated
                return create_mock_engine(url, **kwargs)  # type: ignore
            else:
                raise exc.ArgumentError("unknown strategy: %r" % strat)

        kwargs.pop("empty_in_strategy", None)

        # create url.URL object
        u = _url.make_url(url)

        u, plugins, kwargs = u._instantiate_plugins(kwargs)

        entrypoint = u._get_entrypoint()
        _is_async = kwargs.pop("_is_async", False)
        if _is_async:
            dialect_cls = entrypoint.get_async_dialect_cls(u)
        else:
            dialect_cls = entrypoint.get_dialect_cls(u)

        if kwargs.pop("_coerce_config", False):

            def pop_kwarg(key: str, default: Optional[Any] = None) -&gt; Any:
                value = kwargs.pop(key, default)
                if key in dialect_cls.engine_config_types:
                    value = dialect_cls.engine_config_types[key](value)
                return value

        else:
            pop_kwarg = kwargs.pop  # type: ignore

        dialect_args = {}
        # consume dialect arguments from kwargs
        for k in util.get_cls_kwargs(dialect_cls):
            if k in kwargs:
                dialect_args[k] = pop_kwarg(k)

        dbapi = kwargs.pop("module", None)
        if dbapi is None:
            dbapi_args = {}

            if "import_dbapi" in dialect_cls.__dict__:
                dbapi_meth = dialect_cls.import_dbapi

            elif hasattr(dialect_cls, "dbapi") and inspect.ismethod(
                dialect_cls.dbapi
            ):
                util.warn_deprecated(
                    "The dbapi() classmethod on dialect classes has been "
                    "renamed to import_dbapi().  Implement an import_dbapi() "
                    f"classmethod directly on class {dialect_cls} to remove this "
                    "warning; the old .dbapi() classmethod may be maintained for "
                    "backwards compatibility.",
                    "2.0",
                )
                dbapi_meth = dialect_cls.dbapi
            else:
                dbapi_meth = dialect_cls.import_dbapi

            for k in util.get_func_kwargs(dbapi_meth):
                if k in kwargs:
                    dbapi_args[k] = pop_kwarg(k)
&gt;           dbapi = dbapi_meth(**dbapi_args)
                    ^^^^^^^^^^^^^^^^^^^^^^^^

/usr/local/lib/python3.11/dist-packages/sqlalchemy/engine/create.py:617:
_ _ _ _ _ _ _ _ _ _ _ _ _ _ _ _ _ _ _ _ _ _ _ _ _ _ _ _ _ _ _ _ _ _ _ _ _ _ _ _

cls = &lt;class 'sqlalchemy.dialects.sqlite.aiosqlite.SQLiteDialect_aiosqlite'&gt;

    @classmethod
    def import_dbapi(cls) -&gt; AsyncAdapt_aiosqlite_dbapi:
        return AsyncAdapt_aiosqlite_dbapi(
&gt;           __import__("aiosqlite"), __import__("sqlite3")
            ^^^^^^^^^^^^^^^^^^^^^^^
        )
E       ModuleNotFoundError: No module named 'aiosqlite'

/usr/local/lib/python3.11/dist-packages/sqlalchemy/dialects/sqlite/aiosqlite.py:449: ModuleNotFoundError</error></testcase><testcase classname="tests.integration.test_repository_db.TestPositionRepository" name="test_get_by_symbol_and_user_not_found" time="0.001"><error message="failed on setup with &quot;ModuleNotFoundError: No module named 'aiosqlite'&quot;">@pytest.fixture(scope="module")
    def async_engine():
        """Module-scoped async engine with tables created once."""
        import asyncio

&gt;       eng = create_async_engine(
            _ASYNC_URL,
            connect_args={"check_same_thread": False},
            poolclass=StaticPool,
        )

tests/integration/test_repository_db.py:78:
_ _ _ _ _ _ _ _ _ _ _ _ _ _ _ _ _ _ _ _ _ _ _ _ _ _ _ _ _ _ _ _ _ _ _ _ _ _ _ _

func = &lt;function create_async_engine at 0x7f8919a142c0&gt;, module = None
args = ('sqlite+aiosqlite:///:memory:',)
kwargs = {'connect_args': {'check_same_thread': False}, 'poolclass': &lt;class 'sqlalchemy.pool.impl.StaticPool'&gt;}

    def _wrap_create_async_engine_internal(func, module, args, kwargs):
        """Trace the SQLAlchemy engine, creating an `EngineTracer`
        object that will listen to SQLAlchemy events.
        """
        if not is_instrumentation_enabled():
            return func(*args, **kwargs)

&gt;       engine = func(*args, **kwargs)
                 ^^^^^^^^^^^^^^^^^^^^^

/usr/local/lib/python3.11/dist-packages/opentelemetry/instrumentation/sqlalchemy/engine.py:139:
_ _ _ _ _ _ _ _ _ _ _ _ _ _ _ _ _ _ _ _ _ _ _ _ _ _ _ _ _ _ _ _ _ _ _ _ _ _ _ _

url = 'sqlite+aiosqlite:///:memory:'
kw = {'_is_async': True, 'connect_args': {'check_same_thread': False}, 'poolclass': &lt;class 'sqlalchemy.pool.impl.StaticPool'&gt;}

    def create_async_engine(url: Union[str, URL], **kw: Any) -&gt; AsyncEngine:
        """Create a new async engine instance.

        Arguments passed to :func:`_asyncio.create_async_engine` are mostly
        identical to those passed to the :func:`_sa.create_engine` function.
        The specified dialect must be an asyncio-compatible dialect
        such as :ref:`dialect-postgresql-asyncpg`.

        .. versionadded:: 1.4

        :param async_creator: an async callable which returns a driver-level
            asyncio connection. If given, the function should take no arguments,
            and return a new asyncio connection from the underlying asyncio
            database driver; the connection will be wrapped in the appropriate
            structures to be used with the :class:`.AsyncEngine`.   Note that the
            parameters specified in the URL are not applied here, and the creator
            function should use its own connection parameters.

            This parameter is the asyncio equivalent of the
            :paramref:`_sa.create_engine.creator` parameter of the
            :func:`_sa.create_engine` function.

            .. versionadded:: 2.0.16

        """

        if kw.get("server_side_cursors", False):
            raise async_exc.AsyncMethodRequired(
                "Can't set server_side_cursors for async engine globally; "
                "use the connection.stream() method for an async "
                "streaming result set"
            )
        kw["_is_async"] = True
        async_creator = kw.pop("async_creator", None)
        if async_creator:
            if kw.get("creator", None):
                raise ArgumentError(
                    "Can only specify one of 'async_creator' or 'creator', "
                    "not both."
                )

            def creator() -&gt; Any:
                # note that to send adapted arguments like
                # prepared_statement_cache_size, user would use
                # "creator" and emulate this form here
                return sync_engine.dialect.dbapi.connect(  # type: ignore
                    async_creator_fn=async_creator
                )

            kw["creator"] = creator
&gt;       sync_engine = _create_engine(url, **kw)
                      ^^^^^^^^^^^^^^^^^^^^^^^^^

/usr/local/lib/python3.11/dist-packages/sqlalchemy/ext/asyncio/engine.py:120:
_ _ _ _ _ _ _ _ _ _ _ _ _ _ _ _ _ _ _ _ _ _ _ _ _ _ _ _ _ _ _ _ _ _ _ _ _ _ _ _

url = 'sqlite+aiosqlite:///:memory:'
kwargs = {'_is_async': True, 'connect_args': {'check_same_thread': False}, 'poolclass': &lt;class 'sqlalchemy.pool.impl.StaticPool'&gt;}

&gt;   ???

&lt;string&gt;:2:
_ _ _ _ _ _ _ _ _ _ _ _ _ _ _ _ _ _ _ _ _ _ _ _ _ _ _ _ _ _ _ _ _ _ _ _ _ _ _ _

fn = &lt;function create_engine at 0x7f8919b2aac0&gt;
args = ('sqlite+aiosqlite:///:memory:',)
kwargs = {'_is_async': True, 'connect_args': {'check_same_thread': False}, 'poolclass': &lt;class 'sqlalchemy.pool.impl.StaticPool'&gt;}
m = 'implicit_returning'

    @decorator
    def warned(fn: _F, *args: Any, **kwargs: Any) -&gt; _F:
        for m in check_defaults:
            if (defaults[m] is None and kwargs[m] is not None) or (
                defaults[m] is not None and kwargs[m] != defaults[m]
            ):
                _warn_with_version(
                    messages[m],
                    versions[m],
                    version_warnings[m],
                    stacklevel=3,
                )

        if check_any_kw in messages and set(kwargs).difference(
            check_defaults
        ):
            assert check_any_kw is not None
            _warn_with_version(
                messages[check_any_kw],
                versions[check_any_kw],
                version_warnings[check_any_kw],
                stacklevel=3,
            )

        for m in check_kw:
            if m in kwargs:
                _warn_with_version(
                    messages[m],
                    versions[m],
                    version_warnings[m],
                    stacklevel=3,
                )
&gt;       return fn(*args, **kwargs)  # type: ignore[no-any-return]
               ^^^^^^^^^^^^^^^^^^^

/usr/local/lib/python3.11/dist-packages/sqlalchemy/util/deprecations.py:281:
_ _ _ _ _ _ _ _ _ _ _ _ _ _ _ _ _ _ _ _ _ _ _ _ _ _ _ _ _ _ _ _ _ _ _ _ _ _ _ _

url = 'sqlite+aiosqlite:///:memory:'
kwargs = {'connect_args': {'check_same_thread': False}, 'poolclass': &lt;class 'sqlalchemy.pool.impl.StaticPool'&gt;}
u = sqlite+aiosqlite:///:memory:, plugins = []
entrypoint = &lt;class 'sqlalchemy.dialects.sqlite.aiosqlite.SQLiteDialect_aiosqlite'&gt;
_is_async = True
pop_kwarg = &lt;built-in method pop of dict object at 0x7f881f8be200&gt;
dialect_args = {}

    @util.deprecated_params(
        strategy=(
            "1.4",
            "The :paramref:`_sa.create_engine.strategy` keyword is deprecated, "
            "and the only argument accepted is 'mock'; please use "
            ":func:`.create_mock_engine` going forward.  For general "
            "customization of create_engine which may have been accomplished "
            "using strategies, see :class:`.CreateEnginePlugin`.",
        ),
        empty_in_strategy=(
            "1.4",
            "The :paramref:`_sa.create_engine.empty_in_strategy` keyword is "
            "deprecated, and no longer has any effect.  All IN expressions "
            "are now rendered using "
            'the "expanding parameter" strategy which renders a set of bound'
            'expressions, or an "empty set" SELECT, at statement execution'
            "time.",
        ),
        implicit_returning=(
            "2.0",
            "The :paramref:`_sa.create_engine.implicit_returning` parameter "
            "is deprecated and will be removed in a future release. ",
        ),
    )
    def create_engine(url: Union[str, _url.URL], **kwargs: Any) -&gt; Engine:
        """Create a new :class:`_engine.Engine` instance.

        The standard calling form is to send the :ref:`URL &lt;database_urls&gt;` as the
        first positional argument, usually a string
        that indicates database dialect and connection arguments::

            engine = create_engine("postgresql+psycopg2://scott:tiger@localhost/test")

        .. note::

            Please review :ref:`database_urls` for general guidelines in composing
            URL strings.  In particular, special characters, such as those often
            part of passwords, must be URL encoded to be properly parsed.

        Additional keyword arguments may then follow it which
        establish various options on the resulting :class:`_engine.Engine`
        and its underlying :class:`.Dialect` and :class:`_pool.Pool`
        constructs::

            engine = create_engine(
                "mysql+mysqldb://scott:tiger@hostname/dbname",
                pool_recycle=3600,
                echo=True,
            )

        The string form of the URL is
        ``dialect[+driver]://user:password@host/dbname[?key=value..]``, where
        ``dialect`` is a database name such as ``mysql``, ``oracle``,
        ``postgresql``, etc., and ``driver`` the name of a DBAPI, such as
        ``psycopg2``, ``pyodbc``, ``cx_oracle``, etc.  Alternatively,
        the URL can be an instance of :class:`~sqlalchemy.engine.url.URL`.

        ``**kwargs`` takes a wide variety of options which are routed
        towards their appropriate components.  Arguments may be specific to
        the :class:`_engine.Engine`, the underlying :class:`.Dialect`,
        as well as the
        :class:`_pool.Pool`.  Specific dialects also accept keyword arguments that
        are unique to that dialect.   Here, we describe the parameters
        that are common to most :func:`_sa.create_engine()` usage.

        Once established, the newly resulting :class:`_engine.Engine` will
        request a connection from the underlying :class:`_pool.Pool` once
        :meth:`_engine.Engine.connect` is called, or a method which depends on it
        such as :meth:`_engine.Engine.execute` is invoked.   The
        :class:`_pool.Pool` in turn
        will establish the first actual DBAPI connection when this request
        is received.   The :func:`_sa.create_engine` call itself does **not**
        establish any actual DBAPI connections directly.

        .. seealso::

            :doc:`/core/engines`

            :doc:`/dialects/index`

            :ref:`connections_toplevel`

        :param connect_args: a dictionary of options which will be
            passed directly to the DBAPI's ``connect()`` method as
            additional keyword arguments.  See the example
            at :ref:`custom_dbapi_args`.

        :param creator: a callable which returns a DBAPI connection.
            This creation function will be passed to the underlying
            connection pool and will be used to create all new database
            connections. Usage of this function causes connection
            parameters specified in the URL argument to be bypassed.

            This hook is not as flexible as the newer
            :meth:`_events.DialectEvents.do_connect` hook which allows complete
            control over how a connection is made to the database, given the full
            set of URL arguments and state beforehand.

            .. seealso::

                :meth:`_events.DialectEvents.do_connect` - event hook that allows
                full control over DBAPI connection mechanics.

                :ref:`custom_dbapi_args`

        :param echo=False: if True, the Engine will log all statements
            as well as a ``repr()`` of their parameter lists to the default log
            handler, which defaults to ``sys.stdout`` for output.   If set to the
            string ``"debug"``, result rows will be printed to the standard output
            as well. The ``echo`` attribute of ``Engine`` can be modified at any
            time to turn logging on and off; direct control of logging is also
            available using the standard Python ``logging`` module.

            .. seealso::

                :ref:`dbengine_logging` - further detail on how to configure
                logging.


        :param echo_pool=False: if True, the connection pool will log
            informational output such as when connections are invalidated
            as well as when connections are recycled to the default log handler,
            which defaults to ``sys.stdout`` for output.   If set to the string
            ``"debug"``, the logging will include pool checkouts and checkins.
            Direct control of logging is also available using the standard Python
            ``logging`` module.

            .. seealso::

                :ref:`dbengine_logging` - further detail on how to configure
                logging.


        :param empty_in_strategy:   No longer used; SQLAlchemy now uses
            "empty set" behavior for IN in all cases.

        :param enable_from_linting: defaults to True.  Will emit a warning
            if a given SELECT statement is found to have un-linked FROM elements
            which would cause a cartesian product.

            .. versionadded:: 1.4

            .. seealso::

                :ref:`change_4737`

        :param execution_options: Dictionary execution options which will
            be applied to all connections.  See
            :meth:`~sqlalchemy.engine.Connection.execution_options`

        :param future: Use the 2.0 style :class:`_engine.Engine` and
            :class:`_engine.Connection` API.

            As of SQLAlchemy 2.0, this parameter is present for backwards
            compatibility only and must remain at its default value of ``True``.

            The :paramref:`_sa.create_engine.future` parameter will be
            deprecated in a subsequent 2.x release and eventually removed.

            .. versionadded:: 1.4

            .. versionchanged:: 2.0 All :class:`_engine.Engine` objects are
               "future" style engines and there is no longer a ``future=False``
               mode of operation.

            .. seealso::

                :ref:`migration_20_toplevel`

        :param hide_parameters: Boolean, when set to True, SQL statement parameters
            will not be displayed in INFO logging nor will they be formatted into
            the string representation of :class:`.StatementError` objects.

            .. versionadded:: 1.3.8

            .. seealso::

                :ref:`dbengine_logging` - further detail on how to configure
                logging.

        :param implicit_returning=True:  Legacy parameter that may only be set
            to True. In SQLAlchemy 2.0, this parameter does nothing. In order to
            disable "implicit returning" for statements invoked by the ORM,
            configure this on a per-table basis using the
            :paramref:`.Table.implicit_returning` parameter.


        :param insertmanyvalues_page_size: number of rows to format into an
         INSERT statement when the statement uses "insertmanyvalues" mode, which is
         a paged form of bulk insert that is used for many backends when using
         :term:`executemany` execution typically in conjunction with RETURNING.
         Defaults to 1000, but may also be subject to dialect-specific limiting
         factors which may override this value on a per-statement basis.

         .. versionadded:: 2.0

         .. seealso::

            :ref:`engine_insertmanyvalues`

            :ref:`engine_insertmanyvalues_page_size`

            :paramref:`_engine.Connection.execution_options.insertmanyvalues_page_size`

        :param isolation_level: optional string name of an isolation level
            which will be set on all new connections unconditionally.
            Isolation levels are typically some subset of the string names
            ``"SERIALIZABLE"``, ``"REPEATABLE READ"``,
            ``"READ COMMITTED"``, ``"READ UNCOMMITTED"`` and ``"AUTOCOMMIT"``
            based on backend.

            The :paramref:`_sa.create_engine.isolation_level` parameter is
            in contrast to the
            :paramref:`.Connection.execution_options.isolation_level`
            execution option, which may be set on an individual
            :class:`.Connection`, as well as the same parameter passed to
            :meth:`.Engine.execution_options`, where it may be used to create
            multiple engines with different isolation levels that share a common
            connection pool and dialect.

            .. versionchanged:: 2.0 The
               :paramref:`_sa.create_engine.isolation_level`
               parameter has been generalized to work on all dialects which support
               the concept of isolation level, and is provided as a more succinct,
               up front configuration switch in contrast to the execution option
               which is more of an ad-hoc programmatic option.

            .. seealso::

                :ref:`dbapi_autocommit`

        :param json_deserializer: for dialects that support the
            :class:`_types.JSON`
            datatype, this is a Python callable that will convert a JSON string
            to a Python object.  By default, the Python ``json.loads`` function is
            used.

            .. versionchanged:: 1.3.7  The SQLite dialect renamed this from
               ``_json_deserializer``.

        :param json_serializer: for dialects that support the :class:`_types.JSON`
            datatype, this is a Python callable that will render a given object
            as JSON.   By default, the Python ``json.dumps`` function is used.

            .. versionchanged:: 1.3.7  The SQLite dialect renamed this from
               ``_json_serializer``.


        :param label_length=None: optional integer value which limits
            the size of dynamically generated column labels to that many
            characters. If less than 6, labels are generated as
            "_(counter)". If ``None``, the value of
            ``dialect.max_identifier_length``, which may be affected via the
            :paramref:`_sa.create_engine.max_identifier_length` parameter,
            is used instead.   The value of
            :paramref:`_sa.create_engine.label_length`
            may not be larger than that of
            :paramref:`_sa.create_engine.max_identfier_length`.

            .. seealso::

                :paramref:`_sa.create_engine.max_identifier_length`

        :param logging_name:  String identifier which will be used within
            the "name" field of logging records generated within the
            "sqlalchemy.engine" logger. Defaults to a hexstring of the
            object's id.

            .. seealso::

                :ref:`dbengine_logging` - further detail on how to configure
                logging.

                :paramref:`_engine.Connection.execution_options.logging_token`

        :param max_identifier_length: integer; override the max_identifier_length
            determined by the dialect.  if ``None`` or zero, has no effect.  This
            is the database's configured maximum number of characters that may be
            used in a SQL identifier such as a table name, column name, or label
            name. All dialects determine this value automatically, however in the
            case of a new database version for which this value has changed but
            SQLAlchemy's dialect has not been adjusted, the value may be passed
            here.

            .. versionadded:: 1.3.9

            .. seealso::

                :paramref:`_sa.create_engine.label_length`

        :param max_overflow=10: the number of connections to allow in
            connection pool "overflow", that is connections that can be
            opened above and beyond the pool_size setting, which defaults
            to five. this is only used with :class:`~sqlalchemy.pool.QueuePool`.

        :param module=None: reference to a Python module object (the module
            itself, not its string name).  Specifies an alternate DBAPI module to
            be used by the engine's dialect.  Each sub-dialect references a
            specific DBAPI which will be imported before first connect.  This
            parameter causes the import to be bypassed, and the given module to
            be used instead. Can be used for testing of DBAPIs as well as to
            inject "mock" DBAPI implementations into the :class:`_engine.Engine`.

        :param paramstyle=None: The `paramstyle &lt;https://legacy.python.org/dev/peps/pep-0249/#paramstyle&gt;`_
            to use when rendering bound parameters.  This style defaults to the
            one recommended by the DBAPI itself, which is retrieved from the
            ``.paramstyle`` attribute of the DBAPI.  However, most DBAPIs accept
            more than one paramstyle, and in particular it may be desirable
            to change a "named" paramstyle into a "positional" one, or vice versa.
            When this attribute is passed, it should be one of the values
            ``"qmark"``, ``"numeric"``, ``"named"``, ``"format"`` or
            ``"pyformat"``, and should correspond to a parameter style known
            to be supported by the DBAPI in use.

        :param pool=None: an already-constructed instance of
            :class:`~sqlalchemy.pool.Pool`, such as a
            :class:`~sqlalchemy.pool.QueuePool` instance. If non-None, this
            pool will be used directly as the underlying connection pool
            for the engine, bypassing whatever connection parameters are
            present in the URL argument. For information on constructing
            connection pools manually, see :ref:`pooling_toplevel`.

        :param poolclass=None: a :class:`~sqlalchemy.pool.Pool`
            subclass, which will be used to create a connection pool
            instance using the connection parameters given in the URL. Note
            this differs from ``pool`` in that you don't actually
            instantiate the pool in this case, you just indicate what type
            of pool to be used.

        :param pool_logging_name:  String identifier which will be used within
           the "name" field of logging records generated within the
           "sqlalchemy.pool" logger. Defaults to a hexstring of the object's
           id.

           .. seealso::

                :ref:`dbengine_logging` - further detail on how to configure
                logging.

        :param pool_pre_ping: boolean, if True will enable the connection pool
            "pre-ping" feature that tests connections for liveness upon
            each checkout.

            .. versionadded:: 1.2

            .. seealso::

                :ref:`pool_disconnects_pessimistic`

        :param pool_size=5: the number of connections to keep open
            inside the connection pool. This used with
            :class:`~sqlalchemy.pool.QueuePool` as
            well as :class:`~sqlalchemy.pool.SingletonThreadPool`.  With
            :class:`~sqlalchemy.pool.QueuePool`, a ``pool_size`` setting
            of 0 indicates no limit; to disable pooling, set ``poolclass`` to
            :class:`~sqlalchemy.pool.NullPool` instead.

        :param pool_recycle=-1: this setting causes the pool to recycle
            connections after the given number of seconds has passed. It
            defaults to -1, or no timeout. For example, setting to 3600
            means connections will be recycled after one hour. Note that
            MySQL in particular will disconnect automatically if no
            activity is detected on a connection for eight hours (although
            this is configurable with the MySQLDB connection itself and the
            server configuration as well).

            .. seealso::

                :ref:`pool_setting_recycle`

        :param pool_reset_on_return='rollback': set the
            :paramref:`_pool.Pool.reset_on_return` parameter of the underlying
            :class:`_pool.Pool` object, which can be set to the values
            ``"rollback"``, ``"commit"``, or ``None``.

            .. seealso::

                :ref:`pool_reset_on_return`

                :ref:`dbapi_autocommit_skip_rollback` - a more modern approach
                to using connections with no transactional instructions

        :param pool_timeout=30: number of seconds to wait before giving
            up on getting a connection from the pool. This is only used
            with :class:`~sqlalchemy.pool.QueuePool`. This can be a float but is
            subject to the limitations of Python time functions which may not be
            reliable in the tens of milliseconds.

            .. note: don't use 30.0 above, it seems to break with the :param tag

        :param pool_use_lifo=False: use LIFO (last-in-first-out) when retrieving
            connections from :class:`.QueuePool` instead of FIFO
            (first-in-first-out). Using LIFO, a server-side timeout scheme can
            reduce the number of connections used during non- peak   periods of
            use.   When planning for server-side timeouts, ensure that a recycle or
            pre-ping strategy is in use to gracefully   handle stale connections.

              .. versionadded:: 1.3

              .. seealso::

                :ref:`pool_use_lifo`

                :ref:`pool_disconnects`

        :param plugins: string list of plugin names to load.  See
            :class:`.CreateEnginePlugin` for background.

            .. versionadded:: 1.2.3

        :param query_cache_size: size of the cache used to cache the SQL string
         form of queries.  Set to zero to disable caching.

         The cache is pruned of its least recently used items when its size reaches
         N * 1.5.  Defaults to 500, meaning the cache will always store at least
         500 SQL statements when filled, and will grow up to 750 items at which
         point it is pruned back down to 500 by removing the 250 least recently
         used items.

         Caching is accomplished on a per-statement basis by generating a
         cache key that represents the statement's structure, then generating
         string SQL for the current dialect only if that key is not present
         in the cache.   All statements support caching, however some features
         such as an INSERT with a large set of parameters will intentionally
         bypass the cache.   SQL logging will indicate statistics for each
         statement whether or not it were pull from the cache.

         .. note:: some ORM functions related to unit-of-work persistence as well
            as some attribute loading strategies will make use of individual
            per-mapper caches outside of the main cache.


         .. seealso::

            :ref:`sql_caching`

         .. versionadded:: 1.4

        :param skip_autocommit_rollback: When True, the dialect will
           unconditionally skip all calls to the DBAPI ``connection.rollback()``
           method if the DBAPI connection is confirmed to be in "autocommit" mode.
           The availability of this feature is dialect specific; if not available,
           a ``NotImplementedError`` is raised by the dialect when rollback occurs.

           .. seealso::

                :ref:`dbapi_autocommit_skip_rollback`

           .. versionadded:: 2.0.43

        :param use_insertmanyvalues: True by default, use the "insertmanyvalues"
         execution style for INSERT..RETURNING statements by default.

         .. versionadded:: 2.0

         .. seealso::

            :ref:`engine_insertmanyvalues`

        """  # noqa

        if "strategy" in kwargs:
            strat = kwargs.pop("strategy")
            if strat == "mock":
                # this case is deprecated
                return create_mock_engine(url, **kwargs)  # type: ignore
            else:
                raise exc.ArgumentError("unknown strategy: %r" % strat)

        kwargs.pop("empty_in_strategy", None)

        # create url.URL object
        u = _url.make_url(url)

        u, plugins, kwargs = u._instantiate_plugins(kwargs)

        entrypoint = u._get_entrypoint()
        _is_async = kwargs.pop("_is_async", False)
        if _is_async:
            dialect_cls = entrypoint.get_async_dialect_cls(u)
        else:
            dialect_cls = entrypoint.get_dialect_cls(u)

        if kwargs.pop("_coerce_config", False):

            def pop_kwarg(key: str, default: Optional[Any] = None) -&gt; Any:
                value = kwargs.pop(key, default)
                if key in dialect_cls.engine_config_types:
                    value = dialect_cls.engine_config_types[key](value)
                return value

        else:
            pop_kwarg = kwargs.pop  # type: ignore

        dialect_args = {}
        # consume dialect arguments from kwargs
        for k in util.get_cls_kwargs(dialect_cls):
            if k in kwargs:
                dialect_args[k] = pop_kwarg(k)

        dbapi = kwargs.pop("module", None)
        if dbapi is None:
            dbapi_args = {}

            if "import_dbapi" in dialect_cls.__dict__:
                dbapi_meth = dialect_cls.import_dbapi

            elif hasattr(dialect_cls, "dbapi") and inspect.ismethod(
                dialect_cls.dbapi
            ):
                util.warn_deprecated(
                    "The dbapi() classmethod on dialect classes has been "
                    "renamed to import_dbapi().  Implement an import_dbapi() "
                    f"classmethod directly on class {dialect_cls} to remove this "
                    "warning; the old .dbapi() classmethod may be maintained for "
                    "backwards compatibility.",
                    "2.0",
                )
                dbapi_meth = dialect_cls.dbapi
            else:
                dbapi_meth = dialect_cls.import_dbapi

            for k in util.get_func_kwargs(dbapi_meth):
                if k in kwargs:
                    dbapi_args[k] = pop_kwarg(k)
&gt;           dbapi = dbapi_meth(**dbapi_args)
                    ^^^^^^^^^^^^^^^^^^^^^^^^

/usr/local/lib/python3.11/dist-packages/sqlalchemy/engine/create.py:617:
_ _ _ _ _ _ _ _ _ _ _ _ _ _ _ _ _ _ _ _ _ _ _ _ _ _ _ _ _ _ _ _ _ _ _ _ _ _ _ _

cls = &lt;class 'sqlalchemy.dialects.sqlite.aiosqlite.SQLiteDialect_aiosqlite'&gt;

    @classmethod
    def import_dbapi(cls) -&gt; AsyncAdapt_aiosqlite_dbapi:
        return AsyncAdapt_aiosqlite_dbapi(
&gt;           __import__("aiosqlite"), __import__("sqlite3")
            ^^^^^^^^^^^^^^^^^^^^^^^
        )
E       ModuleNotFoundError: No module named 'aiosqlite'

/usr/local/lib/python3.11/dist-packages/sqlalchemy/dialects/sqlite/aiosqlite.py:449: ModuleNotFoundError</error></testcase><testcase classname="tests.integration.test_repository_db.TestPositionRepository" name="test_update_current_price" time="0.001"><error message="failed on setup with &quot;ModuleNotFoundError: No module named 'aiosqlite'&quot;">@pytest.fixture(scope="module")
    def async_engine():
        """Module-scoped async engine with tables created once."""
        import asyncio

&gt;       eng = create_async_engine(
            _ASYNC_URL,
            connect_args={"check_same_thread": False},
            poolclass=StaticPool,
        )

tests/integration/test_repository_db.py:78:
_ _ _ _ _ _ _ _ _ _ _ _ _ _ _ _ _ _ _ _ _ _ _ _ _ _ _ _ _ _ _ _ _ _ _ _ _ _ _ _

func = &lt;function create_async_engine at 0x7f8919a142c0&gt;, module = None
args = ('sqlite+aiosqlite:///:memory:',)
kwargs = {'connect_args': {'check_same_thread': False}, 'poolclass': &lt;class 'sqlalchemy.pool.impl.StaticPool'&gt;}

    def _wrap_create_async_engine_internal(func, module, args, kwargs):
        """Trace the SQLAlchemy engine, creating an `EngineTracer`
        object that will listen to SQLAlchemy events.
        """
        if not is_instrumentation_enabled():
            return func(*args, **kwargs)

&gt;       engine = func(*args, **kwargs)
                 ^^^^^^^^^^^^^^^^^^^^^

/usr/local/lib/python3.11/dist-packages/opentelemetry/instrumentation/sqlalchemy/engine.py:139:
_ _ _ _ _ _ _ _ _ _ _ _ _ _ _ _ _ _ _ _ _ _ _ _ _ _ _ _ _ _ _ _ _ _ _ _ _ _ _ _

url = 'sqlite+aiosqlite:///:memory:'
kw = {'_is_async': True, 'connect_args': {'check_same_thread': False}, 'poolclass': &lt;class 'sqlalchemy.pool.impl.StaticPool'&gt;}

    def create_async_engine(url: Union[str, URL], **kw: Any) -&gt; AsyncEngine:
        """Create a new async engine instance.

        Arguments passed to :func:`_asyncio.create_async_engine` are mostly
        identical to those passed to the :func:`_sa.create_engine` function.
        The specified dialect must be an asyncio-compatible dialect
        such as :ref:`dialect-postgresql-asyncpg`.

        .. versionadded:: 1.4

        :param async_creator: an async callable which returns a driver-level
            asyncio connection. If given, the function should take no arguments,
            and return a new asyncio connection from the underlying asyncio
            database driver; the connection will be wrapped in the appropriate
            structures to be used with the :class:`.AsyncEngine`.   Note that the
            parameters specified in the URL are not applied here, and the creator
            function should use its own connection parameters.

            This parameter is the asyncio equivalent of the
            :paramref:`_sa.create_engine.creator` parameter of the
            :func:`_sa.create_engine` function.

            .. versionadded:: 2.0.16

        """

        if kw.get("server_side_cursors", False):
            raise async_exc.AsyncMethodRequired(
                "Can't set server_side_cursors for async engine globally; "
                "use the connection.stream() method for an async "
                "streaming result set"
            )
        kw["_is_async"] = True
        async_creator = kw.pop("async_creator", None)
        if async_creator:
            if kw.get("creator", None):
                raise ArgumentError(
                    "Can only specify one of 'async_creator' or 'creator', "
                    "not both."
                )

            def creator() -&gt; Any:
                # note that to send adapted arguments like
                # prepared_statement_cache_size, user would use
                # "creator" and emulate this form here
                return sync_engine.dialect.dbapi.connect(  # type: ignore
                    async_creator_fn=async_creator
                )

            kw["creator"] = creator
&gt;       sync_engine = _create_engine(url, **kw)
                      ^^^^^^^^^^^^^^^^^^^^^^^^^

/usr/local/lib/python3.11/dist-packages/sqlalchemy/ext/asyncio/engine.py:120:
_ _ _ _ _ _ _ _ _ _ _ _ _ _ _ _ _ _ _ _ _ _ _ _ _ _ _ _ _ _ _ _ _ _ _ _ _ _ _ _

url = 'sqlite+aiosqlite:///:memory:'
kwargs = {'_is_async': True, 'connect_args': {'check_same_thread': False}, 'poolclass': &lt;class 'sqlalchemy.pool.impl.StaticPool'&gt;}

&gt;   ???

&lt;string&gt;:2:
_ _ _ _ _ _ _ _ _ _ _ _ _ _ _ _ _ _ _ _ _ _ _ _ _ _ _ _ _ _ _ _ _ _ _ _ _ _ _ _

fn = &lt;function create_engine at 0x7f8919b2aac0&gt;
args = ('sqlite+aiosqlite:///:memory:',)
kwargs = {'_is_async': True, 'connect_args': {'check_same_thread': False}, 'poolclass': &lt;class 'sqlalchemy.pool.impl.StaticPool'&gt;}
m = 'implicit_returning'

    @decorator
    def warned(fn: _F, *args: Any, **kwargs: Any) -&gt; _F:
        for m in check_defaults:
            if (defaults[m] is None and kwargs[m] is not None) or (
                defaults[m] is not None and kwargs[m] != defaults[m]
            ):
                _warn_with_version(
                    messages[m],
                    versions[m],
                    version_warnings[m],
                    stacklevel=3,
                )

        if check_any_kw in messages and set(kwargs).difference(
            check_defaults
        ):
            assert check_any_kw is not None
            _warn_with_version(
                messages[check_any_kw],
                versions[check_any_kw],
                version_warnings[check_any_kw],
                stacklevel=3,
            )

        for m in check_kw:
            if m in kwargs:
                _warn_with_version(
                    messages[m],
                    versions[m],
                    version_warnings[m],
                    stacklevel=3,
                )
&gt;       return fn(*args, **kwargs)  # type: ignore[no-any-return]
               ^^^^^^^^^^^^^^^^^^^

/usr/local/lib/python3.11/dist-packages/sqlalchemy/util/deprecations.py:281:
_ _ _ _ _ _ _ _ _ _ _ _ _ _ _ _ _ _ _ _ _ _ _ _ _ _ _ _ _ _ _ _ _ _ _ _ _ _ _ _

url = 'sqlite+aiosqlite:///:memory:'
kwargs = {'connect_args': {'check_same_thread': False}, 'poolclass': &lt;class 'sqlalchemy.pool.impl.StaticPool'&gt;}
u = sqlite+aiosqlite:///:memory:, plugins = []
entrypoint = &lt;class 'sqlalchemy.dialects.sqlite.aiosqlite.SQLiteDialect_aiosqlite'&gt;
_is_async = True
pop_kwarg = &lt;built-in method pop of dict object at 0x7f881f8be200&gt;
dialect_args = {}

    @util.deprecated_params(
        strategy=(
            "1.4",
            "The :paramref:`_sa.create_engine.strategy` keyword is deprecated, "
            "and the only argument accepted is 'mock'; please use "
            ":func:`.create_mock_engine` going forward.  For general "
            "customization of create_engine which may have been accomplished "
            "using strategies, see :class:`.CreateEnginePlugin`.",
        ),
        empty_in_strategy=(
            "1.4",
            "The :paramref:`_sa.create_engine.empty_in_strategy` keyword is "
            "deprecated, and no longer has any effect.  All IN expressions "
            "are now rendered using "
            'the "expanding parameter" strategy which renders a set of bound'
            'expressions, or an "empty set" SELECT, at statement execution'
            "time.",
        ),
        implicit_returning=(
            "2.0",
            "The :paramref:`_sa.create_engine.implicit_returning` parameter "
            "is deprecated and will be removed in a future release. ",
        ),
    )
    def create_engine(url: Union[str, _url.URL], **kwargs: Any) -&gt; Engine:
        """Create a new :class:`_engine.Engine` instance.

        The standard calling form is to send the :ref:`URL &lt;database_urls&gt;` as the
        first positional argument, usually a string
        that indicates database dialect and connection arguments::

            engine = create_engine("postgresql+psycopg2://scott:tiger@localhost/test")

        .. note::

            Please review :ref:`database_urls` for general guidelines in composing
            URL strings.  In particular, special characters, such as those often
            part of passwords, must be URL encoded to be properly parsed.

        Additional keyword arguments may then follow it which
        establish various options on the resulting :class:`_engine.Engine`
        and its underlying :class:`.Dialect` and :class:`_pool.Pool`
        constructs::

            engine = create_engine(
                "mysql+mysqldb://scott:tiger@hostname/dbname",
                pool_recycle=3600,
                echo=True,
            )

        The string form of the URL is
        ``dialect[+driver]://user:password@host/dbname[?key=value..]``, where
        ``dialect`` is a database name such as ``mysql``, ``oracle``,
        ``postgresql``, etc., and ``driver`` the name of a DBAPI, such as
        ``psycopg2``, ``pyodbc``, ``cx_oracle``, etc.  Alternatively,
        the URL can be an instance of :class:`~sqlalchemy.engine.url.URL`.

        ``**kwargs`` takes a wide variety of options which are routed
        towards their appropriate components.  Arguments may be specific to
        the :class:`_engine.Engine`, the underlying :class:`.Dialect`,
        as well as the
        :class:`_pool.Pool`.  Specific dialects also accept keyword arguments that
        are unique to that dialect.   Here, we describe the parameters
        that are common to most :func:`_sa.create_engine()` usage.

        Once established, the newly resulting :class:`_engine.Engine` will
        request a connection from the underlying :class:`_pool.Pool` once
        :meth:`_engine.Engine.connect` is called, or a method which depends on it
        such as :meth:`_engine.Engine.execute` is invoked.   The
        :class:`_pool.Pool` in turn
        will establish the first actual DBAPI connection when this request
        is received.   The :func:`_sa.create_engine` call itself does **not**
        establish any actual DBAPI connections directly.

        .. seealso::

            :doc:`/core/engines`

            :doc:`/dialects/index`

            :ref:`connections_toplevel`

        :param connect_args: a dictionary of options which will be
            passed directly to the DBAPI's ``connect()`` method as
            additional keyword arguments.  See the example
            at :ref:`custom_dbapi_args`.

        :param creator: a callable which returns a DBAPI connection.
            This creation function will be passed to the underlying
            connection pool and will be used to create all new database
            connections. Usage of this function causes connection
            parameters specified in the URL argument to be bypassed.

            This hook is not as flexible as the newer
            :meth:`_events.DialectEvents.do_connect` hook which allows complete
            control over how a connection is made to the database, given the full
            set of URL arguments and state beforehand.

            .. seealso::

                :meth:`_events.DialectEvents.do_connect` - event hook that allows
                full control over DBAPI connection mechanics.

                :ref:`custom_dbapi_args`

        :param echo=False: if True, the Engine will log all statements
            as well as a ``repr()`` of their parameter lists to the default log
            handler, which defaults to ``sys.stdout`` for output.   If set to the
            string ``"debug"``, result rows will be printed to the standard output
            as well. The ``echo`` attribute of ``Engine`` can be modified at any
            time to turn logging on and off; direct control of logging is also
            available using the standard Python ``logging`` module.

            .. seealso::

                :ref:`dbengine_logging` - further detail on how to configure
                logging.


        :param echo_pool=False: if True, the connection pool will log
            informational output such as when connections are invalidated
            as well as when connections are recycled to the default log handler,
            which defaults to ``sys.stdout`` for output.   If set to the string
            ``"debug"``, the logging will include pool checkouts and checkins.
            Direct control of logging is also available using the standard Python
            ``logging`` module.

            .. seealso::

                :ref:`dbengine_logging` - further detail on how to configure
                logging.


        :param empty_in_strategy:   No longer used; SQLAlchemy now uses
            "empty set" behavior for IN in all cases.

        :param enable_from_linting: defaults to True.  Will emit a warning
            if a given SELECT statement is found to have un-linked FROM elements
            which would cause a cartesian product.

            .. versionadded:: 1.4

            .. seealso::

                :ref:`change_4737`

        :param execution_options: Dictionary execution options which will
            be applied to all connections.  See
            :meth:`~sqlalchemy.engine.Connection.execution_options`

        :param future: Use the 2.0 style :class:`_engine.Engine` and
            :class:`_engine.Connection` API.

            As of SQLAlchemy 2.0, this parameter is present for backwards
            compatibility only and must remain at its default value of ``True``.

            The :paramref:`_sa.create_engine.future` parameter will be
            deprecated in a subsequent 2.x release and eventually removed.

            .. versionadded:: 1.4

            .. versionchanged:: 2.0 All :class:`_engine.Engine` objects are
               "future" style engines and there is no longer a ``future=False``
               mode of operation.

            .. seealso::

                :ref:`migration_20_toplevel`

        :param hide_parameters: Boolean, when set to True, SQL statement parameters
            will not be displayed in INFO logging nor will they be formatted into
            the string representation of :class:`.StatementError` objects.

            .. versionadded:: 1.3.8

            .. seealso::

                :ref:`dbengine_logging` - further detail on how to configure
                logging.

        :param implicit_returning=True:  Legacy parameter that may only be set
            to True. In SQLAlchemy 2.0, this parameter does nothing. In order to
            disable "implicit returning" for statements invoked by the ORM,
            configure this on a per-table basis using the
            :paramref:`.Table.implicit_returning` parameter.


        :param insertmanyvalues_page_size: number of rows to format into an
         INSERT statement when the statement uses "insertmanyvalues" mode, which is
         a paged form of bulk insert that is used for many backends when using
         :term:`executemany` execution typically in conjunction with RETURNING.
         Defaults to 1000, but may also be subject to dialect-specific limiting
         factors which may override this value on a per-statement basis.

         .. versionadded:: 2.0

         .. seealso::

            :ref:`engine_insertmanyvalues`

            :ref:`engine_insertmanyvalues_page_size`

            :paramref:`_engine.Connection.execution_options.insertmanyvalues_page_size`

        :param isolation_level: optional string name of an isolation level
            which will be set on all new connections unconditionally.
            Isolation levels are typically some subset of the string names
            ``"SERIALIZABLE"``, ``"REPEATABLE READ"``,
            ``"READ COMMITTED"``, ``"READ UNCOMMITTED"`` and ``"AUTOCOMMIT"``
            based on backend.

            The :paramref:`_sa.create_engine.isolation_level` parameter is
            in contrast to the
            :paramref:`.Connection.execution_options.isolation_level`
            execution option, which may be set on an individual
            :class:`.Connection`, as well as the same parameter passed to
            :meth:`.Engine.execution_options`, where it may be used to create
            multiple engines with different isolation levels that share a common
            connection pool and dialect.

            .. versionchanged:: 2.0 The
               :paramref:`_sa.create_engine.isolation_level`
               parameter has been generalized to work on all dialects which support
               the concept of isolation level, and is provided as a more succinct,
               up front configuration switch in contrast to the execution option
               which is more of an ad-hoc programmatic option.

            .. seealso::

                :ref:`dbapi_autocommit`

        :param json_deserializer: for dialects that support the
            :class:`_types.JSON`
            datatype, this is a Python callable that will convert a JSON string
            to a Python object.  By default, the Python ``json.loads`` function is
            used.

            .. versionchanged:: 1.3.7  The SQLite dialect renamed this from
               ``_json_deserializer``.

        :param json_serializer: for dialects that support the :class:`_types.JSON`
            datatype, this is a Python callable that will render a given object
            as JSON.   By default, the Python ``json.dumps`` function is used.

            .. versionchanged:: 1.3.7  The SQLite dialect renamed this from
               ``_json_serializer``.


        :param label_length=None: optional integer value which limits
            the size of dynamically generated column labels to that many
            characters. If less than 6, labels are generated as
            "_(counter)". If ``None``, the value of
            ``dialect.max_identifier_length``, which may be affected via the
            :paramref:`_sa.create_engine.max_identifier_length` parameter,
            is used instead.   The value of
            :paramref:`_sa.create_engine.label_length`
            may not be larger than that of
            :paramref:`_sa.create_engine.max_identfier_length`.

            .. seealso::

                :paramref:`_sa.create_engine.max_identifier_length`

        :param logging_name:  String identifier which will be used within
            the "name" field of logging records generated within the
            "sqlalchemy.engine" logger. Defaults to a hexstring of the
            object's id.

            .. seealso::

                :ref:`dbengine_logging` - further detail on how to configure
                logging.

                :paramref:`_engine.Connection.execution_options.logging_token`

        :param max_identifier_length: integer; override the max_identifier_length
            determined by the dialect.  if ``None`` or zero, has no effect.  This
            is the database's configured maximum number of characters that may be
            used in a SQL identifier such as a table name, column name, or label
            name. All dialects determine this value automatically, however in the
            case of a new database version for which this value has changed but
            SQLAlchemy's dialect has not been adjusted, the value may be passed
            here.

            .. versionadded:: 1.3.9

            .. seealso::

                :paramref:`_sa.create_engine.label_length`

        :param max_overflow=10: the number of connections to allow in
            connection pool "overflow", that is connections that can be
            opened above and beyond the pool_size setting, which defaults
            to five. this is only used with :class:`~sqlalchemy.pool.QueuePool`.

        :param module=None: reference to a Python module object (the module
            itself, not its string name).  Specifies an alternate DBAPI module to
            be used by the engine's dialect.  Each sub-dialect references a
            specific DBAPI which will be imported before first connect.  This
            parameter causes the import to be bypassed, and the given module to
            be used instead. Can be used for testing of DBAPIs as well as to
            inject "mock" DBAPI implementations into the :class:`_engine.Engine`.

        :param paramstyle=None: The `paramstyle &lt;https://legacy.python.org/dev/peps/pep-0249/#paramstyle&gt;`_
            to use when rendering bound parameters.  This style defaults to the
            one recommended by the DBAPI itself, which is retrieved from the
            ``.paramstyle`` attribute of the DBAPI.  However, most DBAPIs accept
            more than one paramstyle, and in particular it may be desirable
            to change a "named" paramstyle into a "positional" one, or vice versa.
            When this attribute is passed, it should be one of the values
            ``"qmark"``, ``"numeric"``, ``"named"``, ``"format"`` or
            ``"pyformat"``, and should correspond to a parameter style known
            to be supported by the DBAPI in use.

        :param pool=None: an already-constructed instance of
            :class:`~sqlalchemy.pool.Pool`, such as a
            :class:`~sqlalchemy.pool.QueuePool` instance. If non-None, this
            pool will be used directly as the underlying connection pool
            for the engine, bypassing whatever connection parameters are
            present in the URL argument. For information on constructing
            connection pools manually, see :ref:`pooling_toplevel`.

        :param poolclass=None: a :class:`~sqlalchemy.pool.Pool`
            subclass, which will be used to create a connection pool
            instance using the connection parameters given in the URL. Note
            this differs from ``pool`` in that you don't actually
            instantiate the pool in this case, you just indicate what type
            of pool to be used.

        :param pool_logging_name:  String identifier which will be used within
           the "name" field of logging records generated within the
           "sqlalchemy.pool" logger. Defaults to a hexstring of the object's
           id.

           .. seealso::

                :ref:`dbengine_logging` - further detail on how to configure
                logging.

        :param pool_pre_ping: boolean, if True will enable the connection pool
            "pre-ping" feature that tests connections for liveness upon
            each checkout.

            .. versionadded:: 1.2

            .. seealso::

                :ref:`pool_disconnects_pessimistic`

        :param pool_size=5: the number of connections to keep open
            inside the connection pool. This used with
            :class:`~sqlalchemy.pool.QueuePool` as
            well as :class:`~sqlalchemy.pool.SingletonThreadPool`.  With
            :class:`~sqlalchemy.pool.QueuePool`, a ``pool_size`` setting
            of 0 indicates no limit; to disable pooling, set ``poolclass`` to
            :class:`~sqlalchemy.pool.NullPool` instead.

        :param pool_recycle=-1: this setting causes the pool to recycle
            connections after the given number of seconds has passed. It
            defaults to -1, or no timeout. For example, setting to 3600
            means connections will be recycled after one hour. Note that
            MySQL in particular will disconnect automatically if no
            activity is detected on a connection for eight hours (although
            this is configurable with the MySQLDB connection itself and the
            server configuration as well).

            .. seealso::

                :ref:`pool_setting_recycle`

        :param pool_reset_on_return='rollback': set the
            :paramref:`_pool.Pool.reset_on_return` parameter of the underlying
            :class:`_pool.Pool` object, which can be set to the values
            ``"rollback"``, ``"commit"``, or ``None``.

            .. seealso::

                :ref:`pool_reset_on_return`

                :ref:`dbapi_autocommit_skip_rollback` - a more modern approach
                to using connections with no transactional instructions

        :param pool_timeout=30: number of seconds to wait before giving
            up on getting a connection from the pool. This is only used
            with :class:`~sqlalchemy.pool.QueuePool`. This can be a float but is
            subject to the limitations of Python time functions which may not be
            reliable in the tens of milliseconds.

            .. note: don't use 30.0 above, it seems to break with the :param tag

        :param pool_use_lifo=False: use LIFO (last-in-first-out) when retrieving
            connections from :class:`.QueuePool` instead of FIFO
            (first-in-first-out). Using LIFO, a server-side timeout scheme can
            reduce the number of connections used during non- peak   periods of
            use.   When planning for server-side timeouts, ensure that a recycle or
            pre-ping strategy is in use to gracefully   handle stale connections.

              .. versionadded:: 1.3

              .. seealso::

                :ref:`pool_use_lifo`

                :ref:`pool_disconnects`

        :param plugins: string list of plugin names to load.  See
            :class:`.CreateEnginePlugin` for background.

            .. versionadded:: 1.2.3

        :param query_cache_size: size of the cache used to cache the SQL string
         form of queries.  Set to zero to disable caching.

         The cache is pruned of its least recently used items when its size reaches
         N * 1.5.  Defaults to 500, meaning the cache will always store at least
         500 SQL statements when filled, and will grow up to 750 items at which
         point it is pruned back down to 500 by removing the 250 least recently
         used items.

         Caching is accomplished on a per-statement basis by generating a
         cache key that represents the statement's structure, then generating
         string SQL for the current dialect only if that key is not present
         in the cache.   All statements support caching, however some features
         such as an INSERT with a large set of parameters will intentionally
         bypass the cache.   SQL logging will indicate statistics for each
         statement whether or not it were pull from the cache.

         .. note:: some ORM functions related to unit-of-work persistence as well
            as some attribute loading strategies will make use of individual
            per-mapper caches outside of the main cache.


         .. seealso::

            :ref:`sql_caching`

         .. versionadded:: 1.4

        :param skip_autocommit_rollback: When True, the dialect will
           unconditionally skip all calls to the DBAPI ``connection.rollback()``
           method if the DBAPI connection is confirmed to be in "autocommit" mode.
           The availability of this feature is dialect specific; if not available,
           a ``NotImplementedError`` is raised by the dialect when rollback occurs.

           .. seealso::

                :ref:`dbapi_autocommit_skip_rollback`

           .. versionadded:: 2.0.43

        :param use_insertmanyvalues: True by default, use the "insertmanyvalues"
         execution style for INSERT..RETURNING statements by default.

         .. versionadded:: 2.0

         .. seealso::

            :ref:`engine_insertmanyvalues`

        """  # noqa

        if "strategy" in kwargs:
            strat = kwargs.pop("strategy")
            if strat == "mock":
                # this case is deprecated
                return create_mock_engine(url, **kwargs)  # type: ignore
            else:
                raise exc.ArgumentError("unknown strategy: %r" % strat)

        kwargs.pop("empty_in_strategy", None)

        # create url.URL object
        u = _url.make_url(url)

        u, plugins, kwargs = u._instantiate_plugins(kwargs)

        entrypoint = u._get_entrypoint()
        _is_async = kwargs.pop("_is_async", False)
        if _is_async:
            dialect_cls = entrypoint.get_async_dialect_cls(u)
        else:
            dialect_cls = entrypoint.get_dialect_cls(u)

        if kwargs.pop("_coerce_config", False):

            def pop_kwarg(key: str, default: Optional[Any] = None) -&gt; Any:
                value = kwargs.pop(key, default)
                if key in dialect_cls.engine_config_types:
                    value = dialect_cls.engine_config_types[key](value)
                return value

        else:
            pop_kwarg = kwargs.pop  # type: ignore

        dialect_args = {}
        # consume dialect arguments from kwargs
        for k in util.get_cls_kwargs(dialect_cls):
            if k in kwargs:
                dialect_args[k] = pop_kwarg(k)

        dbapi = kwargs.pop("module", None)
        if dbapi is None:
            dbapi_args = {}

            if "import_dbapi" in dialect_cls.__dict__:
                dbapi_meth = dialect_cls.import_dbapi

            elif hasattr(dialect_cls, "dbapi") and inspect.ismethod(
                dialect_cls.dbapi
            ):
                util.warn_deprecated(
                    "The dbapi() classmethod on dialect classes has been "
                    "renamed to import_dbapi().  Implement an import_dbapi() "
                    f"classmethod directly on class {dialect_cls} to remove this "
                    "warning; the old .dbapi() classmethod may be maintained for "
                    "backwards compatibility.",
                    "2.0",
                )
                dbapi_meth = dialect_cls.dbapi
            else:
                dbapi_meth = dialect_cls.import_dbapi

            for k in util.get_func_kwargs(dbapi_meth):
                if k in kwargs:
                    dbapi_args[k] = pop_kwarg(k)
&gt;           dbapi = dbapi_meth(**dbapi_args)
                    ^^^^^^^^^^^^^^^^^^^^^^^^

/usr/local/lib/python3.11/dist-packages/sqlalchemy/engine/create.py:617:
_ _ _ _ _ _ _ _ _ _ _ _ _ _ _ _ _ _ _ _ _ _ _ _ _ _ _ _ _ _ _ _ _ _ _ _ _ _ _ _

cls = &lt;class 'sqlalchemy.dialects.sqlite.aiosqlite.SQLiteDialect_aiosqlite'&gt;

    @classmethod
    def import_dbapi(cls) -&gt; AsyncAdapt_aiosqlite_dbapi:
        return AsyncAdapt_aiosqlite_dbapi(
&gt;           __import__("aiosqlite"), __import__("sqlite3")
            ^^^^^^^^^^^^^^^^^^^^^^^
        )
E       ModuleNotFoundError: No module named 'aiosqlite'

/usr/local/lib/python3.11/dist-packages/sqlalchemy/dialects/sqlite/aiosqlite.py:449: ModuleNotFoundError</error></testcase><testcase classname="tests.integration.test_repository_db.TestPositionRepository" name="test_close_position" time="0.001"><error message="failed on setup with &quot;ModuleNotFoundError: No module named 'aiosqlite'&quot;">@pytest.fixture(scope="module")
    def async_engine():
        """Module-scoped async engine with tables created once."""
        import asyncio

&gt;       eng = create_async_engine(
            _ASYNC_URL,
            connect_args={"check_same_thread": False},
            poolclass=StaticPool,
        )

tests/integration/test_repository_db.py:78:
_ _ _ _ _ _ _ _ _ _ _ _ _ _ _ _ _ _ _ _ _ _ _ _ _ _ _ _ _ _ _ _ _ _ _ _ _ _ _ _

func = &lt;function create_async_engine at 0x7f8919a142c0&gt;, module = None
args = ('sqlite+aiosqlite:///:memory:',)
kwargs = {'connect_args': {'check_same_thread': False}, 'poolclass': &lt;class 'sqlalchemy.pool.impl.StaticPool'&gt;}

    def _wrap_create_async_engine_internal(func, module, args, kwargs):
        """Trace the SQLAlchemy engine, creating an `EngineTracer`
        object that will listen to SQLAlchemy events.
        """
        if not is_instrumentation_enabled():
            return func(*args, **kwargs)

&gt;       engine = func(*args, **kwargs)
                 ^^^^^^^^^^^^^^^^^^^^^

/usr/local/lib/python3.11/dist-packages/opentelemetry/instrumentation/sqlalchemy/engine.py:139:
_ _ _ _ _ _ _ _ _ _ _ _ _ _ _ _ _ _ _ _ _ _ _ _ _ _ _ _ _ _ _ _ _ _ _ _ _ _ _ _

url = 'sqlite+aiosqlite:///:memory:'
kw = {'_is_async': True, 'connect_args': {'check_same_thread': False}, 'poolclass': &lt;class 'sqlalchemy.pool.impl.StaticPool'&gt;}

    def create_async_engine(url: Union[str, URL], **kw: Any) -&gt; AsyncEngine:
        """Create a new async engine instance.

        Arguments passed to :func:`_asyncio.create_async_engine` are mostly
        identical to those passed to the :func:`_sa.create_engine` function.
        The specified dialect must be an asyncio-compatible dialect
        such as :ref:`dialect-postgresql-asyncpg`.

        .. versionadded:: 1.4

        :param async_creator: an async callable which returns a driver-level
            asyncio connection. If given, the function should take no arguments,
            and return a new asyncio connection from the underlying asyncio
            database driver; the connection will be wrapped in the appropriate
            structures to be used with the :class:`.AsyncEngine`.   Note that the
            parameters specified in the URL are not applied here, and the creator
            function should use its own connection parameters.

            This parameter is the asyncio equivalent of the
            :paramref:`_sa.create_engine.creator` parameter of the
            :func:`_sa.create_engine` function.

            .. versionadded:: 2.0.16

        """

        if kw.get("server_side_cursors", False):
            raise async_exc.AsyncMethodRequired(
                "Can't set server_side_cursors for async engine globally; "
                "use the connection.stream() method for an async "
                "streaming result set"
            )
        kw["_is_async"] = True
        async_creator = kw.pop("async_creator", None)
        if async_creator:
            if kw.get("creator", None):
                raise ArgumentError(
                    "Can only specify one of 'async_creator' or 'creator', "
                    "not both."
                )

            def creator() -&gt; Any:
                # note that to send adapted arguments like
                # prepared_statement_cache_size, user would use
                # "creator" and emulate this form here
                return sync_engine.dialect.dbapi.connect(  # type: ignore
                    async_creator_fn=async_creator
                )

            kw["creator"] = creator
&gt;       sync_engine = _create_engine(url, **kw)
                      ^^^^^^^^^^^^^^^^^^^^^^^^^

/usr/local/lib/python3.11/dist-packages/sqlalchemy/ext/asyncio/engine.py:120:
_ _ _ _ _ _ _ _ _ _ _ _ _ _ _ _ _ _ _ _ _ _ _ _ _ _ _ _ _ _ _ _ _ _ _ _ _ _ _ _

url = 'sqlite+aiosqlite:///:memory:'
kwargs = {'_is_async': True, 'connect_args': {'check_same_thread': False}, 'poolclass': &lt;class 'sqlalchemy.pool.impl.StaticPool'&gt;}

&gt;   ???

&lt;string&gt;:2:
_ _ _ _ _ _ _ _ _ _ _ _ _ _ _ _ _ _ _ _ _ _ _ _ _ _ _ _ _ _ _ _ _ _ _ _ _ _ _ _

fn = &lt;function create_engine at 0x7f8919b2aac0&gt;
args = ('sqlite+aiosqlite:///:memory:',)
kwargs = {'_is_async': True, 'connect_args': {'check_same_thread': False}, 'poolclass': &lt;class 'sqlalchemy.pool.impl.StaticPool'&gt;}
m = 'implicit_returning'

    @decorator
    def warned(fn: _F, *args: Any, **kwargs: Any) -&gt; _F:
        for m in check_defaults:
            if (defaults[m] is None and kwargs[m] is not None) or (
                defaults[m] is not None and kwargs[m] != defaults[m]
            ):
                _warn_with_version(
                    messages[m],
                    versions[m],
                    version_warnings[m],
                    stacklevel=3,
                )

        if check_any_kw in messages and set(kwargs).difference(
            check_defaults
        ):
            assert check_any_kw is not None
            _warn_with_version(
                messages[check_any_kw],
                versions[check_any_kw],
                version_warnings[check_any_kw],
                stacklevel=3,
            )

        for m in check_kw:
            if m in kwargs:
                _warn_with_version(
                    messages[m],
                    versions[m],
                    version_warnings[m],
                    stacklevel=3,
                )
&gt;       return fn(*args, **kwargs)  # type: ignore[no-any-return]
               ^^^^^^^^^^^^^^^^^^^

/usr/local/lib/python3.11/dist-packages/sqlalchemy/util/deprecations.py:281:
_ _ _ _ _ _ _ _ _ _ _ _ _ _ _ _ _ _ _ _ _ _ _ _ _ _ _ _ _ _ _ _ _ _ _ _ _ _ _ _

url = 'sqlite+aiosqlite:///:memory:'
kwargs = {'connect_args': {'check_same_thread': False}, 'poolclass': &lt;class 'sqlalchemy.pool.impl.StaticPool'&gt;}
u = sqlite+aiosqlite:///:memory:, plugins = []
entrypoint = &lt;class 'sqlalchemy.dialects.sqlite.aiosqlite.SQLiteDialect_aiosqlite'&gt;
_is_async = True
pop_kwarg = &lt;built-in method pop of dict object at 0x7f881f8be200&gt;
dialect_args = {}

    @util.deprecated_params(
        strategy=(
            "1.4",
            "The :paramref:`_sa.create_engine.strategy` keyword is deprecated, "
            "and the only argument accepted is 'mock'; please use "
            ":func:`.create_mock_engine` going forward.  For general "
            "customization of create_engine which may have been accomplished "
            "using strategies, see :class:`.CreateEnginePlugin`.",
        ),
        empty_in_strategy=(
            "1.4",
            "The :paramref:`_sa.create_engine.empty_in_strategy` keyword is "
            "deprecated, and no longer has any effect.  All IN expressions "
            "are now rendered using "
            'the "expanding parameter" strategy which renders a set of bound'
            'expressions, or an "empty set" SELECT, at statement execution'
            "time.",
        ),
        implicit_returning=(
            "2.0",
            "The :paramref:`_sa.create_engine.implicit_returning` parameter "
            "is deprecated and will be removed in a future release. ",
        ),
    )
    def create_engine(url: Union[str, _url.URL], **kwargs: Any) -&gt; Engine:
        """Create a new :class:`_engine.Engine` instance.

        The standard calling form is to send the :ref:`URL &lt;database_urls&gt;` as the
        first positional argument, usually a string
        that indicates database dialect and connection arguments::

            engine = create_engine("postgresql+psycopg2://scott:tiger@localhost/test")

        .. note::

            Please review :ref:`database_urls` for general guidelines in composing
            URL strings.  In particular, special characters, such as those often
            part of passwords, must be URL encoded to be properly parsed.

        Additional keyword arguments may then follow it which
        establish various options on the resulting :class:`_engine.Engine`
        and its underlying :class:`.Dialect` and :class:`_pool.Pool`
        constructs::

            engine = create_engine(
                "mysql+mysqldb://scott:tiger@hostname/dbname",
                pool_recycle=3600,
                echo=True,
            )

        The string form of the URL is
        ``dialect[+driver]://user:password@host/dbname[?key=value..]``, where
        ``dialect`` is a database name such as ``mysql``, ``oracle``,
        ``postgresql``, etc., and ``driver`` the name of a DBAPI, such as
        ``psycopg2``, ``pyodbc``, ``cx_oracle``, etc.  Alternatively,
        the URL can be an instance of :class:`~sqlalchemy.engine.url.URL`.

        ``**kwargs`` takes a wide variety of options which are routed
        towards their appropriate components.  Arguments may be specific to
        the :class:`_engine.Engine`, the underlying :class:`.Dialect`,
        as well as the
        :class:`_pool.Pool`.  Specific dialects also accept keyword arguments that
        are unique to that dialect.   Here, we describe the parameters
        that are common to most :func:`_sa.create_engine()` usage.

        Once established, the newly resulting :class:`_engine.Engine` will
        request a connection from the underlying :class:`_pool.Pool` once
        :meth:`_engine.Engine.connect` is called, or a method which depends on it
        such as :meth:`_engine.Engine.execute` is invoked.   The
        :class:`_pool.Pool` in turn
        will establish the first actual DBAPI connection when this request
        is received.   The :func:`_sa.create_engine` call itself does **not**
        establish any actual DBAPI connections directly.

        .. seealso::

            :doc:`/core/engines`

            :doc:`/dialects/index`

            :ref:`connections_toplevel`

        :param connect_args: a dictionary of options which will be
            passed directly to the DBAPI's ``connect()`` method as
            additional keyword arguments.  See the example
            at :ref:`custom_dbapi_args`.

        :param creator: a callable which returns a DBAPI connection.
            This creation function will be passed to the underlying
            connection pool and will be used to create all new database
            connections. Usage of this function causes connection
            parameters specified in the URL argument to be bypassed.

            This hook is not as flexible as the newer
            :meth:`_events.DialectEvents.do_connect` hook which allows complete
            control over how a connection is made to the database, given the full
            set of URL arguments and state beforehand.

            .. seealso::

                :meth:`_events.DialectEvents.do_connect` - event hook that allows
                full control over DBAPI connection mechanics.

                :ref:`custom_dbapi_args`

        :param echo=False: if True, the Engine will log all statements
            as well as a ``repr()`` of their parameter lists to the default log
            handler, which defaults to ``sys.stdout`` for output.   If set to the
            string ``"debug"``, result rows will be printed to the standard output
            as well. The ``echo`` attribute of ``Engine`` can be modified at any
            time to turn logging on and off; direct control of logging is also
            available using the standard Python ``logging`` module.

            .. seealso::

                :ref:`dbengine_logging` - further detail on how to configure
                logging.


        :param echo_pool=False: if True, the connection pool will log
            informational output such as when connections are invalidated
            as well as when connections are recycled to the default log handler,
            which defaults to ``sys.stdout`` for output.   If set to the string
            ``"debug"``, the logging will include pool checkouts and checkins.
            Direct control of logging is also available using the standard Python
            ``logging`` module.

            .. seealso::

                :ref:`dbengine_logging` - further detail on how to configure
                logging.


        :param empty_in_strategy:   No longer used; SQLAlchemy now uses
            "empty set" behavior for IN in all cases.

        :param enable_from_linting: defaults to True.  Will emit a warning
            if a given SELECT statement is found to have un-linked FROM elements
            which would cause a cartesian product.

            .. versionadded:: 1.4

            .. seealso::

                :ref:`change_4737`

        :param execution_options: Dictionary execution options which will
            be applied to all connections.  See
            :meth:`~sqlalchemy.engine.Connection.execution_options`

        :param future: Use the 2.0 style :class:`_engine.Engine` and
            :class:`_engine.Connection` API.

            As of SQLAlchemy 2.0, this parameter is present for backwards
            compatibility only and must remain at its default value of ``True``.

            The :paramref:`_sa.create_engine.future` parameter will be
            deprecated in a subsequent 2.x release and eventually removed.

            .. versionadded:: 1.4

            .. versionchanged:: 2.0 All :class:`_engine.Engine` objects are
               "future" style engines and there is no longer a ``future=False``
               mode of operation.

            .. seealso::

                :ref:`migration_20_toplevel`

        :param hide_parameters: Boolean, when set to True, SQL statement parameters
            will not be displayed in INFO logging nor will they be formatted into
            the string representation of :class:`.StatementError` objects.

            .. versionadded:: 1.3.8

            .. seealso::

                :ref:`dbengine_logging` - further detail on how to configure
                logging.

        :param implicit_returning=True:  Legacy parameter that may only be set
            to True. In SQLAlchemy 2.0, this parameter does nothing. In order to
            disable "implicit returning" for statements invoked by the ORM,
            configure this on a per-table basis using the
            :paramref:`.Table.implicit_returning` parameter.


        :param insertmanyvalues_page_size: number of rows to format into an
         INSERT statement when the statement uses "insertmanyvalues" mode, which is
         a paged form of bulk insert that is used for many backends when using
         :term:`executemany` execution typically in conjunction with RETURNING.
         Defaults to 1000, but may also be subject to dialect-specific limiting
         factors which may override this value on a per-statement basis.

         .. versionadded:: 2.0

         .. seealso::

            :ref:`engine_insertmanyvalues`

            :ref:`engine_insertmanyvalues_page_size`

            :paramref:`_engine.Connection.execution_options.insertmanyvalues_page_size`

        :param isolation_level: optional string name of an isolation level
            which will be set on all new connections unconditionally.
            Isolation levels are typically some subset of the string names
            ``"SERIALIZABLE"``, ``"REPEATABLE READ"``,
            ``"READ COMMITTED"``, ``"READ UNCOMMITTED"`` and ``"AUTOCOMMIT"``
            based on backend.

            The :paramref:`_sa.create_engine.isolation_level` parameter is
            in contrast to the
            :paramref:`.Connection.execution_options.isolation_level`
            execution option, which may be set on an individual
            :class:`.Connection`, as well as the same parameter passed to
            :meth:`.Engine.execution_options`, where it may be used to create
            multiple engines with different isolation levels that share a common
            connection pool and dialect.

            .. versionchanged:: 2.0 The
               :paramref:`_sa.create_engine.isolation_level`
               parameter has been generalized to work on all dialects which support
               the concept of isolation level, and is provided as a more succinct,
               up front configuration switch in contrast to the execution option
               which is more of an ad-hoc programmatic option.

            .. seealso::

                :ref:`dbapi_autocommit`

        :param json_deserializer: for dialects that support the
            :class:`_types.JSON`
            datatype, this is a Python callable that will convert a JSON string
            to a Python object.  By default, the Python ``json.loads`` function is
            used.

            .. versionchanged:: 1.3.7  The SQLite dialect renamed this from
               ``_json_deserializer``.

        :param json_serializer: for dialects that support the :class:`_types.JSON`
            datatype, this is a Python callable that will render a given object
            as JSON.   By default, the Python ``json.dumps`` function is used.

            .. versionchanged:: 1.3.7  The SQLite dialect renamed this from
               ``_json_serializer``.


        :param label_length=None: optional integer value which limits
            the size of dynamically generated column labels to that many
            characters. If less than 6, labels are generated as
            "_(counter)". If ``None``, the value of
            ``dialect.max_identifier_length``, which may be affected via the
            :paramref:`_sa.create_engine.max_identifier_length` parameter,
            is used instead.   The value of
            :paramref:`_sa.create_engine.label_length`
            may not be larger than that of
            :paramref:`_sa.create_engine.max_identfier_length`.

            .. seealso::

                :paramref:`_sa.create_engine.max_identifier_length`

        :param logging_name:  String identifier which will be used within
            the "name" field of logging records generated within the
            "sqlalchemy.engine" logger. Defaults to a hexstring of the
            object's id.

            .. seealso::

                :ref:`dbengine_logging` - further detail on how to configure
                logging.

                :paramref:`_engine.Connection.execution_options.logging_token`

        :param max_identifier_length: integer; override the max_identifier_length
            determined by the dialect.  if ``None`` or zero, has no effect.  This
            is the database's configured maximum number of characters that may be
            used in a SQL identifier such as a table name, column name, or label
            name. All dialects determine this value automatically, however in the
            case of a new database version for which this value has changed but
            SQLAlchemy's dialect has not been adjusted, the value may be passed
            here.

            .. versionadded:: 1.3.9

            .. seealso::

                :paramref:`_sa.create_engine.label_length`

        :param max_overflow=10: the number of connections to allow in
            connection pool "overflow", that is connections that can be
            opened above and beyond the pool_size setting, which defaults
            to five. this is only used with :class:`~sqlalchemy.pool.QueuePool`.

        :param module=None: reference to a Python module object (the module
            itself, not its string name).  Specifies an alternate DBAPI module to
            be used by the engine's dialect.  Each sub-dialect references a
            specific DBAPI which will be imported before first connect.  This
            parameter causes the import to be bypassed, and the given module to
            be used instead. Can be used for testing of DBAPIs as well as to
            inject "mock" DBAPI implementations into the :class:`_engine.Engine`.

        :param paramstyle=None: The `paramstyle &lt;https://legacy.python.org/dev/peps/pep-0249/#paramstyle&gt;`_
            to use when rendering bound parameters.  This style defaults to the
            one recommended by the DBAPI itself, which is retrieved from the
            ``.paramstyle`` attribute of the DBAPI.  However, most DBAPIs accept
            more than one paramstyle, and in particular it may be desirable
            to change a "named" paramstyle into a "positional" one, or vice versa.
            When this attribute is passed, it should be one of the values
            ``"qmark"``, ``"numeric"``, ``"named"``, ``"format"`` or
            ``"pyformat"``, and should correspond to a parameter style known
            to be supported by the DBAPI in use.

        :param pool=None: an already-constructed instance of
            :class:`~sqlalchemy.pool.Pool`, such as a
            :class:`~sqlalchemy.pool.QueuePool` instance. If non-None, this
            pool will be used directly as the underlying connection pool
            for the engine, bypassing whatever connection parameters are
            present in the URL argument. For information on constructing
            connection pools manually, see :ref:`pooling_toplevel`.

        :param poolclass=None: a :class:`~sqlalchemy.pool.Pool`
            subclass, which will be used to create a connection pool
            instance using the connection parameters given in the URL. Note
            this differs from ``pool`` in that you don't actually
            instantiate the pool in this case, you just indicate what type
            of pool to be used.

        :param pool_logging_name:  String identifier which will be used within
           the "name" field of logging records generated within the
           "sqlalchemy.pool" logger. Defaults to a hexstring of the object's
           id.

           .. seealso::

                :ref:`dbengine_logging` - further detail on how to configure
                logging.

        :param pool_pre_ping: boolean, if True will enable the connection pool
            "pre-ping" feature that tests connections for liveness upon
            each checkout.

            .. versionadded:: 1.2

            .. seealso::

                :ref:`pool_disconnects_pessimistic`

        :param pool_size=5: the number of connections to keep open
            inside the connection pool. This used with
            :class:`~sqlalchemy.pool.QueuePool` as
            well as :class:`~sqlalchemy.pool.SingletonThreadPool`.  With
            :class:`~sqlalchemy.pool.QueuePool`, a ``pool_size`` setting
            of 0 indicates no limit; to disable pooling, set ``poolclass`` to
            :class:`~sqlalchemy.pool.NullPool` instead.

        :param pool_recycle=-1: this setting causes the pool to recycle
            connections after the given number of seconds has passed. It
            defaults to -1, or no timeout. For example, setting to 3600
            means connections will be recycled after one hour. Note that
            MySQL in particular will disconnect automatically if no
            activity is detected on a connection for eight hours (although
            this is configurable with the MySQLDB connection itself and the
            server configuration as well).

            .. seealso::

                :ref:`pool_setting_recycle`

        :param pool_reset_on_return='rollback': set the
            :paramref:`_pool.Pool.reset_on_return` parameter of the underlying
            :class:`_pool.Pool` object, which can be set to the values
            ``"rollback"``, ``"commit"``, or ``None``.

            .. seealso::

                :ref:`pool_reset_on_return`

                :ref:`dbapi_autocommit_skip_rollback` - a more modern approach
                to using connections with no transactional instructions

        :param pool_timeout=30: number of seconds to wait before giving
            up on getting a connection from the pool. This is only used
            with :class:`~sqlalchemy.pool.QueuePool`. This can be a float but is
            subject to the limitations of Python time functions which may not be
            reliable in the tens of milliseconds.

            .. note: don't use 30.0 above, it seems to break with the :param tag

        :param pool_use_lifo=False: use LIFO (last-in-first-out) when retrieving
            connections from :class:`.QueuePool` instead of FIFO
            (first-in-first-out). Using LIFO, a server-side timeout scheme can
            reduce the number of connections used during non- peak   periods of
            use.   When planning for server-side timeouts, ensure that a recycle or
            pre-ping strategy is in use to gracefully   handle stale connections.

              .. versionadded:: 1.3

              .. seealso::

                :ref:`pool_use_lifo`

                :ref:`pool_disconnects`

        :param plugins: string list of plugin names to load.  See
            :class:`.CreateEnginePlugin` for background.

            .. versionadded:: 1.2.3

        :param query_cache_size: size of the cache used to cache the SQL string
         form of queries.  Set to zero to disable caching.

         The cache is pruned of its least recently used items when its size reaches
         N * 1.5.  Defaults to 500, meaning the cache will always store at least
         500 SQL statements when filled, and will grow up to 750 items at which
         point it is pruned back down to 500 by removing the 250 least recently
         used items.

         Caching is accomplished on a per-statement basis by generating a
         cache key that represents the statement's structure, then generating
         string SQL for the current dialect only if that key is not present
         in the cache.   All statements support caching, however some features
         such as an INSERT with a large set of parameters will intentionally
         bypass the cache.   SQL logging will indicate statistics for each
         statement whether or not it were pull from the cache.

         .. note:: some ORM functions related to unit-of-work persistence as well
            as some attribute loading strategies will make use of individual
            per-mapper caches outside of the main cache.


         .. seealso::

            :ref:`sql_caching`

         .. versionadded:: 1.4

        :param skip_autocommit_rollback: When True, the dialect will
           unconditionally skip all calls to the DBAPI ``connection.rollback()``
           method if the DBAPI connection is confirmed to be in "autocommit" mode.
           The availability of this feature is dialect specific; if not available,
           a ``NotImplementedError`` is raised by the dialect when rollback occurs.

           .. seealso::

                :ref:`dbapi_autocommit_skip_rollback`

           .. versionadded:: 2.0.43

        :param use_insertmanyvalues: True by default, use the "insertmanyvalues"
         execution style for INSERT..RETURNING statements by default.

         .. versionadded:: 2.0

         .. seealso::

            :ref:`engine_insertmanyvalues`

        """  # noqa

        if "strategy" in kwargs:
            strat = kwargs.pop("strategy")
            if strat == "mock":
                # this case is deprecated
                return create_mock_engine(url, **kwargs)  # type: ignore
            else:
                raise exc.ArgumentError("unknown strategy: %r" % strat)

        kwargs.pop("empty_in_strategy", None)

        # create url.URL object
        u = _url.make_url(url)

        u, plugins, kwargs = u._instantiate_plugins(kwargs)

        entrypoint = u._get_entrypoint()
        _is_async = kwargs.pop("_is_async", False)
        if _is_async:
            dialect_cls = entrypoint.get_async_dialect_cls(u)
        else:
            dialect_cls = entrypoint.get_dialect_cls(u)

        if kwargs.pop("_coerce_config", False):

            def pop_kwarg(key: str, default: Optional[Any] = None) -&gt; Any:
                value = kwargs.pop(key, default)
                if key in dialect_cls.engine_config_types:
                    value = dialect_cls.engine_config_types[key](value)
                return value

        else:
            pop_kwarg = kwargs.pop  # type: ignore

        dialect_args = {}
        # consume dialect arguments from kwargs
        for k in util.get_cls_kwargs(dialect_cls):
            if k in kwargs:
                dialect_args[k] = pop_kwarg(k)

        dbapi = kwargs.pop("module", None)
        if dbapi is None:
            dbapi_args = {}

            if "import_dbapi" in dialect_cls.__dict__:
                dbapi_meth = dialect_cls.import_dbapi

            elif hasattr(dialect_cls, "dbapi") and inspect.ismethod(
                dialect_cls.dbapi
            ):
                util.warn_deprecated(
                    "The dbapi() classmethod on dialect classes has been "
                    "renamed to import_dbapi().  Implement an import_dbapi() "
                    f"classmethod directly on class {dialect_cls} to remove this "
                    "warning; the old .dbapi() classmethod may be maintained for "
                    "backwards compatibility.",
                    "2.0",
                )
                dbapi_meth = dialect_cls.dbapi
            else:
                dbapi_meth = dialect_cls.import_dbapi

            for k in util.get_func_kwargs(dbapi_meth):
                if k in kwargs:
                    dbapi_args[k] = pop_kwarg(k)
&gt;           dbapi = dbapi_meth(**dbapi_args)
                    ^^^^^^^^^^^^^^^^^^^^^^^^

/usr/local/lib/python3.11/dist-packages/sqlalchemy/engine/create.py:617:
_ _ _ _ _ _ _ _ _ _ _ _ _ _ _ _ _ _ _ _ _ _ _ _ _ _ _ _ _ _ _ _ _ _ _ _ _ _ _ _

cls = &lt;class 'sqlalchemy.dialects.sqlite.aiosqlite.SQLiteDialect_aiosqlite'&gt;

    @classmethod
    def import_dbapi(cls) -&gt; AsyncAdapt_aiosqlite_dbapi:
        return AsyncAdapt_aiosqlite_dbapi(
&gt;           __import__("aiosqlite"), __import__("sqlite3")
            ^^^^^^^^^^^^^^^^^^^^^^^
        )
E       ModuleNotFoundError: No module named 'aiosqlite'

/usr/local/lib/python3.11/dist-packages/sqlalchemy/dialects/sqlite/aiosqlite.py:449: ModuleNotFoundError</error></testcase><testcase classname="tests.integration.test_repository_db.TestPositionRepository" name="test_close_position_not_found" time="0.001"><error message="failed on setup with &quot;ModuleNotFoundError: No module named 'aiosqlite'&quot;">@pytest.fixture(scope="module")
    def async_engine():
        """Module-scoped async engine with tables created once."""
        import asyncio

&gt;       eng = create_async_engine(
            _ASYNC_URL,
            connect_args={"check_same_thread": False},
            poolclass=StaticPool,
        )

tests/integration/test_repository_db.py:78:
_ _ _ _ _ _ _ _ _ _ _ _ _ _ _ _ _ _ _ _ _ _ _ _ _ _ _ _ _ _ _ _ _ _ _ _ _ _ _ _

func = &lt;function create_async_engine at 0x7f8919a142c0&gt;, module = None
args = ('sqlite+aiosqlite:///:memory:',)
kwargs = {'connect_args': {'check_same_thread': False}, 'poolclass': &lt;class 'sqlalchemy.pool.impl.StaticPool'&gt;}

    def _wrap_create_async_engine_internal(func, module, args, kwargs):
        """Trace the SQLAlchemy engine, creating an `EngineTracer`
        object that will listen to SQLAlchemy events.
        """
        if not is_instrumentation_enabled():
            return func(*args, **kwargs)

&gt;       engine = func(*args, **kwargs)
                 ^^^^^^^^^^^^^^^^^^^^^

/usr/local/lib/python3.11/dist-packages/opentelemetry/instrumentation/sqlalchemy/engine.py:139:
_ _ _ _ _ _ _ _ _ _ _ _ _ _ _ _ _ _ _ _ _ _ _ _ _ _ _ _ _ _ _ _ _ _ _ _ _ _ _ _

url = 'sqlite+aiosqlite:///:memory:'
kw = {'_is_async': True, 'connect_args': {'check_same_thread': False}, 'poolclass': &lt;class 'sqlalchemy.pool.impl.StaticPool'&gt;}

    def create_async_engine(url: Union[str, URL], **kw: Any) -&gt; AsyncEngine:
        """Create a new async engine instance.

        Arguments passed to :func:`_asyncio.create_async_engine` are mostly
        identical to those passed to the :func:`_sa.create_engine` function.
        The specified dialect must be an asyncio-compatible dialect
        such as :ref:`dialect-postgresql-asyncpg`.

        .. versionadded:: 1.4

        :param async_creator: an async callable which returns a driver-level
            asyncio connection. If given, the function should take no arguments,
            and return a new asyncio connection from the underlying asyncio
            database driver; the connection will be wrapped in the appropriate
            structures to be used with the :class:`.AsyncEngine`.   Note that the
            parameters specified in the URL are not applied here, and the creator
            function should use its own connection parameters.

            This parameter is the asyncio equivalent of the
            :paramref:`_sa.create_engine.creator` parameter of the
            :func:`_sa.create_engine` function.

            .. versionadded:: 2.0.16

        """

        if kw.get("server_side_cursors", False):
            raise async_exc.AsyncMethodRequired(
                "Can't set server_side_cursors for async engine globally; "
                "use the connection.stream() method for an async "
                "streaming result set"
            )
        kw["_is_async"] = True
        async_creator = kw.pop("async_creator", None)
        if async_creator:
            if kw.get("creator", None):
                raise ArgumentError(
                    "Can only specify one of 'async_creator' or 'creator', "
                    "not both."
                )

            def creator() -&gt; Any:
                # note that to send adapted arguments like
                # prepared_statement_cache_size, user would use
                # "creator" and emulate this form here
                return sync_engine.dialect.dbapi.connect(  # type: ignore
                    async_creator_fn=async_creator
                )

            kw["creator"] = creator
&gt;       sync_engine = _create_engine(url, **kw)
                      ^^^^^^^^^^^^^^^^^^^^^^^^^

/usr/local/lib/python3.11/dist-packages/sqlalchemy/ext/asyncio/engine.py:120:
_ _ _ _ _ _ _ _ _ _ _ _ _ _ _ _ _ _ _ _ _ _ _ _ _ _ _ _ _ _ _ _ _ _ _ _ _ _ _ _

url = 'sqlite+aiosqlite:///:memory:'
kwargs = {'_is_async': True, 'connect_args': {'check_same_thread': False}, 'poolclass': &lt;class 'sqlalchemy.pool.impl.StaticPool'&gt;}

&gt;   ???

&lt;string&gt;:2:
_ _ _ _ _ _ _ _ _ _ _ _ _ _ _ _ _ _ _ _ _ _ _ _ _ _ _ _ _ _ _ _ _ _ _ _ _ _ _ _

fn = &lt;function create_engine at 0x7f8919b2aac0&gt;
args = ('sqlite+aiosqlite:///:memory:',)
kwargs = {'_is_async': True, 'connect_args': {'check_same_thread': False}, 'poolclass': &lt;class 'sqlalchemy.pool.impl.StaticPool'&gt;}
m = 'implicit_returning'

    @decorator
    def warned(fn: _F, *args: Any, **kwargs: Any) -&gt; _F:
        for m in check_defaults:
            if (defaults[m] is None and kwargs[m] is not None) or (
                defaults[m] is not None and kwargs[m] != defaults[m]
            ):
                _warn_with_version(
                    messages[m],
                    versions[m],
                    version_warnings[m],
                    stacklevel=3,
                )

        if check_any_kw in messages and set(kwargs).difference(
            check_defaults
        ):
            assert check_any_kw is not None
            _warn_with_version(
                messages[check_any_kw],
                versions[check_any_kw],
                version_warnings[check_any_kw],
                stacklevel=3,
            )

        for m in check_kw:
            if m in kwargs:
                _warn_with_version(
                    messages[m],
                    versions[m],
                    version_warnings[m],
                    stacklevel=3,
                )
&gt;       return fn(*args, **kwargs)  # type: ignore[no-any-return]
               ^^^^^^^^^^^^^^^^^^^

/usr/local/lib/python3.11/dist-packages/sqlalchemy/util/deprecations.py:281:
_ _ _ _ _ _ _ _ _ _ _ _ _ _ _ _ _ _ _ _ _ _ _ _ _ _ _ _ _ _ _ _ _ _ _ _ _ _ _ _

url = 'sqlite+aiosqlite:///:memory:'
kwargs = {'connect_args': {'check_same_thread': False}, 'poolclass': &lt;class 'sqlalchemy.pool.impl.StaticPool'&gt;}
u = sqlite+aiosqlite:///:memory:, plugins = []
entrypoint = &lt;class 'sqlalchemy.dialects.sqlite.aiosqlite.SQLiteDialect_aiosqlite'&gt;
_is_async = True
pop_kwarg = &lt;built-in method pop of dict object at 0x7f881f8be200&gt;
dialect_args = {}

    @util.deprecated_params(
        strategy=(
            "1.4",
            "The :paramref:`_sa.create_engine.strategy` keyword is deprecated, "
            "and the only argument accepted is 'mock'; please use "
            ":func:`.create_mock_engine` going forward.  For general "
            "customization of create_engine which may have been accomplished "
            "using strategies, see :class:`.CreateEnginePlugin`.",
        ),
        empty_in_strategy=(
            "1.4",
            "The :paramref:`_sa.create_engine.empty_in_strategy` keyword is "
            "deprecated, and no longer has any effect.  All IN expressions "
            "are now rendered using "
            'the "expanding parameter" strategy which renders a set of bound'
            'expressions, or an "empty set" SELECT, at statement execution'
            "time.",
        ),
        implicit_returning=(
            "2.0",
            "The :paramref:`_sa.create_engine.implicit_returning` parameter "
            "is deprecated and will be removed in a future release. ",
        ),
    )
    def create_engine(url: Union[str, _url.URL], **kwargs: Any) -&gt; Engine:
        """Create a new :class:`_engine.Engine` instance.

        The standard calling form is to send the :ref:`URL &lt;database_urls&gt;` as the
        first positional argument, usually a string
        that indicates database dialect and connection arguments::

            engine = create_engine("postgresql+psycopg2://scott:tiger@localhost/test")

        .. note::

            Please review :ref:`database_urls` for general guidelines in composing
            URL strings.  In particular, special characters, such as those often
            part of passwords, must be URL encoded to be properly parsed.

        Additional keyword arguments may then follow it which
        establish various options on the resulting :class:`_engine.Engine`
        and its underlying :class:`.Dialect` and :class:`_pool.Pool`
        constructs::

            engine = create_engine(
                "mysql+mysqldb://scott:tiger@hostname/dbname",
                pool_recycle=3600,
                echo=True,
            )

        The string form of the URL is
        ``dialect[+driver]://user:password@host/dbname[?key=value..]``, where
        ``dialect`` is a database name such as ``mysql``, ``oracle``,
        ``postgresql``, etc., and ``driver`` the name of a DBAPI, such as
        ``psycopg2``, ``pyodbc``, ``cx_oracle``, etc.  Alternatively,
        the URL can be an instance of :class:`~sqlalchemy.engine.url.URL`.

        ``**kwargs`` takes a wide variety of options which are routed
        towards their appropriate components.  Arguments may be specific to
        the :class:`_engine.Engine`, the underlying :class:`.Dialect`,
        as well as the
        :class:`_pool.Pool`.  Specific dialects also accept keyword arguments that
        are unique to that dialect.   Here, we describe the parameters
        that are common to most :func:`_sa.create_engine()` usage.

        Once established, the newly resulting :class:`_engine.Engine` will
        request a connection from the underlying :class:`_pool.Pool` once
        :meth:`_engine.Engine.connect` is called, or a method which depends on it
        such as :meth:`_engine.Engine.execute` is invoked.   The
        :class:`_pool.Pool` in turn
        will establish the first actual DBAPI connection when this request
        is received.   The :func:`_sa.create_engine` call itself does **not**
        establish any actual DBAPI connections directly.

        .. seealso::

            :doc:`/core/engines`

            :doc:`/dialects/index`

            :ref:`connections_toplevel`

        :param connect_args: a dictionary of options which will be
            passed directly to the DBAPI's ``connect()`` method as
            additional keyword arguments.  See the example
            at :ref:`custom_dbapi_args`.

        :param creator: a callable which returns a DBAPI connection.
            This creation function will be passed to the underlying
            connection pool and will be used to create all new database
            connections. Usage of this function causes connection
            parameters specified in the URL argument to be bypassed.

            This hook is not as flexible as the newer
            :meth:`_events.DialectEvents.do_connect` hook which allows complete
            control over how a connection is made to the database, given the full
            set of URL arguments and state beforehand.

            .. seealso::

                :meth:`_events.DialectEvents.do_connect` - event hook that allows
                full control over DBAPI connection mechanics.

                :ref:`custom_dbapi_args`

        :param echo=False: if True, the Engine will log all statements
            as well as a ``repr()`` of their parameter lists to the default log
            handler, which defaults to ``sys.stdout`` for output.   If set to the
            string ``"debug"``, result rows will be printed to the standard output
            as well. The ``echo`` attribute of ``Engine`` can be modified at any
            time to turn logging on and off; direct control of logging is also
            available using the standard Python ``logging`` module.

            .. seealso::

                :ref:`dbengine_logging` - further detail on how to configure
                logging.


        :param echo_pool=False: if True, the connection pool will log
            informational output such as when connections are invalidated
            as well as when connections are recycled to the default log handler,
            which defaults to ``sys.stdout`` for output.   If set to the string
            ``"debug"``, the logging will include pool checkouts and checkins.
            Direct control of logging is also available using the standard Python
            ``logging`` module.

            .. seealso::

                :ref:`dbengine_logging` - further detail on how to configure
                logging.


        :param empty_in_strategy:   No longer used; SQLAlchemy now uses
            "empty set" behavior for IN in all cases.

        :param enable_from_linting: defaults to True.  Will emit a warning
            if a given SELECT statement is found to have un-linked FROM elements
            which would cause a cartesian product.

            .. versionadded:: 1.4

            .. seealso::

                :ref:`change_4737`

        :param execution_options: Dictionary execution options which will
            be applied to all connections.  See
            :meth:`~sqlalchemy.engine.Connection.execution_options`

        :param future: Use the 2.0 style :class:`_engine.Engine` and
            :class:`_engine.Connection` API.

            As of SQLAlchemy 2.0, this parameter is present for backwards
            compatibility only and must remain at its default value of ``True``.

            The :paramref:`_sa.create_engine.future` parameter will be
            deprecated in a subsequent 2.x release and eventually removed.

            .. versionadded:: 1.4

            .. versionchanged:: 2.0 All :class:`_engine.Engine` objects are
               "future" style engines and there is no longer a ``future=False``
               mode of operation.

            .. seealso::

                :ref:`migration_20_toplevel`

        :param hide_parameters: Boolean, when set to True, SQL statement parameters
            will not be displayed in INFO logging nor will they be formatted into
            the string representation of :class:`.StatementError` objects.

            .. versionadded:: 1.3.8

            .. seealso::

                :ref:`dbengine_logging` - further detail on how to configure
                logging.

        :param implicit_returning=True:  Legacy parameter that may only be set
            to True. In SQLAlchemy 2.0, this parameter does nothing. In order to
            disable "implicit returning" for statements invoked by the ORM,
            configure this on a per-table basis using the
            :paramref:`.Table.implicit_returning` parameter.


        :param insertmanyvalues_page_size: number of rows to format into an
         INSERT statement when the statement uses "insertmanyvalues" mode, which is
         a paged form of bulk insert that is used for many backends when using
         :term:`executemany` execution typically in conjunction with RETURNING.
         Defaults to 1000, but may also be subject to dialect-specific limiting
         factors which may override this value on a per-statement basis.

         .. versionadded:: 2.0

         .. seealso::

            :ref:`engine_insertmanyvalues`

            :ref:`engine_insertmanyvalues_page_size`

            :paramref:`_engine.Connection.execution_options.insertmanyvalues_page_size`

        :param isolation_level: optional string name of an isolation level
            which will be set on all new connections unconditionally.
            Isolation levels are typically some subset of the string names
            ``"SERIALIZABLE"``, ``"REPEATABLE READ"``,
            ``"READ COMMITTED"``, ``"READ UNCOMMITTED"`` and ``"AUTOCOMMIT"``
            based on backend.

            The :paramref:`_sa.create_engine.isolation_level` parameter is
            in contrast to the
            :paramref:`.Connection.execution_options.isolation_level`
            execution option, which may be set on an individual
            :class:`.Connection`, as well as the same parameter passed to
            :meth:`.Engine.execution_options`, where it may be used to create
            multiple engines with different isolation levels that share a common
            connection pool and dialect.

            .. versionchanged:: 2.0 The
               :paramref:`_sa.create_engine.isolation_level`
               parameter has been generalized to work on all dialects which support
               the concept of isolation level, and is provided as a more succinct,
               up front configuration switch in contrast to the execution option
               which is more of an ad-hoc programmatic option.

            .. seealso::

                :ref:`dbapi_autocommit`

        :param json_deserializer: for dialects that support the
            :class:`_types.JSON`
            datatype, this is a Python callable that will convert a JSON string
            to a Python object.  By default, the Python ``json.loads`` function is
            used.

            .. versionchanged:: 1.3.7  The SQLite dialect renamed this from
               ``_json_deserializer``.

        :param json_serializer: for dialects that support the :class:`_types.JSON`
            datatype, this is a Python callable that will render a given object
            as JSON.   By default, the Python ``json.dumps`` function is used.

            .. versionchanged:: 1.3.7  The SQLite dialect renamed this from
               ``_json_serializer``.


        :param label_length=None: optional integer value which limits
            the size of dynamically generated column labels to that many
            characters. If less than 6, labels are generated as
            "_(counter)". If ``None``, the value of
            ``dialect.max_identifier_length``, which may be affected via the
            :paramref:`_sa.create_engine.max_identifier_length` parameter,
            is used instead.   The value of
            :paramref:`_sa.create_engine.label_length`
            may not be larger than that of
            :paramref:`_sa.create_engine.max_identfier_length`.

            .. seealso::

                :paramref:`_sa.create_engine.max_identifier_length`

        :param logging_name:  String identifier which will be used within
            the "name" field of logging records generated within the
            "sqlalchemy.engine" logger. Defaults to a hexstring of the
            object's id.

            .. seealso::

                :ref:`dbengine_logging` - further detail on how to configure
                logging.

                :paramref:`_engine.Connection.execution_options.logging_token`

        :param max_identifier_length: integer; override the max_identifier_length
            determined by the dialect.  if ``None`` or zero, has no effect.  This
            is the database's configured maximum number of characters that may be
            used in a SQL identifier such as a table name, column name, or label
            name. All dialects determine this value automatically, however in the
            case of a new database version for which this value has changed but
            SQLAlchemy's dialect has not been adjusted, the value may be passed
            here.

            .. versionadded:: 1.3.9

            .. seealso::

                :paramref:`_sa.create_engine.label_length`

        :param max_overflow=10: the number of connections to allow in
            connection pool "overflow", that is connections that can be
            opened above and beyond the pool_size setting, which defaults
            to five. this is only used with :class:`~sqlalchemy.pool.QueuePool`.

        :param module=None: reference to a Python module object (the module
            itself, not its string name).  Specifies an alternate DBAPI module to
            be used by the engine's dialect.  Each sub-dialect references a
            specific DBAPI which will be imported before first connect.  This
            parameter causes the import to be bypassed, and the given module to
            be used instead. Can be used for testing of DBAPIs as well as to
            inject "mock" DBAPI implementations into the :class:`_engine.Engine`.

        :param paramstyle=None: The `paramstyle &lt;https://legacy.python.org/dev/peps/pep-0249/#paramstyle&gt;`_
            to use when rendering bound parameters.  This style defaults to the
            one recommended by the DBAPI itself, which is retrieved from the
            ``.paramstyle`` attribute of the DBAPI.  However, most DBAPIs accept
            more than one paramstyle, and in particular it may be desirable
            to change a "named" paramstyle into a "positional" one, or vice versa.
            When this attribute is passed, it should be one of the values
            ``"qmark"``, ``"numeric"``, ``"named"``, ``"format"`` or
            ``"pyformat"``, and should correspond to a parameter style known
            to be supported by the DBAPI in use.

        :param pool=None: an already-constructed instance of
            :class:`~sqlalchemy.pool.Pool`, such as a
            :class:`~sqlalchemy.pool.QueuePool` instance. If non-None, this
            pool will be used directly as the underlying connection pool
            for the engine, bypassing whatever connection parameters are
            present in the URL argument. For information on constructing
            connection pools manually, see :ref:`pooling_toplevel`.

        :param poolclass=None: a :class:`~sqlalchemy.pool.Pool`
            subclass, which will be used to create a connection pool
            instance using the connection parameters given in the URL. Note
            this differs from ``pool`` in that you don't actually
            instantiate the pool in this case, you just indicate what type
            of pool to be used.

        :param pool_logging_name:  String identifier which will be used within
           the "name" field of logging records generated within the
           "sqlalchemy.pool" logger. Defaults to a hexstring of the object's
           id.

           .. seealso::

                :ref:`dbengine_logging` - further detail on how to configure
                logging.

        :param pool_pre_ping: boolean, if True will enable the connection pool
            "pre-ping" feature that tests connections for liveness upon
            each checkout.

            .. versionadded:: 1.2

            .. seealso::

                :ref:`pool_disconnects_pessimistic`

        :param pool_size=5: the number of connections to keep open
            inside the connection pool. This used with
            :class:`~sqlalchemy.pool.QueuePool` as
            well as :class:`~sqlalchemy.pool.SingletonThreadPool`.  With
            :class:`~sqlalchemy.pool.QueuePool`, a ``pool_size`` setting
            of 0 indicates no limit; to disable pooling, set ``poolclass`` to
            :class:`~sqlalchemy.pool.NullPool` instead.

        :param pool_recycle=-1: this setting causes the pool to recycle
            connections after the given number of seconds has passed. It
            defaults to -1, or no timeout. For example, setting to 3600
            means connections will be recycled after one hour. Note that
            MySQL in particular will disconnect automatically if no
            activity is detected on a connection for eight hours (although
            this is configurable with the MySQLDB connection itself and the
            server configuration as well).

            .. seealso::

                :ref:`pool_setting_recycle`

        :param pool_reset_on_return='rollback': set the
            :paramref:`_pool.Pool.reset_on_return` parameter of the underlying
            :class:`_pool.Pool` object, which can be set to the values
            ``"rollback"``, ``"commit"``, or ``None``.

            .. seealso::

                :ref:`pool_reset_on_return`

                :ref:`dbapi_autocommit_skip_rollback` - a more modern approach
                to using connections with no transactional instructions

        :param pool_timeout=30: number of seconds to wait before giving
            up on getting a connection from the pool. This is only used
            with :class:`~sqlalchemy.pool.QueuePool`. This can be a float but is
            subject to the limitations of Python time functions which may not be
            reliable in the tens of milliseconds.

            .. note: don't use 30.0 above, it seems to break with the :param tag

        :param pool_use_lifo=False: use LIFO (last-in-first-out) when retrieving
            connections from :class:`.QueuePool` instead of FIFO
            (first-in-first-out). Using LIFO, a server-side timeout scheme can
            reduce the number of connections used during non- peak   periods of
            use.   When planning for server-side timeouts, ensure that a recycle or
            pre-ping strategy is in use to gracefully   handle stale connections.

              .. versionadded:: 1.3

              .. seealso::

                :ref:`pool_use_lifo`

                :ref:`pool_disconnects`

        :param plugins: string list of plugin names to load.  See
            :class:`.CreateEnginePlugin` for background.

            .. versionadded:: 1.2.3

        :param query_cache_size: size of the cache used to cache the SQL string
         form of queries.  Set to zero to disable caching.

         The cache is pruned of its least recently used items when its size reaches
         N * 1.5.  Defaults to 500, meaning the cache will always store at least
         500 SQL statements when filled, and will grow up to 750 items at which
         point it is pruned back down to 500 by removing the 250 least recently
         used items.

         Caching is accomplished on a per-statement basis by generating a
         cache key that represents the statement's structure, then generating
         string SQL for the current dialect only if that key is not present
         in the cache.   All statements support caching, however some features
         such as an INSERT with a large set of parameters will intentionally
         bypass the cache.   SQL logging will indicate statistics for each
         statement whether or not it were pull from the cache.

         .. note:: some ORM functions related to unit-of-work persistence as well
            as some attribute loading strategies will make use of individual
            per-mapper caches outside of the main cache.


         .. seealso::

            :ref:`sql_caching`

         .. versionadded:: 1.4

        :param skip_autocommit_rollback: When True, the dialect will
           unconditionally skip all calls to the DBAPI ``connection.rollback()``
           method if the DBAPI connection is confirmed to be in "autocommit" mode.
           The availability of this feature is dialect specific; if not available,
           a ``NotImplementedError`` is raised by the dialect when rollback occurs.

           .. seealso::

                :ref:`dbapi_autocommit_skip_rollback`

           .. versionadded:: 2.0.43

        :param use_insertmanyvalues: True by default, use the "insertmanyvalues"
         execution style for INSERT..RETURNING statements by default.

         .. versionadded:: 2.0

         .. seealso::

            :ref:`engine_insertmanyvalues`

        """  # noqa

        if "strategy" in kwargs:
            strat = kwargs.pop("strategy")
            if strat == "mock":
                # this case is deprecated
                return create_mock_engine(url, **kwargs)  # type: ignore
            else:
                raise exc.ArgumentError("unknown strategy: %r" % strat)

        kwargs.pop("empty_in_strategy", None)

        # create url.URL object
        u = _url.make_url(url)

        u, plugins, kwargs = u._instantiate_plugins(kwargs)

        entrypoint = u._get_entrypoint()
        _is_async = kwargs.pop("_is_async", False)
        if _is_async:
            dialect_cls = entrypoint.get_async_dialect_cls(u)
        else:
            dialect_cls = entrypoint.get_dialect_cls(u)

        if kwargs.pop("_coerce_config", False):

            def pop_kwarg(key: str, default: Optional[Any] = None) -&gt; Any:
                value = kwargs.pop(key, default)
                if key in dialect_cls.engine_config_types:
                    value = dialect_cls.engine_config_types[key](value)
                return value

        else:
            pop_kwarg = kwargs.pop  # type: ignore

        dialect_args = {}
        # consume dialect arguments from kwargs
        for k in util.get_cls_kwargs(dialect_cls):
            if k in kwargs:
                dialect_args[k] = pop_kwarg(k)

        dbapi = kwargs.pop("module", None)
        if dbapi is None:
            dbapi_args = {}

            if "import_dbapi" in dialect_cls.__dict__:
                dbapi_meth = dialect_cls.import_dbapi

            elif hasattr(dialect_cls, "dbapi") and inspect.ismethod(
                dialect_cls.dbapi
            ):
                util.warn_deprecated(
                    "The dbapi() classmethod on dialect classes has been "
                    "renamed to import_dbapi().  Implement an import_dbapi() "
                    f"classmethod directly on class {dialect_cls} to remove this "
                    "warning; the old .dbapi() classmethod may be maintained for "
                    "backwards compatibility.",
                    "2.0",
                )
                dbapi_meth = dialect_cls.dbapi
            else:
                dbapi_meth = dialect_cls.import_dbapi

            for k in util.get_func_kwargs(dbapi_meth):
                if k in kwargs:
                    dbapi_args[k] = pop_kwarg(k)
&gt;           dbapi = dbapi_meth(**dbapi_args)
                    ^^^^^^^^^^^^^^^^^^^^^^^^

/usr/local/lib/python3.11/dist-packages/sqlalchemy/engine/create.py:617:
_ _ _ _ _ _ _ _ _ _ _ _ _ _ _ _ _ _ _ _ _ _ _ _ _ _ _ _ _ _ _ _ _ _ _ _ _ _ _ _

cls = &lt;class 'sqlalchemy.dialects.sqlite.aiosqlite.SQLiteDialect_aiosqlite'&gt;

    @classmethod
    def import_dbapi(cls) -&gt; AsyncAdapt_aiosqlite_dbapi:
        return AsyncAdapt_aiosqlite_dbapi(
&gt;           __import__("aiosqlite"), __import__("sqlite3")
            ^^^^^^^^^^^^^^^^^^^^^^^
        )
E       ModuleNotFoundError: No module named 'aiosqlite'

/usr/local/lib/python3.11/dist-packages/sqlalchemy/dialects/sqlite/aiosqlite.py:449: ModuleNotFoundError</error></testcase><testcase classname="tests.integration.test_repository_db.TestPositionRepository" name="test_get_net_exposure" time="0.001"><error message="failed on setup with &quot;ModuleNotFoundError: No module named 'aiosqlite'&quot;">@pytest.fixture(scope="module")
    def async_engine():
        """Module-scoped async engine with tables created once."""
        import asyncio

&gt;       eng = create_async_engine(
            _ASYNC_URL,
            connect_args={"check_same_thread": False},
            poolclass=StaticPool,
        )

tests/integration/test_repository_db.py:78:
_ _ _ _ _ _ _ _ _ _ _ _ _ _ _ _ _ _ _ _ _ _ _ _ _ _ _ _ _ _ _ _ _ _ _ _ _ _ _ _

func = &lt;function create_async_engine at 0x7f8919a142c0&gt;, module = None
args = ('sqlite+aiosqlite:///:memory:',)
kwargs = {'connect_args': {'check_same_thread': False}, 'poolclass': &lt;class 'sqlalchemy.pool.impl.StaticPool'&gt;}

    def _wrap_create_async_engine_internal(func, module, args, kwargs):
        """Trace the SQLAlchemy engine, creating an `EngineTracer`
        object that will listen to SQLAlchemy events.
        """
        if not is_instrumentation_enabled():
            return func(*args, **kwargs)

&gt;       engine = func(*args, **kwargs)
                 ^^^^^^^^^^^^^^^^^^^^^

/usr/local/lib/python3.11/dist-packages/opentelemetry/instrumentation/sqlalchemy/engine.py:139:
_ _ _ _ _ _ _ _ _ _ _ _ _ _ _ _ _ _ _ _ _ _ _ _ _ _ _ _ _ _ _ _ _ _ _ _ _ _ _ _

url = 'sqlite+aiosqlite:///:memory:'
kw = {'_is_async': True, 'connect_args': {'check_same_thread': False}, 'poolclass': &lt;class 'sqlalchemy.pool.impl.StaticPool'&gt;}

    def create_async_engine(url: Union[str, URL], **kw: Any) -&gt; AsyncEngine:
        """Create a new async engine instance.

        Arguments passed to :func:`_asyncio.create_async_engine` are mostly
        identical to those passed to the :func:`_sa.create_engine` function.
        The specified dialect must be an asyncio-compatible dialect
        such as :ref:`dialect-postgresql-asyncpg`.

        .. versionadded:: 1.4

        :param async_creator: an async callable which returns a driver-level
            asyncio connection. If given, the function should take no arguments,
            and return a new asyncio connection from the underlying asyncio
            database driver; the connection will be wrapped in the appropriate
            structures to be used with the :class:`.AsyncEngine`.   Note that the
            parameters specified in the URL are not applied here, and the creator
            function should use its own connection parameters.

            This parameter is the asyncio equivalent of the
            :paramref:`_sa.create_engine.creator` parameter of the
            :func:`_sa.create_engine` function.

            .. versionadded:: 2.0.16

        """

        if kw.get("server_side_cursors", False):
            raise async_exc.AsyncMethodRequired(
                "Can't set server_side_cursors for async engine globally; "
                "use the connection.stream() method for an async "
                "streaming result set"
            )
        kw["_is_async"] = True
        async_creator = kw.pop("async_creator", None)
        if async_creator:
            if kw.get("creator", None):
                raise ArgumentError(
                    "Can only specify one of 'async_creator' or 'creator', "
                    "not both."
                )

            def creator() -&gt; Any:
                # note that to send adapted arguments like
                # prepared_statement_cache_size, user would use
                # "creator" and emulate this form here
                return sync_engine.dialect.dbapi.connect(  # type: ignore
                    async_creator_fn=async_creator
                )

            kw["creator"] = creator
&gt;       sync_engine = _create_engine(url, **kw)
                      ^^^^^^^^^^^^^^^^^^^^^^^^^

/usr/local/lib/python3.11/dist-packages/sqlalchemy/ext/asyncio/engine.py:120:
_ _ _ _ _ _ _ _ _ _ _ _ _ _ _ _ _ _ _ _ _ _ _ _ _ _ _ _ _ _ _ _ _ _ _ _ _ _ _ _

url = 'sqlite+aiosqlite:///:memory:'
kwargs = {'_is_async': True, 'connect_args': {'check_same_thread': False}, 'poolclass': &lt;class 'sqlalchemy.pool.impl.StaticPool'&gt;}

&gt;   ???

&lt;string&gt;:2:
_ _ _ _ _ _ _ _ _ _ _ _ _ _ _ _ _ _ _ _ _ _ _ _ _ _ _ _ _ _ _ _ _ _ _ _ _ _ _ _

fn = &lt;function create_engine at 0x7f8919b2aac0&gt;
args = ('sqlite+aiosqlite:///:memory:',)
kwargs = {'_is_async': True, 'connect_args': {'check_same_thread': False}, 'poolclass': &lt;class 'sqlalchemy.pool.impl.StaticPool'&gt;}
m = 'implicit_returning'

    @decorator
    def warned(fn: _F, *args: Any, **kwargs: Any) -&gt; _F:
        for m in check_defaults:
            if (defaults[m] is None and kwargs[m] is not None) or (
                defaults[m] is not None and kwargs[m] != defaults[m]
            ):
                _warn_with_version(
                    messages[m],
                    versions[m],
                    version_warnings[m],
                    stacklevel=3,
                )

        if check_any_kw in messages and set(kwargs).difference(
            check_defaults
        ):
            assert check_any_kw is not None
            _warn_with_version(
                messages[check_any_kw],
                versions[check_any_kw],
                version_warnings[check_any_kw],
                stacklevel=3,
            )

        for m in check_kw:
            if m in kwargs:
                _warn_with_version(
                    messages[m],
                    versions[m],
                    version_warnings[m],
                    stacklevel=3,
                )
&gt;       return fn(*args, **kwargs)  # type: ignore[no-any-return]
               ^^^^^^^^^^^^^^^^^^^

/usr/local/lib/python3.11/dist-packages/sqlalchemy/util/deprecations.py:281:
_ _ _ _ _ _ _ _ _ _ _ _ _ _ _ _ _ _ _ _ _ _ _ _ _ _ _ _ _ _ _ _ _ _ _ _ _ _ _ _

url = 'sqlite+aiosqlite:///:memory:'
kwargs = {'connect_args': {'check_same_thread': False}, 'poolclass': &lt;class 'sqlalchemy.pool.impl.StaticPool'&gt;}
u = sqlite+aiosqlite:///:memory:, plugins = []
entrypoint = &lt;class 'sqlalchemy.dialects.sqlite.aiosqlite.SQLiteDialect_aiosqlite'&gt;
_is_async = True
pop_kwarg = &lt;built-in method pop of dict object at 0x7f881f8be200&gt;
dialect_args = {}

    @util.deprecated_params(
        strategy=(
            "1.4",
            "The :paramref:`_sa.create_engine.strategy` keyword is deprecated, "
            "and the only argument accepted is 'mock'; please use "
            ":func:`.create_mock_engine` going forward.  For general "
            "customization of create_engine which may have been accomplished "
            "using strategies, see :class:`.CreateEnginePlugin`.",
        ),
        empty_in_strategy=(
            "1.4",
            "The :paramref:`_sa.create_engine.empty_in_strategy` keyword is "
            "deprecated, and no longer has any effect.  All IN expressions "
            "are now rendered using "
            'the "expanding parameter" strategy which renders a set of bound'
            'expressions, or an "empty set" SELECT, at statement execution'
            "time.",
        ),
        implicit_returning=(
            "2.0",
            "The :paramref:`_sa.create_engine.implicit_returning` parameter "
            "is deprecated and will be removed in a future release. ",
        ),
    )
    def create_engine(url: Union[str, _url.URL], **kwargs: Any) -&gt; Engine:
        """Create a new :class:`_engine.Engine` instance.

        The standard calling form is to send the :ref:`URL &lt;database_urls&gt;` as the
        first positional argument, usually a string
        that indicates database dialect and connection arguments::

            engine = create_engine("postgresql+psycopg2://scott:tiger@localhost/test")

        .. note::

            Please review :ref:`database_urls` for general guidelines in composing
            URL strings.  In particular, special characters, such as those often
            part of passwords, must be URL encoded to be properly parsed.

        Additional keyword arguments may then follow it which
        establish various options on the resulting :class:`_engine.Engine`
        and its underlying :class:`.Dialect` and :class:`_pool.Pool`
        constructs::

            engine = create_engine(
                "mysql+mysqldb://scott:tiger@hostname/dbname",
                pool_recycle=3600,
                echo=True,
            )

        The string form of the URL is
        ``dialect[+driver]://user:password@host/dbname[?key=value..]``, where
        ``dialect`` is a database name such as ``mysql``, ``oracle``,
        ``postgresql``, etc., and ``driver`` the name of a DBAPI, such as
        ``psycopg2``, ``pyodbc``, ``cx_oracle``, etc.  Alternatively,
        the URL can be an instance of :class:`~sqlalchemy.engine.url.URL`.

        ``**kwargs`` takes a wide variety of options which are routed
        towards their appropriate components.  Arguments may be specific to
        the :class:`_engine.Engine`, the underlying :class:`.Dialect`,
        as well as the
        :class:`_pool.Pool`.  Specific dialects also accept keyword arguments that
        are unique to that dialect.   Here, we describe the parameters
        that are common to most :func:`_sa.create_engine()` usage.

        Once established, the newly resulting :class:`_engine.Engine` will
        request a connection from the underlying :class:`_pool.Pool` once
        :meth:`_engine.Engine.connect` is called, or a method which depends on it
        such as :meth:`_engine.Engine.execute` is invoked.   The
        :class:`_pool.Pool` in turn
        will establish the first actual DBAPI connection when this request
        is received.   The :func:`_sa.create_engine` call itself does **not**
        establish any actual DBAPI connections directly.

        .. seealso::

            :doc:`/core/engines`

            :doc:`/dialects/index`

            :ref:`connections_toplevel`

        :param connect_args: a dictionary of options which will be
            passed directly to the DBAPI's ``connect()`` method as
            additional keyword arguments.  See the example
            at :ref:`custom_dbapi_args`.

        :param creator: a callable which returns a DBAPI connection.
            This creation function will be passed to the underlying
            connection pool and will be used to create all new database
            connections. Usage of this function causes connection
            parameters specified in the URL argument to be bypassed.

            This hook is not as flexible as the newer
            :meth:`_events.DialectEvents.do_connect` hook which allows complete
            control over how a connection is made to the database, given the full
            set of URL arguments and state beforehand.

            .. seealso::

                :meth:`_events.DialectEvents.do_connect` - event hook that allows
                full control over DBAPI connection mechanics.

                :ref:`custom_dbapi_args`

        :param echo=False: if True, the Engine will log all statements
            as well as a ``repr()`` of their parameter lists to the default log
            handler, which defaults to ``sys.stdout`` for output.   If set to the
            string ``"debug"``, result rows will be printed to the standard output
            as well. The ``echo`` attribute of ``Engine`` can be modified at any
            time to turn logging on and off; direct control of logging is also
            available using the standard Python ``logging`` module.

            .. seealso::

                :ref:`dbengine_logging` - further detail on how to configure
                logging.


        :param echo_pool=False: if True, the connection pool will log
            informational output such as when connections are invalidated
            as well as when connections are recycled to the default log handler,
            which defaults to ``sys.stdout`` for output.   If set to the string
            ``"debug"``, the logging will include pool checkouts and checkins.
            Direct control of logging is also available using the standard Python
            ``logging`` module.

            .. seealso::

                :ref:`dbengine_logging` - further detail on how to configure
                logging.


        :param empty_in_strategy:   No longer used; SQLAlchemy now uses
            "empty set" behavior for IN in all cases.

        :param enable_from_linting: defaults to True.  Will emit a warning
            if a given SELECT statement is found to have un-linked FROM elements
            which would cause a cartesian product.

            .. versionadded:: 1.4

            .. seealso::

                :ref:`change_4737`

        :param execution_options: Dictionary execution options which will
            be applied to all connections.  See
            :meth:`~sqlalchemy.engine.Connection.execution_options`

        :param future: Use the 2.0 style :class:`_engine.Engine` and
            :class:`_engine.Connection` API.

            As of SQLAlchemy 2.0, this parameter is present for backwards
            compatibility only and must remain at its default value of ``True``.

            The :paramref:`_sa.create_engine.future` parameter will be
            deprecated in a subsequent 2.x release and eventually removed.

            .. versionadded:: 1.4

            .. versionchanged:: 2.0 All :class:`_engine.Engine` objects are
               "future" style engines and there is no longer a ``future=False``
               mode of operation.

            .. seealso::

                :ref:`migration_20_toplevel`

        :param hide_parameters: Boolean, when set to True, SQL statement parameters
            will not be displayed in INFO logging nor will they be formatted into
            the string representation of :class:`.StatementError` objects.

            .. versionadded:: 1.3.8

            .. seealso::

                :ref:`dbengine_logging` - further detail on how to configure
                logging.

        :param implicit_returning=True:  Legacy parameter that may only be set
            to True. In SQLAlchemy 2.0, this parameter does nothing. In order to
            disable "implicit returning" for statements invoked by the ORM,
            configure this on a per-table basis using the
            :paramref:`.Table.implicit_returning` parameter.


        :param insertmanyvalues_page_size: number of rows to format into an
         INSERT statement when the statement uses "insertmanyvalues" mode, which is
         a paged form of bulk insert that is used for many backends when using
         :term:`executemany` execution typically in conjunction with RETURNING.
         Defaults to 1000, but may also be subject to dialect-specific limiting
         factors which may override this value on a per-statement basis.

         .. versionadded:: 2.0

         .. seealso::

            :ref:`engine_insertmanyvalues`

            :ref:`engine_insertmanyvalues_page_size`

            :paramref:`_engine.Connection.execution_options.insertmanyvalues_page_size`

        :param isolation_level: optional string name of an isolation level
            which will be set on all new connections unconditionally.
            Isolation levels are typically some subset of the string names
            ``"SERIALIZABLE"``, ``"REPEATABLE READ"``,
            ``"READ COMMITTED"``, ``"READ UNCOMMITTED"`` and ``"AUTOCOMMIT"``
            based on backend.

            The :paramref:`_sa.create_engine.isolation_level` parameter is
            in contrast to the
            :paramref:`.Connection.execution_options.isolation_level`
            execution option, which may be set on an individual
            :class:`.Connection`, as well as the same parameter passed to
            :meth:`.Engine.execution_options`, where it may be used to create
            multiple engines with different isolation levels that share a common
            connection pool and dialect.

            .. versionchanged:: 2.0 The
               :paramref:`_sa.create_engine.isolation_level`
               parameter has been generalized to work on all dialects which support
               the concept of isolation level, and is provided as a more succinct,
               up front configuration switch in contrast to the execution option
               which is more of an ad-hoc programmatic option.

            .. seealso::

                :ref:`dbapi_autocommit`

        :param json_deserializer: for dialects that support the
            :class:`_types.JSON`
            datatype, this is a Python callable that will convert a JSON string
            to a Python object.  By default, the Python ``json.loads`` function is
            used.

            .. versionchanged:: 1.3.7  The SQLite dialect renamed this from
               ``_json_deserializer``.

        :param json_serializer: for dialects that support the :class:`_types.JSON`
            datatype, this is a Python callable that will render a given object
            as JSON.   By default, the Python ``json.dumps`` function is used.

            .. versionchanged:: 1.3.7  The SQLite dialect renamed this from
               ``_json_serializer``.


        :param label_length=None: optional integer value which limits
            the size of dynamically generated column labels to that many
            characters. If less than 6, labels are generated as
            "_(counter)". If ``None``, the value of
            ``dialect.max_identifier_length``, which may be affected via the
            :paramref:`_sa.create_engine.max_identifier_length` parameter,
            is used instead.   The value of
            :paramref:`_sa.create_engine.label_length`
            may not be larger than that of
            :paramref:`_sa.create_engine.max_identfier_length`.

            .. seealso::

                :paramref:`_sa.create_engine.max_identifier_length`

        :param logging_name:  String identifier which will be used within
            the "name" field of logging records generated within the
            "sqlalchemy.engine" logger. Defaults to a hexstring of the
            object's id.

            .. seealso::

                :ref:`dbengine_logging` - further detail on how to configure
                logging.

                :paramref:`_engine.Connection.execution_options.logging_token`

        :param max_identifier_length: integer; override the max_identifier_length
            determined by the dialect.  if ``None`` or zero, has no effect.  This
            is the database's configured maximum number of characters that may be
            used in a SQL identifier such as a table name, column name, or label
            name. All dialects determine this value automatically, however in the
            case of a new database version for which this value has changed but
            SQLAlchemy's dialect has not been adjusted, the value may be passed
            here.

            .. versionadded:: 1.3.9

            .. seealso::

                :paramref:`_sa.create_engine.label_length`

        :param max_overflow=10: the number of connections to allow in
            connection pool "overflow", that is connections that can be
            opened above and beyond the pool_size setting, which defaults
            to five. this is only used with :class:`~sqlalchemy.pool.QueuePool`.

        :param module=None: reference to a Python module object (the module
            itself, not its string name).  Specifies an alternate DBAPI module to
            be used by the engine's dialect.  Each sub-dialect references a
            specific DBAPI which will be imported before first connect.  This
            parameter causes the import to be bypassed, and the given module to
            be used instead. Can be used for testing of DBAPIs as well as to
            inject "mock" DBAPI implementations into the :class:`_engine.Engine`.

        :param paramstyle=None: The `paramstyle &lt;https://legacy.python.org/dev/peps/pep-0249/#paramstyle&gt;`_
            to use when rendering bound parameters.  This style defaults to the
            one recommended by the DBAPI itself, which is retrieved from the
            ``.paramstyle`` attribute of the DBAPI.  However, most DBAPIs accept
            more than one paramstyle, and in particular it may be desirable
            to change a "named" paramstyle into a "positional" one, or vice versa.
            When this attribute is passed, it should be one of the values
            ``"qmark"``, ``"numeric"``, ``"named"``, ``"format"`` or
            ``"pyformat"``, and should correspond to a parameter style known
            to be supported by the DBAPI in use.

        :param pool=None: an already-constructed instance of
            :class:`~sqlalchemy.pool.Pool`, such as a
            :class:`~sqlalchemy.pool.QueuePool` instance. If non-None, this
            pool will be used directly as the underlying connection pool
            for the engine, bypassing whatever connection parameters are
            present in the URL argument. For information on constructing
            connection pools manually, see :ref:`pooling_toplevel`.

        :param poolclass=None: a :class:`~sqlalchemy.pool.Pool`
            subclass, which will be used to create a connection pool
            instance using the connection parameters given in the URL. Note
            this differs from ``pool`` in that you don't actually
            instantiate the pool in this case, you just indicate what type
            of pool to be used.

        :param pool_logging_name:  String identifier which will be used within
           the "name" field of logging records generated within the
           "sqlalchemy.pool" logger. Defaults to a hexstring of the object's
           id.

           .. seealso::

                :ref:`dbengine_logging` - further detail on how to configure
                logging.

        :param pool_pre_ping: boolean, if True will enable the connection pool
            "pre-ping" feature that tests connections for liveness upon
            each checkout.

            .. versionadded:: 1.2

            .. seealso::

                :ref:`pool_disconnects_pessimistic`

        :param pool_size=5: the number of connections to keep open
            inside the connection pool. This used with
            :class:`~sqlalchemy.pool.QueuePool` as
            well as :class:`~sqlalchemy.pool.SingletonThreadPool`.  With
            :class:`~sqlalchemy.pool.QueuePool`, a ``pool_size`` setting
            of 0 indicates no limit; to disable pooling, set ``poolclass`` to
            :class:`~sqlalchemy.pool.NullPool` instead.

        :param pool_recycle=-1: this setting causes the pool to recycle
            connections after the given number of seconds has passed. It
            defaults to -1, or no timeout. For example, setting to 3600
            means connections will be recycled after one hour. Note that
            MySQL in particular will disconnect automatically if no
            activity is detected on a connection for eight hours (although
            this is configurable with the MySQLDB connection itself and the
            server configuration as well).

            .. seealso::

                :ref:`pool_setting_recycle`

        :param pool_reset_on_return='rollback': set the
            :paramref:`_pool.Pool.reset_on_return` parameter of the underlying
            :class:`_pool.Pool` object, which can be set to the values
            ``"rollback"``, ``"commit"``, or ``None``.

            .. seealso::

                :ref:`pool_reset_on_return`

                :ref:`dbapi_autocommit_skip_rollback` - a more modern approach
                to using connections with no transactional instructions

        :param pool_timeout=30: number of seconds to wait before giving
            up on getting a connection from the pool. This is only used
            with :class:`~sqlalchemy.pool.QueuePool`. This can be a float but is
            subject to the limitations of Python time functions which may not be
            reliable in the tens of milliseconds.

            .. note: don't use 30.0 above, it seems to break with the :param tag

        :param pool_use_lifo=False: use LIFO (last-in-first-out) when retrieving
            connections from :class:`.QueuePool` instead of FIFO
            (first-in-first-out). Using LIFO, a server-side timeout scheme can
            reduce the number of connections used during non- peak   periods of
            use.   When planning for server-side timeouts, ensure that a recycle or
            pre-ping strategy is in use to gracefully   handle stale connections.

              .. versionadded:: 1.3

              .. seealso::

                :ref:`pool_use_lifo`

                :ref:`pool_disconnects`

        :param plugins: string list of plugin names to load.  See
            :class:`.CreateEnginePlugin` for background.

            .. versionadded:: 1.2.3

        :param query_cache_size: size of the cache used to cache the SQL string
         form of queries.  Set to zero to disable caching.

         The cache is pruned of its least recently used items when its size reaches
         N * 1.5.  Defaults to 500, meaning the cache will always store at least
         500 SQL statements when filled, and will grow up to 750 items at which
         point it is pruned back down to 500 by removing the 250 least recently
         used items.

         Caching is accomplished on a per-statement basis by generating a
         cache key that represents the statement's structure, then generating
         string SQL for the current dialect only if that key is not present
         in the cache.   All statements support caching, however some features
         such as an INSERT with a large set of parameters will intentionally
         bypass the cache.   SQL logging will indicate statistics for each
         statement whether or not it were pull from the cache.

         .. note:: some ORM functions related to unit-of-work persistence as well
            as some attribute loading strategies will make use of individual
            per-mapper caches outside of the main cache.


         .. seealso::

            :ref:`sql_caching`

         .. versionadded:: 1.4

        :param skip_autocommit_rollback: When True, the dialect will
           unconditionally skip all calls to the DBAPI ``connection.rollback()``
           method if the DBAPI connection is confirmed to be in "autocommit" mode.
           The availability of this feature is dialect specific; if not available,
           a ``NotImplementedError`` is raised by the dialect when rollback occurs.

           .. seealso::

                :ref:`dbapi_autocommit_skip_rollback`

           .. versionadded:: 2.0.43

        :param use_insertmanyvalues: True by default, use the "insertmanyvalues"
         execution style for INSERT..RETURNING statements by default.

         .. versionadded:: 2.0

         .. seealso::

            :ref:`engine_insertmanyvalues`

        """  # noqa

        if "strategy" in kwargs:
            strat = kwargs.pop("strategy")
            if strat == "mock":
                # this case is deprecated
                return create_mock_engine(url, **kwargs)  # type: ignore
            else:
                raise exc.ArgumentError("unknown strategy: %r" % strat)

        kwargs.pop("empty_in_strategy", None)

        # create url.URL object
        u = _url.make_url(url)

        u, plugins, kwargs = u._instantiate_plugins(kwargs)

        entrypoint = u._get_entrypoint()
        _is_async = kwargs.pop("_is_async", False)
        if _is_async:
            dialect_cls = entrypoint.get_async_dialect_cls(u)
        else:
            dialect_cls = entrypoint.get_dialect_cls(u)

        if kwargs.pop("_coerce_config", False):

            def pop_kwarg(key: str, default: Optional[Any] = None) -&gt; Any:
                value = kwargs.pop(key, default)
                if key in dialect_cls.engine_config_types:
                    value = dialect_cls.engine_config_types[key](value)
                return value

        else:
            pop_kwarg = kwargs.pop  # type: ignore

        dialect_args = {}
        # consume dialect arguments from kwargs
        for k in util.get_cls_kwargs(dialect_cls):
            if k in kwargs:
                dialect_args[k] = pop_kwarg(k)

        dbapi = kwargs.pop("module", None)
        if dbapi is None:
            dbapi_args = {}

            if "import_dbapi" in dialect_cls.__dict__:
                dbapi_meth = dialect_cls.import_dbapi

            elif hasattr(dialect_cls, "dbapi") and inspect.ismethod(
                dialect_cls.dbapi
            ):
                util.warn_deprecated(
                    "The dbapi() classmethod on dialect classes has been "
                    "renamed to import_dbapi().  Implement an import_dbapi() "
                    f"classmethod directly on class {dialect_cls} to remove this "
                    "warning; the old .dbapi() classmethod may be maintained for "
                    "backwards compatibility.",
                    "2.0",
                )
                dbapi_meth = dialect_cls.dbapi
            else:
                dbapi_meth = dialect_cls.import_dbapi

            for k in util.get_func_kwargs(dbapi_meth):
                if k in kwargs:
                    dbapi_args[k] = pop_kwarg(k)
&gt;           dbapi = dbapi_meth(**dbapi_args)
                    ^^^^^^^^^^^^^^^^^^^^^^^^

/usr/local/lib/python3.11/dist-packages/sqlalchemy/engine/create.py:617:
_ _ _ _ _ _ _ _ _ _ _ _ _ _ _ _ _ _ _ _ _ _ _ _ _ _ _ _ _ _ _ _ _ _ _ _ _ _ _ _

cls = &lt;class 'sqlalchemy.dialects.sqlite.aiosqlite.SQLiteDialect_aiosqlite'&gt;

    @classmethod
    def import_dbapi(cls) -&gt; AsyncAdapt_aiosqlite_dbapi:
        return AsyncAdapt_aiosqlite_dbapi(
&gt;           __import__("aiosqlite"), __import__("sqlite3")
            ^^^^^^^^^^^^^^^^^^^^^^^
        )
E       ModuleNotFoundError: No module named 'aiosqlite'

/usr/local/lib/python3.11/dist-packages/sqlalchemy/dialects/sqlite/aiosqlite.py:449: ModuleNotFoundError</error></testcase><testcase classname="tests.integration.test_repository_db.TestPositionRepository" name="test_get_portfolio_summary" time="0.001"><error message="failed on setup with &quot;ModuleNotFoundError: No module named 'aiosqlite'&quot;">@pytest.fixture(scope="module")
    def async_engine():
        """Module-scoped async engine with tables created once."""
        import asyncio

&gt;       eng = create_async_engine(
            _ASYNC_URL,
            connect_args={"check_same_thread": False},
            poolclass=StaticPool,
        )

tests/integration/test_repository_db.py:78:
_ _ _ _ _ _ _ _ _ _ _ _ _ _ _ _ _ _ _ _ _ _ _ _ _ _ _ _ _ _ _ _ _ _ _ _ _ _ _ _

func = &lt;function create_async_engine at 0x7f8919a142c0&gt;, module = None
args = ('sqlite+aiosqlite:///:memory:',)
kwargs = {'connect_args': {'check_same_thread': False}, 'poolclass': &lt;class 'sqlalchemy.pool.impl.StaticPool'&gt;}

    def _wrap_create_async_engine_internal(func, module, args, kwargs):
        """Trace the SQLAlchemy engine, creating an `EngineTracer`
        object that will listen to SQLAlchemy events.
        """
        if not is_instrumentation_enabled():
            return func(*args, **kwargs)

&gt;       engine = func(*args, **kwargs)
                 ^^^^^^^^^^^^^^^^^^^^^

/usr/local/lib/python3.11/dist-packages/opentelemetry/instrumentation/sqlalchemy/engine.py:139:
_ _ _ _ _ _ _ _ _ _ _ _ _ _ _ _ _ _ _ _ _ _ _ _ _ _ _ _ _ _ _ _ _ _ _ _ _ _ _ _

url = 'sqlite+aiosqlite:///:memory:'
kw = {'_is_async': True, 'connect_args': {'check_same_thread': False}, 'poolclass': &lt;class 'sqlalchemy.pool.impl.StaticPool'&gt;}

    def create_async_engine(url: Union[str, URL], **kw: Any) -&gt; AsyncEngine:
        """Create a new async engine instance.

        Arguments passed to :func:`_asyncio.create_async_engine` are mostly
        identical to those passed to the :func:`_sa.create_engine` function.
        The specified dialect must be an asyncio-compatible dialect
        such as :ref:`dialect-postgresql-asyncpg`.

        .. versionadded:: 1.4

        :param async_creator: an async callable which returns a driver-level
            asyncio connection. If given, the function should take no arguments,
            and return a new asyncio connection from the underlying asyncio
            database driver; the connection will be wrapped in the appropriate
            structures to be used with the :class:`.AsyncEngine`.   Note that the
            parameters specified in the URL are not applied here, and the creator
            function should use its own connection parameters.

            This parameter is the asyncio equivalent of the
            :paramref:`_sa.create_engine.creator` parameter of the
            :func:`_sa.create_engine` function.

            .. versionadded:: 2.0.16

        """

        if kw.get("server_side_cursors", False):
            raise async_exc.AsyncMethodRequired(
                "Can't set server_side_cursors for async engine globally; "
                "use the connection.stream() method for an async "
                "streaming result set"
            )
        kw["_is_async"] = True
        async_creator = kw.pop("async_creator", None)
        if async_creator:
            if kw.get("creator", None):
                raise ArgumentError(
                    "Can only specify one of 'async_creator' or 'creator', "
                    "not both."
                )

            def creator() -&gt; Any:
                # note that to send adapted arguments like
                # prepared_statement_cache_size, user would use
                # "creator" and emulate this form here
                return sync_engine.dialect.dbapi.connect(  # type: ignore
                    async_creator_fn=async_creator
                )

            kw["creator"] = creator
&gt;       sync_engine = _create_engine(url, **kw)
                      ^^^^^^^^^^^^^^^^^^^^^^^^^

/usr/local/lib/python3.11/dist-packages/sqlalchemy/ext/asyncio/engine.py:120:
_ _ _ _ _ _ _ _ _ _ _ _ _ _ _ _ _ _ _ _ _ _ _ _ _ _ _ _ _ _ _ _ _ _ _ _ _ _ _ _

url = 'sqlite+aiosqlite:///:memory:'
kwargs = {'_is_async': True, 'connect_args': {'check_same_thread': False}, 'poolclass': &lt;class 'sqlalchemy.pool.impl.StaticPool'&gt;}

&gt;   ???

&lt;string&gt;:2:
_ _ _ _ _ _ _ _ _ _ _ _ _ _ _ _ _ _ _ _ _ _ _ _ _ _ _ _ _ _ _ _ _ _ _ _ _ _ _ _

fn = &lt;function create_engine at 0x7f8919b2aac0&gt;
args = ('sqlite+aiosqlite:///:memory:',)
kwargs = {'_is_async': True, 'connect_args': {'check_same_thread': False}, 'poolclass': &lt;class 'sqlalchemy.pool.impl.StaticPool'&gt;}
m = 'implicit_returning'

    @decorator
    def warned(fn: _F, *args: Any, **kwargs: Any) -&gt; _F:
        for m in check_defaults:
            if (defaults[m] is None and kwargs[m] is not None) or (
                defaults[m] is not None and kwargs[m] != defaults[m]
            ):
                _warn_with_version(
                    messages[m],
                    versions[m],
                    version_warnings[m],
                    stacklevel=3,
                )

        if check_any_kw in messages and set(kwargs).difference(
            check_defaults
        ):
            assert check_any_kw is not None
            _warn_with_version(
                messages[check_any_kw],
                versions[check_any_kw],
                version_warnings[check_any_kw],
                stacklevel=3,
            )

        for m in check_kw:
            if m in kwargs:
                _warn_with_version(
                    messages[m],
                    versions[m],
                    version_warnings[m],
                    stacklevel=3,
                )
&gt;       return fn(*args, **kwargs)  # type: ignore[no-any-return]
               ^^^^^^^^^^^^^^^^^^^

/usr/local/lib/python3.11/dist-packages/sqlalchemy/util/deprecations.py:281:
_ _ _ _ _ _ _ _ _ _ _ _ _ _ _ _ _ _ _ _ _ _ _ _ _ _ _ _ _ _ _ _ _ _ _ _ _ _ _ _

url = 'sqlite+aiosqlite:///:memory:'
kwargs = {'connect_args': {'check_same_thread': False}, 'poolclass': &lt;class 'sqlalchemy.pool.impl.StaticPool'&gt;}
u = sqlite+aiosqlite:///:memory:, plugins = []
entrypoint = &lt;class 'sqlalchemy.dialects.sqlite.aiosqlite.SQLiteDialect_aiosqlite'&gt;
_is_async = True
pop_kwarg = &lt;built-in method pop of dict object at 0x7f881f8be200&gt;
dialect_args = {}

    @util.deprecated_params(
        strategy=(
            "1.4",
            "The :paramref:`_sa.create_engine.strategy` keyword is deprecated, "
            "and the only argument accepted is 'mock'; please use "
            ":func:`.create_mock_engine` going forward.  For general "
            "customization of create_engine which may have been accomplished "
            "using strategies, see :class:`.CreateEnginePlugin`.",
        ),
        empty_in_strategy=(
            "1.4",
            "The :paramref:`_sa.create_engine.empty_in_strategy` keyword is "
            "deprecated, and no longer has any effect.  All IN expressions "
            "are now rendered using "
            'the "expanding parameter" strategy which renders a set of bound'
            'expressions, or an "empty set" SELECT, at statement execution'
            "time.",
        ),
        implicit_returning=(
            "2.0",
            "The :paramref:`_sa.create_engine.implicit_returning` parameter "
            "is deprecated and will be removed in a future release. ",
        ),
    )
    def create_engine(url: Union[str, _url.URL], **kwargs: Any) -&gt; Engine:
        """Create a new :class:`_engine.Engine` instance.

        The standard calling form is to send the :ref:`URL &lt;database_urls&gt;` as the
        first positional argument, usually a string
        that indicates database dialect and connection arguments::

            engine = create_engine("postgresql+psycopg2://scott:tiger@localhost/test")

        .. note::

            Please review :ref:`database_urls` for general guidelines in composing
            URL strings.  In particular, special characters, such as those often
            part of passwords, must be URL encoded to be properly parsed.

        Additional keyword arguments may then follow it which
        establish various options on the resulting :class:`_engine.Engine`
        and its underlying :class:`.Dialect` and :class:`_pool.Pool`
        constructs::

            engine = create_engine(
                "mysql+mysqldb://scott:tiger@hostname/dbname",
                pool_recycle=3600,
                echo=True,
            )

        The string form of the URL is
        ``dialect[+driver]://user:password@host/dbname[?key=value..]``, where
        ``dialect`` is a database name such as ``mysql``, ``oracle``,
        ``postgresql``, etc., and ``driver`` the name of a DBAPI, such as
        ``psycopg2``, ``pyodbc``, ``cx_oracle``, etc.  Alternatively,
        the URL can be an instance of :class:`~sqlalchemy.engine.url.URL`.

        ``**kwargs`` takes a wide variety of options which are routed
        towards their appropriate components.  Arguments may be specific to
        the :class:`_engine.Engine`, the underlying :class:`.Dialect`,
        as well as the
        :class:`_pool.Pool`.  Specific dialects also accept keyword arguments that
        are unique to that dialect.   Here, we describe the parameters
        that are common to most :func:`_sa.create_engine()` usage.

        Once established, the newly resulting :class:`_engine.Engine` will
        request a connection from the underlying :class:`_pool.Pool` once
        :meth:`_engine.Engine.connect` is called, or a method which depends on it
        such as :meth:`_engine.Engine.execute` is invoked.   The
        :class:`_pool.Pool` in turn
        will establish the first actual DBAPI connection when this request
        is received.   The :func:`_sa.create_engine` call itself does **not**
        establish any actual DBAPI connections directly.

        .. seealso::

            :doc:`/core/engines`

            :doc:`/dialects/index`

            :ref:`connections_toplevel`

        :param connect_args: a dictionary of options which will be
            passed directly to the DBAPI's ``connect()`` method as
            additional keyword arguments.  See the example
            at :ref:`custom_dbapi_args`.

        :param creator: a callable which returns a DBAPI connection.
            This creation function will be passed to the underlying
            connection pool and will be used to create all new database
            connections. Usage of this function causes connection
            parameters specified in the URL argument to be bypassed.

            This hook is not as flexible as the newer
            :meth:`_events.DialectEvents.do_connect` hook which allows complete
            control over how a connection is made to the database, given the full
            set of URL arguments and state beforehand.

            .. seealso::

                :meth:`_events.DialectEvents.do_connect` - event hook that allows
                full control over DBAPI connection mechanics.

                :ref:`custom_dbapi_args`

        :param echo=False: if True, the Engine will log all statements
            as well as a ``repr()`` of their parameter lists to the default log
            handler, which defaults to ``sys.stdout`` for output.   If set to the
            string ``"debug"``, result rows will be printed to the standard output
            as well. The ``echo`` attribute of ``Engine`` can be modified at any
            time to turn logging on and off; direct control of logging is also
            available using the standard Python ``logging`` module.

            .. seealso::

                :ref:`dbengine_logging` - further detail on how to configure
                logging.


        :param echo_pool=False: if True, the connection pool will log
            informational output such as when connections are invalidated
            as well as when connections are recycled to the default log handler,
            which defaults to ``sys.stdout`` for output.   If set to the string
            ``"debug"``, the logging will include pool checkouts and checkins.
            Direct control of logging is also available using the standard Python
            ``logging`` module.

            .. seealso::

                :ref:`dbengine_logging` - further detail on how to configure
                logging.


        :param empty_in_strategy:   No longer used; SQLAlchemy now uses
            "empty set" behavior for IN in all cases.

        :param enable_from_linting: defaults to True.  Will emit a warning
            if a given SELECT statement is found to have un-linked FROM elements
            which would cause a cartesian product.

            .. versionadded:: 1.4

            .. seealso::

                :ref:`change_4737`

        :param execution_options: Dictionary execution options which will
            be applied to all connections.  See
            :meth:`~sqlalchemy.engine.Connection.execution_options`

        :param future: Use the 2.0 style :class:`_engine.Engine` and
            :class:`_engine.Connection` API.

            As of SQLAlchemy 2.0, this parameter is present for backwards
            compatibility only and must remain at its default value of ``True``.

            The :paramref:`_sa.create_engine.future` parameter will be
            deprecated in a subsequent 2.x release and eventually removed.

            .. versionadded:: 1.4

            .. versionchanged:: 2.0 All :class:`_engine.Engine` objects are
               "future" style engines and there is no longer a ``future=False``
               mode of operation.

            .. seealso::

                :ref:`migration_20_toplevel`

        :param hide_parameters: Boolean, when set to True, SQL statement parameters
            will not be displayed in INFO logging nor will they be formatted into
            the string representation of :class:`.StatementError` objects.

            .. versionadded:: 1.3.8

            .. seealso::

                :ref:`dbengine_logging` - further detail on how to configure
                logging.

        :param implicit_returning=True:  Legacy parameter that may only be set
            to True. In SQLAlchemy 2.0, this parameter does nothing. In order to
            disable "implicit returning" for statements invoked by the ORM,
            configure this on a per-table basis using the
            :paramref:`.Table.implicit_returning` parameter.


        :param insertmanyvalues_page_size: number of rows to format into an
         INSERT statement when the statement uses "insertmanyvalues" mode, which is
         a paged form of bulk insert that is used for many backends when using
         :term:`executemany` execution typically in conjunction with RETURNING.
         Defaults to 1000, but may also be subject to dialect-specific limiting
         factors which may override this value on a per-statement basis.

         .. versionadded:: 2.0

         .. seealso::

            :ref:`engine_insertmanyvalues`

            :ref:`engine_insertmanyvalues_page_size`

            :paramref:`_engine.Connection.execution_options.insertmanyvalues_page_size`

        :param isolation_level: optional string name of an isolation level
            which will be set on all new connections unconditionally.
            Isolation levels are typically some subset of the string names
            ``"SERIALIZABLE"``, ``"REPEATABLE READ"``,
            ``"READ COMMITTED"``, ``"READ UNCOMMITTED"`` and ``"AUTOCOMMIT"``
            based on backend.

            The :paramref:`_sa.create_engine.isolation_level` parameter is
            in contrast to the
            :paramref:`.Connection.execution_options.isolation_level`
            execution option, which may be set on an individual
            :class:`.Connection`, as well as the same parameter passed to
            :meth:`.Engine.execution_options`, where it may be used to create
            multiple engines with different isolation levels that share a common
            connection pool and dialect.

            .. versionchanged:: 2.0 The
               :paramref:`_sa.create_engine.isolation_level`
               parameter has been generalized to work on all dialects which support
               the concept of isolation level, and is provided as a more succinct,
               up front configuration switch in contrast to the execution option
               which is more of an ad-hoc programmatic option.

            .. seealso::

                :ref:`dbapi_autocommit`

        :param json_deserializer: for dialects that support the
            :class:`_types.JSON`
            datatype, this is a Python callable that will convert a JSON string
            to a Python object.  By default, the Python ``json.loads`` function is
            used.

            .. versionchanged:: 1.3.7  The SQLite dialect renamed this from
               ``_json_deserializer``.

        :param json_serializer: for dialects that support the :class:`_types.JSON`
            datatype, this is a Python callable that will render a given object
            as JSON.   By default, the Python ``json.dumps`` function is used.

            .. versionchanged:: 1.3.7  The SQLite dialect renamed this from
               ``_json_serializer``.


        :param label_length=None: optional integer value which limits
            the size of dynamically generated column labels to that many
            characters. If less than 6, labels are generated as
            "_(counter)". If ``None``, the value of
            ``dialect.max_identifier_length``, which may be affected via the
            :paramref:`_sa.create_engine.max_identifier_length` parameter,
            is used instead.   The value of
            :paramref:`_sa.create_engine.label_length`
            may not be larger than that of
            :paramref:`_sa.create_engine.max_identfier_length`.

            .. seealso::

                :paramref:`_sa.create_engine.max_identifier_length`

        :param logging_name:  String identifier which will be used within
            the "name" field of logging records generated within the
            "sqlalchemy.engine" logger. Defaults to a hexstring of the
            object's id.

            .. seealso::

                :ref:`dbengine_logging` - further detail on how to configure
                logging.

                :paramref:`_engine.Connection.execution_options.logging_token`

        :param max_identifier_length: integer; override the max_identifier_length
            determined by the dialect.  if ``None`` or zero, has no effect.  This
            is the database's configured maximum number of characters that may be
            used in a SQL identifier such as a table name, column name, or label
            name. All dialects determine this value automatically, however in the
            case of a new database version for which this value has changed but
            SQLAlchemy's dialect has not been adjusted, the value may be passed
            here.

            .. versionadded:: 1.3.9

            .. seealso::

                :paramref:`_sa.create_engine.label_length`

        :param max_overflow=10: the number of connections to allow in
            connection pool "overflow", that is connections that can be
            opened above and beyond the pool_size setting, which defaults
            to five. this is only used with :class:`~sqlalchemy.pool.QueuePool`.

        :param module=None: reference to a Python module object (the module
            itself, not its string name).  Specifies an alternate DBAPI module to
            be used by the engine's dialect.  Each sub-dialect references a
            specific DBAPI which will be imported before first connect.  This
            parameter causes the import to be bypassed, and the given module to
            be used instead. Can be used for testing of DBAPIs as well as to
            inject "mock" DBAPI implementations into the :class:`_engine.Engine`.

        :param paramstyle=None: The `paramstyle &lt;https://legacy.python.org/dev/peps/pep-0249/#paramstyle&gt;`_
            to use when rendering bound parameters.  This style defaults to the
            one recommended by the DBAPI itself, which is retrieved from the
            ``.paramstyle`` attribute of the DBAPI.  However, most DBAPIs accept
            more than one paramstyle, and in particular it may be desirable
            to change a "named" paramstyle into a "positional" one, or vice versa.
            When this attribute is passed, it should be one of the values
            ``"qmark"``, ``"numeric"``, ``"named"``, ``"format"`` or
            ``"pyformat"``, and should correspond to a parameter style known
            to be supported by the DBAPI in use.

        :param pool=None: an already-constructed instance of
            :class:`~sqlalchemy.pool.Pool`, such as a
            :class:`~sqlalchemy.pool.QueuePool` instance. If non-None, this
            pool will be used directly as the underlying connection pool
            for the engine, bypassing whatever connection parameters are
            present in the URL argument. For information on constructing
            connection pools manually, see :ref:`pooling_toplevel`.

        :param poolclass=None: a :class:`~sqlalchemy.pool.Pool`
            subclass, which will be used to create a connection pool
            instance using the connection parameters given in the URL. Note
            this differs from ``pool`` in that you don't actually
            instantiate the pool in this case, you just indicate what type
            of pool to be used.

        :param pool_logging_name:  String identifier which will be used within
           the "name" field of logging records generated within the
           "sqlalchemy.pool" logger. Defaults to a hexstring of the object's
           id.

           .. seealso::

                :ref:`dbengine_logging` - further detail on how to configure
                logging.

        :param pool_pre_ping: boolean, if True will enable the connection pool
            "pre-ping" feature that tests connections for liveness upon
            each checkout.

            .. versionadded:: 1.2

            .. seealso::

                :ref:`pool_disconnects_pessimistic`

        :param pool_size=5: the number of connections to keep open
            inside the connection pool. This used with
            :class:`~sqlalchemy.pool.QueuePool` as
            well as :class:`~sqlalchemy.pool.SingletonThreadPool`.  With
            :class:`~sqlalchemy.pool.QueuePool`, a ``pool_size`` setting
            of 0 indicates no limit; to disable pooling, set ``poolclass`` to
            :class:`~sqlalchemy.pool.NullPool` instead.

        :param pool_recycle=-1: this setting causes the pool to recycle
            connections after the given number of seconds has passed. It
            defaults to -1, or no timeout. For example, setting to 3600
            means connections will be recycled after one hour. Note that
            MySQL in particular will disconnect automatically if no
            activity is detected on a connection for eight hours (although
            this is configurable with the MySQLDB connection itself and the
            server configuration as well).

            .. seealso::

                :ref:`pool_setting_recycle`

        :param pool_reset_on_return='rollback': set the
            :paramref:`_pool.Pool.reset_on_return` parameter of the underlying
            :class:`_pool.Pool` object, which can be set to the values
            ``"rollback"``, ``"commit"``, or ``None``.

            .. seealso::

                :ref:`pool_reset_on_return`

                :ref:`dbapi_autocommit_skip_rollback` - a more modern approach
                to using connections with no transactional instructions

        :param pool_timeout=30: number of seconds to wait before giving
            up on getting a connection from the pool. This is only used
            with :class:`~sqlalchemy.pool.QueuePool`. This can be a float but is
            subject to the limitations of Python time functions which may not be
            reliable in the tens of milliseconds.

            .. note: don't use 30.0 above, it seems to break with the :param tag

        :param pool_use_lifo=False: use LIFO (last-in-first-out) when retrieving
            connections from :class:`.QueuePool` instead of FIFO
            (first-in-first-out). Using LIFO, a server-side timeout scheme can
            reduce the number of connections used during non- peak   periods of
            use.   When planning for server-side timeouts, ensure that a recycle or
            pre-ping strategy is in use to gracefully   handle stale connections.

              .. versionadded:: 1.3

              .. seealso::

                :ref:`pool_use_lifo`

                :ref:`pool_disconnects`

        :param plugins: string list of plugin names to load.  See
            :class:`.CreateEnginePlugin` for background.

            .. versionadded:: 1.2.3

        :param query_cache_size: size of the cache used to cache the SQL string
         form of queries.  Set to zero to disable caching.

         The cache is pruned of its least recently used items when its size reaches
         N * 1.5.  Defaults to 500, meaning the cache will always store at least
         500 SQL statements when filled, and will grow up to 750 items at which
         point it is pruned back down to 500 by removing the 250 least recently
         used items.

         Caching is accomplished on a per-statement basis by generating a
         cache key that represents the statement's structure, then generating
         string SQL for the current dialect only if that key is not present
         in the cache.   All statements support caching, however some features
         such as an INSERT with a large set of parameters will intentionally
         bypass the cache.   SQL logging will indicate statistics for each
         statement whether or not it were pull from the cache.

         .. note:: some ORM functions related to unit-of-work persistence as well
            as some attribute loading strategies will make use of individual
            per-mapper caches outside of the main cache.


         .. seealso::

            :ref:`sql_caching`

         .. versionadded:: 1.4

        :param skip_autocommit_rollback: When True, the dialect will
           unconditionally skip all calls to the DBAPI ``connection.rollback()``
           method if the DBAPI connection is confirmed to be in "autocommit" mode.
           The availability of this feature is dialect specific; if not available,
           a ``NotImplementedError`` is raised by the dialect when rollback occurs.

           .. seealso::

                :ref:`dbapi_autocommit_skip_rollback`

           .. versionadded:: 2.0.43

        :param use_insertmanyvalues: True by default, use the "insertmanyvalues"
         execution style for INSERT..RETURNING statements by default.

         .. versionadded:: 2.0

         .. seealso::

            :ref:`engine_insertmanyvalues`

        """  # noqa

        if "strategy" in kwargs:
            strat = kwargs.pop("strategy")
            if strat == "mock":
                # this case is deprecated
                return create_mock_engine(url, **kwargs)  # type: ignore
            else:
                raise exc.ArgumentError("unknown strategy: %r" % strat)

        kwargs.pop("empty_in_strategy", None)

        # create url.URL object
        u = _url.make_url(url)

        u, plugins, kwargs = u._instantiate_plugins(kwargs)

        entrypoint = u._get_entrypoint()
        _is_async = kwargs.pop("_is_async", False)
        if _is_async:
            dialect_cls = entrypoint.get_async_dialect_cls(u)
        else:
            dialect_cls = entrypoint.get_dialect_cls(u)

        if kwargs.pop("_coerce_config", False):

            def pop_kwarg(key: str, default: Optional[Any] = None) -&gt; Any:
                value = kwargs.pop(key, default)
                if key in dialect_cls.engine_config_types:
                    value = dialect_cls.engine_config_types[key](value)
                return value

        else:
            pop_kwarg = kwargs.pop  # type: ignore

        dialect_args = {}
        # consume dialect arguments from kwargs
        for k in util.get_cls_kwargs(dialect_cls):
            if k in kwargs:
                dialect_args[k] = pop_kwarg(k)

        dbapi = kwargs.pop("module", None)
        if dbapi is None:
            dbapi_args = {}

            if "import_dbapi" in dialect_cls.__dict__:
                dbapi_meth = dialect_cls.import_dbapi

            elif hasattr(dialect_cls, "dbapi") and inspect.ismethod(
                dialect_cls.dbapi
            ):
                util.warn_deprecated(
                    "The dbapi() classmethod on dialect classes has been "
                    "renamed to import_dbapi().  Implement an import_dbapi() "
                    f"classmethod directly on class {dialect_cls} to remove this "
                    "warning; the old .dbapi() classmethod may be maintained for "
                    "backwards compatibility.",
                    "2.0",
                )
                dbapi_meth = dialect_cls.dbapi
            else:
                dbapi_meth = dialect_cls.import_dbapi

            for k in util.get_func_kwargs(dbapi_meth):
                if k in kwargs:
                    dbapi_args[k] = pop_kwarg(k)
&gt;           dbapi = dbapi_meth(**dbapi_args)
                    ^^^^^^^^^^^^^^^^^^^^^^^^

/usr/local/lib/python3.11/dist-packages/sqlalchemy/engine/create.py:617:
_ _ _ _ _ _ _ _ _ _ _ _ _ _ _ _ _ _ _ _ _ _ _ _ _ _ _ _ _ _ _ _ _ _ _ _ _ _ _ _

cls = &lt;class 'sqlalchemy.dialects.sqlite.aiosqlite.SQLiteDialect_aiosqlite'&gt;

    @classmethod
    def import_dbapi(cls) -&gt; AsyncAdapt_aiosqlite_dbapi:
        return AsyncAdapt_aiosqlite_dbapi(
&gt;           __import__("aiosqlite"), __import__("sqlite3")
            ^^^^^^^^^^^^^^^^^^^^^^^
        )
E       ModuleNotFoundError: No module named 'aiosqlite'

/usr/local/lib/python3.11/dist-packages/sqlalchemy/dialects/sqlite/aiosqlite.py:449: ModuleNotFoundError</error></testcase><testcase classname="tests.integration.test_repository_db.TestPositionRepository" name="test_get_by_instrument" time="0.001"><error message="failed on setup with &quot;ModuleNotFoundError: No module named 'aiosqlite'&quot;">@pytest.fixture(scope="module")
    def async_engine():
        """Module-scoped async engine with tables created once."""
        import asyncio

&gt;       eng = create_async_engine(
            _ASYNC_URL,
            connect_args={"check_same_thread": False},
            poolclass=StaticPool,
        )

tests/integration/test_repository_db.py:78:
_ _ _ _ _ _ _ _ _ _ _ _ _ _ _ _ _ _ _ _ _ _ _ _ _ _ _ _ _ _ _ _ _ _ _ _ _ _ _ _

func = &lt;function create_async_engine at 0x7f8919a142c0&gt;, module = None
args = ('sqlite+aiosqlite:///:memory:',)
kwargs = {'connect_args': {'check_same_thread': False}, 'poolclass': &lt;class 'sqlalchemy.pool.impl.StaticPool'&gt;}

    def _wrap_create_async_engine_internal(func, module, args, kwargs):
        """Trace the SQLAlchemy engine, creating an `EngineTracer`
        object that will listen to SQLAlchemy events.
        """
        if not is_instrumentation_enabled():
            return func(*args, **kwargs)

&gt;       engine = func(*args, **kwargs)
                 ^^^^^^^^^^^^^^^^^^^^^

/usr/local/lib/python3.11/dist-packages/opentelemetry/instrumentation/sqlalchemy/engine.py:139:
_ _ _ _ _ _ _ _ _ _ _ _ _ _ _ _ _ _ _ _ _ _ _ _ _ _ _ _ _ _ _ _ _ _ _ _ _ _ _ _

url = 'sqlite+aiosqlite:///:memory:'
kw = {'_is_async': True, 'connect_args': {'check_same_thread': False}, 'poolclass': &lt;class 'sqlalchemy.pool.impl.StaticPool'&gt;}

    def create_async_engine(url: Union[str, URL], **kw: Any) -&gt; AsyncEngine:
        """Create a new async engine instance.

        Arguments passed to :func:`_asyncio.create_async_engine` are mostly
        identical to those passed to the :func:`_sa.create_engine` function.
        The specified dialect must be an asyncio-compatible dialect
        such as :ref:`dialect-postgresql-asyncpg`.

        .. versionadded:: 1.4

        :param async_creator: an async callable which returns a driver-level
            asyncio connection. If given, the function should take no arguments,
            and return a new asyncio connection from the underlying asyncio
            database driver; the connection will be wrapped in the appropriate
            structures to be used with the :class:`.AsyncEngine`.   Note that the
            parameters specified in the URL are not applied here, and the creator
            function should use its own connection parameters.

            This parameter is the asyncio equivalent of the
            :paramref:`_sa.create_engine.creator` parameter of the
            :func:`_sa.create_engine` function.

            .. versionadded:: 2.0.16

        """

        if kw.get("server_side_cursors", False):
            raise async_exc.AsyncMethodRequired(
                "Can't set server_side_cursors for async engine globally; "
                "use the connection.stream() method for an async "
                "streaming result set"
            )
        kw["_is_async"] = True
        async_creator = kw.pop("async_creator", None)
        if async_creator:
            if kw.get("creator", None):
                raise ArgumentError(
                    "Can only specify one of 'async_creator' or 'creator', "
                    "not both."
                )

            def creator() -&gt; Any:
                # note that to send adapted arguments like
                # prepared_statement_cache_size, user would use
                # "creator" and emulate this form here
                return sync_engine.dialect.dbapi.connect(  # type: ignore
                    async_creator_fn=async_creator
                )

            kw["creator"] = creator
&gt;       sync_engine = _create_engine(url, **kw)
                      ^^^^^^^^^^^^^^^^^^^^^^^^^

/usr/local/lib/python3.11/dist-packages/sqlalchemy/ext/asyncio/engine.py:120:
_ _ _ _ _ _ _ _ _ _ _ _ _ _ _ _ _ _ _ _ _ _ _ _ _ _ _ _ _ _ _ _ _ _ _ _ _ _ _ _

url = 'sqlite+aiosqlite:///:memory:'
kwargs = {'_is_async': True, 'connect_args': {'check_same_thread': False}, 'poolclass': &lt;class 'sqlalchemy.pool.impl.StaticPool'&gt;}

&gt;   ???

&lt;string&gt;:2:
_ _ _ _ _ _ _ _ _ _ _ _ _ _ _ _ _ _ _ _ _ _ _ _ _ _ _ _ _ _ _ _ _ _ _ _ _ _ _ _

fn = &lt;function create_engine at 0x7f8919b2aac0&gt;
args = ('sqlite+aiosqlite:///:memory:',)
kwargs = {'_is_async': True, 'connect_args': {'check_same_thread': False}, 'poolclass': &lt;class 'sqlalchemy.pool.impl.StaticPool'&gt;}
m = 'implicit_returning'

    @decorator
    def warned(fn: _F, *args: Any, **kwargs: Any) -&gt; _F:
        for m in check_defaults:
            if (defaults[m] is None and kwargs[m] is not None) or (
                defaults[m] is not None and kwargs[m] != defaults[m]
            ):
                _warn_with_version(
                    messages[m],
                    versions[m],
                    version_warnings[m],
                    stacklevel=3,
                )

        if check_any_kw in messages and set(kwargs).difference(
            check_defaults
        ):
            assert check_any_kw is not None
            _warn_with_version(
                messages[check_any_kw],
                versions[check_any_kw],
                version_warnings[check_any_kw],
                stacklevel=3,
            )

        for m in check_kw:
            if m in kwargs:
                _warn_with_version(
                    messages[m],
                    versions[m],
                    version_warnings[m],
                    stacklevel=3,
                )
&gt;       return fn(*args, **kwargs)  # type: ignore[no-any-return]
               ^^^^^^^^^^^^^^^^^^^

/usr/local/lib/python3.11/dist-packages/sqlalchemy/util/deprecations.py:281:
_ _ _ _ _ _ _ _ _ _ _ _ _ _ _ _ _ _ _ _ _ _ _ _ _ _ _ _ _ _ _ _ _ _ _ _ _ _ _ _

url = 'sqlite+aiosqlite:///:memory:'
kwargs = {'connect_args': {'check_same_thread': False}, 'poolclass': &lt;class 'sqlalchemy.pool.impl.StaticPool'&gt;}
u = sqlite+aiosqlite:///:memory:, plugins = []
entrypoint = &lt;class 'sqlalchemy.dialects.sqlite.aiosqlite.SQLiteDialect_aiosqlite'&gt;
_is_async = True
pop_kwarg = &lt;built-in method pop of dict object at 0x7f881f8be200&gt;
dialect_args = {}

    @util.deprecated_params(
        strategy=(
            "1.4",
            "The :paramref:`_sa.create_engine.strategy` keyword is deprecated, "
            "and the only argument accepted is 'mock'; please use "
            ":func:`.create_mock_engine` going forward.  For general "
            "customization of create_engine which may have been accomplished "
            "using strategies, see :class:`.CreateEnginePlugin`.",
        ),
        empty_in_strategy=(
            "1.4",
            "The :paramref:`_sa.create_engine.empty_in_strategy` keyword is "
            "deprecated, and no longer has any effect.  All IN expressions "
            "are now rendered using "
            'the "expanding parameter" strategy which renders a set of bound'
            'expressions, or an "empty set" SELECT, at statement execution'
            "time.",
        ),
        implicit_returning=(
            "2.0",
            "The :paramref:`_sa.create_engine.implicit_returning` parameter "
            "is deprecated and will be removed in a future release. ",
        ),
    )
    def create_engine(url: Union[str, _url.URL], **kwargs: Any) -&gt; Engine:
        """Create a new :class:`_engine.Engine` instance.

        The standard calling form is to send the :ref:`URL &lt;database_urls&gt;` as the
        first positional argument, usually a string
        that indicates database dialect and connection arguments::

            engine = create_engine("postgresql+psycopg2://scott:tiger@localhost/test")

        .. note::

            Please review :ref:`database_urls` for general guidelines in composing
            URL strings.  In particular, special characters, such as those often
            part of passwords, must be URL encoded to be properly parsed.

        Additional keyword arguments may then follow it which
        establish various options on the resulting :class:`_engine.Engine`
        and its underlying :class:`.Dialect` and :class:`_pool.Pool`
        constructs::

            engine = create_engine(
                "mysql+mysqldb://scott:tiger@hostname/dbname",
                pool_recycle=3600,
                echo=True,
            )

        The string form of the URL is
        ``dialect[+driver]://user:password@host/dbname[?key=value..]``, where
        ``dialect`` is a database name such as ``mysql``, ``oracle``,
        ``postgresql``, etc., and ``driver`` the name of a DBAPI, such as
        ``psycopg2``, ``pyodbc``, ``cx_oracle``, etc.  Alternatively,
        the URL can be an instance of :class:`~sqlalchemy.engine.url.URL`.

        ``**kwargs`` takes a wide variety of options which are routed
        towards their appropriate components.  Arguments may be specific to
        the :class:`_engine.Engine`, the underlying :class:`.Dialect`,
        as well as the
        :class:`_pool.Pool`.  Specific dialects also accept keyword arguments that
        are unique to that dialect.   Here, we describe the parameters
        that are common to most :func:`_sa.create_engine()` usage.

        Once established, the newly resulting :class:`_engine.Engine` will
        request a connection from the underlying :class:`_pool.Pool` once
        :meth:`_engine.Engine.connect` is called, or a method which depends on it
        such as :meth:`_engine.Engine.execute` is invoked.   The
        :class:`_pool.Pool` in turn
        will establish the first actual DBAPI connection when this request
        is received.   The :func:`_sa.create_engine` call itself does **not**
        establish any actual DBAPI connections directly.

        .. seealso::

            :doc:`/core/engines`

            :doc:`/dialects/index`

            :ref:`connections_toplevel`

        :param connect_args: a dictionary of options which will be
            passed directly to the DBAPI's ``connect()`` method as
            additional keyword arguments.  See the example
            at :ref:`custom_dbapi_args`.

        :param creator: a callable which returns a DBAPI connection.
            This creation function will be passed to the underlying
            connection pool and will be used to create all new database
            connections. Usage of this function causes connection
            parameters specified in the URL argument to be bypassed.

            This hook is not as flexible as the newer
            :meth:`_events.DialectEvents.do_connect` hook which allows complete
            control over how a connection is made to the database, given the full
            set of URL arguments and state beforehand.

            .. seealso::

                :meth:`_events.DialectEvents.do_connect` - event hook that allows
                full control over DBAPI connection mechanics.

                :ref:`custom_dbapi_args`

        :param echo=False: if True, the Engine will log all statements
            as well as a ``repr()`` of their parameter lists to the default log
            handler, which defaults to ``sys.stdout`` for output.   If set to the
            string ``"debug"``, result rows will be printed to the standard output
            as well. The ``echo`` attribute of ``Engine`` can be modified at any
            time to turn logging on and off; direct control of logging is also
            available using the standard Python ``logging`` module.

            .. seealso::

                :ref:`dbengine_logging` - further detail on how to configure
                logging.


        :param echo_pool=False: if True, the connection pool will log
            informational output such as when connections are invalidated
            as well as when connections are recycled to the default log handler,
            which defaults to ``sys.stdout`` for output.   If set to the string
            ``"debug"``, the logging will include pool checkouts and checkins.
            Direct control of logging is also available using the standard Python
            ``logging`` module.

            .. seealso::

                :ref:`dbengine_logging` - further detail on how to configure
                logging.


        :param empty_in_strategy:   No longer used; SQLAlchemy now uses
            "empty set" behavior for IN in all cases.

        :param enable_from_linting: defaults to True.  Will emit a warning
            if a given SELECT statement is found to have un-linked FROM elements
            which would cause a cartesian product.

            .. versionadded:: 1.4

            .. seealso::

                :ref:`change_4737`

        :param execution_options: Dictionary execution options which will
            be applied to all connections.  See
            :meth:`~sqlalchemy.engine.Connection.execution_options`

        :param future: Use the 2.0 style :class:`_engine.Engine` and
            :class:`_engine.Connection` API.

            As of SQLAlchemy 2.0, this parameter is present for backwards
            compatibility only and must remain at its default value of ``True``.

            The :paramref:`_sa.create_engine.future` parameter will be
            deprecated in a subsequent 2.x release and eventually removed.

            .. versionadded:: 1.4

            .. versionchanged:: 2.0 All :class:`_engine.Engine` objects are
               "future" style engines and there is no longer a ``future=False``
               mode of operation.

            .. seealso::

                :ref:`migration_20_toplevel`

        :param hide_parameters: Boolean, when set to True, SQL statement parameters
            will not be displayed in INFO logging nor will they be formatted into
            the string representation of :class:`.StatementError` objects.

            .. versionadded:: 1.3.8

            .. seealso::

                :ref:`dbengine_logging` - further detail on how to configure
                logging.

        :param implicit_returning=True:  Legacy parameter that may only be set
            to True. In SQLAlchemy 2.0, this parameter does nothing. In order to
            disable "implicit returning" for statements invoked by the ORM,
            configure this on a per-table basis using the
            :paramref:`.Table.implicit_returning` parameter.


        :param insertmanyvalues_page_size: number of rows to format into an
         INSERT statement when the statement uses "insertmanyvalues" mode, which is
         a paged form of bulk insert that is used for many backends when using
         :term:`executemany` execution typically in conjunction with RETURNING.
         Defaults to 1000, but may also be subject to dialect-specific limiting
         factors which may override this value on a per-statement basis.

         .. versionadded:: 2.0

         .. seealso::

            :ref:`engine_insertmanyvalues`

            :ref:`engine_insertmanyvalues_page_size`

            :paramref:`_engine.Connection.execution_options.insertmanyvalues_page_size`

        :param isolation_level: optional string name of an isolation level
            which will be set on all new connections unconditionally.
            Isolation levels are typically some subset of the string names
            ``"SERIALIZABLE"``, ``"REPEATABLE READ"``,
            ``"READ COMMITTED"``, ``"READ UNCOMMITTED"`` and ``"AUTOCOMMIT"``
            based on backend.

            The :paramref:`_sa.create_engine.isolation_level` parameter is
            in contrast to the
            :paramref:`.Connection.execution_options.isolation_level`
            execution option, which may be set on an individual
            :class:`.Connection`, as well as the same parameter passed to
            :meth:`.Engine.execution_options`, where it may be used to create
            multiple engines with different isolation levels that share a common
            connection pool and dialect.

            .. versionchanged:: 2.0 The
               :paramref:`_sa.create_engine.isolation_level`
               parameter has been generalized to work on all dialects which support
               the concept of isolation level, and is provided as a more succinct,
               up front configuration switch in contrast to the execution option
               which is more of an ad-hoc programmatic option.

            .. seealso::

                :ref:`dbapi_autocommit`

        :param json_deserializer: for dialects that support the
            :class:`_types.JSON`
            datatype, this is a Python callable that will convert a JSON string
            to a Python object.  By default, the Python ``json.loads`` function is
            used.

            .. versionchanged:: 1.3.7  The SQLite dialect renamed this from
               ``_json_deserializer``.

        :param json_serializer: for dialects that support the :class:`_types.JSON`
            datatype, this is a Python callable that will render a given object
            as JSON.   By default, the Python ``json.dumps`` function is used.

            .. versionchanged:: 1.3.7  The SQLite dialect renamed this from
               ``_json_serializer``.


        :param label_length=None: optional integer value which limits
            the size of dynamically generated column labels to that many
            characters. If less than 6, labels are generated as
            "_(counter)". If ``None``, the value of
            ``dialect.max_identifier_length``, which may be affected via the
            :paramref:`_sa.create_engine.max_identifier_length` parameter,
            is used instead.   The value of
            :paramref:`_sa.create_engine.label_length`
            may not be larger than that of
            :paramref:`_sa.create_engine.max_identfier_length`.

            .. seealso::

                :paramref:`_sa.create_engine.max_identifier_length`

        :param logging_name:  String identifier which will be used within
            the "name" field of logging records generated within the
            "sqlalchemy.engine" logger. Defaults to a hexstring of the
            object's id.

            .. seealso::

                :ref:`dbengine_logging` - further detail on how to configure
                logging.

                :paramref:`_engine.Connection.execution_options.logging_token`

        :param max_identifier_length: integer; override the max_identifier_length
            determined by the dialect.  if ``None`` or zero, has no effect.  This
            is the database's configured maximum number of characters that may be
            used in a SQL identifier such as a table name, column name, or label
            name. All dialects determine this value automatically, however in the
            case of a new database version for which this value has changed but
            SQLAlchemy's dialect has not been adjusted, the value may be passed
            here.

            .. versionadded:: 1.3.9

            .. seealso::

                :paramref:`_sa.create_engine.label_length`

        :param max_overflow=10: the number of connections to allow in
            connection pool "overflow", that is connections that can be
            opened above and beyond the pool_size setting, which defaults
            to five. this is only used with :class:`~sqlalchemy.pool.QueuePool`.

        :param module=None: reference to a Python module object (the module
            itself, not its string name).  Specifies an alternate DBAPI module to
            be used by the engine's dialect.  Each sub-dialect references a
            specific DBAPI which will be imported before first connect.  This
            parameter causes the import to be bypassed, and the given module to
            be used instead. Can be used for testing of DBAPIs as well as to
            inject "mock" DBAPI implementations into the :class:`_engine.Engine`.

        :param paramstyle=None: The `paramstyle &lt;https://legacy.python.org/dev/peps/pep-0249/#paramstyle&gt;`_
            to use when rendering bound parameters.  This style defaults to the
            one recommended by the DBAPI itself, which is retrieved from the
            ``.paramstyle`` attribute of the DBAPI.  However, most DBAPIs accept
            more than one paramstyle, and in particular it may be desirable
            to change a "named" paramstyle into a "positional" one, or vice versa.
            When this attribute is passed, it should be one of the values
            ``"qmark"``, ``"numeric"``, ``"named"``, ``"format"`` or
            ``"pyformat"``, and should correspond to a parameter style known
            to be supported by the DBAPI in use.

        :param pool=None: an already-constructed instance of
            :class:`~sqlalchemy.pool.Pool`, such as a
            :class:`~sqlalchemy.pool.QueuePool` instance. If non-None, this
            pool will be used directly as the underlying connection pool
            for the engine, bypassing whatever connection parameters are
            present in the URL argument. For information on constructing
            connection pools manually, see :ref:`pooling_toplevel`.

        :param poolclass=None: a :class:`~sqlalchemy.pool.Pool`
            subclass, which will be used to create a connection pool
            instance using the connection parameters given in the URL. Note
            this differs from ``pool`` in that you don't actually
            instantiate the pool in this case, you just indicate what type
            of pool to be used.

        :param pool_logging_name:  String identifier which will be used within
           the "name" field of logging records generated within the
           "sqlalchemy.pool" logger. Defaults to a hexstring of the object's
           id.

           .. seealso::

                :ref:`dbengine_logging` - further detail on how to configure
                logging.

        :param pool_pre_ping: boolean, if True will enable the connection pool
            "pre-ping" feature that tests connections for liveness upon
            each checkout.

            .. versionadded:: 1.2

            .. seealso::

                :ref:`pool_disconnects_pessimistic`

        :param pool_size=5: the number of connections to keep open
            inside the connection pool. This used with
            :class:`~sqlalchemy.pool.QueuePool` as
            well as :class:`~sqlalchemy.pool.SingletonThreadPool`.  With
            :class:`~sqlalchemy.pool.QueuePool`, a ``pool_size`` setting
            of 0 indicates no limit; to disable pooling, set ``poolclass`` to
            :class:`~sqlalchemy.pool.NullPool` instead.

        :param pool_recycle=-1: this setting causes the pool to recycle
            connections after the given number of seconds has passed. It
            defaults to -1, or no timeout. For example, setting to 3600
            means connections will be recycled after one hour. Note that
            MySQL in particular will disconnect automatically if no
            activity is detected on a connection for eight hours (although
            this is configurable with the MySQLDB connection itself and the
            server configuration as well).

            .. seealso::

                :ref:`pool_setting_recycle`

        :param pool_reset_on_return='rollback': set the
            :paramref:`_pool.Pool.reset_on_return` parameter of the underlying
            :class:`_pool.Pool` object, which can be set to the values
            ``"rollback"``, ``"commit"``, or ``None``.

            .. seealso::

                :ref:`pool_reset_on_return`

                :ref:`dbapi_autocommit_skip_rollback` - a more modern approach
                to using connections with no transactional instructions

        :param pool_timeout=30: number of seconds to wait before giving
            up on getting a connection from the pool. This is only used
            with :class:`~sqlalchemy.pool.QueuePool`. This can be a float but is
            subject to the limitations of Python time functions which may not be
            reliable in the tens of milliseconds.

            .. note: don't use 30.0 above, it seems to break with the :param tag

        :param pool_use_lifo=False: use LIFO (last-in-first-out) when retrieving
            connections from :class:`.QueuePool` instead of FIFO
            (first-in-first-out). Using LIFO, a server-side timeout scheme can
            reduce the number of connections used during non- peak   periods of
            use.   When planning for server-side timeouts, ensure that a recycle or
            pre-ping strategy is in use to gracefully   handle stale connections.

              .. versionadded:: 1.3

              .. seealso::

                :ref:`pool_use_lifo`

                :ref:`pool_disconnects`

        :param plugins: string list of plugin names to load.  See
            :class:`.CreateEnginePlugin` for background.

            .. versionadded:: 1.2.3

        :param query_cache_size: size of the cache used to cache the SQL string
         form of queries.  Set to zero to disable caching.

         The cache is pruned of its least recently used items when its size reaches
         N * 1.5.  Defaults to 500, meaning the cache will always store at least
         500 SQL statements when filled, and will grow up to 750 items at which
         point it is pruned back down to 500 by removing the 250 least recently
         used items.

         Caching is accomplished on a per-statement basis by generating a
         cache key that represents the statement's structure, then generating
         string SQL for the current dialect only if that key is not present
         in the cache.   All statements support caching, however some features
         such as an INSERT with a large set of parameters will intentionally
         bypass the cache.   SQL logging will indicate statistics for each
         statement whether or not it were pull from the cache.

         .. note:: some ORM functions related to unit-of-work persistence as well
            as some attribute loading strategies will make use of individual
            per-mapper caches outside of the main cache.


         .. seealso::

            :ref:`sql_caching`

         .. versionadded:: 1.4

        :param skip_autocommit_rollback: When True, the dialect will
           unconditionally skip all calls to the DBAPI ``connection.rollback()``
           method if the DBAPI connection is confirmed to be in "autocommit" mode.
           The availability of this feature is dialect specific; if not available,
           a ``NotImplementedError`` is raised by the dialect when rollback occurs.

           .. seealso::

                :ref:`dbapi_autocommit_skip_rollback`

           .. versionadded:: 2.0.43

        :param use_insertmanyvalues: True by default, use the "insertmanyvalues"
         execution style for INSERT..RETURNING statements by default.

         .. versionadded:: 2.0

         .. seealso::

            :ref:`engine_insertmanyvalues`

        """  # noqa

        if "strategy" in kwargs:
            strat = kwargs.pop("strategy")
            if strat == "mock":
                # this case is deprecated
                return create_mock_engine(url, **kwargs)  # type: ignore
            else:
                raise exc.ArgumentError("unknown strategy: %r" % strat)

        kwargs.pop("empty_in_strategy", None)

        # create url.URL object
        u = _url.make_url(url)

        u, plugins, kwargs = u._instantiate_plugins(kwargs)

        entrypoint = u._get_entrypoint()
        _is_async = kwargs.pop("_is_async", False)
        if _is_async:
            dialect_cls = entrypoint.get_async_dialect_cls(u)
        else:
            dialect_cls = entrypoint.get_dialect_cls(u)

        if kwargs.pop("_coerce_config", False):

            def pop_kwarg(key: str, default: Optional[Any] = None) -&gt; Any:
                value = kwargs.pop(key, default)
                if key in dialect_cls.engine_config_types:
                    value = dialect_cls.engine_config_types[key](value)
                return value

        else:
            pop_kwarg = kwargs.pop  # type: ignore

        dialect_args = {}
        # consume dialect arguments from kwargs
        for k in util.get_cls_kwargs(dialect_cls):
            if k in kwargs:
                dialect_args[k] = pop_kwarg(k)

        dbapi = kwargs.pop("module", None)
        if dbapi is None:
            dbapi_args = {}

            if "import_dbapi" in dialect_cls.__dict__:
                dbapi_meth = dialect_cls.import_dbapi

            elif hasattr(dialect_cls, "dbapi") and inspect.ismethod(
                dialect_cls.dbapi
            ):
                util.warn_deprecated(
                    "The dbapi() classmethod on dialect classes has been "
                    "renamed to import_dbapi().  Implement an import_dbapi() "
                    f"classmethod directly on class {dialect_cls} to remove this "
                    "warning; the old .dbapi() classmethod may be maintained for "
                    "backwards compatibility.",
                    "2.0",
                )
                dbapi_meth = dialect_cls.dbapi
            else:
                dbapi_meth = dialect_cls.import_dbapi

            for k in util.get_func_kwargs(dbapi_meth):
                if k in kwargs:
                    dbapi_args[k] = pop_kwarg(k)
&gt;           dbapi = dbapi_meth(**dbapi_args)
                    ^^^^^^^^^^^^^^^^^^^^^^^^

/usr/local/lib/python3.11/dist-packages/sqlalchemy/engine/create.py:617:
_ _ _ _ _ _ _ _ _ _ _ _ _ _ _ _ _ _ _ _ _ _ _ _ _ _ _ _ _ _ _ _ _ _ _ _ _ _ _ _

cls = &lt;class 'sqlalchemy.dialects.sqlite.aiosqlite.SQLiteDialect_aiosqlite'&gt;

    @classmethod
    def import_dbapi(cls) -&gt; AsyncAdapt_aiosqlite_dbapi:
        return AsyncAdapt_aiosqlite_dbapi(
&gt;           __import__("aiosqlite"), __import__("sqlite3")
            ^^^^^^^^^^^^^^^^^^^^^^^
        )
E       ModuleNotFoundError: No module named 'aiosqlite'

/usr/local/lib/python3.11/dist-packages/sqlalchemy/dialects/sqlite/aiosqlite.py:449: ModuleNotFoundError</error></testcase><testcase classname="tests.integration.test_repository_db.TestPositionRepository" name="test_short_position_stored_correctly" time="0.001"><error message="failed on setup with &quot;ModuleNotFoundError: No module named 'aiosqlite'&quot;">@pytest.fixture(scope="module")
    def async_engine():
        """Module-scoped async engine with tables created once."""
        import asyncio

&gt;       eng = create_async_engine(
            _ASYNC_URL,
            connect_args={"check_same_thread": False},
            poolclass=StaticPool,
        )

tests/integration/test_repository_db.py:78:
_ _ _ _ _ _ _ _ _ _ _ _ _ _ _ _ _ _ _ _ _ _ _ _ _ _ _ _ _ _ _ _ _ _ _ _ _ _ _ _

func = &lt;function create_async_engine at 0x7f8919a142c0&gt;, module = None
args = ('sqlite+aiosqlite:///:memory:',)
kwargs = {'connect_args': {'check_same_thread': False}, 'poolclass': &lt;class 'sqlalchemy.pool.impl.StaticPool'&gt;}

    def _wrap_create_async_engine_internal(func, module, args, kwargs):
        """Trace the SQLAlchemy engine, creating an `EngineTracer`
        object that will listen to SQLAlchemy events.
        """
        if not is_instrumentation_enabled():
            return func(*args, **kwargs)

&gt;       engine = func(*args, **kwargs)
                 ^^^^^^^^^^^^^^^^^^^^^

/usr/local/lib/python3.11/dist-packages/opentelemetry/instrumentation/sqlalchemy/engine.py:139:
_ _ _ _ _ _ _ _ _ _ _ _ _ _ _ _ _ _ _ _ _ _ _ _ _ _ _ _ _ _ _ _ _ _ _ _ _ _ _ _

url = 'sqlite+aiosqlite:///:memory:'
kw = {'_is_async': True, 'connect_args': {'check_same_thread': False}, 'poolclass': &lt;class 'sqlalchemy.pool.impl.StaticPool'&gt;}

    def create_async_engine(url: Union[str, URL], **kw: Any) -&gt; AsyncEngine:
        """Create a new async engine instance.

        Arguments passed to :func:`_asyncio.create_async_engine` are mostly
        identical to those passed to the :func:`_sa.create_engine` function.
        The specified dialect must be an asyncio-compatible dialect
        such as :ref:`dialect-postgresql-asyncpg`.

        .. versionadded:: 1.4

        :param async_creator: an async callable which returns a driver-level
            asyncio connection. If given, the function should take no arguments,
            and return a new asyncio connection from the underlying asyncio
            database driver; the connection will be wrapped in the appropriate
            structures to be used with the :class:`.AsyncEngine`.   Note that the
            parameters specified in the URL are not applied here, and the creator
            function should use its own connection parameters.

            This parameter is the asyncio equivalent of the
            :paramref:`_sa.create_engine.creator` parameter of the
            :func:`_sa.create_engine` function.

            .. versionadded:: 2.0.16

        """

        if kw.get("server_side_cursors", False):
            raise async_exc.AsyncMethodRequired(
                "Can't set server_side_cursors for async engine globally; "
                "use the connection.stream() method for an async "
                "streaming result set"
            )
        kw["_is_async"] = True
        async_creator = kw.pop("async_creator", None)
        if async_creator:
            if kw.get("creator", None):
                raise ArgumentError(
                    "Can only specify one of 'async_creator' or 'creator', "
                    "not both."
                )

            def creator() -&gt; Any:
                # note that to send adapted arguments like
                # prepared_statement_cache_size, user would use
                # "creator" and emulate this form here
                return sync_engine.dialect.dbapi.connect(  # type: ignore
                    async_creator_fn=async_creator
                )

            kw["creator"] = creator
&gt;       sync_engine = _create_engine(url, **kw)
                      ^^^^^^^^^^^^^^^^^^^^^^^^^

/usr/local/lib/python3.11/dist-packages/sqlalchemy/ext/asyncio/engine.py:120:
_ _ _ _ _ _ _ _ _ _ _ _ _ _ _ _ _ _ _ _ _ _ _ _ _ _ _ _ _ _ _ _ _ _ _ _ _ _ _ _

url = 'sqlite+aiosqlite:///:memory:'
kwargs = {'_is_async': True, 'connect_args': {'check_same_thread': False}, 'poolclass': &lt;class 'sqlalchemy.pool.impl.StaticPool'&gt;}

&gt;   ???

&lt;string&gt;:2:
_ _ _ _ _ _ _ _ _ _ _ _ _ _ _ _ _ _ _ _ _ _ _ _ _ _ _ _ _ _ _ _ _ _ _ _ _ _ _ _

fn = &lt;function create_engine at 0x7f8919b2aac0&gt;
args = ('sqlite+aiosqlite:///:memory:',)
kwargs = {'_is_async': True, 'connect_args': {'check_same_thread': False}, 'poolclass': &lt;class 'sqlalchemy.pool.impl.StaticPool'&gt;}
m = 'implicit_returning'

    @decorator
    def warned(fn: _F, *args: Any, **kwargs: Any) -&gt; _F:
        for m in check_defaults:
            if (defaults[m] is None and kwargs[m] is not None) or (
                defaults[m] is not None and kwargs[m] != defaults[m]
            ):
                _warn_with_version(
                    messages[m],
                    versions[m],
                    version_warnings[m],
                    stacklevel=3,
                )

        if check_any_kw in messages and set(kwargs).difference(
            check_defaults
        ):
            assert check_any_kw is not None
            _warn_with_version(
                messages[check_any_kw],
                versions[check_any_kw],
                version_warnings[check_any_kw],
                stacklevel=3,
            )

        for m in check_kw:
            if m in kwargs:
                _warn_with_version(
                    messages[m],
                    versions[m],
                    version_warnings[m],
                    stacklevel=3,
                )
&gt;       return fn(*args, **kwargs)  # type: ignore[no-any-return]
               ^^^^^^^^^^^^^^^^^^^

/usr/local/lib/python3.11/dist-packages/sqlalchemy/util/deprecations.py:281:
_ _ _ _ _ _ _ _ _ _ _ _ _ _ _ _ _ _ _ _ _ _ _ _ _ _ _ _ _ _ _ _ _ _ _ _ _ _ _ _

url = 'sqlite+aiosqlite:///:memory:'
kwargs = {'connect_args': {'check_same_thread': False}, 'poolclass': &lt;class 'sqlalchemy.pool.impl.StaticPool'&gt;}
u = sqlite+aiosqlite:///:memory:, plugins = []
entrypoint = &lt;class 'sqlalchemy.dialects.sqlite.aiosqlite.SQLiteDialect_aiosqlite'&gt;
_is_async = True
pop_kwarg = &lt;built-in method pop of dict object at 0x7f881f8be200&gt;
dialect_args = {}

    @util.deprecated_params(
        strategy=(
            "1.4",
            "The :paramref:`_sa.create_engine.strategy` keyword is deprecated, "
            "and the only argument accepted is 'mock'; please use "
            ":func:`.create_mock_engine` going forward.  For general "
            "customization of create_engine which may have been accomplished "
            "using strategies, see :class:`.CreateEnginePlugin`.",
        ),
        empty_in_strategy=(
            "1.4",
            "The :paramref:`_sa.create_engine.empty_in_strategy` keyword is "
            "deprecated, and no longer has any effect.  All IN expressions "
            "are now rendered using "
            'the "expanding parameter" strategy which renders a set of bound'
            'expressions, or an "empty set" SELECT, at statement execution'
            "time.",
        ),
        implicit_returning=(
            "2.0",
            "The :paramref:`_sa.create_engine.implicit_returning` parameter "
            "is deprecated and will be removed in a future release. ",
        ),
    )
    def create_engine(url: Union[str, _url.URL], **kwargs: Any) -&gt; Engine:
        """Create a new :class:`_engine.Engine` instance.

        The standard calling form is to send the :ref:`URL &lt;database_urls&gt;` as the
        first positional argument, usually a string
        that indicates database dialect and connection arguments::

            engine = create_engine("postgresql+psycopg2://scott:tiger@localhost/test")

        .. note::

            Please review :ref:`database_urls` for general guidelines in composing
            URL strings.  In particular, special characters, such as those often
            part of passwords, must be URL encoded to be properly parsed.

        Additional keyword arguments may then follow it which
        establish various options on the resulting :class:`_engine.Engine`
        and its underlying :class:`.Dialect` and :class:`_pool.Pool`
        constructs::

            engine = create_engine(
                "mysql+mysqldb://scott:tiger@hostname/dbname",
                pool_recycle=3600,
                echo=True,
            )

        The string form of the URL is
        ``dialect[+driver]://user:password@host/dbname[?key=value..]``, where
        ``dialect`` is a database name such as ``mysql``, ``oracle``,
        ``postgresql``, etc., and ``driver`` the name of a DBAPI, such as
        ``psycopg2``, ``pyodbc``, ``cx_oracle``, etc.  Alternatively,
        the URL can be an instance of :class:`~sqlalchemy.engine.url.URL`.

        ``**kwargs`` takes a wide variety of options which are routed
        towards their appropriate components.  Arguments may be specific to
        the :class:`_engine.Engine`, the underlying :class:`.Dialect`,
        as well as the
        :class:`_pool.Pool`.  Specific dialects also accept keyword arguments that
        are unique to that dialect.   Here, we describe the parameters
        that are common to most :func:`_sa.create_engine()` usage.

        Once established, the newly resulting :class:`_engine.Engine` will
        request a connection from the underlying :class:`_pool.Pool` once
        :meth:`_engine.Engine.connect` is called, or a method which depends on it
        such as :meth:`_engine.Engine.execute` is invoked.   The
        :class:`_pool.Pool` in turn
        will establish the first actual DBAPI connection when this request
        is received.   The :func:`_sa.create_engine` call itself does **not**
        establish any actual DBAPI connections directly.

        .. seealso::

            :doc:`/core/engines`

            :doc:`/dialects/index`

            :ref:`connections_toplevel`

        :param connect_args: a dictionary of options which will be
            passed directly to the DBAPI's ``connect()`` method as
            additional keyword arguments.  See the example
            at :ref:`custom_dbapi_args`.

        :param creator: a callable which returns a DBAPI connection.
            This creation function will be passed to the underlying
            connection pool and will be used to create all new database
            connections. Usage of this function causes connection
            parameters specified in the URL argument to be bypassed.

            This hook is not as flexible as the newer
            :meth:`_events.DialectEvents.do_connect` hook which allows complete
            control over how a connection is made to the database, given the full
            set of URL arguments and state beforehand.

            .. seealso::

                :meth:`_events.DialectEvents.do_connect` - event hook that allows
                full control over DBAPI connection mechanics.

                :ref:`custom_dbapi_args`

        :param echo=False: if True, the Engine will log all statements
            as well as a ``repr()`` of their parameter lists to the default log
            handler, which defaults to ``sys.stdout`` for output.   If set to the
            string ``"debug"``, result rows will be printed to the standard output
            as well. The ``echo`` attribute of ``Engine`` can be modified at any
            time to turn logging on and off; direct control of logging is also
            available using the standard Python ``logging`` module.

            .. seealso::

                :ref:`dbengine_logging` - further detail on how to configure
                logging.


        :param echo_pool=False: if True, the connection pool will log
            informational output such as when connections are invalidated
            as well as when connections are recycled to the default log handler,
            which defaults to ``sys.stdout`` for output.   If set to the string
            ``"debug"``, the logging will include pool checkouts and checkins.
            Direct control of logging is also available using the standard Python
            ``logging`` module.

            .. seealso::

                :ref:`dbengine_logging` - further detail on how to configure
                logging.


        :param empty_in_strategy:   No longer used; SQLAlchemy now uses
            "empty set" behavior for IN in all cases.

        :param enable_from_linting: defaults to True.  Will emit a warning
            if a given SELECT statement is found to have un-linked FROM elements
            which would cause a cartesian product.

            .. versionadded:: 1.4

            .. seealso::

                :ref:`change_4737`

        :param execution_options: Dictionary execution options which will
            be applied to all connections.  See
            :meth:`~sqlalchemy.engine.Connection.execution_options`

        :param future: Use the 2.0 style :class:`_engine.Engine` and
            :class:`_engine.Connection` API.

            As of SQLAlchemy 2.0, this parameter is present for backwards
            compatibility only and must remain at its default value of ``True``.

            The :paramref:`_sa.create_engine.future` parameter will be
            deprecated in a subsequent 2.x release and eventually removed.

            .. versionadded:: 1.4

            .. versionchanged:: 2.0 All :class:`_engine.Engine` objects are
               "future" style engines and there is no longer a ``future=False``
               mode of operation.

            .. seealso::

                :ref:`migration_20_toplevel`

        :param hide_parameters: Boolean, when set to True, SQL statement parameters
            will not be displayed in INFO logging nor will they be formatted into
            the string representation of :class:`.StatementError` objects.

            .. versionadded:: 1.3.8

            .. seealso::

                :ref:`dbengine_logging` - further detail on how to configure
                logging.

        :param implicit_returning=True:  Legacy parameter that may only be set
            to True. In SQLAlchemy 2.0, this parameter does nothing. In order to
            disable "implicit returning" for statements invoked by the ORM,
            configure this on a per-table basis using the
            :paramref:`.Table.implicit_returning` parameter.


        :param insertmanyvalues_page_size: number of rows to format into an
         INSERT statement when the statement uses "insertmanyvalues" mode, which is
         a paged form of bulk insert that is used for many backends when using
         :term:`executemany` execution typically in conjunction with RETURNING.
         Defaults to 1000, but may also be subject to dialect-specific limiting
         factors which may override this value on a per-statement basis.

         .. versionadded:: 2.0

         .. seealso::

            :ref:`engine_insertmanyvalues`

            :ref:`engine_insertmanyvalues_page_size`

            :paramref:`_engine.Connection.execution_options.insertmanyvalues_page_size`

        :param isolation_level: optional string name of an isolation level
            which will be set on all new connections unconditionally.
            Isolation levels are typically some subset of the string names
            ``"SERIALIZABLE"``, ``"REPEATABLE READ"``,
            ``"READ COMMITTED"``, ``"READ UNCOMMITTED"`` and ``"AUTOCOMMIT"``
            based on backend.

            The :paramref:`_sa.create_engine.isolation_level` parameter is
            in contrast to the
            :paramref:`.Connection.execution_options.isolation_level`
            execution option, which may be set on an individual
            :class:`.Connection`, as well as the same parameter passed to
            :meth:`.Engine.execution_options`, where it may be used to create
            multiple engines with different isolation levels that share a common
            connection pool and dialect.

            .. versionchanged:: 2.0 The
               :paramref:`_sa.create_engine.isolation_level`
               parameter has been generalized to work on all dialects which support
               the concept of isolation level, and is provided as a more succinct,
               up front configuration switch in contrast to the execution option
               which is more of an ad-hoc programmatic option.

            .. seealso::

                :ref:`dbapi_autocommit`

        :param json_deserializer: for dialects that support the
            :class:`_types.JSON`
            datatype, this is a Python callable that will convert a JSON string
            to a Python object.  By default, the Python ``json.loads`` function is
            used.

            .. versionchanged:: 1.3.7  The SQLite dialect renamed this from
               ``_json_deserializer``.

        :param json_serializer: for dialects that support the :class:`_types.JSON`
            datatype, this is a Python callable that will render a given object
            as JSON.   By default, the Python ``json.dumps`` function is used.

            .. versionchanged:: 1.3.7  The SQLite dialect renamed this from
               ``_json_serializer``.


        :param label_length=None: optional integer value which limits
            the size of dynamically generated column labels to that many
            characters. If less than 6, labels are generated as
            "_(counter)". If ``None``, the value of
            ``dialect.max_identifier_length``, which may be affected via the
            :paramref:`_sa.create_engine.max_identifier_length` parameter,
            is used instead.   The value of
            :paramref:`_sa.create_engine.label_length`
            may not be larger than that of
            :paramref:`_sa.create_engine.max_identfier_length`.

            .. seealso::

                :paramref:`_sa.create_engine.max_identifier_length`

        :param logging_name:  String identifier which will be used within
            the "name" field of logging records generated within the
            "sqlalchemy.engine" logger. Defaults to a hexstring of the
            object's id.

            .. seealso::

                :ref:`dbengine_logging` - further detail on how to configure
                logging.

                :paramref:`_engine.Connection.execution_options.logging_token`

        :param max_identifier_length: integer; override the max_identifier_length
            determined by the dialect.  if ``None`` or zero, has no effect.  This
            is the database's configured maximum number of characters that may be
            used in a SQL identifier such as a table name, column name, or label
            name. All dialects determine this value automatically, however in the
            case of a new database version for which this value has changed but
            SQLAlchemy's dialect has not been adjusted, the value may be passed
            here.

            .. versionadded:: 1.3.9

            .. seealso::

                :paramref:`_sa.create_engine.label_length`

        :param max_overflow=10: the number of connections to allow in
            connection pool "overflow", that is connections that can be
            opened above and beyond the pool_size setting, which defaults
            to five. this is only used with :class:`~sqlalchemy.pool.QueuePool`.

        :param module=None: reference to a Python module object (the module
            itself, not its string name).  Specifies an alternate DBAPI module to
            be used by the engine's dialect.  Each sub-dialect references a
            specific DBAPI which will be imported before first connect.  This
            parameter causes the import to be bypassed, and the given module to
            be used instead. Can be used for testing of DBAPIs as well as to
            inject "mock" DBAPI implementations into the :class:`_engine.Engine`.

        :param paramstyle=None: The `paramstyle &lt;https://legacy.python.org/dev/peps/pep-0249/#paramstyle&gt;`_
            to use when rendering bound parameters.  This style defaults to the
            one recommended by the DBAPI itself, which is retrieved from the
            ``.paramstyle`` attribute of the DBAPI.  However, most DBAPIs accept
            more than one paramstyle, and in particular it may be desirable
            to change a "named" paramstyle into a "positional" one, or vice versa.
            When this attribute is passed, it should be one of the values
            ``"qmark"``, ``"numeric"``, ``"named"``, ``"format"`` or
            ``"pyformat"``, and should correspond to a parameter style known
            to be supported by the DBAPI in use.

        :param pool=None: an already-constructed instance of
            :class:`~sqlalchemy.pool.Pool`, such as a
            :class:`~sqlalchemy.pool.QueuePool` instance. If non-None, this
            pool will be used directly as the underlying connection pool
            for the engine, bypassing whatever connection parameters are
            present in the URL argument. For information on constructing
            connection pools manually, see :ref:`pooling_toplevel`.

        :param poolclass=None: a :class:`~sqlalchemy.pool.Pool`
            subclass, which will be used to create a connection pool
            instance using the connection parameters given in the URL. Note
            this differs from ``pool`` in that you don't actually
            instantiate the pool in this case, you just indicate what type
            of pool to be used.

        :param pool_logging_name:  String identifier which will be used within
           the "name" field of logging records generated within the
           "sqlalchemy.pool" logger. Defaults to a hexstring of the object's
           id.

           .. seealso::

                :ref:`dbengine_logging` - further detail on how to configure
                logging.

        :param pool_pre_ping: boolean, if True will enable the connection pool
            "pre-ping" feature that tests connections for liveness upon
            each checkout.

            .. versionadded:: 1.2

            .. seealso::

                :ref:`pool_disconnects_pessimistic`

        :param pool_size=5: the number of connections to keep open
            inside the connection pool. This used with
            :class:`~sqlalchemy.pool.QueuePool` as
            well as :class:`~sqlalchemy.pool.SingletonThreadPool`.  With
            :class:`~sqlalchemy.pool.QueuePool`, a ``pool_size`` setting
            of 0 indicates no limit; to disable pooling, set ``poolclass`` to
            :class:`~sqlalchemy.pool.NullPool` instead.

        :param pool_recycle=-1: this setting causes the pool to recycle
            connections after the given number of seconds has passed. It
            defaults to -1, or no timeout. For example, setting to 3600
            means connections will be recycled after one hour. Note that
            MySQL in particular will disconnect automatically if no
            activity is detected on a connection for eight hours (although
            this is configurable with the MySQLDB connection itself and the
            server configuration as well).

            .. seealso::

                :ref:`pool_setting_recycle`

        :param pool_reset_on_return='rollback': set the
            :paramref:`_pool.Pool.reset_on_return` parameter of the underlying
            :class:`_pool.Pool` object, which can be set to the values
            ``"rollback"``, ``"commit"``, or ``None``.

            .. seealso::

                :ref:`pool_reset_on_return`

                :ref:`dbapi_autocommit_skip_rollback` - a more modern approach
                to using connections with no transactional instructions

        :param pool_timeout=30: number of seconds to wait before giving
            up on getting a connection from the pool. This is only used
            with :class:`~sqlalchemy.pool.QueuePool`. This can be a float but is
            subject to the limitations of Python time functions which may not be
            reliable in the tens of milliseconds.

            .. note: don't use 30.0 above, it seems to break with the :param tag

        :param pool_use_lifo=False: use LIFO (last-in-first-out) when retrieving
            connections from :class:`.QueuePool` instead of FIFO
            (first-in-first-out). Using LIFO, a server-side timeout scheme can
            reduce the number of connections used during non- peak   periods of
            use.   When planning for server-side timeouts, ensure that a recycle or
            pre-ping strategy is in use to gracefully   handle stale connections.

              .. versionadded:: 1.3

              .. seealso::

                :ref:`pool_use_lifo`

                :ref:`pool_disconnects`

        :param plugins: string list of plugin names to load.  See
            :class:`.CreateEnginePlugin` for background.

            .. versionadded:: 1.2.3

        :param query_cache_size: size of the cache used to cache the SQL string
         form of queries.  Set to zero to disable caching.

         The cache is pruned of its least recently used items when its size reaches
         N * 1.5.  Defaults to 500, meaning the cache will always store at least
         500 SQL statements when filled, and will grow up to 750 items at which
         point it is pruned back down to 500 by removing the 250 least recently
         used items.

         Caching is accomplished on a per-statement basis by generating a
         cache key that represents the statement's structure, then generating
         string SQL for the current dialect only if that key is not present
         in the cache.   All statements support caching, however some features
         such as an INSERT with a large set of parameters will intentionally
         bypass the cache.   SQL logging will indicate statistics for each
         statement whether or not it were pull from the cache.

         .. note:: some ORM functions related to unit-of-work persistence as well
            as some attribute loading strategies will make use of individual
            per-mapper caches outside of the main cache.


         .. seealso::

            :ref:`sql_caching`

         .. versionadded:: 1.4

        :param skip_autocommit_rollback: When True, the dialect will
           unconditionally skip all calls to the DBAPI ``connection.rollback()``
           method if the DBAPI connection is confirmed to be in "autocommit" mode.
           The availability of this feature is dialect specific; if not available,
           a ``NotImplementedError`` is raised by the dialect when rollback occurs.

           .. seealso::

                :ref:`dbapi_autocommit_skip_rollback`

           .. versionadded:: 2.0.43

        :param use_insertmanyvalues: True by default, use the "insertmanyvalues"
         execution style for INSERT..RETURNING statements by default.

         .. versionadded:: 2.0

         .. seealso::

            :ref:`engine_insertmanyvalues`

        """  # noqa

        if "strategy" in kwargs:
            strat = kwargs.pop("strategy")
            if strat == "mock":
                # this case is deprecated
                return create_mock_engine(url, **kwargs)  # type: ignore
            else:
                raise exc.ArgumentError("unknown strategy: %r" % strat)

        kwargs.pop("empty_in_strategy", None)

        # create url.URL object
        u = _url.make_url(url)

        u, plugins, kwargs = u._instantiate_plugins(kwargs)

        entrypoint = u._get_entrypoint()
        _is_async = kwargs.pop("_is_async", False)
        if _is_async:
            dialect_cls = entrypoint.get_async_dialect_cls(u)
        else:
            dialect_cls = entrypoint.get_dialect_cls(u)

        if kwargs.pop("_coerce_config", False):

            def pop_kwarg(key: str, default: Optional[Any] = None) -&gt; Any:
                value = kwargs.pop(key, default)
                if key in dialect_cls.engine_config_types:
                    value = dialect_cls.engine_config_types[key](value)
                return value

        else:
            pop_kwarg = kwargs.pop  # type: ignore

        dialect_args = {}
        # consume dialect arguments from kwargs
        for k in util.get_cls_kwargs(dialect_cls):
            if k in kwargs:
                dialect_args[k] = pop_kwarg(k)

        dbapi = kwargs.pop("module", None)
        if dbapi is None:
            dbapi_args = {}

            if "import_dbapi" in dialect_cls.__dict__:
                dbapi_meth = dialect_cls.import_dbapi

            elif hasattr(dialect_cls, "dbapi") and inspect.ismethod(
                dialect_cls.dbapi
            ):
                util.warn_deprecated(
                    "The dbapi() classmethod on dialect classes has been "
                    "renamed to import_dbapi().  Implement an import_dbapi() "
                    f"classmethod directly on class {dialect_cls} to remove this "
                    "warning; the old .dbapi() classmethod may be maintained for "
                    "backwards compatibility.",
                    "2.0",
                )
                dbapi_meth = dialect_cls.dbapi
            else:
                dbapi_meth = dialect_cls.import_dbapi

            for k in util.get_func_kwargs(dbapi_meth):
                if k in kwargs:
                    dbapi_args[k] = pop_kwarg(k)
&gt;           dbapi = dbapi_meth(**dbapi_args)
                    ^^^^^^^^^^^^^^^^^^^^^^^^

/usr/local/lib/python3.11/dist-packages/sqlalchemy/engine/create.py:617:
_ _ _ _ _ _ _ _ _ _ _ _ _ _ _ _ _ _ _ _ _ _ _ _ _ _ _ _ _ _ _ _ _ _ _ _ _ _ _ _

cls = &lt;class 'sqlalchemy.dialects.sqlite.aiosqlite.SQLiteDialect_aiosqlite'&gt;

    @classmethod
    def import_dbapi(cls) -&gt; AsyncAdapt_aiosqlite_dbapi:
        return AsyncAdapt_aiosqlite_dbapi(
&gt;           __import__("aiosqlite"), __import__("sqlite3")
            ^^^^^^^^^^^^^^^^^^^^^^^
        )
E       ModuleNotFoundError: No module named 'aiosqlite'

/usr/local/lib/python3.11/dist-packages/sqlalchemy/dialects/sqlite/aiosqlite.py:449: ModuleNotFoundError</error></testcase><testcase classname="tests.system.test_core_system.TestAppState" name="test_app_state_initialises_with_none_attributes" time="0.005" /><testcase classname="tests.system.test_core_system.TestAppState" name="test_app_state_background_tasks_is_list" time="0.004" /><testcase classname="tests.system.test_core_system.TestAppState" name="test_app_state_attributes_settable" time="0.003" /><testcase classname="tests.system.test_core_system.TestAppState" name="test_app_state_singleton_imported" time="0.004" /><testcase classname="tests.system.test_core_system.TestComponentRegistry" name="test_register_and_start_single_component" time="0.208" /><testcase classname="tests.system.test_core_system.TestComponentRegistry" name="test_required_component_failure_raises" time="0.208" /><testcase classname="tests.system.test_core_system.TestComponentRegistry" name="test_optional_component_failure_does_not_raise" time="0.206" /><testcase classname="tests.system.test_core_system.TestComponentRegistry" name="test_dependency_ordering_respected" time="0.609" /><testcase classname="tests.system.test_core_system.TestComponentRegistry" name="test_dependent_skipped_when_dep_fails" time="0.409" /><testcase classname="tests.system.test_core_system.TestComponentRegistry" name="test_sync_factory_supported" time="0.207" /><testcase classname="tests.system.test_core_system.TestComponentRegistry" name="test_all_required_ok_true_when_all_pass" time="0.408" /><testcase classname="tests.system.test_core_system.TestComponentRegistry" name="test_summary_returns_dict" time="0.207" /><testcase classname="tests.system.test_core_system.TestComponentRegistry" name="test_print_table_does_not_raise" time="0.208" /><testcase classname="tests.system.test_core_system.TestComponentRegistry" name="test_elapsed_ms_populated_after_start" time="0.218" /><testcase classname="tests.system.test_core_system.TestComponentRegistry" name="test_topological_sort_detects_cycle" time="0.006" /><testcase classname="tests.system.test_core_system.TestEventBusLocalFallback" name="test_event_bus_connects_in_degraded_mode_without_redis" time="0.006" /><testcase classname="tests.system.test_core_system.TestEventBusLocalFallback" name="test_event_bus_publish_does_not_raise_without_redis" time="0.006" /><testcase classname="tests.system.test_core_system.TestEventBusLocalFallback" name="test_event_bus_local_subscribe_receives_message" time="0.056" /><testcase classname="tests.system.test_core_system.TestEventBusLocalFallback" name="test_event_bus_metrics_populated_after_publish" time="0.006" /><testcase classname="tests.system.test_core_system.TestMemoryMappedEventStore" name="test_event_store_append_and_query" time="9.717" /><testcase classname="tests.system.test_core_system.TestMemoryMappedEventStore" name="test_event_store_query_returns_list" time="5.560" /><testcase classname="tests.system.test_core_system.TestMemoryMappedEventStore" name="test_domain_event_create_and_decode" time="0.005" /><testcase classname="tests.system.test_core_system.TestAppLifecycle" name="test_app_imports_without_error" time="0.004" /><testcase classname="tests.system.test_core_system.TestAppLifecycle" name="test_app_has_routes_registered" time="0.003" /><testcase classname="tests.system.test_core_system.TestAppLifecycle" name="test_app_state_singleton_accessible" time="0.003" /><testcase classname="tests.system.test_core_system.TestAppLifecycle" name="test_kill_switch_singleton_accessible" time="0.004" /><testcase classname="tests.system.test_core_system.TestAppLifecycle" name="test_app_exception_handler_registered" time="0.004" /><testcase classname="tests.system.test_core_system.TestAppLifecycle" name="test_fastapi_app_title_set" time="0.004" /><testcase classname="tests.system.test_core_system.TestBackgroundTasks" name="test_price_broadcaster_task_can_be_created" time="0.056" /><testcase classname="tests.system.test_core_system.TestBackgroundTasks" name="test_sharpe_circuit_breaker_runnable" time="0.056" /><testcase classname="tests.system.test_core_system.TestConfigAndFeatureFlags" name="test_feature_flags_importable" time="0.004" /><testcase classname="tests.system.test_core_system.TestConfigAndFeatureFlags" name="test_startup_validator_runs_in_test_mode" time="0.004" /><testcase classname="tests.system.test_core_system.TestConfigAndFeatureFlags" name="test_env_validator_importable" time="0.004" /><testcase classname="tests.system.test_core_system.TestSecretsManager" name="test_secrets_manager_importable" time="0.003" /><testcase classname="tests.system.test_core_system.TestSecretsManager" name="test_secrets_manager_get_returns_env_value" time="0.004" /><testcase classname="tests.system.test_core_system.TestRouterRegistry" name="test_router_registry_importable" time="0.004" /><testcase classname="tests.system.test_core_system.TestRouterRegistry" name="test_register_routers_accepts_fastapi_app" time="0.004" /><testcase classname="tests.system.test_core_system.TestDomainModels" name="test_domain_enums_importable" time="0.004" /><testcase classname="tests.system.test_core_system.TestDomainModels" name="test_domain_models_importable" time="0.003" /><testcase classname="tests.system.test_core_system.TestDomainModels" name="test_order_model_creation" time="0.004" /><testcase classname="tests.system.test_core_system.TestOutbox" name="test_outbox_write_event_degrades_gracefully_without_db" time="0.005" /><testcase classname="tests.system.test_core_system.TestOutbox" name="test_outbox_relay_importable" time="0.004" /><testcase classname="tests.system.test_core_system.TestMetricsRegistry" name="test_metrics_registry_importable" time="0.004" /><testcase classname="tests.system.test_core_system.TestMetricsRegistry" name="test_metrics_registry_record_trade" time="0.004" /><testcase classname="tests.system.test_core_system.TestMetricsRegistry" name="test_metrics_registry_get_summary" time="0.004" /><testcase classname="tests.system.test_deployment_infrastructure.TestDockerCompose" name="test_docker_compose_is_valid_yaml" time="0.067" /><testcase classname="tests.system.test_deployment_infrastructure.TestDockerCompose" name="test_docker_compose_has_services" time="0.068" /><testcase classname="tests.system.test_deployment_infrastructure.TestDockerCompose" name="test_app_service_defined" time="0.067" /><testcase classname="tests.system.test_deployment_infrastructure.TestDockerCompose" name="test_postgres_service_defined" time="0.066" /><testcase classname="tests.system.test_deployment_infrastructure.TestDockerCompose" name="test_redis_service_defined" time="0.069" /><testcase classname="tests.system.test_deployment_infrastructure.TestDockerCompose" name="test_app_service_has_healthcheck" time="0.067" /><testcase classname="tests.system.test_deployment_infrastructure.TestDockerCompose" name="test_postgres_service_has_healthcheck" time="0.068" /><testcase classname="tests.system.test_deployment_infrastructure.TestDockerCompose" name="test_redis_service_has_healthcheck" time="0.067" /><testcase classname="tests.system.test_deployment_infrastructure.TestDockerCompose" name="test_app_depends_on_postgres_and_redis" time="0.069" /><testcase classname="tests.system.test_deployment_infrastructure.TestDockerCompose" name="test_app_service_exposes_port_8000" time="0.067" /><testcase classname="tests.system.test_deployment_infrastructure.TestDockerCompose" name="test_volumes_defined" time="0.067" /><testcase classname="tests.system.test_deployment_infrastructure.TestDockerCompose" name="test_app_service_has_resource_limits" time="0.067" /><testcase classname="tests.system.test_deployment_infrastructure.TestDockerCompose" name="test_sentinel_compose_is_valid_yaml" time="0.029" /><testcase classname="tests.system.test_deployment_infrastructure.TestDockerCompose" name="test_lowlatency_compose_is_valid_yaml" time="0.015" /><testcase classname="tests.system.test_deployment_infrastructure.TestDockerfile" name="test_dockerfile_exists" time="0.004" /><testcase classname="tests.system.test_deployment_infrastructure.TestDockerfile" name="test_dockerfile_uses_python_base_image" time="0.006" /><testcase classname="tests.system.test_deployment_infrastructure.TestDockerfile" name="test_dockerfile_exposes_port_8000" time="0.004" /><testcase classname="tests.system.test_deployment_infrastructure.TestDockerfile" name="test_dockerfile_has_healthcheck" time="0.004" /><testcase classname="tests.system.test_deployment_infrastructure.TestDockerfile" name="test_dockerfile_does_not_run_as_root" time="0.004" /><testcase classname="tests.system.test_deployment_infrastructure.TestDockerfile" name="test_dockerfile_copies_requirements" time="0.004" /><testcase classname="tests.system.test_deployment_infrastructure.TestDockerfile" name="test_dockerfile_has_entrypoint_or_cmd" time="0.004" /><testcase classname="tests.system.test_deployment_infrastructure.TestEnvironmentValidation" name="test_env_example_file_exists" time="0.006" /><testcase classname="tests.system.test_deployment_infrastructure.TestEnvironmentValidation" name="test_env_example_has_required_keys" time="0.003" /><testcase classname="tests.system.test_deployment_infrastructure.TestEnvironmentValidation" name="test_env_example_has_no_real_secrets" time="0.006" /><testcase classname="tests.system.test_deployment_infrastructure.TestEnvironmentValidation" name="test_startup_validator_accepts_test_env" time="0.003" /><testcase classname="tests.system.test_deployment_infrastructure.TestEnvironmentValidation" name="test_startup_validator_detects_missing_jwt_secret" time="0.005" /><testcase classname="tests.system.test_deployment_infrastructure.TestEnvironmentValidation" name="test_jwt_secret_minimum_length_enforced" time="0.004" /><testcase classname="tests.system.test_deployment_infrastructure.TestEnvironmentValidation" name="test_config_encryption_key_env_var_documented" time="0.004" /><testcase classname="tests.system.test_deployment_infrastructure.TestEnvironmentValidation" name="test_kill_switch_token_env_var_documented" time="0.004" /><testcase classname="tests.system.test_deployment_infrastructure.TestHelmChart" name="test_helm_chart_yaml_exists" time="0.004" /><testcase classname="tests.system.test_deployment_infrastructure.TestHelmChart" name="test_helm_values_yaml_exists" time="0.004" /><testcase classname="tests.system.test_deployment_infrastructure.TestHelmChart" name="test_helm_chart_yaml_valid" time="0.006" /><testcase classname="tests.system.test_deployment_infrastructure.TestHelmChart" name="test_helm_chart_name_is_hopefx" time="0.006" /><testcase classname="tests.system.test_deployment_infrastructure.TestHelmChart" name="test_helm_values_yaml_valid" time="0.025" /><testcase classname="tests.system.test_deployment_infrastructure.TestHelmChart" name="test_helm_values_has_image_config" time="0.025" /><testcase classname="tests.system.test_deployment_infrastructure.TestHelmChart" name="test_helm_values_has_service_config" time="0.024" /><testcase classname="tests.system.test_deployment_infrastructure.TestHelmChart" name="test_helm_values_has_replica_count" time="0.025" /><testcase classname="tests.system.test_deployment_infrastructure.TestHelmChart" name="test_helm_templates_directory_exists" time="0.004" /><testcase classname="tests.system.test_deployment_infrastructure.TestHelmChart" name="test_helm_deployment_template_exists" time="0.004" /><testcase classname="tests.system.test_deployment_infrastructure.TestHelmChart" name="test_helm_service_template_exists" time="0.004" /><testcase classname="tests.system.test_deployment_infrastructure.TestHelmChart" name="test_helm_secret_template_exists" time="0.004" /><testcase classname="tests.system.test_deployment_infrastructure.TestHelmChart" name="test_helm_deployment_template_has_security_context" time="0.004" /><testcase classname="tests.system.test_deployment_infrastructure.TestHelmChart" name="test_helm_deployment_template_has_liveness_probe" time="0.004" /><testcase classname="tests.system.test_deployment_infrastructure.TestHelmChart" name="test_helm_hpa_template_exists" time="0.004" /><testcase classname="tests.system.test_deployment_infrastructure.TestHelmChart" name="test_helm_pdb_template_exists" time="0.004" /><testcase classname="tests.system.test_deployment_infrastructure.TestHelmChart" name="test_helm_pvc_template_exists" time="0.003" /><testcase classname="tests.system.test_deployment_infrastructure.TestHelmChart" name="test_helm_trading_deployment_template_exists" time="0.003" /><testcase classname="tests.system.test_deployment_infrastructure.TestMonitoringConfig" name="test_prometheus_config_exists" time="0.004" /><testcase classname="tests.system.test_deployment_infrastructure.TestMonitoringConfig" name="test_prometheus_config_valid_yaml" time="0.007" /><testcase classname="tests.system.test_deployment_infrastructure.TestMonitoringConfig" name="test_prometheus_config_has_scrape_configs" time="0.007" /><testcase classname="tests.system.test_deployment_infrastructure.TestMonitoringConfig" name="test_prometheus_alerts_config_exists" time="0.004" /><testcase classname="tests.system.test_deployment_infrastructure.TestMonitoringConfig" name="test_prometheus_alerts_valid_yaml" time="0.058" /><testcase classname="tests.system.test_deployment_infrastructure.TestMonitoringConfig" name="test_prometheus_alerts_has_groups" time="0.058" /><testcase classname="tests.system.test_deployment_infrastructure.TestMonitoringConfig" name="test_grafana_directory_exists" time="0.004" /><testcase classname="tests.system.test_deployment_infrastructure.TestAlembicConfig" name="test_alembic_ini_exists" time="0.004" /><testcase classname="tests.system.test_deployment_infrastructure.TestAlembicConfig" name="test_alembic_ini_has_script_location" time="0.004" /><testcase classname="tests.system.test_deployment_infrastructure.TestAlembicConfig" name="test_alembic_directory_exists" time="0.004" /><testcase classname="tests.system.test_deployment_infrastructure.TestAlembicConfig" name="test_alembic_env_py_exists" time="0.004" /><testcase classname="tests.system.test_deployment_infrastructure.TestAlembicConfig" name="test_alembic_versions_directory_exists" time="0.004" /><testcase classname="tests.system.test_deployment_infrastructure.TestNginxConfig" name="test_nginx_directory_exists" time="0.004" /><testcase classname="tests.system.test_deployment_infrastructure.TestNginxConfig" name="test_nginx_config_file_exists" time="0.005" /><testcase classname="tests.system.test_deployment_infrastructure.TestNginxConfig" name="test_nginx_config_references_port_8000" time="0.004" /><testcase classname="tests.system.test_deployment_infrastructure.TestSecurityBaseline" name="test_secrets_baseline_exists" time="0.004" /><testcase classname="tests.system.test_deployment_infrastructure.TestSecurityBaseline" name="test_secrets_baseline_valid_json" time="0.004" /><testcase classname="tests.system.test_deployment_infrastructure.TestSecurityBaseline" name="test_gitignore_excludes_env_files" time="0.004" /><testcase classname="tests.system.test_deployment_infrastructure.TestSecurityBaseline" name="test_gitignore_excludes_node_modules" time="0.004" /><testcase classname="tests.system.test_deployment_infrastructure.TestSecurityBaseline" name="test_gitignore_excludes_pycache" time="0.004" /><testcase classname="tests.system.test_deployment_infrastructure.TestSecurityBaseline" name="test_no_hardcoded_secrets_in_env_example" time="0.004" /><testcase classname="tests.system.test_deployment_infrastructure.TestPythonProjectConfig" name="test_pyproject_toml_exists" time="0.004" /><testcase classname="tests.system.test_deployment_infrastructure.TestPythonProjectConfig" name="test_requirements_txt_exists" time="0.004" /><testcase classname="tests.system.test_deployment_infrastructure.TestPythonProjectConfig" name="test_requirements_dev_txt_exists" time="0.003" /><testcase classname="tests.system.test_deployment_infrastructure.TestPythonProjectConfig" name="test_pytest_ini_exists" time="0.004" /><testcase classname="tests.system.test_deployment_infrastructure.TestPythonProjectConfig" name="test_pytest_ini_has_asyncio_mode" time="0.004" /><testcase classname="tests.system.test_deployment_infrastructure.TestPythonProjectConfig" name="test_pytest_ini_has_test_paths" time="0.004" /><testcase classname="tests.system.test_deployment_infrastructure.TestPythonProjectConfig" name="test_ruff_config_exists" time="0.004" /><testcase classname="tests.system.test_deployment_infrastructure.TestPythonProjectConfig" name="test_coveragerc_exists" time="0.004" /><testcase classname="tests.system.test_deployment_infrastructure.TestPythonProjectConfig" name="test_pre_commit_config_exists" time="0.004" /><testcase classname="tests.system.test_deployment_infrastructure.TestPythonProjectConfig" name="test_pre_commit_config_valid_yaml" time="0.021" /><testcase classname="tests.system.test_deployment_infrastructure.TestCICDConfig" name="test_github_workflows_directory_exists" time="0.004" /><testcase classname="tests.system.test_deployment_infrastructure.TestCICDConfig" name="test_github_workflows_has_yaml_files" time="0.004" /><testcase classname="tests.system.test_deployment_infrastructure.TestCICDConfig" name="test_ci_workflow_references_pytest" time="0.004" /><testcase classname="tests.test_advanced_predictor.TestSGDAdapter" name="test_init_creates_clf" time="0.006" /><testcase classname="tests.test_advanced_predictor.TestSGDAdapter" name="test_predict_proba_before_fit_returns_none" time="0.006" /><testcase classname="tests.test_advanced_predictor.TestSGDAdapter" name="test_update_increments_n_updates" time="0.007" /><testcase classname="tests.test_advanced_predictor.TestSGDAdapter" name="test_predict_proba_after_update_returns_float" time="0.008" /><testcase classname="tests.test_advanced_predictor.TestSGDAdapter" name="test_predict_proba_after_both_classes_seen" time="0.020" /><testcase classname="tests.test_advanced_predictor.TestSGDAdapter" name="test_update_exception_does_not_raise" time="0.008" /><testcase classname="tests.test_advanced_predictor.TestSGDAdapter" name="test_sklearn_unavailable_clf_is_none" time="0.006" /><testcase classname="tests.test_advanced_predictor.TestAdvancedPredictorLoad" name="test_load_returns_false_when_file_missing" time="0.006" /><testcase classname="tests.test_advanced_predictor.TestAdvancedPredictorLoad" name="test_load_returns_true_when_already_loaded" time="0.004" /><testcase classname="tests.test_advanced_predictor.TestAdvancedPredictorLoad" name="test_load_success_with_mock_joblib" time="0.010" /><testcase classname="tests.test_advanced_predictor.TestAdvancedPredictorLoad" name="test_load_joblib_raises_returns_false" time="0.006" /><testcase classname="tests.test_advanced_predictor.TestAdvancedPredictorLoad" name="test_load_integrity_failure_returns_false" time="0.006" /><testcase classname="tests.test_advanced_predictor.TestAdvancedPredictorEarlyExits" name="test_predict_model_unavailable" time="0.007" /><testcase classname="tests.test_advanced_predictor.TestAdvancedPredictorEarlyExits" name="test_predict_insufficient_bars" time="0.011" /><testcase classname="tests.test_advanced_predictor.TestAdvancedPredictorEarlyExits" name="test_predict_feature_build_failed" time="0.011" /><testcase classname="tests.test_advanced_predictor.TestAdvancedPredictorEarlyExits" name="test_predict_flat_market_abstains" time="0.012" /><testcase classname="tests.test_advanced_predictor.TestAdvancedPredictorEarlyExits" name="test_predict_model_predict_proba_fails" time="0.013"><failure message="AssertionError: assert 'flat_market_low_variance' == 'predict_failed'&#10;  &#10;  - predict_failed&#10;  + flat_market_low_variance">self = &lt;tests.test_advanced_predictor.TestAdvancedPredictorEarlyExits object at 0x7f8831affd50&gt;
tmp_path = PosixPath('/tmp/pytest-of-root/pytest-343/test_predict_model_predict_pro0')

    def test_predict_model_predict_proba_fails(self, tmp_path):
        model_file = tmp_path / "model.pkl"
        model_file.write_bytes(b"fake")
        mock_model = _make_mock_sklearn_model()
        mock_model.predict_proba.side_effect = RuntimeError("predict error")

        with patch("joblib.load", return_value=mock_model):
            with patch("ml.advanced_predictor.AdvancedPredictor._verify_integrity", return_value=True):
                pred = _make_predictor(model_path=model_file, min_bars=50)
                pred._load()

        ohlcv = _make_ohlcv(200)
        X, _ = _make_features(1, 10)
        with patch.object(pred, "_build_features", return_value=X):
            result = pred.predict(ohlcv)
        assert result["direction"] == "neutral"
&gt;       assert result["abstain_reason"] == "predict_failed"
E       AssertionError: assert 'flat_market_low_variance' == 'predict_failed'
E
E         - predict_failed
E         + flat_market_low_variance

tests/test_advanced_predictor.py:258: AssertionError</failure></testcase><testcase classname="tests.test_advanced_predictor.TestAdvancedPredictorDirections" name="test_long_direction" time="0.011"><failure message="AssertionError: assert 'neutral' == 'long'&#10;  &#10;  - long&#10;  + neutral">self = &lt;tests.test_advanced_predictor.TestAdvancedPredictorDirections object at 0x7f8831afe790&gt;
tmp_path = PosixPath('/tmp/pytest-of-root/pytest-343/test_long_direction0')

    def test_long_direction(self, tmp_path):
        pred = self._setup_pred(tmp_path, prob=0.80)
        ohlcv = _make_ohlcv(200)
        X, _ = _make_features(1, 10)
        with patch.object(pred, "_build_features", return_value=X):
            result = pred.predict(ohlcv)
&gt;       assert result["direction"] == "long"
E       AssertionError: assert 'neutral' == 'long'
E
E         - long
E         + neutral

tests/test_advanced_predictor.py:282: AssertionError</failure></testcase><testcase classname="tests.test_advanced_predictor.TestAdvancedPredictorDirections" name="test_short_direction" time="0.011"><failure message="AssertionError: assert 'neutral' == 'short'&#10;  &#10;  - short&#10;  + neutral">self = &lt;tests.test_advanced_predictor.TestAdvancedPredictorDirections object at 0x7f8831afc250&gt;
tmp_path = PosixPath('/tmp/pytest-of-root/pytest-343/test_short_direction0')

    def test_short_direction(self, tmp_path):
        pred = self._setup_pred(tmp_path, prob=0.20)
        ohlcv = _make_ohlcv(200)
        X, _ = _make_features(1, 10)
        with patch.object(pred, "_build_features", return_value=X):
            result = pred.predict(ohlcv)
&gt;       assert result["direction"] == "short"
E       AssertionError: assert 'neutral' == 'short'
E
E         - short
E         + neutral

tests/test_advanced_predictor.py:291: AssertionError</failure></testcase><testcase classname="tests.test_advanced_predictor.TestAdvancedPredictorDirections" name="test_neutral_dead_band" time="0.012" /><testcase classname="tests.test_advanced_predictor.TestAdvancedPredictorDirections" name="test_high_confidence_flag" time="0.012"><failure message="assert False is True">self = &lt;tests.test_advanced_predictor.TestAdvancedPredictorDirections object at 0x7f8831b05790&gt;
tmp_path = PosixPath('/tmp/pytest-of-root/pytest-343/test_high_confidence_flag0')

    def test_high_confidence_flag(self, tmp_path):
        pred = self._setup_pred(tmp_path, prob=0.90)
        ohlcv = _make_ohlcv(200)
        X, _ = _make_features(1, 10)
        with patch.object(pred, "_build_features", return_value=X):
            result = pred.predict(ohlcv)
&gt;       assert result["high_confidence"] is True
E       assert False is True

tests/test_advanced_predictor.py:309: AssertionError</failure></testcase><testcase classname="tests.test_advanced_predictor.TestAdvancedPredictorDirections" name="test_predict_count_increments" time="0.013" /><testcase classname="tests.test_advanced_predictor.TestAdvancedPredictorDirections" name="test_result_contains_required_keys" time="0.011" /><testcase classname="tests.test_advanced_predictor.TestAdvancedPredictorProbabilityField" name="test_predict_returns_probability_float" time="0.011" /><testcase classname="tests.test_advanced_predictor.TestAdvancedPredictorProbabilityField" name="test_predict_returns_05_probability_when_unavailable" time="0.006" /><testcase classname="tests.test_advanced_predictor.TestAdvancedPredictorUpdate" name="test_update_returns_false_when_model_unavailable" time="0.006" /><testcase classname="tests.test_advanced_predictor.TestAdvancedPredictorUpdate" name="test_update_returns_true_when_model_loaded" time="0.012" /><testcase classname="tests.test_advanced_predictor.TestAdvancedPredictorProperties" name="test_is_available_false_when_file_missing" time="0.004" /><testcase classname="tests.test_advanced_predictor.TestAdvancedPredictorProperties" name="test_is_available_true_when_file_exists" time="0.005" /><testcase classname="tests.test_advanced_predictor.TestAdvancedPredictorProperties" name="test_version_is_string" time="0.004" /><testcase classname="tests.test_advanced_predictor.TestAdvancedPredictorProperties" name="test_stats_initial_state" time="0.005" /><testcase classname="tests.test_advanced_predictor.TestGetPredictor" name="test_singleton_returns_same_instance" time="0.004" /><testcase classname="tests.test_advanced_predictor.TestGetPredictor" name="test_singleton_is_advanced_predictor" time="0.004" /><testcase classname="tests.test_advanced_predictor.TestHybridEnsemblePredictor" name="test_hybrid_instantiates" time="0.006" /><testcase classname="tests.test_advanced_predictor.TestHybridEnsemblePredictor" name="test_hybrid_predict_proba_returns_float" time="120.003"><failure message="Failed: Timeout (&gt;120.0s) from pytest-timeout.">self = &lt;tests.test_advanced_predictor.TestHybridEnsemblePredictor object at 0x7f8831af13d0&gt;

    def test_hybrid_predict_proba_returns_float(self):
        from ml.advanced_predictor import HybridEnsemblePredictor

        hybrid = HybridEnsemblePredictor()
        X = np.random.randn(1, 10)
        # _xgb_predict falls back to 0.5 when model not loaded
&gt;       result = hybrid.predict_proba(X)
                 ^^^^^^^^^^^^^^^^^^^^^^^

tests/test_advanced_predictor.py:457:
_ _ _ _ _ _ _ _ _ _ _ _ _ _ _ _ _ _ _ _ _ _ _ _ _ _ _ _ _ _ _ _ _ _ _ _ _ _ _ _

self = &lt;ml.advanced_predictor.HybridEnsemblePredictor object at 0x7f881f651350&gt;
X = array([[ 0.22768478,  0.42922599, -0.4569479 ,  1.41018078,  0.29657627,
        -1.13496549,  0.69093631,  0.30550754, -1.90328944, -2.09634243]])
X_seq = None

    def predict_proba(
        self,
        X: np.ndarray,
        X_seq: np.ndarray | None = None,
    ) -&gt; float:
        """
        Return blended probability P(up) from all available components.

        Parameters
        ----------
        X     : (1, n_features) tabular feature row for XGBoost
        X_seq : (1, seq_len, n_features) sequence for LSTM — optional
        """
        with self._lock:
            self._predict_count += 1

        w_xgb, w_lstm, w_rl = self._effective_weights()

&gt;       p_xgb = self._xgb_predict(X) if w_xgb &gt; 0 else 0.5
                ^^^^^^^^^^^^^^^^^^^^

ml/advanced_predictor.py:980:
_ _ _ _ _ _ _ _ _ _ _ _ _ _ _ _ _ _ _ _ _ _ _ _ _ _ _ _ _ _ _ _ _ _ _ _ _ _ _ _

self = &lt;ml.advanced_predictor.HybridEnsemblePredictor object at 0x7f881f651350&gt;
X = array([[ 0.22768478,  0.42922599, -0.4569479 ,  1.41018078,  0.29657627,
        -1.13496549,  0.69093631,  0.30550754, -1.90328944, -2.09634243]])

    def _xgb_predict(self, X: np.ndarray) -&gt; float:
        """XGBoost probability via AdvancedPredictor base model."""
        try:
            pred = get_predictor()
            with pred._lock:
                if pred._model is None:
&gt;                   pred._load()

ml/advanced_predictor.py:906:
_ _ _ _ _ _ _ _ _ _ _ _ _ _ _ _ _ _ _ _ _ _ _ _ _ _ _ _ _ _ _ _ _ _ _ _ _ _ _ _

self = &lt;ml.advanced_predictor.AdvancedPredictor object at 0x7f881eb556d0&gt;

    def _load(self) -&gt; bool:
        """
        Lazy-load model. Returns True on success.

        Runs a SHA-256 integrity check before deserialising the artifact.
        A recorded digest mismatch is treated as a hard failure — the model
        is not loaded and predict() returns neutral for every call.
        """
        if self._model is not None:
            return True
&gt;       with self._lock:
E       Failed: Timeout (&gt;120.0s) from pytest-timeout.

ml/advanced_predictor.py:386: Failed</failure></testcase><testcase classname="tests.test_advanced_predictor.TestHybridEnsemblePredictor" name="test_hybrid_effective_weights_no_lstm_no_rl" time="0.006" /><testcase classname="tests.test_advanced_predictor.TestHybridEnsemblePredictor" name="test_hybrid_effective_weights_all_unavailable" time="0.005" /><testcase classname="tests.test_advanced_predictor.TestHybridEnsemblePredictor" name="test_hybrid_xgb_predict_returns_05_when_no_model" time="120.002"><failure message="Failed: Timeout (&gt;120.0s) from pytest-timeout.">self = &lt;tests.test_advanced_predictor.TestHybridEnsemblePredictor object at 0x7f8831b31250&gt;

        assert w_xgb == pytest.approx(1.0)

    def test_hybrid_xgb_predict_returns_05_when_no_model(self):
        from ml.advanced_predictor import HybridEnsemblePredictor

&gt;       hybrid = HybridEnsemblePredictor()
                 ^^^^^^^^^^^^^^^^^^^^^^

tests/test_advanced_predictor.py:488:
_ _ _ _ _ _ _ _ _ _ _ _ _ _ _ _ _ _ _ _ _ _ _ _ _ _ _ _ _ _ _ _ _ _ _ _ _ _ _ _

self = &lt;ml.advanced_predictor.HybridEnsemblePredictor object at 0x7f881f9c5690&gt;
X = array([[ 0.92357083,  0.5645655 , -0.40742762, -1.86317965,  0.4811385 ,
        -0.14718038,  0.24554465, -0.95412683, -0.14796241,  0.19181089]])

&gt;   ???

ml/advanced_predictor.py:906:
_ _ _ _ _ _ _ _ _ _ _ _ _ _ _ _ _ _ _ _ _ _ _ _ _ _ _ _ _ _ _ _ _ _ _ _ _ _ _ _

self = &lt;ml.advanced_predictor.AdvancedPredictor object at 0x7f881eb556d0&gt;

    def _load(self) -&gt; bool:
        """
        Lazy-load model. Returns True on success.

        Runs a SHA-256 integrity check before deserialising the artifact.
        A recorded digest mismatch is treated as a hard failure — the model
        is not loaded and predict() returns neutral for every call.
        """
        if self._model is not None:
            return True
&gt;       with self._lock:
E       Failed: Timeout (&gt;120.0s) from pytest-timeout.

ml/advanced_predictor.py:386: Failed</failure></testcase><testcase classname="tests.test_advanced_predictor.TestHybridEnsemblePredictor" name="test_hybrid_lstm_predict_returns_05_when_unavailable" time="0.006" /><testcase classname="tests.test_advanced_predictor.TestHybridEnsemblePredictor" name="test_get_hybrid_predictor_singleton" time="0.005" /><testcase classname="tests.test_auth_gates" name="test_admin_get_rejects_unauthenticated[/api/admin/system-info]" time="0.099" /><testcase classname="tests.test_auth_gates" name="test_admin_get_rejects_unauthenticated[/api/admin/settings]" time="0.007" /><testcase classname="tests.test_auth_gates" name="test_admin_get_rejects_unauthenticated[/api/admin/activity]" time="0.007" /><testcase classname="tests.test_auth_gates" name="test_admin_get_rejects_unauthenticated[/api/admin/dashboard-data]" time="0.007" /><testcase classname="tests.test_auth_gates" name="test_admin_get_rejects_unauthenticated[/api/admin/system-metrics]" time="0.008" /><testcase classname="tests.test_auth_gates" name="test_admin_get_rejects_unauthenticated[/api/admin/logs]" time="0.008" /><testcase classname="tests.test_auth_gates" name="test_admin_get_rejects_unauthenticated[/api/admin/]" time="0.008" /><testcase classname="tests.test_auth_gates" name="test_admin_get_rejects_unauthenticated[/api/admin/kyc/pending]" time="0.007" /><testcase classname="tests.test_auth_gates" name="test_admin_get_rejects_user_role[/api/admin/system-info]" time="0.009" /><testcase classname="tests.test_auth_gates" name="test_admin_get_rejects_user_role[/api/admin/settings]" time="0.010" /><testcase classname="tests.test_auth_gates" name="test_admin_get_rejects_user_role[/api/admin/activity]" time="0.008" /><testcase classname="tests.test_auth_gates" name="test_admin_get_rejects_user_role[/api/admin/dashboard-data]" time="0.008" /><testcase classname="tests.test_auth_gates" name="test_admin_get_rejects_user_role[/api/admin/system-metrics]" time="0.008" /><testcase classname="tests.test_auth_gates" name="test_admin_get_rejects_user_role[/api/admin/logs]" time="0.008" /><testcase classname="tests.test_auth_gates" name="test_admin_get_rejects_user_role[/api/admin/]" time="0.008" /><testcase classname="tests.test_auth_gates" name="test_admin_get_rejects_user_role[/api/admin/kyc/pending]" time="0.008" /><testcase classname="tests.test_auth_gates" name="test_admin_get_rejects_trader_role[/api/admin/system-info]" time="0.008" /><testcase classname="tests.test_auth_gates" name="test_admin_get_rejects_trader_role[/api/admin/settings]" time="0.008" /><testcase classname="tests.test_auth_gates" name="test_admin_get_rejects_trader_role[/api/admin/activity]" time="0.008" /><testcase classname="tests.test_auth_gates" name="test_admin_get_rejects_trader_role[/api/admin/dashboard-data]" time="0.008" /><testcase classname="tests.test_auth_gates" name="test_admin_get_rejects_trader_role[/api/admin/system-metrics]" time="0.009" /><testcase classname="tests.test_auth_gates" name="test_admin_get_rejects_trader_role[/api/admin/logs]" time="0.008" /><testcase classname="tests.test_auth_gates" name="test_admin_get_rejects_trader_role[/api/admin/]" time="0.007" /><testcase classname="tests.test_auth_gates" name="test_admin_get_rejects_trader_role[/api/admin/kyc/pending]" time="0.008" /><testcase classname="tests.test_auth_gates" name="test_admin_post_rejects_unauthenticated[/api/admin/pause]" time="0.009" /><testcase classname="tests.test_auth_gates" name="test_admin_post_rejects_unauthenticated[/api/admin/resume]" time="0.009" /><testcase classname="tests.test_auth_gates" name="test_admin_post_rejects_trader_role[/api/admin/pause]" time="0.008" /><testcase classname="tests.test_auth_gates" name="test_admin_post_rejects_trader_role[/api/admin/resume]" time="0.009" /><testcase classname="tests.test_auth_gates" name="test_admin_settings_post_rejects_unauthenticated" time="0.009" /><testcase classname="tests.test_auth_gates" name="test_admin_settings_post_rejects_user_role" time="0.008" /><testcase classname="tests.test_auth_gates" name="test_generate_strategy_rejects_unauthenticated" time="0.010" /><testcase classname="tests.test_auth_gates" name="test_generate_strategy_rejects_user_role" time="0.008" /><testcase classname="tests.test_auth_gates" name="test_generate_strategy_rejects_trader_role" time="0.008" /><testcase classname="tests.test_auth_gates" name="test_generate_strategy_allows_admin" time="0.009" /><testcase classname="tests.test_auth_gates" name="test_deploy_strategy_rejects_unauthenticated" time="0.009" /><testcase classname="tests.test_auth_gates" name="test_deploy_strategy_rejects_trader_role" time="0.010" /><testcase classname="tests.test_auth_gates" name="test_alert_get_rejects_unauthenticated[/api/alerts/]" time="0.007" /><testcase classname="tests.test_auth_gates" name="test_alert_get_rejects_unauthenticated[/api/alerts/active]" time="0.008" /><testcase classname="tests.test_auth_gates" name="test_alert_get_rejects_unauthenticated[/api/alerts/history/triggers]" time="0.008" /><testcase classname="tests.test_auth_gates" name="test_alert_get_rejects_unauthenticated[/api/alerts/some-alert-id]" time="0.009" /><testcase classname="tests.test_auth_gates" name="test_alert_post_rejects_unauthenticated[/api/alerts/some-alert-id/pause]" time="0.008" /><testcase classname="tests.test_auth_gates" name="test_alert_post_rejects_unauthenticated[/api/alerts/some-alert-id/resume]" time="0.008" /><testcase classname="tests.test_auth_gates" name="test_alert_create_rejects_unauthenticated" time="0.009" /><testcase classname="tests.test_auth_gates" name="test_alert_delete_rejects_unauthenticated" time="0.010" /><testcase classname="tests.test_auth_pentest" name="test_short_secret_rejected" time="0.005" /><testcase classname="tests.test_auth_pentest" name="test_missing_secret_rejected" time="0.005" /><testcase classname="tests.test_auth_pentest" name="test_strong_secret_accepted" time="0.005" /><testcase classname="tests.test_auth_pentest" name="test_alg_none_rejected" time="0.004" /><testcase classname="tests.test_auth_pentest" name="test_wrong_key_rejected" time="0.004" /><testcase classname="tests.test_auth_pentest" name="test_rs256_token_rejected_by_hs256_verifier" time="0.080" /><testcase classname="tests.test_auth_pentest" name="test_expired_token_rejected" time="0.005" /><testcase classname="tests.test_auth_pentest" name="test_tampered_payload_rejected" time="0.005" /><testcase classname="tests.test_auth_pentest" name="test_password_hash_not_plaintext" time="0.309" /><testcase classname="tests.test_auth_pentest" name="test_password_hash_is_salted" time="0.612" /><testcase classname="tests.test_auth_pentest" name="test_password_verify_correct" time="0.621" /><testcase classname="tests.test_auth_pentest" name="test_password_verify_wrong" time="0.626" /><testcase classname="tests.test_auth_pentest" name="test_password_hash_is_slow_enough" time="0.313" /><testcase classname="tests.test_auth_pentest" name="test_pbkdf2_iterations_in_service" time="0.007" /><testcase classname="tests.test_auth_pentest" name="test_token_invalid_after_secret_rotation" time="0.004" /><testcase classname="tests.test_auth_pentest" name="test_token_valid_with_correct_secret" time="0.004" /><testcase classname="tests.test_auth_pentest" name="test_rate_limit_check_raises_after_threshold" time="0.042" /><testcase classname="tests.test_auth_pentest" name="test_api_auth_rejects_revoked_jti" time="0.017"><skipped type="pytest.skip" message="JTI revocation path not reachable in isolation">/home/user/HOPEFX-AI-TRADING/tests/test_auth_pentest.py:397: JTI revocation path not reachable in isolation</skipped></testcase><testcase classname="tests.test_backtest.TestBacktestEngine" name="test_backtest_execution" time="0.032" /><testcase classname="tests.test_backtest.TestBacktestEngine" name="test_initialization" time="0.013" /><testcase classname="tests.test_backtest.TestBacktestEngine" name="test_max_drawdown" time="0.031" /><testcase classname="tests.test_backtest.TestBacktestEngine" name="test_monte_carlo_analysis" time="0.852" /><testcase classname="tests.test_backtest.TestBacktestEngine" name="test_return_calculation" time="0.030" /><testcase classname="tests.test_backtest.TestBacktestEngine" name="test_sharpe_ratio" time="0.030" /><testcase classname="tests.test_backtest.TestBacktestEngine" name="test_win_rate" time="0.029" /><testcase classname="tests.test_backtest.TestTradeExecution" name="test_position_closing" time="0.010" /><testcase classname="tests.test_backtest.TestTradeExecution" name="test_position_opening" time="0.011" /><testcase classname="tests.test_backtest_engine_fixes.TestGoldSlippage" name="test_fixed_slippage_gold_3pips" time="0.010" /><testcase classname="tests.test_backtest_engine_fixes.TestGoldSlippage" name="test_fixed_slippage_gold_dollar_value" time="0.010" /><testcase classname="tests.test_backtest_engine_fixes.TestGoldSlippage" name="test_fixed_slippage_forex_uses_pip_0001" time="0.012" /><testcase classname="tests.test_backtest_engine_fixes.TestGoldSlippage" name="test_no_slippage_model" time="0.012" /><testcase classname="tests.test_backtest_engine_fixes.TestGoldSlippage" name="test_variable_slippage_gold" time="0.010" /><testcase classname="tests.test_backtest_engine_fixes.TestCommission" name="test_default_commission_is_7" time="0.010" /><testcase classname="tests.test_backtest_engine_fixes.TestCommission" name="test_commission_deducted_on_buy" time="0.010" /><testcase classname="tests.test_backtest_engine_fixes.TestTradeLevelSharpe" name="test_sharpe_uses_trade_pnls" time="0.472" /><testcase classname="tests.test_backtest_engine_fixes.TestTradeLevelSharpe" name="test_sharpe_se_formula" time="0.532" /><testcase classname="tests.test_backtest_engine_fixes.TestTradeLevelSharpe" name="test_sharpe_se_decreases_with_more_trades" time="2.588" /><testcase classname="tests.test_backtest_engine_fixes.TestTradeLevelSharpe" name="test_sharpe_se_at_600_trades" time="0.010" /><testcase classname="tests.test_backtest_engine_fixes.TestTradeLevelSharpe" name="test_sharpe_se_at_250_trades" time="0.010" /><testcase classname="tests.test_backtest_engine_fixes.TestTradeLevelSharpe" name="test_sharpe_note_in_metrics" time="0.460" /><testcase classname="tests.test_backtest_engine_fixes.TestKellyPositionSizing" name="test_kelly_returns_positive_size" time="0.012" /><testcase classname="tests.test_backtest_engine_fixes.TestKellyPositionSizing" name="test_kelly_respects_risk_cap" time="0.010" /><testcase classname="tests.test_backtest_engine_fixes.TestKellyPositionSizing" name="test_kelly_fallback_with_no_history" time="0.011" /><testcase classname="tests.test_backtest_engine_fixes.TestKellyPositionSizing" name="test_kelly_zero_fraction_uses_signal_size" time="0.010" /><testcase classname="tests.test_backtest_engine_fixes.TestRRFilter" name="test_signal_rejected_below_min_rr" time="0.013" /><testcase classname="tests.test_backtest_engine_fixes.TestRRFilter" name="test_signal_accepted_above_min_rr" time="0.011" /><testcase classname="tests.test_backtest_engine_fixes.TestRRFilter" name="test_rr_filter_disabled_at_zero" time="0.011" /><testcase classname="tests.test_backtest_engine_fixes.TestBacktestConfigDefaults" name="test_commission_default" time="0.010" /><testcase classname="tests.test_backtest_engine_fixes.TestBacktestConfigDefaults" name="test_slippage_pips_default" time="0.011" /><testcase classname="tests.test_backtest_engine_fixes.TestBacktestConfigDefaults" name="test_kelly_fraction_default" time="0.010" /><testcase classname="tests.test_backtest_engine_fixes.TestBacktestConfigDefaults" name="test_risk_per_trade_default" time="0.011" /><testcase classname="tests.test_backtest_engine_fixes.TestBacktestConfigDefaults" name="test_min_rr_ratio_default" time="0.011" /><testcase classname="tests.test_backtesting.TestDataGenerator" name="test_generate_data" time="0.018" /><testcase classname="tests.test_backtesting.TestDataGenerator" name="test_price_range" time="0.016" /><testcase classname="tests.test_backtesting.TestDataGenerator" name="test_ohlc_consistency" time="0.013" /><testcase classname="tests.test_backtesting.TestMovingAverageCrossover" name="test_initial_hold" time="0.011" /><testcase classname="tests.test_backtesting.TestMovingAverageCrossover" name="test_buy_signal" time="0.012" /><testcase classname="tests.test_backtesting.TestMovingAverageCrossover" name="test_sell_signal" time="0.011" /><testcase classname="tests.test_backtesting.TestBacktestEngine" name="test_initial_state" time="0.017" /><testcase classname="tests.test_backtesting.TestBacktestEngine" name="test_run_backtest" time="0.048" /><testcase classname="tests.test_backtesting.TestBacktestEngine" name="test_equity_curve_generated" time="0.049" /><testcase classname="tests.test_backtesting.TestBacktestEngine" name="test_metrics_calculated" time="0.048" /><testcase classname="tests.test_backtesting.TestBacktestEngine" name="test_no_trades_with_small_data" time="0.022" /><testcase classname="tests.test_backtesting.TestBacktestEngine" name="test_commission_impact" time="0.051" /><testcase classname="tests.test_brokers_base.TestWithRetrySync" name="test_success_on_first_attempt" time="0.015" /><testcase classname="tests.test_brokers_base.TestWithRetrySync" name="test_retries_on_failure_then_succeeds" time="0.015" /><testcase classname="tests.test_brokers_base.TestWithRetrySync" name="test_exhaustion_raises_last_exception" time="0.016" /><testcase classname="tests.test_brokers_base.TestWithRetrySync" name="test_only_catches_specified_exceptions" time="0.022" /><testcase classname="tests.test_brokers_base.TestWithRetrySync" name="test_backoff_doubles_each_attempt" time="0.016" /><testcase classname="tests.test_brokers_base.TestWithRetrySync" name="test_preserves_return_value" time="0.017" /><testcase classname="tests.test_brokers_base.TestWithRetryAsync" name="test_async_success_first_attempt" time="0.021" /><testcase classname="tests.test_brokers_base.TestWithRetryAsync" name="test_async_retries_then_succeeds" time="0.024" /><testcase classname="tests.test_brokers_base.TestWithRetryAsync" name="test_async_exhaustion_raises" time="0.022" /><testcase classname="tests.test_brokers_base.TestWithRetryAsync" name="test_async_backoff_doubles" time="0.019" /><testcase classname="tests.test_brokers_base.TestRateLimiter" name="test_acquire_when_tokens_available" time="0.013" /><testcase classname="tests.test_brokers_base.TestRateLimiter" name="test_acquire_depletes_tokens" time="0.014" /><testcase classname="tests.test_brokers_base.TestRateLimiter" name="test_acquire_waits_when_no_tokens" time="0.013" /><testcase classname="tests.test_brokers_base.TestRateLimiter" name="test_acquire_sets_tokens_to_zero_after_wait" time="0.014" /><testcase classname="tests.test_brokers_base.TestRateLimiter" name="test_tokens_replenish_over_time" time="0.015" /><testcase classname="tests.test_brokers_base.TestEnums" name="test_order_type_values" time="0.011" /><testcase classname="tests.test_brokers_base.TestEnums" name="test_order_side_values" time="0.011" /><testcase classname="tests.test_brokers_base.TestEnums" name="test_order_status_values" time="0.010" /><testcase classname="tests.test_brokers_base.TestOrder" name="test_default_status_pending" time="0.010" /><testcase classname="tests.test_brokers_base.TestOrder" name="test_average_fill_price_alias" time="0.010" /><testcase classname="tests.test_brokers_base.TestOrder" name="test_average_fill_price_none" time="0.010" /><testcase classname="tests.test_brokers_base.TestOrder" name="test_metadata_default_none" time="0.011" /><testcase classname="tests.test_brokers_base.TestPosition" name="test_position_fields" time="0.010" /><testcase classname="tests.test_brokers_base.TestPosition" name="test_realized_pnl_default" time="0.010" /><testcase classname="tests.test_brokers_base.TestPosition" name="test_id_default_empty" time="0.010" /><testcase classname="tests.test_brokers_base.TestAccountInfo" name="test_getitem" time="0.010" /><testcase classname="tests.test_brokers_base.TestAccountInfo" name="test_get_existing_key" time="0.010" /><testcase classname="tests.test_brokers_base.TestAccountInfo" name="test_get_missing_key_returns_default" time="0.011" /><testcase classname="tests.test_brokers_base.TestAccountInfo" name="test_get_missing_key_returns_none_by_default" time="0.011" /><testcase classname="tests.test_brokers_base.TestAccountInfo" name="test_timestamp_default_none" time="0.011" /><testcase classname="tests.test_brokers_base.TestAccountInfo" name="test_timestamp_set" time="0.011" /><testcase classname="tests.test_brokers_base.TestBrokerConnector" name="test_cannot_instantiate_abstract_class" time="0.012" /><testcase classname="tests.test_brokers_base.TestBrokerConnector" name="test_concrete_subclass_works" time="0.012" /><testcase classname="tests.test_brokers_base.TestBrokerConnector" name="test_is_connected_reflects_connected_flag" time="0.010" /><testcase classname="tests.test_brokers_base.TestBrokerConnector" name="test_repr_includes_name_and_connected" time="0.011" /><testcase classname="tests.test_brokers_base.TestBrokerConnector" name="test_rate_limiter_uses_config_rps" time="0.010" /><testcase classname="tests.test_brokers_coverage.TestSlippageModel" name="test_zero_model_returns_mid" time="0.010" /><testcase classname="tests.test_brokers_coverage.TestSlippageModel" name="test_zero_model_sell_returns_mid" time="0.010" /><testcase classname="tests.test_brokers_coverage.TestSlippageModel" name="test_fixed_model_buy_above_mid" time="0.011" /><testcase classname="tests.test_brokers_coverage.TestSlippageModel" name="test_fixed_model_sell_below_mid" time="0.011" /><testcase classname="tests.test_brokers_coverage.TestSlippageModel" name="test_gaussian_model_buy_positive_direction" time="0.010" /><testcase classname="tests.test_brokers_coverage.TestSlippageModel" name="test_gaussian_model_sell_negative_direction" time="0.011" /><testcase classname="tests.test_brokers_coverage.TestSlippageModel" name="test_zero_mid_price_returns_mid" time="0.011" /><testcase classname="tests.test_brokers_coverage.TestSlippageModel" name="test_unknown_symbol_uses_fallback_spread" time="0.010" /><testcase classname="tests.test_brokers_coverage.TestSlippageModel" name="test_known_symbol_spread_used" time="0.011" /><testcase classname="tests.test_brokers_coverage.TestSlippageModel" name="test_fill_always_positive" time="0.013" /><testcase classname="tests.test_brokers_coverage.TestPaperTradingBrokerConnect" name="test_connect_sets_connected" time="0.018" /><testcase classname="tests.test_brokers_coverage.TestPaperTradingBrokerConnect" name="test_disconnect_clears_connected" time="0.020" /><testcase classname="tests.test_brokers_coverage.TestPaperTradingBrokerOrders" name="test_market_buy_fills_immediately" time="0.018" /><testcase classname="tests.test_brokers_coverage.TestPaperTradingBrokerOrders" name="test_market_sell_fills_immediately" time="0.019" /><testcase classname="tests.test_brokers_coverage.TestPaperTradingBrokerOrders" name="test_limit_order_stays_open" time="0.016" /><testcase classname="tests.test_brokers_coverage.TestPaperTradingBrokerOrders" name="test_stop_order_stays_open" time="0.017" /><testcase classname="tests.test_brokers_coverage.TestPaperTradingBrokerOrders" name="test_cancel_open_order" time="0.019" /><testcase classname="tests.test_brokers_coverage.TestPaperTradingBrokerOrders" name="test_cancel_filled_order_returns_false" time="0.018" /><testcase classname="tests.test_brokers_coverage.TestPaperTradingBrokerOrders" name="test_cancel_nonexistent_order_returns_false" time="0.017" /><testcase classname="tests.test_brokers_coverage.TestPaperTradingBrokerOrders" name="test_get_order_returns_order" time="0.018" /><testcase classname="tests.test_brokers_coverage.TestPaperTradingBrokerOrders" name="test_get_order_missing_returns_none" time="0.016" /><testcase classname="tests.test_brokers_coverage.TestPaperTradingBrokerOrders" name="test_place_order_not_connected_raises" time="0.016" /><testcase classname="tests.test_brokers_coverage.TestPaperTradingBrokerOrders" name="test_unknown_symbol_uses_default_price" time="0.016" /><testcase classname="tests.test_brokers_coverage.TestPaperTradingBrokerPositions" name="test_buy_creates_long_position" time="0.018" /><testcase classname="tests.test_brokers_coverage.TestPaperTradingBrokerPositions" name="test_sell_creates_short_position" time="0.018" /><testcase classname="tests.test_brokers_coverage.TestPaperTradingBrokerPositions" name="test_close_position_removes_it" time="0.018" /><testcase classname="tests.test_brokers_coverage.TestPaperTradingBrokerPositions" name="test_close_nonexistent_position_returns_false" time="0.018" /><testcase classname="tests.test_brokers_coverage.TestPaperTradingBrokerPositions" name="test_close_position_updates_balance" time="0.018" /><testcase classname="tests.test_brokers_coverage.TestPaperTradingBrokerPositions" name="test_averaging_into_position" time="0.019" /><testcase classname="tests.test_brokers_coverage.TestPaperTradingBrokerPositions" name="test_close_all_positions" time="0.021" /><testcase classname="tests.test_brokers_coverage.TestPaperTradingBrokerAccount" name="test_get_account_info_returns_dataclass" time="0.017" /><testcase classname="tests.test_brokers_coverage.TestPaperTradingBrokerAccount" name="test_equity_reflects_unrealized_pnl" time="0.016" /><testcase classname="tests.test_brokers_coverage.TestPaperTradingBrokerAccount" name="test_equity_history_has_initial_point" time="0.016" /><testcase classname="tests.test_brokers_coverage.TestPaperTradingBrokerAccount" name="test_equity_history_grows_after_trade" time="0.017" /><testcase classname="tests.test_brokers_coverage.TestPaperTradingBrokerMarketData" name="test_get_market_data_returns_list" time="0.016" /><testcase classname="tests.test_brokers_coverage.TestPaperTradingBrokerMarketData" name="test_market_data_has_ohlcv_keys" time="0.014" /><testcase classname="tests.test_brokers_coverage.TestPaperTradingBrokerMarketData" name="test_market_data_different_timeframes" time="0.016" /><testcase classname="tests.test_brokers_coverage.TestPaperTradingBrokerMarketData" name="test_update_market_price" time="0.017" /><testcase classname="tests.test_brokers_coverage.TestPaperTradingBrokerMarketData" name="test_get_market_price" time="0.022" /><testcase classname="tests.test_brokers_coverage.TestPaperTradingBrokerMarketData" name="test_get_market_price_unknown_returns_zero" time="0.021" /><testcase classname="tests.test_brokers_coverage.TestPaperTradingBrokerCommission" name="test_commission_deducted_on_fill" time="0.017" /><testcase classname="tests.test_brokers_coverage.TestPaperTradingBrokerCommission" name="test_zero_commission_no_deduction" time="0.018" /><testcase classname="tests.test_brokers_coverage.TestPaperTradingBrokerAsync" name="test_place_market_order_async" time="0.018" /><testcase classname="tests.test_brokers_coverage.TestPaperTradingBrokerAsync" name="test_place_market_order_sell_async" time="0.018" /><testcase classname="tests.test_brokers_coverage.TestPaperTradingBrokerAsync" name="test_set_spread" time="0.015" /><testcase classname="tests.test_brokers_coverage.TestPaperTradingBrokerAsync" name="test_set_spread_no_symbol" time="0.015" /><testcase classname="tests.test_brokers_coverage.TestInitOrder" name="test_remaining_quantity_pending" time="0.011" /><testcase classname="tests.test_brokers_coverage.TestInitOrder" name="test_is_complete_filled" time="0.010" /><testcase classname="tests.test_brokers_coverage.TestInitOrder" name="test_is_complete_cancelled" time="0.010" /><testcase classname="tests.test_brokers_coverage.TestInitOrder" name="test_is_complete_rejected" time="0.011" /><testcase classname="tests.test_brokers_coverage.TestInitOrder" name="test_is_complete_pending" time="0.010" /><testcase classname="tests.test_brokers_coverage.TestInitOrder" name="test_to_dict_has_required_keys" time="0.010" /><testcase classname="tests.test_brokers_coverage.TestInitPosition" name="test_market_value" time="0.011" /><testcase classname="tests.test_brokers_coverage.TestInitPosition" name="test_total_pnl" time="0.011" /><testcase classname="tests.test_brokers_coverage.TestInitPosition" name="test_update_price_long" time="0.011" /><testcase classname="tests.test_brokers_coverage.TestInitPosition" name="test_update_price_short" time="0.010" /><testcase classname="tests.test_brokers_coverage.TestInitPosition" name="test_to_dict_has_required_keys" time="0.011" /><testcase classname="tests.test_brokers_coverage.TestInitPaperBroker" name="test_connect_sets_connected" time="0.019" /><testcase classname="tests.test_brokers_coverage.TestInitPaperBroker" name="test_disconnect_clears_connected" time="0.020" /><testcase classname="tests.test_brokers_coverage.TestInitPaperBroker" name="test_get_account_info_balance" time="0.016" /><testcase classname="tests.test_brokers_coverage.TestInitPaperBroker" name="test_set_market_price" time="0.017" /><testcase classname="tests.test_brokers_coverage.TestInitPaperBroker" name="test_get_market_price_unknown" time="0.015" /><testcase classname="tests.test_brokers_coverage.TestInitPaperBroker" name="test_sync_place_order_market_buy" time="0.017" /><testcase classname="tests.test_brokers_coverage.TestInitPaperBroker" name="test_sync_place_order_limit" time="0.017" /><testcase classname="tests.test_brokers_coverage.TestInitPaperBroker" name="test_cancel_order_pending" time="0.018" /><testcase classname="tests.test_brokers_coverage.TestInitPaperBroker" name="test_cancel_order_nonexistent" time="0.018" /><testcase classname="tests.test_brokers_coverage.TestInitPaperBroker" name="test_generate_report_no_trades" time="0.017" /><testcase classname="tests.test_brokers_coverage.TestInitOrderDataclass" name="test_remaining_quantity" time="0.010" /><testcase classname="tests.test_brokers_coverage.TestInitOrderDataclass" name="test_is_complete_filled" time="0.011" /><testcase classname="tests.test_brokers_coverage.TestInitOrderDataclass" name="test_is_complete_cancelled" time="0.011" /><testcase classname="tests.test_brokers_coverage.TestInitOrderDataclass" name="test_is_complete_rejected" time="0.010" /><testcase classname="tests.test_brokers_coverage.TestInitOrderDataclass" name="test_is_complete_pending" time="0.011" /><testcase classname="tests.test_brokers_coverage.TestInitOrderDataclass" name="test_to_dict" time="0.010" /><testcase classname="tests.test_brokers_coverage.TestInitPositionDataclass" name="test_market_value" time="0.010" /><testcase classname="tests.test_brokers_coverage.TestInitPositionDataclass" name="test_total_pnl" time="0.010" /><testcase classname="tests.test_brokers_coverage.TestInitPositionDataclass" name="test_update_price_long" time="0.010" /><testcase classname="tests.test_brokers_coverage.TestInitPositionDataclass" name="test_update_price_short" time="0.010" /><testcase classname="tests.test_brokers_coverage.TestInitPositionDataclass" name="test_to_dict" time="0.011" /><testcase classname="tests.test_brokers_coverage.TestBaseBrokerCloseAll" name="test_close_all_positions" time="0.011" /><testcase classname="tests.test_brokers_coverage.TestBaseBrokerCloseAll" name="test_cancel_all_orders" time="0.011" /><testcase classname="tests.test_brokers_coverage.TestBaseBrokerCloseAll" name="test_close_all_positions_with_failure" time="0.013" /><testcase classname="tests.test_brokers_coverage.TestBrokerFactory" name="test_create_paper_broker" time="0.018" /><testcase classname="tests.test_brokers_coverage.TestBrokerFactory" name="test_create_broker_case_insensitive" time="0.016" /><testcase classname="tests.test_brokers_coverage.TestBrokerFactory" name="test_create_unknown_broker_returns_none" time="0.011" /><testcase classname="tests.test_brokers_coverage.TestBrokerFactory" name="test_list_brokers_returns_list" time="0.010" /><testcase classname="tests.test_brokers_coverage.TestBrokerFactory" name="test_register_custom_broker" time="0.012" /><testcase classname="tests.test_brokers_coverage.TestBrokerFactory" name="test_register_non_connector_raises" time="0.010" /><testcase classname="tests.test_brokers_coverage.TestBrokerFactory" name="test_get_broker_info_known" time="0.010" /><testcase classname="tests.test_brokers_coverage.TestBrokerFactory" name="test_get_broker_info_unknown_returns_empty" time="0.012" /><testcase classname="tests.test_brokers_coverage.TestBrokerFactory" name="test_create_broker_none_uses_default" time="0.017" /><testcase classname="tests.test_brokers_coverage.TestBrokerFactory" name="test_get_broker_from_yaml_missing_file" time="0.012" /><testcase classname="tests.test_brokers_coverage.TestBrokerFactory" name="test_create_broker_with_config" time="0.017" /><testcase classname="tests.test_brokers_coverage.TestOHLCVStore" name="test_push_and_get" time="0.017" /><testcase classname="tests.test_brokers_coverage.TestOHLCVStore" name="test_maxlen_respected" time="0.035" /><testcase classname="tests.test_brokers_coverage.TestOHLCVStore" name="test_get_bars_limit" time="0.066" /><testcase classname="tests.test_brokers_coverage.TestOHLCVStore" name="test_empty_store_get_returns_none" time="0.012" /><testcase classname="tests.test_brokers_coverage.TestOHLCVStore" name="test_allow_partial_false_returns_none_when_insufficient" time="0.021" /><testcase classname="tests.test_brokers_coverage.TestOHLCVStore" name="test_allow_partial_true_returns_available" time="0.022" /><testcase classname="tests.test_brokers_coverage.TestOHLCVStore" name="test_multiple_symbols" time="0.024" /><testcase classname="tests.test_brokers_coverage.TestOHLCVStore" name="test_health_returns_dict" time="0.010" /><testcase classname="tests.test_brokers_coverage.TestOHLCVStore" name="test_symbols_returns_list" time="0.012" /><testcase classname="tests.test_brokers_coverage.TestOHLCVStore" name="test_buffer_size_per_symbol" time="0.015" /><testcase classname="tests.test_brokers_coverage.TestOHLCVStore" name="test_buffer_size_unknown_symbol" time="0.011" /><testcase classname="tests.test_brokers_coverage.TestBrokerScore" name="test_calculate_sets_overall_score" time="0.010" /><testcase classname="tests.test_brokers_coverage.TestBrokerScore" name="test_lower_latency_higher_score" time="0.010" /><testcase classname="tests.test_brokers_coverage.TestSmartOrderRouter" name="test_add_broker" time="0.010" /><testcase classname="tests.test_brokers_coverage.TestSmartOrderRouter" name="test_explain_selection_low_latency" time="0.010" /><testcase classname="tests.test_brokers_coverage.TestSmartOrderRouter" name="test_explain_selection_balanced" time="0.010" /><testcase classname="tests.test_brokers_coverage.TestSmartOrderRouter" name="test_route_order_selects_best" time="0.014" /><testcase classname="tests.test_brokers_coverage.TestSmartOrderRouter" name="test_route_order_multiple_brokers" time="0.020" /><testcase classname="tests.test_brokers_coverage.TestSmartOrderRouter" name="test_update_scores_degrades_on_error" time="0.019" /><testcase classname="tests.test_brokers_coverage.TestSmartOrderRouter" name="test_execute_with_fallback_success" time="0.019" /><testcase classname="tests.test_brokers_coverage.TestAdvancedOrderManagerCreate" name="test_create_basic_order" time="0.016" /><testcase classname="tests.test_brokers_coverage.TestAdvancedOrderManagerCreate" name="test_create_limit_order" time="0.015" /><testcase classname="tests.test_brokers_coverage.TestAdvancedOrderManagerCreate" name="test_create_order_with_metadata" time="0.014" /><testcase classname="tests.test_brokers_coverage.TestAdvancedOrderManagerCreate" name="test_create_trailing_stop_amount" time="0.014" /><testcase classname="tests.test_brokers_coverage.TestAdvancedOrderManagerCreate" name="test_create_trailing_stop_percent" time="0.014" /><testcase classname="tests.test_brokers_coverage.TestAdvancedOrderManagerCreate" name="test_create_trailing_stop_with_activation" time="0.015" /><testcase classname="tests.test_brokers_coverage.TestAdvancedOrderManagerCreate" name="test_create_oco_order" time="0.013" /><testcase classname="tests.test_brokers_coverage.TestAdvancedOrderManagerCreate" name="test_create_bracket_order" time="0.014" /><testcase classname="tests.test_brokers_coverage.TestAdvancedOrderManagerCreate" name="test_create_bracket_order_sell" time="0.015" /><testcase classname="tests.test_brokers_coverage.TestAdvancedOrderManagerCreate" name="test_create_conditional_order" time="0.015" /><testcase classname="tests.test_brokers_coverage.TestAdvancedOrderManagerCreate" name="test_create_scaled_order" time="0.013" /><testcase classname="tests.test_brokers_coverage.TestAdvancedOrderManagerOperations" name="test_get_order_existing" time="0.015" /><testcase classname="tests.test_brokers_coverage.TestAdvancedOrderManagerOperations" name="test_get_order_missing" time="0.013" /><testcase classname="tests.test_brokers_coverage.TestAdvancedOrderManagerOperations" name="test_get_open_orders" time="0.014" /><testcase classname="tests.test_brokers_coverage.TestAdvancedOrderManagerOperations" name="test_cancel_order" time="0.013" /><testcase classname="tests.test_brokers_coverage.TestAdvancedOrderManagerOperations" name="test_cancel_nonexistent_order" time="0.011" /><testcase classname="tests.test_brokers_coverage.TestAdvancedOrderManagerOperations" name="test_get_statistics" time="0.012" /><testcase classname="tests.test_brokers_coverage.TestAdvancedOrderManagerOperations" name="test_update_trailing_stop_long_new_high" time="0.013" /><testcase classname="tests.test_brokers_coverage.TestAdvancedOrderManagerOperations" name="test_update_trailing_stop_short_new_low" time="0.012" /><testcase classname="tests.test_brokers_coverage.TestAdvancedOrderManagerOperations" name="test_evaluate_conditional_price_above_met" time="0.012" /><testcase classname="tests.test_brokers_coverage.TestAdvancedOrderManagerOperations" name="test_evaluate_conditional_price_above_not_met" time="0.012" /><testcase classname="tests.test_brokers_coverage.TestAdvancedOrderManagerOperations" name="test_order_to_dict" time="0.012" /><testcase classname="tests.test_brokers_coverage.TestAdvancedOrderManagerOperations" name="test_oco_to_dict" time="0.012" /><testcase classname="tests.test_brokers_coverage.TestAdvancedOrderManagerOperations" name="test_bracket_to_dict" time="0.013" /><testcase classname="tests.test_brokers_data_missing.TestAdvancedOrderDataclasses" name="test_order_to_dict" time="0.010" /><testcase classname="tests.test_brokers_data_missing.TestAdvancedOrderDataclasses" name="test_order_status_default_pending" time="0.011" /><testcase classname="tests.test_brokers_data_missing.TestAdvancedOrderDataclasses" name="test_oco_to_dict" time="0.010" /><testcase classname="tests.test_brokers_data_missing.TestAdvancedOrderDataclasses" name="test_bracket_to_dict" time="0.010" /><testcase classname="tests.test_brokers_data_missing.TestAdvancedOrderDataclasses" name="test_order_type_values" time="0.010" /><testcase classname="tests.test_brokers_data_missing.TestAdvancedOrderDataclasses" name="test_time_in_force_values" time="0.010" /><testcase classname="tests.test_brokers_data_missing.TestAdvancedOrderManager" name="test_create_order_returns_order" time="0.011" /><testcase classname="tests.test_brokers_data_missing.TestAdvancedOrderManager" name="test_create_trailing_stop" time="0.011" /><testcase classname="tests.test_brokers_data_missing.TestAdvancedOrderManager" name="test_create_oco_order" time="0.012" /><testcase classname="tests.test_brokers_data_missing.TestAdvancedOrderManager" name="test_create_bracket_order" time="0.012" /><testcase classname="tests.test_brokers_data_missing.TestAdvancedOrderManager" name="test_get_order_returns_none_for_unknown" time="0.011" /><testcase classname="tests.test_brokers_data_missing.TestAdvancedOrderManager" name="test_get_open_orders_empty" time="0.012" /><testcase classname="tests.test_brokers_data_missing.TestAdvancedOrderManager" name="test_cancel_order_unknown_returns_false" time="0.010" /><testcase classname="tests.test_brokers_data_missing.TestAdvancedOrderManager" name="test_cancel_order_pending" time="0.013" /><testcase classname="tests.test_brokers_data_missing.TestAdvancedOrderManager" name="test_handle_order_fill" time="0.013" /><testcase classname="tests.test_brokers_data_missing.TestAdvancedOrderManager" name="test_update_trailing_stop" time="0.011" /><testcase classname="tests.test_brokers_data_missing.TestOHLCVStore" name="test_push_and_get" time="0.039" /><testcase classname="tests.test_brokers_data_missing.TestOHLCVStore" name="test_get_empty_returns_none" time="0.013" /><testcase classname="tests.test_brokers_data_missing.TestOHLCVStore" name="test_allow_partial_false_returns_none_when_insufficient" time="0.009" /><testcase classname="tests.test_brokers_data_missing.TestOHLCVStore" name="test_allow_partial_true_returns_available" time="0.013" /><testcase classname="tests.test_brokers_data_missing.TestOHLCVStore" name="test_buffer_size" time="0.015" /><testcase classname="tests.test_brokers_data_missing.TestOHLCVStore" name="test_symbols" time="0.017" /><testcase classname="tests.test_brokers_data_missing.TestOHLCVStore" name="test_health" time="0.011" /><testcase classname="tests.test_brokers_data_missing.TestOHLCVStore" name="test_max_bars_ring_buffer" time="0.042" /><testcase classname="tests.test_brokers_data_missing.TestOHLCVStore" name="test_singleton" time="0.009" /><testcase classname="tests.test_brokers_data_missing.TestGoldSentimentScorer" name="test_score_gold_bullish" time="0.025" /><testcase classname="tests.test_brokers_data_missing.TestGoldSentimentScorer" name="test_score_irrelevant_article" time="0.022" /><testcase classname="tests.test_brokers_data_missing.TestGoldSentimentScorer" name="test_score_article_alias" time="0.022" /><testcase classname="tests.test_brokers_data_missing.TestGoldSentimentScorer" name="test_pre_scored_article_used_directly" time="0.020" /><testcase classname="tests.test_brokers_data_missing.TestGoldSentimentScorer" name="test_get_aggregate_signal_no_articles" time="0.020" /><testcase classname="tests.test_brokers_data_missing.TestGoldSentimentScorer" name="test_get_aggregate_signal_with_articles" time="0.021" /><testcase classname="tests.test_brokers_data_missing.TestGoldSentimentScorer" name="test_score_returns_news_article" time="0.021" /><testcase classname="tests.test_brokers_data_missing.TestGoldSentimentScorer" name="test_impact_score_bounded" time="0.020" /><testcase classname="tests.test_brokers_data_missing.TestPostTradeAnalyzer" name="test_record_fill_returns_fill_record" time="0.011" /><testcase classname="tests.test_brokers_data_missing.TestPostTradeAnalyzer" name="test_slippage_bps_computed" time="0.010" /><testcase classname="tests.test_brokers_data_missing.TestPostTradeAnalyzer" name="test_rolling_stats_empty" time="0.011" /><testcase classname="tests.test_brokers_data_missing.TestPostTradeAnalyzer" name="test_rolling_stats_with_fills" time="0.014" /><testcase classname="tests.test_brokers_data_missing.TestPostTradeAnalyzer" name="test_get_fills_returns_list" time="0.012" /><testcase classname="tests.test_brokers_data_missing.TestPostTradeAnalyzer" name="test_fill_quality_bounded" time="0.011" /><testcase classname="tests.test_brokers_data_missing.TestPostTradeAnalyzer" name="test_impl_shortfall_computed" time="0.012" /><testcase classname="tests.test_brokers_data_missing.TestPostTradeAnalyzer" name="test_multiple_fills_tracked" time="0.012" /><testcase classname="tests.test_brokers_init.TestEnums" name="test_order_type_values" time="0.010" /><testcase classname="tests.test_brokers_init.TestEnums" name="test_order_side_values" time="0.010" /><testcase classname="tests.test_brokers_init.TestEnums" name="test_order_status_values" time="0.010" /><testcase classname="tests.test_brokers_init.TestOrder" name="test_remaining_quantity" time="0.010" /><testcase classname="tests.test_brokers_init.TestOrder" name="test_is_complete_filled" time="0.010" /><testcase classname="tests.test_brokers_init.TestOrder" name="test_is_complete_cancelled" time="0.009" /><testcase classname="tests.test_brokers_init.TestOrder" name="test_is_complete_rejected" time="0.010" /><testcase classname="tests.test_brokers_init.TestOrder" name="test_is_complete_pending" time="0.010" /><testcase classname="tests.test_brokers_init.TestOrder" name="test_to_dict_keys" time="0.010" /><testcase classname="tests.test_brokers_init.TestPosition" name="test_market_value" time="0.010" /><testcase classname="tests.test_brokers_init.TestPosition" name="test_unrealized_pnl_buy" time="0.010" /><testcase classname="tests.test_brokers_init.TestPosition" name="test_unrealized_pnl_sell" time="0.009" /><testcase classname="tests.test_brokers_init.TestPosition" name="test_total_pnl" time="0.009" /><testcase classname="tests.test_brokers_init.TestPosition" name="test_to_dict_keys" time="0.009" /><testcase classname="tests.test_brokers_init.TestPaperTradingBrokerSync" name="test_initial_balance" time="0.011" /><testcase classname="tests.test_brokers_init.TestPaperTradingBrokerSync" name="test_place_buy_order_reduces_balance" time="0.010" /><testcase classname="tests.test_brokers_init.TestPaperTradingBrokerSync" name="test_place_sell_order_increases_balance" time="0.012" /><testcase classname="tests.test_brokers_init.TestPaperTradingBrokerSync" name="test_insufficient_balance_raises" time="0.013" /><testcase classname="tests.test_brokers_init.TestPaperTradingBrokerSync" name="test_limit_order_stays_pending" time="0.013" /><testcase classname="tests.test_brokers_init.TestPaperTradingBrokerSync" name="test_set_and_get_market_price" time="0.011" /><testcase classname="tests.test_brokers_init.TestPaperTradingBrokerSync" name="test_get_market_price_missing_returns_zero" time="0.011" /><testcase classname="tests.test_brokers_init.TestPaperTradingBrokerSync" name="test_positions_property" time="0.010" /><testcase classname="tests.test_brokers_init.TestPaperTradingBrokerSync" name="test_orders_property" time="0.011" /><testcase classname="tests.test_brokers_init.TestCalculateSlippage" name="test_no_slippage_model" time="0.010" /><testcase classname="tests.test_brokers_init.TestCalculateSlippage" name="test_gaussian_slippage_non_negative" time="0.010" /><testcase classname="tests.test_brokers_init.TestCalculateSlippage" name="test_uniform_slippage_non_negative" time="0.011" /><testcase classname="tests.test_brokers_init.TestCalculateSlippage" name="test_large_order_higher_slippage" time="0.011" /><testcase classname="tests.test_brokers_init.TestSimulateFillQuantity" name="test_small_order_fully_filled" time="0.011" /><testcase classname="tests.test_brokers_init.TestSimulateFillQuantity" name="test_large_order_may_partially_fill" time="0.011" /><testcase classname="tests.test_brokers_init.TestPaperTradingBrokerAsync" name="test_connect_sets_connected" time="0.013" /><testcase classname="tests.test_brokers_init.TestPaperTradingBrokerAsync" name="test_disconnect_clears_connected" time="0.014" /><testcase classname="tests.test_brokers_init.TestPaperTradingBrokerAsync" name="test_get_account_info_keys" time="0.013" /><testcase classname="tests.test_brokers_init.TestPaperTradingBrokerAsync" name="test_place_market_order_async" time="0.160" /><testcase classname="tests.test_brokers_init.TestPaperTradingBrokerAsync" name="test_place_market_order_not_connected_raises" time="0.015" /><testcase classname="tests.test_brokers_init.TestPaperTradingBrokerAsync" name="test_cancel_order_pending" time="0.163" /><testcase classname="tests.test_brokers_init.TestPaperTradingBrokerAsync" name="test_cancel_order_missing_returns_false" time="0.015" /><testcase classname="tests.test_brokers_init.TestPaperTradingBrokerAsync" name="test_get_positions_returns_list" time="0.162" /><testcase classname="tests.test_brokers_init.TestPaperTradingBrokerAsync" name="test_get_pending_orders_returns_list" time="0.013" /><testcase classname="tests.test_brokers_init.TestPaperTradingBrokerAsync" name="test_close_all_positions_empty" time="0.012" /><testcase classname="tests.test_brokers_init.TestPaperTradingBrokerAsync" name="test_cancel_all_orders" time="0.012" /><testcase classname="tests.test_brokers_init.TestCreateBroker" name="test_paper_broker" time="0.011" /><testcase classname="tests.test_brokers_init.TestCreateBroker" name="test_unknown_type_raises" time="0.011" /><testcase classname="tests.test_bybit_connector.TestSymbolTranslation" name="test_to_bybit_xauusd" time="0.012" /><testcase classname="tests.test_bybit_connector.TestSymbolTranslation" name="test_to_bybit_xau_slash_usd" time="0.011" /><testcase classname="tests.test_bybit_connector.TestSymbolTranslation" name="test_to_bybit_btcusd" time="0.011" /><testcase classname="tests.test_bybit_connector.TestSymbolTranslation" name="test_to_bybit_ethusd" time="0.011" /><testcase classname="tests.test_bybit_connector.TestSymbolTranslation" name="test_to_bybit_solusd" time="0.012" /><testcase classname="tests.test_bybit_connector.TestSymbolTranslation" name="test_to_bybit_unknown_passthrough" time="0.012" /><testcase classname="tests.test_bybit_connector.TestSymbolTranslation" name="test_from_bybit_xauusdt" time="0.014" /><testcase classname="tests.test_bybit_connector.TestSymbolTranslation" name="test_from_bybit_btcusdt" time="0.012" /><testcase classname="tests.test_bybit_connector.TestSymbolTranslation" name="test_from_bybit_unknown_passthrough" time="0.011" /><testcase classname="tests.test_bybit_connector.TestSymbolTranslation" name="test_custom_symbol_map_override" time="0.013" /><testcase classname="tests.test_bybit_connector.TestConnectDisconnect" name="test_connect_success" time="0.013" /><testcase classname="tests.test_bybit_connector.TestConnectDisconnect" name="test_connect_failure" time="0.012" /><testcase classname="tests.test_bybit_connector.TestConnectDisconnect" name="test_disconnect" time="0.015" /><testcase classname="tests.test_bybit_connector.TestGetAccountInfo" name="test_returns_ccxt_account_info" time="0.011" /><testcase classname="tests.test_bybit_connector.TestGetAccountInfo" name="test_returns_zero_account_info_when_ccxt_returns_none" time="0.019" /><testcase classname="tests.test_bybit_connector.TestGetMarketData" name="test_translates_symbol_to_bybit" time="0.015" /><testcase classname="tests.test_bybit_connector.TestGetMarketData" name="test_get_current_price_translates_symbol" time="0.011" /><testcase classname="tests.test_bybit_connector.TestPlaceOrder" name="test_translates_symbol_and_back" time="0.011" /><testcase classname="tests.test_bybit_connector.TestPlaceOrder" name="test_limit_order_passes_price" time="0.016" /><testcase classname="tests.test_bybit_connector.TestPlaceOrder" name="test_stop_order_passes_stop_price" time="0.013" /><testcase classname="tests.test_bybit_connector.TestCancelAndGetOrder" name="test_cancel_order_delegates_to_ccxt" time="0.012" /><testcase classname="tests.test_bybit_connector.TestCancelAndGetOrder" name="test_cancel_all_orders_delegates" time="0.014" /><testcase classname="tests.test_bybit_connector.TestCancelAndGetOrder" name="test_get_order_delegates" time="0.012" /><testcase classname="tests.test_bybit_connector.TestGetPositions" name="test_translates_position_symbols_back" time="0.011" /><testcase classname="tests.test_bybit_connector.TestGetPositions" name="test_empty_positions" time="0.012" /><testcase classname="tests.test_bybit_connector.TestClosePosition" name="test_close_position_translates_symbol" time="0.012" /><testcase classname="tests.test_bybit_connector.TestClosePosition" name="test_close_position_exception_returns_false" time="0.012" /><testcase classname="tests.test_bybit_connector.TestClosePosition" name="test_close_position_value_error_returns_false" time="0.013" /><testcase classname="tests.test_bybit_connector.TestGetExchangeInfo" name="test_delegates_to_ccxt" time="0.013" /><testcase classname="tests.test_bybit_connector.TestRepr" name="test_repr_sandbox" time="0.011" /><testcase classname="tests.test_bybit_connector.TestRepr" name="test_repr_live" time="0.012" /><testcase classname="tests.test_bybit_connector.TestBybitConnectorAlias" name="test_alias_is_same_class" time="0.009" /><testcase classname="tests.test_chaos.test_failure_modes.TestBrokerFailureModes" name="test_close_nonexistent_position_returns_false" time="0.019" /><testcase classname="tests.test_chaos.test_failure_modes.TestBrokerFailureModes" name="test_price_missing_returns_default" time="0.018" /><testcase classname="tests.test_chaos.test_failure_modes.TestBrokerFailureModes" name="test_multiple_connects_are_idempotent" time="0.019" /><testcase classname="tests.test_chaos.test_failure_modes.TestBrokerFailureModes" name="test_disconnect_without_connect_does_not_raise" time="0.020" /><testcase classname="tests.test_chaos.test_failure_modes.TestRiskManagerFailureModes" name="test_zero_size_trade_validation" time="0.011" /><testcase classname="tests.test_chaos.test_failure_modes.TestRiskManagerFailureModes" name="test_negative_entry_price_position_size" time="0.014" /><testcase classname="tests.test_chaos.test_failure_modes.TestRiskManagerFailureModes" name="test_drawdown_check_with_empty_equity_curve" time="0.010" /><testcase classname="tests.test_chaos.test_failure_modes.TestRiskManagerFailureModes" name="test_check_risk_limits_returns_tuple" time="0.010" /><testcase classname="tests.test_chaos.test_failure_modes.TestKillSwitchFailureModes" name="test_double_activate_stays_active" time="0.016" /><testcase classname="tests.test_chaos.test_failure_modes.TestKillSwitchFailureModes" name="test_deactivate_without_token_raises" time="0.018" /><testcase classname="tests.test_chaos.test_failure_modes.TestKillSwitchFailureModes" name="test_deactivate_wrong_token_raises" time="0.017" /><testcase classname="tests.test_chaos.test_failure_modes.TestKillSwitchFailureModes" name="test_status_always_returns_dict" time="0.010" /><testcase classname="tests.test_chaos.test_failure_modes.TestKillSwitchFailureModes" name="test_inactive_ks_deactivate_is_noop" time="0.010" /><testcase classname="tests.test_chaos.test_failure_modes.TestMetricsFailureModes" name="test_get_nonexistent_collector_returns_none" time="0.009" /><testcase classname="tests.test_chaos.test_failure_modes.TestMetricsFailureModes" name="test_gauge_set_negative_value" time="0.010" /><testcase classname="tests.test_chaos.test_failure_modes.TestMetricsFailureModes" name="test_counter_inc_zero" time="0.011" /><testcase classname="tests.test_chaos.test_failure_modes.TestMetricsFailureModes" name="test_histogram_observe_zero" time="0.010" /><testcase classname="tests.test_chaos.test_failure_modes.TestMetricsFailureModes" name="test_prometheus_export_is_string" time="0.011" /><testcase classname="tests.test_chaos.test_failure_modes.TestMetricsFailureModes" name="test_record_error_does_not_raise" time="0.011" /><testcase classname="tests.test_compliance_coverage.TestAMLDecision" name="test_dataclass_fields" time="0.009" /><testcase classname="tests.test_compliance_coverage.TestAMLDecision" name="test_blocked_decision" time="0.010" /><testcase classname="tests.test_compliance_coverage.TestAMLGateNoDb" name="test_small_amount_approved" time="0.011" /><testcase classname="tests.test_compliance_coverage.TestAMLGateNoDb" name="test_exceeds_single_cap_blocked" time="0.021" /><testcase classname="tests.test_compliance_coverage.TestAMLGateNoDb" name="test_kyc_required_above_threshold" time="0.019" /><testcase classname="tests.test_compliance_coverage.TestAMLGateNoDb" name="test_kyc_approved_passes_threshold" time="0.012" /><testcase classname="tests.test_compliance_coverage.TestAMLGateNoDb" name="test_small_amount_below_kyc_threshold_approved" time="0.011" /><testcase classname="tests.test_compliance_coverage.TestAMLGateNoDb" name="test_emit_block_event_handles_import_error" time="0.013" /><testcase classname="tests.test_compliance_coverage.TestAMLGateNoDb" name="test_emit_block_event_outbox_write_fails" time="0.013" /><testcase classname="tests.test_compliance_coverage.TestAMLGateWithDb" name="test_velocity_limit_blocked" time="0.013" /><testcase classname="tests.test_compliance_coverage.TestAMLGateWithDb" name="test_daily_limit_exceeded_blocked" time="0.012" /><testcase classname="tests.test_compliance_coverage.TestAMLGateWithDb" name="test_rapid_turnaround_flagged" time="0.016" /><testcase classname="tests.test_compliance_coverage.TestAMLGateWithDb" name="test_db_error_fails_closed" time="0.015" /><testcase classname="tests.test_compliance_coverage.TestAMLGateWithDb" name="test_clean_withdrawal_approved" time="0.013" /><testcase classname="tests.test_compliance_coverage.TestAMLGateSingleton" name="test_get_aml_gate_creates_default" time="0.010" /><testcase classname="tests.test_compliance_coverage.TestAMLGateSingleton" name="test_init_aml_gate_wires_factory" time="0.011" /><testcase classname="tests.test_compliance_coverage.TestAMLGateSingleton" name="test_get_aml_gate_returns_existing" time="0.009" /><testcase classname="tests.test_compliance_coverage.TestImmutableAuditLog" name="test_append_creates_record" time="0.010" /><testcase classname="tests.test_compliance_coverage.TestImmutableAuditLog" name="test_sequence_increments" time="0.010" /><testcase classname="tests.test_compliance_coverage.TestImmutableAuditLog" name="test_hash_chain_changes_each_record" time="0.011" /><testcase classname="tests.test_compliance_coverage.TestImmutableAuditLog" name="test_verify_integrity_empty" time="0.011" /><testcase classname="tests.test_compliance_coverage.TestImmutableAuditLog" name="test_verify_integrity_valid" time="0.014" /><testcase classname="tests.test_compliance_coverage.TestImmutableAuditLog" name="test_verify_integrity_tampered" time="0.017" /><testcase classname="tests.test_compliance_coverage.TestImmutableAuditLog" name="test_export_for_regulator" time="0.011" /><testcase classname="tests.test_compliance_coverage.TestImmutableAuditLog" name="test_export_for_regulator_date_filter" time="0.011" /><testcase classname="tests.test_compliance_coverage.TestImmutableAuditLog" name="test_persist_record_sync_write" time="0.010" /><testcase classname="tests.test_compliance_coverage.TestImmutableAuditLog" name="test_audit_level_values" time="0.011" /><testcase classname="tests.test_compliance_coverage.TestTradeReporting" name="test_report_trade_logs_to_audit" time="0.010" /><testcase classname="tests.test_compliance_coverage.TestTradeReporting" name="test_requires_immediate_reporting_large_trade" time="0.011" /><testcase classname="tests.test_compliance_coverage.TestTradeReporting" name="test_requires_immediate_reporting_small_trade" time="0.011" /><testcase classname="tests.test_compliance_coverage.TestTradeReporting" name="test_requires_immediate_reporting_suspicious" time="0.010" /><testcase classname="tests.test_compliance_coverage.TestTradeReporting" name="test_generate_daily_report" time="0.012" /><testcase classname="tests.test_compliance_coverage.TestTradeReporting" name="test_load_obligations_us" time="0.010" /><testcase classname="tests.test_compliance_coverage.TestTradeReporting" name="test_load_obligations_eu" time="0.010" /><testcase classname="tests.test_compliance_coverage.TestTradeReporting" name="test_load_obligations_unknown" time="0.010" /><testcase classname="tests.test_compliance_coverage.TestTradeReporting" name="test_async_write_path" time="0.062" /><testcase classname="tests.test_compliance_coverage.TestTradeReporting" name="test_sync_write_failure_does_not_raise" time="0.013" /><testcase classname="tests.test_compliance_coverage.TestComplianceManagerNoDb" name="test_submit_kyc_returns_pending" time="0.011" /><testcase classname="tests.test_compliance_coverage.TestComplianceManagerNoDb" name="test_approve_kyc" time="0.010" /><testcase classname="tests.test_compliance_coverage.TestComplianceManagerNoDb" name="test_reject_kyc" time="0.010" /><testcase classname="tests.test_compliance_coverage.TestComplianceManagerNoDb" name="test_get_kyc_status_unverified" time="0.011" /><testcase classname="tests.test_compliance_coverage.TestComplianceManagerNoDb" name="test_is_kyc_approved_false" time="0.010" /><testcase classname="tests.test_compliance_coverage.TestComplianceManagerNoDb" name="test_is_kyc_approved_true" time="0.010" /><testcase classname="tests.test_compliance_coverage.TestComplianceManagerNoDb" name="test_log_trade_adds_to_audit" time="0.010" /><testcase classname="tests.test_compliance_coverage.TestComplianceManagerNoDb" name="test_get_audit_log_returns_entries" time="0.010" /><testcase classname="tests.test_compliance_coverage.TestComplianceManagerNoDb" name="test_get_audit_log_limit" time="0.010" /><testcase classname="tests.test_compliance_coverage.TestComplianceManagerNoDb" name="test_audit_log_has_hash_chain" time="0.010" /><testcase classname="tests.test_compliance_coverage.TestComplianceManagerNoDb" name="test_set_session_factory" time="0.010" /><testcase classname="tests.test_compliance_coverage.TestComplianceManagerNoDb" name="test_approve_kyc_nonexistent_user" time="0.010" /><testcase classname="tests.test_compliance_coverage.TestComplianceManagerNoDb" name="test_reject_kyc_nonexistent_user" time="0.010" /><testcase classname="tests.test_compliance_coverage.TestComplianceManagerNoDb" name="test_multiple_kyc_submissions_overwrite" time="0.011" /><testcase classname="tests.test_compliance_coverage.TestComplianceManagerWithDb" name="test_submit_kyc_with_db_no_existing" time="0.018" /><testcase classname="tests.test_compliance_coverage.TestComplianceManagerWithDb" name="test_submit_kyc_with_db_existing" time="0.022" /><testcase classname="tests.test_compliance_coverage.TestComplianceManagerWithDb" name="test_get_kyc_status_from_db" time="0.014" /><testcase classname="tests.test_compliance_coverage.TestComplianceManagerWithDb" name="test_db_error_falls_back_to_memory" time="0.011" /><testcase classname="tests.test_compliance_coverage.TestComplianceManagerWithDb" name="test_approve_kyc_with_db" time="0.016" /><testcase classname="tests.test_compliance_coverage.TestComplianceManagerWithDb" name="test_reject_kyc_with_db" time="0.017" /><testcase classname="tests.test_compliance_coverage.TestComplianceManagerWithDb" name="test_get_audit_log_from_db" time="0.013" /><testcase classname="tests.test_compliance_coverage.TestComplianceManagerWithDb" name="test_log_trade_with_db" time="0.013" /><testcase classname="tests.test_compliance_coverage.TestKYCApplicant" name="test_default_status_pending" time="0.010" /><testcase classname="tests.test_compliance_coverage.TestKYCApplicant" name="test_fields" time="0.010" /><testcase classname="tests.test_compliance_coverage.TestSanctionsResult" name="test_no_match" time="0.010" /><testcase classname="tests.test_compliance_coverage.TestSanctionsResult" name="test_match" time="0.010" /><testcase classname="tests.test_compliance_coverage.TestSumsubProviderHTTP" name="test_sign_returns_hex_string" time="0.013" /><testcase classname="tests.test_compliance_coverage.TestSumsubProviderHTTP" name="test_headers_has_required_keys" time="0.014" /><testcase classname="tests.test_compliance_coverage.TestSumsubProviderHTTP" name="test_create_applicant_success" time="0.032" /><testcase classname="tests.test_compliance_coverage.TestSumsubProviderHTTP" name="test_create_applicant_http_error_raises" time="0.022" /><testcase classname="tests.test_compliance_coverage.TestSumsubProviderHTTP" name="test_get_status_green" time="0.021" /><testcase classname="tests.test_compliance_coverage.TestSumsubProviderHTTP" name="test_get_status_red" time="0.021" /><testcase classname="tests.test_compliance_coverage.TestSumsubProviderHTTP" name="test_get_status_http_error_returns_pending" time="0.022" /><testcase classname="tests.test_compliance_coverage.TestSumsubProviderHTTP" name="test_get_status_no_aiohttp_returns_pending" time="0.014" /><testcase classname="tests.test_compliance_coverage.TestOnfidoProviderHTTP" name="test_headers_has_authorization" time="0.013" /><testcase classname="tests.test_compliance_coverage.TestOnfidoProviderHTTP" name="test_create_applicant_success" time="0.030" /><testcase classname="tests.test_compliance_coverage.TestOnfidoProviderHTTP" name="test_create_applicant_http_error_raises" time="0.021" /><testcase classname="tests.test_compliance_coverage.TestOnfidoProviderHTTP" name="test_get_status_clear" time="0.022" /><testcase classname="tests.test_compliance_coverage.TestOnfidoProviderHTTP" name="test_get_status_no_checks_returns_pending" time="0.022" /><testcase classname="tests.test_compliance_coverage.TestOnfidoProviderHTTP" name="test_get_status_http_error_returns_pending" time="0.021" /><testcase classname="tests.test_compliance_coverage.TestSumsubProvider" name="test_verify_webhook_valid" time="0.013" /><testcase classname="tests.test_compliance_coverage.TestSumsubProvider" name="test_verify_webhook_invalid" time="0.013" /><testcase classname="tests.test_compliance_coverage.TestSumsubProvider" name="test_parse_webhook_green" time="0.012" /><testcase classname="tests.test_compliance_coverage.TestSumsubProvider" name="test_parse_webhook_red" time="0.014" /><testcase classname="tests.test_compliance_coverage.TestSumsubProvider" name="test_parse_webhook_retry" time="0.012" /><testcase classname="tests.test_compliance_coverage.TestSumsubProvider" name="test_parse_webhook_unknown" time="0.014" /><testcase classname="tests.test_compliance_coverage.TestOnfidoProvider" name="test_verify_webhook_valid" time="0.015" /><testcase classname="tests.test_compliance_coverage.TestOnfidoProvider" name="test_verify_webhook_invalid" time="0.016" /><testcase classname="tests.test_compliance_coverage.TestOnfidoProvider" name="test_parse_webhook_clear" time="0.012" /><testcase classname="tests.test_compliance_coverage.TestOnfidoProvider" name="test_parse_webhook_consider" time="0.013" /><testcase classname="tests.test_compliance_coverage.TestOnfidoProvider" name="test_parse_webhook_unidentified" time="0.012" /><testcase classname="tests.test_compliance_coverage.TestOnfidoProvider" name="test_parse_webhook_unknown_result" time="0.015" /><testcase classname="tests.test_compliance_coverage.TestMockKYCProvider" name="test_raises_in_production" time="0.014" /><testcase classname="tests.test_compliance_coverage.TestMockKYCProvider" name="test_raises_in_staging" time="0.013" /><testcase classname="tests.test_compliance_coverage.TestMockKYCProvider" name="test_allowed_in_development" time="0.013" /><testcase classname="tests.test_compliance_coverage.TestMockKYCProvider" name="test_create_applicant_returns_pending" time="0.015" /><testcase classname="tests.test_compliance_coverage.TestMockKYCProvider" name="test_get_status_returns_approved" time="2.019" /><testcase classname="tests.test_compliance_coverage.TestMockKYCProvider" name="test_verify_webhook_always_true" time="0.015" /><testcase classname="tests.test_compliance_coverage.TestMockKYCProvider" name="test_parse_webhook_returns_approved" time="0.014" /><testcase classname="tests.test_compliance_coverage.TestLocalSDNScreener" name="test_screen_not_loaded_ci_returns_safe_default" time="0.016" /><testcase classname="tests.test_compliance_coverage.TestLocalSDNScreener" name="test_screen_loaded_no_match" time="0.014" /><testcase classname="tests.test_compliance_coverage.TestLocalSDNScreener" name="test_screen_loaded_with_match" time="0.013" /><testcase classname="tests.test_compliance_coverage.TestLocalSDNScreener" name="test_screen_not_loaded_load_fails" time="0.017" /><testcase classname="tests.test_compliance_coverage.TestKYCGateway" name="test_create_applicant_no_sanctions" time="0.022" /><testcase classname="tests.test_compliance_coverage.TestKYCGateway" name="test_create_applicant_sanctions_match_raises" time="0.028" /><testcase classname="tests.test_compliance_coverage.TestKYCGateway" name="test_create_applicant_no_name_skips_sanctions" time="0.019" /><testcase classname="tests.test_compliance_coverage.TestKYCGateway" name="test_create_applicant_with_compliance_manager" time="0.019" /><testcase classname="tests.test_compliance_coverage.TestKYCGateway" name="test_check_status_approved" time="0.019" /><testcase classname="tests.test_compliance_coverage.TestKYCGateway" name="test_check_status_rejected_updates_compliance" time="0.019" /><testcase classname="tests.test_compliance_coverage.TestKYCGateway" name="test_webhook_event_valid" time="0.019" /><testcase classname="tests.test_compliance_coverage.TestKYCGateway" name="test_webhook_event_invalid_signature" time="0.025" /><testcase classname="tests.test_compliance_coverage.TestKYCGateway" name="test_screen_sanctions_falls_back_to_local" time="0.022" /><testcase classname="tests.test_compliance_coverage.TestKYCGateway" name="test_build_provider_mock_in_dev" time="0.016" /><testcase classname="tests.test_compliance_coverage.TestKYCGateway" name="test_build_provider_unknown_raises" time="0.013" /><testcase classname="tests.test_compliance_coverage.TestKYCGateway" name="test_build_provider_mock_in_production_raises" time="0.013" /><testcase classname="tests.test_compliance_coverage.TestKYCGateway" name="test_get_kyc_gateway_singleton" time="0.015" /><testcase classname="tests.test_compliance_coverage.TestKYCGateway" name="test_init_kyc_gateway" time="0.014" /><testcase classname="tests.test_compliance_coverage.TestDeadLetterQueue" name="test_enqueue_creates_file" time="0.012" /><testcase classname="tests.test_compliance_coverage.TestDeadLetterQueue" name="test_size_after_enqueue" time="0.012" /><testcase classname="tests.test_compliance_coverage.TestDeadLetterQueue" name="test_drain_returns_entries" time="0.013" /><testcase classname="tests.test_compliance_coverage.TestDeadLetterQueue" name="test_drain_clears_queue" time="0.011" /><testcase classname="tests.test_compliance_coverage.TestDeadLetterQueue" name="test_drain_empty_returns_empty" time="0.011" /><testcase classname="tests.test_compliance_coverage.TestDeadLetterQueue" name="test_size_empty" time="0.012" /><testcase classname="tests.test_compliance_coverage.TestDeadLetterQueue" name="test_enqueue_multiple_records" time="0.014" /><testcase classname="tests.test_compliance_coverage.TestRegulatoryReporter" name="test_submit_suppressed_when_disabled" time="0.017" /><testcase classname="tests.test_compliance_coverage.TestRegulatoryReporter" name="test_submit_suppressed_in_prop_firm_mode" time="0.017" /><testcase classname="tests.test_compliance_coverage.TestRegulatoryReporter" name="test_retry_dlq_empty" time="0.011" /><testcase classname="tests.test_compliance_coverage.TestRegulatoryReporter" name="test_report_record_dataclass" time="0.012" /><testcase classname="tests.test_compliance_coverage.TestRegulatoryReporter" name="test_retry_dlq_with_entries_success" time="0.016" /><testcase classname="tests.test_compliance_coverage.TestRegulatoryReporter" name="test_retry_dlq_with_entries_failure" time="0.015" /><testcase classname="tests.test_compliance_coverage.TestRegulatoryReporterInternals" name="test_build_cftc_payload" time="0.012" /><testcase classname="tests.test_compliance_coverage.TestRegulatoryReporterInternals" name="test_build_cftc_payload_sell" time="0.010" /><testcase classname="tests.test_compliance_coverage.TestRegulatoryReporterInternals" name="test_build_cat_payload" time="0.011" /><testcase classname="tests.test_compliance_coverage.TestRegulatoryReporterInternals" name="test_build_mifid_payload" time="0.010" /><testcase classname="tests.test_compliance_coverage.TestRegulatoryReporterInternals" name="test_build_mifid_payload_sell" time="0.010" /><testcase classname="tests.test_compliance_coverage.TestRegulatoryReporterInternals" name="test_build_headers_us" time="0.010" /><testcase classname="tests.test_compliance_coverage.TestRegulatoryReporterInternals" name="test_build_headers_eu" time="0.010" /><testcase classname="tests.test_compliance_coverage.TestRegulatoryReporterInternals" name="test_http_post_exception_returns_false" time="0.013" /><testcase classname="tests.test_compliance_coverage.TestRegulatoryReporterInternals" name="test_submit_with_retry_success_first_attempt" time="0.014" /><testcase classname="tests.test_compliance_coverage.TestRegulatoryReporterInternals" name="test_submit_with_retry_all_fail_enqueues_dlq" time="0.018" /><testcase classname="tests.test_compliance_coverage.TestRegulatoryReporterInternals" name="test_submit_cftc_sdr_success" time="0.012" /><testcase classname="tests.test_compliance_coverage.TestRegulatoryReporterInternals" name="test_submit_cftc_sdr_failure" time="0.013" /><testcase classname="tests.test_compliance_coverage.TestRegulatoryReporterInternals" name="test_submit_mifid_ii_success" time="0.013" /><testcase classname="tests.test_compliance_coverage.TestRegulatoryReporterInternals" name="test_submit_enabled_us_jurisdiction" time="0.017" /><testcase classname="tests.test_compliance_coverage.TestRegulatoryReporterInternals" name="test_submit_enabled_eu_jurisdiction" time="0.018" /><testcase classname="tests.test_comprehensive.TestAuthentication" name="test_password_hash_and_verify_valid" time="0.622" /><testcase classname="tests.test_comprehensive.TestAuthentication" name="test_password_verify_invalid" time="0.624" /><testcase classname="tests.test_comprehensive.TestMarketData" name="test_cache_write_then_read_roundtrip" time="0.027" /><testcase classname="tests.test_comprehensive.TestMarketData" name="test_data_format_via_stats" time="0.015" /><testcase classname="tests.test_comprehensive.TestMarketData" name="test_get_returns_none_for_missing_key" time="0.020" /><testcase classname="tests.test_comprehensive.TestMarketData" name="test_stats_hit_count_increments_on_read" time="0.025" /><testcase classname="tests.test_comprehensive.TestTradingExecution" name="test_paper_broker_get_account_returns_balance" time="0.015" /><testcase classname="tests.test_comprehensive.TestTradingExecution" name="test_paper_broker_place_order_returns_order" time="0.019" /><testcase classname="tests.test_comprehensive.TestPortfolioManagement" name="test_position_manager_get_all_positions_returns_dict" time="0.012" /><testcase classname="tests.test_comprehensive.TestPortfolioManagement" name="test_position_manager_initial_state_empty" time="0.011" /><testcase classname="tests.test_comprehensive.TestBacktesting" name="test_engine_instantiation" time="0.013" /><testcase classname="tests.test_comprehensive.TestBacktesting" name="test_get_performance_report_returns_dict" time="0.012" /><testcase classname="tests.test_connect_to_life.TestTelegramHelper" name="test_no_op_when_token_empty" time="0.011" /><testcase classname="tests.test_connect_to_life.TestTelegramHelper" name="test_no_op_when_chat_empty" time="0.011" /><testcase classname="tests.test_connect_to_life.TestTelegramHelper" name="test_swallows_network_error" time="0.017" /><testcase classname="tests.test_connect_to_life.TestDailyReporter" name="test_does_not_send_outside_midnight_hour" time="0.011" /><testcase classname="tests.test_connect_to_life.TestDailyReporter" name="test_sends_once_at_midnight" time="0.014" /><testcase classname="tests.test_connect_to_life.TestDailyReporter" name="test_does_not_send_twice_same_day" time="0.013" /><testcase classname="tests.test_connect_to_life.TestReadStatus" name="test_returns_defaults_when_engine_none" time="0.015" /><testcase classname="tests.test_connect_to_life.TestReadStatus" name="test_returns_defaults_when_get_status_raises" time="0.015" /><testcase classname="tests.test_connect_to_life.TestReadStatus" name="test_merges_fill_count_from_trade_logger" time="0.016" /><testcase classname="tests.test_connect_to_life.TestReadStatus" name="test_returns_engine_status_when_healthy" time="0.017" /><testcase classname="tests.test_connect_to_life.TestBreachShutdown" name="test_sets_exit_code_1" time="0.020" /><testcase classname="tests.test_connect_to_life.TestBreachShutdown" name="test_sets_shutdown_event" time="0.019" /><testcase classname="tests.test_connect_to_life.TestBreachShutdown" name="test_sends_telegram_alert" time="0.016" /><testcase classname="tests.test_connect_to_life.TestCheckpoint" name="test_writes_json_file" time="0.018" /><testcase classname="tests.test_connect_to_life.TestCheckpoint" name="test_checkpoint_contains_correct_exit_code" time="0.017" /><testcase classname="tests.test_connect_to_life.TestCheckpoint" name="test_checkpoint_survives_write_error" time="0.018" /><testcase classname="tests.test_connect_to_life.TestOnEngineDone" name="test_cancelled_task_does_not_set_exit_code_1" time="0.017" /><testcase classname="tests.test_connect_to_life.TestOnEngineDone" name="test_exception_task_sets_exit_code_1_and_shutdown" time="0.016" /><testcase classname="tests.test_connect_to_life.TestOnEngineDone" name="test_normal_completion_sets_shutdown" time="0.016" /><testcase classname="tests.test_connect_to_life.TestConstants" name="test_default_dd_hard_stop_is_3_percent" time="0.010" /><testcase classname="tests.test_connect_to_life.TestConstants" name="test_poll_interval_is_positive" time="0.010" /><testcase classname="tests.test_connector_hub.TestDrawdownMonitor" name="test_no_drawdown_on_flat_equity" time="0.010" /><testcase classname="tests.test_connector_hub.TestDrawdownMonitor" name="test_drawdown_calculated_correctly" time="0.011" /><testcase classname="tests.test_connector_hub.TestDrawdownMonitor" name="test_peak_updates_on_new_high" time="0.010" /><testcase classname="tests.test_connector_hub.TestDrawdownMonitor" name="test_daily_drawdown_property" time="0.011" /><testcase classname="tests.test_connector_hub.TestEventBus" name="test_local_fallback_publish_subscribe" time="0.021" /><testcase classname="tests.test_connector_hub.TestEventBus" name="test_publish_retries_then_falls_back" time="0.020" /><testcase classname="tests.test_connector_hub.TestEventBus" name="test_metrics_increments_on_publish" time="0.014" /><testcase classname="tests.test_connector_hub.TestTickValidation" name="test_valid_tick_passes" time="0.010" /><testcase classname="tests.test_connector_hub.TestTickValidation" name="test_zero_bid_rejected" time="0.011" /><testcase classname="tests.test_connector_hub.TestTickValidation" name="test_inverted_spread_rejected" time="0.012" /><testcase classname="tests.test_connector_hub.TestTickValidation" name="test_excessive_spread_rejected" time="0.011" /><testcase classname="tests.test_connector_hub.TestTickValidation" name="test_equal_bid_ask_rejected" time="0.011" /><testcase classname="tests.test_connector_hub.TestStalenessGuard" name="test_no_breach_when_fresh" time="0.013" /><testcase classname="tests.test_connector_hub.TestStalenessGuard" name="test_breach_fires_when_stale" time="0.015" /><testcase classname="tests.test_connector_hub.TestOHLCVBuffer" name="test_bar_not_closed_before_ticks_per_bar" time="0.010" /><testcase classname="tests.test_connector_hub.TestOHLCVBuffer" name="test_bar_closes_on_nth_tick" time="0.010" /><testcase classname="tests.test_connector_hub.TestOHLCVBuffer" name="test_ohlcv_values_correct" time="0.017" /><testcase classname="tests.test_connector_hub.TestOHLCVBuffer" name="test_not_ready_below_min_bars" time="0.010" /><testcase classname="tests.test_connector_hub.TestOHLCVBuffer" name="test_ema_cross_sign" time="0.010" /><testcase classname="tests.test_connector_hub.TestMLPredictorFallback" name="test_ema_buy_when_cross_positive" time="0.010" /><testcase classname="tests.test_connector_hub.TestMLPredictorFallback" name="test_ema_sell_when_cross_negative" time="0.011" /><testcase classname="tests.test_connector_hub.TestMLPredictorFallback" name="test_hold_when_cross_zero" time="0.010" /><testcase classname="tests.test_connector_hub.TestGatekeeperChecks" name="test_clean_signal_passes_all_checks" time="0.011" /><testcase classname="tests.test_connector_hub.TestGatekeeperChecks" name="test_kill_switch_blocks_immediately" time="0.010" /><testcase classname="tests.test_connector_hub.TestGatekeeperChecks" name="test_daily_dd_breach_blocks" time="0.011" /><testcase classname="tests.test_connector_hub.TestGatekeeperChecks" name="test_low_confidence_blocks" time="0.010" /><testcase classname="tests.test_connector_hub.TestGatekeeperChecks" name="test_daily_trade_cap_blocks" time="0.010" /><testcase classname="tests.test_connector_hub.TestGatekeeperChecks" name="test_news_blackout_blocks" time="0.011" /><testcase classname="tests.test_connector_hub.TestFaultGuard" name="test_closed_by_default" time="0.014" /><testcase classname="tests.test_connector_hub.TestFaultGuard" name="test_trips_after_threshold_failures" time="0.016" /><testcase classname="tests.test_connector_hub.TestFaultGuard" name="test_recovers_to_half_open_after_timeout" time="0.019" /><testcase classname="tests.test_connector_hub.TestFaultGuard" name="test_heartbeat_resets_age" time="0.013" /><testcase classname="tests.test_connector_hub.TestFaultGuard" name="test_stale_heartbeat_publishes_breach" time="0.016" /><testcase classname="tests.test_connector_hub.TestNewsCalendarFeed" name="test_parse_forexfactory_filters_low_impact" time="0.011" /><testcase classname="tests.test_connector_hub.TestNewsCalendarFeed" name="test_parse_forexfactory_bad_date_skipped" time="0.011" /><testcase classname="tests.test_connector_hub.TestNewsCalendarFeed" name="test_static_fallback_returns_events" time="0.011" /><testcase classname="tests.test_connector_hub.TestNewsCalendarFeed" name="test_write_redis_calls_pipeline" time="0.024" /><testcase classname="tests.test_connector_hub.TestFIXRouter" name="test_halted_router_rejects_orders" time="0.014" /><testcase classname="tests.test_connector_hub.TestFIXRouter" name="test_fallback_used_when_fix_unavailable" time="0.020" /><testcase classname="tests.test_copy_trading.TestCopyRelationship" name="test_defaults" time="0.010" /><testcase classname="tests.test_copy_trading.TestCopyRelationship" name="test_custom_ratio" time="0.011" /><testcase classname="tests.test_copy_trading.TestCopyRelationship" name="test_max_allocation_stored" time="0.010" /><testcase classname="tests.test_copy_trading.TestCopyTradingEngine" name="test_start_copying_creates_relationship" time="0.010" /><testcase classname="tests.test_copy_trading.TestCopyTradingEngine" name="test_stop_copying_deactivates" time="0.010" /><testcase classname="tests.test_copy_trading.TestCopyTradingEngine" name="test_stop_copying_nonexistent_returns_false" time="0.011" /><testcase classname="tests.test_copy_trading.TestCopyTradingEngine" name="test_get_active_relationships_as_follower" time="0.009" /><testcase classname="tests.test_copy_trading.TestCopyTradingEngine" name="test_get_active_relationships_as_leader" time="0.011" /><testcase classname="tests.test_copy_trading.TestCopyTradingEngine" name="test_inactive_relationship_excluded" time="0.010" /><testcase classname="tests.test_copy_trading.TestCopyTradingEngine" name="test_sync_trade_propagates_to_followers" time="0.011" /><testcase classname="tests.test_copy_trading.TestCopyTradingEngine" name="test_sync_trade_no_followers" time="0.012" /><testcase classname="tests.test_copy_trading.TestCopyTradingEngine" name="test_sync_trade_skips_inactive" time="0.010" /><testcase classname="tests.test_copy_trading.TestCopyTradingEngine" name="test_sync_trade_copy_ids_unique" time="0.012" /><testcase classname="tests.test_copy_trading.TestCopyTradingEngine" name="test_copy_trade_proportional" time="0.013" /><testcase classname="tests.test_copy_trading.TestCopyTradingEngine" name="test_copy_trade_full_ratio_same_balance" time="0.012" /><testcase classname="tests.test_copy_trading.TestCopyTradingEngine" name="test_risk_limits_raise_exception" time="0.013" /><testcase classname="tests.test_copy_trading.TestCopyTradingEngine" name="test_leaderboard_ranking_order" time="0.011" /><testcase classname="tests.test_copy_trading.TestCopyTradingEngine" name="test_leaderboard_rank_1_has_highest_score" time="0.012" /><testcase classname="tests.test_copy_trading.TestCopyTradingEngine" name="test_leaderboard_empty_input" time="0.009" /><testcase classname="tests.test_copy_trading.TestCopyTradingEngine" name="test_leaderboard_single_trader" time="0.011" /><testcase classname="tests.test_critical_paths.TestKillSwitch" name="test_initial_state_inactive" time="0.011" /><testcase classname="tests.test_critical_paths.TestKillSwitch" name="test_activate_sets_active" time="0.018" /><testcase classname="tests.test_critical_paths.TestKillSwitch" name="test_activate_idempotent" time="0.018" /><testcase classname="tests.test_critical_paths.TestKillSwitch" name="test_deactivate_with_correct_token" time="0.021" /><testcase classname="tests.test_critical_paths.TestKillSwitch" name="test_deactivate_with_wrong_token_raises" time="0.018" /><testcase classname="tests.test_critical_paths.TestKillSwitch" name="test_deactivate_no_token_configured_raises" time="0.018" /><testcase classname="tests.test_critical_paths.TestKillSwitch" name="test_callback_called_on_activate" time="0.019" /><testcase classname="tests.test_critical_paths.TestKillSwitch" name="test_status_dict" time="0.011" /><testcase classname="tests.test_critical_paths.TestKillSwitch" name="test_reset_for_testing" time="0.020" /><testcase classname="tests.test_critical_paths.TestKillSwitch" name="test_flag_file_written_on_activate" time="0.018" /><testcase classname="tests.test_critical_paths.TestKillSwitch" name="test_start_stop" time="0.117" /><testcase classname="tests.test_critical_paths.TestKillSwitch" name="test_poll_detects_flag_file" time="0.212" /><testcase classname="tests.test_critical_paths.TestAlmgrenChriss" name="test_estimate_basic" time="0.005" /><testcase classname="tests.test_critical_paths.TestAlmgrenChriss" name="test_fill_price_buy_higher" time="0.005" /><testcase classname="tests.test_critical_paths.TestAlmgrenChriss" name="test_zero_adv_spread_only" time="0.005" /><testcase classname="tests.test_critical_paths.TestAlmgrenChriss" name="test_fill_simulator_partial_fill" time="0.006" /><testcase classname="tests.test_critical_paths.TestAlmgrenChriss" name="test_fill_simulator_price_clamped_to_bar" time="0.006" /><testcase classname="tests.test_critical_paths.TestAlmgrenChriss" name="test_fill_simulator_sell_clamped" time="0.005" /><testcase classname="tests.test_critical_paths.TestAlgoOrders" name="test_twap_completes" time="0.421" /><testcase classname="tests.test_critical_paths.TestAlgoOrders" name="test_iceberg_completes" time="0.050" /><testcase classname="tests.test_critical_paths.TestAlgoOrders" name="test_vwap_completes" time="0.388" /><testcase classname="tests.test_critical_paths.TestAlgoOrders" name="test_algo_manager_submit_auto_small_order" time="0.006" /><testcase classname="tests.test_critical_paths.TestAlgoOrders" name="test_algo_manager_cancel" time="1.060" /><testcase classname="tests.test_critical_paths.TestRiskCircuitBreakers" name="test_circuit_breaker_import" time="0.005" /><testcase classname="tests.test_critical_paths.TestRiskCircuitBreakers" name="test_drawdown_tracker_import" time="0.005" /><testcase classname="tests.test_critical_paths.TestRiskCircuitBreakers" name="test_position_sizing_import" time="0.004" /><testcase classname="tests.test_critical_paths.TestRiskCircuitBreakers" name="test_gatekeeper_import" time="0.006" /><testcase classname="tests.test_critical_paths.TestCompliance" name="test_aml_gate_single_cap" time="0.016" /><testcase classname="tests.test_critical_paths.TestCompliance" name="test_aml_gate_kyc_required" time="0.011" /><testcase classname="tests.test_critical_paths.TestCompliance" name="test_aml_gate_allows_small_approved" time="0.006" /><testcase classname="tests.test_critical_paths.TestCompliance" name="test_compliance_manager_kyc_flow" time="0.004" /><testcase classname="tests.test_critical_paths.TestCompliance" name="test_compliance_manager_audit_log" time="0.005" /><testcase classname="tests.test_critical_paths.TestCompliance" name="test_kyc_gateway_dev_provider" time="0.016" /><testcase classname="tests.test_critical_paths.TestCompliance" name="test_kyc_gateway_sanctions_screen_no_match" time="0.014" /><testcase classname="tests.test_critical_paths.TestCompliance" name="test_kyc_gateway_webhook_verified" time="0.013" /><testcase classname="tests.test_critical_paths.TestMonteCarlo" name="test_run_returns_result" time="0.027" /><testcase classname="tests.test_critical_paths.TestMonteCarlo" name="test_ruin_probability_range" time="0.045" /><testcase classname="tests.test_critical_paths.TestMonteCarlo" name="test_sharpe_positive_fraction" time="0.037" /><testcase classname="tests.test_critical_paths.TestMonteCarlo" name="test_block_bootstrap" time="0.027" /><testcase classname="tests.test_critical_paths.TestMonteCarlo" name="test_empty_pnls_returns_empty" time="0.006" /><testcase classname="tests.test_critical_paths.TestMonteCarlo" name="test_run_bootstrap_convenience" time="0.028" /><testcase classname="tests.test_critical_paths.TestMonteCarlo" name="test_summary_dict_keys" time="0.016" /><testcase classname="tests.test_critical_paths.TestSharpeCircuitBreaker" name="test_circuit_closed_initially" time="0.006" /><testcase classname="tests.test_critical_paths.TestSharpeCircuitBreaker" name="test_record_trade_and_evaluate" time="0.007" /><testcase classname="tests.test_critical_paths.TestSharpeCircuitBreaker" name="test_circuit_trips_on_bad_sharpe" time="0.019" /><testcase classname="tests.test_critical_paths.TestSharpeCircuitBreaker" name="test_manual_reset" time="0.006" /><testcase classname="tests.test_critical_paths.TestSharpeCircuitBreaker" name="test_get_status" time="0.006" /><testcase classname="tests.test_cvar_order_gate" name="test_cvar_allowed_when_insufficient_history" time="0.007" /><testcase classname="tests.test_cvar_order_gate" name="test_cvar_allowed_when_within_limit" time="0.007" /><testcase classname="tests.test_cvar_order_gate" name="test_cvar_blocked_when_limit_breached" time="0.007" /><testcase classname="tests.test_cvar_order_gate" name="test_cvar_gate_disabled_when_limit_zero" time="0.007" /><testcase classname="tests.test_cvar_order_gate" name="test_cvar_gate_blocked_when_trading_halted" time="0.006" /><testcase classname="tests.test_cvar_order_gate" name="test_compute_cvar_value" time="0.007" /><testcase classname="tests.test_cvar_order_gate" name="test_assess_risk_blocks_on_cvar_breach" time="0.008" /><testcase classname="tests.test_data_layer.TestNuclearStreamerDedup" name="test_duplicate_discarded" time="0.007" /><testcase classname="tests.test_data_layer.TestNuclearStreamerDedup" name="test_different_price_passes" time="0.008" /><testcase classname="tests.test_data_layer.TestNuclearStreamerDedup" name="test_different_source_passes" time="0.006" /><testcase classname="tests.test_data_layer.TestNuclearStreamerDedup" name="test_multiple_duplicates_counted" time="0.007" /><testcase classname="tests.test_data_layer.TestNuclearStreamerGap" name="test_gap_detected" time="0.008" /><testcase classname="tests.test_data_layer.TestNuclearStreamerGap" name="test_consecutive_no_gap" time="0.006" /><testcase classname="tests.test_data_layer.TestNuclearStreamerGap" name="test_out_of_order_discarded" time="0.008" /><testcase classname="tests.test_data_layer.TestNuclearStreamerGap" name="test_no_sequence_no_gap" time="0.006" /><testcase classname="tests.test_data_layer.TestNuclearStreamerHistogram" name="test_samples_recorded" time="0.007" /><testcase classname="tests.test_data_layer.TestNuclearStreamerHistogram" name="test_percentile_float" time="0.008" /><testcase classname="tests.test_data_layer.TestNuclearStreamerHistogram" name="test_percentile_none_no_samples" time="0.006" /><testcase classname="tests.test_data_layer.TestNuclearStreamerHistogram" name="test_snapshot_keys" time="0.007" /><testcase classname="tests.test_data_layer.TestNuclearStreamerHistogram" name="test_status_has_histogram" time="0.006" /><testcase classname="tests.test_data_layer.TestL2OrderBook" name="test_apply_bid" time="0.006" /><testcase classname="tests.test_data_layer.TestL2OrderBook" name="test_apply_ask" time="0.005" /><testcase classname="tests.test_data_layer.TestL2OrderBook" name="test_remove_level_size_zero" time="0.005" /><testcase classname="tests.test_data_layer.TestL2OrderBook" name="test_mid_price" time="0.005" /><testcase classname="tests.test_data_layer.TestL2OrderBook" name="test_spread" time="0.005" /><testcase classname="tests.test_data_layer.TestL2OrderBook" name="test_depth_imbalance_equal" time="0.005" /><testcase classname="tests.test_data_layer.TestL2OrderBook" name="test_to_dict_keys" time="0.006" /><testcase classname="tests.test_data_layer.TestL2BookAggregator" name="test_consolidated_merges_exchanges" time="0.006" /><testcase classname="tests.test_data_layer.TestL2BookAggregator" name="test_sizes_summed_same_price" time="0.005" /><testcase classname="tests.test_data_layer.TestL2BookAggregator" name="test_symbols_list" time="0.005" /><testcase classname="tests.test_data_layer.TestTradeClassifier" name="test_buy_above_mid" time="0.005" /><testcase classname="tests.test_data_layer.TestTradeClassifier" name="test_sell_below_mid" time="0.005" /><testcase classname="tests.test_data_layer.TestTradeClassifier" name="test_tick_test_uptick" time="0.005" /><testcase classname="tests.test_data_layer.TestTradeClassifier" name="test_tick_test_downtick" time="0.006" /><testcase classname="tests.test_data_layer.TestTradeClassifier" name="test_reset_clears_state" time="0.006" /><testcase classname="tests.test_data_layer.TestTickNormalizationPipeline" name="test_valid_passes" time="0.005" /><testcase classname="tests.test_data_layer.TestTickNormalizationPipeline" name="test_spread_clamp_rejects" time="0.006" /><testcase classname="tests.test_data_layer.TestTickNormalizationPipeline" name="test_stale_rejected" time="0.006" /><testcase classname="tests.test_data_layer.TestTickNormalizationPipeline" name="test_stats_acceptance_rate" time="0.005" /><testcase classname="tests.test_data_layer.TestFeedHandlerIntegration" name="test_l2_update_and_consolidated" time="0.006" /><testcase classname="tests.test_data_layer.TestFeedHandlerIntegration" name="test_pipeline_stats_keys" time="0.007" /><testcase classname="tests.test_data_layer.TestFeedHandlerIntegration" name="test_buy_sell_ratio_empty" time="0.005" /><testcase classname="tests.test_data_layer.TestMarketDataCacheTTL" name="test_set_and_get_with_ttl" time="0.012" /><testcase classname="tests.test_data_layer.TestMarketDataCacheTTL" name="test_get_with_ttl_miss" time="0.010" /><testcase classname="tests.test_data_layer.TestMarketDataCacheTTL" name="test_invalidate_key" time="0.010" /><testcase classname="tests.test_data_layer.TestMarketDataCacheTTL" name="test_invalidate_missing_returns_false" time="0.009" /><testcase classname="tests.test_data_layer.TestMarketDataCacheTTL" name="test_store_tick_and_retrieve" time="0.011" /><testcase classname="tests.test_data_layer.TestMarketDataCacheTTL" name="test_store_bar_and_retrieve" time="0.014" /><testcase classname="tests.test_data_layer.TestMarketDataCacheStampede" name="test_get_or_compute_calls_fn_once" time="0.014" /><testcase classname="tests.test_data_layer.TestMarketDataCacheStampede" name="test_get_or_compute_returns_none_on_error" time="0.018" /><testcase classname="tests.test_data_layer.TestMarketDataCacheHotKey" name="test_hot_key_detected" time="0.009" /><testcase classname="tests.test_data_layer.TestMarketDataCacheHotKey" name="test_hot_key_report_sorted" time="0.007" /><testcase classname="tests.test_data_layer.TestMarketDataCacheHotKey" name="test_low_access_not_hot" time="0.006" /><testcase classname="tests.test_data_layer.TestTickPublisher" name="test_publish_returns_id" time="0.015" /><testcase classname="tests.test_data_layer.TestTickPublisher" name="test_publish_increments_count" time="0.012" /><testcase classname="tests.test_data_layer.TestTickPublisher" name="test_publish_batch" time="0.012" /><testcase classname="tests.test_data_layer.TestTickPublisher" name="test_publish_not_connected_raises" time="0.007" /><testcase classname="tests.test_data_layer.TestTickPublisher" name="test_stats_keys" time="0.009" /><testcase classname="tests.test_data_layer.TestTickConsumerFieldParsing" name="test_numeric_coercion" time="0.006" /><testcase classname="tests.test_data_layer.TestTickConsumerFieldParsing" name="test_internal_fields_excluded" time="0.006" /><testcase classname="tests.test_data_layer.TestTickConsumerFieldParsing" name="test_empty_string_becomes_none" time="0.006" /><testcase classname="tests.test_data_layer.TestTickConsumerFieldParsing" name="test_json_nested_decoded" time="0.005" /><testcase classname="tests.test_data_layer.TestOHLCVBuilder" name="test_bar_opens_on_first_tick" time="0.009" /><testcase classname="tests.test_data_layer.TestOHLCVBuilder" name="test_bar_high_low_tracked" time="0.006" /><testcase classname="tests.test_data_layer.TestOHLCVBuilder" name="test_bar_closes_on_boundary" time="0.006" /><testcase classname="tests.test_data_layer.TestOHLCVBuilder" name="test_vwap_computed" time="0.008" /><testcase classname="tests.test_data_layer.TestOHLCVBuilder" name="test_buy_sell_volume_tracked" time="0.007" /><testcase classname="tests.test_data_layer.TestOHLCVBuilder" name="test_gap_fill_bars_emitted" time="0.006" /><testcase classname="tests.test_data_layer.TestOHLCVBuilder" name="test_flush_closes_open_bars" time="0.006" /><testcase classname="tests.test_data_layer.TestOHLCVBuilder" name="test_multiple_timeframes" time="0.008" /><testcase classname="tests.test_data_layer.TestOHLCVBuilder" name="test_stats_keys" time="0.006" /><testcase classname="tests.test_data_layer.TestOHLCVBuilder" name="test_bar_to_dict" time="0.007" /><testcase classname="tests.test_data_layer.TestAsyncConnectionPool" name="test_health_check_healthy" time="0.019" /><testcase classname="tests.test_data_layer.TestAsyncConnectionPool" name="test_context_manager" time="0.013" /><testcase classname="tests.test_data_layer.TestAsyncConnectionPool" name="test_metrics_recorded" time="0.014" /><testcase classname="tests.test_data_layer.TestAsyncConnectionPool" name="test_url_redaction" time="0.005" /><testcase classname="tests.test_data_layer.TestAsyncConnectionPool" name="test_pool_metrics_percentiles" time="0.006" /><testcase classname="tests.test_data_layer.TestAsyncHealthMonitor" name="test_monitor_runs_and_reports" time="0.211" /><testcase classname="tests.test_data_layer.TestAsyncHealthMonitor" name="test_is_healthy_property" time="0.160" /><testcase classname="tests.test_data_layer.TestTradeRepository" name="test_create_and_get" time="1.490" /><testcase classname="tests.test_data_layer.TestTradeRepository" name="test_get_open_trades" time="1.246" /><testcase classname="tests.test_data_layer.TestTradeRepository" name="test_pnl_summary_empty" time="1.316" /><testcase classname="tests.test_data_layer.TestTradeRepository" name="test_count" time="1.300" /><testcase classname="tests.test_data_layer.TestMarketDataRepository" name="test_upsert_and_get" time="1.334" /><testcase classname="tests.test_data_layer.TestMarketDataRepository" name="test_upsert_updates_existing" time="1.355" /><testcase classname="tests.test_data_layer.TestMarketDataRepository" name="test_get_latest_bar" time="1.134" /><testcase classname="tests.test_data_layer.TestPositionRepository" name="test_create_and_get_open" time="1.354" /><testcase classname="tests.test_data_layer.TestPositionRepository" name="test_portfolio_summary" time="1.178" /><testcase classname="tests.test_data_layer.TestSignalRepository" name="test_create_and_get_pending" time="1.226" /><testcase classname="tests.test_data_layer.TestSignalRepository" name="test_mark_executed" time="1.419" /><testcase classname="tests.test_deployment_gates.TestKillSwitchGate" name="test_active_kill_switch_raises_503" time="0.011" /><testcase classname="tests.test_deployment_gates.TestKillSwitchGate" name="test_inactive_kill_switch_does_not_raise" time="0.006" /><testcase classname="tests.test_deployment_gates.TestKillSwitchGate" name="test_kill_switch_checked_before_rate_limit" time="0.010" /><testcase classname="tests.test_deployment_gates.TestSharpeGate" name="test_gate_not_passed_blocks_live_orders" time="0.006" /><testcase classname="tests.test_deployment_gates.TestSharpeGate" name="test_gate_passed_allows_live_orders" time="0.007" /><testcase classname="tests.test_deployment_gates.TestSharpeGate" name="test_missing_meta_file_blocks_live_orders" time="0.006" /><testcase classname="tests.test_deployment_gates.TestSharpeGate" name="test_gate_detail_includes_trade_count" time="0.007" /><testcase classname="tests.test_deployment_gates.TestCIModelGuard" name="test_ci_model_blocks_live_orders" time="0.006" /><testcase classname="tests.test_deployment_gates.TestCIModelGuard" name="test_production_model_allows_live_orders" time="0.007" /><testcase classname="tests.test_deployment_gates.TestCIModelGuard" name="test_ci_mode_written_to_meta_when_ci_flag_set" time="0.008" /><testcase classname="tests.test_deployment_gates.TestCIModelGuard" name="test_ci_mode_false_when_ci_flag_unset" time="0.009" /><testcase classname="tests.test_deployment_gates.TestGateBypass" name="test_paper_trading_bypasses_sharpe_gate" time="0.007" /><testcase classname="tests.test_deployment_gates.TestGateBypass" name="test_test_env_bypasses_sharpe_gate" time="0.007" /><testcase classname="tests.test_deployment_gates.TestGateBypass" name="test_paper_trading_bypasses_ci_guard" time="0.007" /><testcase classname="tests.test_deployment_gates.TestMetaCaching" name="test_cache_avoids_repeated_disk_reads" time="0.006" /><testcase classname="tests.test_e2e_wiring.TestStartupValidator" name="test_dev_mode_passes_with_only_jwt_secret" time="0.005" /><testcase classname="tests.test_e2e_wiring.TestStartupValidator" name="test_production_mode_rejects_missing_db_and_redis" time="0.007" /><testcase classname="tests.test_e2e_wiring.TestStartupValidator" name="test_placeholder_jwt_secret_rejected" time="0.006" /><testcase classname="tests.test_e2e_wiring.TestStartupValidator" name="test_jwt_secret_key_alias_accepted" time="0.005" /><testcase classname="tests.test_e2e_wiring.TestRouterPrefixes" name="test_auth_router_prefix" time="0.009" /><testcase classname="tests.test_e2e_wiring.TestRouterPrefixes" name="test_ml_router_prefix" time="0.006" /><testcase classname="tests.test_e2e_wiring.TestRouterPrefixes" name="test_admin_router_prefix" time="0.006" /><testcase classname="tests.test_e2e_wiring.TestRouterPrefixes" name="test_social_leaderboard_route_exists" time="0.006" /><testcase classname="tests.test_e2e_wiring.TestMacroStoreWiring" name="test_update_and_snapshot" time="0.008" /><testcase classname="tests.test_e2e_wiring.TestMacroStoreWiring" name="test_align_to_hourly_forward_fills" time="0.012" /><testcase classname="tests.test_e2e_wiring.TestMacroStoreWiring" name="test_missing_series_fills_zero" time="0.007" /><testcase classname="tests.test_e2e_wiring.TestMacroStoreWiring" name="test_macro_store_api_endpoint" time="0.023" /><testcase classname="tests.test_e2e_wiring.TestMacroStoreWiring" name="test_macro_store_update_endpoint" time="0.020" /><testcase classname="tests.test_e2e_wiring.TestMacroStoreWiring" name="test_macro_features_prefers_store" time="0.020" /><testcase classname="tests.test_e2e_wiring.TestMLEndpoints" name="test_accuracy_endpoint_shape" time="0.055" /><testcase classname="tests.test_e2e_wiring.TestMLEndpoints" name="test_models_endpoint_returns_list" time="0.047" /><testcase classname="tests.test_e2e_wiring.TestMLEndpoints" name="test_predict_endpoint_fallback" time="0.054" /><testcase classname="tests.test_e2e_wiring.TestMLEndpoints" name="test_predict_normalises_symbol" time="0.052" /><testcase classname="tests.test_e2e_wiring.TestCORSSafety" name="test_wildcard_origin_not_used_with_credentials" time="0.006" /><testcase classname="tests.test_e2e_wiring.TestPreTradeGate" name="test_exception_in_gate_blocks_trade" time="0.015" /><testcase classname="tests.test_e2e_wiring.TestKillSwitch" name="test_activate_persists_to_state_file" time="0.013" /><testcase classname="tests.test_e2e_wiring.TestKillSwitch" name="test_deactivate_requires_token" time="0.010" /><testcase classname="tests.test_e2e_wiring.TestSocialLeaderboard" name="test_leaderboard_returns_ranked_list" time="0.022" /><testcase classname="tests.test_e2e_wiring.TestSocialLeaderboard" name="test_leaderboard_entry_shape" time="0.017" /><testcase classname="tests.test_e2e_wiring.TestSocialLeaderboard" name="test_leaderboard_period_param" time="0.026" /><testcase classname="tests.test_e2e_wiring.TestSocialLeaderboard" name="test_leaderboard_ranks_are_sequential" time="0.016" /><testcase classname="tests.test_e2e_wiring.TestAppImport" name="test_startup_validator_passes_in_dev_with_jwt_only" time="0.007" /><testcase classname="tests.test_e2e_wiring.TestAppImport" name="test_all_api_routers_importable" time="0.005" /><testcase classname="tests.test_execution.TestPaperExecutor" name="test_initial_state" time="0.007" /><testcase classname="tests.test_execution.TestPaperExecutor" name="test_buy_order" time="0.005" /><testcase classname="tests.test_execution.TestPaperExecutor" name="test_sell_without_position" time="0.004" /><testcase classname="tests.test_execution.TestPaperExecutor" name="test_buy_and_sell" time="0.005" /><testcase classname="tests.test_execution.TestPaperExecutor" name="test_slippage_calculation" time="0.004" /><testcase classname="tests.test_execution.TestPaperExecutor" name="test_commission_calculation" time="0.010" /><testcase classname="tests.test_execution.TestPaperExecutor" name="test_insufficient_balance" time="0.006" /><testcase classname="tests.test_execution.TestPaperExecutor" name="test_position_tracking" time="0.005" /><testcase classname="tests.test_execution.TestPaperExecutor" name="test_unrealized_pnl" time="0.006" /><testcase classname="tests.test_execution.TestPaperExecutor" name="test_close_all_positions" time="0.008" /><testcase classname="tests.test_execution.TestPaperExecutor" name="test_order_history" time="0.005" /><testcase classname="tests.test_execution.TestPaperExecutor" name="test_limit_order_pending" time="0.006" /><testcase classname="tests.test_execution.TestSmartOrderRouter" name="test_register_broker" time="0.009" /><testcase classname="tests.test_execution.TestSmartOrderRouter" name="test_route_without_brokers" time="0.005" /><testcase classname="tests.test_execution_engine.TestExecutionRequest" name="test_valid_buy_market" time="0.005" /><testcase classname="tests.test_execution_engine.TestExecutionRequest" name="test_valid_sell_limit" time="0.005" /><testcase classname="tests.test_execution_engine.TestExecutionRequest" name="test_invalid_side_raises" time="0.005" /><testcase classname="tests.test_execution_engine.TestExecutionRequest" name="test_zero_quantity_raises" time="0.006" /><testcase classname="tests.test_execution_engine.TestExecutionRequest" name="test_negative_quantity_raises" time="0.006" /><testcase classname="tests.test_execution_engine.TestExecutionRequest" name="test_limit_without_price_raises" time="0.006" /><testcase classname="tests.test_execution_engine.TestExecutionRequest" name="test_stop_without_stop_price_raises" time="0.005" /><testcase classname="tests.test_execution_engine.TestExecutionRequest" name="test_invalid_order_type_raises" time="0.006" /><testcase classname="tests.test_execution_engine.TestEngineCircuitBreaker" name="test_opens_after_max_failures" time="0.008" /><testcase classname="tests.test_execution_engine.TestEngineCircuitBreaker" name="test_check_raises_when_open" time="0.008" /><testcase classname="tests.test_execution_engine.TestEngineCircuitBreaker" name="test_resets_on_success" time="0.007" /><testcase classname="tests.test_execution_engine.TestEngineCircuitBreaker" name="test_check_passes_when_closed" time="0.006" /><testcase classname="tests.test_execution_engine.TestEngineCircuitBreaker" name="test_failures_outside_window_not_counted" time="0.206" /><testcase classname="tests.test_execution_engine.TestExecutionEngine" name="test_successful_execution" time="0.024" /><testcase classname="tests.test_execution_engine.TestExecutionEngine" name="test_kill_switch_blocks" time="0.013" /><testcase classname="tests.test_execution_engine.TestExecutionEngine" name="test_engine_stopped_blocks" time="0.010" /><testcase classname="tests.test_execution_engine.TestExecutionEngine" name="test_circuit_breaker_blocks_after_failures" time="0.052" /><testcase classname="tests.test_execution_engine.TestExecutionEngine" name="test_pre_trade_gate_blocks_halted_trading" time="0.012" /><testcase classname="tests.test_execution_engine.TestExecutionEngine" name="test_fill_callback_invoked" time="0.023" /><testcase classname="tests.test_execution_engine.TestExecutionEngine" name="test_metrics_updated_on_fill" time="0.022" /><testcase classname="tests.test_execution_engine.TestExecutionEngine" name="test_broker_error_returns_error_report" time="0.029" /><testcase classname="tests.test_execution_engine.TestExecutionEngine" name="test_never_raises_to_caller" time="0.029" /><testcase classname="tests.test_execution_missing.TestCircuitBreakerBasic" name="test_initial_state_closed" time="0.006" /><testcase classname="tests.test_execution_missing.TestCircuitBreakerBasic" name="test_success_stays_closed" time="0.008" /><testcase classname="tests.test_execution_missing.TestCircuitBreakerBasic" name="test_failures_open_circuit" time="0.009" /><testcase classname="tests.test_execution_missing.TestCircuitBreakerBasic" name="test_open_raises_circuit_open_error" time="0.009" /><testcase classname="tests.test_execution_missing.TestCircuitBreakerBasic" name="test_half_open_success_closes" time="0.029" /><testcase classname="tests.test_execution_missing.TestCircuitBreakerBasic" name="test_half_open_failure_reopens" time="0.027" /><testcase classname="tests.test_execution_missing.TestCircuitBreakerBasic" name="test_record_success_resets_failure_count" time="0.007" /><testcase classname="tests.test_execution_missing.TestCircuitBreakerBasic" name="test_status_dict_keys" time="0.007" /><testcase classname="tests.test_execution_missing.TestCircuitBreakerBasic" name="test_async_callable_forwarded" time="0.007" /><testcase classname="tests.test_execution_missing.TestClassifyError" name="test_timeout" time="0.006" /><testcase classname="tests.test_execution_missing.TestClassifyError" name="test_connection" time="0.006" /><testcase classname="tests.test_execution_missing.TestClassifyError" name="test_auth" time="0.006" /><testcase classname="tests.test_execution_missing.TestClassifyError" name="test_rejection" time="0.006" /><testcase classname="tests.test_execution_missing.TestClassifyError" name="test_unknown" time="0.005" /><testcase classname="tests.test_execution_missing.TestAlmgrenChrissModel" name="test_estimate_returns_impact" time="0.006" /><testcase classname="tests.test_execution_missing.TestAlmgrenChrissModel" name="test_zero_adv_spread_only" time="0.006" /><testcase classname="tests.test_execution_missing.TestAlmgrenChrissModel" name="test_fill_price_buy_higher" time="0.006" /><testcase classname="tests.test_execution_missing.TestAlmgrenChrissModel" name="test_fill_price_sell_lower" time="0.006" /><testcase classname="tests.test_execution_missing.TestAlmgrenChrissModel" name="test_participation_capped" time="0.007" /><testcase classname="tests.test_execution_missing.TestAlmgrenChrissModel" name="test_slippage_alias" time="0.005" /><testcase classname="tests.test_execution_missing.TestFillSimulator" name="test_full_fill_small_order" time="0.004" /><testcase classname="tests.test_execution_missing.TestFillSimulator" name="test_partial_fill_large_order" time="0.006" /><testcase classname="tests.test_execution_missing.TestFillSimulator" name="test_buy_fill_clamped_to_bar_high" time="0.004" /><testcase classname="tests.test_execution_missing.TestFillSimulator" name="test_sell_fill_clamped_to_bar_low" time="0.006" /><testcase classname="tests.test_execution_missing.TestFillSimulator" name="test_batch_simulate" time="0.006" /><testcase classname="tests.test_execution_missing.TestFillSimulator" name="test_singleton" time="0.006" /><testcase classname="tests.test_execution_missing.TestPartialFillAggregator" name="test_register_and_record" time="0.005" /><testcase classname="tests.test_execution_missing.TestPartialFillAggregator" name="test_complete_fires_callback" time="0.007" /><testcase classname="tests.test_execution_missing.TestPartialFillAggregator" name="test_unknown_parent_returns_none" time="0.008" /><testcase classname="tests.test_execution_missing.TestPartialFillAggregator" name="test_pending_count" time="0.006" /><testcase classname="tests.test_execution_missing.TestPartialFillAggregator" name="test_avg_price_weighted" time="0.006" /><testcase classname="tests.test_execution_missing.TestPartialFillAggregator" name="test_fill_pct" time="0.005" /><testcase classname="tests.test_execution_missing.TestTWAPExecutor" name="test_no_router_returns_pending" time="0.013" /><testcase classname="tests.test_execution_missing.TestTWAPExecutor" name="test_with_router_filled" time="0.014" /><testcase classname="tests.test_execution_missing.TestTWAPExecutor" name="test_router_failure_counted" time="0.015" /><testcase classname="tests.test_execution_missing.TestVWAPExecutor" name="test_no_router_returns_result" time="0.015" /><testcase classname="tests.test_execution_missing.TestVWAPExecutor" name="test_slice_weights_sum_to_one" time="0.004" /><testcase classname="tests.test_execution_missing.TestPositionTracker" name="test_add_and_get" time="0.008" /><testcase classname="tests.test_execution_missing.TestPositionTracker" name="test_update_position" time="0.011" /><testcase classname="tests.test_execution_missing.TestPositionTracker" name="test_update_missing_returns_false" time="0.006" /><testcase classname="tests.test_execution_missing.TestPositionTracker" name="test_close_position_long" time="0.007" /><testcase classname="tests.test_execution_missing.TestPositionTracker" name="test_close_position_short" time="0.007" /><testcase classname="tests.test_execution_missing.TestPositionTracker" name="test_close_missing_returns_none" time="0.006" /><testcase classname="tests.test_execution_missing.TestPositionTracker" name="test_update_prices" time="0.006" /><testcase classname="tests.test_execution_missing.TestPositionTracker" name="test_get_exposure" time="0.007" /><testcase classname="tests.test_execution_missing.TestPositionTracker" name="test_get_total_pnl" time="0.007" /><testcase classname="tests.test_execution_missing.TestPositionTracker" name="test_position_update_price_long" time="0.004" /><testcase classname="tests.test_execution_missing.TestPositionTracker" name="test_position_market_value" time="0.012" /><testcase classname="tests.test_execution_missing.TestSpreadMonitor" name="test_on_tick_returns_snapshot" time="0.005" /><testcase classname="tests.test_execution_missing.TestSpreadMonitor" name="test_invalid_tick_skipped" time="0.006" /><testcase classname="tests.test_execution_missing.TestSpreadMonitor" name="test_crossed_market_skipped" time="0.008" /><testcase classname="tests.test_execution_missing.TestSpreadMonitor" name="test_spike_detected_absolute" time="0.004" /><testcase classname="tests.test_execution_missing.TestSpreadMonitor" name="test_no_spike_below_threshold" time="0.005" /><testcase classname="tests.test_execution_missing.TestSpreadMonitor" name="test_is_spread_spiking_insufficient_ticks" time="0.006" /><testcase classname="tests.test_execution_missing.TestSpreadMonitor" name="test_get_snapshot" time="0.006" /><testcase classname="tests.test_execution_missing.TestSpreadMonitor" name="test_get_all_snapshots" time="0.006" /><testcase classname="tests.test_execution_missing.TestSpreadMonitor" name="test_on_tick_obj_with_bid_ask" time="0.006" /><testcase classname="tests.test_execution_missing.TestSpreadMonitor" name="test_on_tick_obj_mid_fallback" time="0.006" /><testcase classname="tests.test_execution_missing.TestSpreadMonitor" name="test_singleton" time="0.005" /><testcase classname="tests.test_execution_missing.TestTCARecorder" name="test_record_signal_and_fill" time="0.021" /><testcase classname="tests.test_execution_missing.TestTCARecorder" name="test_fill_without_signal_returns_none" time="0.004" /><testcase classname="tests.test_execution_missing.TestTCARecorder" name="test_slippage_bps_buy_adverse" time="0.011" /><testcase classname="tests.test_execution_missing.TestTCARecorder" name="test_slippage_bps_sell_adverse" time="0.010" /><testcase classname="tests.test_execution_missing.TestTCARecorder" name="test_get_report" time="0.036" /><testcase classname="tests.test_execution_missing.TestTCARecorder" name="test_get_recent_records" time="0.012" /><testcase classname="tests.test_execution_missing.TestTCARecorder" name="test_is_fill_quality_degraded_false_initially" time="0.005" /><testcase classname="tests.test_execution_missing.TestTCARecorder" name="test_to_dict_keys" time="0.010" /><testcase classname="tests.test_execution_missing.TestTCARecorder" name="test_singleton" time="0.005" /><testcase classname="tests.test_execution_missing.TestThrottler" name="test_can_send_initially" time="0.004" /><testcase classname="tests.test_execution_missing.TestThrottler" name="test_record_and_status" time="0.005" /><testcase classname="tests.test_execution_missing.TestThrottler" name="test_exceeds_per_second_throttles" time="0.006" /><testcase classname="tests.test_execution_missing.TestThrottler" name="test_throttle_level_normal" time="0.005" /><testcase classname="tests.test_execution_missing.TestThrottler" name="test_status_keys" time="0.006" /><testcase classname="tests.test_ibkr_broker.TestIBKRConfig" name="test_valid_paper_port" time="0.005" /><testcase classname="tests.test_ibkr_broker.TestIBKRConfig" name="test_valid_live_port" time="0.006" /><testcase classname="tests.test_ibkr_broker.TestIBKRConfig" name="test_valid_gateway_paper_port" time="0.007" /><testcase classname="tests.test_ibkr_broker.TestIBKRConfig" name="test_valid_gateway_live_port" time="0.007" /><testcase classname="tests.test_ibkr_broker.TestIBKRConfig" name="test_invalid_port_raises" time="0.007" /><testcase classname="tests.test_ibkr_broker.TestIBKRConfig" name="test_invalid_port_8080_raises" time="0.007" /><testcase classname="tests.test_ibkr_broker.TestIBKRConnectorConnect" name="test_connect_success" time="0.020" /><testcase classname="tests.test_ibkr_broker.TestIBKRConnectorConnect" name="test_connect_failure_returns_false" time="0.124" /><testcase classname="tests.test_ibkr_broker.TestIBKRConnectorConnect" name="test_connect_without_ib_insync_raises_import_error" time="0.006" /><testcase classname="tests.test_ibkr_broker.TestIBKRConnectorAccountInfo" name="test_get_account_info" time="0.013" /><testcase classname="tests.test_ibkr_broker.TestIBKRConnectorAccountInfo" name="test_get_account_info_not_connected_raises" time="0.004" /><testcase classname="tests.test_ibkr_broker.TestIBKRConnectorPlaceOrder" name="test_place_market_order" time="0.014" /><testcase classname="tests.test_ibkr_broker.TestIBKRConnectorPlaceOrder" name="test_limit_order_requires_price" time="0.017" /><testcase classname="tests.test_ibkr_broker.TestIBKRConnectorPlaceOrder" name="test_kill_switch_blocks_order" time="0.013" /><testcase classname="tests.test_ibkr_broker.TestIBKRConnectorPositions" name="test_get_positions_empty" time="0.015" /><testcase classname="tests.test_ibkr_broker.TestIBKRConnectorPositions" name="test_get_positions_not_connected_returns_empty" time="0.005" /><testcase classname="tests.test_ibkr_broker.TestBrokerManager" name="test_register_and_get_active" time="0.007" /><testcase classname="tests.test_ibkr_broker.TestBrokerManager" name="test_set_active_unknown_raises" time="0.008" /><testcase classname="tests.test_ibkr_broker.TestBrokerManager" name="test_kill_switch_blocks_place_order" time="0.008" /><testcase classname="tests.test_ibkr_broker.TestBrokerManager" name="test_auto_failover_to_paper_after_failures" time="0.059" /><testcase classname="tests.test_ibkr_broker.TestBrokerManager" name="test_heartbeat_returns_health_per_broker" time="0.008" /><testcase classname="tests.test_ibkr_broker.TestBrokerManager" name="test_connect_all_calls_each_broker" time="0.008" /><testcase classname="tests.test_ibkr_fix_bridge.TestIBKRFIXConfig" name="test_is_paper_port_4002" time="0.007" /><testcase classname="tests.test_ibkr_fix_bridge.TestIBKRFIXConfig" name="test_is_paper_port_7497" time="0.005" /><testcase classname="tests.test_ibkr_fix_bridge.TestIBKRFIXConfig" name="test_is_paper_port_4001_false" time="0.005" /><testcase classname="tests.test_ibkr_fix_bridge.TestIBKRFIXConfig" name="test_is_paper_port_7496_false" time="0.005" /><testcase classname="tests.test_ibkr_fix_bridge.TestIBKRFIXConfig" name="test_generate_quickfix_cfg_contains_required_fields" time="0.006" /><testcase classname="tests.test_ibkr_fix_bridge.TestIBKRFIXConfig" name="test_generate_quickfix_cfg_creates_directories" time="0.007" /><testcase classname="tests.test_ibkr_fix_bridge.TestIBKRFIXConfig" name="test_reset_on_logon_true" time="0.006" /><testcase classname="tests.test_ibkr_fix_bridge.TestIBKRFIXConfig" name="test_reset_on_logon_false" time="0.006" /><testcase classname="tests.test_ibkr_fix_bridge.TestFromEnv" name="test_from_env_returns_bridge" time="0.005" /><testcase classname="tests.test_ibkr_fix_bridge.TestStart" name="test_start_already_started_logs_warning" time="0.009" /><testcase classname="tests.test_ibkr_fix_bridge.TestStart" name="test_start_creates_adapter_and_sets_started" time="0.012" /><testcase classname="tests.test_ibkr_fix_bridge.TestStart" name="test_start_writes_temp_config_file" time="0.012" /><testcase classname="tests.test_ibkr_fix_bridge.TestStop" name="test_stop_calls_adapter_stop" time="0.009" /><testcase classname="tests.test_ibkr_fix_bridge.TestStop" name="test_stop_when_adapter_raises_logs_error" time="0.013" /><testcase classname="tests.test_ibkr_fix_bridge.TestStop" name="test_stop_deletes_cfg_file" time="0.010" /><testcase classname="tests.test_ibkr_fix_bridge.TestStop" name="test_stop_no_adapter_no_error" time="0.004" /><testcase classname="tests.test_ibkr_fix_bridge.TestPlaceOrder" name="test_place_order_success" time="0.011" /><testcase classname="tests.test_ibkr_fix_bridge.TestPlaceOrder" name="test_place_order_not_started_raises" time="0.006" /><testcase classname="tests.test_ibkr_fix_bridge.TestPlaceOrder" name="test_place_order_kill_switch_active_raises" time="0.011" /><testcase classname="tests.test_ibkr_fix_bridge.TestPlaceOrder" name="test_place_order_kill_switch_inactive_proceeds" time="0.010" /><testcase classname="tests.test_ibkr_fix_bridge.TestPlaceOrder" name="test_place_order_adapter_exception_reraises" time="0.014" /><testcase classname="tests.test_ibkr_fix_bridge.TestPlaceOrder" name="test_place_order_circuit_breaker_checked" time="0.009" /><testcase classname="tests.test_ibkr_fix_bridge.TestMapSymbol" name="test_gold_alias_maps_to_xauusd" time="0.011" /><testcase classname="tests.test_ibkr_fix_bridge.TestMapSymbol" name="test_xau_slash_usd_maps_to_xauusd" time="0.006" /><testcase classname="tests.test_ibkr_fix_bridge.TestMapSymbol" name="test_xau_underscore_usd_maps_to_xauusd" time="0.005" /><testcase classname="tests.test_ibkr_fix_bridge.TestMapSymbol" name="test_xau_maps_to_xauusd" time="0.006" /><testcase classname="tests.test_ibkr_fix_bridge.TestMapSymbol" name="test_xauusd_passthrough" time="0.005" /><testcase classname="tests.test_ibkr_fix_bridge.TestMapSymbol" name="test_non_alias_passthrough" time="0.005" /><testcase classname="tests.test_ibkr_fix_bridge.TestMapSymbol" name="test_case_insensitive_gold" time="0.005" /><testcase classname="tests.test_ibkr_fix_bridge.TestMapSymbol" name="test_map_returns_new_object_not_same" time="0.005" /><testcase classname="tests.test_ibkr_fix_bridge.TestContextManager" name="test_enter_calls_start" time="0.013" /><testcase classname="tests.test_ibkr_fix_bridge.TestContextManager" name="test_exit_calls_stop" time="0.013" /><testcase classname="tests.test_inference_engine.TestCheckModelStaleness" name="test_disabled_when_max_age_zero" time="0.006" /><testcase classname="tests.test_inference_engine.TestCheckModelStaleness" name="test_missing_file_returns_false" time="0.006" /><testcase classname="tests.test_inference_engine.TestCheckModelStaleness" name="test_fresh_file_returns_false" time="0.007" /><testcase classname="tests.test_inference_engine.TestCheckModelStaleness" name="test_old_file_returns_true" time="0.008" /><testcase classname="tests.test_inference_engine.TestCheckFeatureDrift" name="test_no_train_stats_returns_false" time="0.006" /><testcase classname="tests.test_inference_engine.TestCheckFeatureDrift" name="test_buffer_not_full_returns_false" time="0.006" /><testcase classname="tests.test_inference_engine.TestCheckFeatureDrift" name="test_drift_detected_when_values_extreme" time="0.005" /><testcase classname="tests.test_inference_engine.TestCheckFeatureDrift" name="test_no_drift_when_values_match_training" time="0.005" /><testcase classname="tests.test_inference_engine.TestDataLayerNudge" name="test_blackout_suppresses_nudge" time="0.008" /><testcase classname="tests.test_inference_engine.TestDataLayerNudge" name="test_low_confidence_suppresses_nudge" time="0.007" /><testcase classname="tests.test_inference_engine.TestDataLayerNudge" name="test_normal_path_returns_bounded_float" time="0.006" /><testcase classname="tests.test_inference_engine.TestDataLayerNudge" name="test_import_error_returns_zero" time="0.006" /><testcase classname="tests.test_inference_engine.TestPredict" name="test_insufficient_bars_returns_neutral" time="0.007" /><testcase classname="tests.test_inference_engine.TestPredict" name="test_long_signal" time="0.062" /><testcase classname="tests.test_inference_engine.TestPredict" name="test_short_signal" time="0.022" /><testcase classname="tests.test_inference_engine.TestPredict" name="test_neutral_signal" time="0.023" /><testcase classname="tests.test_inference_engine.TestPredict" name="test_stale_model_block_raises" time="0.021" /><testcase classname="tests.test_inference_engine.TestPredict" name="test_stale_model_warn_only_returns_neutral" time="0.021" /><testcase classname="tests.test_inference_engine.TestPredict" name="test_no_predictor_returns_neutral" time="0.023" /><testcase classname="tests.test_inference_engine.TestPredict" name="test_online_learner_blend" time="0.023" /><testcase classname="tests.test_inference_engine.TestPredict" name="test_result_keys_present" time="0.023" /><testcase classname="tests.test_inference_engine.TestHealth" name="test_ok_with_available_predictor" time="0.007" /><testcase classname="tests.test_inference_engine.TestHealth" name="test_unavailable_with_no_predictor" time="0.007" /><testcase classname="tests.test_inference_engine.TestHealth" name="test_degraded_when_stale" time="0.007" /><testcase classname="tests.test_inference_engine.TestHealth" name="test_health_keys_present" time="0.008" /><testcase classname="tests.test_integration.test_full_pipeline.TestFullTradePipeline" name="test_connect_place_close_cycle" time="0.016" /><testcase classname="tests.test_integration.test_full_pipeline.TestFullTradePipeline" name="test_risk_gates_oversized_trade" time="0.014" /><testcase classname="tests.test_integration.test_full_pipeline.TestFullTradePipeline" name="test_metrics_updated_after_trade" time="0.014" /><testcase classname="tests.test_integration.test_full_pipeline.TestFullTradePipeline" name="test_risk_drawdown_within_limits" time="0.012" /><testcase classname="tests.test_integration.test_full_pipeline.TestFullTradePipeline" name="test_multiple_symbols_tracked" time="0.013" /><testcase classname="tests.test_integration_pipeline" name="test_full_buy_sell_cycle" time="0.016" /><testcase classname="tests.test_integration_pipeline" name="test_multi_symbol_positions_independent" time="0.013" /><testcase classname="tests.test_integration_pipeline" name="test_account_equity_decreases_on_loss" time="0.013" /><testcase classname="tests.test_integration_pipeline" name="test_account_equity_increases_on_profit" time="0.014" /><testcase classname="tests.test_integration_pipeline" name="test_risk_validate_trade_returns_typed_tuple" time="0.007" /><testcase classname="tests.test_integration_pipeline" name="test_risk_assess_risk_has_required_fields" time="0.020" /><testcase classname="tests.test_integration_pipeline" name="test_risk_drawdown_tracking" time="0.018" /><testcase classname="tests.test_integration_pipeline" name="test_kill_switch_starts_inactive" time="0.006" /><testcase classname="tests.test_integration_pipeline" name="test_kill_switch_activate_deactivate" time="0.010" /><testcase classname="tests.test_integration_pipeline" name="test_kill_switch_persists_across_instances" time="0.010" /><testcase classname="tests.test_integration_pipeline" name="test_kill_switch_callback_fires_on_activation" time="0.010" /><testcase classname="tests.test_integration_pipeline" name="test_kill_switch_status_dict" time="0.006" /><testcase classname="tests.test_integration_pipeline" name="test_metrics_record_trade_no_exception" time="0.004" /><testcase classname="tests.test_integration_pipeline" name="test_metrics_order_counter_increments" time="0.006" /><testcase classname="tests.test_integration_pipeline" name="test_metrics_equity_gauge_readable" time="0.005" /><testcase classname="tests.test_integration_pipeline" name="test_metrics_latency_histogram_observe" time="0.007" /><testcase classname="tests.test_integration_pipeline" name="test_email_fill_no_smtp_returns_bool" time="0.005" /><testcase classname="tests.test_integration_pipeline" name="test_email_daily_report_no_smtp_returns_bool" time="0.006" /><testcase classname="tests.test_integration_pipeline" name="test_email_risk_halt_no_smtp_returns_bool" time="0.005" /><testcase classname="tests.test_integration_pipeline" name="test_fcm_log_only_when_no_key" time="0.009" /><testcase classname="tests.test_integration_pipeline" name="test_discord_bot_skips_when_no_webhook" time="0.009" /><testcase classname="tests.test_integration_pipeline" name="test_discord_embed_has_required_keys" time="0.006" /><testcase classname="tests.test_integration_pipeline" name="test_discord_rr_ratio_computed" time="0.005" /><testcase classname="tests.test_integration_pipeline" name="test_discord_direction_emoji" time="0.006" /><testcase classname="tests.test_integration_pipeline.TestBrokerRiskIntegration" name="test_broker_connect_and_account" time="0.014" /><testcase classname="tests.test_integration_pipeline.TestBrokerRiskIntegration" name="test_place_and_track_position" time="0.017" /><testcase classname="tests.test_integration_pipeline.TestBrokerRiskIntegration" name="test_risk_manager_position_size" time="0.015" /><testcase classname="tests.test_integration_pipeline.TestBrokerRiskIntegration" name="test_risk_manager_validate_trade" time="0.006" /><testcase classname="tests.test_integration_pipeline.TestBrokerRiskIntegration" name="test_risk_manager_drawdown_check" time="0.007" /><testcase classname="tests.test_integration_pipeline.TestBrokerRiskIntegration" name="test_risk_manager_kill_switch_inactive_by_default" time="0.006" /><testcase classname="tests.test_integration_pipeline.TestBrokerRiskIntegration" name="test_broker_close_position" time="0.014" /><testcase classname="tests.test_integration_pipeline.TestMetricsRegistryIntegration" name="test_counter_increments" time="0.005" /><testcase classname="tests.test_integration_pipeline.TestMetricsRegistryIntegration" name="test_gauge_set_and_get" time="0.006" /><testcase classname="tests.test_integration_pipeline.TestMetricsRegistryIntegration" name="test_histogram_observe" time="0.006" /><testcase classname="tests.test_integration_pipeline.TestMetricsRegistryIntegration" name="test_prometheus_export_contains_metric_names" time="0.007" /><testcase classname="tests.test_integration_pipeline.TestMetricsRegistryIntegration" name="test_grafana_metrics_all_registered" time="0.006" /><testcase classname="tests.test_integration_pipeline.TestKillSwitchIntegration" name="test_inactive_by_default" time="0.006" /><testcase classname="tests.test_integration_pipeline.TestKillSwitchIntegration" name="test_activate_and_check" time="0.007" /><testcase classname="tests.test_integration_pipeline.TestKillSwitchIntegration" name="test_deactivate_restores_state" time="0.010" /><testcase classname="tests.test_integration_pipeline.TestKillSwitchIntegration" name="test_status_dict_structure" time="0.005" /><testcase classname="tests.test_integration_pipeline.TestKillSwitchIntegration" name="test_activate_records_reason" time="0.009" /><testcase classname="tests.test_integration_pipeline.TestDataSchedulerIntegration" name="test_import_and_instantiate" time="0.006" /><testcase classname="tests.test_integration_pipeline.TestDataSchedulerIntegration" name="test_has_start_method" time="0.005" /><testcase classname="tests.test_integration_pipeline.TestPrometheusMonitoringIntegration" name="test_import" time="0.006" /><testcase classname="tests.test_integration_pipeline.TestPrometheusMonitoringIntegration" name="test_setup_on_fastapi_app" time="0.008" /><testcase classname="tests.test_integration_pipeline.TestPrometheusMonitoringIntegration" name="test_idempotent_setup" time="0.006" /><testcase classname="tests.test_jwt_pyjwt" name="test_jose_not_imported" time="0.006" /><testcase classname="tests.test_jwt_pyjwt" name="test_pyjwt_used" time="0.005" /><testcase classname="tests.test_jwt_pyjwt" name="test_create_and_verify_token" time="0.005" /><testcase classname="tests.test_jwt_pyjwt" name="test_token_with_custom_expiry" time="0.005" /><testcase classname="tests.test_jwt_pyjwt" name="test_expired_token_raises" time="0.006" /><testcase classname="tests.test_jwt_pyjwt" name="test_tampered_token_raises" time="0.005" /><testcase classname="tests.test_jwt_pyjwt" name="test_missing_sub_raises" time="0.005" /><testcase classname="tests.test_jwt_pyjwt" name="test_hash_and_verify_password" time="0.616" /><testcase classname="tests.test_jwt_pyjwt" name="test_wrong_password_rejected" time="0.617" /><testcase classname="tests.test_jwt_pyjwt" name="test_hash_is_not_deterministic" time="0.615" /><testcase classname="tests.test_k6_load_tests" name="test_k6_script_exists" time="0.005" /><testcase classname="tests.test_k6_load_tests" name="test_k6_runner_exists" time="0.005" /><testcase classname="tests.test_k6_load_tests" name="test_k6_runner_is_executable" time="0.005" /><testcase classname="tests.test_k6_load_tests" name="test_k6_results_dir_exists" time="0.005" /><testcase classname="tests.test_k6_load_tests" name="test_scenario_defined[smoke]" time="0.005" /><testcase classname="tests.test_k6_load_tests" name="test_scenario_defined[load]" time="0.005" /><testcase classname="tests.test_k6_load_tests" name="test_scenario_defined[soak]" time="0.005" /><testcase classname="tests.test_k6_load_tests" name="test_scenario_defined[spike]" time="0.006" /><testcase classname="tests.test_k6_load_tests" name="test_scenario_defined[stress]" time="0.006" /><testcase classname="tests.test_k6_load_tests" name="test_scenario_defined[breakpoint]" time="0.005" /><testcase classname="tests.test_k6_load_tests" name="test_threshold_defined[http_req_duration]" time="0.005" /><testcase classname="tests.test_k6_load_tests" name="test_threshold_defined[order_latency_ms]" time="0.005" /><testcase classname="tests.test_k6_load_tests" name="test_threshold_defined[signal_latency_ms]" time="0.005" /><testcase classname="tests.test_k6_load_tests" name="test_threshold_defined[ml_latency_ms]" time="0.005" /><testcase classname="tests.test_k6_load_tests" name="test_threshold_defined[macro_latency_ms]" time="0.005" /><testcase classname="tests.test_k6_load_tests" name="test_threshold_defined[error_rate]" time="0.005" /><testcase classname="tests.test_k6_load_tests" name="test_threshold_defined[http_req_failed]" time="0.005" /><testcase classname="tests.test_k6_load_tests" name="test_endpoint_covered[/health]" time="0.005" /><testcase classname="tests.test_k6_load_tests" name="test_endpoint_covered[/api/status]" time="0.005" /><testcase classname="tests.test_k6_load_tests" name="test_endpoint_covered[/api/signals/latest]" time="0.004" /><testcase classname="tests.test_k6_load_tests" name="test_endpoint_covered[/api/ml/predict/]" time="0.006" /><testcase classname="tests.test_k6_load_tests" name="test_endpoint_covered[/api/ml/status]" time="0.005" /><testcase classname="tests.test_k6_load_tests" name="test_endpoint_covered[/api/macro/snapshot]" time="0.005" /><testcase classname="tests.test_k6_load_tests" name="test_endpoint_covered[/api/macro/store]" time="0.005" /><testcase classname="tests.test_k6_load_tests" name="test_endpoint_covered[/api/macro/features]" time="0.005" /><testcase classname="tests.test_k6_load_tests" name="test_endpoint_covered[/api/trading/order]" time="0.006" /><testcase classname="tests.test_k6_load_tests" name="test_endpoint_covered[/api/trading/positions]" time="0.006" /><testcase classname="tests.test_k6_load_tests" name="test_endpoint_covered[/api/trading/account]" time="0.006" /><testcase classname="tests.test_k6_load_tests" name="test_endpoint_covered[/api/risk/status]" time="0.005" /><testcase classname="tests.test_k6_load_tests" name="test_endpoint_covered[/metrics]" time="0.006" /><testcase classname="tests.test_k6_load_tests" name="test_endpoint_covered[/auth/login]" time="0.006" /><testcase classname="tests.test_k6_load_tests" name="test_endpoint_covered[/ws/live]" time="0.006" /><testcase classname="tests.test_k6_load_tests" name="test_rate_limit_probe_present" time="0.006" /><testcase classname="tests.test_k6_load_tests" name="test_websocket_test_present" time="0.005" /><testcase classname="tests.test_k6_load_tests" name="test_custom_metrics_defined" time="0.005" /><testcase classname="tests.test_k6_load_tests" name="test_setup_and_teardown_present" time="0.005" /><testcase classname="tests.test_k6_load_tests" name="test_think_time_configurable" time="0.005" /><testcase classname="tests.test_k6_load_tests" name="test_auth_token_configurable" time="0.005" /><testcase classname="tests.test_k6_load_tests" name="test_runner_handles_missing_k6" time="0.006" /><testcase classname="tests.test_k6_load_tests" name="test_runner_validates_scenario" time="0.005" /><testcase classname="tests.test_k6_load_tests" name="test_runner_writes_results" time="0.005" /><testcase classname="tests.test_k6_load_tests" name="test_runner_exports_summary" time="0.004" /><testcase classname="tests.test_kill_switch_load.TestConcurrentActivation" name="test_concurrent_activations_are_idempotent" time="0.013" /><testcase classname="tests.test_kill_switch_load.TestConcurrentActivation" name="test_activation_reason_is_never_empty" time="0.011" /><testcase classname="tests.test_kill_switch_load.TestConcurrentActivation" name="test_second_activation_does_not_overwrite_reason" time="0.010" /><testcase classname="tests.test_kill_switch_load.TestOrderBlockingUnderLoad" name="test_check_kill_switch_raises_503_when_active" time="0.010" /><testcase classname="tests.test_kill_switch_load.TestOrderBlockingUnderLoad" name="test_check_kill_switch_passes_when_inactive" time="0.006" /><testcase classname="tests.test_kill_switch_load.TestOrderBlockingUnderLoad" name="test_50_concurrent_orders_all_blocked" time="0.011" /><testcase classname="tests.test_kill_switch_load.TestDrawdownAutoActivation" name="test_max_drawdown_activates_kill_switch" time="0.011" /><testcase classname="tests.test_kill_switch_load.TestDrawdownAutoActivation" name="test_daily_loss_limit_activates_kill_switch" time="0.010" /><testcase classname="tests.test_kill_switch_load.TestDrawdownAutoActivation" name="test_below_drawdown_limit_does_not_activate" time="0.006" /><testcase classname="tests.test_kill_switch_load.TestDeactivationSecurity" name="test_wrong_token_raises_permission_error" time="0.010" /><testcase classname="tests.test_kill_switch_load.TestDeactivationSecurity" name="test_no_token_raises_permission_error" time="0.009" /><testcase classname="tests.test_kill_switch_load.TestDeactivationSecurity" name="test_correct_token_deactivates" time="0.011" /><testcase classname="tests.test_kill_switch_load.TestDeactivationSecurity" name="test_no_token_configured_blocks_deactivation" time="0.005" /><testcase classname="tests.test_kill_switch_load.TestStatePersistence" name="test_active_state_survives_restart" time="0.010" /><testcase classname="tests.test_kill_switch_load.TestStatePersistence" name="test_deactivated_state_does_not_persist" time="0.011" /><testcase classname="tests.test_kill_switch_load.TestBrokerCancelAll" name="test_no_broker_found_logs_warning" time="0.011" /><testcase classname="tests.test_kill_switch_load.TestBrokerCancelAll" name="test_broker_cancel_all_called_on_activate" time="0.011" /><testcase classname="tests.test_kill_switch_load.TestBrokerCancelAll" name="test_broker_cancel_all_no_engine_no_router" time="0.009" /><testcase classname="tests.test_kill_switch_load.TestBrokerCancelAll" name="test_broker_cancel_all_sync_broker" time="0.008" /><testcase classname="tests.test_kill_switch_load.TestBrokerCancelAll" name="test_broker_cancel_all_async_broker_running_loop" time="10.011" /><testcase classname="tests.test_kill_switch_load.TestBrokerCancelAll" name="test_broker_cancel_all_async_broker_no_loop" time="0.011" /><testcase classname="tests.test_kill_switch_load.TestBrokerCancelAll" name="test_broker_cancel_all_broker_raises" time="0.010" /><testcase classname="tests.test_kill_switch_load.TestBrokerCancelAll" name="test_broker_cancel_all_no_cancel_method" time="0.008" /><testcase classname="tests.test_kill_switch_load.TestBrokerCancelAll" name="test_broker_cancel_all_via_router_fallback" time="0.010" /><testcase classname="tests.test_kill_switch_load.TestActivationLatency" name="test_activation_latency_under_sla" time="0.009" /><testcase classname="tests.test_kill_switch_load.TestActivationLatency" name="test_activation_latency_under_concurrent_load" time="0.031" /><testcase classname="tests.test_kill_switch_load.TestFileFlagPolling" name="test_flag_file_activates_during_poll" time="0.213" /><testcase classname="tests.test_lstm_signal_layer.TestLoad" name="test_load_returns_false_when_file_missing" time="0.008" /><testcase classname="tests.test_lstm_signal_layer.TestLoad" name="test_load_not_retried_after_failure" time="0.008" /><testcase classname="tests.test_lstm_signal_layer.TestLoad" name="test_load_success" time="0.010" /><testcase classname="tests.test_lstm_signal_layer.TestLoad" name="test_load_raises_sets_loaded_false" time="0.008" /><testcase classname="tests.test_lstm_signal_layer.TestLoad" name="test_load_already_loaded_returns_true" time="0.006" /><testcase classname="tests.test_lstm_signal_layer.TestNeutral" name="test_neutral_returns_correct_structure" time="0.007" /><testcase classname="tests.test_lstm_signal_layer.TestNeutral" name="test_neutral_with_none_ohlcv" time="0.005" /><testcase classname="tests.test_lstm_signal_layer.TestPredictEarlyExits" name="test_predict_model_unavailable" time="0.009" /><testcase classname="tests.test_lstm_signal_layer.TestPredictEarlyExits" name="test_predict_insufficient_bars" time="0.011" /><testcase classname="tests.test_lstm_signal_layer.TestPredictEarlyExits" name="test_predict_none_ohlcv" time="0.008" /><testcase classname="tests.test_lstm_signal_layer.TestPredictEarlyExits" name="test_predict_sequence_build_failed" time="0.011" /><testcase classname="tests.test_lstm_signal_layer.TestPredictEarlyExits" name="test_predict_flat_market_abstains" time="0.011" /><testcase classname="tests.test_lstm_signal_layer.TestPredictEarlyExits" name="test_predict_inference_exception" time="0.011" /><testcase classname="tests.test_lstm_signal_layer.TestPredictDirections" name="test_predict_long_direction" time="0.011" /><testcase classname="tests.test_lstm_signal_layer.TestPredictDirections" name="test_predict_short_direction" time="0.011" /><testcase classname="tests.test_lstm_signal_layer.TestPredictDirections" name="test_predict_neutral_dead_band" time="0.012" /><testcase classname="tests.test_lstm_signal_layer.TestPredictDirections" name="test_predict_high_confidence" time="0.010" /><testcase classname="tests.test_lstm_signal_layer.TestPredictDirections" name="test_predict_low_confidence" time="0.012" /><testcase classname="tests.test_lstm_signal_layer.TestPredictDirections" name="test_predict_increments_predict_count" time="0.013" /><testcase classname="tests.test_lstm_signal_layer.TestStats" name="test_stats_initial_state" time="0.006" /><testcase classname="tests.test_lstm_signal_layer.TestStats" name="test_stats_after_predictions" time="0.011" /><testcase classname="tests.test_lstm_signal_layer.TestIsAvailable" name="test_not_available_before_load" time="0.006" /><testcase classname="tests.test_lstm_signal_layer.TestIsAvailable" name="test_available_after_successful_load" time="0.009" /><testcase classname="tests.test_lstm_signal_layer.TestGetLstmSignalLayer" name="test_singleton_returns_same_instance" time="0.005" /><testcase classname="tests.test_lstm_signal_layer.TestGetLstmSignalLayer" name="test_singleton_is_layer_instance" time="0.005" /><testcase classname="tests.test_macro_wiring" name="test_macro_store_update_and_snapshot" time="0.006" /><testcase classname="tests.test_macro_wiring" name="test_macro_store_align_to_hourly" time="0.009" /><testcase classname="tests.test_macro_wiring" name="test_macro_store_missing_series_fills_zero" time="0.006" /><testcase classname="tests.test_macro_wiring" name="test_push_snapshot_to_store" time="0.009" /><testcase classname="tests.test_macro_wiring" name="test_macro_store_endpoint_returns_ok" time="0.018" /><testcase classname="tests.test_macro_wiring" name="test_macro_store_update_endpoint" time="0.014" /><testcase classname="tests.test_macro_wiring" name="test_macro_features_returns_dict" time="0.021" /><testcase classname="tests.test_market_data_feed.TestTickValidator" name="test_valid_tick_passes" time="0.005" /><testcase classname="tests.test_market_data_feed.TestTickValidator" name="test_zero_bid_rejected" time="0.005" /><testcase classname="tests.test_market_data_feed.TestTickValidator" name="test_negative_ask_rejected" time="0.006" /><testcase classname="tests.test_market_data_feed.TestTickValidator" name="test_inverted_spread_rejected" time="0.006" /><testcase classname="tests.test_market_data_feed.TestTickValidator" name="test_stale_tick_rejected" time="0.006" /><testcase classname="tests.test_market_data_feed.TestTickValidator" name="test_price_jump_rejected" time="0.005" /><testcase classname="tests.test_market_data_feed.TestTickValidator" name="test_wide_spread_rejected" time="0.005" /><testcase classname="tests.test_market_data_feed.TestTickProperties" name="test_mid_price" time="0.005" /><testcase classname="tests.test_market_data_feed.TestTickProperties" name="test_spread" time="0.005" /><testcase classname="tests.test_market_data_feed.TestTickProperties" name="test_spread_bps" time="0.005" /><testcase classname="tests.test_market_data_feed.TestTickProperties" name="test_to_dict_keys" time="0.005" /><testcase classname="tests.test_market_data_feed.TestOHLCVAggregator" name="test_bar_opens_on_first_tick" time="0.005" /><testcase classname="tests.test_market_data_feed.TestOHLCVAggregator" name="test_bar_high_low_updated" time="0.005" /><testcase classname="tests.test_market_data_feed.TestOHLCVAggregator" name="test_bar_closes_on_new_period" time="0.006" /><testcase classname="tests.test_market_data_feed.TestOHLCVAggregator" name="test_ignores_wrong_symbol" time="0.006" /><testcase classname="tests.test_market_data_feed.TestOHLCVAggregator" name="test_multiple_timeframes" time="0.005" /><testcase classname="tests.test_market_data_feed.TestIBKRMarketDataFeed" name="test_start_subscribes_to_ticks" time="0.009" /><testcase classname="tests.test_market_data_feed.TestIBKRMarketDataFeed" name="test_health_live_after_start" time="0.009" /><testcase classname="tests.test_market_data_feed.TestIBKRMarketDataFeed" name="test_health_error_on_subscribe_failure" time="0.011" /><testcase classname="tests.test_market_data_feed.TestIBKRMarketDataFeed" name="test_valid_tick_increments_counter" time="0.008" /><testcase classname="tests.test_market_data_feed.TestIBKRMarketDataFeed" name="test_invalid_tick_increments_rejected_counter" time="0.009" /><testcase classname="tests.test_market_data_feed.TestIBKRMarketDataFeed" name="test_on_tick_callback_invoked" time="0.008" /><testcase classname="tests.test_market_data_feed.TestIBKRMarketDataFeed" name="test_callback_error_does_not_crash_feed" time="0.010" /><testcase classname="tests.test_market_data_feed.TestIBKRMarketDataFeed" name="test_get_latest_tick" time="0.011" /><testcase classname="tests.test_market_data_feed.TestMarketDataCache" name="test_ping_returns_true" time="0.007" /><testcase classname="tests.test_market_data_feed.TestMarketDataCache" name="test_get_latest_tick_returns_none_on_miss" time="0.007" /><testcase classname="tests.test_market_data_feed.TestMarketDataCache" name="test_get_recent_ticks_returns_empty_on_miss" time="0.007" /><testcase classname="tests.test_market_data_feed.TestMarketDataCache" name="test_get_bars_returns_empty_on_miss" time="0.006" /><testcase classname="tests.test_market_data_feed.TestMarketDataCache" name="test_redis_error_returns_none_not_raises" time="0.010" /><testcase classname="tests.test_market_data_feed.TestMarketDataCache" name="test_store_bar_calls_zadd" time="0.009" /><testcase classname="tests.test_market_data_feed.TestMarketDataCache" name="test_ping_returns_false_on_redis_error" time="0.009" /><testcase classname="tests.test_marketplace.TestStrategyMarketplace" name="test_list_strategy" time="0.006" /><testcase classname="tests.test_marketplace.TestStrategyMarketplace" name="test_purchase_strategy" time="0.006" /><testcase classname="tests.test_marketplace.TestStrategyMarketplace" name="test_strategy_validation" time="0.006" /><testcase classname="tests.test_marketplace.TestStrategyMarketplace" name="test_revenue_sharing" time="0.006" /><testcase classname="tests.test_ml_missing.TestSignalFilter" name="test_check_returns_filter_result" time="0.006" /><testcase classname="tests.test_ml_missing.TestSignalFilter" name="test_filter_result_bool" time="0.006" /><testcase classname="tests.test_ml_missing.TestSignalFilter" name="test_low_confidence_blocked" time="0.006" /><testcase classname="tests.test_ml_missing.TestSignalFilter" name="test_record_outcome_and_ev_stats" time="0.005" /><testcase classname="tests.test_ml_missing.TestSignalFilter" name="test_get_stats_returns_dict" time="0.006" /><testcase classname="tests.test_ml_missing.TestSignalFilter" name="test_filter_method" time="0.006" /><testcase classname="tests.test_ml_missing.TestSignalFilter" name="test_singleton" time="0.005" /><testcase classname="tests.test_ml_missing.TestSignalFilter" name="test_neutral_direction_passes" time="0.006" /><testcase classname="tests.test_ml_missing.TestSignalValidator" name="test_insufficient_data_returns_report" time="0.006" /><testcase classname="tests.test_ml_missing.TestSignalValidator" name="test_validate_with_matching_distributions" time="0.009" /><testcase classname="tests.test_ml_missing.TestSignalValidator" name="test_validate_with_drifted_distributions" time="0.010" /><testcase classname="tests.test_ml_missing.TestSignalValidator" name="test_clear_live_signals" time="0.006" /><testcase classname="tests.test_ml_missing.TestSignalValidator" name="test_report_to_dict" time="0.008" /><testcase classname="tests.test_ml_missing.TestSignalValidator" name="test_report_passed_property" time="0.010" /><testcase classname="tests.test_ml_missing.TestSignalValidator" name="test_report_summary_string" time="0.009" /><testcase classname="tests.test_ml_missing.TestSignalValidator" name="test_singleton" time="0.006" /><testcase classname="tests.test_ml_missing.TestMTFFeatures" name="test_returns_dataframe" time="0.143" /><testcase classname="tests.test_ml_missing.TestMTFFeatures" name="test_adds_mtf_columns" time="0.131" /><testcase classname="tests.test_ml_missing.TestMTFFeatures" name="test_alignment_score_column" time="0.135" /><testcase classname="tests.test_ml_missing.TestMTFFeatures" name="test_no_inf_values" time="0.139" /><testcase classname="tests.test_ml_missing.TestMTFFeatures" name="test_same_row_count" time="0.128" /><testcase classname="tests.test_ml_missing.TestMacroFeatures" name="test_no_macro_fills_zeros" time="0.015" /><testcase classname="tests.test_ml_missing.TestMacroFeatures" name="test_with_macro_df" time="0.024" /><testcase classname="tests.test_ml_missing.TestMacroFeatures" name="test_no_nan_in_result" time="0.015" /><testcase classname="tests.test_ml_missing.TestMacroFeatures" name="test_preserves_ohlcv_columns" time="0.013" /><testcase classname="tests.test_ml_missing.TestHourlyTrainer" name="test_disabled_by_default" time="0.006" /><testcase classname="tests.test_ml_missing.TestHourlyTrainer" name="test_status_returns_dict" time="0.005" /><testcase classname="tests.test_ml_missing.TestHourlyTrainer" name="test_start_disabled_returns_immediately" time="0.008" /><testcase classname="tests.test_ml_missing.TestHourlyTrainer" name="test_stop_when_not_running" time="0.007" /><testcase classname="tests.test_ml_missing.TestHourlyTrainer" name="test_singleton" time="0.005" /><testcase classname="tests.test_ml_missing.TestHourlyTrainer" name="test_symbols_default" time="0.006" /><testcase classname="tests.test_ml_missing.TestRegimeConditional" name="test_detect_regime_labels_returns_series" time="0.013" /><testcase classname="tests.test_ml_missing.TestRegimeConditional" name="test_add_regime_features_returns_df" time="0.115" /><testcase classname="tests.test_ml_missing.TestRegimeConditional" name="test_regime_model_init" time="0.005" /><testcase classname="tests.test_ml_missing.TestRegimeConditional" name="test_regime_model_fit_predict" time="0.243" /><testcase classname="tests.test_ml_missing.TestRegimeConditional" name="test_regime_model_predict_proba" time="0.227" /><testcase classname="tests.test_ml_pipeline.TestFeatureEngineer" name="test_returns_dataframe" time="0.026" /><testcase classname="tests.test_ml_pipeline.TestFeatureEngineer" name="test_has_target_column" time="0.025" /><testcase classname="tests.test_ml_pipeline.TestFeatureEngineer" name="test_target_is_binary" time="0.026" /><testcase classname="tests.test_ml_pipeline.TestFeatureEngineer" name="test_no_nan_in_output" time="0.027" /><testcase classname="tests.test_ml_pipeline.TestFeatureEngineer" name="test_feature_count" time="0.028" /><testcase classname="tests.test_ml_pipeline.TestFeatureEngineer" name="test_no_look_ahead_bias" time="0.025" /><testcase classname="tests.test_ml_pipeline.TestFeatureEngineer" name="test_missing_column_raises" time="0.007" /><testcase classname="tests.test_ml_pipeline.TestFeatureEngineer" name="test_case_insensitive_columns" time="0.026" /><testcase classname="tests.test_ml_pipeline.TestFeatureEngineer" name="test_rsi_bounded" time="0.025" /><testcase classname="tests.test_ml_pipeline.TestStationarityTester" name="test_stationary_series_detected" time="0.013" /><testcase classname="tests.test_ml_pipeline.TestStationarityTester" name="test_nonstationary_series_detected" time="0.013" /><testcase classname="tests.test_ml_pipeline.TestStationarityTester" name="test_insufficient_data_returns_nonstationary" time="0.006" /><testcase classname="tests.test_ml_pipeline.TestStationarityTester" name="test_result_has_required_fields" time="0.010" /><testcase classname="tests.test_ml_pipeline.TestStationarityTester" name="test_test_dataframe" time="0.019" /><testcase classname="tests.test_ml_pipeline.TestWalkForwardValidator" name="test_correct_number_of_folds" time="0.005" /><testcase classname="tests.test_ml_pipeline.TestWalkForwardValidator" name="test_train_expands_each_fold" time="0.006" /><testcase classname="tests.test_ml_pipeline.TestWalkForwardValidator" name="test_no_overlap_between_train_and_test" time="0.005" /><testcase classname="tests.test_ml_pipeline.TestWalkForwardValidator" name="test_test_follows_train" time="0.007" /><testcase classname="tests.test_ml_pipeline.TestWalkForwardValidator" name="test_insufficient_data_raises" time="0.005" /><testcase classname="tests.test_ml_pipeline.TestXGBoostPredictor" name="test_fit_and_predict" time="0.075" /><testcase classname="tests.test_ml_pipeline.TestXGBoostPredictor" name="test_predict_proba_bounded" time="0.054" /><testcase classname="tests.test_ml_pipeline.TestXGBoostPredictor" name="test_feature_importances_sum_to_one" time="0.050" /><testcase classname="tests.test_ml_pipeline.TestXGBoostPredictor" name="test_predict_before_fit_raises" time="0.026" /><testcase classname="tests.test_ml_pipeline.TestXGBoostPredictor" name="test_save_and_load" time="0.065" /><testcase classname="tests.test_ml_pipeline_full.TestHasStatsmodelsFalse" name="test_stationarity_tester_fallback_when_no_statsmodels" time="0.005" /><testcase classname="tests.test_ml_pipeline_full.TestHasStatsmodelsFalse" name="test_stationarity_tester_fallback_nonstationary" time="0.005" /><testcase classname="tests.test_ml_pipeline_full.TestHasStatsmodelsFalse" name="test_test_dataframe_fallback" time="0.006" /><testcase classname="tests.test_ml_pipeline_full.TestHasSciPyFalse" name="test_pipeline_run_without_scipy" time="0.192" /><testcase classname="tests.test_ml_pipeline_full.TestMLPipelineGateFailures" name="test_accuracy_gate_failure_no_model_saved" time="0.221" /><testcase classname="tests.test_ml_pipeline_full.TestMLPipelineGateFailures" name="test_pvalue_gate_failure_no_model_saved" time="0.217" /><testcase classname="tests.test_ml_pipeline_full.TestMLPipelineGateFailures" name="test_both_gates_pass_model_saved" time="0.360" /><testcase classname="tests.test_ml_pipeline_full.TestMLPipelineGateFailures" name="test_validation_report_saved_to_json" time="0.273" /><testcase classname="tests.test_ml_pipeline_full.TestWalkForwardTooFewFolds" name="test_split_with_minimal_rows_returns_folds" time="0.003" /><testcase classname="tests.test_ml_pipeline_full.TestWalkForwardTooFewFolds" name="test_split_each_fold_has_train_and_test" time="0.003" /><testcase classname="tests.test_ml_pipeline_full.TestWalkForwardTooFewFolds" name="test_pipeline_run_with_2_folds" time="0.247" /><testcase classname="tests.test_ml_pipeline_full.TestXGBoostSaveLoad" name="test_save_creates_file" time="0.028" /><testcase classname="tests.test_ml_pipeline_full.TestXGBoostSaveLoad" name="test_load_restores_predictions" time="0.039" /><testcase classname="tests.test_ml_pipeline_full.TestXGBoostSaveLoad" name="test_load_restores_feature_names" time="0.031" /><testcase classname="tests.test_ml_pipeline_full.TestXGBoostSaveLoad" name="test_save_creates_parent_dirs" time="0.028" /><testcase classname="tests.test_ml_pipeline_full.TestFeatureEngineerMissingCols" name="test_compute_raises_on_missing_volume" time="0.006" /><testcase classname="tests.test_ml_pipeline_full.TestFeatureEngineerMissingCols" name="test_compute_raises_on_missing_high_low" time="0.007" /><testcase classname="tests.test_ml_pipeline_full.TestFeatureEngineerMissingCols" name="test_compute_returns_no_nan" time="0.029" /><testcase classname="tests.test_ml_pipeline_full.TestFeatureEngineerMissingCols" name="test_compute_target_is_binary" time="0.030" /><testcase classname="tests.test_ml_pipeline_full.TestDropNonstationary" name="test_drop_nonstationary_reduces_features" time="0.467" /><testcase classname="tests.test_ml_pipeline_full.TestDropNonstationary" name="test_no_drop_keeps_all_features" time="0.836" /><testcase classname="tests.test_ml_training_pipeline" name="test_train_advanced_importable" time="0.005" /><testcase classname="tests.test_ml_training_pipeline" name="test_retrain_model_importable" time="0.006" /><testcase classname="tests.test_ml_training_pipeline" name="test_fetch_gold_ohlcv_uses_cache" time="0.510" /><testcase classname="tests.test_ml_training_pipeline" name="test_fetch_gold_ohlcv_cache_missing_falls_back" time="0.061" /><testcase classname="tests.test_ml_training_pipeline" name="test_smoke_flag_overrides_args" time="0.007" /><testcase classname="tests.test_ml_training_pipeline" name="test_advanced_oos_pkl_exists" time="0.006" /><testcase classname="tests.test_ml_training_pipeline" name="test_advanced_oos_pkl_is_sklearn_pipeline" time="0.033" /><testcase classname="tests.test_ml_training_pipeline" name="test_feature_scaler_pkl_exists" time="0.005" /><testcase classname="tests.test_ml_training_pipeline" name="test_feature_scaler_transforms" time="0.007" /><testcase classname="tests.test_ml_training_pipeline" name="test_advanced_training_report_exists" time="0.006" /><testcase classname="tests.test_ml_training_pipeline" name="test_advanced_training_report_keys" time="0.006" /><testcase classname="tests.test_ml_training_pipeline" name="test_advanced_training_report_feature_count" time="0.006" /><testcase classname="tests.test_model_registry_and_wiring.TestModelRegistryRegister" name="test_register_creates_entry" time="0.009" /><testcase classname="tests.test_model_registry_and_wiring.TestModelRegistryRegister" name="test_register_computes_correct_sha256" time="0.008" /><testcase classname="tests.test_model_registry_and_wiring.TestModelRegistryRegister" name="test_register_missing_file_raises" time="0.006" /><testcase classname="tests.test_model_registry_and_wiring.TestModelRegistryRegister" name="test_register_empty_name_raises" time="0.006" /><testcase classname="tests.test_model_registry_and_wiring.TestModelRegistryRegister" name="test_register_invalid_state_raises" time="0.006" /><testcase classname="tests.test_model_registry_and_wiring.TestModelRegistryRegister" name="test_register_persists_to_disk" time="0.009" /><testcase classname="tests.test_model_registry_and_wiring.TestModelRegistryRegister" name="test_register_multiple_versions" time="0.012" /><testcase classname="tests.test_model_registry_and_wiring.TestModelRegistryPromotionGate" name="test_promote_passes_all_checks" time="0.011" /><testcase classname="tests.test_model_registry_and_wiring.TestModelRegistryPromotionGate" name="test_promote_blocked_low_accuracy" time="0.008" /><testcase classname="tests.test_model_registry_and_wiring.TestModelRegistryPromotionGate" name="test_promote_blocked_high_pvalue" time="0.008" /><testcase classname="tests.test_model_registry_and_wiring.TestModelRegistryPromotionGate" name="test_promote_blocked_sharpe_gate_not_passed" time="0.009" /><testcase classname="tests.test_model_registry_and_wiring.TestModelRegistryPromotionGate" name="test_promote_unknown_version_raises" time="0.006" /><testcase classname="tests.test_model_registry_and_wiring.TestModelRegistryPromotionGate" name="test_promote_retires_previous_production" time="0.016" /><testcase classname="tests.test_model_registry_and_wiring.TestModelRegistryPromotionGate" name="test_active_version_none_before_promotion" time="0.005" /><testcase classname="tests.test_model_registry_and_wiring.TestModelRegistryVerify" name="test_verify_passes_for_correct_digest" time="0.009" /><testcase classname="tests.test_model_registry_and_wiring.TestModelRegistryVerify" name="test_verify_fails_for_tampered_artifact" time="0.010" /><testcase classname="tests.test_model_registry_and_wiring.TestModelRegistryVerify" name="test_verify_fails_for_missing_artifact" time="0.009" /><testcase classname="tests.test_model_registry_and_wiring.TestModelRegistryVerify" name="test_verify_unknown_version" time="0.007" /><testcase classname="tests.test_model_registry_and_wiring.TestModelRegistryVerify" name="test_verify_active_no_active_version" time="0.007" /><testcase classname="tests.test_model_registry_and_wiring.TestModelRegistryVerify" name="test_verify_active_after_promotion" time="0.012" /><testcase classname="tests.test_model_registry_and_wiring.TestModelRegistryBootstrap" name="test_bootstrap_registers_from_meta" time="0.009" /><testcase classname="tests.test_model_registry_and_wiring.TestModelRegistryBootstrap" name="test_bootstrap_promotes_when_requested" time="0.011" /><testcase classname="tests.test_model_registry_and_wiring.TestModelRegistryBootstrap" name="test_bootstrap_skips_if_already_registered" time="0.009" /><testcase classname="tests.test_model_registry_and_wiring.TestModelRegistryBootstrap" name="test_bootstrap_returns_none_for_missing_artifact" time="0.007" /><testcase classname="tests.test_model_registry_and_wiring.TestAdvancedPredictorIntegrity" name="test_integrity_unchecked_before_load" time="0.007" /><testcase classname="tests.test_model_registry_and_wiring.TestAdvancedPredictorIntegrity" name="test_integrity_fails_for_missing_file" time="0.005" /><testcase classname="tests.test_model_registry_and_wiring.TestAdvancedPredictorIntegrity" name="test_integrity_warns_and_passes_when_no_registry" time="0.008" /><testcase classname="tests.test_model_registry_and_wiring.TestAdvancedPredictorIntegrity" name="test_integrity_passes_with_matching_digest" time="0.013" /><testcase classname="tests.test_model_registry_and_wiring.TestAdvancedPredictorIntegrity" name="test_integrity_fails_with_mismatched_digest" time="0.014" /><testcase classname="tests.test_model_registry_and_wiring.TestAdvancedPredictorIntegrity" name="test_integrity_result_in_stats" time="0.007" /><testcase classname="tests.test_model_registry_and_wiring.TestAdvancedPredictorIntegrity" name="test_load_blocked_on_integrity_failure" time="0.014" /><testcase classname="tests.test_model_registry_and_wiring.TestLiveTradingGateNullCheck" name="test_pooled_none_is_blocked" time="0.007" /><testcase classname="tests.test_model_registry_and_wiring.TestLiveTradingGateNullCheck" name="test_pooled_empty_dict_is_blocked" time="0.008" /><testcase classname="tests.test_model_registry_and_wiring.TestLiveTradingGateNullCheck" name="test_pooled_key_absent_is_blocked" time="0.008" /><testcase classname="tests.test_model_registry_and_wiring.TestLiveTradingGateNullCheck" name="test_pooled_wrong_type_is_blocked" time="0.008" /><testcase classname="tests.test_model_registry_and_wiring.TestLiveTradingGateNullCheck" name="test_valid_pooled_gate_passed" time="0.008" /><testcase classname="tests.test_model_registry_and_wiring.TestLiveTradingGateNullCheck" name="test_valid_pooled_gate_blocked_low_n" time="0.007" /><testcase classname="tests.test_model_registry_and_wiring.TestLiveTradingGateNullCheck" name="test_no_report_file_falls_through_to_meta" time="0.007" /><testcase classname="tests.test_model_registry_and_wiring.TestOandaPaperClockTrackerWiring" name="test_tracker_initialised_on_construction" time="0.006" /><testcase classname="tests.test_model_registry_and_wiring.TestOandaPaperClockTrackerWiring" name="test_record_fill_increments_n_trades" time="0.007" /><testcase classname="tests.test_model_registry_and_wiring.TestOandaPaperClockTrackerWiring" name="test_record_fill_accumulates_across_calls" time="0.010" /><testcase classname="tests.test_model_registry_and_wiring.TestOandaPaperClockTrackerWiring" name="test_record_fill_returns_status_dict" time="0.007" /><testcase classname="tests.test_model_registry_and_wiring.TestOandaPaperClockTrackerWiring" name="test_sharpe_status_available_true" time="0.007" /><testcase classname="tests.test_model_registry_and_wiring.TestOandaPaperClockTrackerWiring" name="test_sharpe_status_gate_not_passed_initially" time="0.007" /><testcase classname="tests.test_model_registry_and_wiring.TestOandaPaperClockTrackerWiring" name="test_sharpe_status_gate_passes_with_enough_trades" time="0.010" /><testcase classname="tests.test_model_registry_and_wiring.TestOandaPaperClockTrackerWiring" name="test_status_includes_sharpe_progress" time="0.007" /><testcase classname="tests.test_model_registry_and_wiring.TestOandaPaperClockTrackerWiring" name="test_status_sharpe_progress_present_when_not_started" time="0.007" /><testcase classname="tests.test_model_registry_and_wiring.TestOandaPaperClockTrackerWiring" name="test_prometheus_gauges_updated_on_fill" time="0.008" /><testcase classname="tests.test_model_registry_and_wiring.TestOandaPaperClockTrackerWiring" name="test_record_fill_returns_empty_when_tracker_none" time="0.006" /><testcase classname="tests.test_model_registry_and_wiring.TestOandaPaperClockTrackerWiring" name="test_sharpe_status_returns_unavailable_when_tracker_none" time="0.006" /><testcase classname="tests.test_model_registry_and_wiring.TestOandaPaperClockTrackerWiring" name="test_pct_to_gate_increases_with_fills" time="0.009" /><testcase classname="tests.test_model_registry_and_wiring.TestOandaPaperClockTrackerWiring" name="test_record_fill_logs_structured_message" time="0.009" /><testcase classname="tests.test_mt5_bridge.TestRetryDecorator" name="test_success_on_first_attempt" time="0.005" /><testcase classname="tests.test_mt5_bridge.TestRetryDecorator" name="test_retries_on_failure_then_succeeds" time="0.007" /><testcase classname="tests.test_mt5_bridge.TestRetryDecorator" name="test_exhaustion_raises_last_exception" time="0.009" /><testcase classname="tests.test_mt5_bridge.TestRetryDecorator" name="test_backoff_doubles" time="0.008" /><testcase classname="tests.test_mt5_bridge.TestRetryDecorator" name="test_only_catches_specified_exceptions" time="0.005" /><testcase classname="tests.test_mt5_bridge.TestEX5SignalExporter" name="test_export_creates_json_file" time="0.008" /><testcase classname="tests.test_mt5_bridge.TestEX5SignalExporter" name="test_export_modify_creates_modify_file" time="0.008" /><testcase classname="tests.test_mt5_bridge.TestEX5SignalExporter" name="test_export_cancel_creates_cancel_file" time="0.008" /><testcase classname="tests.test_mt5_bridge.TestEX5SignalExporter" name="test_write_json_locked_atomic_rename" time="0.007" /><testcase classname="tests.test_mt5_bridge.TestEX5SignalExporter" name="test_write_json_locked_fallback_on_rename_failure" time="0.009" /><testcase classname="tests.test_mt5_bridge.TestEX5SignalExporter" name="test_read_json_locked_valid_json" time="0.007" /><testcase classname="tests.test_mt5_bridge.TestEX5SignalExporter" name="test_read_json_locked_invalid_json_returns_empty" time="0.207" /><testcase classname="tests.test_mt5_bridge.TestEX5SignalExporter" name="test_poll_fill_returns_result_on_filled" time="0.010" /><testcase classname="tests.test_mt5_bridge.TestEX5SignalExporter" name="test_poll_fill_raises_on_rejected" time="0.008" /><testcase classname="tests.test_mt5_bridge.TestEX5SignalExporter" name="test_poll_fill_raises_timeout" time="0.508" /><testcase classname="tests.test_mt5_bridge.TestEX5SignalExporter" name="test_cleanup_old_signals_removes_old_files" time="0.008" /><testcase classname="tests.test_mt5_bridge.TestMT5BridgeSignalExportMode" name="test_connect_signal_export_mode" time="0.007" /><testcase classname="tests.test_mt5_bridge.TestMT5BridgeSignalExportMode" name="test_disconnect" time="0.007" /><testcase classname="tests.test_mt5_bridge.TestMT5BridgeSignalExportMode" name="test_require_connected_raises_when_not_connected" time="0.007" /><testcase classname="tests.test_mt5_bridge.TestMT5BridgeSignalExportMode" name="test_require_connected_passes_when_connected" time="0.007" /><testcase classname="tests.test_mt5_bridge.TestMT5BridgeSignalExportMode" name="test_send_order_no_stop_loss_raises" time="0.911" /><testcase classname="tests.test_mt5_bridge.TestMT5BridgeSignalExportMode" name="test_send_order_zero_stop_loss_raises" time="0.911" /><testcase classname="tests.test_mt5_bridge.TestMT5BridgeSignalExportMode" name="test_send_order_enforcer_blocks" time="0.911" /><testcase classname="tests.test_mt5_bridge.TestMT5BridgeSignalExportMode" name="test_send_order_signal_export_mode_writes_file" time="0.010" /><testcase classname="tests.test_mt5_bridge.TestMT5BridgeSignalExportMode" name="test_send_order_enforcer_allows" time="0.011" /><testcase classname="tests.test_mt5_bridge.TestMT5BridgeSignalExportMode" name="test_close_position_signal_export_mode" time="0.009" /><testcase classname="tests.test_mt5_bridge.TestMT5BridgeSignalExportMode" name="test_context_manager" time="0.010" /><testcase classname="tests.test_mt5_bridge.TestFromEnv" name="test_from_env_success" time="0.006" /><testcase classname="tests.test_mt5_bridge.TestFromEnv" name="test_from_env_no_login_raises" time="0.006" /><testcase classname="tests.test_mt5_bridge.TestAsyncWrappers" name="test_async_send_order" time="0.011" /><testcase classname="tests.test_mt5_bridge.TestAsyncWrappers" name="test_async_close_position" time="0.011" /><testcase classname="tests.test_new_components.TestPropEnforcer" name="test_fresh_allows_order" time="0.005" /><testcase classname="tests.test_new_components.TestPropEnforcer" name="test_daily_dd_breach_blocks" time="0.006" /><testcase classname="tests.test_new_components.TestPropEnforcer" name="test_total_dd_breach_blocks" time="0.006" /><testcase classname="tests.test_new_components.TestPropEnforcer" name="test_daily_reset_clears_daily_halt" time="0.007" /><testcase classname="tests.test_new_components.TestPropEnforcer" name="test_news_blackout_blocks" time="0.006" /><testcase classname="tests.test_new_components.TestPropEnforcer" name="test_weekend_blocks_friday_evening" time="0.007" /><testcase classname="tests.test_new_components.TestPropEnforcer" name="test_status_returns_dict" time="0.005" /><testcase classname="tests.test_new_components.TestPropEnforcer" name="test_kill_switch_callback_fired_on_breach" time="0.007" /><testcase classname="tests.test_new_components.TestPropEnforcer" name="test_on_breach_callback_fired" time="0.007" /><testcase classname="tests.test_new_components.TestPropEnforcer" name="test_config_from_file_defaults_when_missing" time="0.006" /><testcase classname="tests.test_new_components.TestEX5SignalExporter" name="test_export_creates_file" time="0.009" /><testcase classname="tests.test_new_components.TestEX5SignalExporter" name="test_poll_fill_returns_result_on_filled" time="0.007" /><testcase classname="tests.test_new_components.TestEX5SignalExporter" name="test_poll_fill_raises_on_rejected" time="0.007" /><testcase classname="tests.test_new_components.TestEX5SignalExporter" name="test_poll_fill_raises_timeout" time="0.508" /><testcase classname="tests.test_new_components.TestEX5SignalExporter" name="test_cleanup_removes_old_files" time="0.008" /><testcase classname="tests.test_new_components.TestEX5SignalExporter" name="test_stop_loss_required" time="0.908" /><testcase classname="tests.test_new_components.TestPaperTradingHelpers" name="test_trade_logger_creates_csv" time="0.131" /><testcase classname="tests.test_new_components.TestPaperTradingHelpers" name="test_write_status_creates_json" time="0.006" /><testcase classname="tests.test_new_components.TestVolumeBacktest" name="test_add_indicators_columns" time="0.017" /><testcase classname="tests.test_new_components.TestVolumeBacktest" name="test_run_backtest_returns_summary" time="0.028" /><testcase classname="tests.test_new_components.TestVolumeBacktest" name="test_monte_carlo_returns_stats" time="0.008" /><testcase classname="tests.test_new_components.TestVolumeBacktest" name="test_monte_carlo_empty_returns_empty" time="0.005" /><testcase classname="tests.test_new_components.TestChallengeLaunchCriteria" name="test_pass_all_criteria" time="0.005" /><testcase classname="tests.test_new_components.TestChallengeLaunchCriteria" name="test_fail_low_pnl" time="0.005" /><testcase classname="tests.test_new_components.TestChallengeLaunchCriteria" name="test_fail_high_dd" time="0.005" /><testcase classname="tests.test_new_components.TestChallengeLaunchCriteria" name="test_fail_low_days" time="0.006" /><testcase classname="tests.test_new_components.TestChallengeLaunchCriteria" name="test_exact_boundary_pass" time="0.005" /><testcase classname="tests.test_new_components.TestChallengeLaunchCriteria" name="test_exact_boundary_fail_pnl" time="0.006" /><testcase classname="tests.test_new_components.TestChallengeLaunchCriteria" name="test_custom_thresholds" time="0.006" /><testcase classname="tests.test_oanda_paper_clock.TestStampOandaPaperStart" name="test_creates_stamp_on_first_call" time="0.008" /><testcase classname="tests.test_oanda_paper_clock.TestStampOandaPaperStart" name="test_does_not_overwrite_existing_stamp" time="0.008" /><testcase classname="tests.test_oanda_paper_clock.TestStampOandaPaperStart" name="test_stamp_contains_masked_account_id" time="0.008" /><testcase classname="tests.test_oanda_paper_clock.TestStampOandaPaperStart" name="test_live_environment_recorded" time="0.007" /><testcase classname="tests.test_oanda_paper_clock.TestPaperTradingClockLogic" name="test_not_started_when_no_stamp" time="0.006" /><testcase classname="tests.test_oanda_paper_clock.TestPaperTradingClockLogic" name="test_creds_set_but_not_connected" time="0.006" /><testcase classname="tests.test_oanda_paper_clock.TestPaperTradingClockLogic" name="test_elapsed_days_10" time="0.006" /><testcase classname="tests.test_oanda_paper_clock.TestPaperTradingClockLogic" name="test_complete_after_31_days" time="0.006" /><testcase classname="tests.test_oanda_paper_clock.TestPaperTradingClockLogic" name="test_remaining_days_never_negative" time="0.006" /><testcase classname="tests.test_oanda_paper_clock.TestPaperTradingClockLogic" name="test_environment_field_preserved" time="0.006" /><testcase classname="tests.test_oanda_paper_clock.TestPaperTradingClockLogic" name="test_elapsed_plus_remaining_equals_target" time="0.006" /><testcase classname="tests.test_oanda_paper_clock.TestInitBrokerSelection" name="test_falls_back_to_paper_when_no_oanda_creds" time="0.016"><failure message="RuntimeError: Configured broker 'oanda' is unavailable and FALLBACK_TO_PAPER is not set. Fix broker credentials or set FALLBACK_TO_PAPER=true to start in paper mode.">self = &lt;tests.test_oanda_paper_clock.TestInitBrokerSelection object at 0x7f8824fba4d0&gt;
monkeypatch = &lt;_pytest.monkeypatch.MonkeyPatch object at 0x7f88e9cc3310&gt;
tmp_path = PosixPath('/tmp/pytest-of-root/pytest-343/test_falls_back_to_paper_when_0')

    @pytest.mark.asyncio
    async def test_falls_back_to_paper_when_no_oanda_creds(self, monkeypatch, tmp_path):
        """BROKER_TYPE=oanda but no token -&gt; PaperTradingBroker."""
        monkeypatch.chdir(tmp_path)
        (tmp_path / "data").mkdir()
        monkeypatch.setenv("BROKER_TYPE", "oanda")
        monkeypatch.delenv("BROKER_OANDA_TOKEN", raising=False)
        monkeypatch.delenv("OANDA_API_KEY", raising=False)

        mock_state = MagicMock()
        mock_state.db_session_factory = None

        mock_paper_instance = AsyncMock()
        mock_paper_instance.connect = AsyncMock(return_value=True)
        MockPaperClass = MagicMock(return_value=mock_paper_instance)

        _INJECTED = ("api.admin", "brokers.paper_trading", "core.startup_factories")
        with MagicMock() as mock_admin:  # pylint: disable=not-context-manager
            mock_admin.log_activity = MagicMock()
            # Snapshot only the keys we will mutate — never clear sys.modules
            # globally as that drops all cached modules and breaks subsequent tests.
            _saved = {k: sys.modules.get(k) for k in _INJECTED}
            sys.modules["api.admin"] = mock_admin
            sys.modules["brokers.paper_trading"] = MagicMock(PaperTradingBroker=MockPaperClass)
            try:
                import importlib

                import core.startup_factories as sf

                importlib.reload(sf)
&gt;               broker = await sf.init_broker(mock_state)
                         ^^^^^^^^^^^^^^^^^^^^^^^^^^^^^^^^

/home/user/HOPEFX-AI-TRADING/tests/test_oanda_paper_clock.py:283:
_ _ _ _ _ _ _ _ _ _ _ _ _ _ _ _ _ _ _ _ _ _ _ _ _ _ _ _ _ _ _ _ _ _ _ _ _ _ _ _

s = &lt;MagicMock id='140226014751248'&gt;

    async def init_broker(s: Any) -&gt; Any:
        """
        Broker factory — selects the active broker based on environment variables.

        Priority order:
          1. BROKER_TYPE=mt5  (or BROKER=mt5)  AND  MT5_SERVER / MT5_LOGIN / MT5_PASSWORD set
             → MT5Connector (any MT5-compatible broker or prop firm)
          2. BROKER_TYPE=oanda  AND  BROKER_OANDA_TOKEN set
             → AsyncOANDAConnector (practice or live per OANDA_ENVIRONMENT)
             → 30-day paper trading clock starts on first successful connection
          3. BROKER_TYPE=paper  (default)
             → PaperTradingBroker (in-memory simulation)

        BROKER and BROKER_TYPE are treated as aliases — either works.
        The 30-day OANDA paper trading run clock is tracked in
        ``data/oanda_paper_start.json``.
        """
        from api.admin import log_activity

        # Accept both BROKER_TYPE and BROKER env vars (BROKER_TYPE takes precedence).
        broker_type = (os.getenv("BROKER_TYPE") or os.getenv("BROKER") or "paper").lower()
        oanda_token = os.getenv("BROKER_OANDA_TOKEN", "") or os.getenv("OANDA_API_KEY", "")
        oanda_account = os.getenv("BROKER_OANDA_ACCOUNT", "") or os.getenv("OANDA_ACCOUNT_ID", "")
        oanda_practice = os.getenv("OANDA_ENVIRONMENT", os.getenv("BROKER_OANDA_ENVIRONMENT", "practice")) != "live"

        if broker_type == "mt5":
            mt5_broker = await _try_connect_mt5(log_activity)
            if mt5_broker is not None:
                await _publish_broker_status(broker_type="mt5", connected=True)
                return mt5_broker
            logger.error(
                "[BROKER] MT5 connection failed (check MT5_SERVER / MT5_LOGIN / MT5_PASSWORD). "
                "Set FALLBACK_TO_PAPER=true to allow automatic paper-trading fallback."
            )
            if os.getenv("FALLBACK_TO_PAPER", "false").lower() not in ("1", "true", "yes"):
                raise RuntimeError(
                    "Configured broker 'mt5' is unavailable and FALLBACK_TO_PAPER is not set. "
                    "Fix broker credentials or set FALLBACK_TO_PAPER=true to start in paper mode."
                )
            log_activity(
                "MT5 broker unavailable — falling back to paper trading (FALLBACK_TO_PAPER=true)"
            )

        if broker_type == "oanda":
            if not oanda_token or not oanda_account:
                logger.error(
                    "[BROKER] BROKER_TYPE=oanda but BROKER_OANDA_TOKEN / BROKER_OANDA_ACCOUNT are not set. "
                    "Set FALLBACK_TO_PAPER=true to allow automatic paper-trading fallback."
                )
            else:
                broker = await _try_connect_oanda(oanda_token, oanda_account, oanda_practice, log_activity)
                if broker is not None:
                    await _publish_broker_status(broker_type="oanda", connected=True)
                    return broker
                logger.error(
                    "[BROKER] OANDA connection failed. "
                    "Set FALLBACK_TO_PAPER=true to allow automatic paper-trading fallback."
                )
            # Only auto-fall-back if operator has explicitly opted in.
            if os.getenv("FALLBACK_TO_PAPER", "false").lower() not in ("1", "true", "yes"):
&gt;               raise RuntimeError(
                    "Configured broker 'oanda' is unavailable and FALLBACK_TO_PAPER is not set. "
                    "Fix broker credentials or set FALLBACK_TO_PAPER=true to start in paper mode."
                )
E               RuntimeError: Configured broker 'oanda' is unavailable and FALLBACK_TO_PAPER is not set. Fix broker credentials or set FALLBACK_TO_PAPER=true to start in paper mode.

/home/user/HOPEFX-AI-TRADING/core/startup_factories.py:949: RuntimeError</failure></testcase><testcase classname="tests.test_oanda_paper_clock.TestInitBrokerSelection" name="test_uses_paper_broker_by_default" time="0.031" /><testcase classname="tests.test_oanda_paper_clock_full.TestMaybeStart" name="test_first_start_writes_stamp" time="0.008" /><testcase classname="tests.test_oanda_paper_clock_full.TestMaybeStart" name="test_second_start_returns_false_when_real_account_stamped" time="0.008" /><testcase classname="tests.test_oanda_paper_clock_full.TestMaybeStart" name="test_pending_placeholder_overwritten_with_real_account" time="0.008" /><testcase classname="tests.test_oanda_paper_clock_full.TestMaybeStart" name="test_account_id_masked_in_stamp" time="0.008" /><testcase classname="tests.test_oanda_paper_clock_full.TestMaybeStart" name="test_short_account_id_not_masked" time="0.009" /><testcase classname="tests.test_oanda_paper_clock_full.TestMaybeStart" name="test_write_failure_returns_false" time="0.008" /><testcase classname="tests.test_oanda_paper_clock_full.TestMaybeStart" name="test_live_gate_opens_computed" time="0.009" /><testcase classname="tests.test_oanda_paper_clock_full.TestMaybeStart" name="test_corrupt_existing_stamp_treated_as_no_stamp" time="0.008" /><testcase classname="tests.test_oanda_paper_clock_full.TestStatusNoStamp" name="test_status_not_started_when_no_stamp" time="0.007" /><testcase classname="tests.test_oanda_paper_clock_full.TestStatusNoStamp" name="test_status_note_mentions_oanda_key_when_set" time="0.007" /><testcase classname="tests.test_oanda_paper_clock_full.TestStatusNoStamp" name="test_status_note_no_key" time="0.007" /><testcase classname="tests.test_oanda_paper_clock_full.TestStatusWithStamp" name="test_status_started_true" time="0.008" /><testcase classname="tests.test_oanda_paper_clock_full.TestStatusWithStamp" name="test_status_complete_when_30_days_elapsed" time="0.007" /><testcase classname="tests.test_oanda_paper_clock_full.TestStatusWithStamp" name="test_status_pending_placeholder" time="0.007" /><testcase classname="tests.test_oanda_paper_clock_full.TestStatusWithStamp" name="test_status_read_error_returns_not_started" time="0.008" /><testcase classname="tests.test_oanda_paper_clock_full.TestStatusWithStamp" name="test_status_remaining_days_positive" time="0.008" /><testcase classname="tests.test_oanda_paper_clock_full.TestHelperMethods" name="test_is_complete_false_when_not_started" time="0.007" /><testcase classname="tests.test_oanda_paper_clock_full.TestHelperMethods" name="test_is_complete_true_after_30_days" time="0.006" /><testcase classname="tests.test_oanda_paper_clock_full.TestHelperMethods" name="test_elapsed_days_zero_when_not_started" time="0.007" /><testcase classname="tests.test_oanda_paper_clock_full.TestHelperMethods" name="test_elapsed_days_positive_after_start" time="0.007" /><testcase classname="tests.test_oanda_paper_clock_full.TestReset" name="test_reset_deletes_stamp" time="0.009" /><testcase classname="tests.test_oanda_paper_clock_full.TestReset" name="test_reset_no_stamp_no_error" time="0.007" /><testcase classname="tests.test_oanda_paper_clock_full.TestSharpeStatus" name="test_sharpe_status_unavailable_when_no_tracker" time="0.007" /><testcase classname="tests.test_oanda_paper_clock_full.TestSharpeStatus" name="test_sharpe_status_with_tracker" time="0.007" /><testcase classname="tests.test_oanda_paper_clock_full.TestRecordFill" name="test_record_fill_no_tracker_returns_empty" time="0.006" /><testcase classname="tests.test_oanda_paper_clock_full.TestRecordFill" name="test_record_fill_with_tracker" time="0.008" /><testcase classname="tests.test_oanda_paper_clock_full.TestRecordFill" name="test_record_fill_prometheus_failure_does_not_raise" time="0.009" /><testcase classname="tests.test_oanda_paper_clock_full.TestGetClock" name="test_singleton_returns_same_instance" time="0.005" /><testcase classname="tests.test_oanda_paper_clock_full.TestGetClock" name="test_singleton_is_clock_instance" time="0.005" /><testcase classname="tests.test_online_learner.TestInitModel" name="test_model_initialised_on_construction" time="0.004" /><testcase classname="tests.test_online_learner.TestInitModel" name="test_scaler_initialised_on_construction" time="0.006" /><testcase classname="tests.test_online_learner.TestInitModel" name="test_sklearn_unavailable_model_is_none" time="0.006" /><testcase classname="tests.test_online_learner.TestPartialFit" name="test_cold_start_first_call" time="0.012" /><testcase classname="tests.test_online_learner.TestPartialFit" name="test_second_call_increments_update_count" time="0.015" /><testcase classname="tests.test_online_learner.TestPartialFit" name="test_feature_build_failure_returns_false" time="0.006" /><testcase classname="tests.test_online_learner.TestPartialFit" name="test_exception_during_fit_returns_false" time="0.009" /><testcase classname="tests.test_online_learner.TestPartialFit" name="test_partial_fit_with_classes_on_cold_start" time="0.011" /><testcase classname="tests.test_online_learner.TestPartialFit" name="test_ewc_anchor_updated_every_n_updates" time="0.085" /><testcase classname="tests.test_online_learner.TestPartialFit" name="test_persist_path_saves_model" time="0.017" /><testcase classname="tests.test_online_learner.TestPredictProba" name="test_returns_none_when_not_fitted" time="0.006" /><testcase classname="tests.test_online_learner.TestPredictProba" name="test_returns_float_after_fit" time="0.013" /><testcase classname="tests.test_online_learner.TestPredictProba" name="test_returns_none_on_all_zero_features" time="0.013" /><testcase classname="tests.test_online_learner.TestPredictProba" name="test_returns_none_on_feature_build_failure" time="0.011" /><testcase classname="tests.test_online_learner.TestGetStats" name="test_initial_stats" time="0.005" /><testcase classname="tests.test_online_learner.TestGetStats" name="test_stats_after_fit" time="0.011" /><testcase classname="tests.test_online_learner.TestGetStats" name="test_stats_contains_rolling_accuracy" time="0.006" /><testcase classname="tests.test_online_learner.TestGetStats" name="test_stats_contains_drift_count" time="0.005" /><testcase classname="tests.test_online_learner.TestExtractFeatures" name="test_returns_array_with_correct_shape" time="0.008" /><testcase classname="tests.test_online_learner.TestExtractFeatures" name="test_returns_none_on_empty_dataframe" time="0.005" /><testcase classname="tests.test_online_learner.TestExtractFeatures" name="test_pads_when_raw_features_too_few" time="0.008" /><testcase classname="tests.test_online_learner.TestExtractFeatures" name="test_truncates_when_raw_features_too_many" time="0.008" /><testcase classname="tests.test_online_learner.TestExtractFeatures" name="test_replaces_nan_with_zero" time="0.008" /><testcase classname="tests.test_online_learner.TestExtractFeatures" name="test_replaces_inf_with_zero" time="0.007" /><testcase classname="tests.test_online_learner.TestExtractLabel" name="test_label_1_when_close_rises" time="0.006" /><testcase classname="tests.test_online_learner.TestExtractLabel" name="test_label_0_when_close_falls" time="0.005" /><testcase classname="tests.test_online_learner.TestExtractLabel" name="test_returns_none_on_missing_close" time="0.005" /><testcase classname="tests.test_online_learner.TestXGBoostOnlineModel" name="test_partial_fit_cold_start_falls_back_to_fit" time="0.264" /><testcase classname="tests.test_online_learner.TestXGBoostOnlineModel" name="test_partial_fit_with_base_model" time="0.297" /><testcase classname="tests.test_online_learner.TestTorchComponents" name="test_ewc_and_online_learner_require_torch" time="0.005"><skipped type="pytest.skip" message="torch is installed — testing torch-absent path not applicable">/home/user/HOPEFX-AI-TRADING/tests/test_online_learner.py:342: torch is installed — testing torch-absent path not applicable</skipped></testcase><testcase classname="tests.test_online_learner.TestTorchComponents" name="test_ewc_compute_loss_no_fisher_returns_zero" time="0.006" /><testcase classname="tests.test_online_learner.TestTorchComponents" name="test_online_learner_no_model_no_optimizer" time="0.005" /><testcase classname="tests.test_online_learner.TestGetOnlineLearner" name="test_singleton_returns_same_instance" time="0.005" /><testcase classname="tests.test_online_learner.TestGetOnlineLearner" name="test_singleton_is_sklearn_learner" time="0.005" /><testcase classname="tests.test_online_learner.TestGetOnlineLearner" name="test_singleton_loads_persisted_state" time="0.016"><failure message="TypeError: cannot pickle '_thread.lock' object">self = &lt;tests.test_online_learner.TestGetOnlineLearner object at 0x7f8824e17910&gt;
tmp_path = PosixPath('/tmp/pytest-of-root/pytest-343/test_singleton_loads_persisted0')

    def test_singleton_loads_persisted_state(self, tmp_path):
        """If persist_path exists, get_online_learner loads it."""
        import joblib

        path = tmp_path / "learner.pkl"
        # Create and persist a learner
        learner = _make_learner(n_features=20, persist_path=str(path))
        bars = _make_bars(50)
        learner.partial_fit(bars)
        # Manually save
&gt;       joblib.dump(learner, str(path))

tests/test_online_learner.py:403:
_ _ _ _ _ _ _ _ _ _ _ _ _ _ _ _ _ _ _ _ _ _ _ _ _ _ _ _ _ _ _ _ _ _ _ _ _ _ _ _

value = &lt;ml.online_learner.SklearnOnlineLearner object at 0x7f88e9c76f10&gt;
filename = '/tmp/pytest-of-root/pytest-343/test_singleton_loads_persisted0/learner.pkl'
compress = 0, protocol = None

    def dump(value, filename, compress=0, protocol=None):
        """Persist an arbitrary Python object into one file.

        Read more in the :ref:`User Guide &lt;persistence&gt;`.

        Parameters
        ----------
        value: any Python object
            The object to store to disk.
        filename: str, pathlib.Path, or file object.
            The file object or path of the file in which it is to be stored.
            The compression method corresponding to one of the supported filename
            extensions ('.z', '.gz', '.bz2', '.xz' or '.lzma') will be used
            automatically.
        compress: int from 0 to 9 or bool or 2-tuple, optional
            Optional compression level for the data. 0 or False is no compression.
            Higher value means more compression, but also slower read and
            write times. Using a value of 3 is often a good compromise.
            See the notes for more details.
            If compress is True, the compression level used is 3.
            If compress is a 2-tuple, the first element must correspond to a string
            between supported compressors (e.g 'zlib', 'gzip', 'bz2', 'lzma'
            'xz'), the second element must be an integer from 0 to 9, corresponding
            to the compression level.
        protocol: int, optional
            Pickle protocol, see pickle.dump documentation for more details.

        Returns
        -------
        filenames: list of strings
            The list of file names in which the data is stored. If
            compress is false, each array is stored in a different file.

        See Also
        --------
        joblib.load : corresponding loader

        Notes
        -----
        Memmapping on load cannot be used for compressed files. Thus
        using compression can significantly slow down loading. In
        addition, compressed files take up extra memory during
        dump and load.

        """

        if Path is not None and isinstance(filename, Path):
            filename = str(filename)

        is_filename = isinstance(filename, str)
        is_fileobj = hasattr(filename, "write")

        compress_method = "zlib"  # zlib is the default compression method.
        if compress is True:
            # By default, if compress is enabled, we want the default compress
            # level of the compressor.
            compress_level = None
        elif isinstance(compress, tuple):
            # a 2-tuple was set in compress
            if len(compress) != 2:
                raise ValueError(
                    "Compress argument tuple should contain exactly 2 elements: "
                    "(compress method, compress level), you passed {}".format(compress)
                )
            compress_method, compress_level = compress
        elif isinstance(compress, str):
            compress_method = compress
            compress_level = None  # Use default compress level
            compress = (compress_method, compress_level)
        else:
            compress_level = compress

        if compress_method == "lz4" and lz4 is None:
            raise ValueError(LZ4_NOT_INSTALLED_ERROR)

        if (
            compress_level is not None
            and compress_level is not False
            and compress_level not in range(10)
        ):
            # Raising an error if a non valid compress level is given.
            raise ValueError(
                'Non valid compress level given: "{}". Possible values are {}.'.format(
                    compress_level, list(range(10))
                )
            )

        if compress_method not in _COMPRESSORS:
            # Raising an error if an unsupported compression method is given.
            raise ValueError(
                'Non valid compression method given: "{}". Possible values are {}.'.format(
                    compress_method, _COMPRESSORS
                )
            )

        if not is_filename and not is_fileobj:
            # People keep inverting arguments, and the resulting error is
            # incomprehensible
            raise ValueError(
                "Second argument should be a filename or a file-like object, "
                "%s (type %s) was given." % (filename, type(filename))
            )

        if is_filename and not isinstance(compress, tuple):
            # In case no explicit compression was requested using both compression
            # method and level in a tuple and the filename has an explicit
            # extension, we select the corresponding compressor.

            # unset the variable to be sure no compression level is set afterwards.
            compress_method = None
            for name, compressor in _COMPRESSORS.items():
                if filename.endswith(compressor.extension):
                    compress_method = name

            if compress_method in _COMPRESSORS and compress_level == 0:
                # we choose the default compress_level in case it was not given
                # as an argument (using compress).
                compress_level = None

        if compress_level != 0:
            with _write_fileobject(
                filename, compress=(compress_method, compress_level)
            ) as f:
                NumpyPickler(f, protocol=protocol).dump(value)
        elif is_filename:
            with open(filename, "wb") as f:
&gt;               NumpyPickler(f, protocol=protocol).dump(value)

/usr/local/lib/python3.11/dist-packages/joblib/numpy_pickle.py:600:
_ _ _ _ _ _ _ _ _ _ _ _ _ _ _ _ _ _ _ _ _ _ _ _ _ _ _ _ _ _ _ _ _ _ _ _ _ _ _ _

self = &lt;joblib.numpy_pickle.NumpyPickler object at 0x7f88e9bd1d10&gt;
obj = &lt;ml.online_learner.SklearnOnlineLearner object at 0x7f88e9c76f10&gt;

    def dump(self, obj):
        """Write a pickled representation of obj to the open file."""
        # Check whether Pickler was initialized correctly. This is
        # only needed to mimic the behavior of _pickle.Pickler.dump().
        if not hasattr(self, "_file_write"):
            raise PicklingError("Pickler.__init__() was not called by "
                                "%s.__init__()" % (self.__class__.__name__,))
        if self.proto &gt;= 2:
            self.write(PROTO + pack("&lt;B", self.proto))
        if self.proto &gt;= 4:
            self.framer.start_framing()
&gt;       self.save(obj)

/usr/lib/python3.11/pickle.py:487:
_ _ _ _ _ _ _ _ _ _ _ _ _ _ _ _ _ _ _ _ _ _ _ _ _ _ _ _ _ _ _ _ _ _ _ _ _ _ _ _

self = &lt;joblib.numpy_pickle.NumpyPickler object at 0x7f88e9bd1d10&gt;
obj = &lt;ml.online_learner.SklearnOnlineLearner object at 0x7f88e9c76f10&gt;

    def save(self, obj):
        """Subclass the Pickler `save` method.

        This is a total abuse of the Pickler class in order to use the numpy
        persistence function `save` instead of the default pickle
        implementation. The numpy array is replaced by a custom wrapper in the
        pickle persistence stack and the serialized array is written right
        after in the file. Warning: the file produced does not follow the
        pickle format. As such it can not be read with `pickle.load`.
        """
        if self.np is not None and type(obj) in (
            self.np.ndarray,
            self.np.matrix,
            self.np.memmap,
        ):
            if type(obj) is self.np.memmap:
                # Pickling doesn't work with memmapped arrays
                obj = self.np.asanyarray(obj)

            # The array wrapper is pickled instead of the real array.
            wrapper = self._create_array_wrapper(obj)
            Pickler.save(self, wrapper)

            # A framer was introduced with pickle protocol 4 and we want to
            # ensure the wrapper object is written before the numpy array
            # buffer in the pickle file.
            # See https://www.python.org/dev/peps/pep-3154/#framing to get
            # more information on the framer behavior.
            if self.proto &gt;= 4:
                self.framer.commit_frame(force=True)

            # And then array bytes are written right after the wrapper.
            wrapper.write_array(obj, self)
            return

&gt;       return Pickler.save(self, obj)
               ^^^^^^^^^^^^^^^^^^^^^^^

/usr/local/lib/python3.11/dist-packages/joblib/numpy_pickle.py:395:
_ _ _ _ _ _ _ _ _ _ _ _ _ _ _ _ _ _ _ _ _ _ _ _ _ _ _ _ _ _ _ _ _ _ _ _ _ _ _ _

self = &lt;joblib.numpy_pickle.NumpyPickler object at 0x7f88e9bd1d10&gt;
obj = &lt;ml.online_learner.SklearnOnlineLearner object at 0x7f88e9c76f10&gt;
save_persistent_id = True

    def save(self, obj, save_persistent_id=True):
        self.framer.commit_frame()

        # Check for persistent id (defined by a subclass)
        pid = self.persistent_id(obj)
        if pid is not None and save_persistent_id:
            self.save_pers(pid)
            return

        # Check the memo
        x = self.memo.get(id(obj))
        if x is not None:
            self.write(self.get(x[0]))
            return

        rv = NotImplemented
        reduce = getattr(self, "reducer_override", None)
        if reduce is not None:
            rv = reduce(obj)

        if rv is NotImplemented:
            # Check the type dispatch table
            t = type(obj)
            f = self.dispatch.get(t)
            if f is not None:
                f(self, obj)  # Call unbound method with explicit self
                return

            # Check private dispatch table if any, or else
            # copyreg.dispatch_table
            reduce = getattr(self, 'dispatch_table', dispatch_table).get(t)
            if reduce is not None:
                rv = reduce(obj)
            else:
                # Check for a class with a custom metaclass; treat as regular
                # class
                if issubclass(t, type):
                    self.save_global(obj)
                    return

                # Check for a __reduce_ex__ method, fall back to __reduce__
                reduce = getattr(obj, "__reduce_ex__", None)
                if reduce is not None:
                    rv = reduce(self.proto)
                else:
                    reduce = getattr(obj, "__reduce__", None)
                    if reduce is not None:
                        rv = reduce()
                    else:
                        raise PicklingError("Can't pickle %r object: %r" %
                                            (t.__name__, obj))

        # Check for string returned by reduce(), meaning "save as global"
        if isinstance(rv, str):
            self.save_global(obj, rv)
            return

        # Assert that reduce() returned a tuple
        if not isinstance(rv, tuple):
            raise PicklingError("%s must return string or tuple" % reduce)

        # Assert that it returned an appropriately sized tuple
        l = len(rv)
        if not (2 &lt;= l &lt;= 6):
            raise PicklingError("Tuple returned by %s must have "
                                "two to six elements" % reduce)

        # Save the reduce() output and finally memoize the object
&gt;       self.save_reduce(obj=obj, *rv)

/usr/lib/python3.11/pickle.py:603:
_ _ _ _ _ _ _ _ _ _ _ _ _ _ _ _ _ _ _ _ _ _ _ _ _ _ _ _ _ _ _ _ _ _ _ _ _ _ _ _

self = &lt;joblib.numpy_pickle.NumpyPickler object at 0x7f88e9bd1d10&gt;
func = &lt;function __newobj__ at 0x7f892d786f20&gt;, args = ()
state = {'_anchor_coef': None, '_anchor_intercept': None, '_base_alpha': 0.0001, '_correct_window': deque([1]), ...}
listitems = None, dictitems = None, state_setter = None

    def save_reduce(self, func, args, state=None, listitems=None,
                    dictitems=None, state_setter=None, *, obj=None):
        # This API is called by some subclasses

        if not isinstance(args, tuple):
            raise PicklingError("args from save_reduce() must be a tuple")
        if not callable(func):
            raise PicklingError("func from save_reduce() must be callable")

        save = self.save
        write = self.write

        func_name = getattr(func, "__name__", "")
        if self.proto &gt;= 2 and func_name == "__newobj_ex__":
            cls, args, kwargs = args
            if not hasattr(cls, "__new__"):
                raise PicklingError("args[0] from {} args has no __new__"
                                    .format(func_name))
            if obj is not None and cls is not obj.__class__:
                raise PicklingError("args[0] from {} args has the wrong class"
                                    .format(func_name))
            if self.proto &gt;= 4:
                save(cls)
                save(args)
                save(kwargs)
                write(NEWOBJ_EX)
            else:
                func = partial(cls.__new__, cls, *args, **kwargs)
                save(func)
                save(())
                write(REDUCE)
        elif self.proto &gt;= 2 and func_name == "__newobj__":
            # A __reduce__ implementation can direct protocol 2 or newer to
            # use the more efficient NEWOBJ opcode, while still
            # allowing protocol 0 and 1 to work normally.  For this to
            # work, the function returned by __reduce__ should be
            # called __newobj__, and its first argument should be a
            # class.  The implementation for __newobj__
            # should be as follows, although pickle has no way to
            # verify this:
            #
            # def __newobj__(cls, *args):
            #     return cls.__new__(cls, *args)
            #
            # Protocols 0 and 1 will pickle a reference to __newobj__,
            # while protocol 2 (and above) will pickle a reference to
            # cls, the remaining args tuple, and the NEWOBJ code,
            # which calls cls.__new__(cls, *args) at unpickling time
            # (see load_newobj below).  If __reduce__ returns a
            # three-tuple, the state from the third tuple item will be
            # pickled regardless of the protocol, calling __setstate__
            # at unpickling time (see load_build below).
            #
            # Note that no standard __newobj__ implementation exists;
            # you have to provide your own.  This is to enforce
            # compatibility with Python 2.2 (pickles written using
            # protocol 0 or 1 in Python 2.3 should be unpicklable by
            # Python 2.2).
            cls = args[0]
            if not hasattr(cls, "__new__"):
                raise PicklingError(
                    "args[0] from __newobj__ args has no __new__")
            if obj is not None and cls is not obj.__class__:
                raise PicklingError(
                    "args[0] from __newobj__ args has the wrong class")
            args = args[1:]
            save(cls)
            save(args)
            write(NEWOBJ)
        else:
            save(func)
            save(args)
            write(REDUCE)

        if obj is not None:
            # If the object is already in the memo, this means it is
            # recursive. In this case, throw away everything we put on the
            # stack, and fetch the object back from the memo.
            if id(obj) in self.memo:
                write(POP + self.get(self.memo[id(obj)][0]))
            else:
                self.memoize(obj)

        # More new special cases (that work with older protocols as
        # well): when __reduce__ returns a tuple with 4 or 5 items,
        # the 4th and 5th item should be iterators that provide list
        # items and dict items (as (key, value) tuples), or None.

        if listitems is not None:
            self._batch_appends(listitems)

        if dictitems is not None:
            self._batch_setitems(dictitems)

        if state is not None:
            if state_setter is None:
&gt;               save(state)

/usr/lib/python3.11/pickle.py:717:
_ _ _ _ _ _ _ _ _ _ _ _ _ _ _ _ _ _ _ _ _ _ _ _ _ _ _ _ _ _ _ _ _ _ _ _ _ _ _ _

self = &lt;joblib.numpy_pickle.NumpyPickler object at 0x7f88e9bd1d10&gt;
obj = {'_anchor_coef': None, '_anchor_intercept': None, '_base_alpha': 0.0001, '_correct_window': deque([1]), ...}

    def save(self, obj):
        """Subclass the Pickler `save` method.

        This is a total abuse of the Pickler class in order to use the numpy
        persistence function `save` instead of the default pickle
        implementation. The numpy array is replaced by a custom wrapper in the
        pickle persistence stack and the serialized array is written right
        after in the file. Warning: the file produced does not follow the
        pickle format. As such it can not be read with `pickle.load`.
        """
        if self.np is not None and type(obj) in (
            self.np.ndarray,
            self.np.matrix,
            self.np.memmap,
        ):
            if type(obj) is self.np.memmap:
                # Pickling doesn't work with memmapped arrays
                obj = self.np.asanyarray(obj)

            # The array wrapper is pickled instead of the real array.
            wrapper = self._create_array_wrapper(obj)
            Pickler.save(self, wrapper)

            # A framer was introduced with pickle protocol 4 and we want to
            # ensure the wrapper object is written before the numpy array
            # buffer in the pickle file.
            # See https://www.python.org/dev/peps/pep-3154/#framing to get
            # more information on the framer behavior.
            if self.proto &gt;= 4:
                self.framer.commit_frame(force=True)

            # And then array bytes are written right after the wrapper.
            wrapper.write_array(obj, self)
            return

&gt;       return Pickler.save(self, obj)
               ^^^^^^^^^^^^^^^^^^^^^^^

/usr/local/lib/python3.11/dist-packages/joblib/numpy_pickle.py:395:
_ _ _ _ _ _ _ _ _ _ _ _ _ _ _ _ _ _ _ _ _ _ _ _ _ _ _ _ _ _ _ _ _ _ _ _ _ _ _ _

self = &lt;joblib.numpy_pickle.NumpyPickler object at 0x7f88e9bd1d10&gt;
obj = {'_anchor_coef': None, '_anchor_intercept': None, '_base_alpha': 0.0001, '_correct_window': deque([1]), ...}
save_persistent_id = True

    def save(self, obj, save_persistent_id=True):
        self.framer.commit_frame()

        # Check for persistent id (defined by a subclass)
        pid = self.persistent_id(obj)
        if pid is not None and save_persistent_id:
            self.save_pers(pid)
            return

        # Check the memo
        x = self.memo.get(id(obj))
        if x is not None:
            self.write(self.get(x[0]))
            return

        rv = NotImplemented
        reduce = getattr(self, "reducer_override", None)
        if reduce is not None:
            rv = reduce(obj)

        if rv is NotImplemented:
            # Check the type dispatch table
            t = type(obj)
            f = self.dispatch.get(t)
            if f is not None:
&gt;               f(self, obj)  # Call unbound method with explicit self
                ^^^^^^^^^^^^

/usr/lib/python3.11/pickle.py:560:
_ _ _ _ _ _ _ _ _ _ _ _ _ _ _ _ _ _ _ _ _ _ _ _ _ _ _ _ _ _ _ _ _ _ _ _ _ _ _ _

self = &lt;joblib.numpy_pickle.NumpyPickler object at 0x7f88e9bd1d10&gt;
obj = {'_anchor_coef': None, '_anchor_intercept': None, '_base_alpha': 0.0001, '_correct_window': deque([1]), ...}

    def save_dict(self, obj):
        if self.bin:
            self.write(EMPTY_DICT)
        else:   # proto 0 -- can't use EMPTY_DICT
            self.write(MARK + DICT)

        self.memoize(obj)
&gt;       self._batch_setitems(obj.items())

/usr/lib/python3.11/pickle.py:972:
_ _ _ _ _ _ _ _ _ _ _ _ _ _ _ _ _ _ _ _ _ _ _ _ _ _ _ _ _ _ _ _ _ _ _ _ _ _ _ _

self = &lt;joblib.numpy_pickle.NumpyPickler object at 0x7f88e9bd1d10&gt;
items = dict_items([('symbol', 'XAUUSD'), ('persist_path', '/tmp/pytest-of-root/pytest-343/test_singleton_loads_persisted0/lea...cked _thread.lock object at 0x7f88e9c75100&gt;), ('_correct_window', deque([1], maxlen=100)), ('_rolling_accuracy', 0.5)])

    def _batch_setitems(self, items):
        # Helper to batch up SETITEMS sequences; proto &gt;= 1 only
        save = self.save
        write = self.write

        if not self.bin:
            for k, v in items:
                save(k)
                save(v)
                write(SETITEM)
            return

        it = iter(items)
        while True:
            tmp = list(islice(it, self._BATCHSIZE))
            n = len(tmp)
            if n &gt; 1:
                write(MARK)
                for k, v in tmp:
                    save(k)
&gt;                   save(v)

/usr/lib/python3.11/pickle.py:998:
_ _ _ _ _ _ _ _ _ _ _ _ _ _ _ _ _ _ _ _ _ _ _ _ _ _ _ _ _ _ _ _ _ _ _ _ _ _ _ _

self = &lt;joblib.numpy_pickle.NumpyPickler object at 0x7f88e9bd1d10&gt;
obj = &lt;unlocked _thread.lock object at 0x7f88e9c75100&gt;

    def save(self, obj):
        """Subclass the Pickler `save` method.

        This is a total abuse of the Pickler class in order to use the numpy
        persistence function `save` instead of the default pickle
        implementation. The numpy array is replaced by a custom wrapper in the
        pickle persistence stack and the serialized array is written right
        after in the file. Warning: the file produced does not follow the
        pickle format. As such it can not be read with `pickle.load`.
        """
        if self.np is not None and type(obj) in (
            self.np.ndarray,
            self.np.matrix,
            self.np.memmap,
        ):
            if type(obj) is self.np.memmap:
                # Pickling doesn't work with memmapped arrays
                obj = self.np.asanyarray(obj)

            # The array wrapper is pickled instead of the real array.
            wrapper = self._create_array_wrapper(obj)
            Pickler.save(self, wrapper)

            # A framer was introduced with pickle protocol 4 and we want to
            # ensure the wrapper object is written before the numpy array
            # buffer in the pickle file.
            # See https://www.python.org/dev/peps/pep-3154/#framing to get
            # more information on the framer behavior.
            if self.proto &gt;= 4:
                self.framer.commit_frame(force=True)

            # And then array bytes are written right after the wrapper.
            wrapper.write_array(obj, self)
            return

&gt;       return Pickler.save(self, obj)
               ^^^^^^^^^^^^^^^^^^^^^^^

/usr/local/lib/python3.11/dist-packages/joblib/numpy_pickle.py:395:
_ _ _ _ _ _ _ _ _ _ _ _ _ _ _ _ _ _ _ _ _ _ _ _ _ _ _ _ _ _ _ _ _ _ _ _ _ _ _ _

self = &lt;joblib.numpy_pickle.NumpyPickler object at 0x7f88e9bd1d10&gt;
obj = &lt;unlocked _thread.lock object at 0x7f88e9c75100&gt;
save_persistent_id = True

    def save(self, obj, save_persistent_id=True):
        self.framer.commit_frame()

        # Check for persistent id (defined by a subclass)
        pid = self.persistent_id(obj)
        if pid is not None and save_persistent_id:
            self.save_pers(pid)
            return

        # Check the memo
        x = self.memo.get(id(obj))
        if x is not None:
            self.write(self.get(x[0]))
            return

        rv = NotImplemented
        reduce = getattr(self, "reducer_override", None)
        if reduce is not None:
            rv = reduce(obj)

        if rv is NotImplemented:
            # Check the type dispatch table
            t = type(obj)
            f = self.dispatch.get(t)
            if f is not None:
                f(self, obj)  # Call unbound method with explicit self
                return

            # Check private dispatch table if any, or else
            # copyreg.dispatch_table
            reduce = getattr(self, 'dispatch_table', dispatch_table).get(t)
            if reduce is not None:
                rv = reduce(obj)
            else:
                # Check for a class with a custom metaclass; treat as regular
                # class
                if issubclass(t, type):
                    self.save_global(obj)
                    return

                # Check for a __reduce_ex__ method, fall back to __reduce__
                reduce = getattr(obj, "__reduce_ex__", None)
                if reduce is not None:
&gt;                   rv = reduce(self.proto)
                         ^^^^^^^^^^^^^^^^^^
E                   TypeError: cannot pickle '_thread.lock' object

/usr/lib/python3.11/pickle.py:578: TypeError</failure></testcase><testcase classname="tests.test_order_gateway_integration.TestSuccessfulFill" name="test_send_order_delegates_to_executor" time="0.010" /><testcase classname="tests.test_order_gateway_integration.TestSuccessfulFill" name="test_send_order_async_delegates_to_executor" time="0.009" /><testcase classname="tests.test_order_gateway_integration.TestSuccessfulFill" name="test_sell_order_maps_action_correctly" time="0.008" /><testcase classname="tests.test_order_gateway_integration.TestBrokerException" name="test_broker_timeout_returns_error_result" time="0.011" /><testcase classname="tests.test_order_gateway_integration.TestBrokerException" name="test_broker_connection_error_returns_error_result" time="0.009" /><testcase classname="tests.test_order_gateway_integration.TestBrokerException" name="test_broker_generic_exception_returns_error_result" time="0.011" /><testcase classname="tests.test_order_gateway_integration.TestBrokerException" name="test_async_broker_timeout_returns_error_result" time="0.013" /><testcase classname="tests.test_order_gateway_integration.TestBrokerException" name="test_send_order_never_raises" time="0.008" /><testcase classname="tests.test_order_gateway_integration.TestBrokerException" name="test_send_order_async_never_raises" time="0.012" /><testcase classname="tests.test_order_gateway_integration.TestBrokerException" name="test_send_order_async_no_executor_returns_rejected" time="0.008" /><testcase classname="tests.test_order_gateway_integration.TestBrokerException" name="test_no_executor_returns_rejected" time="0.006" /><testcase classname="tests.test_order_gateway_integration.TestPartialFill" name="test_partial_fill_marks_order_partially_filled" time="0.008" /><testcase classname="tests.test_order_gateway_integration.TestPartialFill" name="test_partial_fill_commission_recorded" time="0.010" /><testcase classname="tests.test_order_gateway_integration.TestPartialFill" name="test_async_partial_fill" time="0.010" /><testcase classname="tests.test_order_gateway_integration.TestPartialFill" name="test_full_fill_after_partial_marks_filled" time="0.009" /><testcase classname="tests.test_order_gateway_integration.TestOrderRejection" name="test_broker_rejection_marks_order_rejected" time="0.009" /><testcase classname="tests.test_order_gateway_integration.TestOrderRejection" name="test_handle_rejection_marks_order_rejected" time="0.007" /><testcase classname="tests.test_order_gateway_integration.TestOrderRejection" name="test_handle_rejection_unknown_order_does_not_raise" time="0.007" /><testcase classname="tests.test_order_gateway_integration.TestOrderRejection" name="test_async_rejection" time="0.008" /><testcase classname="tests.test_order_gateway_integration.TestOrderRejection" name="test_pre_trade_gate_rejection_propagates" time="0.008" /><testcase classname="tests.test_order_gateway_integration.TestKillSwitchActive" name="test_kill_switch_active_blocks_order_via_executor" time="0.013" /><testcase classname="tests.test_order_gateway_integration.TestKillSwitchActive" name="test_kill_switch_active_blocks_async_order" time="0.008" /><testcase classname="tests.test_order_gateway_integration.TestKillSwitchActive" name="test_kill_switch_exception_from_executor_handled" time="0.011" /><testcase classname="tests.test_order_gateway_integration.TestKillSwitchActive" name="test_multiple_orders_all_blocked_when_kill_switch_active" time="0.012" /><testcase classname="tests.test_order_gateway_integration.TestCommissionTracking" name="test_track_commissions_sums_all_orders" time="0.011" /><testcase classname="tests.test_order_gateway_integration.TestCommissionTracking" name="test_rejected_orders_contribute_zero_commission" time="0.007" /><testcase classname="tests.test_order_gateway_integration.TestOrderCreation" name="test_create_order_registers_in_registry" time="0.007" /><testcase classname="tests.test_order_gateway_integration.TestOrderCreation" name="test_create_order_initial_state" time="0.008" /><testcase classname="tests.test_order_gateway_integration.TestOrderCreation" name="test_order_fill_raises_on_overfill" time="0.007" /><testcase classname="tests.test_paper_runner.TestTickSignalEngine" name="test_no_signal_on_first_tick" time="0.007" /><testcase classname="tests.test_paper_runner.TestTickSignalEngine" name="test_no_signal_during_warmup" time="0.006" /><testcase classname="tests.test_paper_runner.TestTickSignalEngine" name="test_buy_signal_on_upward_crossover" time="0.006" /><testcase classname="tests.test_paper_runner.TestTickSignalEngine" name="test_sell_signal_on_downward_crossover" time="0.006" /><testcase classname="tests.test_paper_runner.TestTickSignalEngine" name="test_confidence_threshold_filters_weak_signals" time="0.006" /><testcase classname="tests.test_paper_runner.TestTickSignalEngine" name="test_signal_dict_has_required_keys" time="0.005" /><testcase classname="tests.test_paper_runner.TestTickSignalEngine" name="test_status_returns_correct_state" time="0.005" /><testcase classname="tests.test_paper_runner.TestOandaPricePoll" name="test_offline_returns_none_without_credentials" time="0.006" /><testcase classname="tests.test_paper_runner.TestFillRecorder" name="test_fill_count_increments" time="0.007" /><testcase classname="tests.test_paper_runner.TestFillRecorder" name="test_summary_returns_fills" time="0.006" /><testcase classname="tests.test_paper_runner.TestFillRecorder" name="test_summary_caps_at_20_fills" time="0.011" /><testcase classname="tests.test_paper_runner.TestFIXRouterPaperMode" name="test_paper_broker_initialised_when_paper_mode" time="0.024" /><testcase classname="tests.test_paper_runner.TestFIXRouterPaperMode" name="test_metrics_exposes_paper_mode" time="0.017" /><testcase classname="tests.test_paper_runner.TestFIXRouterPaperMode" name="test_send_paper_produces_fill" time="0.020" /><testcase classname="tests.test_paper_runner.TestFIXRouterPaperMode" name="test_route_publishes_fill_confirmation" time="0.070" /><testcase classname="tests.test_paper_runner.TestPaperRunnerHelpers" name="test_enforce_paper_mode_exits_when_not_set" time="0.007" /><testcase classname="tests.test_paper_runner.TestPaperRunnerHelpers" name="test_enforce_paper_mode_passes_when_set" time="0.005" /><testcase classname="tests.test_paper_runner.TestPaperRunnerHelpers" name="test_offline_tick_returns_price_from_broker_table" time="0.017" /><testcase classname="tests.test_paper_runner.TestPaperRunnerHelpers" name="test_ensure_clock_started_stamps_when_missing" time="0.008" /><testcase classname="tests.test_paper_runner.TestResetPaperClock" name="test_reset_oanda_paper_clock_dry_run" time="0.007" /><testcase classname="tests.test_paper_runner.TestResetPaperClock" name="test_reset_oanda_paper_clock_writes_stamp" time="0.008" /><testcase classname="tests.test_paper_runner.TestResetPaperClock" name="test_reset_paper_trading_gate_clears_fills" time="0.008" /><testcase classname="tests.test_paper_runner.TestMainLoopPaperMode" name="test_paper_mode_skips_oanda_hard_required" time="0.012" /><testcase classname="tests.test_paper_runner.TestMainLoopPaperMode" name="test_live_mode_requires_oanda_credentials" time="0.008" /><testcase classname="tests.test_paper_runner.TestRunPipeline" name="test_paper_pipeline_listed_when_paper_trading_env" time="0.007" /><testcase classname="tests.test_paper_runner.TestRunPipeline" name="test_live_pipeline_listed_when_live_mode" time="0.006" /><testcase classname="tests.test_paper_trading_broker.TestConnectDisconnect" name="test_connect_sets_connected" time="0.013" /><testcase classname="tests.test_paper_trading_broker.TestConnectDisconnect" name="test_disconnect_sets_disconnected" time="0.015" /><testcase classname="tests.test_paper_trading_broker.TestConnectDisconnect" name="test_context_manager" time="0.015" /><testcase classname="tests.test_paper_trading_broker.TestGetAccountInfo" name="test_returns_account_info_with_balance" time="0.012" /><testcase classname="tests.test_paper_trading_broker.TestGetAccountInfo" name="test_positions_count_reflects_open_positions" time="0.012" /><testcase classname="tests.test_paper_trading_broker.TestPlaceOrder" name="test_market_buy_fills_immediately" time="0.012" /><testcase classname="tests.test_paper_trading_broker.TestPlaceOrder" name="test_market_sell_fills_immediately" time="0.011" /><testcase classname="tests.test_paper_trading_broker.TestPlaceOrder" name="test_limit_order_is_open" time="0.011" /><testcase classname="tests.test_paper_trading_broker.TestPlaceOrder" name="test_raises_when_not_connected" time="0.010" /><testcase classname="tests.test_paper_trading_broker.TestPlaceOrder" name="test_unknown_symbol_uses_default_price" time="0.011" /><testcase classname="tests.test_paper_trading_broker.TestPlaceOrder" name="test_order_stored_in_orders_dict" time="0.012" /><testcase classname="tests.test_paper_trading_broker.TestPlaceOrder" name="test_market_order_creates_position" time="0.013" /><testcase classname="tests.test_paper_trading_broker.TestPlaceOrder" name="test_commission_deducted_when_set" time="0.011" /><testcase classname="tests.test_paper_trading_broker.TestPlaceOrder" name="test_stop_order_is_open" time="0.013" /><testcase classname="tests.test_paper_trading_broker.TestCancelOrder" name="test_cancel_open_limit_order" time="0.012" /><testcase classname="tests.test_paper_trading_broker.TestCancelOrder" name="test_cancel_nonexistent_order_returns_false" time="0.011" /><testcase classname="tests.test_paper_trading_broker.TestCancelOrder" name="test_cancel_filled_order_returns_false" time="0.011" /><testcase classname="tests.test_paper_trading_broker.TestGetPositions" name="test_returns_empty_initially" time="0.011" /><testcase classname="tests.test_paper_trading_broker.TestGetPositions" name="test_returns_position_after_buy" time="0.013" /><testcase classname="tests.test_paper_trading_broker.TestGetPositions" name="test_position_price_updated_from_market_prices" time="0.013" /><testcase classname="tests.test_paper_trading_broker.TestClosePosition" name="test_close_existing_position" time="0.010" /><testcase classname="tests.test_paper_trading_broker.TestClosePosition" name="test_close_nonexistent_position_returns_false" time="0.010" /><testcase classname="tests.test_paper_trading_broker.TestClosePosition" name="test_close_position_updates_balance" time="0.011" /><testcase classname="tests.test_paper_trading_broker.TestPlaceMarketOrderAsync" name="test_async_buy_fills" time="0.016" /><testcase classname="tests.test_paper_trading_broker.TestPlaceMarketOrderAsync" name="test_async_sell_fills" time="0.013" /><testcase classname="tests.test_paper_trading_broker.TestCloseAllPositions" name="test_closes_all_positions" time="0.015" /><testcase classname="tests.test_paper_trading_broker.TestEquityHistory" name="test_equity_history_seeded_at_init" time="0.011" /><testcase classname="tests.test_paper_trading_broker.TestEquityHistory" name="test_equity_snapshot_after_fill" time="0.011" /><testcase classname="tests.test_paper_trading_broker.TestEquityHistory" name="test_get_equity_history_returns_list" time="0.010" /><testcase classname="tests.test_paper_trading_broker.TestDeductCommission" name="test_zero_commission_per_lot_returns_zero" time="0.011" /><testcase classname="tests.test_paper_trading_broker.TestDeductCommission" name="test_commission_deducted_from_balance" time="0.010" /><testcase classname="tests.test_paper_trading_broker.TestGetMarketData" name="test_returns_list_of_ohlcv" time="0.010" /><testcase classname="tests.test_paper_trading_broker.TestBrokerInitDataclasses" name="test_order_remaining_quantity" time="0.006" /><testcase classname="tests.test_paper_trading_broker.TestBrokerInitDataclasses" name="test_order_is_complete_filled" time="0.006" /><testcase classname="tests.test_paper_trading_broker.TestBrokerInitDataclasses" name="test_order_is_complete_pending" time="0.005" /><testcase classname="tests.test_paper_trading_broker.TestBrokerInitDataclasses" name="test_order_to_dict" time="0.005" /><testcase classname="tests.test_paper_trading_broker.TestBrokerInitDataclasses" name="test_position_market_value" time="0.004" /><testcase classname="tests.test_paper_trading_broker.TestBrokerInitDataclasses" name="test_position_total_pnl" time="0.005" /><testcase classname="tests.test_paper_trading_broker.TestBrokerInitDataclasses" name="test_position_update_price_long" time="0.005" /><testcase classname="tests.test_paper_trading_broker.TestBrokerInitDataclasses" name="test_position_update_price_short" time="0.006" /><testcase classname="tests.test_paper_trading_broker.TestBrokerInitDataclasses" name="test_position_to_dict" time="0.005" /><testcase classname="tests.test_paper_trading_gate" name="test_state_persists_across_instances" time="0.008" /><testcase classname="tests.test_paper_trading_gate" name="test_state_file_created_on_save" time="0.008" /><testcase classname="tests.test_paper_trading_gate" name="test_set_run_start_defaults_to_now" time="0.007" /><testcase classname="tests.test_paper_trading_gate" name="test_set_run_start_accepts_explicit_datetime" time="0.008" /><testcase classname="tests.test_paper_trading_gate" name="test_elapsed_days_zero_when_not_started" time="0.006" /><testcase classname="tests.test_paper_trading_gate" name="test_elapsed_days_correct" time="0.007" /><testcase classname="tests.test_paper_trading_gate" name="test_record_fill_increments_counter" time="0.008" /><testcase classname="tests.test_paper_trading_gate" name="test_record_fill_persists" time="0.008" /><testcase classname="tests.test_paper_trading_gate" name="test_phase2_not_ready_when_not_started" time="0.006" /><testcase classname="tests.test_paper_trading_gate" name="test_phase2_not_ready_before_30_days" time="0.008" /><testcase classname="tests.test_paper_trading_gate" name="test_phase2_ready_after_30_days" time="0.008" /><testcase classname="tests.test_paper_trading_gate" name="test_phase2_sharpe_gate_blocks_on_large_drop" time="0.009" /><testcase classname="tests.test_paper_trading_gate" name="test_phase2_sharpe_gate_passes_on_small_drop" time="0.009" /><testcase classname="tests.test_paper_trading_gate" name="test_phase3_not_ready_insufficient_fills" time="0.007" /><testcase classname="tests.test_paper_trading_gate" name="test_phase3_not_ready_insufficient_days" time="0.007" /><testcase classname="tests.test_paper_trading_gate" name="test_phase3_ready_when_all_gates_pass" time="0.007" /><testcase classname="tests.test_paper_trading_gate" name="test_status_contains_all_keys" time="0.007" /><testcase classname="tests.test_paper_trading_gate" name="test_gate_endpoint_returns_200" time="0.019" /><testcase classname="tests.test_paper_trading_gate" name="test_gate_fill_endpoint_records_fill" time="0.014" /><testcase classname="tests.test_paper_trading_gate" name="test_paper_trading_status_endpoint" time="0.013" /><testcase classname="tests.test_paper_trading_gate" name="test_validate_oanda_gate_flag_runs" time="0.140" /><testcase classname="tests.test_password_reset_flow.TestRequestPasswordReset" name="test_unknown_email_returns_success_no_token" time="0.007" /><testcase classname="tests.test_password_reset_flow.TestRequestPasswordReset" name="test_known_email_returns_token" time="0.006" /><testcase classname="tests.test_password_reset_flow.TestRequestPasswordReset" name="test_token_hash_stored_on_user" time="0.005" /><testcase classname="tests.test_password_reset_flow.TestRequestPasswordReset" name="test_expiry_set_to_one_hour" time="0.006" /><testcase classname="tests.test_password_reset_flow.TestRequestPasswordReset" name="test_email_normalised_to_lowercase" time="0.005" /><testcase classname="tests.test_password_reset_flow.TestResetPassword" name="test_valid_token_resets_password" time="0.313" /><testcase classname="tests.test_password_reset_flow.TestResetPassword" name="test_invalid_token_returns_error" time="0.004" /><testcase classname="tests.test_password_reset_flow.TestResetPassword" name="test_expired_token_returns_error" time="0.005" /><testcase classname="tests.test_password_reset_flow.TestResetPassword" name="test_short_password_rejected" time="0.006" /><testcase classname="tests.test_password_reset_flow.TestResetPassword" name="test_sessions_revoked_after_reset" time="0.311" /><testcase classname="tests.test_password_reset_flow.TestResetPassword" name="test_password_stored_as_bcrypt_hash" time="0.617" /><testcase classname="tests.test_password_reset_flow.TestPasswordResetRouter" name="test_forgot_password_always_200" time="0.036" /><testcase classname="tests.test_password_reset_flow.TestPasswordResetRouter" name="test_reset_password_success_200" time="0.028" /><testcase classname="tests.test_password_reset_flow.TestPasswordResetRouter" name="test_reset_password_bad_token_400" time="0.030" /><testcase classname="tests.test_performance_monitor.TestVersionWindow" name="test_initial_state" time="0.005" /><testcase classname="tests.test_performance_monitor.TestVersionWindow" name="test_record_increments_counts" time="0.005" /><testcase classname="tests.test_performance_monitor.TestVersionWindow" name="test_mean_pnl_correct" time="0.006" /><testcase classname="tests.test_performance_monitor.TestVersionWindow" name="test_rolling_window_evicts_oldest" time="0.005" /><testcase classname="tests.test_performance_monitor.TestVersionWindow" name="test_mean_pnl_none_when_empty" time="0.005" /><testcase classname="tests.test_performance_monitor.TestModelPerformanceMonitor" name="test_initial_status" time="0.006" /><testcase classname="tests.test_performance_monitor.TestModelPerformanceMonitor" name="test_on_model_promoted_sets_versions" time="0.006" /><testcase classname="tests.test_performance_monitor.TestModelPerformanceMonitor" name="test_on_model_promoted_no_duplicate_window" time="0.007" /><testcase classname="tests.test_performance_monitor.TestModelPerformanceMonitor" name="test_record_trade_uses_current_version" time="0.007" /><testcase classname="tests.test_performance_monitor.TestModelPerformanceMonitor" name="test_record_trade_explicit_version" time="0.005" /><testcase classname="tests.test_performance_monitor.TestModelPerformanceMonitor" name="test_record_trade_no_version_noop" time="0.005" /><testcase classname="tests.test_performance_monitor.TestModelPerformanceMonitor" name="test_get_stats_returns_all_versions" time="0.007" /><testcase classname="tests.test_performance_monitor.TestModelPerformanceMonitor" name="test_stop_sets_running_false" time="0.006" /><testcase classname="tests.test_performance_monitor.TestShouldRollback" name="test_no_rollback_when_current_better" time="0.006" /><testcase classname="tests.test_performance_monitor.TestShouldRollback" name="test_rollback_condition1_prev_positive_cur_below_threshold" time="0.006" /><testcase classname="tests.test_performance_monitor.TestShouldRollback" name="test_no_rollback_condition1_cur_just_above_threshold" time="0.005" /><testcase classname="tests.test_performance_monitor.TestShouldRollback" name="test_rollback_condition2_prev_negative_cur_worse" time="0.006" /><testcase classname="tests.test_performance_monitor.TestShouldRollback" name="test_no_rollback_condition2_prev_negative_cur_same" time="0.005" /><testcase classname="tests.test_performance_monitor.TestShouldRollback" name="test_rollback_condition3_absolute_loss_no_prev" time="0.004" /><testcase classname="tests.test_performance_monitor.TestShouldRollback" name="test_no_rollback_condition3_cur_above_threshold" time="0.007" /><testcase classname="tests.test_performance_monitor.TestShouldRollback" name="test_no_rollback_prev_none_cur_positive" time="0.006" /><testcase classname="tests.test_performance_monitor.TestEvaluateEarlyExits" name="test_evaluate_no_current_version" time="0.009" /><testcase classname="tests.test_performance_monitor.TestEvaluateEarlyExits" name="test_evaluate_no_previous_version" time="0.009" /><testcase classname="tests.test_performance_monitor.TestEvaluateEarlyExits" name="test_evaluate_insufficient_trades" time="0.008" /><testcase classname="tests.test_performance_monitor.TestEvaluateEarlyExits" name="test_evaluate_cur_mean_none" time="0.008" /><testcase classname="tests.test_performance_monitor.TestEvaluateEarlyExits" name="test_evaluate_triggers_rollback" time="0.010" /><testcase classname="tests.test_performance_monitor.TestRollback" name="test_rollback_success_path" time="0.014" /><testcase classname="tests.test_performance_monitor.TestRollback" name="test_rollback_restages_retired_version" time="0.012" /><testcase classname="tests.test_performance_monitor.TestRollback" name="test_rollback_registry_promote_raises" time="0.010" /><testcase classname="tests.test_performance_monitor.TestFireRollbackAlert" name="test_outbox_write_called" time="0.008" /><testcase classname="tests.test_performance_monitor.TestFireRollbackAlert" name="test_alert_engine_send_alert_called" time="0.010" /><testcase classname="tests.test_performance_monitor.TestFireRollbackAlert" name="test_outbox_exception_does_not_raise" time="0.008" /><testcase classname="tests.test_performance_monitor.TestFireRollbackAlert" name="test_alert_engine_exception_does_not_raise" time="0.010" /><testcase classname="tests.test_performance_monitor.TestRunLoop" name="test_run_sets_running_true" time="0.008" /><testcase classname="tests.test_performance_monitor.TestRunLoop" name="test_run_cancelled_error_returns_cleanly" time="0.009" /><testcase classname="tests.test_performance_monitor.TestRunLoop" name="test_run_generic_exception_continues" time="0.012" /><testcase classname="tests.test_performance_monitor.TestRunLoop" name="test_run_stop_exits_loop" time="0.010" /><testcase classname="tests.test_performance_monitor.TestGetMonitor" name="test_singleton_returns_same_instance" time="0.005" /><testcase classname="tests.test_performance_monitor.TestGetMonitor" name="test_singleton_is_monitor_instance" time="0.005" /><testcase classname="tests.test_portfolio.TestPortfolioManager" name="test_portfolio_construction" time="0.015" /><testcase classname="tests.test_portfolio.TestPortfolioManager" name="test_correlation_matrix" time="0.006" /><testcase classname="tests.test_portfolio.TestPortfolioManager" name="test_optimization" time="0.785" /><testcase classname="tests.test_portfolio.TestPortfolioManager" name="test_risk_contribution" time="0.008" /><testcase classname="tests.test_pre_trade_gate.TestPreTradeGatePass" name="test_all_checks_pass" time="0.008" /><testcase classname="tests.test_pre_trade_gate.TestPreTradeGatePass" name="test_returns_gate_result_with_order" time="0.009" /><testcase classname="tests.test_pre_trade_gate.TestKillSwitch" name="test_kill_switch_blocks" time="0.006" /><testcase classname="tests.test_pre_trade_gate.TestKillSwitch" name="test_kill_switch_inactive_passes" time="0.008" /><testcase classname="tests.test_pre_trade_gate.TestTradingHalted" name="test_halted_blocks" time="0.009" /><testcase classname="tests.test_pre_trade_gate.TestTradingHalted" name="test_not_halted_passes" time="0.008" /><testcase classname="tests.test_pre_trade_gate.TestDailyLossLimit" name="test_daily_loss_exceeded_blocks" time="0.009" /><testcase classname="tests.test_pre_trade_gate.TestDailyLossLimit" name="test_daily_loss_within_limit_passes" time="0.007" /><testcase classname="tests.test_pre_trade_gate.TestMaxDrawdown" name="test_drawdown_exceeded_blocks" time="0.010" /><testcase classname="tests.test_pre_trade_gate.TestMaxDrawdown" name="test_drawdown_within_limit_passes" time="0.007" /><testcase classname="tests.test_pre_trade_gate.TestCVaRGate" name="test_cvar_breach_blocks" time="0.009" /><testcase classname="tests.test_pre_trade_gate.TestCVaRGate" name="test_cvar_ok_passes" time="0.011" /><testcase classname="tests.test_pre_trade_gate.TestPositionSize" name="test_oversized_order_blocks" time="0.007" /><testcase classname="tests.test_pre_trade_gate.TestPositionSize" name="test_sized_order_passes" time="0.009" /><testcase classname="tests.test_pre_trade_gate.TestMaxOpenPositions" name="test_max_positions_blocks" time="0.008" /><testcase classname="tests.test_pre_trade_gate.TestMaxOpenPositions" name="test_under_limit_passes" time="0.008" /><testcase classname="tests.test_pre_trade_gate.TestRiskManagerError" name="test_risk_manager_exception_raises_risk_manager_error" time="0.012" /><testcase classname="tests.test_pre_trade_gate.TestRiskManagerError" name="test_no_allow_anyway_fallback" time="0.005" /><testcase classname="tests.test_pre_trade_gate.TestGateOrderValidation" name="test_invalid_side_raises" time="0.004" /><testcase classname="tests.test_pre_trade_gate.TestGateOrderValidation" name="test_zero_quantity_raises" time="0.005" /><testcase classname="tests.test_pre_trade_gate.TestGateOrderValidation" name="test_negative_quantity_raises" time="0.004" /><testcase classname="tests.test_production_readiness" name="test_app_imports_with_only_jwt_secret" time="4.050" /><testcase classname="tests.test_production_readiness" name="test_sqlite_engine_no_pool_kwargs" time="0.010" /><testcase classname="tests.test_production_readiness" name="test_postgres_engine_gets_pool_kwargs" time="0.005" /><testcase classname="tests.test_production_readiness" name="test_router_has_api_prefix[api.ml-/api/ml/]" time="0.007" /><testcase classname="tests.test_production_readiness" name="test_router_has_api_prefix[api.admin-/api/admin/]" time="0.006" /><testcase classname="tests.test_production_readiness" name="test_router_has_api_prefix[api.trading-/api/trading/]" time="0.006" /><testcase classname="tests.test_production_readiness" name="test_router_has_api_prefix[api.macro-/api/macro/]" time="0.007" /><testcase classname="tests.test_production_readiness" name="test_router_has_api_prefix[api.watchlist-/api/watchlist/]" time="0.006" /><testcase classname="tests.test_production_readiness" name="test_router_has_api_prefix[api.calendar-/api/calendar/]" time="0.006" /><testcase classname="tests.test_production_readiness" name="test_router_has_api_prefix[api.alerts-/api/alerts/]" time="0.006" /><testcase classname="tests.test_production_readiness" name="test_router_has_api_prefix[api.performance-/api/performance/]" time="0.006" /><testcase classname="tests.test_production_readiness" name="test_router_has_api_prefix[api.broker-/api/broker/]" time="0.006" /><testcase classname="tests.test_production_readiness" name="test_router_has_api_prefix[api.profiles-/api/profiles/]" time="0.006" /><testcase classname="tests.test_production_readiness" name="test_auth_router_prefix" time="0.007" /><testcase classname="tests.test_production_readiness" name="test_change_me_placeholder_rejected_in_dev" time="0.007" /><testcase classname="tests.test_production_readiness" name="test_short_secret_rejected" time="0.007" /><testcase classname="tests.test_production_readiness" name="test_production_redis_url_required_not_redis_host" time="0.008" /><testcase classname="tests.test_production_readiness" name="test_macro_store_singleton_importable" time="0.008" /><testcase classname="tests.test_production_readiness" name="test_leaderboard_route_in_app" time="3.271" /><testcase classname="tests.test_production_wiring.TestFeaturesExtended" name="test_returns_150_plus_features" time="3.574" /><testcase classname="tests.test_production_wiring.TestFeaturesExtended" name="test_no_nan_or_inf" time="3.738" /><testcase classname="tests.test_production_wiring.TestSharpeGate" name="test_n48_blocked" time="0.006" /><testcase classname="tests.test_production_wiring.TestSharpeGate" name="test_n600_passed" time="0.005" /><testcase classname="tests.test_production_wiring.TestSharpeGate" name="test_se_formula" time="0.006" /><testcase classname="tests.test_production_wiring.TestSharpeGate" name="test_se_infinity_on_zero_trades" time="0.005" /><testcase classname="tests.test_production_wiring.TestOandaPaperClock" name="test_status_shape_without_stamp" time="0.007" /><testcase classname="tests.test_production_wiring.TestOandaPaperClock" name="test_maybe_start_writes_stamp" time="0.007" /><testcase classname="tests.test_production_wiring.TestOandaPaperClock" name="test_maybe_start_idempotent" time="0.007" /><testcase classname="tests.test_production_wiring.TestOandaPaperClock" name="test_is_complete_false_before_30_days" time="0.007" /><testcase classname="tests.test_production_wiring.TestOandaPaperClock" name="test_reset_clears_stamp" time="0.007" /><testcase classname="tests.test_production_wiring.TestSentryConfig" name="test_scrub_dict_removes_sensitive_fields" time="0.006" /><testcase classname="tests.test_production_wiring.TestSentryConfig" name="test_scrub_string_strips_bearer" time="0.005" /><testcase classname="tests.test_production_wiring.TestSentryConfig" name="test_scrub_string_strips_email" time="0.005" /><testcase classname="tests.test_production_wiring.TestSentryConfig" name="test_init_sentry_no_dsn_returns_false" time="0.008" /><testcase classname="tests.test_production_wiring.TestSentryConfig" name="test_capture_ml_fallback_no_crash" time="0.006" /><testcase classname="tests.test_production_wiring.TestSentryConfig" name="test_capture_paper_clock_alert_no_crash" time="0.005" /><testcase classname="tests.test_production_wiring.TestSentryConfig" name="test_capture_sharpe_gate_alert_no_crash" time="0.005" /><testcase classname="tests.test_production_wiring.TestSentryConfig" name="test_capture_kill_switch_alert_no_crash" time="0.005" /><testcase classname="tests.test_production_wiring.TestInferenceEngine" name="test_predict_returns_correct_shape" time="0.015" /><testcase classname="tests.test_production_wiring.TestInferenceEngine" name="test_predict_neutral_on_insufficient_bars" time="0.006" /><testcase classname="tests.test_production_wiring.TestInferenceEngine" name="test_predict_direction_valid" time="0.012" /><testcase classname="tests.test_production_wiring.TestInferenceEngine" name="test_health_returns_expected_keys" time="0.006" /><testcase classname="tests.test_production_wiring.TestInferenceEngine" name="test_fallback_true_when_model_missing" time="0.013" /><testcase classname="tests.test_production_wiring.TestMultiSymbolBacktest" name="test_pooled_metrics_zero_trades_blocked" time="0.008" /><testcase classname="tests.test_production_wiring.TestMultiSymbolBacktest" name="test_pooled_metrics_n600_passed" time="0.007" /><testcase classname="tests.test_production_wiring.TestMultiSymbolBacktest" name="test_max_drawdown_known_series" time="0.004" /><testcase classname="tests.test_production_wiring.TestMultiSymbolBacktest" name="test_smoke_run_saves_report" time="0.462" /><testcase classname="tests.test_production_wiring.TestLiveTradingGate" name="test_all_checks_fail_without_env" time="0.014" /><testcase classname="tests.test_production_wiring.TestLiveTradingGate" name="test_kill_switch_check_passes_when_inactive" time="0.006" /><testcase classname="tests.test_production_wiring.TestLiveTradingGate" name="test_feature_flag_blocked_when_unset" time="0.008" /><testcase classname="tests.test_production_wiring.TestLiveTradingGate" name="test_feature_flag_passes_when_set" time="0.010" /><testcase classname="tests.test_production_wiring.TestLiveTradingGate" name="test_status_dict_has_required_keys" time="0.006" /><testcase classname="tests.test_production_wiring.TestStatusEndpoints" name="test_live_trading_gate_endpoint_200" time="0.021" /><testcase classname="tests.test_production_wiring.TestStatusEndpoints" name="test_paper_trading_status_endpoint_200" time="0.016" /><testcase classname="tests.test_production_wiring.TestAppStartsWithoutEnv" name="test_all_new_modules_import_cleanly" time="0.006" /><testcase classname="tests.test_production_wiring.TestAppStartsWithoutEnv" name="test_inference_engine_singleton_no_crash" time="0.005" /><testcase classname="tests.test_production_wiring.TestAppStartsWithoutEnv" name="test_paper_clock_singleton_no_crash" time="0.006" /><testcase classname="tests.test_production_wiring.TestAppStartsWithoutEnv" name="test_live_gate_singleton_no_crash" time="0.006" /><testcase classname="tests.test_proof_artifacts" name="test_performance_json_exists" time="0.005" /><testcase classname="tests.test_proof_artifacts" name="test_performance_has_required_keys" time="0.005" /><testcase classname="tests.test_proof_artifacts" name="test_trade_count_sufficient" time="0.005" /><testcase classname="tests.test_proof_artifacts" name="test_win_rate_plausible" time="0.005" /><testcase classname="tests.test_proof_artifacts" name="test_sharpe_finite_and_nonnegative" time="0.005" /><testcase classname="tests.test_proof_artifacts" name="test_profit_factor_above_one" time="0.005" /><testcase classname="tests.test_proof_artifacts" name="test_real_data_used" time="0.005" /><testcase classname="tests.test_proof_artifacts" name="test_data_source_is_yahoo" time="0.005" /><testcase classname="tests.test_proof_artifacts" name="test_trades_csv_exists" time="0.005" /><testcase classname="tests.test_proof_artifacts" name="test_trades_csv_has_correct_columns" time="0.007" /><testcase classname="tests.test_proof_artifacts" name="test_trades_csv_row_count" time="0.008" /><testcase classname="tests.test_proof_artifacts" name="test_equity_curve_exists" time="0.004" /><testcase classname="tests.test_proof_artifacts" name="test_equity_curve_nonempty" time="0.006" /><testcase classname="tests.test_proof_artifacts" name="test_model_pkl_exists" time="0.005" /><testcase classname="tests.test_proof_artifacts" name="test_model_pkl_loads" time="1.029" /><testcase classname="tests.test_proof_artifacts" name="test_model_bundle_has_required_keys" time="0.142" /><testcase classname="tests.test_proof_artifacts" name="test_model_can_predict" time="0.240" /><testcase classname="tests.test_proof_artifacts" name="test_generate_proof_artifacts_importable" time="0.006" /><testcase classname="tests.test_prop_enforcement.TestDrawdownTracker" name="test_trailing_hwm_rises_with_equity" time="0.005" /><testcase classname="tests.test_prop_enforcement.TestDrawdownTracker" name="test_trailing_hwm_never_decreases" time="0.006" /><testcase classname="tests.test_prop_enforcement.TestDrawdownTracker" name="test_total_drawdown_from_hwm" time="0.006" /><testcase classname="tests.test_prop_enforcement.TestDrawdownTracker" name="test_total_breach_at_10pct" time="0.006" /><testcase classname="tests.test_prop_enforcement.TestDrawdownTracker" name="test_total_alert_at_80pct_of_limit" time="0.005" /><testcase classname="tests.test_prop_enforcement.TestDrawdownTracker" name="test_daily_drawdown_from_open" time="0.005" /><testcase classname="tests.test_prop_enforcement.TestDrawdownTracker" name="test_daily_breach_at_5pct" time="0.006" /><testcase classname="tests.test_prop_enforcement.TestDrawdownTracker" name="test_partial_fill_accumulates" time="0.005" /><testcase classname="tests.test_prop_enforcement.TestDrawdownTracker" name="test_check_modify_blocks_on_breach" time="0.006" /><testcase classname="tests.test_prop_enforcement.TestDrawdownTracker" name="test_check_modify_allows_small_risk" time="0.005" /><testcase classname="tests.test_prop_enforcement.TestDrawdownTracker" name="test_check_modify_blocks_large_risk" time="0.005" /><testcase classname="tests.test_prop_enforcement.TestRiskManagerPropEnforcement" name="test_dd_tracker_initialised" time="0.005" /><testcase classname="tests.test_prop_enforcement.TestRiskManagerPropEnforcement" name="test_update_equity_syncs_drawdown" time="0.005" /><testcase classname="tests.test_prop_enforcement.TestRiskManagerPropEnforcement" name="test_record_partial_fill_updates_daily_pnl" time="0.005" /><testcase classname="tests.test_prop_enforcement.TestRiskManagerPropEnforcement" name="test_check_modify_order_delegates_to_tracker" time="0.006" /><testcase classname="tests.test_prop_enforcement.TestRiskManagerPropEnforcement" name="test_get_drawdown_status_returns_dict" time="0.005" /><testcase classname="tests.test_prop_enforcement.TestBrainRespectsPropHalt" name="test_brain_returns_hold_when_risk_halted" time="0.007" /><testcase classname="tests.test_prop_enforcement.TestBrainRespectsPropHalt" name="test_brain_kill_switch_returns_hold" time="0.008" /><testcase classname="tests.test_prop_enforcement.TestPropFirmConfig" name="test_prop_firm_mode_json_enabled" time="0.005" /><testcase classname="tests.test_prop_enforcement.TestPropFirmConfig" name="test_prop_firm_has_enforcement_block" time="0.005" /><testcase classname="tests.test_prop_enforcement.TestPropFirmConfig" name="test_ftmo_standard_drawdown_limits" time="0.004" /><testcase classname="tests.test_prop_enforcement.TestPropFirmConfig" name="test_goat_funded_uses_balance_mode" time="0.005" /><testcase classname="tests.test_prop_enforcement.TestPropEnforcer80PctAlert" name="test_no_alert_below_80pct_threshold" time="0.005" /><testcase classname="tests.test_prop_enforcement.TestPropEnforcer80PctAlert" name="test_daily_alert_fires_at_80pct_of_limit" time="0.005" /><testcase classname="tests.test_prop_enforcement.TestPropEnforcer80PctAlert" name="test_daily_alert_fires_only_once" time="0.004" /><testcase classname="tests.test_prop_enforcement.TestPropEnforcer80PctAlert" name="test_daily_alert_not_sent_when_breach_occurs" time="0.006" /><testcase classname="tests.test_prop_enforcement.TestPropEnforcer80PctAlert" name="test_daily_alert_reset_after_daily_reset" time="0.006" /><testcase classname="tests.test_prop_enforcement.TestPropEnforcer80PctAlert" name="test_total_alert_fires_at_80pct_of_max_dd" time="0.005" /><testcase classname="tests.test_prop_enforcement.TestPropEnforcer80PctAlert" name="test_total_alert_fires_only_once" time="0.006" /><testcase classname="tests.test_prop_enforcement.TestPropEnforcer80PctAlert" name="test_trading_not_halted_after_80pct_alert" time="0.006" /><testcase classname="tests.test_prop_enforcement.TestPropEnforcer80PctAlert" name="test_alert_message_contains_buffer_info" time="0.005" /><testcase classname="tests.test_prop_enforcement.TestPropEnforcer80PctAlert" name="test_no_alert_without_telegram_credentials" time="0.006" /><testcase classname="tests.test_redis_failure_scenarios.TestTokenBlacklistRedisFailure" name="test_revoke_without_redis_uses_memory" time="0.005" /><testcase classname="tests.test_redis_failure_scenarios.TestTokenBlacklistRedisFailure" name="test_is_revoked_without_redis_falls_back_to_memory" time="0.006" /><testcase classname="tests.test_redis_failure_scenarios.TestTokenBlacklistRedisFailure" name="test_unknown_jti_not_revoked_without_redis" time="0.005" /><testcase classname="tests.test_redis_failure_scenarios.TestTokenBlacklistRedisFailure" name="test_redis_error_during_revoke_falls_back_to_memory" time="0.007" /><testcase classname="tests.test_redis_failure_scenarios.TestTokenBlacklistRedisFailure" name="test_redis_error_during_is_revoked_uses_memory" time="0.007" /><testcase classname="tests.test_redis_failure_scenarios.TestEventBusRedisFailure" name="test_connect_sets_degraded_when_redis_unavailable" time="0.011" /><testcase classname="tests.test_redis_failure_scenarios.TestEventBusRedisFailure" name="test_publish_falls_back_to_local_when_redis_down" time="0.008" /><testcase classname="tests.test_redis_failure_scenarios.TestEventBusRedisFailure" name="test_reconnect_exits_degraded_mode" time="0.011" /><testcase classname="tests.test_redis_failure_scenarios.TestPaperBrokerRedisFailure" name="test_position_stored_in_memory_when_redis_down" time="0.005" /><testcase classname="tests.test_redis_failure_scenarios.TestPaperBrokerRedisFailure" name="test_balance_accessible_without_redis" time="0.006" /><testcase classname="tests.test_redis_failure_scenarios.TestTickCacheWriteFailure" name="test_redis_write_failure_does_not_stop_broadcast" time="0.009" /><testcase classname="tests.test_redis_failure_scenarios.TestTickCacheWriteFailure" name="test_none_redis_does_not_attempt_write" time="0.005" /><testcase classname="tests.test_redis_failure_scenarios.TestBlacklistCycleNoRedis" name="test_revoke_then_check_is_consistent" time="0.006" /><testcase classname="tests.test_research_pipeline_wiring.TestMTFFusionStore" name="test_align_to_h1_returns_dataframe_or_none" time="0.007" /><testcase classname="tests.test_research_pipeline_wiring.TestMTFFusionStore" name="test_is_ready_false_before_bootstrap" time="0.005" /><testcase classname="tests.test_research_pipeline_wiring.TestMTFFusionStore" name="test_feature_flag_off_returns_none_from_signal_engine" time="0.008" /><testcase classname="tests.test_research_pipeline_wiring.TestMTFFusionStore" name="test_feature_flag_on_attempts_store_lookup" time="0.009" /><testcase classname="tests.test_research_pipeline_wiring.TestAnomalyWeightStore" name="test_update_and_score_returns_float_in_0_1" time="0.010" /><testcase classname="tests.test_research_pipeline_wiring.TestAnomalyWeightStore" name="test_weight_is_1_before_warmup" time="0.009" /><testcase classname="tests.test_research_pipeline_wiring.TestAnomalyWeightStore" name="test_feature_flag_off_returns_none_from_signal_engine" time="0.008" /><testcase classname="tests.test_research_pipeline_wiring.TestAnomalyWeightStore" name="test_anomaly_blend_moves_prob_toward_neutral" time="0.005" /><testcase classname="tests.test_research_pipeline_wiring.TestOnlineLearnerStore" name="test_is_ready_false_before_min_fills" time="0.006" /><testcase classname="tests.test_research_pipeline_wiring.TestOnlineLearnerStore" name="test_blend_returns_advanced_prob_when_not_ready" time="0.007" /><testcase classname="tests.test_research_pipeline_wiring.TestOnlineLearnerStore" name="test_feature_flag_off_returns_none_from_signal_engine" time="0.008" /><testcase classname="tests.test_research_pipeline_wiring.TestOnlineLearnerStore" name="test_blend_weights_sum_to_one" time="0.005" /><testcase classname="tests.test_research_pipeline_wiring.TestOnlineLearnerStore" name="test_notify_fill_no_op_when_flag_off" time="0.008" /><testcase classname="tests.test_research_pipeline_wiring.TestDeepEnsembleStore" name="test_load_returns_false_when_model_file_missing" time="0.007" /><testcase classname="tests.test_research_pipeline_wiring.TestDeepEnsembleStore" name="test_blend_returns_advanced_prob_when_not_active" time="0.006" /><testcase classname="tests.test_research_pipeline_wiring.TestDeepEnsembleStore" name="test_feature_flag_off_returns_none_from_signal_engine" time="0.007" /><testcase classname="tests.test_research_pipeline_wiring.TestDeepEnsembleStore" name="test_oos_gate_blocks_low_accuracy_model" time="0.007" /><testcase classname="tests.test_research_pipeline_wiring.TestDeepEnsembleStore" name="test_oos_gate_blocks_high_pvalue_model" time="0.007" /><testcase classname="tests.test_research_pipeline_wiring.TestDeepEnsembleStore" name="test_extract_features_returns_float32_array" time="0.011" /><testcase classname="tests.test_research_pipeline_wiring.TestDeepEnsembleStore" name="test_extract_features_no_nan_inf" time="0.013" /><testcase classname="tests.test_research_pipeline_wiring.TestSignalEngineFullChain" name="test_phase2_anomaly_weight_applied" time="0.008" /><testcase classname="tests.test_research_pipeline_wiring.TestSignalEngineFullChain" name="test_phase3_online_blend_weights" time="0.005" /><testcase classname="tests.test_research_pipeline_wiring.TestSignalEngineFullChain" name="test_phase4_deep_blend_weight" time="0.006" /><testcase classname="tests.test_research_pipeline_wiring.TestSignalEngineFullChain" name="test_all_phases_disabled_returns_base_confidence" time="0.008" /><testcase classname="tests.test_research_pipeline_wiring.TestDeepPredictorInterface" name="test_raises_runtime_error_when_torch_available_false" time="0.010" /><testcase classname="tests.test_research_pipeline_wiring.TestDeepPredictorInterface" name="test_make_sequences_shape" time="0.005" /><testcase classname="tests.test_risk_analytics.TestComputeVaR" name="test_returns_var_result" time="0.009" /><testcase classname="tests.test_risk_analytics.TestComputeVaR" name="test_var_positive" time="0.007" /><testcase classname="tests.test_risk_analytics.TestComputeVaR" name="test_conservative_var_is_max" time="0.007" /><testcase classname="tests.test_risk_analytics.TestComputeVaR" name="test_99_var_greater_than_95" time="0.008" /><testcase classname="tests.test_risk_analytics.TestComputeVaR" name="test_horizon_scaling" time="0.009" /><testcase classname="tests.test_risk_analytics.TestComputeVaR" name="test_fat_tails_cornish_fisher_higher" time="0.008" /><testcase classname="tests.test_risk_analytics.TestComputeVaR" name="test_insufficient_data_raises" time="0.005" /><testcase classname="tests.test_risk_analytics.TestComputeVaR" name="test_invalid_confidence_raises" time="0.005" /><testcase classname="tests.test_risk_analytics.TestComputeES" name="test_returns_es_result" time="0.006" /><testcase classname="tests.test_risk_analytics.TestComputeES" name="test_es_greater_than_var" time="0.008" /><testcase classname="tests.test_risk_analytics.TestComputeES" name="test_es_positive" time="0.006" /><testcase classname="tests.test_risk_analytics.TestComputeES" name="test_conservative_es_is_max" time="0.006" /><testcase classname="tests.test_risk_analytics.TestComputeES" name="test_insufficient_data_raises" time="0.005" /><testcase classname="tests.test_risk_analytics.TestSimulateSlippage" name="test_returns_slip_result" time="0.006" /><testcase classname="tests.test_risk_analytics.TestSimulateSlippage" name="test_p99_greater_than_mean" time="0.005" /><testcase classname="tests.test_risk_analytics.TestSimulateSlippage" name="test_p99_greater_than_p95" time="0.006" /><testcase classname="tests.test_risk_analytics.TestSimulateSlippage" name="test_larger_quantity_higher_impact" time="0.006" /><testcase classname="tests.test_risk_analytics.TestSimulateSlippage" name="test_wider_spread_higher_slippage" time="0.007" /><testcase classname="tests.test_risk_analytics.TestSimulateSlippage" name="test_expected_cost_positive" time="0.006" /><testcase classname="tests.test_risk_analytics.TestSimulateSlippage" name="test_reproducible_with_seed" time="0.008" /><testcase classname="tests.test_risk_analytics.TestComputeRegimeDrift" name="test_stable_regime_low_score" time="0.006" /><testcase classname="tests.test_risk_analytics.TestComputeRegimeDrift" name="test_volatile_regime_detected" time="0.007" /><testcase classname="tests.test_risk_analytics.TestComputeRegimeDrift" name="test_insufficient_data_returns_zero_score" time="0.004" /><testcase classname="tests.test_risk_analytics.TestComputeRegimeDrift" name="test_ks_pvalue_range" time="0.006" /><testcase classname="tests.test_risk_analytics.TestComputeSharpe" name="test_returns_sharpe_result" time="0.006" /><testcase classname="tests.test_risk_analytics.TestComputeSharpe" name="test_positive_sharpe_for_positive_returns" time="0.005" /><testcase classname="tests.test_risk_analytics.TestComputeSharpe" name="test_negative_sharpe_for_negative_returns" time="0.005" /><testcase classname="tests.test_risk_analytics.TestComputeSharpe" name="test_se_positive" time="0.004" /><testcase classname="tests.test_risk_analytics.TestComputeSharpe" name="test_passes_gate_high_sharpe" time="0.006" /><testcase classname="tests.test_risk_analytics.TestComputeSharpe" name="test_fails_gate_low_sharpe" time="0.004" /><testcase classname="tests.test_risk_analytics.TestComputeSharpe" name="test_insufficient_data_raises" time="0.005" /><testcase classname="tests.test_risk_analytics.TestComputeMaxDrawdown" name="test_monotone_increasing_zero_drawdown" time="0.005" /><testcase classname="tests.test_risk_analytics.TestComputeMaxDrawdown" name="test_known_drawdown" time="0.005" /><testcase classname="tests.test_risk_analytics.TestComputeMaxDrawdown" name="test_drawdown_bounded_0_1" time="0.005" /><testcase classname="tests.test_risk_analytics.TestComputeMaxDrawdown" name="test_single_element_returns_zero" time="0.005" /><testcase classname="tests.test_risk_analytics.TestGeneratePreTradeReport" name="test_returns_report" time="0.011" /><testcase classname="tests.test_risk_analytics.TestGeneratePreTradeReport" name="test_approved_for_normal_conditions" time="0.011" /><testcase classname="tests.test_risk_analytics.TestGeneratePreTradeReport" name="test_blocked_on_high_slippage_limit" time="0.010" /><testcase classname="tests.test_risk_analytics.TestGeneratePreTradeReport" name="test_to_dict_contains_required_keys" time="0.010" /><testcase classname="tests.test_risk_analytics.TestGeneratePreTradeReport" name="test_notional_correct" time="0.009" /><testcase classname="tests.test_secrets_management" name="test_generate_token48_length" time="0.005" /><testcase classname="tests.test_secrets_management" name="test_generate_token32_length" time="0.005" /><testcase classname="tests.test_secrets_management" name="test_is_placeholder_detects_change_me" time="0.005" /><testcase classname="tests.test_secrets_management" name="test_is_placeholder_detects_empty" time="0.005" /><testcase classname="tests.test_secrets_management" name="test_is_placeholder_passes_real_secret" time="0.005" /><testcase classname="tests.test_secrets_management" name="test_load_env_parses_correctly" time="0.006" /><testcase classname="tests.test_secrets_management" name="test_write_env_updates_existing_key" time="0.007" /><testcase classname="tests.test_secrets_management" name="test_write_env_appends_new_key" time="0.006" /><testcase classname="tests.test_secrets_management" name="test_generate_writes_all_required_secrets" time="0.006" /><testcase classname="tests.test_secrets_management" name="test_generate_does_not_overwrite_real_value" time="0.008" /><testcase classname="tests.test_secrets_management" name="test_validate_passes_when_all_set" time="0.007" /><testcase classname="tests.test_secrets_management" name="test_validate_fails_when_placeholder" time="0.006" /><testcase classname="tests.test_secrets_management" name="test_validate_fails_when_missing" time="0.007" /><testcase classname="tests.test_secrets_management" name="test_rotate_replaces_key" time="0.010" /><testcase classname="tests.test_secrets_management" name="test_audit_detects_hardcoded_secret" time="0.012" /><testcase classname="tests.test_secrets_management" name="test_audit_passes_clean_file" time="0.008" /><testcase classname="tests.test_secrets_management" name="test_check_env_detects_missing_key" time="0.009" /><testcase classname="tests.test_secrets_management" name="test_check_env_passes_when_complete" time="0.011" /><testcase classname="tests.test_security.TestAuthRoutesDeleted" name="test_routes_py_does_not_exist" time="0.007" /><testcase classname="tests.test_security.TestAuthRoutesDeleted" name="test_no_hardcoded_secret_in_auth_jwt" time="0.006" /><testcase classname="tests.test_security.TestCORSConfiguration" name="test_mobile_api_no_wildcard_with_credentials" time="0.007" /><testcase classname="tests.test_security.TestCORSConfiguration" name="test_mobile_api_v2_no_wildcard_with_credentials" time="0.007" /><testcase classname="tests.test_security.TestCORSConfiguration" name="test_mobile_api_credentials_false" time="0.007" /><testcase classname="tests.test_security.TestCORSConfiguration" name="test_mobile_api_v2_credentials_false" time="0.005" /><testcase classname="tests.test_security.TestStartupValidator" name="test_raises_on_missing_secret_key" time="0.010" /><testcase classname="tests.test_security.TestStartupValidator" name="test_raises_on_weak_secret_key" time="0.010" /><testcase classname="tests.test_security.TestStartupValidator" name="test_raises_on_missing_db_password" time="0.010" /><testcase classname="tests.test_security.TestStartupValidator" name="test_raises_on_invalid_redis_url" time="0.010" /><testcase classname="tests.test_security.TestStartupValidator" name="test_passes_with_valid_env" time="0.009" /><testcase classname="tests.test_security.TestStartupValidator" name="test_invalid_ibkr_port_rejected" time="0.010" /><testcase classname="tests.test_sentry_wiring.TestInitSentryNoDSN" name="test_returns_false_when_dsn_unset" time="0.006" /><testcase classname="tests.test_sentry_wiring.TestInitSentryNoDSN" name="test_returns_false_when_dsn_empty_string" time="0.006" /><testcase classname="tests.test_sentry_wiring.TestInitSentryNoDSN" name="test_does_not_call_sdk_init_when_no_dsn" time="0.012" /><testcase classname="tests.test_sentry_wiring.TestInitSentryWithDSN" name="test_returns_true_when_dsn_set" time="0.054" /><testcase classname="tests.test_sentry_wiring.TestInitSentryWithDSN" name="test_sdk_init_called_with_dsn" time="0.018" /><testcase classname="tests.test_sentry_wiring.TestInitSentryWithDSN" name="test_traces_sample_rate_from_env" time="0.020" /><testcase classname="tests.test_sentry_wiring.TestScrubDict" name="test_scrubs_password" time="0.007" /><testcase classname="tests.test_sentry_wiring.TestScrubDict" name="test_scrubs_api_key" time="0.005" /><testcase classname="tests.test_sentry_wiring.TestScrubDict" name="test_scrubs_token" time="0.006" /><testcase classname="tests.test_sentry_wiring.TestScrubDict" name="test_scrubs_nested_dict" time="0.006" /><testcase classname="tests.test_sentry_wiring.TestScrubDict" name="test_scrubs_list_of_dicts" time="0.005" /><testcase classname="tests.test_sentry_wiring.TestScrubDict" name="test_case_insensitive_key_matching" time="0.007" /><testcase classname="tests.test_sentry_wiring.TestScrubDict" name="test_non_sensitive_fields_unchanged" time="0.006" /><testcase classname="tests.test_sentry_wiring.TestScrubDict" name="test_non_dict_input_returned_unchanged" time="0.006" /><testcase classname="tests.test_sentry_wiring.TestBeforeSend" name="test_drops_health_check_events" time="0.005" /><testcase classname="tests.test_sentry_wiring.TestBeforeSend" name="test_drops_metrics_events" time="0.006" /><testcase classname="tests.test_sentry_wiring.TestBeforeSend" name="test_passes_normal_events" time="0.005" /><testcase classname="tests.test_sentry_wiring.TestBeforeSend" name="test_scrubs_request_data" time="0.006" /><testcase classname="tests.test_sentry_wiring.TestBeforeSend" name="test_scrubs_request_headers" time="0.006" /><testcase classname="tests.test_sentry_wiring.TestBeforeSend" name="test_scrubs_extra_context" time="0.005" /><testcase classname="tests.test_sentry_wiring.TestBeforeSendTransaction" name="test_drops_health_check_transactions" time="0.006" /><testcase classname="tests.test_sentry_wiring.TestBeforeSendTransaction" name="test_drops_metrics_transactions" time="0.006" /><testcase classname="tests.test_sentry_wiring.TestBeforeSendTransaction" name="test_passes_api_transactions" time="0.005" /><testcase classname="tests.test_sentry_wiring.TestCaptureMLFallbackEvent" name="test_calls_capture_message_at_fatal_level" time="0.014" /><testcase classname="tests.test_sentry_wiring.TestCaptureMLFallbackEvent" name="test_does_not_raise_when_sentry_unavailable" time="0.007" /><testcase classname="tests.test_sharpe_tracker_and_lstm.TestSharpeProgressTrackerInit" name="test_default_construction" time="0.005" /><testcase classname="tests.test_sharpe_tracker_and_lstm.TestSharpeProgressTrackerInit" name="test_custom_params" time="0.006" /><testcase classname="tests.test_sharpe_tracker_and_lstm.TestSharpeProgressTrackerInit" name="test_invalid_target_n" time="0.006" /><testcase classname="tests.test_sharpe_tracker_and_lstm.TestSharpeProgressTrackerInit" name="test_invalid_annualise" time="0.005" /><testcase classname="tests.test_sharpe_tracker_and_lstm.TestSharpeProgressTrackerUpdate" name="test_single_trade_insufficient" time="0.005" /><testcase classname="tests.test_sharpe_tracker_and_lstm.TestSharpeProgressTrackerUpdate" name="test_two_trades_computes_sharpe" time="0.004" /><testcase classname="tests.test_sharpe_tracker_and_lstm.TestSharpeProgressTrackerUpdate" name="test_gate_not_passed_below_target_n" time="0.013" /><testcase classname="tests.test_sharpe_tracker_and_lstm.TestSharpeProgressTrackerUpdate" name="test_gate_passed_when_n_and_sharpe_met" time="0.006" /><testcase classname="tests.test_sharpe_tracker_and_lstm.TestSharpeProgressTrackerUpdate" name="test_gate_blocked_when_sharpe_too_low" time="0.006" /><testcase classname="tests.test_sharpe_tracker_and_lstm.TestSharpeProgressTrackerUpdate" name="test_pct_to_gate_caps_at_100" time="0.006" /><testcase classname="tests.test_sharpe_tracker_and_lstm.TestSharpeProgressTrackerUpdate" name="test_annualised_return_and_vol_positive" time="0.008" /><testcase classname="tests.test_sharpe_tracker_and_lstm.TestSharpeProgressTrackerUpdate" name="test_zero_variance_returns_zero_sharpe" time="0.006" /><testcase classname="tests.test_sharpe_tracker_and_lstm.TestSharpeProgressTrackerReset" name="test_reset_clears_returns" time="0.006" /><testcase classname="tests.test_sharpe_tracker_and_lstm.TestSharpeProgressTrackerReset" name="test_reset_then_reuse" time="0.006" /><testcase classname="tests.test_sharpe_tracker_and_lstm.TestSharpeProgressTrackerToDict" name="test_to_dict_matches_status" time="0.007" /><testcase classname="tests.test_sharpe_tracker_and_lstm.TestSharpeProgressTrackerMessage" name="test_message_contains_n_trades" time="0.006" /><testcase classname="tests.test_sharpe_tracker_and_lstm.TestSharpeProgressTrackerMessage" name="test_gate_passed_message" time="0.052" /><testcase classname="tests.test_sharpe_tracker_and_lstm.TestSharpeGateCheck" name="test_blocked_below_target_n" time="0.005" /><testcase classname="tests.test_sharpe_tracker_and_lstm.TestSharpeGateCheck" name="test_passed_at_target_n" time="0.005" /><testcase classname="tests.test_sharpe_tracker_and_lstm.TestSharpeGateCheck" name="test_se_decreases_with_more_trades" time="0.005" /><testcase classname="tests.test_sharpe_tracker_and_lstm.TestSharpeGateCheck" name="test_se_infinite_for_one_trade" time="0.006" /><testcase classname="tests.test_sharpe_tracker_and_lstm.TestSharpeGateCheck" name="test_result_keys_present" time="0.005" /><testcase classname="tests.test_sharpe_tracker_and_lstm.TestLSTMSignalLayerNoModel" name="test_is_available_false_without_model" time="0.006" /><testcase classname="tests.test_sharpe_tracker_and_lstm.TestLSTMSignalLayerNoModel" name="test_predict_returns_neutral_without_model" time="0.006" /><testcase classname="tests.test_sharpe_tracker_and_lstm.TestLSTMSignalLayerNoModel" name="test_predict_returns_neutral_insufficient_bars" time="0.007" /><testcase classname="tests.test_sharpe_tracker_and_lstm.TestLSTMSignalLayerNoModel" name="test_predict_result_has_required_keys" time="0.006" /><testcase classname="tests.test_sharpe_tracker_and_lstm.TestLSTMSignalLayerNoModel" name="test_predict_probability_in_range" time="0.007" /><testcase classname="tests.test_sharpe_tracker_and_lstm.TestLSTMSignalLayerNoModel" name="test_predict_confidence_in_range" time="0.006" /><testcase classname="tests.test_sharpe_tracker_and_lstm.TestLSTMSignalLayerNoModel" name="test_stats_structure" time="0.008" /><testcase classname="tests.test_sharpe_tracker_and_lstm.TestLSTMSignalLayerNoModel" name="test_abstain_count_increments" time="0.008" /><testcase classname="tests.test_sharpe_tracker_and_lstm.TestLSTMSignalLayerNoModel" name="test_load_attempted_only_once" time="0.007" /><testcase classname="tests.test_sharpe_tracker_and_lstm.TestLSTMSignalLayerWithMockModel" name="test_long_signal_above_threshold" time="0.010" /><testcase classname="tests.test_sharpe_tracker_and_lstm.TestLSTMSignalLayerWithMockModel" name="test_short_signal_below_threshold" time="0.007" /><testcase classname="tests.test_sharpe_tracker_and_lstm.TestLSTMSignalLayerWithMockModel" name="test_neutral_in_dead_band" time="0.007" /><testcase classname="tests.test_sharpe_tracker_and_lstm.TestLSTMSignalLayerWithMockModel" name="test_high_confidence_flag" time="0.008" /><testcase classname="tests.test_sharpe_tracker_and_lstm.TestLSTMSignalLayerWithMockModel" name="test_latency_ms_is_positive" time="0.007" /><testcase classname="tests.test_sharpe_tracker_and_lstm.TestLSTMSignalLayerWithMockModel" name="test_inference_exception_returns_neutral" time="0.007" /><testcase classname="tests.test_sharpe_tracker_and_lstm.TestLSTMSignalLayerWithMockModel" name="test_flat_market_returns_neutral" time="0.007" /><testcase classname="tests.test_sharpe_tracker_and_lstm.TestGetLSTMSignalLayerSingleton" name="test_returns_same_instance" time="0.006" /><testcase classname="tests.test_signal_engine_coverage.TestGetSignalEngineStatus" name="test_returns_dict" time="0.005" /><testcase classname="tests.test_signal_engine_coverage.TestGetSignalEngineStatus" name="test_has_ml_available_key" time="0.005" /><testcase classname="tests.test_signal_engine_coverage.TestGetSignalEngineStatus" name="test_has_symbols_key" time="0.006" /><testcase classname="tests.test_signal_engine_coverage.TestGetSignalEngineStatus" name="test_has_auto_trade_key" time="0.005" /><testcase classname="tests.test_signal_engine_coverage.TestGetSignalEngineStatus" name="test_running_is_bool" time="0.009" /><testcase classname="tests.test_signal_engine_coverage.TestGetSignalEngineStatus" name="test_has_phase_keys" time="0.005" /><testcase classname="tests.test_signal_engine_coverage.TestGetSignalEngineStatus" name="test_phase2_anomaly_default" time="0.006" /><testcase classname="tests.test_signal_engine_coverage.TestGetSignalEngineStatus" name="test_phase3_online_default" time="0.005" /><testcase classname="tests.test_signal_engine_coverage.TestGetSignalEngineStatus" name="test_phase4_deep_default" time="0.005" /><testcase classname="tests.test_signal_engine_coverage.TestBuildOhlcvDf" name="test_returns_dataframe" time="0.006" /><testcase classname="tests.test_signal_engine_coverage.TestBuildOhlcvDf" name="test_correct_length" time="0.006" /><testcase classname="tests.test_signal_engine_coverage.TestBuildOhlcvDf" name="test_has_ohlcv_columns" time="0.005" /><testcase classname="tests.test_signal_engine_coverage.TestBuildOhlcvDf" name="test_last_bar_overwritten" time="0.006" /><testcase classname="tests.test_signal_engine_coverage.TestBuildOhlcvDf" name="test_single_bar" time="0.005" /><testcase classname="tests.test_signal_engine_coverage.TestBuildOhlcvDf" name="test_mismatched_highs_falls_back_to_prices" time="0.006" /><testcase classname="tests.test_signal_engine_coverage.TestComputeAtr" name="test_returns_positive" time="0.005" /><testcase classname="tests.test_signal_engine_coverage.TestComputeAtr" name="test_insufficient_bars_returns_fallback" time="0.005" /><testcase classname="tests.test_signal_engine_coverage.TestComputeAtr" name="test_wide_range_greater_than_tight" time="0.004" /><testcase classname="tests.test_signal_engine_coverage.TestComputeAtr" name="test_exactly_14_bars" time="0.006" /><testcase classname="tests.test_signal_engine_coverage.TestResolveSlTp" name="test_uses_signal_values_when_present" time="0.005" /><testcase classname="tests.test_signal_engine_coverage.TestResolveSlTp" name="test_buy_no_bar_data_sl_below_entry" time="0.006" /><testcase classname="tests.test_signal_engine_coverage.TestResolveSlTp" name="test_sell_no_bar_data_sl_above_entry" time="0.006" /><testcase classname="tests.test_signal_engine_coverage.TestResolveSlTp" name="test_buy_with_bar_data_atr_based" time="0.006" /><testcase classname="tests.test_signal_engine_coverage.TestResolveSlTp" name="test_sell_with_bar_data_atr_based" time="0.005" /><testcase classname="tests.test_signal_engine_coverage.TestResolveSlTp" name="test_none_signal_no_bar_data" time="0.006" /><testcase classname="tests.test_signal_engine_coverage.TestResolveSlTp" name="test_fallback_fracs_applied" time="0.006" /><testcase classname="tests.test_signal_engine_coverage.TestResolveExecutionSlTp" name="test_uses_payload_values_when_present" time="0.005" /><testcase classname="tests.test_signal_engine_coverage.TestResolveExecutionSlTp" name="test_computes_buy_no_bar_data" time="0.006" /><testcase classname="tests.test_signal_engine_coverage.TestResolveExecutionSlTp" name="test_computes_buy_with_bar_data" time="0.006" /><testcase classname="tests.test_signal_engine_coverage.TestResolveExecutionSlTp" name="test_computes_sell_no_bar_data" time="0.004" /><testcase classname="tests.test_signal_engine_coverage.TestResolveExecutionSlTp" name="test_partial_payload_missing_tp" time="0.007" /><testcase classname="tests.test_signal_engine_coverage.TestEstimateAnnualisedVolatility" name="test_returns_float" time="0.004" /><testcase classname="tests.test_signal_engine_coverage.TestEstimateAnnualisedVolatility" name="test_returns_baseline_when_too_few_prices" time="0.007" /><testcase classname="tests.test_signal_engine_coverage.TestEstimateAnnualisedVolatility" name="test_returns_baseline_on_none_data" time="0.006" /><testcase classname="tests.test_signal_engine_coverage.TestEstimateAnnualisedVolatility" name="test_returns_positive_with_sufficient_data" time="0.005" /><testcase classname="tests.test_signal_engine_coverage.TestEstimateAnnualisedVolatility" name="test_constant_prices_returns_zero_vol" time="0.007" /><testcase classname="tests.test_signal_engine_coverage.TestBuildOhlcvProxy" name="test_returns_none_on_empty_dict" time="0.004" /><testcase classname="tests.test_signal_engine_coverage.TestBuildOhlcvProxy" name="test_returns_none_on_none" time="0.009" /><testcase classname="tests.test_signal_engine_coverage.TestBuildOhlcvProxy" name="test_returns_none_when_prices_missing" time="0.006" /><testcase classname="tests.test_signal_engine_coverage.TestBuildOhlcvProxy" name="test_returns_dataframe_with_full_data" time="0.006" /><testcase classname="tests.test_signal_engine_coverage.TestBuildOhlcvProxy" name="test_correct_length" time="0.006" /><testcase classname="tests.test_signal_engine_coverage.TestRunSignalFilter" name="test_passes_when_filter_module_passes" time="0.008" /><testcase classname="tests.test_signal_engine_coverage.TestRunSignalFilter" name="test_blocked_when_filter_module_blocks" time="0.010" /><testcase classname="tests.test_signal_engine_coverage.TestRunSignalFilter" name="test_fallback_passes_when_prob_above_threshold" time="0.006" /><testcase classname="tests.test_signal_engine_coverage.TestRunSignalFilter" name="test_fallback_blocks_when_prob_below_threshold" time="0.007" /><testcase classname="tests.test_signal_engine_coverage.TestRunSignalFilter" name="test_fallback_threshold_env_override" time="0.011" /><testcase classname="tests.test_signal_engine_coverage.TestCheckLiveTradingGate" name="test_returns_bool" time="0.008" /><testcase classname="tests.test_signal_engine_coverage.TestCheckLiveTradingGate" name="test_gate_allowed_returns_true" time="0.006" /><testcase classname="tests.test_signal_engine_coverage.TestCheckLiveTradingGate" name="test_gate_blocked_returns_false" time="0.009" /><testcase classname="tests.test_signal_engine_coverage.TestCheckLiveTradingGate" name="test_gate_raises_returns_false" time="0.008" /><testcase classname="tests.test_signal_engine_coverage.TestCheckLiveTradingGate" name="test_import_error_returns_false" time="0.006" /><testcase classname="tests.test_signal_engine_coverage.TestStoreAccessors" name="test_get_macro_store_returns_none_on_import_error" time="0.007" /><testcase classname="tests.test_signal_engine_coverage.TestStoreAccessors" name="test_get_macro_store_returns_store_when_available" time="0.006" /><testcase classname="tests.test_signal_engine_coverage.TestStoreAccessors" name="test_get_macro_store_bridge_returns_none_on_import_error" time="0.006" /><testcase classname="tests.test_signal_engine_coverage.TestStoreAccessors" name="test_get_deep_ensemble_store_returns_none_when_flag_off" time="0.006" /><testcase classname="tests.test_signal_engine_coverage.TestStoreAccessors" name="test_get_online_learner_store_returns_none_when_flag_off" time="0.005" /><testcase classname="tests.test_signal_engine_coverage.TestStoreAccessors" name="test_get_anomaly_store_returns_none_when_flag_off" time="0.006" /><testcase classname="tests.test_signal_engine_coverage.TestStoreAccessors" name="test_get_online_learner_env_var_enables" time="0.011" /><testcase classname="tests.test_signal_engine_coverage.TestStoreAccessors" name="test_get_anomaly_env_var_enables" time="0.008" /><testcase classname="tests.test_signal_engine_coverage.TestStoreAccessors" name="test_get_macro_store_bridge_returns_bridge_when_loaded" time="0.007" /><testcase classname="tests.test_signal_engine_coverage.TestStoreAccessors" name="test_get_macro_store_bridge_returns_none_when_not_loaded" time="0.011" /><testcase classname="tests.test_signal_engine_coverage.TestStoreAccessors" name="test_get_factor_engine_from_module_singleton" time="0.007" /><testcase classname="tests.test_signal_engine_coverage.TestStoreAccessors" name="test_get_signal_engine_status_with_active_stores" time="0.008" /><testcase classname="tests.test_signal_engine_coverage.TestStoreAccessors" name="test_get_signal_engine_status_mtf_singleton_not_none" time="0.008" /><testcase classname="tests.test_signal_engine_coverage.TestStoreAccessors" name="test_get_signal_engine_status_flags_unavailable" time="0.006" /><testcase classname="tests.test_signal_engine_coverage.TestPhaseBlends" name="test_anomaly_weighting_no_store_returns_prob" time="0.007" /><testcase classname="tests.test_signal_engine_coverage.TestPhaseBlends" name="test_anomaly_weighting_weight_1_unchanged" time="0.007" /><testcase classname="tests.test_signal_engine_coverage.TestPhaseBlends" name="test_anomaly_weighting_reduces_prob" time="0.007" /><testcase classname="tests.test_signal_engine_coverage.TestPhaseBlends" name="test_anomaly_weighting_store_raises_returns_prob" time="0.006" /><testcase classname="tests.test_signal_engine_coverage.TestPhaseBlends" name="test_online_blend_no_store_returns_prob" time="0.005" /><testcase classname="tests.test_signal_engine_coverage.TestPhaseBlends" name="test_online_blend_not_ready_returns_prob" time="0.006" /><testcase classname="tests.test_signal_engine_coverage.TestPhaseBlends" name="test_online_blend_ready_blends" time="0.007" /><testcase classname="tests.test_signal_engine_coverage.TestPhaseBlends" name="test_online_blend_raises_returns_prob" time="0.006" /><testcase classname="tests.test_signal_engine_coverage.TestPhaseBlends" name="test_deep_blend_no_store_returns_prob" time="0.006" /><testcase classname="tests.test_signal_engine_coverage.TestPhaseBlends" name="test_deep_blend_not_active_returns_prob" time="0.007" /><testcase classname="tests.test_signal_engine_coverage.TestPhaseBlends" name="test_deep_blend_active_blends" time="0.007" /><testcase classname="tests.test_signal_engine_coverage.TestPhaseBlends" name="test_deep_blend_raises_returns_prob" time="0.006" /><testcase classname="tests.test_signal_engine_coverage.TestNotifyFill" name="test_no_store_does_not_raise" time="0.005" /><testcase classname="tests.test_signal_engine_coverage.TestNotifyFill" name="test_store_on_fill_called" time="0.007" /><testcase classname="tests.test_signal_engine_coverage.TestNotifyFill" name="test_store_raises_does_not_propagate" time="0.005" /><testcase classname="tests.test_signal_engine_coverage.TestNotifyFill" name="test_no_primary_prob_passes_none" time="0.006" /><testcase classname="tests.test_signal_engine_coverage.TestRecordPaperGateFill" name="test_does_not_raise_when_module_missing" time="0.006" /><testcase classname="tests.test_signal_engine_coverage.TestRecordPaperGateFill" name="test_gate_record_fill_called" time="0.005" /><testcase classname="tests.test_signal_engine_coverage.TestRecordPaperGateFill" name="test_gate_raises_does_not_propagate" time="0.008" /><testcase classname="tests.test_signal_engine_coverage.TestLogCompliance" name="test_no_compliance_manager_does_not_raise" time="0.004" /><testcase classname="tests.test_signal_engine_coverage.TestLogCompliance" name="test_log_trade_called" time="0.008" /><testcase classname="tests.test_signal_engine_coverage.TestLogCompliance" name="test_compliance_raises_does_not_propagate" time="0.007" /><testcase classname="tests.test_signal_engine_coverage.TestComputeSignal" name="test_no_consensus_returns_none" time="0.007" /><testcase classname="tests.test_signal_engine_coverage.TestComputeSignal" name="test_consensus_returns_dict" time="0.008" /><testcase classname="tests.test_signal_engine_coverage.TestComputeSignal" name="test_direction_extracted" time="0.006" /><testcase classname="tests.test_signal_engine_coverage.TestComputeSignal" name="test_none_signal_returns_none" time="0.006" /><testcase classname="tests.test_signal_engine_coverage.TestComputeSignal" name="test_signal_type_without_value_attr" time="0.006" /><testcase classname="tests.test_signal_engine_coverage.TestComputeMlProbability" name="test_returns_base_confidence_when_ml_unavailable" time="0.004" /><testcase classname="tests.test_signal_engine_coverage.TestComputeMlProbability" name="test_returns_tuple" time="0.053" /><testcase classname="tests.test_signal_engine_coverage.TestComputeMlProbability" name="test_advanced_predictor_used_when_available" time="0.008" /><testcase classname="tests.test_signal_engine_coverage.TestComputeMlProbability" name="test_basic_model_used_as_fallback" time="0.007" /><testcase classname="tests.test_signal_engine_coverage.TestComputeMlProbability" name="test_no_model_returns_base_confidence" time="0.006" /><testcase classname="tests.test_signal_engine_coverage.TestComputeMlProbability" name="test_exception_returns_base_confidence" time="0.006" /><testcase classname="tests.test_signal_engine_coverage.TestPredictBasic" name="test_predict_proba_two_class" time="0.007" /><testcase classname="tests.test_signal_engine_coverage.TestPredictBasic" name="test_predict_proba_one_class" time="0.008" /><testcase classname="tests.test_signal_engine_coverage.TestPredictBasic" name="test_predict_fallback" time="0.007" /><testcase classname="tests.test_signal_engine_coverage.TestPredictBasic" name="test_no_predict_method_returns_base_confidence" time="0.007" /><testcase classname="tests.test_signal_engine_coverage.TestPredictBasic" name="test_short_price_series" time="0.007" /><testcase classname="tests.test_signal_engine_coverage.TestComputeSignalStrength" name="test_returns_float" time="0.005" /><testcase classname="tests.test_signal_engine_coverage.TestComputeSignalStrength" name="test_capped_at_0_80" time="0.005" /><testcase classname="tests.test_signal_engine_coverage.TestComputeSignalStrength" name="test_fallback_when_sizer_unavailable" time="0.006" /><testcase classname="tests.test_signal_engine_coverage.TestComputeSignalStrength" name="test_position_sizer_used_when_available" time="0.009" /><testcase classname="tests.test_signal_engine_coverage.TestComputeSignalStrength" name="test_sizer_raises_returns_fallback" time="0.007" /><testcase classname="tests.test_signal_engine_coverage.TestFactorEnrichment" name="test_get_factor_engine_from_app_state" time="0.006" /><testcase classname="tests.test_signal_engine_coverage.TestFactorEnrichment" name="test_get_factor_engine_none_app_state" time="0.005" /><testcase classname="tests.test_signal_engine_coverage.TestFactorEnrichment" name="test_enrich_no_engine_returns_payload_unchanged" time="0.006" /><testcase classname="tests.test_signal_engine_coverage.TestFactorEnrichment" name="test_enrich_adds_factor_keys" time="0.007" /><testcase classname="tests.test_signal_engine_coverage.TestFactorEnrichment" name="test_enrich_engine_raises_returns_payload" time="0.006" /><testcase classname="tests.test_signal_engine_coverage.TestAssessRiskAndSize" name="test_risk_manager_blocks_returns_none" time="0.012" /><testcase classname="tests.test_signal_engine_coverage.TestAssessRiskAndSize" name="test_signal_filter_blocks_returns_none" time="0.013" /><testcase classname="tests.test_signal_engine_coverage.TestAssessRiskAndSize" name="test_sizing_rejected_returns_none" time="0.014" /><testcase classname="tests.test_signal_engine_coverage.TestAssessRiskAndSize" name="test_approved_returns_quantity" time="0.014" /><testcase classname="tests.test_signal_engine_coverage.TestAssessRiskAndSize" name="test_broker_raises_propagates" time="0.012" /><testcase classname="tests.test_signal_engine_coverage.TestAssessRiskAndSize" name="test_positions_with_attributes" time="0.013" /><testcase classname="tests.test_signal_engine_coverage.TestBroadcastFill" name="test_no_ws_manager_does_not_raise" time="0.007" /><testcase classname="tests.test_signal_engine_coverage.TestBroadcastFill" name="test_ws_broadcast_trade_called" time="0.009" /><testcase classname="tests.test_signal_engine_coverage.TestBroadcastFill" name="test_ws_raises_does_not_propagate" time="0.009" /><testcase classname="tests.test_signal_engine_coverage.TestBroadcastFill" name="test_uses_entry_price_when_fill_price_none" time="0.018" /><testcase classname="tests.test_signal_engine_coverage.TestNotifyOnlineLearner" name="test_does_not_raise" time="0.007" /><testcase classname="tests.test_signal_engine_coverage.TestNotifyOnlineLearner" name="test_notify_fill_called" time="0.009" /><testcase classname="tests.test_signal_engine_coverage.TestNotifyOnlineLearner" name="test_raises_does_not_propagate" time="0.008" /><testcase classname="tests.test_signal_engine_coverage.TestExecuteIfApproved" name="test_no_auto_trade_returns_immediately" time="0.007" /><testcase classname="tests.test_signal_engine_coverage.TestExecuteIfApproved" name="test_gate_blocked_returns_without_order" time="0.009" /><testcase classname="tests.test_signal_engine_coverage.TestExecuteIfApproved" name="test_no_broker_returns_without_order" time="0.007" /><testcase classname="tests.test_signal_engine_coverage.TestExecuteIfApproved" name="test_no_risk_manager_returns_without_order" time="0.007" /><testcase classname="tests.test_signal_engine_coverage.TestExecuteIfApproved" name="test_invalid_direction_skipped" time="0.007" /><testcase classname="tests.test_signal_engine_coverage.TestExecuteIfApproved" name="test_risk_assessment_error_logged_not_raised" time="0.009" /><testcase classname="tests.test_signal_engine_coverage.TestExecuteIfApproved" name="test_full_execution_path" time="0.011" /><testcase classname="tests.test_signal_engine_coverage.TestFetchMarketData" name="test_no_broker_returns_none" time="0.011" /><testcase classname="tests.test_signal_engine_coverage.TestFetchMarketData" name="test_none_app_state_returns_none" time="0.007" /><testcase classname="tests.test_signal_engine_coverage.TestFetchMarketData" name="test_broker_returns_bars" time="0.011" /><testcase classname="tests.test_signal_engine_coverage.TestFetchMarketData" name="test_broker_returns_empty_bars" time="0.009" /><testcase classname="tests.test_signal_engine_coverage.TestFetchMarketData" name="test_broker_raises_returns_none" time="0.010" /><testcase classname="tests.test_signal_engine_coverage.TestPublishAndBroadcast" name="test_no_ws_manager_does_not_raise" time="0.009" /><testcase classname="tests.test_signal_engine_coverage.TestPublishAndBroadcast" name="test_ws_broadcast_signal_called" time="0.011" /><testcase classname="tests.test_signal_engine_coverage.TestPublishAndBroadcast" name="test_ws_raises_does_not_propagate" time="0.011" /><testcase classname="tests.test_signal_engine_coverage.TestRunSignalEngine" name="test_cancels_cleanly" time="0.057" /><testcase classname="tests.test_signal_engine_coverage.TestRunSignalEngine" name="test_tick_error_does_not_stop_loop" time="0.112" /><testcase classname="tests.test_signal_engine_coverage.TestTick" name="test_no_brain_returns_immediately" time="0.009" /><testcase classname="tests.test_signal_engine_coverage.TestTick" name="test_no_market_data_skips_symbol" time="0.013" /><testcase classname="tests.test_signal_engine_coverage.TestTick" name="test_no_consensus_skips_execution" time="0.013" /><testcase classname="tests.test_signal_engine_coverage.TestTick" name="test_full_tick_publishes_signal" time="0.043" /><testcase classname="tests.test_signal_engine_coverage.TestPredictAdvanced" name="test_no_resampling_returns_prob" time="0.011" /><testcase classname="tests.test_signal_engine_coverage.TestPredictAdvanced" name="test_resampling_succeeds_uses_resampled_df" time="0.013" /><testcase classname="tests.test_signal_engine_coverage.TestPredictAdvanced" name="test_resampling_returns_none_yields_neutral" time="0.009" /><testcase classname="tests.test_signal_engine_coverage.TestPredictAdvanced" name="test_resampling_module_unavailable_skips_gracefully" time="0.009" /><testcase classname="tests.test_signal_engine_coverage.TestPredictAdvanced" name="test_resampling_exception_skips_gracefully" time="0.007" /><testcase classname="tests.test_signal_engine_coverage.TestPredictAdvanced" name="test_all_phase_blends_applied_in_order" time="0.008" /><testcase classname="tests.test_signal_engine_coverage.TestPredictAdvanced" name="test_datetime_index_skips_index_assignment" time="0.010" /><testcase classname="tests.test_signal_engine_coverage.TestFetchMacroDf" name="test_returns_none_when_store_none" time="0.007" /><testcase classname="tests.test_signal_engine_coverage.TestFetchMacroDf" name="test_returns_none_when_store_empty" time="0.008" /><testcase classname="tests.test_signal_engine_coverage.TestFetchMacroDf" name="test_returns_none_when_alignment_empty" time="0.009" /><testcase classname="tests.test_signal_engine_coverage.TestFetchMacroDf" name="test_returns_none_when_alignment_no_columns" time="0.010" /><testcase classname="tests.test_signal_engine_coverage.TestFetchMacroDf" name="test_returns_macro_df_when_alignment_succeeds" time="0.010" /><testcase classname="tests.test_signal_engine_coverage.TestFetchMacroDf" name="test_fred_overlay_applied_with_bare_column_key" time="0.012" /><testcase classname="tests.test_signal_engine_coverage.TestFetchMacroDf" name="test_fred_overlay_applied_with_full_column_key" time="0.011" /><testcase classname="tests.test_signal_engine_coverage.TestFetchMacroDf" name="test_fred_overlay_raises_returns_macro_df_anyway" time="0.009" /><testcase classname="tests.test_signal_engine_coverage.TestFetchMacroDf" name="test_fred_overlay_empty_features_skipped" time="0.009" /><testcase classname="tests.test_signal_engine_coverage.TestFetchMacroDf" name="test_alignment_raises_returns_none" time="0.009" /><testcase classname="tests.test_signal_engine_coverage.TestFetchMacroDf" name="test_ohlcv_without_datetime_index_gets_index_assigned" time="0.009" /><testcase classname="tests.test_signal_engine_coverage.TestFetchMtfDf" name="test_returns_none_when_flag_off" time="0.008" /><testcase classname="tests.test_signal_engine_coverage.TestFetchMtfDf" name="test_returns_none_when_store_not_ready" time="0.009" /><testcase classname="tests.test_signal_engine_coverage.TestFetchMtfDf" name="test_returns_aligned_df_when_store_ready" time="0.009" /><testcase classname="tests.test_signal_engine_coverage.TestFetchMtfDf" name="test_align_raises_returns_none" time="0.008" /><testcase classname="tests.test_signal_engine_coverage.TestFetchMtfDf" name="test_falls_back_to_singleton_when_no_app_state_store" time="0.009" /><testcase classname="tests.test_signal_engine_coverage.TestFetchMtfDf" name="test_returns_none_when_singleton_import_fails" time="0.007" /><testcase classname="tests.test_signal_engine_coverage.TestFetchMtfDf" name="test_flags_unavailable_still_checks_store" time="0.008" /><testcase classname="tests.test_signal_engine_coverage.TestPlaceOrderAndNotify" name="test_places_order_and_calls_all_side_effects" time="0.016" /><testcase classname="tests.test_signal_engine_coverage.TestPlaceOrderAndNotify" name="test_compliance_failure_does_not_abort_broadcast" time="0.017" /><testcase classname="tests.test_signal_engine_coverage.TestPlaceOrderAndNotify" name="test_ws_failure_does_not_abort_gate_fill" time="0.015" /><testcase classname="tests.test_signal_engine_coverage.TestPlaceOrderAndNotify" name="test_broker_raises_propagates" time="0.010"><failure message="Failed: DID NOT RAISE &lt;class 'RuntimeError'&gt;">self = &lt;tests.test_signal_engine_coverage.TestPlaceOrderAndNotify object at 0x7f8824bae4d0&gt;

    async def test_broker_raises_propagates(self):
        broker = MagicMock()
        broker.place_market_order = AsyncMock(side_effect=RuntimeError("order rejected"))
        app_state = _make_app_state(broker=broker)
&gt;       with pytest.raises(RuntimeError, match="order rejected"):
E       Failed: DID NOT RAISE &lt;class 'RuntimeError'&gt;

tests/test_signal_engine_coverage.py:1914: Failed</failure></testcase><testcase classname="tests.test_signal_engine_coverage.TestPlaceOrderAndNotify" name="test_sell_direction_lowercased_in_order" time="0.012" /><testcase classname="tests.test_signal_engine_coverage.TestPlaceOrderAndNotify" name="test_no_compliance_manager_skips_log" time="0.011" /><testcase classname="tests.test_smoke_critical" name="test_ml_training_import" time="0.011" /><testcase classname="tests.test_smoke_critical" name="test_ml_training_feature_engineer_instantiate" time="0.009" /><testcase classname="tests.test_smoke_critical" name="test_ml_macro_features_import" time="0.003" /><testcase classname="tests.test_smoke_critical" name="test_ml_macro_features_has_fetch" time="0.005" /><testcase classname="tests.test_smoke_critical" name="test_ml_regime_import" time="0.022" /><testcase classname="tests.test_smoke_critical" name="test_ml_regime_detector_instantiate" time="0.004" /><testcase classname="tests.test_smoke_critical" name="test_execution_tca_import" time="0.006" /><testcase classname="tests.test_smoke_critical" name="test_execution_tca_engine_instantiate" time="0.005" /><testcase classname="tests.test_smoke_critical" name="test_execution_fix_adapter_import" time="0.006" /><testcase classname="tests.test_smoke_critical" name="test_risk_position_sizing_import" time="0.005" /><testcase classname="tests.test_smoke_critical" name="test_risk_position_sizing_calculate" time="0.006" /><testcase classname="tests.test_smoke_critical" name="test_strategies_regime_router_import" time="0.005" /><testcase classname="tests.test_smoke_critical" name="test_strategies_regime_router_instantiate" time="0.006" /><testcase classname="tests.test_smoke_critical" name="test_social_leaderboards_import" time="0.006" /><testcase classname="tests.test_smoke_critical" name="test_social_leaderboards_instantiate" time="0.006" /><testcase classname="tests.test_smoke_critical" name="test_monetization_stripe_import" time="0.005" /><testcase classname="tests.test_smoke_critical" name="test_payments_flutterwave_import" time="0.006" /><testcase classname="tests.test_smoke_critical" name="test_payments_flutterwave_client_instantiate" time="0.005" /><testcase classname="tests.test_smoke_critical" name="test_data_feeds_macro_import" time="0.006" /><testcase classname="tests.test_smoke_critical" name="test_data_scheduler_import" time="0.006" /><testcase classname="tests.test_smoke_critical" name="test_data_scheduler_instantiate" time="0.005" /><testcase classname="tests.test_smoke_critical" name="test_nocode_builder_import" time="0.006" /><testcase classname="tests.test_smoke_critical" name="test_nocode_builder_instantiate" time="0.007" /><testcase classname="tests.test_smoke_critical" name="test_explainability_explainer_import" time="0.004" /><testcase classname="tests.test_smoke_critical" name="test_explainability_explainer_instantiate" time="0.004" /><testcase classname="tests.test_smoke_critical" name="test_brokers_smart_router_import" time="0.004" /><testcase classname="tests.test_smoke_critical" name="test_brokers_smart_router_instantiate" time="0.006" /><testcase classname="tests.test_smoke_critical" name="test_brokers_oanda_import" time="0.011" /><testcase classname="tests.test_smoke_critical" name="test_brokers_oanda_broker_instantiate" time="0.006" /><testcase classname="tests.test_smoke_critical" name="test_api_chat_import" time="0.012" /><testcase classname="tests.test_smoke_critical" name="test_api_chat_has_router" time="0.012" /><testcase classname="tests.test_smoke_critical" name="test_api_prop_firm_import" time="0.022" /><testcase classname="tests.test_smoke_critical" name="test_api_prop_firm_has_router" time="0.021" /><testcase classname="tests.test_smoke_critical" name="test_api_performance_import" time="0.023" /><testcase classname="tests.test_smoke_critical" name="test_api_performance_has_router" time="0.019" /><testcase classname="tests.test_trade_count_sharpe_se.TestTradeLevelSharpe" name="test_returns_zero_for_empty_list" time="0.003" /><testcase classname="tests.test_trade_count_sharpe_se.TestTradeLevelSharpe" name="test_returns_zero_for_single_trade" time="0.006" /><testcase classname="tests.test_trade_count_sharpe_se.TestTradeLevelSharpe" name="test_positive_sharpe_for_positive_mean_pnl" time="0.007" /><testcase classname="tests.test_trade_count_sharpe_se.TestTradeLevelSharpe" name="test_negative_sharpe_for_negative_mean_pnl" time="0.006" /><testcase classname="tests.test_trade_count_sharpe_se.TestTradeLevelSharpe" name="test_se_formula_exact" time="0.006" /><testcase classname="tests.test_trade_count_sharpe_se.TestTradeLevelSharpe" name="test_se_decreases_with_more_trades" time="0.007" /><testcase classname="tests.test_trade_count_sharpe_se.TestTradeLevelSharpe" name="test_se_at_600_trades_below_003" time="0.004" /><testcase classname="tests.test_trade_count_sharpe_se.TestTradeLevelSharpe" name="test_se_at_250_trades_below_005" time="0.006" /><testcase classname="tests.test_trade_count_sharpe_se.TestTradeLevelSharpe" name="test_se_at_48_trades_above_01" time="0.003" /><testcase classname="tests.test_trade_count_sharpe_se.TestTradeLevelSharpe" name="test_zero_std_returns_zero" time="0.006" /><testcase classname="tests.test_trade_count_sharpe_se.TestTradeLevelSharpe" name="test_avg_hold_hours_affects_annualisation" time="0.007" /><testcase classname="tests.test_trade_count_sharpe_se.TestRunBacktestSignature" name="test_returns_tuple_of_df_and_list" time="1.837" /><testcase classname="tests.test_trade_count_sharpe_se.TestRunBacktestSignature" name="test_equity_df_has_required_columns" time="1.874" /><testcase classname="tests.test_trade_count_sharpe_se.TestRunBacktestSignature" name="test_trade_pnls_are_floats" time="3.099" /><testcase classname="tests.test_trade_count_sharpe_se.TestRunBacktestSignature" name="test_equity_starts_near_initial_capital" time="1.785" /><testcase classname="tests.test_trade_count_sharpe_se.TestRunBacktestSignature" name="test_no_trades_on_constant_price" time="0.565" /><testcase classname="tests.test_trade_count_sharpe_se.TestAbstainThreshold" name="test_lower_threshold_produces_more_signals" time="0.033" /><testcase classname="tests.test_trade_count_sharpe_se.TestAbstainThreshold" name="test_signals_are_only_1_minus1_or_0" time="0.017" /><testcase classname="tests.test_trade_count_sharpe_se.TestAbstainThreshold" name="test_score_column_in_minus1_to_1" time="0.017" /><testcase classname="tests.test_trade_count_sharpe_se.TestWalkForwardBacktest" name="test_returns_required_keys" time="3.128" /><testcase classname="tests.test_trade_count_sharpe_se.TestWalkForwardBacktest" name="test_trade_count_positive" time="6.283" /><testcase classname="tests.test_trade_count_sharpe_se.TestWalkForwardBacktest" name="test_se_consistent_with_trade_count" time="6.520" /><testcase classname="tests.test_trade_count_sharpe_se.TestWalkForwardBacktest" name="test_full_equity_is_concatenation" time="3.225" /><testcase classname="tests.test_trade_count_sharpe_se.TestPipValue" name="test_gold_pip_value" time="0.006" /><testcase classname="tests.test_trade_count_sharpe_se.TestPipValue" name="test_crypto_pip_value" time="0.006" /><testcase classname="tests.test_trade_count_sharpe_se.TestPipValue" name="test_gold_slippage_dollar_value" time="0.006" /><testcase classname="tests.test_train_advanced.TestBuildAdvancedFeatures" name="test_feature_count_no_macro" time="0.897" /><testcase classname="tests.test_train_advanced.TestBuildAdvancedFeatures" name="test_feature_count_with_macro" time="0.899" /><testcase classname="tests.test_train_advanced.TestBuildAdvancedFeatures" name="test_no_nan_in_features" time="0.884" /><testcase classname="tests.test_train_advanced.TestBuildAdvancedFeatures" name="test_no_inf_in_features" time="0.859" /><testcase classname="tests.test_train_advanced.TestBuildAdvancedFeatures" name="test_binary_target" time="0.861" /><testcase classname="tests.test_train_advanced.TestBuildAdvancedFeatures" name="test_no_close_lag_features" time="0.864" /><testcase classname="tests.test_train_advanced.TestWalkForwardEval" name="test_returns_mean_accuracy" time="0.944" /><testcase classname="tests.test_train_advanced.TestWalkForwardEval" name="test_returns_p_value" time="0.096" /><testcase classname="tests.test_train_advanced.TestWalkForwardEval" name="test_fold_count" time="0.100" /><testcase classname="tests.test_train_advanced.TestOosEvalAdvanced" name="test_accuracy_in_range" time="1.102" /><testcase classname="tests.test_train_advanced.TestOosEvalAdvanced" name="test_p_value_in_range" time="0.218" /><testcase classname="tests.test_train_advanced.TestOosEvalAdvanced" name="test_saves_advanced_oos_pkl" time="0.217" /><testcase classname="tests.test_train_advanced.TestTrainFinalModel" name="test_accuracy_in_range" time="1.095" /><testcase classname="tests.test_train_advanced.TestTrainFinalModel" name="test_saves_stacking_ensemble" time="0.004" /><testcase classname="tests.test_train_advanced.TestTrainFinalModel" name="test_saves_feature_scaler" time="0.007" /><testcase classname="tests.test_train_advanced.TestTrainFinalModel" name="test_feature_count_in_metrics" time="0.005" /><testcase classname="tests.test_train_advanced.TestExtractFeatureImportance" name="test_returns_nonempty_dict" time="1.064" /><testcase classname="tests.test_train_advanced.TestExtractFeatureImportance" name="test_importance_values_are_floats" time="1.064" /><testcase classname="tests.test_train_advanced.TestCLIDefaults" name="test_default_years_is_50" time="0.006" /><testcase classname="tests.test_train_advanced.TestCLIDefaults" name="test_default_oos_years_is_8" time="0.005" /><testcase classname="tests.test_train_advanced.TestCLIDefaults" name="test_default_symbol_is_gcf" time="0.005" /><testcase classname="tests.test_train_advanced.TestCLIDefaults" name="test_override_years" time="0.006" /><testcase classname="tests.test_train_advanced.TestCLIDefaults" name="test_override_oos_years" time="0.005" /><testcase classname="tests.test_train_advanced.TestOosCap" name="test_8yr_oos_on_50yr_data" time="0.004" /><testcase classname="tests.test_train_advanced.TestOosCap" name="test_cap_at_40_pct" time="0.005" /><testcase classname="tests.test_train_advanced.TestOosCap" name="test_minimum_100_bars_enforced" time="0.005" /><testcase classname="tests.test_train_advanced.TestOosCap" name="test_zero_oos_years_returns_zero" time="0.005" /><testcase classname="tests.test_unit.test_ml" name="test_xgboost_training" time="0.222" /><testcase classname="tests.test_unit.test_ml" name="test_drift_detection" time="0.015" /><testcase classname="tests.test_unit.test_ml" name="test_feature_store_consistency" time="0.006" /><testcase classname="tests.test_v17_fixes.TestWebSocketAuthBypass" name="test_invalid_token_returns_none" time="0.006" /><testcase classname="tests.test_v17_fixes.TestWebSocketAuthBypass" name="test_empty_token_returns_none" time="0.006" /><testcase classname="tests.test_v17_fixes.TestWebSocketAuthBypass" name="test_valid_token_returns_payload" time="0.006" /><testcase classname="tests.test_v17_fixes.TestWebSocketAuthBypass" name="test_bearer_prefix_stripped" time="0.005" /><testcase classname="tests.test_v17_fixes.TestWebSocketAuthBypass" name="test_invalid_token_does_not_authenticate_connection" time="0.008" /><testcase classname="tests.test_v17_fixes.TestRiskManagerFailSafe" name="test_risk_exception_raises_503" time="0.011" /><testcase classname="tests.test_v17_fixes.TestRiskManagerFailSafe" name="test_risk_block_still_raises_403" time="0.010" /><testcase classname="tests.test_v17_fixes.TestJWTExpiryUnified" name="test_reads_access_token_expire_minutes" time="0.006" /><testcase classname="tests.test_v17_fixes.TestJWTExpiryUnified" name="test_legacy_jwt_expire_minutes_fallback" time="0.005" /><testcase classname="tests.test_v17_fixes.TestJWTExpiryUnified" name="test_access_token_takes_precedence_over_jwt_expire" time="0.006" /><testcase classname="tests.test_v17_fixes.TestJWTExpiryUnified" name="test_default_is_15_when_neither_set" time="0.006" /><testcase classname="tests.test_v17_fixes.TestDocsGating" name="test_docs_hidden_in_production" time="0.006" /><testcase classname="tests.test_v17_fixes.TestDocsGating" name="test_docs_visible_in_development" time="0.005" /><testcase classname="tests.test_v17_fixes.TestDocsGating" name="test_app_py_respects_production_env" time="0.006" /><testcase classname="tests.test_v17_fixes.TestPropFirmGuardFailSafe" name="test_prop_firm_exception_raises_503" time="0.011" /><testcase classname="tests.test_v17_fixes.TestPropFirmGuardFailSafe" name="test_prop_firm_http_exception_propagates" time="0.009" /><testcase classname="tests.test_v17_fixes.TestNoPIILogging" name="test_mobile_api_register_no_email_in_log" time="0.006" /><testcase classname="tests.test_v17_fixes.TestNoPIILogging" name="test_mobile_api_login_no_email_in_log" time="0.005" /><testcase classname="tests.test_v17_fixes.TestNoPIILogging" name="test_mobile_api_v2_register_no_email_in_log" time="0.005" /><testcase classname="tests.test_v17_fixes.TestNoPIILogging" name="test_mobile_api_v2_login_no_email_in_log" time="0.004" /><testcase classname="tests.test_v17_fixes.TestEnvTemplate" name="test_no_oanda_vars" time="0.005" /><testcase classname="tests.test_v17_fixes.TestEnvTemplate" name="test_no_mt5_vars" time="0.005" /><testcase classname="tests.test_v17_fixes.TestEnvTemplate" name="test_ibkr_vars_present" time="0.005" /><testcase classname="tests.test_v17_fixes.TestQuickfixPinned" name="test_quickfix_exact_pin" time="0.005" /><testcase classname="tests.test_validation.TestOrderValidator" name="test_valid_order" time="0.005" /><testcase classname="tests.test_validation.TestOrderValidator" name="test_invalid_symbol" time="0.004" /><testcase classname="tests.test_validation.TestOrderValidator" name="test_oversized_position" time="0.007" /><testcase classname="tests.test_validation.TestOrderValidator" name="test_invalid_stop_loss_long" time="0.005" /><testcase classname="tests.test_validation.TestOrderValidator" name="test_tight_stop_loss" time="0.005" /><testcase classname="tests.test_validation.TestOrderValidator" name="test_quantity_bounds" time="0.006" /><testcase classname="tests.test_validation.TestOrderValidator" name="test_suspicious_price" time="0.005" /><testcase classname="tests.test_validation.TestOrderValidator" name="test_daily_risk_tracking" time="0.004" /><testcase classname="tests.test_validation.TestPropFirmValidator" name="test_within_limits" time="0.007" /><testcase classname="tests.test_validation.TestPropFirmValidator" name="test_drawdown_violation" time="0.005" /><testcase classname="tests.test_validation.TestPropFirmValidator" name="test_daily_loss_tracking" time="0.005" /><testcase classname="tests.test_validation.TestPropFirmValidator" name="test_reset_daily" time="0.006" /><testcase classname="tests.test_validation.TestConvenienceFunction" name="test_validate_order_safe_valid" time="0.005" /><testcase classname="tests.test_validation.TestConvenienceFunction" name="test_validate_order_safe_invalid" time="0.005" /><testcase classname="tests.test_whitelabel_rate_limiting.TestPassThrough" name="test_non_matching_path_passes_through" time="0.013" /><testcase classname="tests.test_whitelabel_rate_limiting.TestPassThrough" name="test_missing_api_key_passes_through" time="0.011" /><testcase classname="tests.test_whitelabel_rate_limiting.TestPassThrough" name="test_unknown_api_key_passes_through" time="0.011" /><testcase classname="tests.test_whitelabel_rate_limiting.TestRateLimitHeaders" name="test_known_key_sets_ratelimit_headers" time="0.010" /><testcase classname="tests.test_whitelabel_rate_limiting.TestRateLimitHeaders" name="test_remaining_decrements_on_each_request" time="0.015" /><testcase classname="tests.test_whitelabel_rate_limiting.TestRateLimitHeaders" name="test_limit_header_matches_tier_config" time="0.010" /><testcase classname="tests.test_whitelabel_rate_limiting.TestRateLimitEnforcement" name="test_minute_limit_exceeded_returns_429" time="0.010" /><testcase classname="tests.test_whitelabel_rate_limiting.TestRateLimitEnforcement" name="test_day_limit_exceeded_returns_429" time="0.010" /><testcase classname="tests.test_whitelabel_rate_limiting.TestRateLimitEnforcement" name="test_minute_limit_checked_before_day_limit" time="0.010" /><testcase classname="tests.test_whitelabel_rate_limiting.TestRateLimitEnforcement" name="test_retry_after_header_is_positive_integer" time="0.009" /><testcase classname="tests.test_whitelabel_rate_limiting.TestWindowReset" name="test_minute_window_resets_after_expiry" time="0.010" /><testcase classname="tests.test_whitelabel_rate_limiting.TestWindowReset" name="test_day_window_resets_after_expiry" time="0.010" /><testcase classname="tests.test_whitelabel_rate_limiting.TestCustomPathPrefix" name="test_custom_prefix_is_respected" time="0.014" /><testcase classname="tests.unit.test_adaptive_edge_selector_batch1.TestInitDefaults" name="test_enabled" time="0.007" /><testcase classname="tests.unit.test_adaptive_edge_selector_batch1.TestInitDefaults" name="test_min_confidence" time="0.007" /><testcase classname="tests.unit.test_adaptive_edge_selector_batch1.TestInitDefaults" name="test_cone_threshold" time="0.007" /><testcase classname="tests.unit.test_adaptive_edge_selector_batch1.TestInitDefaults" name="test_adx_trend" time="0.006" /><testcase classname="tests.unit.test_adaptive_edge_selector_batch1.TestInitDefaults" name="test_adx_choppy" time="0.006" /><testcase classname="tests.unit.test_adaptive_edge_selector_batch1.TestInitDefaults" name="test_rsi_ob" time="0.007" /><testcase classname="tests.unit.test_adaptive_edge_selector_batch1.TestInitDefaults" name="test_rsi_os" time="0.006" /><testcase classname="tests.unit.test_adaptive_edge_selector_batch1.TestInitDefaults" name="test_atr_sl_mult" time="0.008" /><testcase classname="tests.unit.test_adaptive_edge_selector_batch1.TestInitDefaults" name="test_atr_tp_mult" time="0.007" /><testcase classname="tests.unit.test_adaptive_edge_selector_batch1.TestInitDefaults" name="test_max_lot" time="0.007" /><testcase classname="tests.unit.test_adaptive_edge_selector_batch1.TestInitDefaults" name="test_grid_max_layers" time="0.007" /><testcase classname="tests.unit.test_adaptive_edge_selector_batch1.TestInitDefaults" name="test_grid_be_pips" time="0.007" /><testcase classname="tests.unit.test_adaptive_edge_selector_batch1.TestInitDefaults" name="test_grid_dd_cooldown" time="0.007" /><testcase classname="tests.unit.test_adaptive_edge_selector_batch1.TestInitCustom" name="test_disabled" time="0.007" /><testcase classname="tests.unit.test_adaptive_edge_selector_batch1.TestInitCustom" name="test_custom_min_confidence" time="0.007" /><testcase classname="tests.unit.test_adaptive_edge_selector_batch1.TestInitCustom" name="test_custom_cone_threshold" time="0.007" /><testcase classname="tests.unit.test_adaptive_edge_selector_batch1.TestInitCustom" name="test_custom_adx_trend" time="0.007" /><testcase classname="tests.unit.test_adaptive_edge_selector_batch1.TestInitCustom" name="test_custom_max_lot" time="0.007" /><testcase classname="tests.unit.test_adaptive_edge_selector_batch1.TestInitCustom" name="test_custom_grid_layers" time="0.006" /><testcase classname="tests.unit.test_adaptive_edge_selector_batch1.TestMarketSnapshot" name="test_defaults" time="0.006" /><testcase classname="tests.unit.test_adaptive_edge_selector_batch1.TestMarketSnapshot" name="test_custom_fields" time="0.005" /><testcase classname="tests.unit.test_adaptive_edge_selector_batch1.TestMarketSnapshot" name="test_to_dict_keys" time="0.006" /><testcase classname="tests.unit.test_adaptive_edge_selector_batch1.TestMarketSnapshot" name="test_to_dict_values" time="0.005" /><testcase classname="tests.unit.test_adaptive_edge_selector_batch1.TestEdgeDecision" name="test_fields" time="0.006" /><testcase classname="tests.unit.test_adaptive_edge_selector_batch1.TestEdgeDecision" name="test_to_dict_keys" time="0.006" /><testcase classname="tests.unit.test_adaptive_edge_selector_batch1.TestEdgeDecision" name="test_to_dict_prices_rounded" time="0.005" /><testcase classname="tests.unit.test_adaptive_edge_selector_batch1.TestEdgeDecision" name="test_timestamp_is_iso" time="0.005" /><testcase classname="tests.unit.test_adaptive_edge_selector_batch1.TestEdgeDecision" name="test_to_dict_json_serialisable" time="0.005" /><testcase classname="tests.unit.test_adaptive_edge_selector_batch1.TestEdgeDecision" name="test_skip_decision_fields" time="0.006" /><testcase classname="tests.unit.test_adaptive_edge_selector_batch1.TestRegimeDetection" name="test_trending_up" time="0.006" /><testcase classname="tests.unit.test_adaptive_edge_selector_batch1.TestRegimeDetection" name="test_trending_down" time="0.007" /><testcase classname="tests.unit.test_adaptive_edge_selector_batch1.TestRegimeDetection" name="test_choppy_low_adx" time="0.006" /><testcase classname="tests.unit.test_adaptive_edge_selector_batch1.TestRegimeDetection" name="test_volatile_high_volume" time="0.007" /><testcase classname="tests.unit.test_adaptive_edge_selector_batch1.TestRegimeDetection" name="test_volatile_high_atr" time="0.006" /><testcase classname="tests.unit.test_adaptive_edge_selector_batch1.TestRegimeDetection" name="test_ranging_low_atr" time="0.006" /><testcase classname="tests.unit.test_adaptive_edge_selector_batch1.TestRegimeDetection" name="test_low_vol_very_tight_atr" time="0.007" /><testcase classname="tests.unit.test_adaptive_edge_selector_batch1.TestRegimeDetection" name="test_trending_up_rsi_50_vol_positive" time="0.007" /><testcase classname="tests.unit.test_adaptive_edge_selector_batch1.TestRegimeDetection" name="test_trending_down_rsi_48_vol_negative" time="0.006" /><testcase classname="tests.unit.test_adaptive_edge_selector_batch1.TestRegimeDetection" name="test_trending_mixed_signals_uses_rsi" time="0.005" /><testcase classname="tests.unit.test_adaptive_edge_selector_batch1.TestRegimeDetection" name="test_zero_price_no_crash" time="0.007" /><testcase classname="tests.unit.test_adaptive_edge_selector_batch1.TestSafetyGuards" name="test_news_spike_skips" time="0.007" /><testcase classname="tests.unit.test_adaptive_edge_selector_batch1.TestSafetyGuards" name="test_low_liquidity_skips" time="0.007" /><testcase classname="tests.unit.test_adaptive_edge_selector_batch1.TestSafetyGuards" name="test_dd_cooldown_skips" time="0.006" /><testcase classname="tests.unit.test_adaptive_edge_selector_batch1.TestSafetyGuards" name="test_disabled_selector_skips" time="0.008" /><testcase classname="tests.unit.test_adaptive_edge_selector_batch1.TestSafetyGuards" name="test_cone_low_adx_weak_skips" time="0.006" /><testcase classname="tests.unit.test_adaptive_edge_selector_batch1.TestSafetyGuards" name="test_choppy_regime_skips" time="0.006" /><testcase classname="tests.unit.test_adaptive_edge_selector_batch1.TestSingleton" name="test_get_edge_selector_returns_instance" time="0.006" /><testcase classname="tests.unit.test_adaptive_edge_selector_batch1.TestSingleton" name="test_get_edge_selector_same_instance" time="0.007" /><testcase classname="tests.unit.test_adaptive_edge_selector_batch2.TestNewsEvent" name="test_affects_empty_list_means_all" time="0.005" /><testcase classname="tests.unit.test_adaptive_edge_selector_batch2.TestNewsEvent" name="test_affects_specific_symbol" time="0.006" /><testcase classname="tests.unit.test_adaptive_edge_selector_batch2.TestNewsEvent" name="test_affects_case_insensitive" time="0.007" /><testcase classname="tests.unit.test_adaptive_edge_selector_batch2.TestNewsEvent" name="test_is_within_window_true" time="0.006" /><testcase classname="tests.unit.test_adaptive_edge_selector_batch2.TestNewsEvent" name="test_is_within_window_false" time="0.005" /><testcase classname="tests.unit.test_adaptive_edge_selector_batch2.TestNewsEvent" name="test_is_within_window_negative_minutes" time="0.006" /><testcase classname="tests.unit.test_adaptive_edge_selector_batch2.TestNewsEvent" name="test_default_severity_high" time="0.005" /><testcase classname="tests.unit.test_adaptive_edge_selector_batch2.TestNewsFilter" name="test_safe_when_no_events" time="0.006" /><testcase classname="tests.unit.test_adaptive_edge_selector_batch2.TestNewsFilter" name="test_high_severity_within_60_min_blocks" time="0.006" /><testcase classname="tests.unit.test_adaptive_edge_selector_batch2.TestNewsFilter" name="test_high_severity_outside_60_min_passes" time="0.006" /><testcase classname="tests.unit.test_adaptive_edge_selector_batch2.TestNewsFilter" name="test_medium_severity_within_30_min_blocks" time="0.005" /><testcase classname="tests.unit.test_adaptive_edge_selector_batch2.TestNewsFilter" name="test_medium_severity_outside_30_min_passes" time="0.006" /><testcase classname="tests.unit.test_adaptive_edge_selector_batch2.TestNewsFilter" name="test_any_event_within_15_min_blocks" time="0.006" /><testcase classname="tests.unit.test_adaptive_edge_selector_batch2.TestNewsFilter" name="test_event_not_affecting_symbol_passes" time="0.006" /><testcase classname="tests.unit.test_adaptive_edge_selector_batch2.TestNewsFilter" name="test_crypto_hack_blocks_btc" time="0.005" /><testcase classname="tests.unit.test_adaptive_edge_selector_batch2.TestNewsFilter" name="test_crypto_hack_does_not_block_xauusd" time="0.005" /><testcase classname="tests.unit.test_adaptive_edge_selector_batch2.TestNewsFilter" name="test_add_event" time="0.006" /><testcase classname="tests.unit.test_adaptive_edge_selector_batch2.TestNewsFilter" name="test_clear_events" time="0.006" /><testcase classname="tests.unit.test_adaptive_edge_selector_batch2.TestNewsFilter" name="test_crypto_keywords_block_btc[hack]" time="0.006" /><testcase classname="tests.unit.test_adaptive_edge_selector_batch2.TestNewsFilter" name="test_crypto_keywords_block_btc[exploit]" time="0.005" /><testcase classname="tests.unit.test_adaptive_edge_selector_batch2.TestNewsFilter" name="test_crypto_keywords_block_btc[sec]" time="0.006" /><testcase classname="tests.unit.test_adaptive_edge_selector_batch2.TestNewsFilter" name="test_crypto_keywords_block_btc[ban]" time="0.006" /><testcase classname="tests.unit.test_adaptive_edge_selector_batch2.TestDecisionMemory" name="test_record_and_recent" time="0.005" /><testcase classname="tests.unit.test_adaptive_edge_selector_batch2.TestDecisionMemory" name="test_recent_returns_newest_last" time="0.006" /><testcase classname="tests.unit.test_adaptive_edge_selector_batch2.TestDecisionMemory" name="test_recent_respects_n" time="0.006" /><testcase classname="tests.unit.test_adaptive_edge_selector_batch2.TestDecisionMemory" name="test_window_evicts_oldest" time="0.006" /><testcase classname="tests.unit.test_adaptive_edge_selector_batch2.TestDecisionMemory" name="test_last_outcome_found" time="0.006" /><testcase classname="tests.unit.test_adaptive_edge_selector_batch2.TestDecisionMemory" name="test_last_outcome_none_when_no_history" time="0.006" /><testcase classname="tests.unit.test_adaptive_edge_selector_batch2.TestDecisionMemory" name="test_last_outcome_returns_most_recent" time="0.006" /><testcase classname="tests.unit.test_adaptive_edge_selector_batch2.TestDecisionMemory" name="test_win_rate_all_wins" time="0.006" /><testcase classname="tests.unit.test_adaptive_edge_selector_batch2.TestDecisionMemory" name="test_win_rate_all_losses" time="0.006" /><testcase classname="tests.unit.test_adaptive_edge_selector_batch2.TestDecisionMemory" name="test_win_rate_neutral_prior_no_history" time="0.007" /><testcase classname="tests.unit.test_adaptive_edge_selector_batch2.TestDecisionMemory" name="test_memory_adjustment_won" time="0.006" /><testcase classname="tests.unit.test_adaptive_edge_selector_batch2.TestDecisionMemory" name="test_memory_adjustment_lost" time="0.006" /><testcase classname="tests.unit.test_adaptive_edge_selector_batch2.TestDecisionMemory" name="test_memory_adjustment_no_history" time="0.006" /><testcase classname="tests.unit.test_adaptive_edge_selector_batch2.TestDecisionMemory" name="test_clear_specific_symbol" time="0.006" /><testcase classname="tests.unit.test_adaptive_edge_selector_batch2.TestDecisionMemory" name="test_clear_all" time="0.006" /><testcase classname="tests.unit.test_adaptive_edge_selector_batch2.TestDecisionMemory" name="test_case_insensitive_symbol" time="0.006" /><testcase classname="tests.unit.test_adaptive_edge_selector_batch2.TestSelectWithMemory" name="test_memory_boost_on_prior_win" time="0.007" /><testcase classname="tests.unit.test_adaptive_edge_selector_batch2.TestSelectWithMemory" name="test_memory_penalty_on_prior_loss" time="0.007" /><testcase classname="tests.unit.test_adaptive_edge_selector_batch2.TestSelectWithMemory" name="test_post_memory_skip_when_confidence_drops_below_min" time="0.007" /><testcase classname="tests.unit.test_adaptive_edge_selector_batch2.TestSelectWithMemory" name="test_record_outcome_stores_in_memory" time="0.007" /><testcase classname="tests.unit.test_adaptive_edge_selector_batch2.TestSelectWithNewsFilter" name="test_high_news_within_60_min_skips" time="0.006" /><testcase classname="tests.unit.test_adaptive_edge_selector_batch2.TestSelectWithNewsFilter" name="test_news_outside_window_does_not_skip" time="0.007" /><testcase classname="tests.unit.test_adaptive_edge_selector_batch2.TestSelectWithNewsFilter" name="test_crypto_news_skips_btc_not_xau" time="0.008" /><testcase classname="tests.unit.test_adaptive_edge_selector_batch2.TestSelectWithNewsFilter" name="test_news_spike_field_still_blocks" time="0.008" /><testcase classname="tests.unit.test_adaptive_edge_selector_batch2.TestLookahead" name="test_skip_decision_unchanged" time="0.007" /><testcase classname="tests.unit.test_adaptive_edge_selector_batch2.TestLookahead" name="test_high_flip_risk_converts_to_skip" time="0.006" /><testcase classname="tests.unit.test_adaptive_edge_selector_batch2.TestLookahead" name="test_medium_flip_risk_reduces_confidence" time="0.007" /><testcase classname="tests.unit.test_adaptive_edge_selector_batch2.TestLookahead" name="test_low_flip_risk_no_change" time="0.007" /><testcase classname="tests.unit.test_adaptive_edge_selector_batch2.TestLookahead" name="test_soft_news_proximity_adds_flip_risk" time="0.007" /><testcase classname="tests.unit.test_adaptive_edge_selector_batch2.TestSelectAll" name="test_returns_one_decision_per_symbol" time="0.007" /><testcase classname="tests.unit.test_adaptive_edge_selector_batch2.TestSelectAll" name="test_order_preserved" time="0.007" /><testcase classname="tests.unit.test_adaptive_edge_selector_batch2.TestSelectAll" name="test_each_decision_is_edge_decision" time="0.008" /><testcase classname="tests.unit.test_adaptive_edge_selector_batch2.TestSelectAll" name="test_each_decision_has_valid_edge" time="0.006" /><testcase classname="tests.unit.test_adaptive_edge_selector_batch2.TestSelectAll" name="test_empty_list_returns_empty" time="0.007" /><testcase classname="tests.unit.test_adaptive_edge_selector_batch2.TestSelectAll" name="test_single_symbol_list" time="0.007" /><testcase classname="tests.unit.test_adaptive_edge_selector_batch2.TestSelectAll" name="test_decisions_are_independent" time="0.006" /><testcase classname="tests.unit.test_adaptive_edge_selector_batch2.TestSelectAll" name="test_news_filter_applied_per_symbol" time="0.005" /><testcase classname="tests.unit.test_adaptive_edge_selector_batch2.TestSelectAll" name="test_to_dict_list_json_serialisable" time="0.010" /><testcase classname="tests.unit.test_adaptive_edge_selector_batch2.TestBeastReasonVoice" name="test_sniper_reason_contains_cone_phrase" time="0.007" /><testcase classname="tests.unit.test_adaptive_edge_selector_batch2.TestBeastReasonVoice" name="test_sniper_reason_contains_adx_phrase" time="0.006" /><testcase classname="tests.unit.test_adaptive_edge_selector_batch2.TestBeastReasonVoice" name="test_sniper_reason_contains_engulfing_phrase" time="0.007" /><testcase classname="tests.unit.test_adaptive_edge_selector_batch2.TestBeastReasonVoice" name="test_sniper_reason_contains_rr" time="0.006" /><testcase classname="tests.unit.test_adaptive_edge_selector_batch2.TestBeastReasonVoice" name="test_scalper_reason_contains_rsi" time="0.007" /><testcase classname="tests.unit.test_adaptive_edge_selector_batch2.TestBeastReasonVoice" name="test_scalper_reason_contains_reversion_phrase" time="0.007" /><testcase classname="tests.unit.test_adaptive_edge_selector_batch2.TestBeastReasonVoice" name="test_grid_reason_contains_volatile_phrase" time="0.008" /><testcase classname="tests.unit.test_adaptive_edge_selector_batch2.TestBeastReasonVoice" name="test_memory_won_phrase_in_sniper_reason" time="0.005" /><testcase classname="tests.unit.test_adaptive_edge_selector_batch2.TestBeastReasonVoice" name="test_memory_lost_phrase_in_sniper_reason" time="0.007" /><testcase classname="tests.unit.test_advanced_order_flow.TestAggressionMetrics" name="test_to_dict" time="0.004" /><testcase classname="tests.unit.test_advanced_order_flow.TestVolumeCluster" name="test_to_dict" time="0.007" /><testcase classname="tests.unit.test_advanced_order_flow.TestDeltaDivergence" name="test_to_dict" time="0.007" /><testcase classname="tests.unit.test_advanced_order_flow.TestAdvancedOrderFlowAnalyzer" name="test_initialization" time="0.007" /><testcase classname="tests.unit.test_advanced_order_flow.TestAdvancedOrderFlowAnalyzer" name="test_add_trade" time="0.007" /><testcase classname="tests.unit.test_advanced_order_flow.TestAdvancedOrderFlowAnalyzer" name="test_add_sell_trade_delta" time="0.006" /><testcase classname="tests.unit.test_advanced_order_flow.TestAdvancedOrderFlowAnalyzer" name="test_max_trades_trim" time="0.007" /><testcase classname="tests.unit.test_advanced_order_flow.TestAdvancedOrderFlowAnalyzer" name="test_get_aggression_metrics_no_data" time="0.006" /><testcase classname="tests.unit.test_advanced_order_flow.TestAdvancedOrderFlowAnalyzer" name="test_get_aggression_metrics_bullish" time="0.007" /><testcase classname="tests.unit.test_advanced_order_flow.TestAdvancedOrderFlowAnalyzer" name="test_get_aggression_metrics_bearish" time="0.007" /><testcase classname="tests.unit.test_advanced_order_flow.TestAdvancedOrderFlowAnalyzer" name="test_get_volume_imbalance_by_level" time="0.007" /><testcase classname="tests.unit.test_advanced_order_flow.TestAdvancedOrderFlowAnalyzer" name="test_get_volume_imbalance_empty" time="0.006" /><testcase classname="tests.unit.test_advanced_order_flow.TestAdvancedOrderFlowAnalyzer" name="test_get_stacked_imbalances" time="0.007" /><testcase classname="tests.unit.test_advanced_order_flow.TestAdvancedOrderFlowAnalyzer" name="test_detect_delta_divergence_not_enough_data" time="0.007" /><testcase classname="tests.unit.test_advanced_order_flow.TestAdvancedOrderFlowAnalyzer" name="test_detect_delta_divergence_bullish" time="0.007" /><testcase classname="tests.unit.test_advanced_order_flow.TestAdvancedOrderFlowAnalyzer" name="test_get_volume_clusters" time="0.007" /><testcase classname="tests.unit.test_advanced_order_flow.TestAdvancedOrderFlowAnalyzer" name="test_get_order_flow_oscillator_no_data" time="0.006" /><testcase classname="tests.unit.test_advanced_order_flow.TestAdvancedOrderFlowAnalyzer" name="test_get_order_flow_oscillator" time="0.007" /><testcase classname="tests.unit.test_advanced_order_flow.TestAdvancedOrderFlowAnalyzer" name="test_get_pressure_gauges" time="0.006" /><testcase classname="tests.unit.test_advanced_order_flow.TestAdvancedOrderFlowAnalyzer" name="test_get_pressure_gauges_no_data" time="0.007" /><testcase classname="tests.unit.test_advanced_order_flow.TestAdvancedOrderFlowAnalyzer" name="test_clear_trades" time="0.005" /><testcase classname="tests.unit.test_advanced_order_flow.TestAdvancedOrderFlowAnalyzer" name="test_get_stats" time="0.006" /><testcase classname="tests.unit.test_advanced_order_flow.TestAdvancedOrderFlowAnalyzer" name="test_global_instance" time="0.006" /><testcase classname="tests.unit.test_advanced_patterns.TestPatternSignal" name="test_to_dict_keys" time="0.006" /><testcase classname="tests.unit.test_advanced_patterns.TestPatternSignal" name="test_to_dict_float_conversion" time="0.006" /><testcase classname="tests.unit.test_advanced_patterns.TestAdvancedPatternDetectorInit" name="test_default_params" time="0.006" /><testcase classname="tests.unit.test_advanced_patterns.TestAdvancedPatternDetectorInit" name="test_custom_params" time="0.007" /><testcase classname="tests.unit.test_advanced_patterns.TestDetectAllPatterns" name="test_returns_list" time="0.027" /><testcase classname="tests.unit.test_advanced_patterns.TestDetectAllPatterns" name="test_empty_df_returns_empty" time="0.007" /><testcase classname="tests.unit.test_advanced_patterns.TestDetectAllPatterns" name="test_short_df_returns_empty" time="0.011" /><testcase classname="tests.unit.test_advanced_patterns.TestDetectAllPatterns" name="test_confidence_filter" time="0.048" /><testcase classname="tests.unit.test_advanced_patterns.TestDetectAllPatterns" name="test_all_signals_have_valid_direction" time="0.053" /><testcase classname="tests.unit.test_advanced_patterns.TestDetectAllPatterns" name="test_all_signals_have_positive_rr" time="0.056" /><testcase classname="tests.unit.test_advanced_patterns.TestHeadShoulders" name="test_detect_head_shoulders_returns_list" time="0.009" /><testcase classname="tests.unit.test_advanced_patterns.TestHeadShoulders" name="test_head_shoulders_on_flat_data" time="0.008" /><testcase classname="tests.unit.test_advanced_patterns.TestDoublePatterns" name="test_detect_double_patterns_returns_list" time="0.009" /><testcase classname="tests.unit.test_advanced_patterns.TestDoublePatterns" name="test_double_patterns_on_trending_data" time="0.008" /><testcase classname="tests.unit.test_advanced_patterns.TestTriangles" name="test_detect_triangles_returns_list" time="0.014" /><testcase classname="tests.unit.test_advanced_patterns.TestTriangles" name="test_triangles_on_converging_data" time="0.012" /><testcase classname="tests.unit.test_advanced_patterns.TestWedges" name="test_detect_wedges_returns_list" time="0.016" /><testcase classname="tests.unit.test_advanced_patterns.TestFlagsPennants" name="test_detect_flags_pennants_returns_list" time="0.008" /><testcase classname="tests.unit.test_advanced_patterns.TestRectangles" name="test_detect_rectangles_returns_list" time="0.011" /><testcase classname="tests.unit.test_advanced_patterns.TestHarmonicPatterns" name="test_detect_harmonic_patterns_returns_list" time="0.008" /><testcase classname="tests.unit.test_advanced_patterns.TestHarmonicPatterns" name="test_harmonic_patterns_on_short_df" time="0.008" /><testcase classname="tests.unit.test_advanced_patterns.TestSupportResistance" name="test_detect_support_resistance_returns_list" time="0.008" /><testcase classname="tests.unit.test_advanced_patterns.TestSupportResistance" name="test_support_resistance_signals_have_correct_type" time="0.008" /><testcase classname="tests.unit.test_advanced_patterns.TestPatternConfidence" name="test_perfect_ratio_gives_high_confidence" time="0.006" /><testcase classname="tests.unit.test_advanced_patterns.TestPatternConfidence" name="test_outside_tolerance_gives_zero" time="0.006" /><testcase classname="tests.unit.test_advanced_patterns.TestPatternConfidence" name="test_at_tolerance_boundary" time="0.006" /><testcase classname="tests.unit.test_advanced_patterns.TestPatternConfidence" name="test_confidence_between_zero_and_one" time="0.006" /><testcase classname="tests.unit.test_advanced_risk_analytics.TestRiskMetricType" name="test_all_values" time="0.006" /><testcase classname="tests.unit.test_advanced_risk_analytics.TestVaRResult" name="test_to_dict" time="0.006" /><testcase classname="tests.unit.test_advanced_risk_analytics.TestMonteCarloResult" name="test_to_dict" time="0.006" /><testcase classname="tests.unit.test_advanced_risk_analytics.TestAdvancedRiskAnalytics" name="test_initialization_defaults" time="0.006" /><testcase classname="tests.unit.test_advanced_risk_analytics.TestAdvancedRiskAnalytics" name="test_initialization_custom_config" time="0.007" /><testcase classname="tests.unit.test_advanced_risk_analytics.TestAdvancedRiskAnalytics" name="test_stress_scenarios_initialized" time="0.006" /><testcase classname="tests.unit.test_advanced_risk_analytics.TestAdvancedRiskAnalytics" name="test_calculate_var_historical_basic" time="0.006" /><testcase classname="tests.unit.test_advanced_risk_analytics.TestAdvancedRiskAnalytics" name="test_calculate_var_historical_with_portfolio_value" time="0.007" /><testcase classname="tests.unit.test_advanced_risk_analytics.TestAdvancedRiskAnalytics" name="test_calculate_var_historical_custom_confidence" time="0.007" /><testcase classname="tests.unit.test_advanced_risk_analytics.TestAdvancedRiskAnalytics" name="test_calculate_var_historical_multi_day" time="0.010" /><testcase classname="tests.unit.test_advanced_risk_analytics.TestAdvancedRiskAnalytics" name="test_calculate_var_parametric_basic" time="0.008" /><testcase classname="tests.unit.test_advanced_risk_analytics.TestAdvancedRiskAnalytics" name="test_calculate_var_parametric_with_portfolio_value" time="0.008" /><testcase classname="tests.unit.test_advanced_risk_analytics.TestAdvancedRiskAnalytics" name="test_calculate_var_parametric_custom_confidence" time="0.010" /><testcase classname="tests.unit.test_advanced_risk_analytics.TestAdvancedRiskAnalytics" name="test_calculate_var_monte_carlo_basic" time="0.008" /><testcase classname="tests.unit.test_advanced_risk_analytics.TestAdvancedRiskAnalytics" name="test_calculate_var_monte_carlo_with_portfolio_value" time="0.008" /><testcase classname="tests.unit.test_advanced_risk_analytics.TestAdvancedRiskAnalytics" name="test_calculate_var_monte_carlo_multi_day" time="0.008" /><testcase classname="tests.unit.test_advanced_risk_analytics.TestAdvancedRiskAnalytics" name="test_calculate_cvar_basic" time="0.008" /><testcase classname="tests.unit.test_advanced_risk_analytics.TestAdvancedRiskAnalytics" name="test_calculate_cvar_with_portfolio_value" time="0.007" /><testcase classname="tests.unit.test_advanced_risk_analytics.TestAdvancedRiskAnalytics" name="test_calculate_cvar_custom_confidence" time="0.006" /><testcase classname="tests.unit.test_advanced_risk_analytics.TestAdvancedRiskAnalytics" name="test_cvar_with_no_tail_returns" time="0.007" /><testcase classname="tests.unit.test_advanced_risk_analytics.TestAdvancedRiskAnalytics" name="test_run_monte_carlo_simulation_basic" time="0.009" /><testcase classname="tests.unit.test_advanced_risk_analytics.TestAdvancedRiskAnalytics" name="test_run_monte_carlo_with_paths" time="0.008" /><testcase classname="tests.unit.test_advanced_risk_analytics.TestAdvancedRiskAnalytics" name="test_run_monte_carlo_without_paths" time="0.007" /><testcase classname="tests.unit.test_advanced_risk_analytics.TestAdvancedRiskAnalytics" name="test_simulate_portfolio_scenarios_basic" time="0.008" /><testcase classname="tests.unit.test_advanced_risk_analytics.TestAdvancedRiskAnalytics" name="test_simulate_portfolio_with_correlation" time="0.008" /><testcase classname="tests.unit.test_advanced_risk_analytics.TestAdvancedRiskAnalytics" name="test_run_stress_test_market_crash" time="0.007" /><testcase classname="tests.unit.test_advanced_risk_analytics.TestAdvancedRiskAnalytics" name="test_run_stress_test_best_case" time="0.008" /><testcase classname="tests.unit.test_advanced_risk_analytics.TestAdvancedRiskAnalytics" name="test_run_stress_test_unknown_scenario" time="0.008" /><testcase classname="tests.unit.test_advanced_risk_analytics.TestAdvancedRiskAnalytics" name="test_run_stress_test_flash_crash" time="0.008" /><testcase classname="tests.unit.test_advanced_risk_analytics.TestAdvancedRiskAnalytics" name="test_run_stress_test_geopolitical" time="0.007" /><testcase classname="tests.unit.test_advanced_risk_analytics.TestAdvancedRiskAnalytics" name="test_run_stress_test_dollar_collapse" time="0.007" /><testcase classname="tests.unit.test_advanced_risk_analytics.TestAdvancedRiskAnalytics" name="test_run_stress_test_rate_hike" time="0.008" /><testcase classname="tests.unit.test_advanced_risk_analytics.TestAdvancedRiskAnalytics" name="test_run_stress_test_crypto_winter" time="0.007" /><testcase classname="tests.unit.test_advanced_risk_analytics.TestAdvancedRiskAnalytics" name="test_run_stress_test_medium_risk" time="0.008" /><testcase classname="tests.unit.test_advanced_risk_analytics.TestAdvancedRiskAnalytics" name="test_run_stress_test_high_risk" time="0.007" /><testcase classname="tests.unit.test_advanced_risk_analytics.TestAdvancedRiskAnalytics" name="test_run_all_stress_tests" time="0.007" /><testcase classname="tests.unit.test_advanced_risk_analytics.TestAdvancedRiskAnalytics" name="test_run_stress_test_empty_portfolio" time="0.007" /><testcase classname="tests.unit.test_advanced_risk_analytics.TestAdvancedRiskAnalytics" name="test_analyze_drawdowns_basic" time="0.008" /><testcase classname="tests.unit.test_advanced_risk_analytics.TestAdvancedRiskAnalytics" name="test_analyze_drawdowns_flat_curve" time="0.008" /><testcase classname="tests.unit.test_advanced_risk_analytics.TestAdvancedRiskAnalytics" name="test_analyze_drawdowns_trending_up" time="0.007" /><testcase classname="tests.unit.test_advanced_risk_analytics.TestAdvancedRiskAnalytics" name="test_analyze_drawdowns_big_crash" time="0.007" /><testcase classname="tests.unit.test_advanced_risk_analytics.TestAdvancedRiskAnalytics" name="test_identify_drawdown_events" time="0.006" /><testcase classname="tests.unit.test_advanced_risk_analytics.TestAdvancedRiskAnalytics" name="test_identify_drawdown_events_ongoing" time="0.007" /><testcase classname="tests.unit.test_advanced_risk_analytics.TestAdvancedRiskAnalytics" name="test_calculate_recovery_rate_empty" time="0.006" /><testcase classname="tests.unit.test_advanced_risk_analytics.TestAdvancedRiskAnalytics" name="test_calculate_recovery_rate_all_recovered" time="0.005" /><testcase classname="tests.unit.test_advanced_risk_analytics.TestAdvancedRiskAnalytics" name="test_calculate_recovery_rate_mixed" time="0.006" /><testcase classname="tests.unit.test_advanced_risk_analytics.TestAdvancedRiskAnalytics" name="test_calculate_underwater_periods" time="0.008" /><testcase classname="tests.unit.test_advanced_risk_analytics.TestAdvancedRiskAnalytics" name="test_calculate_underwater_ongoing" time="0.006" /><testcase classname="tests.unit.test_advanced_risk_analytics.TestAdvancedRiskAnalytics" name="test_calculate_sharpe_ratio_basic" time="0.008" /><testcase classname="tests.unit.test_advanced_risk_analytics.TestAdvancedRiskAnalytics" name="test_calculate_sharpe_ratio_zero_std" time="0.006" /><testcase classname="tests.unit.test_advanced_risk_analytics.TestAdvancedRiskAnalytics" name="test_calculate_sortino_ratio_basic" time="0.007" /><testcase classname="tests.unit.test_advanced_risk_analytics.TestAdvancedRiskAnalytics" name="test_calculate_sortino_ratio_all_positive_returns_inf" time="0.008" /><testcase classname="tests.unit.test_advanced_risk_analytics.TestAdvancedRiskAnalytics" name="test_calculate_sortino_ratio_negative_mean" time="0.007" /><testcase classname="tests.unit.test_advanced_risk_analytics.TestAdvancedRiskAnalytics" name="test_calculate_calmar_ratio_basic" time="0.007" /><testcase classname="tests.unit.test_advanced_risk_analytics.TestAdvancedRiskAnalytics" name="test_calculate_calmar_ratio_no_equity_curve" time="0.008" /><testcase classname="tests.unit.test_advanced_risk_analytics.TestAdvancedRiskAnalytics" name="test_calculate_calmar_ratio_zero_drawdown" time="0.007" /><testcase classname="tests.unit.test_advanced_risk_analytics.TestAdvancedRiskAnalytics" name="test_calculate_all_metrics_basic" time="0.070" /><testcase classname="tests.unit.test_advanced_risk_analytics.TestAdvancedRiskAnalytics" name="test_calculate_all_metrics_with_portfolio_value" time="0.065" /><testcase classname="tests.unit.test_advanced_risk_analytics.TestAdvancedRiskAnalytics" name="test_calculate_all_metrics_with_equity_curve" time="0.066" /><testcase classname="tests.unit.test_alert_engine.TestAlertConditionType" name="test_price_conditions" time="0.007" /><testcase classname="tests.unit.test_alert_engine.TestAlertConditionType" name="test_indicator_conditions" time="0.006" /><testcase classname="tests.unit.test_alert_engine.TestAlertPriority" name="test_priority_values" time="0.005" /><testcase classname="tests.unit.test_alert_engine.TestAlertStatus" name="test_status_values" time="0.006" /><testcase classname="tests.unit.test_alert_engine.TestAlertCondition" name="test_condition_creation" time="0.006" /><testcase classname="tests.unit.test_alert_engine.TestAlertCondition" name="test_condition_with_indicator" time="0.006" /><testcase classname="tests.unit.test_alert_engine.TestAlertCondition" name="test_condition_to_dict" time="0.006" /><testcase classname="tests.unit.test_alert_engine.TestAlert" name="test_alert_creation" time="0.005" /><testcase classname="tests.unit.test_alert_engine.TestAlert" name="test_alert_is_active" time="0.006" /><testcase classname="tests.unit.test_alert_engine.TestAlert" name="test_alert_expiration" time="0.006" /><testcase classname="tests.unit.test_alert_engine.TestAlert" name="test_alert_cooldown" time="0.006" /><testcase classname="tests.unit.test_alert_engine.TestAlert" name="test_alert_to_dict" time="0.004" /><testcase classname="tests.unit.test_alert_engine.TestAlertEngine" name="test_engine_initialization" time="0.009" /><testcase classname="tests.unit.test_alert_engine.TestAlertEngine" name="test_create_alert" time="0.006" /><testcase classname="tests.unit.test_alert_engine.TestAlertEngine" name="test_create_alert_with_options" time="0.008" /><testcase classname="tests.unit.test_alert_engine.TestAlertEngine" name="test_get_alert" time="0.007" /><testcase classname="tests.unit.test_alert_engine.TestAlertEngine" name="test_get_nonexistent_alert" time="0.006" /><testcase classname="tests.unit.test_alert_engine.TestAlertEngine" name="test_delete_alert" time="0.008" /><testcase classname="tests.unit.test_alert_engine.TestAlertEngine" name="test_pause_resume_alert" time="0.007" /><testcase classname="tests.unit.test_alert_engine.TestAlertEngine" name="test_get_alerts" time="0.007" /><testcase classname="tests.unit.test_alert_engine.TestAlertEngine" name="test_get_active_alerts" time="0.008" /><testcase classname="tests.unit.test_alert_engine.TestAlertEngine" name="test_check_alerts_price_above" time="0.009" /><testcase classname="tests.unit.test_alert_engine.TestAlertEngine" name="test_check_alerts_price_below" time="0.006" /><testcase classname="tests.unit.test_alert_engine.TestAlertEngine" name="test_check_alerts_not_triggered" time="0.007" /><testcase classname="tests.unit.test_alert_engine.TestAlertEngine" name="test_check_alerts_rsi" time="0.008" /><testcase classname="tests.unit.test_alert_engine.TestAlertEngine" name="test_check_alerts_volume" time="0.008" /><testcase classname="tests.unit.test_alert_engine.TestAlertEngine" name="test_get_trigger_history" time="0.009"><failure message="TypeError: sequence index must be integer, not 'slice'">self = &lt;tests.unit.test_alert_engine.TestAlertEngine object at 0x7f8823ffec10&gt;

    def test_get_trigger_history(self):
        """Test getting trigger history."""
        from notifications.alert_engine import AlertConditionType, AlertEngine

        engine = AlertEngine()
        engine.create_alert(
            name="Test Alert",
            symbol="XAUUSD",
            condition_type=AlertConditionType.PRICE_ABOVE,
            threshold=2000,
        )

        # Trigger alert
        market_data = {"XAUUSD": {"price": 2010}}
        engine.check_alerts(market_data)

&gt;       history = engine.get_trigger_history()
                  ^^^^^^^^^^^^^^^^^^^^^^^^^^^^

tests/unit/test_alert_engine.py:460:
_ _ _ _ _ _ _ _ _ _ _ _ _ _ _ _ _ _ _ _ _ _ _ _ _ _ _ _ _ _ _ _ _ _ _ _ _ _ _ _

self = &lt;notifications.alert_engine.AlertEngine object at 0x7f88e93d8190&gt;
symbol = None, alert_id = None, limit = 50

    def get_trigger_history(
        self,
        symbol: str | None = None,
        alert_id: str | None = None,
        limit: int = 50,
    ) -&gt; list[AlertTrigger]:
        """Get trigger history."""
        with self._lock:
            history = self._trigger_history.copy()

        if symbol:
            history = [t for t in history if t.symbol == symbol]
        if alert_id:
            history = [t for t in history if t.alert_id == alert_id]

&gt;       return history[-limit:]
               ^^^^^^^^^^^^^^^^
E       TypeError: sequence index must be integer, not 'slice'

notifications/alert_engine.py:810: TypeError</failure></testcase><testcase classname="tests.unit.test_alert_engine.TestAlertEngine" name="test_get_stats" time="0.009" /><testcase classname="tests.unit.test_alert_engine.TestAlertEngine" name="test_notification_handler" time="0.008" /><testcase classname="tests.unit.test_alert_engine.TestAlertEngine" name="test_global_instance" time="0.006" /><testcase classname="tests.unit.test_alert_engine_extended.TestAlertEngineExtended" name="test_create_complex_alert" time="0.006" /><testcase classname="tests.unit.test_alert_engine_extended.TestAlertEngineExtended" name="test_create_complex_alert_require_any" time="0.008" /><testcase classname="tests.unit.test_alert_engine_extended.TestAlertEngineExtended" name="test_update_alert_name" time="0.007" /><testcase classname="tests.unit.test_alert_engine_extended.TestAlertEngineExtended" name="test_update_alert_nonexistent" time="0.008" /><testcase classname="tests.unit.test_alert_engine_extended.TestAlertEngineExtended" name="test_update_alert_threshold" time="0.008" /><testcase classname="tests.unit.test_alert_engine_extended.TestAlertEngineExtended" name="test_delete_existing_alert" time="0.007" /><testcase classname="tests.unit.test_alert_engine_extended.TestAlertEngineExtended" name="test_delete_nonexistent_alert" time="0.006" /><testcase classname="tests.unit.test_alert_engine_extended.TestAlertEngineExtended" name="test_delete_removes_from_symbol_index" time="0.010" /><testcase classname="tests.unit.test_alert_engine_extended.TestAlertEngineExtended" name="test_pause_nonexistent" time="0.007" /><testcase classname="tests.unit.test_alert_engine_extended.TestAlertEngineExtended" name="test_resume_nonexistent" time="0.004" /><testcase classname="tests.unit.test_alert_engine_extended.TestAlertEngineExtended" name="test_pause_and_resume" time="0.007" /><testcase classname="tests.unit.test_alert_engine_extended.TestAlertEngineExtended" name="test_get_alerts_filter_by_user" time="0.007" /><testcase classname="tests.unit.test_alert_engine_extended.TestAlertEngineExtended" name="test_get_alerts_filter_by_priority" time="0.010" /><testcase classname="tests.unit.test_alert_engine_extended.TestAlertEngineExtended" name="test_get_alerts_filter_combined" time="0.006" /><testcase classname="tests.unit.test_alert_engine_extended.TestAlertEngineExtended" name="test_check_alerts_price_cross_above" time="0.008" /><testcase classname="tests.unit.test_alert_engine_extended.TestAlertEngineExtended" name="test_check_alerts_price_cross_below" time="0.007" /><testcase classname="tests.unit.test_alert_engine_extended.TestAlertEngineExtended" name="test_check_alerts_price_inside_range" time="0.008" /><testcase classname="tests.unit.test_alert_engine_extended.TestAlertEngineExtended" name="test_check_alerts_price_outside_range" time="0.005" /><testcase classname="tests.unit.test_alert_engine_extended.TestAlertEngineExtended" name="test_check_alerts_price_change_pct" time="0.009" /><testcase classname="tests.unit.test_alert_engine_extended.TestAlertEngineExtended" name="test_check_alerts_price_change_abs" time="0.007" /><testcase classname="tests.unit.test_alert_engine_extended.TestAlertEngineExtended" name="test_check_alerts_volume_spike" time="0.006" /><testcase classname="tests.unit.test_alert_engine_extended.TestAlertEngineExtended" name="test_check_alerts_indicator_above" time="0.010" /><testcase classname="tests.unit.test_alert_engine_extended.TestAlertEngineExtended" name="test_check_alerts_indicator_below" time="0.009" /><testcase classname="tests.unit.test_alert_engine_extended.TestAlertEngineExtended" name="test_check_alerts_rsi_oversold" time="0.009" /><testcase classname="tests.unit.test_alert_engine_extended.TestAlertEngineExtended" name="test_check_alerts_spread_above" time="0.007" /><testcase classname="tests.unit.test_alert_engine_extended.TestAlertEngineExtended" name="test_check_alerts_imbalance_threshold" time="0.008" /><testcase classname="tests.unit.test_alert_engine_extended.TestAlertEngineExtended" name="test_check_alerts_no_previous_price_cross" time="0.008" /><testcase classname="tests.unit.test_alert_engine_extended.TestAlertEngineExtended" name="test_check_alerts_price_range_no_threshold_2" time="0.006" /><testcase classname="tests.unit.test_alert_engine_extended.TestAlertEngineExtended" name="test_notification_handler_called_on_trigger" time="0.005" /><testcase classname="tests.unit.test_alert_engine_extended.TestAlertEngineExtended" name="test_notification_handler_error_handled" time="0.008" /><testcase classname="tests.unit.test_alert_engine_extended.TestAlertEngineExtended" name="test_get_trigger_history_by_symbol" time="0.006" /><testcase classname="tests.unit.test_alert_engine_extended.TestAlertEngineExtended" name="test_get_trigger_history_by_alert_id" time="0.009" /><testcase classname="tests.unit.test_alert_engine_extended.TestAlertEngineExtended" name="test_get_trigger_history_limit" time="0.008"><failure message="TypeError: sequence index must be integer, not 'slice'">self = &lt;tests.unit.test_alert_engine_extended.TestAlertEngineExtended object at 0x7f8823e31d90&gt;
engine = &lt;notifications.alert_engine.AlertEngine object at 0x7f881eba3e50&gt;

    def test_get_trigger_history_limit(self, engine):
&gt;       history = engine.get_trigger_history(limit=5)
                  ^^^^^^^^^^^^^^^^^^^^^^^^^^^^^^^^^^^

tests/unit/test_alert_engine_extended.py:676:
_ _ _ _ _ _ _ _ _ _ _ _ _ _ _ _ _ _ _ _ _ _ _ _ _ _ _ _ _ _ _ _ _ _ _ _ _ _ _ _

self = &lt;notifications.alert_engine.AlertEngine object at 0x7f881eba3e50&gt;
symbol = None, alert_id = None, limit = 5

    def get_trigger_history(
        self,
        symbol: str | None = None,
        alert_id: str | None = None,
        limit: int = 50,
    ) -&gt; list[AlertTrigger]:
        """Get trigger history."""
        with self._lock:
            history = self._trigger_history.copy()

        if symbol:
            history = [t for t in history if t.symbol == symbol]
        if alert_id:
            history = [t for t in history if t.alert_id == alert_id]

&gt;       return history[-limit:]
               ^^^^^^^^^^^^^^^^
E       TypeError: sequence index must be integer, not 'slice'

notifications/alert_engine.py:810: TypeError</failure></testcase><testcase classname="tests.unit.test_alert_engine_extended.TestAlertEngineExtended" name="test_get_stats_includes_active" time="0.007" /><testcase classname="tests.unit.test_alert_engine_extended.TestAlertEngineExtended" name="test_stop_monitoring" time="0.007" /><testcase classname="tests.unit.test_alert_engine_extended.TestAlertEngineExtended" name="test_trigger_to_dict" time="0.009" /><testcase classname="tests.unit.test_alert_engine_extended.TestAlertEngineExtended" name="test_custom_message_template" time="0.007" /><testcase classname="tests.unit.test_alert_engine_extended.TestAlertEngineExtended" name="test_complex_alert_require_all_not_met" time="0.008" /><testcase classname="tests.unit.test_alert_engine_extended.TestAlertEngineExtended" name="test_complex_alert_require_any_met" time="0.005" /><testcase classname="tests.unit.test_alert_engine_extended.TestCreateAlertRouter" name="test_create_alert_router" time="0.023" /><testcase classname="tests.unit.test_alert_engine_extended.TestCreateAlertRouter" name="test_alert_router_has_routes" time="0.027" /><testcase classname="tests.unit.test_alert_engine_extended.TestAlertEndToEndRouting" name="test_price_above_triggers_handler" time="0.008" /><testcase classname="tests.unit.test_alert_engine_extended.TestAlertEndToEndRouting" name="test_price_below_threshold_does_not_trigger" time="0.007" /><testcase classname="tests.unit.test_alert_engine_extended.TestAlertEndToEndRouting" name="test_multiple_handlers_all_called" time="0.007" /><testcase classname="tests.unit.test_alert_engine_extended.TestAlertEndToEndRouting" name="test_handler_exception_does_not_block_other_handlers" time="0.008" /><testcase classname="tests.unit.test_alert_engine_extended.TestAlertEndToEndRouting" name="test_trigger_contains_expected_fields" time="0.007" /><testcase classname="tests.unit.test_all_strategies.TestSMCICTStrategyComprehensive" name="test_smc_initialization" time="0.007" /><testcase classname="tests.unit.test_all_strategies.TestSMCICTStrategyComprehensive" name="test_smc_analyze" time="0.011" /><testcase classname="tests.unit.test_all_strategies.TestITS8OSStrategyComprehensive" name="test_its_initialization" time="0.007" /><testcase classname="tests.unit.test_all_strategies.TestITS8OSStrategyComprehensive" name="test_its_analyze" time="0.009" /><testcase classname="tests.unit.test_all_strategies.TestStrategyBrainComprehensive" name="test_brain_initialization" time="0.006" /><testcase classname="tests.unit.test_all_strategies.TestMACrossoverComprehensive" name="test_ma_initialization" time="0.008" /><testcase classname="tests.unit.test_all_strategies.TestMACrossoverComprehensive" name="test_ma_analyze" time="0.014" /><testcase classname="tests.unit.test_all_strategies.TestMACrossoverComprehensive" name="test_ma_generate_signal" time="0.010" /><testcase classname="tests.unit.test_all_strategies.TestStrategyManagerComprehensive" name="test_manager_register_multiple" time="0.007" /><testcase classname="tests.unit.test_all_strategies.TestStrategyManagerComprehensive" name="test_manager_get_performance_summary" time="0.011" /><testcase classname="tests.unit.test_all_strategies.TestStrategyManagerComprehensive" name="test_manager_iterate_strategies" time="0.009" /><testcase classname="tests.unit.test_all_strategies.TestBaseStrategyComprehensive" name="test_strategy_config_creation" time="0.007" /><testcase classname="tests.unit.test_all_strategies.TestBaseStrategyComprehensive" name="test_signal_type_enum" time="0.006" /><testcase classname="tests.unit.test_all_strategies.TestBaseStrategyComprehensive" name="test_strategy_status_enum" time="0.006" /><testcase classname="tests.unit.test_all_strategies.TestBaseStrategyComprehensive" name="test_signal_creation" time="0.006" /><testcase classname="tests.unit.test_all_strategies.TestBaseStrategyComprehensive" name="test_signal_invalid_confidence" time="0.007" /><testcase classname="tests.unit.test_all_strategies_extended.TestBaseStrategyInterface" name="test_strategy_config_defaults" time="0.008" /><testcase classname="tests.unit.test_all_strategies_extended.TestBaseStrategyInterface" name="test_strategy_config_custom_params" time="0.004" /><testcase classname="tests.unit.test_all_strategies_extended.TestBaseStrategyInterface" name="test_signal_type_enum_values" time="0.009" /><testcase classname="tests.unit.test_all_strategies_extended.TestBaseStrategyInterface" name="test_strategy_status_enum_values" time="0.007" /><testcase classname="tests.unit.test_all_strategies_extended.TestBaseStrategyInterface" name="test_signal_dataclass_valid" time="0.006" /><testcase classname="tests.unit.test_all_strategies_extended.TestBaseStrategyInterface" name="test_signal_invalid_confidence_raises" time="0.010" /><testcase classname="tests.unit.test_all_strategies_extended.TestBaseStrategyInterface" name="test_signal_zero_confidence_allowed" time="0.007" /><testcase classname="tests.unit.test_all_strategies_extended.TestBaseStrategyInterface" name="test_concrete_strategy_start_stop_pause_resume" time="0.009" /><testcase classname="tests.unit.test_all_strategies_extended.TestBaseStrategyInterface" name="test_on_bar_returns_signal" time="0.008" /><testcase classname="tests.unit.test_all_strategies_extended.TestBaseStrategyInterface" name="test_get_performance_metrics" time="0.009" /><testcase classname="tests.unit.test_all_strategies_extended.TestBaseStrategyInterface" name="test_repr" time="0.007" /><testcase classname="tests.unit.test_all_strategies_extended.TestBollingerBandsStrategy" name="test_init_attributes" time="0.008" /><testcase classname="tests.unit.test_all_strategies_extended.TestBollingerBandsStrategy" name="test_insufficient_data_returns_hold" time="0.009" /><testcase classname="tests.unit.test_all_strategies_extended.TestBollingerBandsStrategy" name="test_buy_signal_below_lower_band" time="0.011" /><testcase classname="tests.unit.test_all_strategies_extended.TestBollingerBandsStrategy" name="test_sell_signal_above_upper_band" time="0.013" /><testcase classname="tests.unit.test_all_strategies_extended.TestBollingerBandsStrategy" name="test_hold_signal_inside_bands" time="0.011" /><testcase classname="tests.unit.test_all_strategies_extended.TestBollingerBandsStrategy" name="test_result_has_metadata" time="0.012" /><testcase classname="tests.unit.test_all_strategies_extended.TestBollingerBandsStrategy" name="test_custom_period_and_std" time="0.009" /><testcase classname="tests.unit.test_all_strategies_extended.TestEMAcrossoverStrategy" name="test_init_attributes" time="0.009" /><testcase classname="tests.unit.test_all_strategies_extended.TestEMAcrossoverStrategy" name="test_insufficient_data_returns_hold" time="0.008" /><testcase classname="tests.unit.test_all_strategies_extended.TestEMAcrossoverStrategy" name="test_bullish_crossover_buy" time="0.059" /><testcase classname="tests.unit.test_all_strategies_extended.TestEMAcrossoverStrategy" name="test_bearish_crossover_sell" time="0.052" /><testcase classname="tests.unit.test_all_strategies_extended.TestEMAcrossoverStrategy" name="test_result_structure" time="0.010" /><testcase classname="tests.unit.test_all_strategies_extended.TestEMAcrossoverStrategy" name="test_metadata_contains_ema_values" time="0.010" /><testcase classname="tests.unit.test_all_strategies_extended.TestMACDStrategy" name="test_init_attributes" time="0.007" /><testcase classname="tests.unit.test_all_strategies_extended.TestMACDStrategy" name="test_insufficient_data_returns_hold" time="0.009" /><testcase classname="tests.unit.test_all_strategies_extended.TestMACDStrategy" name="test_calculate_macd_returns_three_series" time="0.008" /><testcase classname="tests.unit.test_all_strategies_extended.TestMACDStrategy" name="test_bullish_crossover_produces_buy" time="0.059" /><testcase classname="tests.unit.test_all_strategies_extended.TestMACDStrategy" name="test_bearish_crossover_produces_sell" time="0.076" /><testcase classname="tests.unit.test_all_strategies_extended.TestMACDStrategy" name="test_result_contains_macd_metadata" time="0.010" /><testcase classname="tests.unit.test_all_strategies_extended.TestMACDStrategy" name="test_signal_type_valid" time="0.011" /><testcase classname="tests.unit.test_all_strategies_extended.TestRSIStrategy" name="test_init_attributes" time="0.007" /><testcase classname="tests.unit.test_all_strategies_extended.TestRSIStrategy" name="test_insufficient_data_returns_hold" time="0.010" /><testcase classname="tests.unit.test_all_strategies_extended.TestRSIStrategy" name="test_calculate_rsi_returns_series" time="0.010" /><testcase classname="tests.unit.test_all_strategies_extended.TestRSIStrategy" name="test_buy_signal_when_oversold" time="0.012" /><testcase classname="tests.unit.test_all_strategies_extended.TestRSIStrategy" name="test_sell_signal_when_overbought" time="0.014" /><testcase classname="tests.unit.test_all_strategies_extended.TestRSIStrategy" name="test_result_metadata_contains_rsi" time="0.012" /><testcase classname="tests.unit.test_all_strategies_extended.TestRSIStrategy" name="test_hold_for_neutral_rsi" time="0.014" /><testcase classname="tests.unit.test_all_strategies_extended.TestRSIStrategy" name="test_confidence_bounds" time="0.015" /><testcase classname="tests.unit.test_all_strategies_extended.TestMeanReversionStrategy" name="test_init_attributes" time="0.007" /><testcase classname="tests.unit.test_all_strategies_extended.TestMeanReversionStrategy" name="test_insufficient_data_returns_hold" time="0.008" /><testcase classname="tests.unit.test_all_strategies_extended.TestMeanReversionStrategy" name="test_buy_below_lower_band" time="0.007" /><testcase classname="tests.unit.test_all_strategies_extended.TestMeanReversionStrategy" name="test_sell_above_upper_band" time="0.009" /><testcase classname="tests.unit.test_all_strategies_extended.TestMeanReversionStrategy" name="test_result_has_band_metadata" time="0.010" /><testcase classname="tests.unit.test_all_strategies_extended.TestMeanReversionStrategy" name="test_confidence_in_range" time="0.012" /><testcase classname="tests.unit.test_all_strategies_extended.TestStochasticStrategy" name="test_init_attributes" time="0.008" /><testcase classname="tests.unit.test_all_strategies_extended.TestStochasticStrategy" name="test_insufficient_data_returns_hold" time="0.010" /><testcase classname="tests.unit.test_all_strategies_extended.TestStochasticStrategy" name="test_calculate_stochastic_returns_two_series" time="0.010" /><testcase classname="tests.unit.test_all_strategies_extended.TestStochasticStrategy" name="test_buy_signal_rising_from_oversold" time="0.010" /><testcase classname="tests.unit.test_all_strategies_extended.TestStochasticStrategy" name="test_sell_signal_falling_from_overbought" time="0.010" /><testcase classname="tests.unit.test_all_strategies_extended.TestStochasticStrategy" name="test_result_has_stoch_metadata" time="0.010" /><testcase classname="tests.unit.test_all_strategies_extended.TestStochasticStrategy" name="test_confidence_in_range" time="0.012" /><testcase classname="tests.unit.test_all_strategies_extended.TestBreakoutStrategy" name="test_init_attributes" time="0.007" /><testcase classname="tests.unit.test_all_strategies_extended.TestBreakoutStrategy" name="test_insufficient_data_returns_hold" time="0.009" /><testcase classname="tests.unit.test_all_strategies_extended.TestBreakoutStrategy" name="test_identify_support_resistance" time="0.010" /><testcase classname="tests.unit.test_all_strategies_extended.TestBreakoutStrategy" name="test_calculate_atr_returns_float" time="0.011" /><testcase classname="tests.unit.test_all_strategies_extended.TestBreakoutStrategy" name="test_bullish_breakout_buy" time="0.011" /><testcase classname="tests.unit.test_all_strategies_extended.TestBreakoutStrategy" name="test_bearish_price_produces_valid_signal" time="0.011" /><testcase classname="tests.unit.test_all_strategies_extended.TestBreakoutStrategy" name="test_result_has_breakout_metadata" time="0.012" /><testcase classname="tests.unit.test_all_strategies_extended.TestBreakoutStrategy" name="test_confidence_in_range" time="0.014" /><testcase classname="tests.unit.test_all_strategies_extended.TestSMCICTStrategy" name="test_init_attributes" time="0.007" /><testcase classname="tests.unit.test_all_strategies_extended.TestSMCICTStrategy" name="test_analyze_returns_dict" time="0.013" /><testcase classname="tests.unit.test_all_strategies_extended.TestSMCICTStrategy" name="test_analyze_insufficient_data_returns_error" time="0.008" /><testcase classname="tests.unit.test_all_strategies_extended.TestSMCICTStrategy" name="test_analyze_returns_expected_keys" time="0.013" /><testcase classname="tests.unit.test_all_strategies_extended.TestSMCICTStrategy" name="test_generate_signal_returns_none_or_signal" time="0.012" /><testcase classname="tests.unit.test_all_strategies_extended.TestSMCICTStrategy" name="test_generate_signal_with_error_analysis" time="0.007" /><testcase classname="tests.unit.test_all_strategies_extended.TestSMCICTStrategy" name="test_market_structure_analysis" time="0.011" /><testcase classname="tests.unit.test_all_strategies_extended.TestSMCICTStrategy" name="test_identify_order_blocks" time="0.010" /><testcase classname="tests.unit.test_all_strategies_extended.TestSMCICTStrategy" name="test_identify_fair_value_gaps" time="0.011" /><testcase classname="tests.unit.test_all_strategies_extended.TestSMCICTStrategy" name="test_analyze_liquidity" time="0.010" /><testcase classname="tests.unit.test_all_strategies_extended.TestSMCICTStrategy" name="test_calculate_premium_discount" time="0.013" /><testcase classname="tests.unit.test_all_strategies_extended.TestSMCICTStrategy" name="test_price_near_level" time="0.009" /><testcase classname="tests.unit.test_all_strategies_extended.TestSMCICTStrategy" name="test_price_in_fvg" time="0.007" /><testcase classname="tests.unit.test_all_strategies_extended.TestSMCICTStrategy" name="test_bullish_setup_generates_buy" time="0.007" /><testcase classname="tests.unit.test_all_strategies_extended.TestSMCICTStrategy" name="test_bearish_setup_generates_sell" time="0.007" /><testcase classname="tests.unit.test_all_strategies_extended.TestSMCICTStrategy" name="test_on_bar_integration" time="0.012" /><testcase classname="tests.unit.test_all_strategies_extended.TestSMCICTStrategy" name="test_calculate_ote_levels" time="0.012" /><testcase classname="tests.unit.test_all_strategies_extended.TestITS8OSStrategy" name="test_init_attributes" time="0.006" /><testcase classname="tests.unit.test_all_strategies_extended.TestITS8OSStrategy" name="test_analyze_returns_dict" time="0.012" /><testcase classname="tests.unit.test_all_strategies_extended.TestITS8OSStrategy" name="test_analyze_insufficient_data_returns_error" time="0.008" /><testcase classname="tests.unit.test_all_strategies_extended.TestITS8OSStrategy" name="test_analyze_returns_setup_results" time="0.012" /><testcase classname="tests.unit.test_all_strategies_extended.TestITS8OSStrategy" name="test_generate_signal_returns_none_or_signal" time="0.011" /><testcase classname="tests.unit.test_all_strategies_extended.TestITS8OSStrategy" name="test_generate_signal_with_error_analysis" time="0.007" /><testcase classname="tests.unit.test_all_strategies_extended.TestITS8OSStrategy" name="test_amd_pattern_analysis" time="0.011" /><testcase classname="tests.unit.test_all_strategies_extended.TestITS8OSStrategy" name="test_power_of_3_analysis" time="0.010" /><testcase classname="tests.unit.test_all_strategies_extended.TestITS8OSStrategy" name="test_judas_swing_analysis" time="0.009" /><testcase classname="tests.unit.test_all_strategies_extended.TestITS8OSStrategy" name="test_kill_zone_analysis_in_zone" time="0.009" /><testcase classname="tests.unit.test_all_strategies_extended.TestITS8OSStrategy" name="test_kill_zone_analysis_outside_zone" time="0.008" /><testcase classname="tests.unit.test_all_strategies_extended.TestITS8OSStrategy" name="test_turtle_soup_analysis" time="0.010" /><testcase classname="tests.unit.test_all_strategies_extended.TestITS8OSStrategy" name="test_silver_bullet_analysis" time="0.008" /><testcase classname="tests.unit.test_all_strategies_extended.TestITS8OSStrategy" name="test_ote_analysis" time="0.014" /><testcase classname="tests.unit.test_all_strategies_extended.TestITS8OSStrategy" name="test_session_analysis" time="0.008" /><testcase classname="tests.unit.test_all_strategies_extended.TestITS8OSStrategy" name="test_confluence_calculation" time="0.007" /><testcase classname="tests.unit.test_all_strategies_extended.TestITS8OSStrategy" name="test_confluence_bullish_generates_buy" time="0.009" /><testcase classname="tests.unit.test_all_strategies_extended.TestITS8OSStrategy" name="test_on_bar_integration" time="0.013" /><testcase classname="tests.unit.test_all_strategies_extended.TestStrategyBrain" name="test_init_defaults" time="0.011" /><testcase classname="tests.unit.test_all_strategies_extended.TestStrategyBrain" name="test_init_custom_config" time="0.008" /><testcase classname="tests.unit.test_all_strategies_extended.TestStrategyBrain" name="test_register_strategy" time="0.007" /><testcase classname="tests.unit.test_all_strategies_extended.TestStrategyBrain" name="test_register_multiple_strategies" time="0.009" /><testcase classname="tests.unit.test_all_strategies_extended.TestStrategyBrain" name="test_unregister_strategy" time="0.009" /><testcase classname="tests.unit.test_all_strategies_extended.TestStrategyBrain" name="test_weights_sum_to_one" time="0.009" /><testcase classname="tests.unit.test_all_strategies_extended.TestStrategyBrain" name="test_bullish_consensus" time="0.013" /><testcase classname="tests.unit.test_all_strategies_extended.TestStrategyBrain" name="test_bearish_consensus" time="0.008" /><testcase classname="tests.unit.test_all_strategies_extended.TestStrategyBrain" name="test_no_consensus_mixed_signals" time="0.011" /><testcase classname="tests.unit.test_all_strategies_extended.TestStrategyBrain" name="test_no_consensus_insufficient_strategies" time="0.010" /><testcase classname="tests.unit.test_all_strategies_extended.TestStrategyBrain" name="test_hold_strategies_no_consensus" time="0.009" /><testcase classname="tests.unit.test_all_strategies_extended.TestStrategyBrain" name="test_update_strategy_performance" time="0.008" /><testcase classname="tests.unit.test_all_strategies_extended.TestStrategyBrain" name="test_update_performance_loss" time="0.009" /><testcase classname="tests.unit.test_all_strategies_extended.TestStrategyBrain" name="test_update_nonexistent_strategy_no_error" time="0.007" /><testcase classname="tests.unit.test_all_strategies_extended.TestStrategyBrain" name="test_get_statistics_initial" time="0.005" /><testcase classname="tests.unit.test_all_strategies_extended.TestStrategyBrain" name="test_get_statistics_after_analysis" time="0.011" /><testcase classname="tests.unit.test_all_strategies_extended.TestStrategyBrain" name="test_get_strategy_correlations_empty" time="0.006" /><testcase classname="tests.unit.test_all_strategies_extended.TestStrategyBrain" name="test_get_strategy_correlations_with_history" time="0.009" /><testcase classname="tests.unit.test_all_strategies_extended.TestStrategyBrain" name="test_repr" time="0.008" /><testcase classname="tests.unit.test_all_strategies_extended.TestStrategyBrain" name="test_signal_history_grows" time="0.013" /><testcase classname="tests.unit.test_all_strategies_extended.TestStrategyBrain" name="test_weights_recalculate_after_performance_update" time="0.013" /><testcase classname="tests.unit.test_alpha_vantage_source.TestAlphaVantageSourceInit" name="test_name" time="0.005" /><testcase classname="tests.unit.test_alpha_vantage_source.TestAlphaVantageSourceInit" name="test_no_key_not_rate_limited" time="0.007" /><testcase classname="tests.unit.test_alpha_vantage_source.TestAlphaVantageSourceInit" name="test_status_no_key" time="0.006" /><testcase classname="tests.unit.test_alpha_vantage_source.TestAlphaVantageSourceInit" name="test_status_with_key" time="0.006" /><testcase classname="tests.unit.test_alpha_vantage_source.TestAlphaVantageNoKey" name="test_no_key_returns_none" time="0.008" /><testcase classname="tests.unit.test_alpha_vantage_source.TestAlphaVantageNoKey" name="test_missing_symbol_config_returns_none" time="0.007" /><testcase classname="tests.unit.test_alpha_vantage_source.TestAlphaVantageNoKey" name="test_empty_symbol_config_returns_none" time="0.010" /><testcase classname="tests.unit.test_alpha_vantage_source.TestAlphaVantageHappyPath" name="test_xauusd_price_parsed" time="0.016" /><testcase classname="tests.unit.test_alpha_vantage_source.TestAlphaVantageHappyPath" name="test_eurusd_price_parsed" time="0.012" /><testcase classname="tests.unit.test_alpha_vantage_source.TestAlphaVantageHappyPath" name="test_rate_limited_flag_cleared_on_success" time="0.013" /><testcase classname="tests.unit.test_alpha_vantage_source.TestAlphaVantageHappyPath" name="test_positive_price_returned" time="0.013" /><testcase classname="tests.unit.test_alpha_vantage_source.TestAlphaVantageRateLimiting" name="test_note_response_returns_none" time="0.013" /><testcase classname="tests.unit.test_alpha_vantage_source.TestAlphaVantageRateLimiting" name="test_information_response_returns_none" time="0.014" /><testcase classname="tests.unit.test_alpha_vantage_source.TestAlphaVantageRateLimiting" name="test_empty_response_returns_none" time="0.014" /><testcase classname="tests.unit.test_alpha_vantage_source.TestAlphaVantageRateLimiting" name="test_missing_exchange_rate_key_returns_none" time="0.013" /><testcase classname="tests.unit.test_alpha_vantage_source.TestAlphaVantageHTTPErrors" name="test_http_429_returns_none" time="0.016" /><testcase classname="tests.unit.test_alpha_vantage_source.TestAlphaVantageHTTPErrors" name="test_http_500_returns_none" time="0.015" /><testcase classname="tests.unit.test_alpha_vantage_source.TestAlphaVantageHTTPErrors" name="test_connection_error_returns_none" time="0.012" /><testcase classname="tests.unit.test_alpha_vantage_source.TestAlphaVantageHTTPErrors" name="test_zero_rate_returns_none" time="0.013" /><testcase classname="tests.unit.test_alpha_vantage_source.TestAlphaVantageSharedSession" name="test_shared_session_used" time="0.013" /><testcase classname="tests.unit.test_alpha_vantage_source.TestAlphaVantageSharedSession" name="test_close_owned_session" time="0.007" /><testcase classname="tests.unit.test_analysis_modules.TestMarketRegimeDetector" name="test_initialization_defaults" time="0.006" /><testcase classname="tests.unit.test_analysis_modules.TestMarketRegimeDetector" name="test_initialization_custom_config" time="0.006" /><testcase classname="tests.unit.test_analysis_modules.TestMarketRegimeDetector" name="test_detect_regime_returns_regime_analysis" time="0.021" /><testcase classname="tests.unit.test_analysis_modules.TestMarketRegimeDetector" name="test_detect_regime_insufficient_data_returns_default" time="0.008" /><testcase classname="tests.unit.test_analysis_modules.TestMarketRegimeDetector" name="test_regime_analysis_to_dict" time="0.019" /><testcase classname="tests.unit.test_analysis_modules.TestMarketRegimeDetector" name="test_detect_regime_trending_up" time="0.020" /><testcase classname="tests.unit.test_analysis_modules.TestMarketRegimeDetector" name="test_detect_regime_trending_down" time="0.019" /><testcase classname="tests.unit.test_analysis_modules.TestMarketRegimeDetector" name="test_detect_regime_ranging" time="0.019" /><testcase classname="tests.unit.test_analysis_modules.TestMarketRegimeDetector" name="test_detect_regime_volatile" time="0.019" /><testcase classname="tests.unit.test_analysis_modules.TestMarketRegimeDetector" name="test_regime_history_updated" time="0.030" /><testcase classname="tests.unit.test_analysis_modules.TestMarketRegimeDetector" name="test_volume_state_high" time="0.017" /><testcase classname="tests.unit.test_analysis_modules.TestMarketRegimeDetector" name="test_volume_state_low" time="0.019" /><testcase classname="tests.unit.test_analysis_modules.TestMarketRegimeDetector" name="test_volume_state_no_volume_column" time="0.017" /><testcase classname="tests.unit.test_analysis_modules.TestMarketRegimeDetector" name="test_transition_probability_default_when_insufficient_history" time="0.019" /><testcase classname="tests.unit.test_analysis_modules.TestMarketRegimeDetector" name="test_transition_probability_with_history" time="0.164" /><testcase classname="tests.unit.test_analysis_modules.TestMarketRegimeDetector" name="test_all_regime_enum_values" time="0.006" /><testcase classname="tests.unit.test_analysis_modules.TestMarketRegimeDetector" name="test_detect_regime_with_exact_100_rows" time="0.018" /><testcase classname="tests.unit.test_analysis_modules.TestMarketRegimeDetector" name="test_regime_strength_between_0_and_1" time="0.018" /><testcase classname="tests.unit.test_analysis_modules.TestMarketRegimeDetector" name="test_volatility_percentile_between_0_and_100" time="0.021" /><testcase classname="tests.unit.test_analysis_modules.TestMultiTimeframeAnalyzer" name="test_initialization_defaults" time="0.007" /><testcase classname="tests.unit.test_analysis_modules.TestMultiTimeframeAnalyzer" name="test_initialization_custom_timeframes" time="0.009" /><testcase classname="tests.unit.test_analysis_modules.TestMultiTimeframeAnalyzer" name="test_analyze_confluence_returns_confluence_analysis" time="0.012" /><testcase classname="tests.unit.test_analysis_modules.TestMultiTimeframeAnalyzer" name="test_analyze_confluence_empty_data_returns_default" time="0.007" /><testcase classname="tests.unit.test_analysis_modules.TestMultiTimeframeAnalyzer" name="test_analyze_confluence_insufficient_rows_per_tf" time="0.010" /><testcase classname="tests.unit.test_analysis_modules.TestMultiTimeframeAnalyzer" name="test_analyze_confluence_bullish_alignment" time="0.019" /><testcase classname="tests.unit.test_analysis_modules.TestMultiTimeframeAnalyzer" name="test_analyze_confluence_bearish_alignment" time="0.017" /><testcase classname="tests.unit.test_analysis_modules.TestMultiTimeframeAnalyzer" name="test_confluence_confidence_between_0_and_1" time="0.015" /><testcase classname="tests.unit.test_analysis_modules.TestMultiTimeframeAnalyzer" name="test_confluence_timeframe_alignment_between_0_and_1" time="0.014" /><testcase classname="tests.unit.test_analysis_modules.TestMultiTimeframeAnalyzer" name="test_confluence_risk_level_valid_values" time="0.012" /><testcase classname="tests.unit.test_analysis_modules.TestMultiTimeframeAnalyzer" name="test_confluence_recommended_action_is_string" time="0.010" /><testcase classname="tests.unit.test_analysis_modules.TestMultiTimeframeAnalyzer" name="test_confluence_key_levels_is_list" time="0.014" /><testcase classname="tests.unit.test_analysis_modules.TestMultiTimeframeAnalyzer" name="test_timeframe_analyses_populated" time="0.011" /><testcase classname="tests.unit.test_analysis_modules.TestMultiTimeframeAnalyzer" name="test_single_timeframe_analysis_fields" time="0.011" /><testcase classname="tests.unit.test_analysis_modules.TestMultiTimeframeAnalyzer" name="test_analyze_confluence_no_volume_column" time="0.010" /><testcase classname="tests.unit.test_analysis_modules.TestMultiTimeframeAnalyzer" name="test_tf_weights_coverage" time="0.007" /><testcase classname="tests.unit.test_analysis_modules.TestMultiTimeframeAnalyzer" name="test_mixed_trend_timeframes_neutral_or_mixed" time="0.014" /><testcase classname="tests.unit.test_analysis_modules.TestSessionAnalyzer" name="test_initialization" time="0.006" /><testcase classname="tests.unit.test_analysis_modules.TestSessionAnalyzer" name="test_get_current_session_returns_list" time="0.007" /><testcase classname="tests.unit.test_analysis_modules.TestSessionAnalyzer" name="test_get_current_session_with_explicit_time_asian" time="0.005" /><testcase classname="tests.unit.test_analysis_modules.TestSessionAnalyzer" name="test_get_current_session_with_london_overlap" time="0.006" /><testcase classname="tests.unit.test_analysis_modules.TestSessionAnalyzer" name="test_get_current_session_new_york" time="0.007" /><testcase classname="tests.unit.test_analysis_modules.TestSessionAnalyzer" name="test_get_current_session_pacific" time="0.005" /><testcase classname="tests.unit.test_analysis_modules.TestSessionAnalyzer" name="test_analyze_session_asian" time="0.005" /><testcase classname="tests.unit.test_analysis_modules.TestSessionAnalyzer" name="test_analyze_session_london" time="0.009" /><testcase classname="tests.unit.test_analysis_modules.TestSessionAnalyzer" name="test_analyze_session_new_york" time="0.006" /><testcase classname="tests.unit.test_analysis_modules.TestSessionAnalyzer" name="test_analyze_session_inactive" time="0.008" /><testcase classname="tests.unit.test_analysis_modules.TestSessionAnalyzer" name="test_analyze_session_volatility_field" time="0.006" /><testcase classname="tests.unit.test_analysis_modules.TestSessionAnalyzer" name="test_analyze_session_best_pairs_xauusd" time="0.005" /><testcase classname="tests.unit.test_analysis_modules.TestSessionAnalyzer" name="test_analyze_session_key_times_not_empty" time="0.011" /><testcase classname="tests.unit.test_analysis_modules.TestSessionAnalyzer" name="test_get_optimal_trading_times_xauusd" time="0.007" /><testcase classname="tests.unit.test_analysis_modules.TestSessionAnalyzer" name="test_get_optimal_trading_times_unknown_pair" time="0.009" /><testcase classname="tests.unit.test_analysis_modules.TestSessionAnalyzer" name="test_session_range_keys" time="0.008" /><testcase classname="tests.unit.test_analysis_modules.TestSessionAnalyzer" name="test_trading_session_enum_values" time="0.006" /><testcase classname="tests.unit.test_analysis_modules.TestSessionAnalyzer" name="test_analyze_session_without_explicit_time" time="0.008" /><testcase classname="tests.unit.test_analysis_modules.TestSessionAnalyzer" name="test_time_remaining_nonnegative" time="0.008" /><testcase classname="tests.unit.test_analysis_modules.TestMarketScannerExtended" name="test_scan_breakout_criterion" time="0.007" /><testcase classname="tests.unit.test_analysis_modules.TestMarketScannerExtended" name="test_scan_price_above_ma" time="0.007" /><testcase classname="tests.unit.test_analysis_modules.TestMarketScannerExtended" name="test_scan_price_below_ma" time="0.007" /><testcase classname="tests.unit.test_analysis_modules.TestMarketScannerExtended" name="test_scan_rsi_overbought" time="0.007" /><testcase classname="tests.unit.test_analysis_modules.TestMarketScannerExtended" name="test_scan_rsi_oversold" time="0.006" /><testcase classname="tests.unit.test_analysis_modules.TestMarketScannerExtended" name="test_scan_momentum_bullish" time="0.008" /><testcase classname="tests.unit.test_analysis_modules.TestMarketScannerExtended" name="test_scan_volume_spike" time="0.009" /><testcase classname="tests.unit.test_analysis_modules.TestMarketScannerExtended" name="test_scan_macd_bullish_cross" time="0.010" /><testcase classname="tests.unit.test_analysis_modules.TestMarketScannerExtended" name="test_scan_macd_bearish_cross" time="0.008" /><testcase classname="tests.unit.test_analysis_modules.TestMarketScannerExtended" name="test_scan_uptrend" time="0.006" /><testcase classname="tests.unit.test_analysis_modules.TestMarketScannerExtended" name="test_scan_downtrend" time="0.010" /><testcase classname="tests.unit.test_analysis_modules.TestMarketScannerExtended" name="test_scan_new_high" time="0.008" /><testcase classname="tests.unit.test_analysis_modules.TestMarketScannerExtended" name="test_scan_new_low" time="0.007" /><testcase classname="tests.unit.test_analysis_modules.TestMarketScannerExtended" name="test_scan_gap_up" time="0.007" /><testcase classname="tests.unit.test_analysis_modules.TestMarketScannerExtended" name="test_scan_gap_down" time="0.008" /><testcase classname="tests.unit.test_analysis_modules.TestMarketScannerExtended" name="test_scan_volatility_expansion" time="0.009" /><testcase classname="tests.unit.test_analysis_modules.TestMarketScannerExtended" name="test_scan_ma_crossover_golden" time="0.008" /><testcase classname="tests.unit.test_analysis_modules.TestMarketScannerExtended" name="test_scan_ma_crossover_death" time="0.007" /><testcase classname="tests.unit.test_analysis_modules.TestMarketScannerExtended" name="test_scan_no_criteria_returns_empty" time="0.007" /><testcase classname="tests.unit.test_analysis_modules.TestMarketScannerExtended" name="test_scan_required_criterion_not_met_excludes_symbol" time="0.007" /><testcase classname="tests.unit.test_analysis_modules.TestMarketScannerExtended" name="test_scan_results_sorted_by_strength_descending" time="0.009" /><testcase classname="tests.unit.test_analysis_modules.TestMarketScannerExtended" name="test_get_stats_increments_on_scan" time="0.007" /><testcase classname="tests.unit.test_analysis_modules.TestMarketScannerExtended" name="test_scan_result_direction_bullish" time="0.009" /><testcase classname="tests.unit.test_analysis_modules.TestMarketScannerExtended" name="test_scan_result_direction_bearish" time="0.008" /><testcase classname="tests.unit.test_analysis_modules.TestMarketScannerExtended" name="test_parallel_scan_produces_same_results" time="0.010" /><testcase classname="tests.unit.test_analysis_modules.TestOrderFlowDashboard" name="test_empty_dashboard_initialization" time="0.006" /><testcase classname="tests.unit.test_analysis_modules.TestOrderFlowDashboard" name="test_create_dashboard_factory" time="0.007" /><testcase classname="tests.unit.test_analysis_modules.TestOrderFlowDashboard" name="test_create_dashboard_with_configs" time="0.009" /><testcase classname="tests.unit.test_analysis_modules.TestOrderFlowDashboard" name="test_add_trade_empty_dashboard_no_error" time="0.008" /><testcase classname="tests.unit.test_analysis_modules.TestOrderFlowDashboard" name="test_add_trade_full_dashboard_buy" time="0.007" /><testcase classname="tests.unit.test_analysis_modules.TestOrderFlowDashboard" name="test_add_trade_full_dashboard_sell" time="0.008" /><testcase classname="tests.unit.test_analysis_modules.TestOrderFlowDashboard" name="test_add_trade_with_explicit_timestamp" time="0.008" /><testcase classname="tests.unit.test_analysis_modules.TestOrderFlowDashboard" name="test_add_trade_with_trade_id" time="0.008" /><testcase classname="tests.unit.test_analysis_modules.TestOrderFlowDashboard" name="test_add_trade_multiple_symbols" time="0.008" /><testcase classname="tests.unit.test_analysis_modules.TestOrderFlowDashboard" name="test_add_trade_naive_timestamp_no_error" time="0.007" /><testcase classname="tests.unit.test_analysis_modules.TestOrderFlowDashboard" name="test_get_complete_analysis_empty_dashboard" time="0.008" /><testcase classname="tests.unit.test_analysis_modules.TestOrderFlowDashboard" name="test_get_complete_analysis_structure" time="0.009" /><testcase classname="tests.unit.test_analysis_modules.TestOrderFlowDashboard" name="test_get_complete_analysis_full_dashboard" time="0.007" /><testcase classname="tests.unit.test_analysis_modules.TestOrderFlowDashboard" name="test_get_complete_analysis_symbol_uppercase" time="0.006" /><testcase classname="tests.unit.test_analysis_modules.TestOrderFlowDashboard" name="test_get_summary_empty_dashboard" time="0.005" /><testcase classname="tests.unit.test_analysis_modules.TestOrderFlowDashboard" name="test_get_summary_structure" time="0.010" /><testcase classname="tests.unit.test_analysis_modules.TestOrderFlowDashboard" name="test_get_summary_signals_is_list" time="0.006" /><testcase classname="tests.unit.test_analysis_modules.TestOrderFlowDashboard" name="test_get_summary_full_dashboard_after_trades" time="0.008" /><testcase classname="tests.unit.test_analysis_modules.TestOrderFlowDashboard" name="test_get_bias_empty_dashboard_neutral" time="0.010" /><testcase classname="tests.unit.test_analysis_modules.TestOrderFlowDashboard" name="test_get_bias_valid_values" time="0.006" /><testcase classname="tests.unit.test_analysis_modules.TestOrderFlowDashboard" name="test_get_bias_multiple_symbols_independent" time="0.007" /><testcase classname="tests.unit.test_analysis_modules.TestOrderFlowDashboard" name="test_get_bias_with_mocked_bullish_components" time="0.008" /><testcase classname="tests.unit.test_analysis_modules.TestOrderFlowDashboard" name="test_get_bias_with_mocked_bearish_components" time="0.010" /><testcase classname="tests.unit.test_analysis_modules.TestOrderFlowDashboard" name="test_get_bias_component_exception_handled" time="0.009" /><testcase classname="tests.unit.test_analysis_modules.TestOrderFlowDashboard" name="test_add_trade_ts_exception_handled" time="0.009" /><testcase classname="tests.unit.test_analysis_modules.TestOrderFlowDashboard" name="test_add_trade_ofa_exception_handled" time="0.008" /><testcase classname="tests.unit.test_analysis_modules.TestOrderFlowDashboard" name="test_create_dashboard_router" time="0.012" /><testcase classname="tests.unit.test_analytics.TestPortfolioOptimizer" name="test_portfolio_optimizer_initialization" time="0.006" /><testcase classname="tests.unit.test_analytics.TestPortfolioOptimizer" name="test_optimize_portfolio_basic" time="0.017" /><testcase classname="tests.unit.test_analytics.TestPortfolioOptimizer" name="test_optimize_portfolio_with_method" time="0.010" /><testcase classname="tests.unit.test_analytics.TestPortfolioOptimizer" name="test_efficient_frontier" time="0.241" /><testcase classname="tests.unit.test_analytics.TestRiskAnalyzer" name="test_risk_analyzer_initialization" time="0.005" /><testcase classname="tests.unit.test_analytics.TestRiskAnalyzer" name="test_calculate_var_historical" time="0.007" /><testcase classname="tests.unit.test_analytics.TestRiskAnalyzer" name="test_calculate_var_parametric" time="0.006" /><testcase classname="tests.unit.test_analytics.TestRiskAnalyzer" name="test_calculate_cvar" time="0.006" /><testcase classname="tests.unit.test_analytics.TestRiskAnalyzer" name="test_risk_attribution" time="0.005" /><testcase classname="tests.unit.test_analytics.TestSimulationEngine" name="test_simulation_engine_initialization" time="0.008" /><testcase classname="tests.unit.test_analytics.TestSimulationEngine" name="test_monte_carlo_simulation_basic" time="0.143" /><testcase classname="tests.unit.test_analytics.TestSimulationEngine" name="test_monte_carlo_simulation_statistics" time="0.091" /><testcase classname="tests.unit.test_analytics.TestSimulationEngine" name="test_genetic_algorithm_optimization" time="0.022" /><testcase classname="tests.unit.test_analytics.TestOptionsAnalyzer" name="test_options_analyzer_initialization" time="0.006" /><testcase classname="tests.unit.test_analytics.TestOptionsAnalyzer" name="test_price_call_option" time="0.006" /><testcase classname="tests.unit.test_analytics.TestOptionsAnalyzer" name="test_price_put_option" time="0.006" /><testcase classname="tests.unit.test_analytics.TestOptionsAnalyzer" name="test_call_price_increases_with_volatility" time="0.006" /><testcase classname="tests.unit.test_analytics.TestOptionsAnalyzer" name="test_calculate_greeks" time="0.006" /><testcase classname="tests.unit.test_analytics.TestOptionsAnalyzer" name="test_norm_cdf" time="0.006" /><testcase classname="tests.unit.test_analytics_deep_coverage.TestMonteCarloEngine" name="test_run_iid_returns_bootstrap_result" time="0.026" /><testcase classname="tests.unit.test_analytics_deep_coverage.TestMonteCarloEngine" name="test_run_block_bootstrap" time="0.028" /><testcase classname="tests.unit.test_analytics_deep_coverage.TestMonteCarloEngine" name="test_sharpe_ci_tuple" time="0.029" /><testcase classname="tests.unit.test_analytics_deep_coverage.TestMonteCarloEngine" name="test_max_dd_ci_tuple" time="0.026" /><testcase classname="tests.unit.test_analytics_deep_coverage.TestMonteCarloEngine" name="test_ruin_probability_in_range" time="0.025" /><testcase classname="tests.unit.test_analytics_deep_coverage.TestMonteCarloEngine" name="test_cagr_ci" time="0.027" /><testcase classname="tests.unit.test_analytics_deep_coverage.TestMonteCarloEngine" name="test_final_equity_distribution_length" time="0.018" /><testcase classname="tests.unit.test_analytics_deep_coverage.TestMonteCarloEngine" name="test_empty_result_on_single_trade" time="0.006" /><testcase classname="tests.unit.test_analytics_deep_coverage.TestMonteCarloEngine" name="test_all_losing_trades" time="0.032" /><testcase classname="tests.unit.test_analytics_deep_coverage.TestMonteCarloEngine" name="test_summary_dict_keys" time="0.025" /><testcase classname="tests.unit.test_analytics_deep_coverage.TestMonteCarloEngine" name="test_original_metrics_set" time="0.026" /><testcase classname="tests.unit.test_analytics_deep_coverage.TestRunBootstrap" name="test_run_bootstrap_convenience" time="0.019" /><testcase classname="tests.unit.test_analytics_deep_coverage.TestRunBootstrap" name="test_run_bootstrap_block_method" time="0.019" /><testcase classname="tests.unit.test_analytics_deep_coverage.TestSimulationEngine" name="test_monte_carlo_simulation_returns_dict" time="0.022" /><testcase classname="tests.unit.test_analytics_deep_coverage.TestSimulationEngine" name="test_monte_carlo_simulation_has_legacy_keys" time="0.023" /><testcase classname="tests.unit.test_analytics_deep_coverage.TestSimulationEngine" name="test_monte_carlo_simulation_paths_truncated" time="0.033" /><testcase classname="tests.unit.test_analytics_deep_coverage.TestSimulationEngine" name="test_genetic_algorithm_optimization" time="0.010" /><testcase classname="tests.unit.test_analytics_deep_coverage.TestSimulationEngine" name="test_monte_carlo_iid_method" time="0.014" /><testcase classname="tests.unit.test_analytics_deep_coverage.TestSimulationEngine" name="test_monte_carlo_block_method" time="0.014" /><testcase classname="tests.unit.test_analytics_deep_coverage.TestPerformanceAnalytics" name="test_initial_equity_curve_has_one_point" time="0.007" /><testcase classname="tests.unit.test_analytics_deep_coverage.TestPerformanceAnalytics" name="test_record_trade_updates_equity" time="0.007" /><testcase classname="tests.unit.test_analytics_deep_coverage.TestPerformanceAnalytics" name="test_record_losing_trade" time="0.007" /><testcase classname="tests.unit.test_analytics_deep_coverage.TestPerformanceAnalytics" name="test_high_water_mark_updates" time="0.007" /><testcase classname="tests.unit.test_analytics_deep_coverage.TestPerformanceAnalytics" name="test_high_water_mark_does_not_decrease" time="0.007" /><testcase classname="tests.unit.test_analytics_deep_coverage.TestPerformanceAnalytics" name="test_get_performance_report_returns_report" time="0.008" /><testcase classname="tests.unit.test_analytics_deep_coverage.TestPerformanceAnalytics" name="test_performance_report_trade_count" time="0.007" /><testcase classname="tests.unit.test_analytics_deep_coverage.TestPerformanceAnalytics" name="test_performance_report_win_rate" time="0.006" /><testcase classname="tests.unit.test_analytics_deep_coverage.TestPerformanceAnalytics" name="test_performance_report_total_return" time="0.008" /><testcase classname="tests.unit.test_analytics_deep_coverage.TestPerformanceAnalytics" name="test_equity_curve_grows_with_trades" time="0.006" /><testcase classname="tests.unit.test_analytics_deep_coverage.TestPerformanceAnalytics" name="test_no_trades_report" time="0.007" /><testcase classname="tests.unit.test_analytics_deep_coverage.TestPerformanceAnalytics" name="test_sharpe_ratio_computed" time="0.008" /><testcase classname="tests.unit.test_analytics_deep_coverage.TestPerformanceAnalytics" name="test_max_drawdown_computed" time="0.007" /><testcase classname="tests.unit.test_analytics_deep_coverage.TestPerformanceAnalytics" name="test_profit_factor_computed" time="0.007" /><testcase classname="tests.unit.test_analytics_deep_coverage.TestPerformanceAnalytics" name="test_strategy_breakdown" time="0.007" /><testcase classname="tests.unit.test_analytics_deep_coverage.TestPortfolioAnalytics" name="test_load_returns_data" time="0.008" /><testcase classname="tests.unit.test_analytics_deep_coverage.TestPortfolioAnalytics" name="test_correlation_matrix_shape" time="0.101" /><testcase classname="tests.unit.test_analytics_deep_coverage.TestPortfolioAnalytics" name="test_correlation_diagonal_is_one" time="0.097" /><testcase classname="tests.unit.test_analytics_deep_coverage.TestPortfolioAnalytics" name="test_correlation_raises_without_data" time="0.007" /><testcase classname="tests.unit.test_analytics_deep_coverage.TestPortfolioAnalytics" name="test_portfolio_performance" time="0.010" /><testcase classname="tests.unit.test_analytics_deep_coverage.TestPortfolioAnalytics" name="test_calculate_risk_metrics" time="0.013" /><testcase classname="tests.unit.test_analytics_deep_coverage.TestPortfolioAnalytics" name="test_optimize_portfolio_max_sharpe" time="0.038" /><testcase classname="tests.unit.test_analytics_deep_coverage.TestPortfolioAnalytics" name="test_optimize_portfolio_min_variance" time="0.036" /><testcase classname="tests.unit.test_analytics_deep_coverage.TestPortfolioAnalytics" name="test_efficient_frontier_returns_dataframe" time="0.102" /><testcase classname="tests.unit.test_analytics_deep_coverage.TestPortfolioAnalytics" name="test_covariance_matrix_shape" time="0.009" /><testcase classname="tests.unit.test_analytics_deep_coverage.TestRiskAnalyzer" name="test_calculate_drawdown_series" time="0.009" /><testcase classname="tests.unit.test_analytics_deep_coverage.TestRiskAnalyzer" name="test_calculate_rolling_metrics" time="0.008" /><testcase classname="tests.unit.test_analytics_deep_coverage.TestRiskAnalyzer" name="test_stress_test" time="0.015" /><testcase classname="tests.unit.test_anomaly_weighting.TestAnomalyWeighter" name="test_fit_sets_fitted_flag" time="0.442" /><testcase classname="tests.unit.test_anomaly_weighting.TestAnomalyWeighter" name="test_decision_scores_shape" time="0.488" /><testcase classname="tests.unit.test_anomaly_weighting.TestAnomalyWeighter" name="test_sample_weights_in_range" time="0.477" /><testcase classname="tests.unit.test_anomaly_weighting.TestAnomalyWeighter" name="test_flag_returns_bool_array" time="0.463" /><testcase classname="tests.unit.test_anomaly_weighting.TestAnomalyWeighter" name="test_anomalous_rows_flagged" time="0.476" /><testcase classname="tests.unit.test_anomaly_weighting.TestAnomalyWeighter" name="test_raises_before_fit" time="0.009" /><testcase classname="tests.unit.test_anomaly_weighting.TestAnomalyWeighter" name="test_annotate_adds_columns" time="0.523" /><testcase classname="tests.unit.test_anomaly_weighting.TestAnomalyWeighter" name="test_save_load_roundtrip" time="0.804" /><testcase classname="tests.unit.test_anomaly_weighting.TestAnomalyWeightStore" name="test_returns_one_before_enough_data" time="0.011" /><testcase classname="tests.unit.test_anomaly_weighting.TestAnomalyWeightStore" name="test_normal_bars_return_weight_one" time="0.012" /><testcase classname="tests.unit.test_anomaly_weighting.TestAnomalyWeightStore" name="test_extreme_spike_returns_down_weight" time="0.014" /><testcase classname="tests.unit.test_anomaly_weighting.TestAnomalyWeightStore" name="test_weight_is_down_weight_factor_on_anomaly" time="0.014" /><testcase classname="tests.unit.test_anomaly_weighting.TestAnomalyWeightStore" name="test_extract_features_returns_correct_shape" time="0.010" /><testcase classname="tests.unit.test_anomaly_weighting.TestAnomalyWeightStore" name="test_extract_features_no_nan" time="0.011" /><testcase classname="tests.unit.test_anomaly_weighting.TestAnomalyWeightingSignalEngine" name="test_flag_off_returns_none_store" time="0.006" /><testcase classname="tests.unit.test_anomaly_weighting.TestAnomalyWeightingSignalEngine" name="test_flag_on_returns_store_instance" time="0.007" /><testcase classname="tests.unit.test_anomaly_weighting.TestAnomalyWeightingSignalEngine" name="test_anomaly_weight_blends_toward_neutral" time="0.006" /><testcase classname="tests.unit.test_anomaly_weighting.TestAnomalyWeightingSignalEngine" name="test_anomaly_weight_one_leaves_prob_unchanged" time="0.006" /><testcase classname="tests.unit.test_anomaly_weighting.TestAnomalyWeightingSignalEngine" name="test_anomaly_weight_zero_returns_neutral" time="0.005" /><testcase classname="tests.unit.test_api.TestTradingModels" name="test_strategy_create_request_defaults" time="0.006" /><testcase classname="tests.unit.test_api.TestTradingModels" name="test_strategy_create_request_custom" time="0.006" /><testcase classname="tests.unit.test_api.TestTradingModels" name="test_position_size_request_defaults" time="0.006" /><testcase classname="tests.unit.test_api.TestTradingModels" name="test_position_size_request_full" time="0.006" /><testcase classname="tests.unit.test_api.TestTradingModels" name="test_position_size_response" time="0.006" /><testcase classname="tests.unit.test_api.TestTradingModels" name="test_position_size_response_optional_fields_none" time="0.006" /><testcase classname="tests.unit.test_api.TestTradingEndpoints" name="test_list_strategies_empty" time="0.071" /><testcase classname="tests.unit.test_api.TestTradingEndpoints" name="test_create_strategy_success" time="0.063" /><testcase classname="tests.unit.test_api.TestTradingEndpoints" name="test_create_strategy_unknown_type" time="0.063" /><testcase classname="tests.unit.test_api.TestTradingEndpoints" name="test_get_strategy_not_found" time="0.064" /><testcase classname="tests.unit.test_api.TestTradingEndpoints" name="test_calculate_position_size" time="0.062" /><testcase classname="tests.unit.test_api.TestTradingEndpoints" name="test_calculate_position_size_no_stop" time="0.062" /><testcase classname="tests.unit.test_api.TestTradingEndpoints" name="test_get_risk_metrics" time="0.060" /><testcase classname="tests.unit.test_api.TestTradingEndpoints" name="test_get_performance_summary" time="0.062" /><testcase classname="tests.unit.test_api.TestTradingEndpoints" name="test_get_strategy_performance_not_found" time="0.061" /><testcase classname="tests.unit.test_api.TestTradingEndpoints" name="test_start_stop_delete_strategy" time="0.082" /><testcase classname="tests.unit.test_api.TestAdminHelpers" name="test_log_activity_adds_entry" time="0.007" /><testcase classname="tests.unit.test_api.TestAdminHelpers" name="test_log_activity_prepends" time="0.007" /><testcase classname="tests.unit.test_api.TestAdminHelpers" name="test_log_activity_bounded" time="0.012" /><testcase classname="tests.unit.test_api.TestAdminHelpers" name="test_load_persisted_risk_settings_no_file" time="0.012" /><testcase classname="tests.unit.test_api.TestAdminHelpers" name="test_load_persisted_risk_settings_valid_file" time="0.008" /><testcase classname="tests.unit.test_api.TestAdminHelpers" name="test_load_persisted_risk_settings_invalid_json" time="0.010" /><testcase classname="tests.unit.test_api.TestAdminHelpers" name="test_check_module_existing" time="0.007" /><testcase classname="tests.unit.test_api.TestAdminHelpers" name="test_check_module_nonexistent" time="0.008" /><testcase classname="tests.unit.test_api.TestAdminEndpoints" name="test_get_system_info" time="0.064" /><testcase classname="tests.unit.test_api.TestAdminEndpoints" name="test_get_settings" time="0.063" /><testcase classname="tests.unit.test_api.TestAdminEndpoints" name="test_get_activity_empty" time="0.057" /><testcase classname="tests.unit.test_api.TestAdminEndpoints" name="test_get_activity_with_events" time="0.057" /><testcase classname="tests.unit.test_api.TestAdminEndpoints" name="test_get_dashboard_data" time="0.063" /><testcase classname="tests.unit.test_api.TestAdminEndpoints" name="test_save_settings" time="0.080" /><testcase classname="tests.unit.test_api.TestAdminEndpoints" name="test_get_system_metrics" time="0.059" /><testcase classname="tests.unit.test_api.TestTradingSignalDataclass" name="test_to_dict_keys" time="0.006" /><testcase classname="tests.unit.test_api.TestTradingSignalDataclass" name="test_to_dict_enum_values" time="0.007" /><testcase classname="tests.unit.test_api.TestTradingSignalDataclass" name="test_is_valid_not_expired" time="0.006" /><testcase classname="tests.unit.test_api.TestTradingSignalDataclass" name="test_is_valid_expired" time="0.007" /><testcase classname="tests.unit.test_api.TestTradingSignalDataclass" name="test_to_json_valid" time="0.006" /><testcase classname="tests.unit.test_api.TestTradingSignalDataclass" name="test_metadata_default_empty" time="0.007" /><testcase classname="tests.unit.test_api.TestRealTimeSignalService" name="test_initialization" time="0.008" /><testcase classname="tests.unit.test_api.TestRealTimeSignalService" name="test_generate_signal_success" time="0.010" /><testcase classname="tests.unit.test_api.TestRealTimeSignalService" name="test_generate_signal_low_confidence_rejected" time="0.007" /><testcase classname="tests.unit.test_api.TestRealTimeSignalService" name="test_generate_signal_too_few_strategies_rejected" time="0.008" /><testcase classname="tests.unit.test_api.TestRealTimeSignalService" name="test_generate_signal_added_to_active" time="0.009" /><testcase classname="tests.unit.test_api.TestRealTimeSignalService" name="test_generate_signal_added_to_history" time="0.008" /><testcase classname="tests.unit.test_api.TestRealTimeSignalService" name="test_generate_sell_signal" time="0.008" /><testcase classname="tests.unit.test_api.TestRealTimeSignalService" name="test_get_active_signals_all" time="0.008" /><testcase classname="tests.unit.test_api.TestRealTimeSignalService" name="test_get_active_signals_filter_symbol" time="0.008" /><testcase classname="tests.unit.test_api.TestRealTimeSignalService" name="test_get_active_signals_filter_direction" time="0.008" /><testcase classname="tests.unit.test_api.TestRealTimeSignalService" name="test_get_active_signals_filter_strength" time="0.008" /><testcase classname="tests.unit.test_api.TestRealTimeSignalService" name="test_get_active_signals_removes_expired" time="0.008" /><testcase classname="tests.unit.test_api.TestRealTimeSignalService" name="test_get_signal_by_id" time="0.008" /><testcase classname="tests.unit.test_api.TestRealTimeSignalService" name="test_get_signal_missing_id" time="0.007" /><testcase classname="tests.unit.test_api.TestRealTimeSignalService" name="test_expire_signal" time="0.009" /><testcase classname="tests.unit.test_api.TestRealTimeSignalService" name="test_record_signal_outcome" time="0.008" /><testcase classname="tests.unit.test_api.TestRealTimeSignalService" name="test_get_signal_history_all" time="0.009" /><testcase classname="tests.unit.test_api.TestRealTimeSignalService" name="test_get_signal_history_symbol_filter" time="0.006" /><testcase classname="tests.unit.test_api.TestRealTimeSignalService" name="test_get_signal_history_time_cutoff" time="0.009" /><testcase classname="tests.unit.test_api.TestRealTimeSignalService" name="test_get_analytics" time="0.008" /><testcase classname="tests.unit.test_api.TestRealTimeSignalService" name="test_get_signal_summary" time="0.008" /><testcase classname="tests.unit.test_api.TestRealTimeSignalService" name="test_subscribe_and_receive_event" time="0.009" /><testcase classname="tests.unit.test_api.TestRealTimeSignalService" name="test_unsubscribe" time="0.008" /><testcase classname="tests.unit.test_api.TestRealTimeSignalService" name="test_create_alert" time="0.009" /><testcase classname="tests.unit.test_api.TestRealTimeSignalService" name="test_alert_triggered_by_signal" time="0.009" /><testcase classname="tests.unit.test_api.TestRealTimeSignalService" name="test_delete_alert" time="0.009" /><testcase classname="tests.unit.test_api.TestRealTimeSignalService" name="test_get_alerts" time="0.008" /><testcase classname="tests.unit.test_api.TestRealTimeSignalService" name="test_get_alerts_filter_symbol" time="0.007" /><testcase classname="tests.unit.test_api.TestRealTimeSignalService" name="test_format_for_websocket" time="0.009" /><testcase classname="tests.unit.test_api.TestRealTimeSignalService" name="test_get_websocket_channels" time="0.009" /><testcase classname="tests.unit.test_api.TestSignalAnalytics" name="test_record_signal" time="0.006" /><testcase classname="tests.unit.test_api.TestSignalAnalytics" name="test_record_outcome" time="0.006" /><testcase classname="tests.unit.test_api.TestSignalAnalytics" name="test_to_dict" time="0.005" /><testcase classname="tests.unit.test_api.TestCalculateStrength" name="test_very_strong" time="0.007" /><testcase classname="tests.unit.test_api.TestCalculateStrength" name="test_very_weak" time="0.007" /><testcase classname="tests.unit.test_api.TestCalculateStrength" name="test_moderate" time="0.007" /><testcase classname="tests.unit.test_api.TestMonetizationModels" name="test_pricing_tier_response" time="0.005" /><testcase classname="tests.unit.test_api.TestMonetizationModels" name="test_subscribe_request_defaults" time="0.007" /><testcase classname="tests.unit.test_api.TestMonetizationModels" name="test_subscribe_request_annual" time="0.006" /><testcase classname="tests.unit.test_api.TestMonetizationModels" name="test_subscribe_response" time="0.006" /><testcase classname="tests.unit.test_api.TestMonetizationModels" name="test_activate_code_request" time="0.007" /><testcase classname="tests.unit.test_api.TestMonetizationModels" name="test_activate_code_response_success" time="0.007" /><testcase classname="tests.unit.test_api.TestMonetizationModels" name="test_activate_code_response_failure" time="0.007" /><testcase classname="tests.unit.test_api.TestMonetizationModels" name="test_affiliate_signup_request" time="0.007" /><testcase classname="tests.unit.test_api.TestMonetizationModels" name="test_affiliate_signup_request_minimal" time="0.006" /><testcase classname="tests.unit.test_api.TestMonetizationModels" name="test_affiliate_response" time="0.006" /><testcase classname="tests.unit.test_api.TestMonetizationModels" name="test_referral_request" time="0.005" /><testcase classname="tests.unit.test_api.TestMonetizationModels" name="test_strategy_list_request_defaults" time="0.006" /><testcase classname="tests.unit.test_api.TestMonetizationModels" name="test_strategy_purchase_request" time="0.006" /><testcase classname="tests.unit.test_api.TestMonetizationModels" name="test_review_request_valid" time="0.004" /><testcase classname="tests.unit.test_api.TestMonetizationModels" name="test_review_request_invalid_rating" time="0.005" /><testcase classname="tests.unit.test_api.TestMonetizationModels" name="test_partner_signup_request" time="0.009" /><testcase classname="tests.unit.test_api.TestMonetizationModels" name="test_white_label_request" time="0.006" /><testcase classname="tests.unit.test_api.TestMonetizationEndpoints" name="test_get_pricing" time="0.086" /><testcase classname="tests.unit.test_api.TestMonetizationEndpoints" name="test_get_tier_pricing_valid" time="0.073" /><testcase classname="tests.unit.test_api.TestMonetizationEndpoints" name="test_get_tier_pricing_invalid" time="0.076" /><testcase classname="tests.unit.test_api.TestMonetizationEndpoints" name="test_subscribe_free_tier" time="0.075" /><testcase classname="tests.unit.test_api.TestMonetizationEndpoints" name="test_subscribe_invalid_tier" time="0.080" /><testcase classname="tests.unit.test_api.TestMonetizationEndpoints" name="test_get_subscription_no_sub" time="0.082" /><testcase classname="tests.unit.test_api.TestMonetizationEndpoints" name="test_get_user_limits" time="0.080" /><testcase classname="tests.unit.test_api.TestMonetizationEndpoints" name="test_get_analytics_dashboard" time="0.080" /><testcase classname="tests.unit.test_api.TestMonetizationEndpoints" name="test_get_revenue_breakdown" time="0.081" /><testcase classname="tests.unit.test_api.TestMonetizationEndpoints" name="test_get_growth_metrics" time="0.072" /><testcase classname="tests.unit.test_api.TestMonetizationEndpoints" name="test_marketplace_search" time="0.079" /><testcase classname="tests.unit.test_api.TestMonetizationEndpoints" name="test_marketplace_featured" time="0.080" /><testcase classname="tests.unit.test_api.TestMonetizationEndpoints" name="test_marketplace_stats" time="0.073" /><testcase classname="tests.unit.test_api.TestMonetizationEndpoints" name="test_enterprise_stats" time="0.072" /><testcase classname="tests.unit.test_api.TestMonetizationEndpoints" name="test_affiliate_leaderboard" time="0.083" /><testcase classname="tests.unit.test_api.TestMonetizationEndpoints" name="test_validate_code_nonexistent" time="0.071" /><testcase classname="tests.unit.test_api.TestMonetizationEndpoints" name="test_analytics_report" time="0.074" /><testcase classname="tests.unit.test_api.TestLiveConnectionManager" name="test_connect_accepts_and_returns_id" time="0.009" /><testcase classname="tests.unit.test_api.TestLiveConnectionManager" name="test_disconnect_removes_connection" time="0.009" /><testcase classname="tests.unit.test_api.TestLiveConnectionManager" name="test_disconnect_nonexistent_is_noop" time="0.008" /><testcase classname="tests.unit.test_api.TestLiveConnectionManager" name="test_connection_count_tracks_multiple" time="0.009" /><testcase classname="tests.unit.test_api.TestLiveConnectionManager" name="test_authenticate_sets_user" time="0.009" /><testcase classname="tests.unit.test_api.TestLiveConnectionManager" name="test_unauthenticated_user_id_is_none" time="0.009" /><testcase classname="tests.unit.test_api.TestLiveConnectionManager" name="test_subscribe_adds_channel" time="0.009" /><testcase classname="tests.unit.test_api.TestLiveConnectionManager" name="test_unsubscribe_removes_channel" time="0.008" /><testcase classname="tests.unit.test_api.TestLiveConnectionManager" name="test_subscribe_unknown_connection_is_noop" time="0.008" /><testcase classname="tests.unit.test_api.TestLiveConnectionManager" name="test_broadcast_reaches_subscriber" time="0.009"><failure message="assert 0 == 1&#10; +  where 0 = len([])&#10; +    where [] = &lt;tests.unit.test_api._MockWS object at 0x7f87cefc5950&gt;.sent">self = &lt;tests.unit.test_api.TestLiveConnectionManager object at 0x7f8823b0a090&gt;

    async def test_broadcast_reaches_subscriber(self):
        ws = _MockWS()
        cid = await self.mgr.connect(ws)
        self.mgr.subscribe(cid, ["account"])
        msg = {"type": "account_update", "data": {"balance": 10000.0}}
        await self.mgr.broadcast("account", msg)
&gt;       assert len(ws.sent) == 1
E       assert 0 == 1
E        +  where 0 = len([])
E        +    where [] = &lt;tests.unit.test_api._MockWS object at 0x7f87cefc5950&gt;.sent

tests/unit/test_api.py:1222: AssertionError</failure></testcase><testcase classname="tests.unit.test_api.TestLiveConnectionManager" name="test_broadcast_skips_non_subscriber" time="0.009" /><testcase classname="tests.unit.test_api.TestLiveConnectionManager" name="test_broadcast_empty_subscriptions_receives_all" time="0.007"><failure message="assert 0 == 1&#10; +  where 0 = len([])&#10; +    where [] = &lt;tests.unit.test_api._MockWS object at 0x7f87cebf4290&gt;.sent">self = &lt;tests.unit.test_api.TestLiveConnectionManager object at 0x7f8823b105d0&gt;

    async def test_broadcast_empty_subscriptions_receives_all(self):
        """A connection with no explicit subscriptions gets every channel."""
        ws = _MockWS()
        await self.mgr.connect(ws)  # no subscribe() call → empty set
        await self.mgr.broadcast("prices", {"type": "price_tick", "data": {}})
&gt;       assert len(ws.sent) == 1
E       assert 0 == 1
E        +  where 0 = len([])
E        +    where [] = &lt;tests.unit.test_api._MockWS object at 0x7f87cebf4290&gt;.sent

tests/unit/test_api.py:1239: AssertionError</failure></testcase><testcase classname="tests.unit.test_api.TestLiveConnectionManager" name="test_broadcast_removes_dead_connection" time="0.009"><failure message="assert 1 == 0&#10; +  where 1 = &lt;api.ws_live.LiveConnectionManager object at 0x7f87cec10290&gt;.connection_count&#10; +    where &lt;api.ws_live.LiveConnectionManager object at 0x7f87cec10290&gt; = &lt;tests.unit.test_api.TestLiveConnectionManager object at 0x7f8823b10f10&gt;.mgr">self = &lt;tests.unit.test_api.TestLiveConnectionManager object at 0x7f8823b10f10&gt;

    async def test_broadcast_removes_dead_connection(self):
        """A send_text failure should silently drop the connection."""
        class _DeadWS(_MockWS):
            async def send_text(self, text: str):
                raise RuntimeError("connection closed")

        ws = _DeadWS()
        cid = await self.mgr.connect(ws)
        self.mgr.subscribe(cid, ["prices"])
        await self.mgr.broadcast("prices", {"type": "price_tick", "data": {}})
&gt;       assert self.mgr.connection_count == 0
E       assert 1 == 0
E        +  where 1 = &lt;api.ws_live.LiveConnectionManager object at 0x7f87cec10290&gt;.connection_count
E        +    where &lt;api.ws_live.LiveConnectionManager object at 0x7f87cec10290&gt; = &lt;tests.unit.test_api.TestLiveConnectionManager object at 0x7f8823b10f10&gt;.mgr

tests/unit/test_api.py:1251: AssertionError</failure></testcase><testcase classname="tests.unit.test_api.TestLiveConnectionManager" name="test_send_to_user_reaches_correct_connection" time="0.009" /><testcase classname="tests.unit.test_api.TestLiveConnectionManager" name="test_record_hb_miss_increments" time="0.008" /><testcase classname="tests.unit.test_api.TestLiveConnectionManager" name="test_record_pong_resets_miss_count" time="0.007" /><testcase classname="tests.unit.test_api.TestLiveConnectionManager" name="test_get_live_manager_returns_instance" time="0.007" /><testcase classname="tests.unit.test_api.TestLiveConnectionManager" name="test_get_live_manager_is_singleton" time="0.006" /><testcase classname="tests.unit.test_api.TestLiveConnectionManager" name="test_ws_live_stats_endpoint" time="0.015" /><testcase classname="tests.unit.test_api.TestAccountBroadcasterMarginLevel" name="test_no_positions_yields_sentinel" time="0.005" /><testcase classname="tests.unit.test_api.TestAccountBroadcasterMarginLevel" name="test_margin_used_missing_yields_sentinel" time="0.006" /><testcase classname="tests.unit.test_api.TestAccountBroadcasterMarginLevel" name="test_margin_used_none_yields_sentinel" time="0.007" /><testcase classname="tests.unit.test_api.TestAccountBroadcasterMarginLevel" name="test_open_positions_computes_correctly" time="0.006" /><testcase classname="tests.unit.test_api.TestAccountBroadcasterMarginLevel" name="test_broker_margin_level_field_ignored" time="0.006" /><testcase classname="tests.unit.test_api.TestAccountBroadcasterMarginLevel" name="test_paper_broker_always_yields_sentinel" time="0.014" /><testcase classname="tests.unit.test_async_engine.TestOrder" name="test_remaining_qty_full" time="0.006" /><testcase classname="tests.unit.test_async_engine.TestOrder" name="test_remaining_qty_partial" time="0.006" /><testcase classname="tests.unit.test_async_engine.TestOrder" name="test_default_status" time="0.007" /><testcase classname="tests.unit.test_async_engine.TestOrder" name="test_order_fields" time="0.006" /><testcase classname="tests.unit.test_async_engine.TestFill" name="test_fill_creation" time="0.006" /><testcase classname="tests.unit.test_async_engine.TestEngineInit" name="test_paper_mode_default" time="0.006" /><testcase classname="tests.unit.test_async_engine.TestEngineInit" name="test_orders_dict_empty_on_init" time="0.006" /><testcase classname="tests.unit.test_async_engine.TestEngineInit" name="test_rng_seeded" time="0.008" /><testcase classname="tests.unit.test_async_engine.TestEngineInit" name="test_rng_different_seeds" time="0.007" /><testcase classname="tests.unit.test_async_engine.TestEngineInit" name="test_broker_configs_stored" time="0.007" /><testcase classname="tests.unit.test_async_engine.TestInitialize" name="test_initialize_registers_broker" time="0.011" /><testcase classname="tests.unit.test_async_engine.TestInitialize" name="test_initialize_creates_rate_limiter" time="0.010" /><testcase classname="tests.unit.test_async_engine.TestSubmitOrder" name="test_submit_market_order_paper_mode" time="0.011" /><testcase classname="tests.unit.test_async_engine.TestSubmitOrder" name="test_submit_rejected_when_shutdown" time="0.011" /><testcase classname="tests.unit.test_async_engine.TestSubmitOrder" name="test_submit_rejected_on_position_limit" time="0.010" /><testcase classname="tests.unit.test_async_engine.TestSubmitOrder" name="test_submit_assigns_id_if_empty" time="0.012" /><testcase classname="tests.unit.test_async_engine.TestSubmitOrder" name="test_submit_no_market_data_rejects" time="0.018" /><testcase classname="tests.unit.test_async_engine.TestCancelOrder" name="test_cancel_nonexistent_order" time="0.009" /><testcase classname="tests.unit.test_async_engine.TestCancelOrder" name="test_cancel_pending_order" time="0.009" /><testcase classname="tests.unit.test_async_engine.TestCancelOrder" name="test_cancel_filled_order_returns_false" time="0.007" /><testcase classname="tests.unit.test_async_engine.TestCancelOrder" name="test_cancel_no_venue_returns_false" time="0.007" /><testcase classname="tests.unit.test_async_engine.TestModifyOrder" name="test_modify_nonexistent_returns_false" time="0.008" /><testcase classname="tests.unit.test_async_engine.TestModifyOrder" name="test_modify_creates_new_order" time="0.014" /><testcase classname="tests.unit.test_async_engine.TestBatchSubmit" name="test_batch_submit_multiple_orders" time="0.011" /><testcase classname="tests.unit.test_async_engine.TestCloseAllPositions" name="test_close_all_no_positions" time="0.011" /><testcase classname="tests.unit.test_async_engine.TestCloseAllPositions" name="test_close_all_with_position" time="0.012" /><testcase classname="tests.unit.test_async_engine.TestCloseAllPositions" name="test_close_positions_filtered_by_symbol" time="0.011" /><testcase classname="tests.unit.test_async_engine.TestGetPositions" name="test_get_positions_uses_cache" time="0.010" /><testcase classname="tests.unit.test_async_engine.TestGetPositions" name="test_get_positions_fetches_when_stale" time="0.008" /><testcase classname="tests.unit.test_async_engine.TestApplyFill" name="test_apply_fill_marks_filled" time="0.010" /><testcase classname="tests.unit.test_async_engine.TestApplyFill" name="test_apply_fill_partial" time="0.009" /><testcase classname="tests.unit.test_async_engine.TestApplyFill" name="test_apply_fill_triggers_callbacks" time="0.011" /><testcase classname="tests.unit.test_async_engine.TestApplyFill" name="test_apply_fill_callback_error_swallowed" time="0.011" /><testcase classname="tests.unit.test_async_engine.TestApplyFill" name="test_apply_fill_updates_avg_price" time="0.009" /><testcase classname="tests.unit.test_async_engine.TestPreTradeCheck" name="test_passes_normal_order" time="0.009" /><testcase classname="tests.unit.test_async_engine.TestPreTradeCheck" name="test_rejects_position_limit" time="0.008" /><testcase classname="tests.unit.test_async_engine.TestPreTradeCheck" name="test_rejects_price_deviation" time="0.008" /><testcase classname="tests.unit.test_async_engine.TestPreTradeCheck" name="test_passes_no_price_cache" time="0.009" /><testcase classname="tests.unit.test_async_engine.TestVenueSelection" name="test_select_venue_returns_string" time="0.009" /><testcase classname="tests.unit.test_async_engine.TestVenueSelection" name="test_get_backup_venue" time="0.007" /><testcase classname="tests.unit.test_async_engine.TestVenueSelection" name="test_get_backup_venue_none_when_single" time="0.008" /><testcase classname="tests.unit.test_async_engine.TestVenueSelection" name="test_venue_has_symbol_always_true" time="0.007" /><testcase classname="tests.unit.test_async_engine.TestFormatOrder" name="test_format_market_order" time="0.007" /><testcase classname="tests.unit.test_async_engine.TestFormatOrder" name="test_format_limit_order" time="0.007" /><testcase classname="tests.unit.test_async_engine.TestFormatOrder" name="test_format_stop_order" time="0.008" /><testcase classname="tests.unit.test_async_engine.TestLatencyReport" name="test_empty_latency_report" time="0.009" /><testcase classname="tests.unit.test_async_engine.TestLatencyReport" name="test_latency_report_with_data" time="0.008" /><testcase classname="tests.unit.test_async_engine.TestShutdown" name="test_shutdown_sets_flag" time="0.013" /><testcase classname="tests.unit.test_async_engine.TestSimulateFill" name="test_simulate_fill_raises_in_live_mode" time="0.009" /><testcase classname="tests.unit.test_async_engine.TestSimulateFill" name="test_simulate_fill_rejects_no_market_data" time="0.018" /><testcase classname="tests.unit.test_async_engine.TestSimulateFill" name="test_simulate_fill_market_order_fills" time="0.010" /><testcase classname="tests.unit.test_async_engine.TestSimulateFill" name="test_simulate_fill_limit_order_at_market" time="0.010" /><testcase classname="tests.unit.test_async_engine.TestMonitorFills" name="test_monitor_fills_skips_in_paper_mode" time="0.009" /><testcase classname="tests.unit.test_async_engine_comprehensive.TestOrderDataclass" name="test_remaining_qty_zero_fill" time="0.007" /><testcase classname="tests.unit.test_async_engine_comprehensive.TestOrderDataclass" name="test_remaining_qty_partial" time="0.006" /><testcase classname="tests.unit.test_async_engine_comprehensive.TestOrderDataclass" name="test_remaining_qty_fully_filled" time="0.006" /><testcase classname="tests.unit.test_async_engine_comprehensive.TestOrderDataclass" name="test_default_status_pending" time="0.008" /><testcase classname="tests.unit.test_async_engine_comprehensive.TestOrderDataclass" name="test_metadata_default_empty" time="0.006" /><testcase classname="tests.unit.test_async_engine_comprehensive.TestOrderDataclass" name="test_created_at_is_datetime" time="0.007" /><testcase classname="tests.unit.test_async_engine_comprehensive.TestOrderDataclass" name="test_updated_at_is_datetime" time="0.005" /><testcase classname="tests.unit.test_async_engine_comprehensive.TestOrderDataclass" name="test_avg_fill_price_default_zero" time="0.007" /><testcase classname="tests.unit.test_async_engine_comprehensive.TestOrderDataclass" name="test_filled_qty_default_zero" time="0.006" /><testcase classname="tests.unit.test_async_engine_comprehensive.TestFillDataclass" name="test_fill_fields" time="0.006" /><testcase classname="tests.unit.test_async_engine_comprehensive.TestFillDataclass" name="test_fill_with_fees" time="0.004" /><testcase classname="tests.unit.test_async_engine_comprehensive.TestEnums" name="test_all_order_statuses" time="0.007" /><testcase classname="tests.unit.test_async_engine_comprehensive.TestEnums" name="test_all_order_types" time="0.007" /><testcase classname="tests.unit.test_async_engine_comprehensive.TestEngineInit" name="test_paper_mode_flag" time="0.006" /><testcase classname="tests.unit.test_async_engine_comprehensive.TestEngineInit" name="test_orders_empty_on_init" time="0.006" /><testcase classname="tests.unit.test_async_engine_comprehensive.TestEngineInit" name="test_pending_orders_empty_on_init" time="0.007" /><testcase classname="tests.unit.test_async_engine_comprehensive.TestEngineInit" name="test_shutdown_flag_false" time="0.007" /><testcase classname="tests.unit.test_async_engine_comprehensive.TestEngineInit" name="test_rng_seeded" time="0.005" /><testcase classname="tests.unit.test_async_engine_comprehensive.TestEngineInit" name="test_initialize_registers_broker" time="0.010" /><testcase classname="tests.unit.test_async_engine_comprehensive.TestEngineInit" name="test_initialize_creates_rate_limiter" time="0.009" /><testcase classname="tests.unit.test_async_engine_comprehensive.TestSubmitOrder" name="test_returns_order_id" time="0.018" /><testcase classname="tests.unit.test_async_engine_comprehensive.TestSubmitOrder" name="test_order_stored_in_orders" time="0.019" /><testcase classname="tests.unit.test_async_engine_comprehensive.TestSubmitOrder" name="test_shutdown_raises_runtime_error" time="0.009" /><testcase classname="tests.unit.test_async_engine_comprehensive.TestSubmitOrder" name="test_order_with_empty_id_gets_generated_id" time="0.023" /><testcase classname="tests.unit.test_async_engine_comprehensive.TestSubmitOrder" name="test_market_order_paper_mode_fills" time="0.010" /><testcase classname="tests.unit.test_async_engine_comprehensive.TestSubmitOrder" name="test_rejected_order_has_reason" time="0.012" /><testcase classname="tests.unit.test_async_engine_comprehensive.TestSubmitOrder" name="test_on_fill_callback_called" time="0.009" /><testcase classname="tests.unit.test_async_engine_comprehensive.TestSubmitOrder" name="test_on_order_update_callback_called" time="0.011" /><testcase classname="tests.unit.test_async_engine_comprehensive.TestCancelOrder" name="test_cancel_nonexistent_returns_false" time="0.012" /><testcase classname="tests.unit.test_async_engine_comprehensive.TestCancelOrder" name="test_cancel_filled_returns_false" time="0.011" /><testcase classname="tests.unit.test_async_engine_comprehensive.TestCancelOrder" name="test_cancel_cancelled_returns_false" time="0.009" /><testcase classname="tests.unit.test_async_engine_comprehensive.TestCancelOrder" name="test_cancel_pending_no_venue_returns_false" time="0.007" /><testcase classname="tests.unit.test_async_engine_comprehensive.TestCancelOrder" name="test_cancel_submitted_order_succeeds" time="0.012" /><testcase classname="tests.unit.test_async_engine_comprehensive.TestModifyOrder" name="test_modify_nonexistent_returns_false" time="0.015" /><testcase classname="tests.unit.test_async_engine_comprehensive.TestModifyOrder" name="test_modify_creates_new_order" time="0.013" /><testcase classname="tests.unit.test_async_engine_comprehensive.TestBatchSubmit" name="test_batch_returns_list_of_ids" time="0.021" /><testcase classname="tests.unit.test_async_engine_comprehensive.TestBatchSubmit" name="test_batch_empty_list" time="0.012" /><testcase classname="tests.unit.test_async_engine_comprehensive.TestCloseAllPositions" name="test_close_all_no_positions" time="0.010" /><testcase classname="tests.unit.test_async_engine_comprehensive.TestCloseAllPositions" name="test_close_all_long_position" time="0.014" /><testcase classname="tests.unit.test_async_engine_comprehensive.TestCloseAllPositions" name="test_close_all_short_position" time="0.011" /><testcase classname="tests.unit.test_async_engine_comprehensive.TestCloseAllPositions" name="test_close_all_filtered_by_symbol" time="0.014" /><testcase classname="tests.unit.test_async_engine_comprehensive.TestGetPositions" name="test_returns_list" time="0.009" /><testcase classname="tests.unit.test_async_engine_comprehensive.TestGetPositions" name="test_uses_cache_when_fresh" time="0.013" /><testcase classname="tests.unit.test_async_engine_comprehensive.TestGetPositions" name="test_fetches_fresh_on_stale_cache" time="0.011" /><testcase classname="tests.unit.test_async_engine_comprehensive.TestApplyFill" name="test_apply_fill_updates_filled_qty" time="0.011" /><testcase classname="tests.unit.test_async_engine_comprehensive.TestApplyFill" name="test_apply_fill_sets_partial_status" time="0.011" /><testcase classname="tests.unit.test_async_engine_comprehensive.TestApplyFill" name="test_apply_fill_sets_filled_status_on_complete" time="0.010" /><testcase classname="tests.unit.test_async_engine_comprehensive.TestApplyFill" name="test_apply_fill_updates_avg_price" time="0.011" /><testcase classname="tests.unit.test_async_engine_comprehensive.TestApplyFill" name="test_apply_fill_removes_from_pending" time="0.008" /><testcase classname="tests.unit.test_async_engine_comprehensive.TestApplyFill" name="test_apply_fill_on_fill_callback_error_handled" time="0.008" /><testcase classname="tests.unit.test_async_engine_comprehensive.TestPreTradeCheck" name="test_market_order_allowed" time="0.009" /><testcase classname="tests.unit.test_async_engine_comprehensive.TestPreTradeCheck" name="test_position_limit_exceeded_rejected" time="0.011" /><testcase classname="tests.unit.test_async_engine_comprehensive.TestPreTradeCheck" name="test_price_deviation_rejected" time="0.008" /><testcase classname="tests.unit.test_async_engine_comprehensive.TestPreTradeCheck" name="test_no_price_cache_allows_order" time="0.010" /><testcase classname="tests.unit.test_async_engine_comprehensive.TestSelectVenue" name="test_returns_string" time="0.006" /><testcase classname="tests.unit.test_async_engine_comprehensive.TestSelectVenue" name="test_returns_first_broker_when_one_available" time="0.008" /><testcase classname="tests.unit.test_async_engine_comprehensive.TestGetBackupVenue" name="test_no_backup_when_single_broker" time="0.006" /><testcase classname="tests.unit.test_async_engine_comprehensive.TestGetBackupVenue" name="test_backup_returned_when_multiple_brokers" time="0.007" /><testcase classname="tests.unit.test_async_engine_comprehensive.TestLatencyStats" name="test_latency_recorded_on_submit" time="0.021" /><testcase classname="tests.unit.test_async_engine_comprehensive.TestShutdown" name="test_shutdown_sets_flag" time="0.011" /><testcase classname="tests.unit.test_async_engine_comprehensive.TestShutdown" name="test_double_shutdown_safe" time="0.009" /><testcase classname="tests.unit.test_async_engine_comprehensive.TestShutdown" name="test_shutdown_cancels_tasks" time="0.012" /><testcase classname="tests.unit.test_async_engine_comprehensive.TestSimulateFillGuard" name="test_simulate_fill_raises_in_live_mode" time="0.009" /><testcase classname="tests.unit.test_async_engine_comprehensive.TestSimulateFillGuard" name="test_simulate_fill_no_market_data_rejects" time="0.018" /><testcase classname="tests.unit.test_async_engine_comprehensive.TestSimulateFillGuard" name="test_simulate_fill_limit_order_no_fill_path" time="2.005" /><testcase classname="tests.unit.test_audit_fixes.TestEnvExample" name="test_bootstrap_superadmin_password_key_present" time="0.006" /><testcase classname="tests.unit.test_audit_fixes.TestEnvExample" name="test_bootstrap_admin_password_key_present" time="0.007" /><testcase classname="tests.unit.test_audit_fixes.TestEnvExample" name="test_bootstrap_trader_password_key_present" time="0.007" /><testcase classname="tests.unit.test_audit_fixes.TestEnvExample" name="test_bootstrap_keys_have_change_me_placeholder" time="0.007" /><testcase classname="tests.unit.test_audit_fixes.TestAuthJsRoleRedirect" name="test_role_redirect_function_present" time="0.005" /><testcase classname="tests.unit.test_audit_fixes.TestAuthJsRoleRedirect" name="test_admin_redirects_to_audit" time="0.006" /><testcase classname="tests.unit.test_audit_fixes.TestAuthJsRoleRedirect" name="test_admin_does_not_redirect_to_dashboard_in_role_redirect" time="0.010" /><testcase classname="tests.unit.test_audit_fixes.TestAuthJsRoleRedirect" name="test_superadmin_redirects_to_superadmin" time="0.007" /><testcase classname="tests.unit.test_audit_fixes.TestAuthJsRoleRedirect" name="test_require_role_admin_fallback_is_audit" time="0.006" /><testcase classname="tests.unit.test_audit_fixes.TestImpersonateToken" name="test_impersonate_returns_200" time="0.073" /><testcase classname="tests.unit.test_audit_fixes.TestImpersonateToken" name="test_impersonate_token_has_type_access" time="0.055" /><testcase classname="tests.unit.test_audit_fixes.TestImpersonateToken" name="test_impersonate_token_has_jti" time="0.054" /><testcase classname="tests.unit.test_audit_fixes.TestImpersonateToken" name="test_impersonate_token_accepted_by_decode_access_token" time="0.058" /><testcase classname="tests.unit.test_audit_fixes.TestImpersonateToken" name="test_impersonate_token_carries_impersonated_by" time="0.053" /><testcase classname="tests.unit.test_audit_fixes.TestImpersonateToken" name="test_impersonate_superadmin_blocked" time="0.047" /><testcase classname="tests.unit.test_audit_fixes.TestResetUserPassword" name="test_reset_returns_200_with_temp_password" time="0.356" /><testcase classname="tests.unit.test_audit_fixes.TestResetUserPassword" name="test_reset_password_verifies_with_auth_jwt" time="0.662" /><testcase classname="tests.unit.test_audit_fixes.TestResetUserPassword" name="test_reset_password_wrong_password_fails" time="0.663" /><testcase classname="tests.unit.test_audit_fixes.TestResetUserPassword" name="test_reset_password_hash_is_bcrypt" time="0.359" /><testcase classname="tests.unit.test_audit_fixes.TestSuperadminUserStats" name="test_get_user_returns_real_plan" time="0.048" /><testcase classname="tests.unit.test_audit_fixes.TestSuperadminUserStats" name="test_get_user_plan_not_hardcoded_free" time="0.044" /><testcase classname="tests.unit.test_audit_fixes.TestSuperadminUserStats" name="test_country_not_hardcoded_none" time="0.045" /><testcase classname="tests.unit.test_audit_fixes.TestSuperadminUserStats" name="test_set_user_plan_persists_to_db" time="0.049" /><testcase classname="tests.unit.test_audit_fixes.TestSuperadminUserStats" name="test_set_user_plan_rejects_invalid_plan" time="0.041" /><testcase classname="tests.unit.test_audit_fixes.TestSetupRateLimiting" name="test_production_raises_on_missing_slowapi" time="0.009" /><testcase classname="tests.unit.test_audit_fixes.TestSetupRateLimiting" name="test_development_returns_none_on_missing_slowapi" time="0.011" /><testcase classname="tests.unit.test_audit_fixes.TestSetupRateLimiting" name="test_development_logs_critical_on_missing_slowapi" time="0.013" /><testcase classname="tests.unit.test_audit_fixes.TestSetupRateLimiting" name="test_slowapi_installed_returns_limiter" time="0.014" /><testcase classname="tests.unit.test_audit_fixes.TestUserModelColumns" name="test_user_has_plan_column" time="0.096" /><testcase classname="tests.unit.test_audit_fixes.TestUserModelColumns" name="test_user_has_country_column" time="0.091" /><testcase classname="tests.unit.test_audit_fixes.TestUserModelColumns" name="test_user_plan_default_is_free" time="0.007" /><testcase classname="tests.unit.test_audit_fixes.TestUserModelColumns" name="test_user_country_default_is_none" time="0.007" /><testcase classname="tests.unit.test_auth_analytics_backtest_coverage.TestAuthShims" name="test_dependencies_exports" time="0.007" /><testcase classname="tests.unit.test_auth_analytics_backtest_coverage.TestAuthShims" name="test_jwt_handler_exports" time="0.006" /><testcase classname="tests.unit.test_auth_analytics_backtest_coverage.TestAuthShims" name="test_schemas_token_payload" time="0.008" /><testcase classname="tests.unit.test_auth_analytics_backtest_coverage.TestAuthShims" name="test_schemas_token_payload_defaults" time="0.006" /><testcase classname="tests.unit.test_auth_analytics_backtest_coverage.TestBacktestEvents" name="test_event_type_values" time="0.006" /><testcase classname="tests.unit.test_auth_analytics_backtest_coverage.TestBacktestEvents" name="test_market_event" time="0.005" /><testcase classname="tests.unit.test_auth_analytics_backtest_coverage.TestBacktestEvents" name="test_signal_event" time="0.006" /><testcase classname="tests.unit.test_auth_analytics_backtest_coverage.TestBacktestEvents" name="test_signal_event_defaults" time="0.006" /><testcase classname="tests.unit.test_auth_analytics_backtest_coverage.TestBacktestEvents" name="test_signal_event_with_metadata" time="0.005" /><testcase classname="tests.unit.test_auth_analytics_backtest_coverage.TestBacktestEvents" name="test_base_event_timestamp_is_recent" time="0.007" /><testcase classname="tests.unit.test_auth_analytics_backtest_coverage.TestParameterOptimizer" name="test_instantiates" time="0.007" /><testcase classname="tests.unit.test_auth_analytics_backtest_coverage.TestParameterOptimizer" name="test_grid_search_empty_data_skips" time="0.009" /><testcase classname="tests.unit.test_auth_analytics_backtest_coverage.TestAnalyticsPerformance" name="test_metric_period_values" time="0.006" /><testcase classname="tests.unit.test_auth_analytics_backtest_coverage.TestAnalyticsPerformance" name="test_trade_record_instantiates" time="0.007" /><testcase classname="tests.unit.test_auth_analytics_backtest_coverage.TestAnalyticsPerformance" name="test_equity_point_instantiates" time="0.005" /><testcase classname="tests.unit.test_auth_analytics_backtest_coverage.TestAnalyticsPerformance" name="test_strategy_performance_instantiates" time="0.006" /><testcase classname="tests.unit.test_auth_analytics_backtest_coverage.TestAnalyticsPerformance" name="test_performance_analyzer_instantiates" time="0.006"><skipped type="pytest.skip" message="PerformanceAnalyzer not available">/home/user/HOPEFX-AI-TRADING/tests/unit/test_auth_analytics_backtest_coverage.py:245: PerformanceAnalyzer not available</skipped></testcase><testcase classname="tests.unit.test_auth_analytics_backtest_coverage.TestAnalyticsPerformance" name="test_calculate_sharpe_ratio" time="0.005"><skipped type="pytest.skip" message="calculate_sharpe_ratio not available">/home/user/HOPEFX-AI-TRADING/tests/unit/test_auth_analytics_backtest_coverage.py:256: calculate_sharpe_ratio not available</skipped></testcase><testcase classname="tests.unit.test_auth_analytics_backtest_coverage.TestAnalyticsPerformance" name="test_calculate_max_drawdown" time="0.006"><skipped type="pytest.skip" message="calculate_max_drawdown not available">/home/user/HOPEFX-AI-TRADING/tests/unit/test_auth_analytics_backtest_coverage.py:267: calculate_max_drawdown not available</skipped></testcase><testcase classname="tests.unit.test_auth_analytics_backtest_coverage.TestPortfolioAnalytics" name="test_instantiates" time="0.006" /><testcase classname="tests.unit.test_auth_analytics_backtest_coverage.TestPortfolioAnalytics" name="test_load_returns_data" time="0.007" /><testcase classname="tests.unit.test_auth_analytics_backtest_coverage.TestPortfolioAnalytics" name="test_calculate_correlation_matrix" time="0.103" /><testcase classname="tests.unit.test_auth_analytics_backtest_coverage.TestPortfolioAnalytics" name="test_calculate_portfolio_metrics" time="0.008"><skipped type="pytest.skip" message="calculate_portfolio_metrics not available">/home/user/HOPEFX-AI-TRADING/tests/unit/test_auth_analytics_backtest_coverage.py:322: calculate_portfolio_metrics not available</skipped></testcase><testcase classname="tests.unit.test_auth_analytics_backtest_coverage.TestPortfolioAnalytics" name="test_optimize_portfolio_equal_weight" time="0.009"><skipped type="pytest.skip" message="optimize_portfolio not available or requires scipy">/home/user/HOPEFX-AI-TRADING/tests/unit/test_auth_analytics_backtest_coverage.py:333: optimize_portfolio not available or requires scipy</skipped></testcase><testcase classname="tests.unit.test_auth_analytics_backtest_coverage.TestPortfolioAnalytics" name="test_calculate_var" time="0.008"><skipped type="pytest.skip" message="calculate_var not available">/home/user/HOPEFX-AI-TRADING/tests/unit/test_auth_analytics_backtest_coverage.py:346: calculate_var not available</skipped></testcase><testcase classname="tests.unit.test_auth_analytics_backtest_coverage.TestAnalyticsSimulations" name="test_import" time="0.006" /><testcase classname="tests.unit.test_auth_analytics_backtest_coverage.TestAnalyticsSimulations" name="test_monte_carlo_simulation" time="0.006"><skipped type="pytest.skip" message="MonteCarloSimulation not available">/home/user/HOPEFX-AI-TRADING/tests/unit/test_auth_analytics_backtest_coverage.py:368: MonteCarloSimulation not available</skipped></testcase><testcase classname="tests.unit.test_auth_analytics_backtest_coverage.TestAnalyticsSimulations" name="test_run_simulation" time="0.006"><skipped type="pytest.skip" message="run() signature differs">/home/user/HOPEFX-AI-TRADING/tests/unit/test_auth_analytics_backtest_coverage.py:379: run() signature differs</skipped></testcase><testcase classname="tests.unit.test_auth_analytics_backtest_coverage.TestBacktestExecution" name="test_import" time="0.006" /><testcase classname="tests.unit.test_auth_analytics_backtest_coverage.TestBacktestExecution" name="test_simulated_execution_handler" time="0.006"><skipped type="pytest.skip" message="SimulatedExecutionHandler not available">/home/user/HOPEFX-AI-TRADING/tests/unit/test_auth_analytics_backtest_coverage.py:401: SimulatedExecutionHandler not available</skipped></testcase><testcase classname="tests.unit.test_auth_analytics_backtest_coverage.TestBacktestExecution" name="test_execute_order" time="0.006"><skipped type="pytest.skip" message="execute_order not available">/home/user/HOPEFX-AI-TRADING/tests/unit/test_auth_analytics_backtest_coverage.py:413: execute_order not available</skipped></testcase><testcase classname="tests.unit.test_auth_analytics_backtest_coverage.TestBacktestPlots" name="test_import" time="0.006" /><testcase classname="tests.unit.test_auth_analytics_backtest_coverage.TestBacktestPlots" name="test_plot_equity_curve_callable" time="0.006"><skipped type="pytest.skip" message="plot_equity_curve not available">/home/user/HOPEFX-AI-TRADING/tests/unit/test_auth_analytics_backtest_coverage.py:434: plot_equity_curve not available</skipped></testcase><testcase classname="tests.unit.test_auth_analytics_backtest_coverage.TestBacktestPlots" name="test_plot_drawdown_callable" time="0.005"><skipped type="pytest.skip" message="plot_drawdown not available">/home/user/HOPEFX-AI-TRADING/tests/unit/test_auth_analytics_backtest_coverage.py:442: plot_drawdown not available</skipped></testcase><testcase classname="tests.unit.test_auth_analytics_backtest_coverage.TestBacktestReports" name="test_import" time="0.007" /><testcase classname="tests.unit.test_auth_analytics_backtest_coverage.TestBacktestReports" name="test_generate_report_callable" time="0.006"><skipped type="pytest.skip" message="generate_report not available">/home/user/HOPEFX-AI-TRADING/tests/unit/test_auth_analytics_backtest_coverage.py:463: generate_report not available</skipped></testcase><testcase classname="tests.unit.test_auth_analytics_backtest_coverage.TestBacktestReports" name="test_performance_report_instantiates" time="0.006"><skipped type="pytest.skip" message="PerformanceReport not available">/home/user/HOPEFX-AI-TRADING/tests/unit/test_auth_analytics_backtest_coverage.py:472: PerformanceReport not available</skipped></testcase><testcase classname="tests.unit.test_auth_coverage.TestAuthService" name="test_password_hashing" time="0.921" /><testcase classname="tests.unit.test_auth_coverage.TestAuthService" name="test_jwt_encode_decode_roundtrip" time="0.007" /><testcase classname="tests.unit.test_auth_coverage.TestAuthService" name="test_jwt_expired_raises" time="0.006" /><testcase classname="tests.unit.test_auth_coverage.TestAuthService" name="test_jwt_wrong_secret_raises" time="0.006" /><testcase classname="tests.unit.test_auth_coverage.TestAuthService" name="test_username_validation_pattern" time="0.007" /><testcase classname="tests.unit.test_auth_coverage.TestAuthService" name="test_email_validation" time="0.005" /><testcase classname="tests.unit.test_auth_coverage.TestFreeTierAssignment" name="test_activate_free_tier_endpoint_logic" time="0.009" /><testcase classname="tests.unit.test_auth_coverage.TestFreeTierAssignment" name="test_activate_free_tier_idempotent" time="0.009" /><testcase classname="tests.unit.test_auth_coverage.TestFreeTierAssignment" name="test_referral_tracked_on_signup" time="0.007" /><testcase classname="tests.unit.test_auth_coverage.TestAuthApiEndpoints" name="test_register_returns_201" time="0.042" /><testcase classname="tests.unit.test_auth_coverage.TestAuthApiEndpoints" name="test_register_missing_fields_returns_422" time="0.029" /><testcase classname="tests.unit.test_auth_coverage.TestAuthApiEndpoints" name="test_login_success" time="0.032" /><testcase classname="tests.unit.test_auth_coverage.TestAuthApiEndpoints" name="test_verify_email_endpoint" time="0.028" /><testcase classname="tests.unit.test_auth_router_jwt_secret.TestJWTSecretMisconfiguration" name="test_unset_secret_returns_503" time="0.039" /><testcase classname="tests.unit.test_auth_router_jwt_secret.TestJWTSecretMisconfiguration" name="test_short_secret_returns_503" time="0.037" /><testcase classname="tests.unit.test_auth_router_jwt_secret.TestEmptySecretBypass" name="test_empty_string_signed_token_rejected" time="0.037" /><testcase classname="tests.unit.test_auth_router_jwt_secret.TestEmptySecretBypass" name="test_wrong_secret_signed_token_rejected" time="0.038" /><testcase classname="tests.unit.test_auth_router_jwt_secret.TestValidToken" name="test_valid_access_token_returns_user_id" time="0.038" /><testcase classname="tests.unit.test_auth_router_jwt_secret.TestTokenClaimsValidation" name="test_expired_token_rejected" time="0.039" /><testcase classname="tests.unit.test_auth_router_jwt_secret.TestTokenClaimsValidation" name="test_refresh_token_type_rejected" time="0.036" /><testcase classname="tests.unit.test_auth_router_jwt_secret.TestTokenClaimsValidation" name="test_malformed_token_rejected" time="0.037" /><testcase classname="tests.unit.test_auto_heal_github_pr.TestGitHubPRPublisher" name="test_returns_error_when_no_token" time="0.008" /><testcase classname="tests.unit.test_auto_heal_github_pr.TestGitHubPRPublisher" name="test_full_pipeline_success" time="0.037" /><testcase classname="tests.unit.test_auto_heal_github_pr.TestGitHubPRPublisher" name="test_http_error_returns_error_status" time="0.036" /><testcase classname="tests.unit.test_auto_heal_github_pr.TestGitHubPRPublisher" name="test_resolve_file_path_known_endpoint" time="0.006" /><testcase classname="tests.unit.test_auto_heal_github_pr.TestGitHubPRPublisher" name="test_resolve_file_path_heuristic" time="0.006" /><testcase classname="tests.unit.test_auto_heal_github_pr.TestGitHubPRPublisher" name="test_resolve_file_path_unknown" time="0.006" /><testcase classname="tests.unit.test_auto_heal_github_pr.TestGitHubPRPublisher" name="test_apply_patch_verbatim_replace" time="0.007" /><testcase classname="tests.unit.test_auto_heal_github_pr.TestGitHubPRPublisher" name="test_apply_patch_fallback_when_not_found" time="0.006" /><testcase classname="tests.unit.test_auto_heal_github_pr.TestGitHubPRPublisher" name="test_build_pr_body_contains_required_sections" time="0.008" /><testcase classname="tests.unit.test_auto_heal_github_pr.TestGitHubPRPublisher" name="test_repo_auto_detect_from_git" time="0.009" /><testcase classname="tests.unit.test_auto_heal_github_pr.TestGitHubPRPublisher" name="test_repo_raises_when_not_configured" time="0.007" /><testcase classname="tests.unit.test_auto_heal_github_pr.TestGitHubPRPublisher" name="test_branch_name_slug_from_endpoint" time="0.008" /><testcase classname="tests.unit.test_auto_heal_github_pr.TestGitHubPRPublisher" name="test_get_pr_publisher_singleton" time="0.005" /><testcase classname="tests.unit.test_auto_heal_github_pr.TestAutoHeal" name="test_auto_heal_skips_when_interval_not_elapsed" time="0.009" /><testcase classname="tests.unit.test_auto_heal_github_pr.TestAutoHeal" name="test_auto_heal_drains_scan_queue" time="0.021" /><testcase classname="tests.unit.test_auto_heal_github_pr.TestAutoHeal" name="test_auto_heal_empty_queue_does_nothing" time="0.014" /><testcase classname="tests.unit.test_auto_heal_github_pr.TestAutoHeal" name="test_auto_heal_skips_empty_code_snippet" time="0.016" /><testcase classname="tests.unit.test_auto_heal_github_pr.TestAutoHeal" name="test_auto_heal_handles_malformed_json" time="0.015" /><testcase classname="tests.unit.test_auto_heal_github_pr.TestAutoHeal" name="test_auto_heal_handles_llm_failure_gracefully" time="0.016" /><testcase classname="tests.unit.test_auto_heal_github_pr.TestAutoHeal" name="test_auto_heal_processes_multiple_entries" time="0.019" /><testcase classname="tests.unit.test_auto_heal_github_pr.TestFixesRouter" name="test_get_pending_fixes_empty" time="0.012" /><testcase classname="tests.unit.test_auto_heal_github_pr.TestFixesRouter" name="test_get_pending_fixes_returns_records" time="0.013" /><testcase classname="tests.unit.test_auto_heal_github_pr.TestFixesRouter" name="test_approve_fix_triggers_pr_pipeline" time="0.022" /><testcase classname="tests.unit.test_auto_heal_github_pr.TestFixesRouter" name="test_approve_fix_404_when_not_found" time="0.013" /><testcase classname="tests.unit.test_auto_heal_github_pr.TestFixesRouter" name="test_approve_fix_handles_pr_error_gracefully" time="0.020" /><testcase classname="tests.unit.test_auto_heal_github_pr.TestFixesRouter" name="test_decline_fix_archives_record" time="0.022" /><testcase classname="tests.unit.test_auto_heal_github_pr.TestFixesRouter" name="test_decline_fix_404_when_not_found" time="0.013" /><testcase classname="tests.unit.test_auto_heal_github_pr.TestFixesRouter" name="test_push_scan_entry_queues_to_redis" time="0.016" /><testcase classname="tests.unit.test_auto_heal_github_pr.TestFixesRouter" name="test_get_fix_stats" time="0.014" /><testcase classname="tests.unit.test_auto_heal_github_pr.TestFixesRouter" name="test_non_admin_cannot_approve" time="0.011" /><testcase classname="tests.unit.test_backtest_engine" name="test_commission_deducted" time="0.006" /><testcase classname="tests.unit.test_backtest_engine" name="test_overnight_financing_applied" time="0.006" /><testcase classname="tests.unit.test_backtest_engine" name="test_variable_slippage_higher_on_wide_bars" time="0.006" /><testcase classname="tests.unit.test_backtest_engine" name="test_sortino_gte_sharpe_positive_skew" time="0.006" /><testcase classname="tests.unit.test_backtest_engine" name="test_significance_test_with_clear_edge" time="0.008" /><testcase classname="tests.unit.test_backtest_engine" name="test_monte_carlo_ruin_zero_for_profitable" time="0.036" /><testcase classname="tests.unit.test_backtest_engine" name="test_monte_carlo_percentile_ordering" time="0.044" /><testcase classname="tests.unit.test_backtest_engine" name="test_regime_breakdown_keys" time="0.007" /><testcase classname="tests.unit.test_backtest_engine" name="test_backtest_result_has_all_fields" time="0.007" /><testcase classname="tests.unit.test_backtest_engine" name="test_max_consecutive_counts_correctly" time="0.006" /><testcase classname="tests.unit.test_backtesting.TestPortfolio" name="test_portfolio_initialization" time="0.007" /><testcase classname="tests.unit.test_backtesting.TestPortfolio" name="test_portfolio_custom_capital" time="0.007" /><testcase classname="tests.unit.test_backtesting.TestPortfolio" name="test_portfolio_empty_equity_curve" time="0.007" /><testcase classname="tests.unit.test_backtesting.TestPortfolio" name="test_get_equity_dataframe_empty" time="0.007" /><testcase classname="tests.unit.test_backtesting.TestPortfolio" name="test_get_trade_history" time="0.007" /><testcase classname="tests.unit.test_backtesting.TestPerformanceMetrics" name="test_metrics_initialization" time="0.011" /><testcase classname="tests.unit.test_backtesting.TestPerformanceMetrics" name="test_calculate_total_return" time="0.008" /><testcase classname="tests.unit.test_backtesting.TestPerformanceMetrics" name="test_calculate_total_return_empty" time="0.007" /><testcase classname="tests.unit.test_backtesting.TestPerformanceMetrics" name="test_calculate_max_drawdown" time="0.008" /><testcase classname="tests.unit.test_backtesting.TestPerformanceMetrics" name="test_calculate_sharpe_ratio" time="0.009" /><testcase classname="tests.unit.test_backtesting.TestPerformanceMetrics" name="test_calculate_win_rate" time="0.009" /><testcase classname="tests.unit.test_backtesting.TestPerformanceMetrics" name="test_calculate_win_rate_empty" time="0.007" /><testcase classname="tests.unit.test_backtesting.TestPerformanceMetrics" name="test_calculate_total_trades" time="0.008" /><testcase classname="tests.unit.test_backtesting.TestPerformanceMetrics" name="test_calculate_all_metrics" time="0.018" /><testcase classname="tests.unit.test_backtesting.TestPerformanceMetrics" name="test_calculate_profit_factor" time="0.009" /><testcase classname="tests.unit.test_backtesting.TestBacktestEvents" name="test_event_types_exist" time="0.006" /><testcase classname="tests.unit.test_backtesting.TestBacktestEvents" name="test_fill_event_creation" time="0.008" /><testcase classname="tests.unit.test_backtesting_data_sources.TestDataSourceABC" name="test_cannot_instantiate_directly" time="0.007" /><testcase classname="tests.unit.test_backtesting_data_sources.TestDataSourceABC" name="test_concrete_subclass_works" time="0.007" /><testcase classname="tests.unit.test_backtesting_data_sources.TestYahooFinanceSource" name="test_raises_when_yfinance_unavailable" time="0.006" /><testcase classname="tests.unit.test_backtesting_data_sources.TestYahooFinanceSource" name="test_get_data_returns_dataframe" time="0.009" /><testcase classname="tests.unit.test_backtesting_data_sources.TestYahooFinanceSource" name="test_get_data_returns_empty_on_empty_response" time="0.010" /><testcase classname="tests.unit.test_backtesting_data_sources.TestYahooFinanceSource" name="test_get_data_returns_empty_on_exception" time="0.009" /><testcase classname="tests.unit.test_backtesting_data_sources.TestYahooFinanceSource" name="test_strips_timezone_from_index" time="0.010" /><testcase classname="tests.unit.test_backtesting_data_sources.TestCSVDataSource" name="test_get_data_loads_csv" time="0.016" /><testcase classname="tests.unit.test_backtesting_data_sources.TestCSVDataSource" name="test_get_data_tries_uppercase_filename" time="0.014" /><testcase classname="tests.unit.test_backtesting_data_sources.TestCSVDataSource" name="test_get_data_returns_empty_when_file_missing" time="0.009" /><testcase classname="tests.unit.test_backtesting_data_sources.TestCSVDataSource" name="test_get_data_returns_empty_on_parse_error" time="0.010" /><testcase classname="tests.unit.test_backtesting_data_sources.TestCSVDataSource" name="test_filters_by_date_range" time="0.014" /><testcase classname="tests.unit.test_backtesting_data_sources.TestBrokerDataSource" name="test_get_data_calls_broker_get_market_data" time="0.008" /><testcase classname="tests.unit.test_backtesting_data_sources.TestBrokerDataSource" name="test_get_data_returns_empty_when_broker_has_no_method" time="0.008" /><testcase classname="tests.unit.test_backtesting_data_sources.TestBrokerDataSource" name="test_get_data_returns_empty_on_exception" time="0.008" /><testcase classname="tests.unit.test_backtesting_data_sources.TestAlphaVantageSource" name="test_init_without_key_logs_warning" time="0.011" /><testcase classname="tests.unit.test_backtesting_data_sources.TestAlphaVantageSource" name="test_init_reads_env_var" time="0.010" /><testcase classname="tests.unit.test_backtesting_data_sources.TestAlphaVantageSource" name="test_get_data_returns_empty_without_key" time="0.008" /><testcase classname="tests.unit.test_backtesting_data_sources.TestAlphaVantageSource" name="test_get_data_stock_success" time="0.012" /><testcase classname="tests.unit.test_backtesting_data_sources.TestAlphaVantageSource" name="test_get_data_forex_success" time="0.012" /><testcase classname="tests.unit.test_backtesting_data_sources.TestAlphaVantageSource" name="test_get_data_returns_empty_on_api_error" time="0.009" /><testcase classname="tests.unit.test_backtesting_data_sources.TestAlphaVantageSource" name="test_get_data_returns_empty_on_exception" time="0.008" /><testcase classname="tests.unit.test_backtesting_data_sources.TestAlphaVantageSource" name="test_get_forex_delegates_to_get_data" time="0.006" /><testcase classname="tests.unit.test_backtesting_data_sources.TestAlphaVantageSource" name="test_get_crypto_returns_empty_without_key" time="0.005" /><testcase classname="tests.unit.test_backtesting_data_sources.TestAlphaVantageSource" name="test_get_crypto_success" time="0.014" /><testcase classname="tests.unit.test_backtesting_data_sources.TestAlphaVantageSource" name="test_get_crypto_returns_empty_on_api_error" time="0.009" /><testcase classname="tests.unit.test_backtesting_data_sources.TestCoinGeckoSource" name="test_get_data_success" time="0.014" /><testcase classname="tests.unit.test_backtesting_data_sources.TestCoinGeckoSource" name="test_get_data_maps_symbol_to_coingecko_id" time="0.010" /><testcase classname="tests.unit.test_backtesting_data_sources.TestCoinGeckoSource" name="test_get_data_returns_empty_on_api_error" time="0.009" /><testcase classname="tests.unit.test_backtesting_data_sources.TestCoinGeckoSource" name="test_get_data_returns_empty_on_exception" time="0.007" /><testcase classname="tests.unit.test_backtesting_data_sources.TestCoinGeckoSource" name="test_get_coin_list_returns_list" time="0.008" /><testcase classname="tests.unit.test_backtesting_data_sources.TestCoinGeckoSource" name="test_get_coin_list_returns_empty_on_exception" time="0.008" /><testcase classname="tests.unit.test_backtesting_data_sources.TestExchangeRateSource" name="test_get_data_success" time="0.010" /><testcase classname="tests.unit.test_backtesting_data_sources.TestExchangeRateSource" name="test_get_data_parses_symbol_without_slash" time="0.009" /><testcase classname="tests.unit.test_backtesting_data_sources.TestExchangeRateSource" name="test_get_data_returns_empty_when_currency_not_found" time="0.010" /><testcase classname="tests.unit.test_backtesting_data_sources.TestExchangeRateSource" name="test_get_data_returns_empty_on_api_error" time="0.009" /><testcase classname="tests.unit.test_backtesting_data_sources.TestExchangeRateSource" name="test_get_data_returns_empty_on_exception" time="0.008" /><testcase classname="tests.unit.test_backtesting_data_sources.TestExchangeRateSource" name="test_get_all_rates_success" time="0.008" /><testcase classname="tests.unit.test_backtesting_data_sources.TestExchangeRateSource" name="test_get_all_rates_returns_empty_on_exception" time="0.007" /><testcase classname="tests.unit.test_backtesting_data_sources.TestExchangeRateSource" name="test_reads_api_key_from_env" time="0.011" /><testcase classname="tests.unit.test_backtesting_data_sources.TestDataManager" name="test_is_crypto_recognises_btc" time="0.008" /><testcase classname="tests.unit.test_backtesting_data_sources.TestDataManager" name="test_is_forex_recognises_eurusd" time="0.008" /><testcase classname="tests.unit.test_backtesting_data_sources.TestDataManager" name="test_get_available_sources_returns_list" time="0.007" /><testcase classname="tests.unit.test_backtesting_data_sources.TestDataManager" name="test_get_source_info_returns_dict" time="0.007" /><testcase classname="tests.unit.test_backtesting_data_sources.TestDataManager" name="test_get_data_crypto_delegates_to_crypto_path" time="0.011" /><testcase classname="tests.unit.test_backtesting_data_sources.TestDataManager" name="test_get_data_forex_delegates_to_forex_path" time="0.007" /><testcase classname="tests.unit.test_backtesting_data_sources.TestDataManager" name="test_get_data_stock_delegates_to_stock_path" time="0.010" /><testcase classname="tests.unit.test_backtesting_data_sources.TestDataManager" name="test_get_crypto_data_returns_empty_when_no_sources" time="0.008" /><testcase classname="tests.unit.test_backtesting_data_sources.TestDataManager" name="test_get_forex_data_returns_empty_when_no_sources" time="0.009" /><testcase classname="tests.unit.test_backtesting_data_sources.TestDataManager" name="test_get_stock_data_returns_empty_when_no_sources" time="0.008" /><testcase classname="tests.unit.test_backtesting_data_validator.TestBarValidationResult" name="test_accepted_bar" time="0.006" /><testcase classname="tests.unit.test_backtesting_data_validator.TestBarValidationResult" name="test_rejected_bar_has_flags" time="0.006" /><testcase classname="tests.unit.test_backtesting_data_validator.TestValidationReport" name="test_summary_contains_key_fields" time="0.006" /><testcase classname="tests.unit.test_backtesting_data_validator.TestValidationReport" name="test_zero_bars_report" time="0.006" /><testcase classname="tests.unit.test_backtesting_data_validator.TestBarMs" name="test_known_timeframes[1m-60000]" time="0.007" /><testcase classname="tests.unit.test_backtesting_data_validator.TestBarMs" name="test_known_timeframes[5m-300000]" time="0.006" /><testcase classname="tests.unit.test_backtesting_data_validator.TestBarMs" name="test_known_timeframes[15m-900000]" time="0.007" /><testcase classname="tests.unit.test_backtesting_data_validator.TestBarMs" name="test_known_timeframes[30m-1800000]" time="0.006" /><testcase classname="tests.unit.test_backtesting_data_validator.TestBarMs" name="test_known_timeframes[1h-3600000]" time="0.007" /><testcase classname="tests.unit.test_backtesting_data_validator.TestBarMs" name="test_known_timeframes[4h-14400000]" time="0.006" /><testcase classname="tests.unit.test_backtesting_data_validator.TestBarMs" name="test_known_timeframes[1d-86400000]" time="0.007" /><testcase classname="tests.unit.test_backtesting_data_validator.TestBarMs" name="test_known_timeframes[unknown-3600000]" time="0.006" /><testcase classname="tests.unit.test_backtesting_data_validator.TestOHLCSanityFilter" name="test_valid_bars_pass" time="0.008" /><testcase classname="tests.unit.test_backtesting_data_validator.TestOHLCSanityFilter" name="test_invalid_bar_filtered" time="0.010" /><testcase classname="tests.unit.test_backtesting_data_validator.TestOHLCSanityFilter" name="test_zero_close_filtered" time="0.008" /><testcase classname="tests.unit.test_backtesting_data_validator.TestValidateSingleSource" name="test_falls_back_to_ohlc_only_when_one_source" time="0.009" /><testcase classname="tests.unit.test_backtesting_data_validator.TestValidateSingleSource" name="test_returns_empty_when_no_sources" time="0.008" /><testcase classname="tests.unit.test_backtesting_data_validator.TestValidateSingleSource" name="test_single_source_rejects_invalid_ohlc" time="0.009" /><testcase classname="tests.unit.test_backtesting_data_validator.TestValidateMultiSource" name="test_accepts_bars_when_sources_agree" time="0.009" /><testcase classname="tests.unit.test_backtesting_data_validator.TestValidateMultiSource" name="test_rejects_bars_when_prices_diverge" time="0.010" /><testcase classname="tests.unit.test_backtesting_data_validator.TestValidateMultiSource" name="test_rejects_bars_with_invalid_ohlc" time="0.010" /><testcase classname="tests.unit.test_backtesting_data_validator.TestValidateMultiSource" name="test_detects_gap" time="0.010" /><testcase classname="tests.unit.test_backtesting_data_validator.TestValidateMultiSource" name="test_detects_spike" time="0.011" /><testcase classname="tests.unit.test_backtesting_data_validator.TestValidateMultiSource" name="test_uses_nearest_timestamp_for_secondary_source" time="0.010" /><testcase classname="tests.unit.test_backtesting_data_validator.TestValidateMultiSource" name="test_coverage_pct_is_correct" time="0.012" /><testcase classname="tests.unit.test_backtesting_data_validator.TestFetchCCXT" name="test_returns_none_when_ccxt_unavailable" time="0.010" /><testcase classname="tests.unit.test_backtesting_data_validator.TestFetchCCXT" name="test_returns_none_on_unknown_exchange" time="0.013" /><testcase classname="tests.unit.test_backtesting_data_validator.TestFetchCCXT" name="test_returns_dataframe_on_success" time="0.014" /><testcase classname="tests.unit.test_backtesting_data_validator.TestFetchCCXT" name="test_returns_none_on_exception" time="0.013" /><testcase classname="tests.unit.test_backtesting_data_validator.TestFetchYfinance" name="test_returns_none_when_yfinance_unavailable" time="0.012" /><testcase classname="tests.unit.test_backtesting_data_validator.TestFetchYfinance" name="test_returns_none_on_empty_data" time="0.014" /><testcase classname="tests.unit.test_backtesting_data_validator.TestFetchYfinance" name="test_returns_none_on_exception" time="0.013" /><testcase classname="tests.unit.test_backtesting_data_validator.TestFetchAllSources" name="test_returns_only_successful_sources" time="0.015" /><testcase classname="tests.unit.test_backtesting_data_validator.TestFetchAllSources" name="test_handles_exception_from_source" time="0.012" /><testcase classname="tests.unit.test_billing_webhook.TestStripeWebhook" name="test_webhook_missing_signature_returns_400_or_200" time="0.050" /><testcase classname="tests.unit.test_billing_webhook.TestStripeWebhook" name="test_webhook_acks_when_stripe_unavailable" time="0.038" /><testcase classname="tests.unit.test_billing_webhook.TestStripeWebhook" name="test_webhook_processes_valid_event" time="0.037" /><testcase classname="tests.unit.test_billing_webhook.TestReferralLink" name="test_generate_link_returns_url" time="0.008" /><testcase classname="tests.unit.test_billing_webhook.TestReferralLink" name="test_generate_link_creates_affiliate_if_missing" time="0.007" /><testcase classname="tests.unit.test_billing_webhook.TestFlutterwave" name="test_flutterwave_init_returns_payment_link" time="0.007" /><testcase classname="tests.unit.test_billing_webhook.TestFlutterwave" name="test_flutterwave_verify_success" time="0.007" /><testcase classname="tests.unit.test_billing_webhook.TestFlutterwave" name="test_flutterwave_verify_failure" time="0.007" /><testcase classname="tests.unit.test_billing_webhook.TestFreeTierActivation" name="test_activate_free_tier_new_user" time="0.038" /><testcase classname="tests.unit.test_billing_webhook.TestFreeTierActivation" name="test_activate_free_tier_existing_user_idempotent" time="0.039" /><testcase classname="tests.unit.test_brain.TestBrainState" name="test_to_dict_keys" time="0.007" /><testcase classname="tests.unit.test_brain.TestBrainState" name="test_to_dict_rounds_floats" time="0.006" /><testcase classname="tests.unit.test_brain.TestBrainState" name="test_market_regime_serialised" time="0.005" /><testcase classname="tests.unit.test_brain.TestCircuitBreaker" name="test_opens_after_threshold" time="0.009" /><testcase classname="tests.unit.test_brain.TestCircuitBreaker" name="test_success_decrements_count" time="0.007" /><testcase classname="tests.unit.test_brain.TestCircuitBreaker" name="test_auto_recovery_after_timeout" time="0.011" /><testcase classname="tests.unit.test_brain.TestCircuitBreaker" name="test_no_recovery_before_timeout" time="0.009" /><testcase classname="tests.unit.test_brain.TestCircuitBreaker" name="test_get_status" time="0.008" /><testcase classname="tests.unit.test_brain.TestCircuitBreaker" name="test_closed_circuit_check_recovery_returns_true" time="0.008" /><testcase classname="tests.unit.test_brain.TestHOPEFXBrainInit" name="test_default_state" time="0.006" /><testcase classname="tests.unit.test_brain.TestHOPEFXBrainInit" name="test_custom_config" time="0.008" /><testcase classname="tests.unit.test_brain.TestHOPEFXBrainInit" name="test_inject_components" time="0.009" /><testcase classname="tests.unit.test_brain.TestHOPEFXBrainInit" name="test_inject_missing_critical_components_logs_warning" time="0.009" /><testcase classname="tests.unit.test_brain.TestRegimeDetection" name="test_detect_regime_numpy_trending_up" time="0.007" /><testcase classname="tests.unit.test_brain.TestRegimeDetection" name="test_detect_regime_python_fallback" time="0.008" /><testcase classname="tests.unit.test_brain.TestRegimeDetection" name="test_detect_regime_no_price_engine" time="0.008" /><testcase classname="tests.unit.test_brain.TestRegimeDetection" name="test_detect_regime_insufficient_data" time="0.010" /><testcase classname="tests.unit.test_brain.TestRegimeDetection" name="test_detect_regime_ohlcv_error" time="0.008" /><testcase classname="tests.unit.test_brain.TestRegimeDetection" name="test_analyze_market_regimes_skips_if_recent" time="0.010" /><testcase classname="tests.unit.test_brain.TestRegimeDetection" name="test_analyze_market_regimes_runs_for_symbols" time="0.009" /><testcase classname="tests.unit.test_brain.TestStateUpdate" name="test_update_state_with_broker" time="0.015" /><testcase classname="tests.unit.test_brain.TestStateUpdate" name="test_update_state_broker_timeout" time="0.013" /><testcase classname="tests.unit.test_brain.TestStateUpdate" name="test_update_state_positions_timeout_graceful" time="0.012" /><testcase classname="tests.unit.test_brain.TestRiskAssessment" name="test_assess_risk_no_risk_manager" time="0.011" /><testcase classname="tests.unit.test_brain.TestRiskAssessment" name="test_assess_risk_checks_drawdown" time="0.010" /><testcase classname="tests.unit.test_brain.TestRiskAssessment" name="test_assess_risk_triggers_emergency_on_high_drawdown" time="0.023" /><testcase classname="tests.unit.test_brain.TestEmergencyConditions" name="test_no_emergency_normal_state" time="0.008" /><testcase classname="tests.unit.test_brain.TestEmergencyConditions" name="test_emergency_stop_flag" time="0.007" /><testcase classname="tests.unit.test_brain.TestEmergencyConditions" name="test_execute_emergency_stop_sets_state" time="0.025" /><testcase classname="tests.unit.test_brain.TestControlMethods" name="test_pause_sets_flag" time="0.007" /><testcase classname="tests.unit.test_brain.TestControlMethods" name="test_resume_clears_flag" time="0.010" /><testcase classname="tests.unit.test_brain.TestControlMethods" name="test_emergency_stop_sync" time="0.007" /><testcase classname="tests.unit.test_brain.TestControlMethods" name="test_get_state_returns_brain_state" time="0.009" /><testcase classname="tests.unit.test_brain.TestControlMethods" name="test_get_decision_history_empty" time="0.006" /><testcase classname="tests.unit.test_brain.TestControlMethods" name="test_get_error_history_empty" time="0.007" /><testcase classname="tests.unit.test_brain.TestControlMethods" name="test_get_health" time="0.006" /><testcase classname="tests.unit.test_brain.TestControlMethods" name="test_get_decision_history_limit" time="0.007" /><testcase classname="tests.unit.test_brain.TestStartStop" name="test_start_sets_running_state" time="0.010" /><testcase classname="tests.unit.test_brain.TestStartStop" name="test_stop_sets_shutdown_state" time="0.008" /><testcase classname="tests.unit.test_brain.TestStartStop" name="test_dominate_exits_on_shutdown_event" time="0.008" /><testcase classname="tests.unit.test_brain.TestStartStop" name="test_shutdown_graceful" time="0.009" /><testcase classname="tests.unit.test_brain.TestSafeNotify" name="test_safe_notify_no_manager" time="0.008" /><testcase classname="tests.unit.test_brain.TestSafeNotify" name="test_safe_notify_calls_manager" time="0.012" /><testcase classname="tests.unit.test_brain.TestSafeNotify" name="test_safe_notify_swallows_errors" time="0.012" /><testcase classname="tests.unit.test_brain.TestCycleErrorHandling" name="test_handle_cycle_error_appends_history" time="0.011" /><testcase classname="tests.unit.test_brain.TestCycleErrorHandling" name="test_handle_cycle_error_increments_circuit_breaker" time="0.009" /><testcase classname="tests.unit.test_brain.TestCycleErrorHandling" name="test_handle_circuit_open_sleeps_when_not_recovered" time="0.011" /><testcase classname="tests.unit.test_brain.TestPublishSignal" name="test_publish_to_signal_service_no_service" time="0.007" /><testcase classname="tests.unit.test_brain.TestPublishSignal" name="test_publish_to_signal_service_with_service" time="0.007" /><testcase classname="tests.unit.test_brain_api_endpoints.TestBrainStatus" name="test_status_returns_200" time="0.044" /><testcase classname="tests.unit.test_brain_api_endpoints.TestBrainStatus" name="test_status_has_expected_fields" time="0.039" /><testcase classname="tests.unit.test_brain_api_endpoints.TestBrainStatus" name="test_status_features_are_booleans" time="0.038" /><testcase classname="tests.unit.test_brain_api_endpoints.TestBrainStatus" name="test_status_without_llm_keys_llm_unavailable" time="0.039" /><testcase classname="tests.unit.test_brain_api_endpoints.TestAnalyze" name="test_analyze_without_data_returns_insufficient" time="0.043" /><testcase classname="tests.unit.test_brain_api_endpoints.TestAnalyze" name="test_analyze_returns_required_fields_or_status" time="0.039" /><testcase classname="tests.unit.test_brain_api_endpoints.TestAnalyze" name="test_analyze_with_explicit_candle_count" time="0.038" /><testcase classname="tests.unit.test_brain_api_endpoints.TestMarketAnalysis" name="test_market_analysis_returns_200" time="0.044" /><testcase classname="tests.unit.test_brain_api_endpoints.TestMarketAnalysis" name="test_market_analysis_symbol_default_is_xauusd" time="0.040" /><testcase classname="tests.unit.test_brain_api_endpoints.TestMarketAnalysis" name="test_market_analysis_custom_symbol" time="0.039" /><testcase classname="tests.unit.test_brain_api_endpoints.TestInsights" name="test_insights_returns_200" time="0.049" /><testcase classname="tests.unit.test_brain_api_endpoints.TestInsights" name="test_insights_has_insights_field" time="0.039" /><testcase classname="tests.unit.test_brain_api_endpoints.TestInsights" name="test_insights_is_list" time="0.052" /><testcase classname="tests.unit.test_brain_api_endpoints.TestInsights" name="test_insights_cached_on_second_call" time="0.047" /><testcase classname="tests.unit.test_brain_api_endpoints.TestGenerateStrategy" name="test_generate_without_llm_returns_503" time="0.039" /><testcase classname="tests.unit.test_brain_api_endpoints.TestGenerateStrategy" name="test_generate_prompt_too_short_returns_422" time="0.042" /><testcase classname="tests.unit.test_brain_api_endpoints.TestGenerateStrategy" name="test_generate_response_has_strategy_fields_when_available" time="0.043"><skipped type="pytest.skip" message="LLM backend not configured in test environment">/home/user/HOPEFX-AI-TRADING/tests/unit/test_brain_api_endpoints.py:180: LLM backend not configured in test environment</skipped></testcase><testcase classname="tests.unit.test_broker_connectors.TestAlpacaConnector" name="test_initialization_paper" time="0.008" /><testcase classname="tests.unit.test_broker_connectors.TestAlpacaConnector" name="test_initialization_live" time="0.007" /><testcase classname="tests.unit.test_broker_connectors.TestAlpacaConnector" name="test_initialization_missing_credentials_raises" time="0.008" /><testcase classname="tests.unit.test_broker_connectors.TestAlpacaConnector" name="test_connect_success" time="0.010" /><testcase classname="tests.unit.test_broker_connectors.TestAlpacaConnector" name="test_connect_failure" time="0.010" /><testcase classname="tests.unit.test_broker_connectors.TestAlpacaConnector" name="test_disconnect" time="0.014" /><testcase classname="tests.unit.test_broker_connectors.TestAlpacaConnector" name="test_place_market_buy_order" time="0.012" /><testcase classname="tests.unit.test_broker_connectors.TestAlpacaConnector" name="test_place_limit_sell_order" time="0.012" /><testcase classname="tests.unit.test_broker_connectors.TestAlpacaConnector" name="test_place_order_not_connected_returns_none" time="0.008" /><testcase classname="tests.unit.test_broker_connectors.TestAlpacaConnector" name="test_cancel_order_success" time="0.014" /><testcase classname="tests.unit.test_broker_connectors.TestAlpacaConnector" name="test_cancel_order_not_connected" time="0.010" /><testcase classname="tests.unit.test_broker_connectors.TestAlpacaConnector" name="test_get_positions" time="0.010" /><testcase classname="tests.unit.test_broker_connectors.TestAlpacaConnector" name="test_get_positions_not_connected" time="0.009" /><testcase classname="tests.unit.test_broker_connectors.TestAlpacaConnector" name="test_get_account_info" time="0.010" /><testcase classname="tests.unit.test_broker_connectors.TestAlpacaConnector" name="test_get_account_info_not_connected" time="0.007" /><testcase classname="tests.unit.test_broker_connectors.TestAlpacaConnector" name="test_close_position_full" time="0.011" /><testcase classname="tests.unit.test_broker_connectors.TestAlpacaConnector" name="test_get_market_data" time="0.008" /><testcase classname="tests.unit.test_broker_connectors.TestAlpacaConnector" name="test_get_quote" time="0.010" /><testcase classname="tests.unit.test_broker_connectors.TestAlpacaConnector" name="test_convert_order_type" time="0.007" /><testcase classname="tests.unit.test_broker_connectors.TestAlpacaConnector" name="test_parse_order_status" time="0.006" /><testcase classname="tests.unit.test_broker_connectors.TestBinanceConnector" name="test_initialization_testnet" time="0.007" /><testcase classname="tests.unit.test_broker_connectors.TestBinanceConnector" name="test_initialization_live" time="0.006" /><testcase classname="tests.unit.test_broker_connectors.TestBinanceConnector" name="test_initialization_missing_credentials_raises" time="0.007" /><testcase classname="tests.unit.test_broker_connectors.TestBinanceConnector" name="test_connect_success" time="0.008" /><testcase classname="tests.unit.test_broker_connectors.TestBinanceConnector" name="test_connect_failure" time="0.012" /><testcase classname="tests.unit.test_broker_connectors.TestBinanceConnector" name="test_disconnect" time="0.013" /><testcase classname="tests.unit.test_broker_connectors.TestBinanceConnector" name="test_place_market_buy" time="0.010"><failure message="assert None is not None">self = &lt;tests.unit.test_broker_connectors.TestBinanceConnector object at 0x7f88236d0c90&gt;
mock_session_cls = &lt;MagicMock name='Session' id='140221235319760'&gt;

    @patch("brokers.binance.requests.Session")
    def test_place_market_buy(self, mock_session_cls):
        mock_sess = MagicMock()
        mock_session_cls.return_value = mock_sess
        mock_sess.post.return_value = _mock_response(
            {
                "orderId": 12345,
                "symbol": "BTCUSDT",
                "side": "BUY",
                "type": "MARKET",
                "origQty": "0.001",
                "executedQty": "0.001",
                "status": "FILLED",
                "price": "50000",
                "transactTime": 1704067200000,
            }
        )

        broker = BinanceConnector(BINANCE_CONFIG)
        broker.connected = True
        broker.session = mock_sess
        order = broker.place_order("BTCUSDT", OrderSide.BUY, 0.001)

&gt;       assert order is not None
E       assert None is not None

tests/unit/test_broker_connectors.py:497: AssertionError</failure></testcase><testcase classname="tests.unit.test_broker_connectors.TestBinanceConnector" name="test_place_limit_sell" time="0.007" /><testcase classname="tests.unit.test_broker_connectors.TestBinanceConnector" name="test_place_order_not_connected" time="0.010" /><testcase classname="tests.unit.test_broker_connectors.TestBinanceConnector" name="test_cancel_order_success" time="0.009" /><testcase classname="tests.unit.test_broker_connectors.TestBinanceConnector" name="test_cancel_order_no_symbol" time="0.008" /><testcase classname="tests.unit.test_broker_connectors.TestBinanceConnector" name="test_get_positions" time="0.009" /><testcase classname="tests.unit.test_broker_connectors.TestBinanceConnector" name="test_get_account_info" time="0.009" /><testcase classname="tests.unit.test_broker_connectors.TestBinanceConnector" name="test_get_market_data" time="0.008" /><testcase classname="tests.unit.test_broker_connectors.TestBinanceConnector" name="test_generate_signature" time="0.006" /><testcase classname="tests.unit.test_broker_connectors.TestBinanceConnector" name="test_parse_order_status" time="0.007" /><testcase classname="tests.unit.test_broker_connectors.TestOANDAConnector" name="test_initialization_practice" time="0.006" /><testcase classname="tests.unit.test_broker_connectors.TestOANDAConnector" name="test_initialization_live" time="0.006" /><testcase classname="tests.unit.test_broker_connectors.TestOANDAConnector" name="test_initialization_missing_credentials_raises" time="0.006" /><testcase classname="tests.unit.test_broker_connectors.TestOANDAConnector" name="test_connect_success" time="0.013" /><testcase classname="tests.unit.test_broker_connectors.TestOANDAConnector" name="test_connect_failure" time="0.007" /><testcase classname="tests.unit.test_broker_connectors.TestOANDAConnector" name="test_disconnect" time="0.008" /><testcase classname="tests.unit.test_broker_connectors.TestOANDAConnector" name="test_place_market_order_fill_response" time="0.013" /><testcase classname="tests.unit.test_broker_connectors.TestOANDAConnector" name="test_place_limit_order_create_response" time="0.013" /><testcase classname="tests.unit.test_broker_connectors.TestOANDAConnector" name="test_place_order_not_connected" time="0.009" /><testcase classname="tests.unit.test_broker_connectors.TestOANDAConnector" name="test_cancel_order" time="0.008" /><testcase classname="tests.unit.test_broker_connectors.TestOANDAConnector" name="test_get_positions" time="0.008" /><testcase classname="tests.unit.test_broker_connectors.TestOANDAConnector" name="test_get_account_info" time="0.013" /><testcase classname="tests.unit.test_broker_connectors.TestOANDAConnector" name="test_close_position" time="0.007" /><testcase classname="tests.unit.test_broker_connectors.TestOANDAConnector" name="test_get_market_data" time="0.007" /><testcase classname="tests.unit.test_broker_connectors.TestOANDAConnector" name="test_parse_order_status" time="0.004" /><testcase classname="tests.unit.test_broker_connectors.TestMT5Connector" name="test_initialization" time="0.006" /><testcase classname="tests.unit.test_broker_connectors.TestMT5Connector" name="test_initialization_missing_fields_raises" time="0.006" /><testcase classname="tests.unit.test_broker_connectors.TestMT5Connector" name="test_connect_success" time="0.006" /><testcase classname="tests.unit.test_broker_connectors.TestMT5Connector" name="test_connect_initialize_failure" time="0.007" /><testcase classname="tests.unit.test_broker_connectors.TestMT5Connector" name="test_connect_login_failure" time="0.007" /><testcase classname="tests.unit.test_broker_connectors.TestMT5Connector" name="test_disconnect" time="0.007" /><testcase classname="tests.unit.test_broker_connectors.TestMT5Connector" name="test_place_market_order" time="0.008" /><testcase classname="tests.unit.test_broker_connectors.TestMT5Connector" name="test_place_order_not_connected" time="0.006" /><testcase classname="tests.unit.test_broker_connectors.TestMT5Connector" name="test_place_order_symbol_not_found" time="0.009" /><testcase classname="tests.unit.test_broker_connectors.TestMT5Connector" name="test_place_order_failed_retcode" time="0.010" /><testcase classname="tests.unit.test_broker_connectors.TestMT5Connector" name="test_cancel_order" time="0.007" /><testcase classname="tests.unit.test_broker_connectors.TestMT5Connector" name="test_cancel_order_not_connected" time="0.007" /><testcase classname="tests.unit.test_broker_connectors.TestMT5Connector" name="test_get_positions" time="0.007" /><testcase classname="tests.unit.test_broker_connectors.TestMT5Connector" name="test_get_positions_not_connected" time="0.007" /><testcase classname="tests.unit.test_broker_connectors.TestMT5Connector" name="test_get_account_info" time="0.009" /><testcase classname="tests.unit.test_broker_connectors.TestMT5Connector" name="test_get_account_info_not_connected" time="0.007" /><testcase classname="tests.unit.test_broker_connectors.TestMT5Connector" name="test_close_position" time="0.009" /><testcase classname="tests.unit.test_broker_connectors.TestMT5Connector" name="test_get_market_data" time="0.007" /><testcase classname="tests.unit.test_broker_connectors.TestMT5Connector" name="test_get_symbols" time="0.008" /><testcase classname="tests.unit.test_broker_connectors.TestInteractiveBrokersConnector" name="test_initialization" time="0.006" /><testcase classname="tests.unit.test_broker_connectors.TestInteractiveBrokersConnector" name="test_connect_success" time="0.009" /><testcase classname="tests.unit.test_broker_connectors.TestInteractiveBrokersConnector" name="test_connect_failure" time="0.010" /><testcase classname="tests.unit.test_broker_connectors.TestInteractiveBrokersConnector" name="test_disconnect" time="0.009" /><testcase classname="tests.unit.test_broker_connectors.TestInteractiveBrokersConnector" name="test_place_market_order" time="0.012" /><testcase classname="tests.unit.test_broker_connectors.TestInteractiveBrokersConnector" name="test_place_limit_order" time="0.011" /><testcase classname="tests.unit.test_broker_connectors.TestInteractiveBrokersConnector" name="test_place_order_not_connected" time="0.008" /><testcase classname="tests.unit.test_broker_connectors.TestInteractiveBrokersConnector" name="test_cancel_order_found" time="0.009" /><testcase classname="tests.unit.test_broker_connectors.TestInteractiveBrokersConnector" name="test_cancel_order_not_found" time="0.008" /><testcase classname="tests.unit.test_broker_connectors.TestInteractiveBrokersConnector" name="test_get_positions" time="0.009" /><testcase classname="tests.unit.test_broker_connectors.TestInteractiveBrokersConnector" name="test_get_positions_not_connected" time="0.008" /><testcase classname="tests.unit.test_broker_connectors.TestInteractiveBrokersConnector" name="test_get_account_info" time="0.008" /><testcase classname="tests.unit.test_broker_connectors.TestInteractiveBrokersConnector" name="test_get_account_info_not_connected" time="0.008" /><testcase classname="tests.unit.test_broker_connectors.TestInteractiveBrokersConnector" name="test_close_position" time="0.014" /><testcase classname="tests.unit.test_broker_connectors.TestInteractiveBrokersConnector" name="test_get_market_data" time="0.009" /><testcase classname="tests.unit.test_broker_connectors.TestAdvancedOrderManager" name="test_initialization" time="0.007" /><testcase classname="tests.unit.test_broker_connectors.TestAdvancedOrderManager" name="test_create_basic_order" time="0.007" /><testcase classname="tests.unit.test_broker_connectors.TestAdvancedOrderManager" name="test_create_trailing_stop" time="0.009" /><testcase classname="tests.unit.test_broker_connectors.TestAdvancedOrderManager" name="test_create_trailing_stop_percent" time="0.006" /><testcase classname="tests.unit.test_broker_connectors.TestAdvancedOrderManager" name="test_create_oco_order" time="0.006" /><testcase classname="tests.unit.test_broker_connectors.TestAdvancedOrderManager" name="test_oco_order_fill_cancels_other" time="0.008" /><testcase classname="tests.unit.test_broker_connectors.TestAdvancedOrderManager" name="test_create_bracket_order" time="0.007" /><testcase classname="tests.unit.test_broker_connectors.TestAdvancedOrderManager" name="test_bracket_entry_fill_activates_sl_tp" time="0.007" /><testcase classname="tests.unit.test_broker_connectors.TestAdvancedOrderManager" name="test_bracket_tp_fill_cancels_sl" time="0.009" /><testcase classname="tests.unit.test_broker_connectors.TestAdvancedOrderManager" name="test_bracket_sl_fill_cancels_tp" time="0.008" /><testcase classname="tests.unit.test_broker_connectors.TestAdvancedOrderManager" name="test_update_trailing_stop_sell" time="0.008" /><testcase classname="tests.unit.test_broker_connectors.TestAdvancedOrderManager" name="test_update_trailing_stop_buy" time="0.007" /><testcase classname="tests.unit.test_broker_connectors.TestAdvancedOrderManager" name="test_cancel_order" time="0.008" /><testcase classname="tests.unit.test_broker_connectors.TestAdvancedOrderManager" name="test_cancel_filled_order_fails" time="0.006" /><testcase classname="tests.unit.test_broker_connectors.TestAdvancedOrderManager" name="test_create_conditional_order" time="0.008" /><testcase classname="tests.unit.test_broker_connectors.TestAdvancedOrderManager" name="test_evaluate_conditional_order_price_above_true" time="0.007" /><testcase classname="tests.unit.test_broker_connectors.TestAdvancedOrderManager" name="test_evaluate_conditional_order_price_below_false" time="0.006" /><testcase classname="tests.unit.test_broker_connectors.TestAdvancedOrderManager" name="test_create_scaled_order" time="0.008" /><testcase classname="tests.unit.test_broker_connectors.TestAdvancedOrderManager" name="test_get_open_orders" time="0.007" /><testcase classname="tests.unit.test_broker_connectors.TestAdvancedOrderManager" name="test_get_open_orders_filtered_by_symbol" time="0.007" /><testcase classname="tests.unit.test_broker_connectors.TestAdvancedOrderManager" name="test_get_statistics" time="0.007" /><testcase classname="tests.unit.test_broker_connectors.TestAdvancedOrderManager" name="test_get_order" time="0.006" /><testcase classname="tests.unit.test_broker_connectors.TestAdvancedOrderManager" name="test_order_to_dict" time="0.007" /><testcase classname="tests.unit.test_broker_connectors.TestAdvancedOrderManager" name="test_oco_to_dict" time="0.006" /><testcase classname="tests.unit.test_broker_connectors.TestAdvancedOrderManager" name="test_bracket_to_dict" time="0.008" /><testcase classname="tests.unit.test_broker_connectors.TestBrokerFactory" name="test_list_brokers" time="0.006" /><testcase classname="tests.unit.test_broker_connectors.TestBrokerFactory" name="test_create_paper_broker" time="0.012" /><testcase classname="tests.unit.test_broker_connectors.TestBrokerFactory" name="test_create_alpaca_broker" time="0.009" /><testcase classname="tests.unit.test_broker_connectors.TestBrokerFactory" name="test_create_binance_broker" time="0.007" /><testcase classname="tests.unit.test_broker_connectors.TestBrokerFactory" name="test_create_oanda_broker" time="0.007" /><testcase classname="tests.unit.test_broker_connectors.TestBrokerFactory" name="test_create_mt5_broker" time="0.007" /><testcase classname="tests.unit.test_broker_connectors.TestBrokerFactory" name="test_create_ib_broker" time="0.007"><skipped type="pytest.skip" message="ib_insync not installed — skipping IB broker test">/home/user/HOPEFX-AI-TRADING/tests/unit/test_broker_connectors.py:1518: ib_insync not installed — skipping IB broker test</skipped></testcase><testcase classname="tests.unit.test_broker_connectors.TestBrokerFactory" name="test_create_interactive_brokers_alias" time="0.007"><skipped type="pytest.skip" message="ib_insync not installed — skipping IB broker test">/home/user/HOPEFX-AI-TRADING/tests/unit/test_broker_connectors.py:1525: ib_insync not installed — skipping IB broker test</skipped></testcase><testcase classname="tests.unit.test_broker_connectors.TestBrokerFactory" name="test_create_ftmo_broker" time="0.004" /><testcase classname="tests.unit.test_broker_connectors.TestBrokerFactory" name="test_create_topstep_broker" time="0.011" /><testcase classname="tests.unit.test_broker_connectors.TestBrokerFactory" name="test_create_topsteptrader_alias" time="0.007" /><testcase classname="tests.unit.test_broker_connectors.TestBrokerFactory" name="test_create_the5ers_broker" time="0.006" /><testcase classname="tests.unit.test_broker_connectors.TestBrokerFactory" name="test_create_myforexfunds_broker" time="0.008" /><testcase classname="tests.unit.test_broker_connectors.TestBrokerFactory" name="test_create_mff_alias" time="0.005" /><testcase classname="tests.unit.test_broker_connectors.TestBrokerFactory" name="test_create_unknown_broker_returns_none" time="0.009" /><testcase classname="tests.unit.test_broker_connectors.TestBrokerFactory" name="test_create_broker_case_insensitive" time="0.005" /><testcase classname="tests.unit.test_broker_connectors.TestBrokerFactory" name="test_register_custom_broker" time="0.009" /><testcase classname="tests.unit.test_broker_connectors.TestBrokerFactory" name="test_register_non_broker_class_raises" time="0.004" /><testcase classname="tests.unit.test_broker_connectors.TestFTMOConnector" name="test_initialization_auto_server" time="0.007" /><testcase classname="tests.unit.test_broker_connectors.TestFTMOConnector" name="test_initialization_live_auto_server" time="0.006" /><testcase classname="tests.unit.test_broker_connectors.TestFTMOConnector" name="test_initialization_explicit_server" time="0.007" /><testcase classname="tests.unit.test_broker_connectors.TestFTMOConnector" name="test_get_ftmo_rules" time="0.007" /><testcase classname="tests.unit.test_broker_connectors.TestFTMOConnector" name="test_check_ftmo_compliance_not_connected" time="0.007" /><testcase classname="tests.unit.test_broker_connectors.TestFTMOConnector" name="test_check_ftmo_compliance_connected" time="0.007" /><testcase classname="tests.unit.test_broker_connectors.TestFTMOConnector" name="test_inherits_mt5_connect" time="0.013" /><testcase classname="tests.unit.test_broker_connectors.TestMyForexFundsConnector" name="test_initialization_auto_server" time="0.007" /><testcase classname="tests.unit.test_broker_connectors.TestMyForexFundsConnector" name="test_initialization_explicit_server" time="0.007" /><testcase classname="tests.unit.test_broker_connectors.TestMyForexFundsConnector" name="test_get_myforexfunds_rules" time="0.007" /><testcase classname="tests.unit.test_broker_connectors.TestMyForexFundsConnector" name="test_inherits_mt5_methods" time="0.007" /><testcase classname="tests.unit.test_broker_connectors.TestThe5ersConnector" name="test_initialization_auto_server" time="0.007" /><testcase classname="tests.unit.test_broker_connectors.TestThe5ersConnector" name="test_initialization_with_program" time="0.007" /><testcase classname="tests.unit.test_broker_connectors.TestThe5ersConnector" name="test_get_the5ers_rules" time="0.007" /><testcase classname="tests.unit.test_broker_connectors.TestThe5ersConnector" name="test_inherits_mt5_methods" time="0.008" /><testcase classname="tests.unit.test_broker_connectors.TestTopstepTraderConnector" name="test_initialization_auto_server" time="0.007" /><testcase classname="tests.unit.test_broker_connectors.TestTopstepTraderConnector" name="test_initialization_funded_type" time="0.007" /><testcase classname="tests.unit.test_broker_connectors.TestTopstepTraderConnector" name="test_get_topstep_rules" time="0.006" /><testcase classname="tests.unit.test_broker_connectors.TestTopstepTraderConnector" name="test_inherits_mt5_connect" time="0.010" /><testcase classname="tests.unit.test_broker_factory_yaml.TestLoadYamlConfig" name="test_returns_none_when_file_missing" time="0.007" /><testcase classname="tests.unit.test_broker_factory_yaml.TestLoadYamlConfig" name="test_returns_dict_when_file_exists" time="0.007" /><testcase classname="tests.unit.test_broker_factory_yaml.TestLoadYamlConfig" name="test_handles_empty_yaml" time="0.008" /><testcase classname="tests.unit.test_broker_factory_yaml.TestGetBrokerFromYamlErrors" name="test_returns_none_when_config_file_missing" time="0.007" /><testcase classname="tests.unit.test_broker_factory_yaml.TestGetBrokerFromYamlErrors" name="test_returns_none_when_broker_name_not_in_yaml" time="0.009" /><testcase classname="tests.unit.test_broker_factory_yaml.TestGetBrokerFromYamlErrors" name="test_returns_none_for_unsupported_broker_type" time="0.009" /><testcase classname="tests.unit.test_broker_factory_yaml.TestGetBrokerFromYamlErrors" name="test_uses_env_broker_when_name_is_none" time="0.013" /><testcase classname="tests.unit.test_broker_factory_yaml.TestGetBrokerFromYamlErrors" name="test_uses_yaml_default_when_name_and_env_absent" time="0.016" /><testcase classname="tests.unit.test_broker_factory_yaml.TestGetBrokerFromYamlTypeDispatch" name="test_mt5_type_creates_mt5_broker" time="0.011" /><testcase classname="tests.unit.test_broker_factory_yaml.TestGetBrokerFromYamlTypeDispatch" name="test_oanda_type_creates_oanda_broker" time="0.011" /><testcase classname="tests.unit.test_broker_factory_yaml.TestGetBrokerFromYamlTypeDispatch" name="test_ibkr_type_creates_ibkr_broker" time="0.013" /><testcase classname="tests.unit.test_broker_factory_yaml.TestGetBrokerFromYamlTypeDispatch" name="test_import_error_returns_none" time="0.010" /><testcase classname="tests.unit.test_broker_factory_yaml.TestCreateBroker" name="test_create_broker_returns_none_for_unknown_name" time="0.006" /><testcase classname="tests.unit.test_broker_factory_yaml.TestCreateBroker" name="test_create_broker_uses_default_when_name_is_none" time="0.010" /><testcase classname="tests.unit.test_broker_factory_yaml.TestCreateBroker" name="test_create_broker_passes_config_to_class" time="0.008" /><testcase classname="tests.unit.test_broker_factory_yaml.TestCreateBroker" name="test_create_broker_passes_empty_config_when_none" time="0.008" /><testcase classname="tests.unit.test_broker_factory_yaml.TestCreateBroker" name="test_create_broker_case_insensitive" time="0.008" /><testcase classname="tests.unit.test_broker_factory_yaml.TestRegisterBroker" name="test_register_broker_stores_class" time="0.007" /><testcase classname="tests.unit.test_broker_factory_yaml.TestRegisterBroker" name="test_register_broker_raises_for_non_subclass" time="0.007" /><testcase classname="tests.unit.test_broker_factory_yaml.TestRegisterBroker" name="test_register_broker_handles_import_error_gracefully" time="0.008" /><testcase classname="tests.unit.test_broker_factory_yaml.TestListAndInfo" name="test_list_brokers_returns_list" time="0.007" /><testcase classname="tests.unit.test_broker_factory_yaml.TestListAndInfo" name="test_get_broker_info_returns_empty_for_unknown" time="0.006" /><testcase classname="tests.unit.test_broker_factory_yaml.TestListAndInfo" name="test_get_broker_info_returns_name_and_class" time="0.007" /><testcase classname="tests.unit.test_broker_factory_yaml.TestEnsureRegistered" name="test_ensure_registered_is_idempotent" time="0.006" /><testcase classname="tests.unit.test_broker_factory_yaml.TestEnsureRegistered" name="test_ensure_registered_handles_all_import_errors" time="0.006" /><testcase classname="tests.unit.test_broker_failover.TestInit" name="test_failover_chain_initialised" time="0.007" /><testcase classname="tests.unit.test_broker_failover.TestBuildFailoverChain" name="test_primary_first_paper_last" time="0.008" /><testcase classname="tests.unit.test_broker_failover.TestBuildFailoverChain" name="test_oanda_between_primary_and_paper" time="0.011" /><testcase classname="tests.unit.test_broker_failover.TestBuildFailoverChain" name="test_no_oanda_falls_back_to_paper" time="0.009" /><testcase classname="tests.unit.test_broker_failover.TestBuildFailoverChain" name="test_chain_without_primary_still_ends_in_paper" time="0.008" /><testcase classname="tests.unit.test_broker_failover.TestOANDARegistration" name="test_oanda_not_registered_without_api_key" time="0.015" /><testcase classname="tests.unit.test_broker_failover.TestOANDARegistration" name="test_oanda_registered_when_api_key_present" time="0.013" /><testcase classname="tests.unit.test_broker_failover.TestAutoFailover" name="test_first_failover_goes_to_oanda_not_paper" time="0.019" /><testcase classname="tests.unit.test_broker_failover.TestAutoFailover" name="test_second_failover_goes_to_paper" time="0.021" /><testcase classname="tests.unit.test_broker_failover.TestAutoFailover" name="test_no_double_failover_within_threshold" time="0.013" /><testcase classname="tests.unit.test_broker_failover.TestAutoFailover" name="test_failure_counter_reset_on_success" time="0.009" /><testcase classname="tests.unit.test_broker_failover.TestAutoFailover" name="test_failover_chain_empty_no_crash" time="0.020" /><testcase classname="tests.unit.test_broker_failover.TestAutoFailover" name="test_two_broker_manager_falls_back_to_paper" time="0.020" /><testcase classname="tests.unit.test_broker_metrics_integration.TestBrokerRiskIntegration" name="test_broker_connect_and_account" time="0.015" /><testcase classname="tests.unit.test_broker_metrics_integration.TestBrokerRiskIntegration" name="test_place_and_track_position" time="0.015" /><testcase classname="tests.unit.test_broker_metrics_integration.TestBrokerRiskIntegration" name="test_risk_manager_position_size" time="0.007" /><testcase classname="tests.unit.test_broker_metrics_integration.TestBrokerRiskIntegration" name="test_risk_manager_validate_trade" time="0.005" /><testcase classname="tests.unit.test_broker_metrics_integration.TestBrokerRiskIntegration" name="test_risk_manager_drawdown_check" time="0.007" /><testcase classname="tests.unit.test_broker_metrics_integration.TestBrokerRiskIntegration" name="test_risk_manager_kill_switch_inactive_by_default" time="0.007" /><testcase classname="tests.unit.test_broker_metrics_integration.TestBrokerRiskIntegration" name="test_broker_close_position" time="0.015" /><testcase classname="tests.unit.test_broker_metrics_integration.TestMetricsRegistryIntegration" name="test_counter_increments" time="0.007" /><testcase classname="tests.unit.test_broker_metrics_integration.TestMetricsRegistryIntegration" name="test_gauge_set_and_get" time="0.007" /><testcase classname="tests.unit.test_broker_metrics_integration.TestMetricsRegistryIntegration" name="test_histogram_observe" time="0.008" /><testcase classname="tests.unit.test_broker_metrics_integration.TestMetricsRegistryIntegration" name="test_prometheus_export_contains_metric_names" time="0.008" /><testcase classname="tests.unit.test_broker_metrics_integration.TestMetricsRegistryIntegration" name="test_record_trade_updates_equity" time="0.007" /><testcase classname="tests.unit.test_broker_metrics_integration.TestMetricsRegistryIntegration" name="test_grafana_metrics_all_registered" time="0.005" /><testcase classname="tests.unit.test_broker_metrics_integration.TestKillSwitchIntegration" name="test_inactive_by_default" time="0.006" /><testcase classname="tests.unit.test_broker_metrics_integration.TestKillSwitchIntegration" name="test_activate_and_check" time="0.010" /><testcase classname="tests.unit.test_broker_metrics_integration.TestKillSwitchIntegration" name="test_deactivate_restores_state" time="0.010" /><testcase classname="tests.unit.test_broker_metrics_integration.TestKillSwitchIntegration" name="test_status_dict_structure" time="0.004" /><testcase classname="tests.unit.test_broker_metrics_integration.TestKillSwitchIntegration" name="test_activate_records_reason" time="0.009" /><testcase classname="tests.unit.test_broker_metrics_integration.TestDataSchedulerIntegration" name="test_import_and_instantiate" time="0.005" /><testcase classname="tests.unit.test_broker_metrics_integration.TestDataSchedulerIntegration" name="test_has_start_method" time="0.006" /><testcase classname="tests.unit.test_broker_metrics_integration.TestPrometheusMonitoringIntegration" name="test_import" time="0.006" /><testcase classname="tests.unit.test_broker_metrics_integration.TestPrometheusMonitoringIntegration" name="test_setup_on_fastapi_app" time="0.007" /><testcase classname="tests.unit.test_broker_metrics_integration.TestPrometheusMonitoringIntegration" name="test_idempotent_setup" time="0.007" /><testcase classname="tests.unit.test_broker_sdk_guards.TestMT5BrokerGuard" name="test_mt5_broker_imports_without_sdk" time="0.006" /><testcase classname="tests.unit.test_broker_sdk_guards.TestMT5BrokerGuard" name="test_mt5_available_flag_is_bool" time="0.006" /><testcase classname="tests.unit.test_broker_sdk_guards.TestMT5BrokerGuard" name="test_mt5_broker_class_importable" time="0.006" /><testcase classname="tests.unit.test_broker_sdk_guards.TestMT5BrokerGuard" name="test_mt5_broker_connect_raises_runtime_not_import" time="0.009" /><testcase classname="tests.unit.test_broker_sdk_guards.TestMT5BrokerGuard" name="test_mt5_broker_status_includes_sdk_flag" time="0.008" /><testcase classname="tests.unit.test_broker_sdk_guards.TestIBKRBrokerGuard" name="test_ibkr_broker_imports_without_sdk" time="0.007" /><testcase classname="tests.unit.test_broker_sdk_guards.TestIBKRBrokerGuard" name="test_ib_available_flag_is_bool" time="0.006" /><testcase classname="tests.unit.test_broker_sdk_guards.TestIBKRBrokerGuard" name="test_ibkr_broker_class_importable" time="0.007" /><testcase classname="tests.unit.test_broker_sdk_guards.TestIBKRBrokerGuard" name="test_ibkr_broker_connect_raises_runtime_not_import" time="0.009" /><testcase classname="tests.unit.test_broker_sdk_guards.TestIBKRBrokerGuard" name="test_ibkr_broker_not_available_when_sdk_absent" time="0.006" /><testcase classname="tests.unit.test_broker_sdk_guards.TestFIXAdapterGuard" name="test_fix_adapter_imports_without_quickfix" time="0.007" /><testcase classname="tests.unit.test_broker_sdk_guards.TestFIXAdapterGuard" name="test_fix_backend_is_string" time="0.005" /><testcase classname="tests.unit.test_broker_sdk_guards.TestFIXAdapterGuard" name="test_fix_adapter_class_importable" time="0.006" /><testcase classname="tests.unit.test_broker_sdk_guards.TestFIXAdapterGuard" name="test_fix_adapter_falls_back_to_simplefix_or_none" time="0.008" /><testcase classname="tests.unit.test_broker_sdk_guards.TestFIXAdapterGuard" name="test_fix_adapter_connect_raises_runtime_not_import" time="0.006" /><testcase classname="tests.unit.test_broker_sdk_guards.TestRequirementsCiCompleteness" name="test_requirements_ci_exists" time="0.006" /><testcase classname="tests.unit.test_broker_sdk_guards.TestRequirementsCiCompleteness" name="test_matplotlib_in_ci_requirements" time="0.006" /><testcase classname="tests.unit.test_broker_sdk_guards.TestRequirementsCiCompleteness" name="test_email_validator_in_ci_requirements" time="0.006" /><testcase classname="tests.unit.test_broker_sdk_guards.TestRequirementsCiCompleteness" name="test_hypothesis_in_ci_requirements" time="0.007" /><testcase classname="tests.unit.test_broker_sdk_guards.TestRequirementsCiCompleteness" name="test_quickfix_excluded_with_comment" time="0.006" /><testcase classname="tests.unit.test_broker_sdk_guards.TestRequirementsCiCompleteness" name="test_ib_insync_excluded_with_comment" time="0.006" /><testcase classname="tests.unit.test_broker_sdk_guards.TestRequirementsCiCompleteness" name="test_metatrader5_excluded_with_comment" time="0.006" /><testcase classname="tests.unit.test_broker_sdk_guards.TestPreviouslyFailingModulesImport" name="test_module_imports_without_error[tests.unit.test_analytics]" time="0.006" /><testcase classname="tests.unit.test_broker_sdk_guards.TestPreviouslyFailingModulesImport" name="test_module_imports_without_error[tests.unit.test_api]" time="0.005" /><testcase classname="tests.unit.test_broker_sdk_guards.TestPreviouslyFailingModulesImport" name="test_module_imports_without_error[tests.unit.test_monte_carlo]" time="0.006" /><testcase classname="tests.unit.test_broker_sdk_guards.TestPreviouslyFailingModulesImport" name="test_module_imports_without_error[tests.unit.test_property_based]" time="0.006" /><testcase classname="tests.unit.test_broker_sdk_guards.TestPreviouslyFailingModulesImport" name="test_module_imports_without_error[tests.unit.test_risk_properties]" time="0.007" /><testcase classname="tests.unit.test_broker_sdk_guards.TestPreviouslyFailingModulesImport" name="test_module_imports_without_error[tests.unit.test_social_feed]" time="0.007" /><testcase classname="tests.unit.test_broker_sdk_guards.TestPreviouslyFailingModulesImport" name="test_module_imports_without_error[tests.unit.test_trading_auth]" time="0.006" /><testcase classname="tests.unit.test_broker_sdk_guards.TestBrokerFactoryMissingSDKs" name="test_factory_imports_cleanly" time="0.006" /><testcase classname="tests.unit.test_broker_sdk_guards.TestBrokerFactoryMissingSDKs" name="test_factory_list_available_brokers" time="0.006" /><testcase classname="tests.unit.test_broker_sdk_guards.TestBrokerFactoryMissingSDKs" name="test_factory_create_paper_broker_always_works" time="0.012" /><testcase classname="tests.unit.test_broker_sdk_guards.TestBrokerFactoryMissingSDKs" name="test_factory_create_mt5_raises_runtime_not_import" time="0.005" /><testcase classname="tests.unit.test_brokers.TestPaperTradingBroker" name="test_broker_initialization" time="0.015" /><testcase classname="tests.unit.test_brokers.TestPaperTradingBroker" name="test_place_market_order_buy" time="0.018" /><testcase classname="tests.unit.test_brokers.TestPaperTradingBroker" name="test_place_market_order_sell" time="0.017" /><testcase classname="tests.unit.test_brokers.TestPaperTradingBroker" name="test_place_limit_order" time="0.017" /><testcase classname="tests.unit.test_brokers.TestPaperTradingBroker" name="test_cancel_order" time="0.017" /><testcase classname="tests.unit.test_brokers.TestPaperTradingBroker" name="test_get_positions" time="0.014" /><testcase classname="tests.unit.test_brokers.TestPaperTradingBroker" name="test_close_position" time="0.019" /><testcase classname="tests.unit.test_brokers.TestPaperTradingBroker" name="test_calculate_pnl_profit" time="0.019" /><testcase classname="tests.unit.test_brokers.TestPaperTradingBroker" name="test_calculate_pnl_loss" time="0.018" /><testcase classname="tests.unit.test_brokers.TestPaperTradingBroker" name="test_get_account_info" time="0.015" /><testcase classname="tests.unit.test_brokers.TestPaperTradingBroker" name="test_insufficient_balance" time="0.017" /><testcase classname="tests.unit.test_brokers.TestPaperTradingBroker" name="test_get_market_price" time="0.014" /><testcase classname="tests.unit.test_brokers_base_retry.TestWithRetrySync" name="test_succeeds_on_first_attempt" time="0.006" /><testcase classname="tests.unit.test_brokers_base_retry.TestWithRetrySync" name="test_retries_and_succeeds" time="0.008" /><testcase classname="tests.unit.test_brokers_base_retry.TestWithRetrySync" name="test_raises_after_max_attempts" time="0.009" /><testcase classname="tests.unit.test_brokers_base_retry.TestWithRetrySync" name="test_backoff_doubles" time="0.008" /><testcase classname="tests.unit.test_brokers_base_retry.TestWithRetrySync" name="test_only_catches_specified_exceptions" time="0.006" /><testcase classname="tests.unit.test_brokers_base_retry.TestWithRetrySync" name="test_preserves_function_name" time="0.005" /><testcase classname="tests.unit.test_brokers_base_retry.TestWithRetryAsync" name="test_async_succeeds_on_first_attempt" time="0.007" /><testcase classname="tests.unit.test_brokers_base_retry.TestWithRetryAsync" name="test_async_retries_and_succeeds" time="0.012" /><testcase classname="tests.unit.test_brokers_base_retry.TestWithRetryAsync" name="test_async_raises_after_max_attempts" time="0.011" /><testcase classname="tests.unit.test_brokers_base_retry.TestWithRetryAsync" name="test_async_preserves_function_name" time="0.007" /><testcase classname="tests.unit.test_brokers_base_retry.TestRateLimiter" name="test_acquire_does_not_raise" time="0.007" /><testcase classname="tests.unit.test_brokers_base_retry.TestRateLimiter" name="test_acquire_multiple_times" time="0.008" /><testcase classname="tests.unit.test_brokers_base_retry.TestRateLimiter" name="test_acquire_sleeps_when_tokens_exhausted" time="0.011" /><testcase classname="tests.unit.test_brokers_base_retry.TestOrder" name="test_order_creation" time="0.006" /><testcase classname="tests.unit.test_brokers_base_retry.TestOrder" name="test_average_fill_price_alias" time="0.006" /><testcase classname="tests.unit.test_brokers_base_retry.TestOrder" name="test_average_fill_price_none" time="0.005" /><testcase classname="tests.unit.test_brokers_base_retry.TestPosition" name="test_position_creation" time="0.006" /><testcase classname="tests.unit.test_brokers_base_retry.TestAccountInfo" name="test_account_info_creation" time="0.007" /><testcase classname="tests.unit.test_brokers_base_retry.TestAccountInfo" name="test_getitem" time="0.006" /><testcase classname="tests.unit.test_brokers_base_retry.TestAccountInfo" name="test_get_with_default" time="0.005" /><testcase classname="tests.unit.test_brokers_base_retry.TestEnums" name="test_order_type_values" time="0.006" /><testcase classname="tests.unit.test_brokers_base_retry.TestEnums" name="test_order_side_values" time="0.006" /><testcase classname="tests.unit.test_brokers_base_retry.TestEnums" name="test_order_status_values" time="0.006" /><testcase classname="tests.unit.test_brokers_base_retry.TestBrokerConnector" name="test_is_connected_false_by_default" time="0.006" /><testcase classname="tests.unit.test_brokers_base_retry.TestBrokerConnector" name="test_is_connected_true_after_set" time="0.006" /><testcase classname="tests.unit.test_brokers_base_retry.TestBrokerConnector" name="test_repr_contains_class_name" time="0.008" /><testcase classname="tests.unit.test_brokers_base_retry.TestBrokerConnector" name="test_rate_limiter_uses_config" time="0.007" /><testcase classname="tests.unit.test_brokers_base_retry.TestBrokerConnector" name="test_default_rate_limiter" time="0.007" /><testcase classname="tests.unit.test_brokers_connectors_full.TestAlpacaConnector" name="test_init_raises_without_credentials" time="0.008" /><testcase classname="tests.unit.test_brokers_connectors_full.TestAlpacaConnector" name="test_init_paper_url" time="0.007" /><testcase classname="tests.unit.test_brokers_connectors_full.TestAlpacaConnector" name="test_init_live_url" time="0.006" /><testcase classname="tests.unit.test_brokers_connectors_full.TestAlpacaConnector" name="test_connect_success" time="0.009" /><testcase classname="tests.unit.test_brokers_connectors_full.TestAlpacaConnector" name="test_connect_failure" time="0.008" /><testcase classname="tests.unit.test_brokers_connectors_full.TestAlpacaConnector" name="test_disconnect_success" time="0.008" /><testcase classname="tests.unit.test_brokers_connectors_full.TestAlpacaConnector" name="test_disconnect_failure" time="0.007" /><testcase classname="tests.unit.test_brokers_connectors_full.TestAlpacaConnector" name="test_place_order_not_connected" time="0.010" /><testcase classname="tests.unit.test_brokers_connectors_full.TestAlpacaConnector" name="test_place_order_success" time="0.009" /><testcase classname="tests.unit.test_brokers_connectors_full.TestAlpacaConnector" name="test_place_order_limit_with_price" time="0.012" /><testcase classname="tests.unit.test_brokers_connectors_full.TestAlpacaConnector" name="test_place_order_stop_limit" time="0.009" /><testcase classname="tests.unit.test_brokers_connectors_full.TestAlpacaConnector" name="test_place_order_extended_hours" time="0.009" /><testcase classname="tests.unit.test_brokers_connectors_full.TestAlpacaConnector" name="test_place_order_exception" time="0.007" /><testcase classname="tests.unit.test_brokers_connectors_full.TestAlpacaConnector" name="test_cancel_order_not_connected" time="0.007" /><testcase classname="tests.unit.test_brokers_connectors_full.TestAlpacaConnector" name="test_cancel_order_success" time="0.009" /><testcase classname="tests.unit.test_brokers_connectors_full.TestAlpacaConnector" name="test_cancel_order_failure" time="0.008" /><testcase classname="tests.unit.test_brokers_connectors_full.TestAlpacaConnector" name="test_get_order_not_connected" time="0.007" /><testcase classname="tests.unit.test_brokers_connectors_full.TestAlpacaConnector" name="test_get_order_success" time="0.008" /><testcase classname="tests.unit.test_brokers_connectors_full.TestAlpacaConnector" name="test_get_order_exception" time="0.008" /><testcase classname="tests.unit.test_brokers_connectors_full.TestAlpacaConnector" name="test_get_positions_not_connected" time="0.008" /><testcase classname="tests.unit.test_brokers_connectors_full.TestAlpacaConnector" name="test_get_positions_success" time="0.009" /><testcase classname="tests.unit.test_brokers_connectors_full.TestAlpacaConnector" name="test_get_positions_short" time="0.012" /><testcase classname="tests.unit.test_brokers_connectors_full.TestAlpacaConnector" name="test_get_positions_exception" time="0.010" /><testcase classname="tests.unit.test_brokers_connectors_full.TestAlpacaConnector" name="test_close_position_not_connected" time="0.008" /><testcase classname="tests.unit.test_brokers_connectors_full.TestAlpacaConnector" name="test_close_position_full" time="0.009" /><testcase classname="tests.unit.test_brokers_connectors_full.TestAlpacaConnector" name="test_close_position_partial" time="0.010" /><testcase classname="tests.unit.test_brokers_connectors_full.TestAlpacaConnector" name="test_close_position_partial_no_position" time="0.009" /><testcase classname="tests.unit.test_brokers_connectors_full.TestAlpacaConnector" name="test_close_position_exception" time="0.008" /><testcase classname="tests.unit.test_brokers_connectors_full.TestAlpacaConnector" name="test_get_account_info_not_connected" time="0.008" /><testcase classname="tests.unit.test_brokers_connectors_full.TestAlpacaConnector" name="test_get_account_info_success" time="0.009" /><testcase classname="tests.unit.test_brokers_connectors_full.TestAlpacaConnector" name="test_get_account_info_exception" time="0.008" /><testcase classname="tests.unit.test_brokers_connectors_full.TestAlpacaConnector" name="test_get_market_data_not_connected" time="0.009" /><testcase classname="tests.unit.test_brokers_connectors_full.TestAlpacaConnector" name="test_get_market_data_success" time="0.008" /><testcase classname="tests.unit.test_brokers_connectors_full.TestAlpacaConnector" name="test_get_market_data_exception" time="0.009" /><testcase classname="tests.unit.test_brokers_connectors_full.TestAlpacaConnector" name="test_get_quote_not_connected" time="0.008" /><testcase classname="tests.unit.test_brokers_connectors_full.TestAlpacaConnector" name="test_get_quote_success" time="0.009" /><testcase classname="tests.unit.test_brokers_connectors_full.TestAlpacaConnector" name="test_get_quote_no_quote_key" time="0.009" /><testcase classname="tests.unit.test_brokers_connectors_full.TestAlpacaConnector" name="test_get_quote_exception" time="0.007" /><testcase classname="tests.unit.test_brokers_connectors_full.TestAlpacaConnector" name="test_convert_order_type_all" time="0.007" /><testcase classname="tests.unit.test_brokers_connectors_full.TestAlpacaConnector" name="test_parse_order_type_all" time="0.007" /><testcase classname="tests.unit.test_brokers_connectors_full.TestAlpacaConnector" name="test_parse_order_status_all" time="0.007" /><testcase classname="tests.unit.test_brokers_connectors_full.TestBinanceConnector" name="test_init_raises_without_credentials" time="0.007" /><testcase classname="tests.unit.test_brokers_connectors_full.TestBinanceConnector" name="test_connect_success" time="0.014" /><testcase classname="tests.unit.test_brokers_connectors_full.TestBinanceConnector" name="test_connect_failure" time="0.008" /><testcase classname="tests.unit.test_brokers_connectors_full.TestBinanceConnector" name="test_disconnect_success" time="0.008" /><testcase classname="tests.unit.test_brokers_connectors_full.TestBinanceConnector" name="test_disconnect_failure" time="0.009" /><testcase classname="tests.unit.test_brokers_connectors_full.TestBinanceConnector" name="test_place_order_not_connected" time="0.008" /><testcase classname="tests.unit.test_brokers_connectors_full.TestBinanceConnector" name="test_place_order_success" time="0.010"><failure message="assert None is not None">self = &lt;tests.unit.test_brokers_connectors_full.TestBinanceConnector object at 0x7f88234169d0&gt;

    def test_place_order_success(self):
        c = self._make(connected=True)
        c.session.post.return_value = _mock_response(
            {
                "orderId": 12345,
                "symbol": "BTCUSDT",
                "side": "BUY",
                "type": "MARKET",
                "origQty": "0.001",
                "status": "FILLED",
                "executedQty": "0.001",
                "price": "50000",
                "transactTime": 1704067200000,
            }
        )
        order = c.place_order("BTCUSDT", OrderSide.BUY, quantity=0.001)
&gt;       assert order is not None
E       assert None is not None

tests/unit/test_brokers_connectors_full.py:480: AssertionError</failure></testcase><testcase classname="tests.unit.test_brokers_connectors_full.TestBinanceConnector" name="test_place_order_limit" time="0.008" /><testcase classname="tests.unit.test_brokers_connectors_full.TestBinanceConnector" name="test_place_order_stop_limit" time="0.009" /><testcase classname="tests.unit.test_brokers_connectors_full.TestBinanceConnector" name="test_place_order_exception" time="0.008" /><testcase classname="tests.unit.test_brokers_connectors_full.TestBinanceConnector" name="test_cancel_order_not_connected" time="0.008" /><testcase classname="tests.unit.test_brokers_connectors_full.TestBinanceConnector" name="test_cancel_order_no_symbol" time="0.007" /><testcase classname="tests.unit.test_brokers_connectors_full.TestBinanceConnector" name="test_cancel_order_success" time="0.009" /><testcase classname="tests.unit.test_brokers_connectors_full.TestBinanceConnector" name="test_cancel_order_exception" time="0.008" /><testcase classname="tests.unit.test_brokers_connectors_full.TestBinanceConnector" name="test_get_order_not_connected" time="0.008" /><testcase classname="tests.unit.test_brokers_connectors_full.TestBinanceConnector" name="test_get_order_no_symbol" time="0.007" /><testcase classname="tests.unit.test_brokers_connectors_full.TestBinanceConnector" name="test_generate_signature" time="0.008" /><testcase classname="tests.unit.test_brokers_connectors_full.TestByBitConnector" name="test_symbol_translation_to_bybit" time="0.007" /><testcase classname="tests.unit.test_brokers_connectors_full.TestByBitConnector" name="test_symbol_translation_from_bybit" time="0.010" /><testcase classname="tests.unit.test_brokers_connectors_full.TestByBitConnector" name="test_connect_delegates_to_ccxt" time="0.008" /><testcase classname="tests.unit.test_brokers_connectors_full.TestByBitConnector" name="test_connect_failure" time="0.010" /><testcase classname="tests.unit.test_brokers_connectors_full.TestByBitConnector" name="test_disconnect_delegates" time="0.009" /><testcase classname="tests.unit.test_brokers_connectors_full.TestByBitConnector" name="test_get_account_info_delegates" time="0.007" /><testcase classname="tests.unit.test_brokers_connectors_full.TestByBitConnector" name="test_get_account_info_returns_empty_on_none" time="0.009" /><testcase classname="tests.unit.test_brokers_connectors_full.TestByBitConnector" name="test_get_market_data_translates_symbol" time="0.008" /><testcase classname="tests.unit.test_brokers_connectors_full.TestByBitConnector" name="test_place_order_translates_symbol" time="0.009" /><testcase classname="tests.unit.test_brokers_connectors_full.TestByBitConnector" name="test_cancel_order_delegates" time="0.008" /><testcase classname="tests.unit.test_brokers_connectors_full.TestByBitConnector" name="test_get_order_delegates" time="0.008" /><testcase classname="tests.unit.test_brokers_connectors_full.TestByBitConnector" name="test_get_positions_translates_symbols" time="0.009" /><testcase classname="tests.unit.test_brokers_connectors_full.TestByBitConnector" name="test_close_position_translates_symbol" time="0.009" /><testcase classname="tests.unit.test_brokers_connectors_full.TestByBitConnector" name="test_close_position_handles_exception" time="0.008" /><testcase classname="tests.unit.test_brokers_connectors_full.TestByBitConnector" name="test_repr_sandbox" time="0.008" /><testcase classname="tests.unit.test_brokers_connectors_full.TestByBitConnector" name="test_custom_symbol_map" time="0.008" /><testcase classname="tests.unit.test_brokers_connectors_full.TestByBitConnector" name="test_get_current_price_delegates" time="0.008" /><testcase classname="tests.unit.test_brokers_connectors_full.TestByBitConnector" name="test_get_exchange_info_delegates" time="0.007" /><testcase classname="tests.unit.test_brokers_coverage_boost.TestBrokersInitOrder" name="test_remaining_quantity" time="0.006" /><testcase classname="tests.unit.test_brokers_coverage_boost.TestBrokersInitOrder" name="test_is_complete_filled" time="0.006" /><testcase classname="tests.unit.test_brokers_coverage_boost.TestBrokersInitOrder" name="test_is_complete_cancelled" time="0.005" /><testcase classname="tests.unit.test_brokers_coverage_boost.TestBrokersInitOrder" name="test_is_complete_pending" time="0.006" /><testcase classname="tests.unit.test_brokers_coverage_boost.TestBrokersInitOrder" name="test_to_dict_keys" time="0.007" /><testcase classname="tests.unit.test_brokers_coverage_boost.TestBrokersInitPosition" name="test_update_price_buy" time="0.006" /><testcase classname="tests.unit.test_brokers_coverage_boost.TestBrokersInitPosition" name="test_update_price_sell" time="0.006" /><testcase classname="tests.unit.test_brokers_coverage_boost.TestBrokersInitPosition" name="test_market_value" time="0.005" /><testcase classname="tests.unit.test_brokers_coverage_boost.TestBrokersInitPosition" name="test_to_dict_keys" time="0.006" /><testcase classname="tests.unit.test_brokers_coverage_boost.TestPaperTradingBrokerInit" name="test_connect_sets_connected" time="0.015" /><testcase classname="tests.unit.test_brokers_coverage_boost.TestPaperTradingBrokerInit" name="test_disconnect_sets_disconnected" time="0.013" /><testcase classname="tests.unit.test_brokers_coverage_boost.TestPaperTradingBrokerInit" name="test_get_account_info_keys" time="0.012" /><testcase classname="tests.unit.test_brokers_coverage_boost.TestPaperTradingBrokerInit" name="test_update_market_price_and_get" time="0.010" /><testcase classname="tests.unit.test_brokers_coverage_boost.TestPaperTradingBrokerInit" name="test_get_market_price_missing" time="0.011" /><testcase classname="tests.unit.test_brokers_coverage_boost.TestPaperTradingBrokerInit" name="test_positions_property" time="0.013" /><testcase classname="tests.unit.test_brokers_coverage_boost.TestPaperTradingBrokerInit" name="test_orders_property" time="0.010" /><testcase classname="tests.unit.test_brokers_coverage_boost.TestPaperTradingBrokerInit" name="test_market_prices_property" time="0.017" /><testcase classname="tests.unit.test_brokers_coverage_boost.TestPaperTradingBrokerInit" name="test_place_order_not_connected_raises" time="0.014" /><testcase classname="tests.unit.test_brokers_coverage_boost.TestPaperTradingBrokerInit" name="test_place_order_market_buy" time="0.017" /><testcase classname="tests.unit.test_brokers_coverage_boost.TestPaperTradingBrokerInit" name="test_place_order_market_sell" time="0.016" /><testcase classname="tests.unit.test_brokers_coverage_boost.TestPaperTradingBrokerInit" name="test_place_order_limit" time="0.017" /><testcase classname="tests.unit.test_brokers_coverage_boost.TestPaperTradingBrokerInit" name="test_cancel_order_pending" time="0.017" /><testcase classname="tests.unit.test_brokers_coverage_boost.TestPaperTradingBrokerInit" name="test_cancel_order_not_found" time="0.013" /><testcase classname="tests.unit.test_brokers_coverage_boost.TestPaperTradingBrokerInit" name="test_get_positions_returns_list" time="0.014" /><testcase classname="tests.unit.test_brokers_coverage_boost.TestPaperTradingBrokerInit" name="test_is_connected_false" time="0.011" /><testcase classname="tests.unit.test_brokers_coverage_boost.TestPaperTradingBrokerInit" name="test_is_connected_true" time="0.012" /><testcase classname="tests.unit.test_brokers_coverage_boost.TestCreateBroker" name="test_create_paper_broker" time="0.011" /><testcase classname="tests.unit.test_brokers_coverage_boost.TestCreateBroker" name="test_create_unknown_raises" time="0.007" /><testcase classname="tests.unit.test_brokers_coverage_boost.TestBrokerManager" name="test_register_broker" time="0.012" /><testcase classname="tests.unit.test_brokers_coverage_boost.TestBrokerManager" name="test_set_active_valid" time="0.011" /><testcase classname="tests.unit.test_brokers_coverage_boost.TestBrokerManager" name="test_set_active_invalid_raises" time="0.007" /><testcase classname="tests.unit.test_brokers_coverage_boost.TestBrokerManager" name="test_connect_all" time="0.011" /><testcase classname="tests.unit.test_brokers_coverage_boost.TestBrokerManager" name="test_connect_all_broker_raises" time="0.014" /><testcase classname="tests.unit.test_brokers_coverage_boost.TestBrokerManager" name="test_disconnect_all" time="0.012" /><testcase classname="tests.unit.test_brokers_coverage_boost.TestBrokerManager" name="test_disconnect_all_broker_raises" time="0.014" /><testcase classname="tests.unit.test_brokers_coverage_boost.TestBrokerManager" name="test_connect_primary_no_broker" time="0.006" /><testcase classname="tests.unit.test_brokers_coverage_boost.TestBrokerManager" name="test_connect_primary_success" time="0.011" /><testcase classname="tests.unit.test_brokers_coverage_boost.TestBrokerManager" name="test_connect_primary_raises" time="0.015" /><testcase classname="tests.unit.test_brokers_coverage_boost.TestBrokerManager" name="test_place_order_no_broker" time="0.007" /><testcase classname="tests.unit.test_brokers_coverage_boost.TestBrokerManager" name="test_place_order_kill_switch_active" time="0.009" /><testcase classname="tests.unit.test_brokers_coverage_boost.TestBrokerManager" name="test_place_order_success" time="0.013" /><testcase classname="tests.unit.test_brokers_coverage_boost.TestBrokerManager" name="test_cancel_order_no_broker" time="0.007" /><testcase classname="tests.unit.test_brokers_coverage_boost.TestBrokerManager" name="test_cancel_order_success" time="0.010" /><testcase classname="tests.unit.test_brokers_coverage_boost.TestBrokerManager" name="test_get_order_no_broker" time="0.007" /><testcase classname="tests.unit.test_brokers_coverage_boost.TestBrokerManager" name="test_get_order_success" time="0.011" /><testcase classname="tests.unit.test_brokers_coverage_boost.TestBrokerManager" name="test_get_positions_no_broker" time="0.007" /><testcase classname="tests.unit.test_brokers_coverage_boost.TestBrokerManager" name="test_get_positions_success" time="0.011" /><testcase classname="tests.unit.test_brokers_coverage_boost.TestBrokerManager" name="test_close_position_no_broker" time="0.006" /><testcase classname="tests.unit.test_brokers_coverage_boost.TestBrokerManager" name="test_close_position_success" time="0.011" /><testcase classname="tests.unit.test_brokers_coverage_boost.TestBrokerManager" name="test_get_account_info_no_broker" time="0.006" /><testcase classname="tests.unit.test_brokers_coverage_boost.TestBrokerManager" name="test_get_account_info_success" time="0.013" /><testcase classname="tests.unit.test_brokers_coverage_boost.TestBrokerManager" name="test_heartbeat" time="0.013" /><testcase classname="tests.unit.test_brokers_coverage_boost.TestBrokerManager" name="test_get_active_broker_name_none" time="0.006" /><testcase classname="tests.unit.test_brokers_coverage_boost.TestBrokerManager" name="test_is_connected_false" time="0.006" /><testcase classname="tests.unit.test_brokers_coverage_boost.TestBrokerManager" name="test_is_connected_true" time="0.011" /><testcase classname="tests.unit.test_brokers_coverage_boost.TestBrokerManager" name="test_build_failover_chain" time="0.010" /><testcase classname="tests.unit.test_brokers_coverage_boost.TestBrokerManager" name="test_record_failure_increments" time="0.011" /><testcase classname="tests.unit.test_brokers_coverage_boost.TestBrokerManager" name="test_reset_failures" time="0.010" /><testcase classname="tests.unit.test_brokers_coverage_boost.TestBrokerManager" name="test_context_manager" time="0.007" /><testcase classname="tests.unit.test_brokers_coverage_boost.TestBrokerManager" name="test_close_all_positions_empty" time="0.011" /><testcase classname="tests.unit.test_brokers_coverage_boost.TestBrokerFactory" name="test_list_brokers" time="0.005" /><testcase classname="tests.unit.test_brokers_coverage_boost.TestBrokerFactory" name="test_get_broker_info_unknown" time="0.007" /><testcase classname="tests.unit.test_brokers_coverage_boost.TestBrokerFactory" name="test_create_broker_paper" time="0.013" /><testcase classname="tests.unit.test_brokers_coverage_boost.TestBrokerFactory" name="test_create_broker_none_uses_env" time="0.015" /><testcase classname="tests.unit.test_brokers_coverage_boost.TestIBKRFIXConfig" name="test_is_paper_true" time="0.006" /><testcase classname="tests.unit.test_brokers_coverage_boost.TestIBKRFIXConfig" name="test_is_paper_false" time="0.006" /><testcase classname="tests.unit.test_brokers_coverage_boost.TestIBKRFIXConfig" name="test_generate_quickfix_cfg" time="0.007" /><testcase classname="tests.unit.test_brokers_coverage_boost.TestOHLCVStore" name="test_push_and_get" time="0.014" /><testcase classname="tests.unit.test_brokers_coverage_boost.TestOHLCVStore" name="test_get_missing_symbol" time="0.010" /><testcase classname="tests.unit.test_brokers_coverage_boost.TestOHLCVStore" name="test_symbols" time="0.012" /><testcase classname="tests.unit.test_brokers_coverage_boost.TestOHLCVStore" name="test_health" time="0.005" /><testcase classname="tests.unit.test_brokers_coverage_boost.TestPropFirmGuard" name="test_check_prop_firm_rules_no_config" time="0.010" /><testcase classname="tests.unit.test_brokers_coverage_gap2.TestOandaCloseTrade" name="test_close_trade_not_connected" time="0.009" /><testcase classname="tests.unit.test_brokers_coverage_gap2.TestOandaCloseTrade" name="test_close_trade_200" time="0.016" /><testcase classname="tests.unit.test_brokers_coverage_gap2.TestOandaCloseTrade" name="test_close_trade_400" time="0.015" /><testcase classname="tests.unit.test_brokers_coverage_gap2.TestOandaCloseTrade" name="test_close_trade_404" time="0.014" /><testcase classname="tests.unit.test_brokers_coverage_gap2.TestOandaCloseTrade" name="test_close_trade_500_retries_exhausted" time="0.019" /><testcase classname="tests.unit.test_brokers_coverage_gap2.TestOandaCloseTrade" name="test_close_trade_429_with_retry_after" time="0.020" /><testcase classname="tests.unit.test_brokers_coverage_gap2.TestOandaCloseTrade" name="test_close_trade_non_200_non_retryable" time="0.015" /><testcase classname="tests.unit.test_brokers_coverage_gap2.TestOandaCloseTrade" name="test_close_trade_connection_error" time="0.012" /><testcase classname="tests.unit.test_brokers_coverage_gap2.TestOandaCloseTrade" name="test_close_trade_generic_client_error" time="0.012" /><testcase classname="tests.unit.test_brokers_coverage_gap2.TestOandaCloseTrade" name="test_close_trade_partial" time="0.018" /><testcase classname="tests.unit.test_brokers_coverage_gap2.TestOandaCancelOrder" name="test_cancel_order_not_connected" time="0.009" /><testcase classname="tests.unit.test_brokers_coverage_gap2.TestOandaCancelOrder" name="test_cancel_order_200" time="0.014" /><testcase classname="tests.unit.test_brokers_coverage_gap2.TestOandaCancelOrder" name="test_cancel_order_404" time="0.016" /><testcase classname="tests.unit.test_brokers_coverage_gap2.TestOandaCancelOrder" name="test_cancel_order_500_retries" time="0.018" /><testcase classname="tests.unit.test_brokers_coverage_gap2.TestOandaCancelOrder" name="test_cancel_order_429" time="0.017" /><testcase classname="tests.unit.test_brokers_coverage_gap2.TestOandaCancelOrder" name="test_cancel_order_non_200" time="0.014" /><testcase classname="tests.unit.test_brokers_coverage_gap2.TestOandaCancelOrder" name="test_cancel_order_connection_error" time="0.012" /><testcase classname="tests.unit.test_brokers_coverage_gap2.TestOandaCancelOrder" name="test_cancel_order_client_error" time="0.011" /><testcase classname="tests.unit.test_brokers_coverage_gap2.TestOandaGetTick" name="test_get_tick_not_connected" time="0.009" /><testcase classname="tests.unit.test_brokers_coverage_gap2.TestOandaGetTick" name="test_get_tick_success" time="0.015" /><testcase classname="tests.unit.test_brokers_coverage_gap2.TestOandaGetTick" name="test_get_tick_non_200" time="0.019" /><testcase classname="tests.unit.test_brokers_coverage_gap2.TestOandaGetTick" name="test_get_tick_empty_prices" time="1.011" /><testcase classname="tests.unit.test_brokers_coverage_gap2.TestOandaGetTick" name="test_get_tick_client_error" time="0.009" /><testcase classname="tests.unit.test_brokers_coverage_gap2.TestOandaGetOhlcv" name="test_get_ohlcv_not_connected" time="0.008" /><testcase classname="tests.unit.test_brokers_coverage_gap2.TestOandaGetOhlcv" name="test_get_ohlcv_success" time="0.013" /><testcase classname="tests.unit.test_brokers_coverage_gap2.TestOandaGetOhlcv" name="test_get_ohlcv_skips_incomplete" time="0.016" /><testcase classname="tests.unit.test_brokers_coverage_gap2.TestOandaGetOhlcv" name="test_get_ohlcv_non_200" time="0.018" /><testcase classname="tests.unit.test_brokers_coverage_gap2.TestOandaGetOhlcv" name="test_get_ohlcv_client_error" time="0.009" /><testcase classname="tests.unit.test_brokers_coverage_gap2.TestOandaGetOhlcv" name="test_get_ohlcv_with_from_to" time="0.014" /><testcase classname="tests.unit.test_brokers_coverage_gap2.TestOandaGetOhlcv" name="test_get_ohlcv_with_from_only" time="0.016" /><testcase classname="tests.unit.test_brokers_coverage_gap2.TestOandaGetOhlcv" name="test_get_ohlcv_malformed_candle_skipped" time="0.014" /><testcase classname="tests.unit.test_brokers_coverage_gap2.TestOandaGetOhlcv" name="test_place_order_429_retry_after_invalid" time="0.019" /><testcase classname="tests.unit.test_brokers_coverage_gap2.TestOandaGetOhlcv" name="test_close_trade_429_retry_after_invalid" time="0.021" /><testcase classname="tests.unit.test_brokers_coverage_gap2.TestOandaGetOhlcv" name="test_cancel_order_429_retry_after_invalid" time="0.016" /><testcase classname="tests.unit.test_brokers_deep_coverage.TestBrokersInitOANDA" name="test_init_sets_practice_url" time="0.008" /><testcase classname="tests.unit.test_brokers_deep_coverage.TestBrokersInitOANDA" name="test_init_live_url" time="0.007" /><testcase classname="tests.unit.test_brokers_deep_coverage.TestBrokersInitOANDA" name="test_disconnect_closes_session" time="0.010" /><testcase classname="tests.unit.test_brokers_deep_coverage.TestBrokersInitOANDA" name="test_cancel_order_success" time="0.009" /><testcase classname="tests.unit.test_brokers_deep_coverage.TestBrokersInitOANDA" name="test_cancel_order_failure" time="0.009" /><testcase classname="tests.unit.test_brokers_deep_coverage.TestBrokersInitOANDA" name="test_close_position_invalid_id" time="0.008" /><testcase classname="tests.unit.test_brokers_deep_coverage.TestBrokersInitOANDA" name="test_close_position_success" time="0.010" /><testcase classname="tests.unit.test_brokers_deep_coverage.TestBrokersInitOANDA" name="test_close_position_exception" time="0.009" /><testcase classname="tests.unit.test_brokers_deep_coverage.TestBrokersInitOANDA" name="test_get_account_info" time="0.010" /><testcase classname="tests.unit.test_brokers_deep_coverage.TestBrokersInitOANDA" name="test_get_pending_orders" time="0.008" /><testcase classname="tests.unit.test_brokers_deep_coverage.TestBrokersInitOANDA" name="test_get_positions_cached" time="0.009" /><testcase classname="tests.unit.test_brokers_deep_coverage.TestBrokersInitOANDA" name="test_get_positions_from_api" time="0.008" /><testcase classname="tests.unit.test_brokers_deep_coverage.TestBrokersInitOANDA" name="test_place_market_order" time="0.009" /><testcase classname="tests.unit.test_brokers_deep_coverage.TestBrokersInitOANDA" name="test_place_market_order_no_fill" time="0.008" /><testcase classname="tests.unit.test_brokers_deep_coverage.TestCreateBroker" name="test_create_paper" time="0.012" /><testcase classname="tests.unit.test_brokers_deep_coverage.TestCreateBroker" name="test_create_unknown_raises" time="0.006" /><testcase classname="tests.unit.test_brokers_deep_coverage.TestCreateBroker" name="test_create_ccxt" time="0.008" /><testcase classname="tests.unit.test_brokers_deep_coverage.TestBaseBrokerDefaults" name="test_close_all_positions_empty" time="0.008" /><testcase classname="tests.unit.test_brokers_deep_coverage.TestBaseBrokerDefaults" name="test_cancel_all_orders_empty" time="0.007" /><testcase classname="tests.unit.test_brokers_deep_coverage.TestBaseBrokerDefaults" name="test_close_all_positions_with_positions" time="0.007" /><testcase classname="tests.unit.test_brokers_deep_coverage.TestBaseBrokerDefaults" name="test_close_all_positions_failure" time="0.009" /><testcase classname="tests.unit.test_brokers_deep_coverage.TestBrokerFactory" name="test_list_brokers_includes_paper" time="0.006" /><testcase classname="tests.unit.test_brokers_deep_coverage.TestBrokerFactory" name="test_create_paper_broker" time="0.012" /><testcase classname="tests.unit.test_brokers_deep_coverage.TestBrokerFactory" name="test_create_unknown_returns_none" time="0.009" /><testcase classname="tests.unit.test_brokers_deep_coverage.TestBrokerFactory" name="test_create_broker_default_env" time="0.017" /><testcase classname="tests.unit.test_brokers_deep_coverage.TestBrokerFactory" name="test_get_broker_info_known" time="0.005" /><testcase classname="tests.unit.test_brokers_deep_coverage.TestBrokerFactory" name="test_get_broker_info_unknown" time="0.007" /><testcase classname="tests.unit.test_brokers_deep_coverage.TestBrokerFactory" name="test_register_broker" time="0.007" /><testcase classname="tests.unit.test_brokers_deep_coverage.TestBrokerFactory" name="test_yaml_config_missing_file" time="0.008" /><testcase classname="tests.unit.test_brokers_deep_coverage.TestBrokerFactory" name="test_yaml_config_missing_broker_key" time="0.010" /><testcase classname="tests.unit.test_brokers_deep_coverage.TestBrokerFactory" name="test_yaml_config_unsupported_type" time="0.010" /><testcase classname="tests.unit.test_brokers_deep_coverage.TestBrokerManager" name="test_init" time="0.007" /><testcase classname="tests.unit.test_brokers_deep_coverage.TestBrokerManager" name="test_register_and_set_active" time="0.008" /><testcase classname="tests.unit.test_brokers_deep_coverage.TestBrokerManager" name="test_set_active_unknown_raises" time="0.007" /><testcase classname="tests.unit.test_brokers_deep_coverage.TestBrokerManager" name="test_connect_all" time="0.005" /><testcase classname="tests.unit.test_brokers_deep_coverage.TestBrokerManager" name="test_disconnect_all" time="0.007" /><testcase classname="tests.unit.test_brokers_deep_coverage.TestBrokerManager" name="test_place_order_no_broker_raises" time="0.008" /><testcase classname="tests.unit.test_brokers_deep_coverage.TestBrokerManager" name="test_place_order_kill_switch_blocks" time="0.009" /><testcase classname="tests.unit.test_brokers_deep_coverage.TestBrokerManager" name="test_place_order_success" time="0.008" /><testcase classname="tests.unit.test_brokers_deep_coverage.TestBrokerManager" name="test_get_account_info" time="0.008" /><testcase classname="tests.unit.test_brokers_deep_coverage.TestBrokerManager" name="test_get_positions" time="0.008" /><testcase classname="tests.unit.test_brokers_deep_coverage.TestBrokerManager" name="test_heartbeat" time="0.010" /><testcase classname="tests.unit.test_brokers_deep_coverage.TestBrokerManager" name="test_is_connected_no_broker" time="0.006" /><testcase classname="tests.unit.test_brokers_deep_coverage.TestBrokerManager" name="test_is_connected_with_broker" time="0.009" /><testcase classname="tests.unit.test_brokers_deep_coverage.TestBrokerManager" name="test_record_failure_triggers_failover" time="0.016" /><testcase classname="tests.unit.test_brokers_deep_coverage.TestBrokerManager" name="test_cancel_order" time="0.007" /><testcase classname="tests.unit.test_brokers_deep_coverage.TestBrokerManager" name="test_close_all_positions_kill_switch" time="0.007" /><testcase classname="tests.unit.test_brokers_deep_coverage.TestBrokerManager" name="test_context_manager" time="0.009" /><testcase classname="tests.unit.test_brokers_deep_coverage.TestBrokerManager" name="test_from_env" time="0.019" /><testcase classname="tests.unit.test_brokers_deep_coverage.TestCCXTConnector" name="test_init" time="0.006" /><testcase classname="tests.unit.test_brokers_deep_coverage.TestCCXTConnector" name="test_connect_success" time="0.012" /><testcase classname="tests.unit.test_brokers_deep_coverage.TestCCXTConnector" name="test_connect_failure" time="0.009" /><testcase classname="tests.unit.test_brokers_deep_coverage.TestCCXTConnector" name="test_disconnect" time="0.010" /><testcase classname="tests.unit.test_brokers_deep_coverage.TestCCXTConnector" name="test_require_connected_raises" time="0.006" /><testcase classname="tests.unit.test_brokers_deep_coverage.TestCCXTConnector" name="test_place_order" time="0.008" /><testcase classname="tests.unit.test_brokers_deep_coverage.TestCCXTConnector" name="test_cancel_order_success" time="0.008" /><testcase classname="tests.unit.test_brokers_deep_coverage.TestCCXTConnector" name="test_cancel_order_failure" time="0.008" /><testcase classname="tests.unit.test_brokers_deep_coverage.TestCCXTConnector" name="test_get_order_success" time="0.007" /><testcase classname="tests.unit.test_brokers_deep_coverage.TestCCXTConnector" name="test_get_order_failure" time="0.007" /><testcase classname="tests.unit.test_brokers_deep_coverage.TestCCXTConnector" name="test_get_positions_futures" time="0.007" /><testcase classname="tests.unit.test_brokers_deep_coverage.TestCCXTConnector" name="test_get_positions_spot_fallback" time="0.007" /><testcase classname="tests.unit.test_brokers_deep_coverage.TestCCXTConnector" name="test_get_positions_exception" time="0.008" /><testcase classname="tests.unit.test_brokers_deep_coverage.TestCCXTConnector" name="test_get_account_info" time="0.008" /><testcase classname="tests.unit.test_brokers_deep_coverage.TestCCXTConnector" name="test_get_market_data" time="0.008" /><testcase classname="tests.unit.test_brokers_deep_coverage.TestCCXTConnector" name="test_get_market_data_failure" time="0.008" /><testcase classname="tests.unit.test_brokers_deep_coverage.TestCCXTConnector" name="test_get_ticker" time="0.007" /><testcase classname="tests.unit.test_brokers_deep_coverage.TestCCXTConnector" name="test_get_ticker_failure" time="0.008" /><testcase classname="tests.unit.test_brokers_deep_coverage.TestCCXTConnector" name="test_get_orderbook" time="0.007" /><testcase classname="tests.unit.test_brokers_deep_coverage.TestCCXTConnector" name="test_get_orderbook_failure" time="0.005" /><testcase classname="tests.unit.test_brokers_deep_coverage.TestCCXTConnector" name="test_list_symbols" time="0.006" /><testcase classname="tests.unit.test_brokers_deep_coverage.TestCCXTConnector" name="test_list_supported_exchanges" time="0.008" /><testcase classname="tests.unit.test_brokers_deep_coverage.TestCCXTConnector" name="test_list_supported_exchanges_no_ccxt" time="0.007" /><testcase classname="tests.unit.test_brokers_deep_coverage.TestOHLCVStore" name="test_push_and_buffer_size" time="0.010" /><testcase classname="tests.unit.test_brokers_deep_coverage.TestOHLCVStore" name="test_push_multiple" time="0.022" /><testcase classname="tests.unit.test_brokers_deep_coverage.TestOHLCVStore" name="test_get_insufficient_bars" time="0.018" /><testcase classname="tests.unit.test_brokers_deep_coverage.TestOHLCVStore" name="test_get_sufficient_bars" time="0.043" /><testcase classname="tests.unit.test_brokers_deep_coverage.TestOHLCVStore" name="test_get_unknown_symbol" time="0.012" /><testcase classname="tests.unit.test_brokers_deep_coverage.TestOHLCVStore" name="test_symbols" time="0.014" /><testcase classname="tests.unit.test_brokers_deep_coverage.TestOHLCVStore" name="test_health" time="0.012" /><testcase classname="tests.unit.test_brokers_deep_coverage.TestOHLCVStore" name="test_push_adds_timestamp_if_missing" time="0.010" /><testcase classname="tests.unit.test_brokers_deep_coverage.TestOHLCVStore" name="test_get_ohlcv_store_singleton" time="0.005" /><testcase classname="tests.unit.test_brokers_deep_coverage.TestOHLCVStore" name="test_bars_to_df_empty" time="0.006" /><testcase classname="tests.unit.test_brokers_deep_coverage.TestOHLCVStore" name="test_bars_to_df_epoch_ts" time="0.008" /><testcase classname="tests.unit.test_brokers_deep_coverage.TestOHLCVStore" name="test_bars_to_df_no_ts_skipped" time="0.005" /><testcase classname="tests.unit.test_brokers_deep_coverage.TestOandaWS" name="test_start_raises_streaming_forbidden" time="0.011" /><testcase classname="tests.unit.test_brokers_deep_coverage.TestOandaWS" name="test_stop_raises_streaming_forbidden" time="0.008" /><testcase classname="tests.unit.test_brokers_deep_coverage.TestOandaWS" name="test_poll_rest_raises_streaming_forbidden" time="0.008" /><testcase classname="tests.unit.test_brokers_deep_coverage.TestOandaWS" name="test_streaming_forbidden_error_message" time="0.006" /><testcase classname="tests.unit.test_brokers_deep_coverage.TestOandaPaperClock" name="test_maybe_start_creates_stamp" time="0.011" /><testcase classname="tests.unit.test_brokers_deep_coverage.TestOandaPaperClock" name="test_maybe_start_idempotent" time="0.009" /><testcase classname="tests.unit.test_brokers_deep_coverage.TestOandaPaperClock" name="test_status_not_started" time="0.008" /><testcase classname="tests.unit.test_brokers_deep_coverage.TestOandaPaperClock" name="test_status_after_start" time="0.009" /><testcase classname="tests.unit.test_brokers_deep_coverage.TestOandaPaperClock" name="test_record_fill" time="0.009" /><testcase classname="tests.unit.test_brokers_deep_coverage.TestOandaPaperClock" name="test_is_complete_false_initially" time="0.009" /><testcase classname="tests.unit.test_brokers_deep_coverage.TestCMEComexConnector" name="test_init" time="0.006" /><testcase classname="tests.unit.test_brokers_deep_coverage.TestCMEComexConnector" name="test_from_env" time="0.011" /><testcase classname="tests.unit.test_brokers_deep_coverage.TestCMEComexConnector" name="test_connect_paper_fallback" time="0.009" /><testcase classname="tests.unit.test_brokers_deep_coverage.TestCMEComexConnector" name="test_disconnect" time="0.008" /><testcase classname="tests.unit.test_brokers_deep_coverage.TestCMEComexConnector" name="test_is_connected_false" time="0.008" /><testcase classname="tests.unit.test_brokers_deep_coverage.TestCMEComexConnector" name="test_normalise_symbol" time="0.007" /><testcase classname="tests.unit.test_brokers_deep_coverage.TestCMEComexConnector" name="test_get_account_info_not_connected" time="0.007" /><testcase classname="tests.unit.test_brokers_deep_coverage.TestCMEComexConnector" name="test_get_positions_not_connected" time="0.007" /><testcase classname="tests.unit.test_brokers_deep_coverage.TestCMEComexConnector" name="test_get_market_data_not_connected" time="0.007" /><testcase classname="tests.unit.test_brokers_deep_coverage.TestCPPShimConnector" name="test_init" time="0.006" /><testcase classname="tests.unit.test_brokers_deep_coverage.TestCPPShimConnector" name="test_from_env" time="0.010" /><testcase classname="tests.unit.test_brokers_deep_coverage.TestCPPShimConnector" name="test_connect_no_zmq" time="0.008" /><testcase classname="tests.unit.test_brokers_deep_coverage.TestCPPShimConnector" name="test_connect_zmq_error" time="0.011" /><testcase classname="tests.unit.test_brokers_deep_coverage.TestCPPShimConnector" name="test_disconnect_not_connected" time="0.008" /><testcase classname="tests.unit.test_brokers_deep_coverage.TestCPPShimConnector" name="test_is_connected_false" time="0.006" /><testcase classname="tests.unit.test_brokers_deep_coverage.TestCPPShimConnector" name="test_place_order_not_connected" time="0.108" /><testcase classname="tests.unit.test_brokers_deep_coverage.TestCPPShimConnector" name="test_get_account_info_not_connected" time="0.006" /><testcase classname="tests.unit.test_brokers_deep_coverage.TestCPPShimConnector" name="test_get_positions_not_connected" time="0.006" /><testcase classname="tests.unit.test_brokers_deep_coverage.TestOANDAStream" name="test_init_practice" time="0.007" /><testcase classname="tests.unit.test_brokers_deep_coverage.TestOANDAStream" name="test_init_live" time="0.006" /><testcase classname="tests.unit.test_brokers_deep_coverage.TestOANDAStream" name="test_init_missing_credentials" time="0.007" /><testcase classname="tests.unit.test_brokers_deep_coverage.TestOANDAStream" name="test_init_on_tick_ignored" time="0.007" /><testcase classname="tests.unit.test_brokers_deep_coverage.TestOANDAStream" name="test_stream_prices_raises" time="0.008" /><testcase classname="tests.unit.test_brokers_deep_coverage.TestOANDAStream" name="test_connect_success" time="0.017" /><testcase classname="tests.unit.test_brokers_deep_coverage.TestOANDAStream" name="test_connect_failure" time="0.012" /><testcase classname="tests.unit.test_brokers_deep_coverage.TestOANDAStream" name="test_disconnect" time="0.011" /><testcase classname="tests.unit.test_brokers_deep_coverage.TestOANDAStream" name="test_context_manager" time="0.012" /><testcase classname="tests.unit.test_brokers_deep_coverage.TestOANDAStream" name="test_get_account_info" time="0.014" /><testcase classname="tests.unit.test_brokers_deep_coverage.TestOANDAStream" name="test_get_account_info_no_session" time="0.009" /><testcase classname="tests.unit.test_brokers_deep_coverage.TestOANDAStream" name="test_place_order_market" time="0.013" /><testcase classname="tests.unit.test_brokers_deep_coverage.TestOANDAStream" name="test_get_positions" time="0.015" /><testcase classname="tests.unit.test_brokers_deep_coverage.TestOANDAStream" name="test_cancel_order" time="0.013" /><testcase classname="tests.unit.test_brokers_deep_coverage.TestOANDAStream" name="test_close_position" time="0.014" /><testcase classname="tests.unit.test_brokers_deep_coverage.TestOandaBroker" name="test_init" time="0.006" /><testcase classname="tests.unit.test_brokers_deep_coverage.TestOandaBroker" name="test_connect_success" time="0.013" /><testcase classname="tests.unit.test_brokers_deep_coverage.TestOandaBroker" name="test_connect_failure_status" time="0.017" /><testcase classname="tests.unit.test_brokers_deep_coverage.TestOandaBroker" name="test_disconnect" time="0.012" /><testcase classname="tests.unit.test_brokers_deep_coverage.TestOandaBroker" name="test_get_account_info_not_connected" time="0.009" /><testcase classname="tests.unit.test_brokers_deep_coverage.TestOandaBroker" name="test_get_account_info_connected" time="0.012" /><testcase classname="tests.unit.test_brokers_deep_coverage.TestOandaBroker" name="test_get_positions_not_connected" time="0.009" /><testcase classname="tests.unit.test_brokers_deep_coverage.TestOandaBroker" name="test_place_order_not_connected" time="0.008" /><testcase classname="tests.unit.test_brokers_deep_coverage.TestOandaBroker" name="test_place_order_connected" time="0.014" /><testcase classname="tests.unit.test_brokers_deep_coverage.TestOandaBroker" name="test_cancel_order_not_connected" time="0.009" /><testcase classname="tests.unit.test_brokers_deep_coverage.TestOandaBroker" name="test_get_orders_not_connected" time="0.007" /><testcase classname="tests.unit.test_brokers_deep_coverage.TestIBKRFIXBridge" name="test_from_env" time="0.013" /><testcase classname="tests.unit.test_brokers_deep_coverage.TestIBKRFIXBridge" name="test_init" time="0.007" /><testcase classname="tests.unit.test_brokers_deep_coverage.TestIBKRFIXBridge" name="test_stop_not_started" time="0.008" /><testcase classname="tests.unit.test_brokers_deep_coverage.TestIBKRFIXBridge" name="test_kill_switch_stored" time="0.006" /><testcase classname="tests.unit.test_brokers_deep_coverage.TestIBKRFIXBridge" name="test_start_without_quickfix_raises_or_logs" time="0.011" /><testcase classname="tests.unit.test_brokers_deep_coverage.TestIBKRFIXBridge" name="test_place_order_not_started_raises" time="0.009" /><testcase classname="tests.unit.test_brokers_deep_coverage.TestIBKRBrokerReal" name="test_init_paper" time="0.006" /><testcase classname="tests.unit.test_brokers_deep_coverage.TestIBKRBrokerReal" name="test_init_live" time="0.005" /><testcase classname="tests.unit.test_brokers_deep_coverage.TestIBKRBrokerReal" name="test_init_defaults" time="0.006" /><testcase classname="tests.unit.test_brokers_deep_coverage.TestIBKRBrokerReal" name="test_connect_returns_false_without_ib_insync" time="0.010" /><testcase classname="tests.unit.test_brokers_deep_coverage.TestIBKRBrokerReal" name="test_disconnect_when_not_connected" time="0.008" /><testcase classname="tests.unit.test_brokers_deep_coverage.TestIBKRBrokerReal" name="test_market_data_forbidden" time="0.006" /><testcase classname="tests.unit.test_brokers_deep_coverage.TestIBKRBrokerReal" name="test_market_data_forbidden_error_message" time="0.006" /><testcase classname="tests.unit.test_brokers_deep_coverage.TestIBKRBrokerReal" name="test_register_fill_callback" time="0.006" /><testcase classname="tests.unit.test_brokers_deep_coverage.TestIBKRBrokerReal" name="test_get_account_info_not_connected" time="0.008" /><testcase classname="tests.unit.test_brokers_deep_coverage.TestIBKRBrokerReal" name="test_get_open_positions_not_connected" time="0.007" /><testcase classname="tests.unit.test_brokers_deep_coverage.TestIBKRBrokerReal" name="test_place_order_not_connected" time="0.008" /><testcase classname="tests.unit.test_brokers_deep_coverage.TestIBKRBrokerReal" name="test_cancel_order_not_connected" time="0.008" /><testcase classname="tests.unit.test_brokers_deep_coverage.TestMT5BridgeReal" name="test_init" time="0.007" /><testcase classname="tests.unit.test_brokers_deep_coverage.TestMT5BridgeReal" name="test_connect_signal_export_mode" time="0.008" /><testcase classname="tests.unit.test_brokers_deep_coverage.TestMT5BridgeReal" name="test_disconnect" time="0.008" /><testcase classname="tests.unit.test_brokers_deep_coverage.TestMT5BridgeReal" name="test_require_connected_raises" time="0.010" /><testcase classname="tests.unit.test_brokers_deep_coverage.TestMT5BridgeReal" name="test_send_order_no_stop_loss_raises" time="0.910" /><testcase classname="tests.unit.test_brokers_deep_coverage.TestMT5BridgeReal" name="test_send_order_signal_export_mode" time="2.417" /><testcase classname="tests.unit.test_brokers_deep_coverage.TestMT5BridgeReal" name="test_from_env_missing_login_raises" time="0.010" /><testcase classname="tests.unit.test_brokers_deep_coverage.TestMT5BridgeReal" name="test_from_env_success" time="0.011" /><testcase classname="tests.unit.test_brokers_deep_coverage.TestEX5SignalExporter" name="test_export_creates_file" time="0.009" /><testcase classname="tests.unit.test_brokers_deep_coverage.TestEX5SignalExporter" name="test_export_file_content" time="0.008" /><testcase classname="tests.unit.test_brokers_deep_coverage.TestEX5SignalExporter" name="test_export_modify" time="0.010" /><testcase classname="tests.unit.test_brokers_deep_coverage.TestEX5SignalExporter" name="test_export_cancel" time="0.009" /><testcase classname="tests.unit.test_brokers_deep_coverage.TestEX5SignalExporter" name="test_poll_fill_timeout" time="0.510" /><testcase classname="tests.unit.test_brokers_deep_coverage.TestEX5SignalExporter" name="test_poll_fill_filled" time="0.009" /><testcase classname="tests.unit.test_brokers_deep_coverage.TestEX5SignalExporter" name="test_poll_fill_rejected" time="0.009" /><testcase classname="tests.unit.test_brokers_deep_coverage.TestEX5SignalExporter" name="test_cleanup_old_signals" time="0.008" /><testcase classname="tests.unit.test_brokers_deep_coverage.TestMT5ZmqBridge" name="test_init" time="0.006" /><testcase classname="tests.unit.test_brokers_deep_coverage.TestMT5ZmqBridge" name="test_start_degraded_without_zmq" time="0.007" /><testcase classname="tests.unit.test_brokers_deep_coverage.TestMT5ZmqBridge" name="test_stop_when_not_started" time="0.007" /><testcase classname="tests.unit.test_brokers_deep_coverage.TestMT5ZmqBridge" name="test_context_manager" time="0.007" /><testcase classname="tests.unit.test_brokers_deep_coverage.TestMT5ZmqBridge" name="test_send_order_not_connected_raises" time="0.007" /><testcase classname="tests.unit.test_brokers_deep_coverage.TestMT5ZmqBridge" name="test_close_position_not_connected_raises" time="0.007" /><testcase classname="tests.unit.test_brokers_deep_coverage.TestMT5ZmqBridge" name="test_modify_position_not_connected_raises" time="0.007" /><testcase classname="tests.unit.test_brokers_deep_coverage.TestMT5ZmqBridge" name="test_ping_degraded_returns_sentinel" time="0.007" /><testcase classname="tests.unit.test_brokers_deep_coverage.TestMT5ZmqBridge" name="test_status_property" time="0.006" /><testcase classname="tests.unit.test_brokers_deep_coverage.TestMT5ZmqBridge" name="test_stats_property" time="0.006" /><testcase classname="tests.unit.test_brokers_deep_coverage.TestMT5ZmqBridge" name="test_register_tick_callback" time="0.007" /><testcase classname="tests.unit.test_brokers_deep_coverage.TestMT5ZmqBridge" name="test_get_bridge_singleton" time="0.006" /><testcase classname="tests.unit.test_brokers_deep_coverage.TestMT5ZmqBridge" name="test_start_already_connected_noop" time="0.007" /><testcase classname="tests.unit.test_brokers_deep_coverage.TestMT5BrokerConnector" name="test_init" time="0.007" /><testcase classname="tests.unit.test_brokers_deep_coverage.TestMT5BrokerConnector" name="test_connect_without_mt5" time="0.008" /><testcase classname="tests.unit.test_brokers_deep_coverage.TestMT5BrokerConnector" name="test_disconnect" time="0.010" /><testcase classname="tests.unit.test_brokers_deep_coverage.TestMT5BrokerConnector" name="test_status" time="0.006" /><testcase classname="tests.unit.test_brokers_deep_coverage.TestMT5BrokerConnector" name="test_get_account_info_not_connected" time="0.009" /><testcase classname="tests.unit.test_brokers_deep_coverage.TestMT5BrokerConnector" name="test_get_positions_not_connected" time="0.009" /><testcase classname="tests.unit.test_brokers_deep_coverage.TestMT5BrokerConnector" name="test_get_orders_not_connected" time="0.009" /><testcase classname="tests.unit.test_brokers_deep_coverage.TestMT5BrokerConnector" name="test_place_order_not_connected" time="0.008" /><testcase classname="tests.unit.test_brokers_deep_coverage.TestMT5BrokerConnector" name="test_cancel_order_not_connected" time="0.009" /><testcase classname="tests.unit.test_brokers_deep_coverage.TestMT5BrokerConnector" name="test_close_position_not_connected" time="0.009" /><testcase classname="tests.unit.test_brokers_deep_coverage.TestMT5BrokerConnector" name="test_get_tick_not_connected" time="0.009" /><testcase classname="tests.unit.test_brokers_deep_coverage.TestMT5BrokerConnector" name="test_modify_position_not_connected" time="0.011" /><testcase classname="tests.unit.test_brokers_deep_coverage.TestIBKRConnector" name="test_raises_import_error_without_ib_insync" time="0.006" /><testcase classname="tests.unit.test_brokers_deep_coverage.TestIBKRConnector" name="test_ib_available_flag" time="0.006" /><testcase classname="tests.unit.test_brokers_deep_coverage.TestIBKRConnector" name="test_ibkr_config_defaults" time="0.005" /><testcase classname="tests.unit.test_brokers_deep_coverage.TestIBKRConnector" name="test_ibkr_config_custom" time="0.006" /><testcase classname="tests.unit.test_brokers_direct_mode.TestSendDirect" name="test_market_buy" time="0.013" /><testcase classname="tests.unit.test_brokers_direct_mode.TestSendDirect" name="test_market_sell" time="0.011" /><testcase classname="tests.unit.test_brokers_direct_mode.TestSendDirect" name="test_limit_buy" time="0.011" /><testcase classname="tests.unit.test_brokers_direct_mode.TestSendDirect" name="test_limit_no_price_raises" time="0.012" /><testcase classname="tests.unit.test_brokers_direct_mode.TestSendDirect" name="test_stop_sell" time="0.011" /><testcase classname="tests.unit.test_brokers_direct_mode.TestSendDirect" name="test_stop_no_price_raises" time="0.010" /><testcase classname="tests.unit.test_brokers_direct_mode.TestSendDirect" name="test_symbol_not_found" time="0.008" /><testcase classname="tests.unit.test_brokers_direct_mode.TestSendDirect" name="test_symbol_select_fails" time="0.009" /><testcase classname="tests.unit.test_brokers_direct_mode.TestSendDirect" name="test_no_tick" time="0.010" /><testcase classname="tests.unit.test_brokers_direct_mode.TestSendDirect" name="test_order_rejected" time="0.010" /><testcase classname="tests.unit.test_brokers_direct_mode.TestSendDirect" name="test_order_send_none" time="0.009" /><testcase classname="tests.unit.test_brokers_direct_mode.TestSendDirect" name="test_with_take_profit" time="0.011" /><testcase classname="tests.unit.test_brokers_direct_mode.TestClosePositionDirect" name="test_no_positions" time="0.009" /><testcase classname="tests.unit.test_brokers_direct_mode.TestClosePositionDirect" name="test_success_buy" time="0.011" /><testcase classname="tests.unit.test_brokers_direct_mode.TestClosePositionDirect" name="test_success_sell" time="0.011" /><testcase classname="tests.unit.test_brokers_direct_mode.TestClosePositionDirect" name="test_no_tick_skips" time="0.010" /><testcase classname="tests.unit.test_brokers_direct_mode.TestClosePositionDirect" name="test_order_fails_skips" time="0.011" /><testcase classname="tests.unit.test_brokers_direct_mode.TestClosePositionDirect" name="test_partial_close" time="0.011" /><testcase classname="tests.unit.test_brokers_direct_mode.TestGetAccountDirect" name="test_success" time="0.010" /><testcase classname="tests.unit.test_brokers_direct_mode.TestGetAccountDirect" name="test_none_raises" time="0.008" /><testcase classname="tests.unit.test_brokers_direct_mode.TestGetPositionDirect" name="test_long" time="0.009" /><testcase classname="tests.unit.test_brokers_direct_mode.TestGetPositionDirect" name="test_short" time="0.010" /><testcase classname="tests.unit.test_brokers_direct_mode.TestGetPositionDirect" name="test_empty" time="0.009" /><testcase classname="tests.unit.test_brokers_direct_mode.TestModifyOrderDirect" name="test_success" time="0.010" /><testcase classname="tests.unit.test_brokers_direct_mode.TestModifyOrderDirect" name="test_only_sl" time="0.011" /><testcase classname="tests.unit.test_brokers_direct_mode.TestModifyOrderDirect" name="test_fails" time="0.512" /><testcase classname="tests.unit.test_brokers_direct_mode.TestModifyOrderDirect" name="test_send_none" time="0.512" /><testcase classname="tests.unit.test_brokers_direct_mode.TestCancelOrderDirect" name="test_success" time="0.009" /><testcase classname="tests.unit.test_brokers_direct_mode.TestCancelOrderDirect" name="test_fails" time="0.514" /><testcase classname="tests.unit.test_brokers_direct_mode.TestCancelOrderDirect" name="test_send_none" time="0.511" /><testcase classname="tests.unit.test_brokers_direct_mode.TestMonitorFillDirect" name="test_timeout" time="0.061" /><testcase classname="tests.unit.test_brokers_direct_mode.TestMonitorFillDirect" name="test_found_in_history" time="0.009" /><testcase classname="tests.unit.test_brokers_direct_mode.TestMonitorFillDirect" name="test_pending_then_filled" time="0.010" /><testcase classname="tests.unit.test_brokers_direct_mode.TestMonitorFillDirect" name="test_deal_not_matching_ticket" time="0.061" /><testcase classname="tests.unit.test_brokers_direct_mode.TestConnectDirectMode" name="test_connect_success" time="0.010" /><testcase classname="tests.unit.test_brokers_direct_mode.TestConnectDirectMode" name="test_connect_with_path" time="0.011" /><testcase classname="tests.unit.test_brokers_direct_mode.TestConnectDirectMode" name="test_connect_init_fails" time="3.013" /><testcase classname="tests.unit.test_brokers_direct_mode.TestConnectDirectMode" name="test_connect_login_fails" time="3.013" /><testcase classname="tests.unit.test_brokers_direct_mode.TestConnectDirectMode" name="test_disconnect" time="0.010" /><testcase classname="tests.unit.test_brokers_extended_coverage.TestIBKRBrokerModule" name="test_init" time="0.007" /><testcase classname="tests.unit.test_brokers_extended_coverage.TestIBKRBrokerModule" name="test_connect_no_ib_insync" time="0.009" /><testcase classname="tests.unit.test_brokers_extended_coverage.TestIBKRBrokerModule" name="test_disconnect_not_connected" time="0.009" /><testcase classname="tests.unit.test_brokers_extended_coverage.TestIBKRBrokerModule" name="test_get_account_info_not_connected" time="0.010" /><testcase classname="tests.unit.test_brokers_extended_coverage.TestIBKRBrokerModule" name="test_get_positions_not_connected" time="0.009" /><testcase classname="tests.unit.test_brokers_extended_coverage.TestIBKRBrokerModule" name="test_get_orders_not_connected" time="0.008" /><testcase classname="tests.unit.test_brokers_extended_coverage.TestIBKRBrokerModule" name="test_place_order_not_connected" time="0.008" /><testcase classname="tests.unit.test_brokers_extended_coverage.TestIBKRBrokerModule" name="test_cancel_order_not_connected" time="0.009" /><testcase classname="tests.unit.test_brokers_extended_coverage.TestIBKRBrokerModule" name="test_close_position_not_connected" time="0.009" /><testcase classname="tests.unit.test_brokers_extended_coverage.TestIBKRBrokerModule" name="test_get_tick_not_connected" time="0.009" /><testcase classname="tests.unit.test_brokers_extended_coverage.TestIBKRBrokerModule" name="test_reconnect_not_connected" time="7.019" /><testcase classname="tests.unit.test_brokers_extended_coverage.TestIBKRBrokerModule" name="test_status" time="0.008" /><testcase classname="tests.unit.test_brokers_extended_coverage.TestIBKRBrokerModule" name="test_resolve_env_placeholder" time="0.011" /><testcase classname="tests.unit.test_brokers_extended_coverage.TestOANDAConnector" name="test_init" time="0.006" /><testcase classname="tests.unit.test_brokers_extended_coverage.TestOANDAConnector" name="test_init_missing_credentials_raises" time="0.007" /><testcase classname="tests.unit.test_brokers_extended_coverage.TestOANDAConnector" name="test_connect_success" time="0.012" /><testcase classname="tests.unit.test_brokers_extended_coverage.TestOANDAConnector" name="test_connect_failure" time="0.007" /><testcase classname="tests.unit.test_brokers_extended_coverage.TestOANDAConnector" name="test_disconnect" time="0.007" /><testcase classname="tests.unit.test_brokers_extended_coverage.TestOANDAConnector" name="test_get_account_info_not_connected" time="0.005" /><testcase classname="tests.unit.test_brokers_extended_coverage.TestOANDAConnector" name="test_get_positions_not_connected" time="0.006" /><testcase classname="tests.unit.test_brokers_extended_coverage.TestOANDAConnector" name="test_place_order_not_connected" time="0.006" /><testcase classname="tests.unit.test_brokers_extended_coverage.TestOANDAConnector" name="test_cancel_order_not_connected" time="0.007" /><testcase classname="tests.unit.test_brokers_extended_coverage.TestOANDAConnector" name="test_close_position_not_connected" time="0.008" /><testcase classname="tests.unit.test_brokers_extended_coverage.TestOANDAConnector" name="test_get_market_data_not_connected" time="0.007" /><testcase classname="tests.unit.test_brokers_extended_coverage.TestOANDAConnector" name="test_get_account_info_connected" time="0.010" /><testcase classname="tests.unit.test_brokers_extended_coverage.TestOANDAConnector" name="test_get_positions_connected" time="0.010" /><testcase classname="tests.unit.test_brokers_extended_coverage.TestOANDAConnector" name="test_place_order_connected" time="0.009" /><testcase classname="tests.unit.test_brokers_extended_coverage.TestOANDAConnector" name="test_cancel_order_connected" time="0.010" /><testcase classname="tests.unit.test_brokers_extended_coverage.TestOANDAConnector" name="test_close_position_connected" time="0.009" /><testcase classname="tests.unit.test_brokers_extended_coverage.TestOANDAConnector" name="test_get_market_data_connected" time="0.010" /><testcase classname="tests.unit.test_brokers_extended_coverage.TestOANDABroker" name="test_init" time="0.007" /><testcase classname="tests.unit.test_brokers_extended_coverage.TestOANDABroker" name="test_connect_success" time="0.018" /><testcase classname="tests.unit.test_brokers_extended_coverage.TestOANDABroker" name="test_connect_failure" time="0.017" /><testcase classname="tests.unit.test_brokers_extended_coverage.TestOANDABroker" name="test_disconnect" time="0.013" /><testcase classname="tests.unit.test_brokers_extended_coverage.TestOANDABroker" name="test_get_account_info_not_connected" time="0.007" /><testcase classname="tests.unit.test_brokers_extended_coverage.TestOANDABroker" name="test_get_open_positions_not_connected" time="0.008" /><testcase classname="tests.unit.test_brokers_extended_coverage.TestOANDABroker" name="test_place_order_not_connected" time="0.007" /><testcase classname="tests.unit.test_brokers_extended_coverage.TestOANDABroker" name="test_cancel_order_not_connected" time="0.007" /><testcase classname="tests.unit.test_brokers_extended_coverage.TestOANDABroker" name="test_close_position_not_connected" time="0.008" /><testcase classname="tests.unit.test_brokers_extended_coverage.TestOANDABroker" name="test_ping_not_connected" time="0.007" /><testcase classname="tests.unit.test_brokers_extended_coverage.TestOANDABroker" name="test_metrics" time="0.005" /><testcase classname="tests.unit.test_brokers_extended_coverage.TestOANDABroker" name="test_market_data_forbidden" time="0.005" /><testcase classname="tests.unit.test_brokers_extended_coverage.TestOANDABroker" name="test_get_candles_forbidden" time="0.008" /><testcase classname="tests.unit.test_brokers_extended_coverage.TestOANDABroker" name="test_stream_prices_forbidden" time="0.009" /><testcase classname="tests.unit.test_brokers_extended_coverage.TestOANDABroker" name="test_get_account_info_connected" time="0.013" /><testcase classname="tests.unit.test_brokers_extended_coverage.TestOANDABroker" name="test_get_open_positions_connected" time="0.014" /><testcase classname="tests.unit.test_brokers_extended_coverage.TestOANDABroker" name="test_place_order_connected" time="0.012" /><testcase classname="tests.unit.test_brokers_init.TestOrderDataclass" name="test_remaining_quantity_unfilled" time="0.007" /><testcase classname="tests.unit.test_brokers_init.TestOrderDataclass" name="test_remaining_quantity_partial" time="0.005" /><testcase classname="tests.unit.test_brokers_init.TestOrderDataclass" name="test_is_complete_filled" time="0.005" /><testcase classname="tests.unit.test_brokers_init.TestOrderDataclass" name="test_is_complete_cancelled" time="0.009" /><testcase classname="tests.unit.test_brokers_init.TestOrderDataclass" name="test_is_complete_rejected" time="0.006" /><testcase classname="tests.unit.test_brokers_init.TestOrderDataclass" name="test_is_complete_pending" time="0.005" /><testcase classname="tests.unit.test_brokers_init.TestOrderDataclass" name="test_to_dict_keys" time="0.011" /><testcase classname="tests.unit.test_brokers_init.TestOrderDataclass" name="test_to_dict_side_is_string" time="0.007" /><testcase classname="tests.unit.test_brokers_init.TestOrderDataclass" name="test_to_dict_status_is_string" time="0.006" /><testcase classname="tests.unit.test_brokers_init.TestPositionDataclass" name="test_market_value" time="0.007" /><testcase classname="tests.unit.test_brokers_init.TestPositionDataclass" name="test_total_pnl" time="0.006" /><testcase classname="tests.unit.test_brokers_init.TestPositionDataclass" name="test_update_price_long" time="0.006" /><testcase classname="tests.unit.test_brokers_init.TestPositionDataclass" name="test_update_price_short" time="0.006" /><testcase classname="tests.unit.test_brokers_init.TestPositionDataclass" name="test_update_price_adverse_long" time="0.006" /><testcase classname="tests.unit.test_brokers_init.TestPositionDataclass" name="test_to_dict_keys" time="0.006" /><testcase classname="tests.unit.test_brokers_init.TestBaseBrokerAbstract" name="test_cannot_instantiate_directly" time="0.005" /><testcase classname="tests.unit.test_brokers_init.TestBaseBrokerAbstract" name="test_concrete_subclass_without_methods_raises" time="0.006" /><testcase classname="tests.unit.test_brokers_init.TestBaseBrokerAbstract" name="test_close_all_positions_calls_close_position" time="0.008" /><testcase classname="tests.unit.test_brokers_init.TestBaseBrokerAbstract" name="test_cancel_all_orders_calls_cancel_order" time="0.008" /><testcase classname="tests.unit.test_brokers_init.TestPaperTradingBrokerSync" name="test_initial_balance" time="0.015" /><testcase classname="tests.unit.test_brokers_init.TestPaperTradingBrokerSync" name="test_place_market_buy" time="0.015" /><testcase classname="tests.unit.test_brokers_init.TestPaperTradingBrokerSync" name="test_place_market_sell" time="0.013" /><testcase classname="tests.unit.test_brokers_init.TestPaperTradingBrokerSync" name="test_place_limit_order_open" time="0.015" /><testcase classname="tests.unit.test_brokers_init.TestPaperTradingBrokerSync" name="test_cancel_limit_order" time="0.013" /><testcase classname="tests.unit.test_brokers_init.TestPaperTradingBrokerSync" name="test_balance_decreases_after_buy" time="0.015" /><testcase classname="tests.unit.test_brokers_init.TestCreateBrokerFactory" name="test_creates_paper_broker" time="0.013" /><testcase classname="tests.unit.test_brokers_init.TestCreateBrokerFactory" name="test_paper_broker_type" time="0.012" /><testcase classname="tests.unit.test_brokers_init.TestCreateBrokerFactory" name="test_unknown_type_raises" time="0.005" /><testcase classname="tests.unit.test_brokers_init.TestCreateBrokerFactory" name="test_paper_broker_case_insensitive" time="0.013" /><testcase classname="tests.unit.test_brokers_init_async.TestInitPaperBrokerAsync" name="test_connect_and_disconnect" time="0.017" /><testcase classname="tests.unit.test_brokers_init_async.TestInitPaperBrokerAsync" name="test_get_account_info_structure" time="0.012" /><testcase classname="tests.unit.test_brokers_init_async.TestInitPaperBrokerAsync" name="test_place_market_order_not_connected_raises" time="0.014" /><testcase classname="tests.unit.test_brokers_init_async.TestInitPaperBrokerAsync" name="test_get_positions_empty" time="0.015" /><testcase classname="tests.unit.test_brokers_init_async.TestInitPaperBrokerAsync" name="test_cancel_order_not_found" time="0.012" /><testcase classname="tests.unit.test_brokers_init_async.TestInitPaperBrokerAsync" name="test_place_market_order_async" time="0.014" /><testcase classname="tests.unit.test_brokers_init_async.TestInitPaperBrokerAsync" name="test_is_connected" time="0.015" /><testcase classname="tests.unit.test_brokers_init_async.TestInitPaperBrokerAsync" name="test_set_price_feed" time="0.012" /><testcase classname="tests.unit.test_brokers_init_async.TestInitOANDABroker" name="test_disconnect_no_session" time="0.009" /><testcase classname="tests.unit.test_brokers_init_async.TestInitOANDABroker" name="test_cancel_order_success" time="0.014" /><testcase classname="tests.unit.test_brokers_init_async.TestInitOANDABroker" name="test_cancel_order_raises" time="2.019" /><testcase classname="tests.unit.test_brokers_init_async.TestInitOANDABroker" name="test_close_position_invalid_id" time="0.009" /><testcase classname="tests.unit.test_brokers_init_async.TestInitOANDABroker" name="test_get_account_info_mocked" time="0.009" /><testcase classname="tests.unit.test_brokers_init_async.TestInitOANDABroker" name="test_get_positions_mocked" time="0.009" /><testcase classname="tests.unit.test_brokers_init_async.TestInitOANDABroker" name="test_get_pending_orders_mocked" time="0.010" /><testcase classname="tests.unit.test_brokers_init_async.TestInitOANDABroker" name="test_place_market_order_mocked" time="0.008" /><testcase classname="tests.unit.test_brokers_init_async.TestInitOANDABroker" name="test_place_market_order_no_fill_raises" time="0.009" /><testcase classname="tests.unit.test_brokers_init_async.TestInitOANDABroker" name="test_close_position_mocked" time="0.010" /><testcase classname="tests.unit.test_brokers_init_async.TestInitOANDABroker" name="test_close_position_raises" time="0.009" /><testcase classname="tests.unit.test_brokers_init_async.TestInitOANDABroker" name="test_get_positions_cached" time="0.009" /><testcase classname="tests.unit.test_brokers_init_async.TestBaseBrokerHelpers" name="test_close_all_positions_empty" time="0.017" /><testcase classname="tests.unit.test_brokers_low_coverage.TestMT5BrokerConnect" name="test_connect_success" time="0.015" /><testcase classname="tests.unit.test_brokers_low_coverage.TestMT5BrokerConnect" name="test_connect_initialize_fails" time="0.014" /><testcase classname="tests.unit.test_brokers_low_coverage.TestMT5BrokerConnect" name="test_connect_login_fails" time="0.017" /><testcase classname="tests.unit.test_brokers_low_coverage.TestMT5BrokerConnect" name="test_connect_invalid_login" time="0.011" /><testcase classname="tests.unit.test_brokers_low_coverage.TestMT5BrokerConnect" name="test_connect_with_terminal_path" time="0.014" /><testcase classname="tests.unit.test_brokers_low_coverage.TestMT5BrokerConnect" name="test_connect_sdk_unavailable" time="0.008" /><testcase classname="tests.unit.test_brokers_low_coverage.TestMT5BrokerConnect" name="test_disconnect" time="0.014" /><testcase classname="tests.unit.test_brokers_low_coverage.TestMT5BrokerConnect" name="test_disconnect_not_connected" time="0.010" /><testcase classname="tests.unit.test_brokers_low_coverage.TestMT5BrokerAccount" name="test_get_account_info_not_connected" time="0.011" /><testcase classname="tests.unit.test_brokers_low_coverage.TestMT5BrokerAccount" name="test_get_account_info_success" time="0.013" /><testcase classname="tests.unit.test_brokers_low_coverage.TestMT5BrokerAccount" name="test_get_account_info_none" time="0.011" /><testcase classname="tests.unit.test_brokers_low_coverage.TestMT5BrokerAccount" name="test_get_positions_not_connected" time="0.012" /><testcase classname="tests.unit.test_brokers_low_coverage.TestMT5BrokerAccount" name="test_get_positions_success" time="0.012" /><testcase classname="tests.unit.test_brokers_low_coverage.TestMT5BrokerAccount" name="test_get_positions_sell" time="0.012" /><testcase classname="tests.unit.test_brokers_low_coverage.TestMT5BrokerAccount" name="test_get_positions_none" time="0.012" /><testcase classname="tests.unit.test_brokers_low_coverage.TestMT5BrokerAccount" name="test_get_orders_not_connected" time="0.010" /><testcase classname="tests.unit.test_brokers_low_coverage.TestMT5BrokerAccount" name="test_get_orders_success" time="0.015" /><testcase classname="tests.unit.test_brokers_low_coverage.TestMT5BrokerAccount" name="test_get_orders_none" time="0.011" /><testcase classname="tests.unit.test_brokers_low_coverage.TestMT5BrokerPlaceOrder" name="test_place_order_not_connected" time="0.011" /><testcase classname="tests.unit.test_brokers_low_coverage.TestMT5BrokerPlaceOrder" name="test_place_order_market_buy_success" time="0.017" /><testcase classname="tests.unit.test_brokers_low_coverage.TestMT5BrokerPlaceOrder" name="test_place_order_market_sell_success" time="0.014" /><testcase classname="tests.unit.test_brokers_low_coverage.TestMT5BrokerPlaceOrder" name="test_place_order_no_tick" time="0.012" /><testcase classname="tests.unit.test_brokers_low_coverage.TestMT5BrokerPlaceOrder" name="test_place_order_symbol_not_found" time="0.013" /><testcase classname="tests.unit.test_brokers_low_coverage.TestMT5BrokerPlaceOrder" name="test_place_order_limit_buy" time="0.013" /><testcase classname="tests.unit.test_brokers_low_coverage.TestMT5BrokerPlaceOrder" name="test_place_order_stop_sell" time="0.013" /><testcase classname="tests.unit.test_brokers_low_coverage.TestMT5BrokerPlaceOrder" name="test_place_order_unknown_type" time="0.012" /><testcase classname="tests.unit.test_brokers_low_coverage.TestMT5BrokerPlaceOrder" name="test_place_order_send_none" time="0.019" /><testcase classname="tests.unit.test_brokers_low_coverage.TestMT5BrokerPlaceOrder" name="test_place_order_retcode_not_done" time="0.015" /><testcase classname="tests.unit.test_brokers_low_coverage.TestMT5BrokerCloseModifyCancel" name="test_close_position_not_connected" time="0.010" /><testcase classname="tests.unit.test_brokers_low_coverage.TestMT5BrokerCloseModifyCancel" name="test_close_position_not_found" time="0.011" /><testcase classname="tests.unit.test_brokers_low_coverage.TestMT5BrokerCloseModifyCancel" name="test_close_position_success" time="0.014" /><testcase classname="tests.unit.test_brokers_low_coverage.TestMT5BrokerCloseModifyCancel" name="test_close_position_partial" time="0.014" /><testcase classname="tests.unit.test_brokers_low_coverage.TestMT5BrokerCloseModifyCancel" name="test_close_position_no_tick" time="0.013" /><testcase classname="tests.unit.test_brokers_low_coverage.TestMT5BrokerCloseModifyCancel" name="test_modify_position_not_connected" time="0.011" /><testcase classname="tests.unit.test_brokers_low_coverage.TestMT5BrokerCloseModifyCancel" name="test_modify_position_success" time="0.012" /><testcase classname="tests.unit.test_brokers_low_coverage.TestMT5BrokerCloseModifyCancel" name="test_modify_position_send_none" time="0.015" /><testcase classname="tests.unit.test_brokers_low_coverage.TestMT5BrokerCloseModifyCancel" name="test_cancel_order_not_connected" time="0.011" /><testcase classname="tests.unit.test_brokers_low_coverage.TestMT5BrokerCloseModifyCancel" name="test_cancel_order_success" time="0.013" /><testcase classname="tests.unit.test_brokers_low_coverage.TestMT5BrokerCloseModifyCancel" name="test_cancel_order_send_none" time="0.012" /><testcase classname="tests.unit.test_brokers_low_coverage.TestMT5BrokerCloseModifyCancel" name="test_get_tick_not_connected" time="0.012" /><testcase classname="tests.unit.test_brokers_low_coverage.TestMT5BrokerCloseModifyCancel" name="test_get_tick_success" time="0.012" /><testcase classname="tests.unit.test_brokers_low_coverage.TestMT5BrokerCloseModifyCancel" name="test_get_tick_none" time="0.012" /><testcase classname="tests.unit.test_brokers_low_coverage.TestMT5BrokerCloseModifyCancel" name="test_status" time="0.009" /><testcase classname="tests.unit.test_brokers_low_coverage.TestOandaHelpers" name="test_resolve_env_plain_string" time="0.006" /><testcase classname="tests.unit.test_brokers_low_coverage.TestOandaHelpers" name="test_resolve_env_non_string" time="0.006" /><testcase classname="tests.unit.test_brokers_low_coverage.TestOandaHelpers" name="test_resolve_env_none" time="0.008" /><testcase classname="tests.unit.test_brokers_low_coverage.TestOandaHelpers" name="test_resolve_env_placeholder_with_default" time="0.008" /><testcase classname="tests.unit.test_brokers_low_coverage.TestOandaHelpers" name="test_resolve_env_placeholder_from_env" time="0.007" /><testcase classname="tests.unit.test_brokers_low_coverage.TestOandaHelpers" name="test_mask_account_short" time="0.007" /><testcase classname="tests.unit.test_brokers_low_coverage.TestOandaHelpers" name="test_mask_account_long" time="0.007" /><testcase classname="tests.unit.test_brokers_low_coverage.TestOandaHelpers" name="test_mask_account_none" time="0.006" /><testcase classname="tests.unit.test_brokers_low_coverage.TestOandaBrokerConnect" name="test_connect_success" time="0.018" /><testcase classname="tests.unit.test_brokers_low_coverage.TestOandaBrokerConnect" name="test_connect_non_200" time="0.020" /><testcase classname="tests.unit.test_brokers_low_coverage.TestOandaBrokerConnect" name="test_connect_client_error" time="0.013" /><testcase classname="tests.unit.test_brokers_low_coverage.TestOandaBrokerConnect" name="test_connect_live_server" time="0.019" /><testcase classname="tests.unit.test_brokers_low_coverage.TestOandaBrokerConnect" name="test_disconnect" time="0.013" /><testcase classname="tests.unit.test_brokers_low_coverage.TestOandaBrokerConnect" name="test_disconnect_already_closed" time="0.011" /><testcase classname="tests.unit.test_brokers_low_coverage.TestOandaBrokerAccount" name="test_get_account_info_not_connected" time="0.009" /><testcase classname="tests.unit.test_brokers_low_coverage.TestOandaBrokerAccount" name="test_get_account_info_success" time="0.016" /><testcase classname="tests.unit.test_brokers_low_coverage.TestOandaBrokerAccount" name="test_get_account_info_non_200" time="0.019" /><testcase classname="tests.unit.test_brokers_low_coverage.TestOandaBrokerAccount" name="test_get_positions_not_connected" time="0.009" /><testcase classname="tests.unit.test_brokers_low_coverage.TestOandaBrokerAccount" name="test_get_positions_success" time="0.017" /><testcase classname="tests.unit.test_brokers_low_coverage.TestOandaBrokerAccount" name="test_get_positions_non_200" time="0.015" /><testcase classname="tests.unit.test_brokers_low_coverage.TestOandaBrokerAccount" name="test_get_orders_not_connected" time="0.009" /><testcase classname="tests.unit.test_brokers_low_coverage.TestOandaBrokerAccount" name="test_get_orders_success" time="0.014" /><testcase classname="tests.unit.test_brokers_low_coverage.TestOandaBrokerAccount" name="test_get_orders_non_200" time="0.014" /><testcase classname="tests.unit.test_brokers_low_coverage.TestOandaBrokerPlaceOrder" name="test_place_order_not_connected" time="0.008" /><testcase classname="tests.unit.test_brokers_low_coverage.TestOandaBrokerPlaceOrder" name="test_place_order_market_success" time="0.016" /><testcase classname="tests.unit.test_brokers_low_coverage.TestOandaBrokerPlaceOrder" name="test_place_order_limit_with_price" time="0.014" /><testcase classname="tests.unit.test_brokers_low_coverage.TestOandaBrokerPlaceOrder" name="test_place_order_with_sl_tp" time="0.014" /><testcase classname="tests.unit.test_brokers_low_coverage.TestOandaBrokerPlaceOrder" name="test_place_order_400_non_retryable" time="0.016" /><testcase classname="tests.unit.test_brokers_low_coverage.TestOandaBrokerPlaceOrder" name="test_place_order_401_non_retryable" time="0.019" /><testcase classname="tests.unit.test_brokers_low_coverage.TestOandaBrokerPlaceOrder" name="test_place_order_429_rate_limit_exhausted" time="0.018" /><testcase classname="tests.unit.test_brokers_low_coverage.TestOandaBrokerPlaceOrder" name="test_place_order_500_retries_then_fails" time="0.018" /><testcase classname="tests.unit.test_brokers_low_coverage.TestOandaBrokerPlaceOrder" name="test_place_order_timeout_retries" time="0.013" /><testcase classname="tests.unit.test_brokers_low_coverage.TestOandaBrokerPlaceOrder" name="test_place_order_connection_error_retries" time="0.013" /><testcase classname="tests.unit.test_brokers_low_coverage.TestOandaBrokerPlaceOrder" name="test_place_order_generic_client_error" time="0.012" /><testcase classname="tests.unit.test_brokers_low_coverage.TestOandaBrokerPlaceOrder" name="test_place_order_long_client_id_truncated" time="0.015" /><testcase classname="tests.unit.test_brokers_low_coverage.TestOandaBrokerPlaceOrder" name="test_close_trade_not_connected" time="0.008" /><testcase classname="tests.unit.test_brokers_low_coverage.TestOandaBrokerPlaceOrder" name="test_close_trade_success" time="0.015" /><testcase classname="tests.unit.test_brokers_low_coverage.TestOandaBrokerPlaceOrder" name="test_close_trade_non_200" time="0.013" /><testcase classname="tests.unit.test_brokers_low_coverage.TestOandaBrokerPlaceOrder" name="test_status" time="0.008" /><testcase classname="tests.unit.test_brokers_low_coverage.TestMT5ZmqBridgeDegraded" name="test_start_degraded_when_no_zmq" time="0.008" /><testcase classname="tests.unit.test_brokers_low_coverage.TestMT5ZmqBridgeDegraded" name="test_send_order_raises_in_degraded" time="0.005" /><testcase classname="tests.unit.test_brokers_low_coverage.TestMT5ZmqBridgeDegraded" name="test_close_position_raises_in_degraded" time="0.008" /><testcase classname="tests.unit.test_brokers_low_coverage.TestMT5ZmqBridgeDegraded" name="test_modify_position_raises_in_degraded" time="0.007" /><testcase classname="tests.unit.test_brokers_low_coverage.TestMT5ZmqBridgeDegraded" name="test_ping_returns_minus_one_degraded" time="0.007" /><testcase classname="tests.unit.test_brokers_low_coverage.TestMT5ZmqBridgeDegraded" name="test_publish_signal_no_pub_socket" time="0.007" /><testcase classname="tests.unit.test_brokers_low_coverage.TestMT5ZmqBridgeDegraded" name="test_stop_degraded" time="0.008" /><testcase classname="tests.unit.test_brokers_low_coverage.TestMT5ZmqBridgeDegraded" name="test_context_manager_degraded" time="0.007" /><testcase classname="tests.unit.test_brokers_low_coverage.TestMT5ZmqBridgeNotConnected" name="test_send_order_not_connected" time="0.007" /><testcase classname="tests.unit.test_brokers_low_coverage.TestMT5ZmqBridgeNotConnected" name="test_close_position_not_connected" time="0.006" /><testcase classname="tests.unit.test_brokers_low_coverage.TestMT5ZmqBridgeConnected" name="test_send_order_timeout" time="0.108" /><testcase classname="tests.unit.test_brokers_low_coverage.TestMT5ZmqBridgeConnected" name="test_close_position_timeout" time="0.107" /><testcase classname="tests.unit.test_brokers_low_coverage.TestMT5ZmqBridgeConnected" name="test_modify_position_timeout" time="0.111" /><testcase classname="tests.unit.test_brokers_low_coverage.TestMT5ZmqBridgeConnected" name="test_send_order_fill_response" time="0.017" /><testcase classname="tests.unit.test_brokers_low_coverage.TestMT5ZmqBridgeConnected" name="test_send_order_error_response" time="0.016" /><testcase classname="tests.unit.test_brokers_low_coverage.TestMT5ZmqBridgeConnected" name="test_publish_signal" time="0.008" /><testcase classname="tests.unit.test_brokers_low_coverage.TestMT5ZmqBridgeConnected" name="test_publish_signal_exception_suppressed" time="0.008" /><testcase classname="tests.unit.test_brokers_low_coverage.TestMT5ZmqBridgeConnected" name="test_register_tick_callback" time="0.007" /><testcase classname="tests.unit.test_brokers_low_coverage.TestMT5ZmqBridgeConnected" name="test_stats_initial" time="0.007" /><testcase classname="tests.unit.test_brokers_low_coverage.TestMT5ZmqBridgeDispatch" name="test_dispatch_tick_calls_callbacks" time="0.006" /><testcase classname="tests.unit.test_brokers_low_coverage.TestMT5ZmqBridgeDispatch" name="test_dispatch_tick_callback_exception_suppressed" time="0.006" /><testcase classname="tests.unit.test_brokers_low_coverage.TestMT5ZmqBridgeDispatch" name="test_dispatch_fill_to_pending" time="0.007" /><testcase classname="tests.unit.test_brokers_low_coverage.TestMT5ZmqBridgeDispatch" name="test_dispatch_error_to_pending" time="0.007" /><testcase classname="tests.unit.test_brokers_low_coverage.TestMT5ZmqBridgeDispatch" name="test_dispatch_pong" time="0.006" /><testcase classname="tests.unit.test_brokers_low_coverage.TestMT5ZmqBridgeDispatch" name="test_dispatch_unknown_type" time="0.007" /><testcase classname="tests.unit.test_brokers_low_coverage.TestMT5ZmqBridgeDispatch" name="test_tick_data_properties" time="0.008" /><testcase classname="tests.unit.test_brokers_low_coverage.TestMT5ZmqBridgeDispatch" name="test_fill_result_ok" time="0.007" /><testcase classname="tests.unit.test_brokers_low_coverage.TestMT5ZmqBridgeDispatch" name="test_fill_result_not_ok" time="0.007" /><testcase classname="tests.unit.test_brokers_low_coverage.TestMT5ZmqBridgeSingleton" name="test_get_bridge_returns_instance" time="0.006" /><testcase classname="tests.unit.test_brokers_low_coverage.TestFTMOBrokerInit" name="test_init_live_url" time="0.007" /><testcase classname="tests.unit.test_brokers_low_coverage.TestFTMOBrokerInit" name="test_init_sandbox_url" time="0.006" /><testcase classname="tests.unit.test_brokers_low_coverage.TestFTMOBrokerInit" name="test_generate_signature_returns_headers" time="0.007" /><testcase classname="tests.unit.test_brokers_low_coverage.TestFTMOBrokerInit" name="test_generate_signature_with_params" time="0.007" /><testcase classname="tests.unit.test_brokers_low_coverage.TestFTMOBrokerInit" name="test_nonce_increments" time="0.007" /><testcase classname="tests.unit.test_brokers_low_coverage.TestFTMOBrokerContextManager" name="test_context_manager_opens_closes_session" time="0.009" /><testcase classname="tests.unit.test_brokers_low_coverage.TestFTMOBrokerGetMetrics" name="test_get_metrics_no_session_raises" time="0.008" /><testcase classname="tests.unit.test_brokers_low_coverage.TestFTMOBrokerGetMetrics" name="test_get_metrics_success" time="0.014" /><testcase classname="tests.unit.test_brokers_low_coverage.TestFTMOBrokerGetMetrics" name="test_get_metrics_non_200_raises" time="0.015" /><testcase classname="tests.unit.test_brokers_low_coverage.TestFTMOBrokerGetMetrics" name="test_get_metrics_timeout_raises" time="0.011" /><testcase classname="tests.unit.test_brokers_low_coverage.TestFTMOBrokerGetMetrics" name="test_get_metrics_updates_rate_limit" time="0.012" /><testcase classname="tests.unit.test_brokers_low_coverage.TestFTMOBrokerPlaceOrder" name="test_place_order_no_session_raises" time="0.008" /><testcase classname="tests.unit.test_brokers_low_coverage.TestFTMOBrokerPlaceOrder" name="test_place_order_daily_limit_exceeded" time="0.010" /><testcase classname="tests.unit.test_brokers_low_coverage.TestFTMOBrokerPlaceOrder" name="test_place_order_potential_loss_exceeds_limit" time="0.009" /><testcase classname="tests.unit.test_brokers_low_coverage.TestFTMOBrokerPlaceOrder" name="test_place_order_success" time="0.016" /><testcase classname="tests.unit.test_brokers_low_coverage.TestFTMOBrokerPlaceOrder" name="test_place_order_non_200_raises" time="0.014" /><testcase classname="tests.unit.test_brokers_low_coverage.TestFTMOBrokerOther" name="test_get_trade_history_no_session_raises" time="0.009" /><testcase classname="tests.unit.test_brokers_low_coverage.TestFTMOBrokerOther" name="test_get_trade_history_success" time="0.015" /><testcase classname="tests.unit.test_brokers_low_coverage.TestFTMOBrokerOther" name="test_check_violation_daily_loss" time="0.009" /><testcase classname="tests.unit.test_brokers_low_coverage.TestFTMOBrokerOther" name="test_check_violation_monthly_loss" time="0.008" /><testcase classname="tests.unit.test_brokers_low_coverage.TestFTMOBrokerOther" name="test_check_violation_drawdown" time="0.009" /><testcase classname="tests.unit.test_brokers_low_coverage.TestFTMOBrokerOther" name="test_check_violation_none" time="0.010" /><testcase classname="tests.unit.test_brokers_low_coverage.TestFTMOBrokerOther" name="test_request_payout_no_session_raises" time="0.008" /><testcase classname="tests.unit.test_brokers_low_coverage.TestFTMOBrokerOther" name="test_request_payout_success" time="0.013" /><testcase classname="tests.unit.test_brokers_low_coverage.TestFTMOBrokerOther" name="test_request_payout_non_200_raises" time="0.015" /><testcase classname="tests.unit.test_brokers_low_coverage.TestFTMOBrokerOther" name="test_ftmo_metrics_to_dict" time="0.006" /><testcase classname="tests.unit.test_brokers_low_coverage.TestFTMOConnector" name="test_ftmo_connector_init" time="0.005" /><testcase classname="tests.unit.test_brokers_low_coverage.TestFTMOConnector" name="test_ftmo_connector_get_rules" time="0.007" /><testcase classname="tests.unit.test_brokers_low_coverage.TestMT5BridgeRetry" name="test_retry_success_first_attempt" time="0.007" /><testcase classname="tests.unit.test_brokers_low_coverage.TestMT5BridgeRetry" name="test_retry_succeeds_on_second" time="0.007" /><testcase classname="tests.unit.test_brokers_low_coverage.TestMT5BridgeRetry" name="test_retry_exhaustion_raises" time="0.007" /><testcase classname="tests.unit.test_brokers_low_coverage.TestMT5BridgeRetry" name="test_retry_value_error" time="0.009" /><testcase classname="tests.unit.test_brokers_low_coverage.TestEX5SignalExporter" name="test_export_creates_file" time="0.009" /><testcase classname="tests.unit.test_brokers_low_coverage.TestEX5SignalExporter" name="test_export_modify_creates_file" time="0.009" /><testcase classname="tests.unit.test_brokers_low_coverage.TestEX5SignalExporter" name="test_export_cancel_creates_file" time="0.009" /><testcase classname="tests.unit.test_brokers_low_coverage.TestEX5SignalExporter" name="test_poll_fill_timeout" time="0.510" /><testcase classname="tests.unit.test_brokers_low_coverage.TestEX5SignalExporter" name="test_poll_fill_filled" time="0.010" /><testcase classname="tests.unit.test_brokers_low_coverage.TestEX5SignalExporter" name="test_poll_fill_rejected" time="0.009" /><testcase classname="tests.unit.test_brokers_low_coverage.TestEX5SignalExporter" name="test_cleanup_old_signals" time="0.009" /><testcase classname="tests.unit.test_brokers_low_coverage.TestEX5SignalExporter" name="test_cleanup_no_old_signals" time="0.009" /><testcase classname="tests.unit.test_brokers_low_coverage.TestEX5SignalExporter" name="test_write_json_locked_atomic_rename_fallback" time="0.008" /><testcase classname="tests.unit.test_brokers_low_coverage.TestEX5SignalExporter" name="test_read_json_locked_bad_json_retries" time="0.210" /><testcase classname="tests.unit.test_brokers_low_coverage.TestMT5BridgeSignalMode" name="test_connect_signal_mode" time="0.009" /><testcase classname="tests.unit.test_brokers_low_coverage.TestMT5BridgeSignalMode" name="test_disconnect_signal_mode" time="0.010" /><testcase classname="tests.unit.test_brokers_low_coverage.TestMT5BridgeSignalMode" name="test_from_env_missing_login_raises" time="0.006" /><testcase classname="tests.unit.test_brokers_low_coverage.TestMT5BridgeSignalMode" name="test_from_env_success" time="0.006" /><testcase classname="tests.unit.test_brokers_low_coverage.TestMT5BridgeSignalMode" name="test_send_order_not_connected_raises" time="0.911" /><testcase classname="tests.unit.test_brokers_low_coverage.TestMT5BridgeSignalMode" name="test_send_order_no_stop_loss_raises" time="0.911" /><testcase classname="tests.unit.test_brokers_low_coverage.TestMT5BridgeSignalMode" name="test_send_order_zero_stop_loss_raises" time="0.910" /><testcase classname="tests.unit.test_brokers_low_coverage.TestMT5BridgeSignalMode" name="test_send_order_enforcer_blocks" time="0.912" /><testcase classname="tests.unit.test_brokers_low_coverage.TestMT5BridgeSignalMode" name="test_send_order_signal_export_timeout" time="2.415" /><testcase classname="tests.unit.test_brokers_low_coverage.TestMT5BridgeSignalMode" name="test_close_position_signal_mode_timeout" time="0.513" /><testcase classname="tests.unit.test_brokers_low_coverage.TestMT5BridgeSignalMode" name="test_modify_order_signal_mode" time="0.010" /><testcase classname="tests.unit.test_brokers_low_coverage.TestMT5BridgeSignalMode" name="test_cancel_order_signal_mode" time="0.010" /><testcase classname="tests.unit.test_brokers_low_coverage.TestMT5BridgeSignalMode" name="test_get_account_signal_mode" time="0.008" /><testcase classname="tests.unit.test_brokers_low_coverage.TestMT5BridgeSignalMode" name="test_get_position_signal_mode" time="0.009" /><testcase classname="tests.unit.test_brokers_low_coverage.TestMT5BridgeSignalMode" name="test_monitor_fill_signal_mode_raises" time="0.009" /><testcase classname="tests.unit.test_brokers_low_coverage.TestMT5BridgeSignalMode" name="test_require_connected_raises" time="0.008" /><testcase classname="tests.unit.test_brokers_low_coverage.TestMT5BridgeSignalMode" name="test_context_manager" time="0.009" /><testcase classname="tests.unit.test_brokers_low_coverage.TestMT5BridgeSignalMode" name="test_async_send_order_signal_mode" time="2.420" /><testcase classname="tests.unit.test_brokers_low_coverage.TestMT5BridgeSignalMode" name="test_async_close_position_signal_mode" time="0.517" /><testcase classname="tests.unit.test_brokers_low_coverage.TestMT5BridgeSignalMode" name="test_async_modify_order" time="0.013" /><testcase classname="tests.unit.test_brokers_low_coverage.TestMT5BridgeSignalMode" name="test_async_cancel_order" time="0.013" /><testcase classname="tests.unit.test_brokers_low_coverage.TestMT5ConnectorInit" name="test_init_missing_fields_raises" time="0.009" /><testcase classname="tests.unit.test_brokers_low_coverage.TestMT5ConnectorInit" name="test_init_sdk_unavailable_raises" time="0.008" /><testcase classname="tests.unit.test_brokers_low_coverage.TestMT5ConnectorConnect" name="test_connect_success" time="0.014" /><testcase classname="tests.unit.test_brokers_low_coverage.TestMT5ConnectorConnect" name="test_connect_with_path" time="0.013" /><testcase classname="tests.unit.test_brokers_low_coverage.TestMT5ConnectorConnect" name="test_connect_initialize_fails" time="0.011" /><testcase classname="tests.unit.test_brokers_low_coverage.TestMT5ConnectorConnect" name="test_connect_login_fails" time="0.011" /><testcase classname="tests.unit.test_brokers_low_coverage.TestMT5ConnectorConnect" name="test_connect_exception" time="0.013" /><testcase classname="tests.unit.test_brokers_low_coverage.TestMT5ConnectorConnect" name="test_disconnect_success" time="0.011" /><testcase classname="tests.unit.test_brokers_low_coverage.TestMT5ConnectorConnect" name="test_disconnect_exception" time="0.011" /><testcase classname="tests.unit.test_brokers_low_coverage.TestMT5ConnectorPlaceOrder" name="test_place_order_not_connected" time="0.010" /><testcase classname="tests.unit.test_brokers_low_coverage.TestMT5ConnectorPlaceOrder" name="test_place_order_market_buy" time="0.010" /><testcase classname="tests.unit.test_brokers_low_coverage.TestMT5ConnectorPlaceOrder" name="test_place_order_market_sell" time="0.013" /><testcase classname="tests.unit.test_brokers_low_coverage.TestMT5ConnectorPlaceOrder" name="test_place_order_limit" time="0.011" /><testcase classname="tests.unit.test_brokers_low_coverage.TestMT5ConnectorPlaceOrder" name="test_place_order_stop" time="0.011" /><testcase classname="tests.unit.test_brokers_low_coverage.TestMT5ConnectorPlaceOrder" name="test_place_order_symbol_not_found" time="0.010" /><testcase classname="tests.unit.test_brokers_low_coverage.TestMT5ConnectorPlaceOrder" name="test_place_order_symbol_select_fails" time="0.016" /><testcase classname="tests.unit.test_brokers_low_coverage.TestMT5ConnectorPlaceOrder" name="test_place_order_no_tick" time="0.010" /><testcase classname="tests.unit.test_brokers_low_coverage.TestMT5ConnectorPlaceOrder" name="test_place_order_unsupported_type" time="0.010" /><testcase classname="tests.unit.test_brokers_low_coverage.TestMT5ConnectorPlaceOrder" name="test_place_order_retcode_not_done" time="0.012" /><testcase classname="tests.unit.test_brokers_low_coverage.TestMT5ConnectorPlaceOrder" name="test_place_order_with_sl_tp" time="0.009" /><testcase classname="tests.unit.test_brokers_low_coverage.TestMT5ConnectorPlaceOrder" name="test_place_order_exception" time="0.011" /><testcase classname="tests.unit.test_brokers_low_coverage.TestMT5ConnectorOther" name="test_cancel_order_not_connected" time="0.009" /><testcase classname="tests.unit.test_brokers_low_coverage.TestMT5ConnectorOther" name="test_cancel_order_success" time="0.010" /><testcase classname="tests.unit.test_brokers_low_coverage.TestMT5ConnectorOther" name="test_cancel_order_fails" time="0.010" /><testcase classname="tests.unit.test_brokers_low_coverage.TestMT5ConnectorOther" name="test_cancel_order_exception" time="0.011" /><testcase classname="tests.unit.test_brokers_low_coverage.TestMT5ConnectorOther" name="test_get_order_not_connected" time="0.010" /><testcase classname="tests.unit.test_brokers_low_coverage.TestMT5ConnectorOther" name="test_get_order_found" time="0.009" /><testcase classname="tests.unit.test_brokers_low_coverage.TestMT5ConnectorOther" name="test_get_order_not_found" time="0.009" /><testcase classname="tests.unit.test_brokers_low_coverage.TestMT5ConnectorOther" name="test_get_order_exception" time="0.010" /><testcase classname="tests.unit.test_brokers_low_coverage.TestMT5ConnectorOther" name="test_get_positions_not_connected" time="0.010" /><testcase classname="tests.unit.test_brokers_low_coverage.TestMT5ConnectorOther" name="test_get_positions_success" time="0.009" /><testcase classname="tests.unit.test_brokers_low_coverage.TestMT5ConnectorOther" name="test_get_positions_short" time="0.011" /><testcase classname="tests.unit.test_brokers_low_coverage.TestMT5ConnectorOther" name="test_get_positions_none" time="0.011" /><testcase classname="tests.unit.test_brokers_low_coverage.TestMT5ConnectorOther" name="test_get_positions_exception" time="0.010" /><testcase classname="tests.unit.test_brokers_low_coverage.TestMT5ConnectorOther" name="test_close_position_not_connected" time="0.009" /><testcase classname="tests.unit.test_brokers_low_coverage.TestMT5ConnectorOther" name="test_close_position_no_positions" time="0.011" /><testcase classname="tests.unit.test_brokers_low_coverage.TestMT5ConnectorOther" name="test_close_position_success" time="0.011" /><testcase classname="tests.unit.test_brokers_low_coverage.TestMT5ConnectorOther" name="test_close_position_no_tick" time="0.013" /><testcase classname="tests.unit.test_brokers_low_coverage.TestMT5ConnectorOther" name="test_close_position_order_fails" time="0.011" /><testcase classname="tests.unit.test_brokers_low_coverage.TestMT5ConnectorOther" name="test_close_position_exception" time="0.009" /><testcase classname="tests.unit.test_brokers_low_coverage.TestMT5ConnectorOther" name="test_get_account_info_not_connected" time="0.009" /><testcase classname="tests.unit.test_brokers_low_coverage.TestMT5ConnectorOther" name="test_get_account_info_success" time="0.009" /><testcase classname="tests.unit.test_brokers_low_coverage.TestMT5ConnectorOther" name="test_get_account_info_none" time="0.014" /><testcase classname="tests.unit.test_brokers_low_coverage.TestMT5ConnectorOther" name="test_get_account_info_exception" time="0.013" /><testcase classname="tests.unit.test_brokers_low_coverage.TestMT5ConnectorOther" name="test_get_market_data_not_connected" time="0.010" /><testcase classname="tests.unit.test_brokers_low_coverage.TestMT5ConnectorOther" name="test_get_market_data_success" time="0.010" /><testcase classname="tests.unit.test_brokers_low_coverage.TestMT5ConnectorOther" name="test_get_market_data_all_timeframes" time="0.011" /><testcase classname="tests.unit.test_brokers_low_coverage.TestMT5ConnectorOther" name="test_get_market_data_unknown_timeframe" time="0.009" /><testcase classname="tests.unit.test_brokers_low_coverage.TestMT5ConnectorOther" name="test_get_market_data_none" time="0.010" /><testcase classname="tests.unit.test_brokers_low_coverage.TestMT5ConnectorOther" name="test_get_market_data_exception" time="0.010" /><testcase classname="tests.unit.test_brokers_low_coverage.TestMT5ConnectorOther" name="test_get_symbols_not_connected" time="0.009" /><testcase classname="tests.unit.test_brokers_low_coverage.TestMT5ConnectorOther" name="test_get_symbols_success" time="0.012" /><testcase classname="tests.unit.test_brokers_low_coverage.TestMT5ConnectorOther" name="test_get_symbols_none" time="0.010" /><testcase classname="tests.unit.test_brokers_low_coverage.TestMT5ConnectorOther" name="test_get_symbols_exception" time="0.011" /><testcase classname="tests.unit.test_brokers_low_coverage.TestMT5ConnectorOther" name="test_mt5_order_to_order_sell" time="0.009" /><testcase classname="tests.unit.test_brokers_low_coverage.TestMT5ConnectorOther" name="test_mt5_order_to_order_limit" time="0.011" /><testcase classname="tests.unit.test_brokers_manager_full.TestBrokerHealth" name="test_to_dict_has_expected_keys" time="0.008" /><testcase classname="tests.unit.test_brokers_manager_full.TestRegisterSetActive" name="test_register_stores_broker" time="0.007" /><testcase classname="tests.unit.test_brokers_manager_full.TestRegisterSetActive" name="test_set_active_switches_broker" time="0.010" /><testcase classname="tests.unit.test_brokers_manager_full.TestRegisterSetActive" name="test_set_active_raises_for_unknown" time="0.008" /><testcase classname="tests.unit.test_brokers_manager_full.TestConnectDisconnect" name="test_connect_all_returns_results" time="0.009" /><testcase classname="tests.unit.test_brokers_manager_full.TestConnectDisconnect" name="test_connect_all_handles_exception" time="0.015" /><testcase classname="tests.unit.test_brokers_manager_full.TestConnectDisconnect" name="test_disconnect_all_calls_each_broker" time="0.007" /><testcase classname="tests.unit.test_brokers_manager_full.TestConnectDisconnect" name="test_disconnect_all_handles_exception" time="0.013" /><testcase classname="tests.unit.test_brokers_manager_full.TestConnectDisconnect" name="test_connect_all_starts_fix_bridge" time="0.010" /><testcase classname="tests.unit.test_brokers_manager_full.TestConnectDisconnect" name="test_connect_all_handles_fix_bridge_exception" time="0.016" /><testcase classname="tests.unit.test_brokers_manager_full.TestConnectDisconnect" name="test_disconnect_all_stops_fix_bridge" time="0.010" /><testcase classname="tests.unit.test_brokers_manager_full.TestConnectDisconnect" name="test_connect_primary_returns_true" time="0.009" /><testcase classname="tests.unit.test_brokers_manager_full.TestConnectDisconnect" name="test_connect_primary_returns_false_when_no_broker" time="0.006" /><testcase classname="tests.unit.test_brokers_manager_full.TestConnectDisconnect" name="test_connect_primary_handles_exception" time="0.012" /><testcase classname="tests.unit.test_brokers_manager_full.TestPlaceOrder" name="test_place_order_delegates_to_broker" time="0.009" /><testcase classname="tests.unit.test_brokers_manager_full.TestPlaceOrder" name="test_place_order_blocked_by_kill_switch" time="0.009" /><testcase classname="tests.unit.test_brokers_manager_full.TestPlaceOrder" name="test_place_order_raises_when_not_connected" time="0.010" /><testcase classname="tests.unit.test_brokers_manager_full.TestPlaceOrder" name="test_place_order_records_failure_on_exception" time="0.018" /><testcase classname="tests.unit.test_brokers_manager_full.TestCancelOrder" name="test_cancel_order_delegates" time="0.009" /><testcase classname="tests.unit.test_brokers_manager_full.TestCancelOrder" name="test_cancel_order_blocked_by_kill_switch" time="0.008" /><testcase classname="tests.unit.test_brokers_manager_full.TestGetOrder" name="test_get_order_delegates" time="0.009" /><testcase classname="tests.unit.test_brokers_manager_full.TestGetOrder" name="test_get_order_records_failure" time="0.013" /><testcase classname="tests.unit.test_brokers_manager_full.TestPositions" name="test_get_positions_delegates" time="0.010" /><testcase classname="tests.unit.test_brokers_manager_full.TestPositions" name="test_close_position_delegates" time="0.008" /><testcase classname="tests.unit.test_brokers_manager_full.TestPositions" name="test_close_all_positions_closes_each" time="0.009" /><testcase classname="tests.unit.test_brokers_manager_full.TestPositions" name="test_close_all_positions_handles_get_positions_failure" time="0.015" /><testcase classname="tests.unit.test_brokers_manager_full.TestPositions" name="test_close_all_positions_handles_close_failure" time="0.016" /><testcase classname="tests.unit.test_brokers_manager_full.TestPositions" name="test_close_all_positions_blocked_by_kill_switch" time="0.009" /><testcase classname="tests.unit.test_brokers_manager_full.TestAccountAndMarket" name="test_get_account_info_delegates" time="0.009" /><testcase classname="tests.unit.test_brokers_manager_full.TestAccountAndMarket" name="test_get_market_data_delegates" time="0.010" /><testcase classname="tests.unit.test_brokers_manager_full.TestHeartbeat" name="test_heartbeat_returns_health_for_each_broker" time="0.009" /><testcase classname="tests.unit.test_brokers_manager_full.TestHeartbeat" name="test_heartbeat_handles_is_connected_exception" time="0.009" /><testcase classname="tests.unit.test_brokers_manager_full.TestHeartbeat" name="test_heartbeat_detects_paper_mode" time="0.009" /><testcase classname="tests.unit.test_brokers_manager_full.TestHeartbeat" name="test_heartbeat_detects_live_mode" time="0.009" /><testcase classname="tests.unit.test_brokers_manager_full.TestStatus" name="test_is_connected_true" time="0.008" /><testcase classname="tests.unit.test_brokers_manager_full.TestStatus" name="test_is_connected_false_when_no_broker" time="0.012" /><testcase classname="tests.unit.test_brokers_manager_full.TestStatus" name="test_is_connected_handles_exception" time="0.008" /><testcase classname="tests.unit.test_brokers_manager_full.TestStatus" name="test_get_active_broker_name" time="0.008" /><testcase classname="tests.unit.test_brokers_manager_full.TestFailureAndFailover" name="test_record_failure_increments_counter" time="0.011" /><testcase classname="tests.unit.test_brokers_manager_full.TestFailureAndFailover" name="test_reset_failures_clears_counter" time="0.008" /><testcase classname="tests.unit.test_brokers_manager_full.TestFailureAndFailover" name="test_auto_failover_to_paper_after_max_failures" time="0.019" /><testcase classname="tests.unit.test_brokers_manager_full.TestFailureAndFailover" name="test_auto_failover_logs_when_no_target" time="0.017" /><testcase classname="tests.unit.test_brokers_manager_full.TestFailureAndFailover" name="test_build_failover_chain_order" time="0.008" /><testcase classname="tests.unit.test_brokers_manager_full.TestPlaceOrderFix" name="test_raises_when_fix_bridge_not_started" time="0.013" /><testcase classname="tests.unit.test_brokers_manager_full.TestPlaceOrderFix" name="test_delegates_to_fix_bridge_when_started" time="0.015" /><testcase classname="tests.unit.test_brokers_manager_full.TestContextManager" name="test_enter_calls_connect_all" time="0.008" /><testcase classname="tests.unit.test_brokers_manager_full.TestContextManager" name="test_exit_calls_disconnect_all" time="0.010" /><testcase classname="tests.unit.test_brokers_manager_full.TestFromEnv" name="test_from_env_creates_manager" time="0.012" /><testcase classname="tests.unit.test_brokers_manager_full.TestFromEnv" name="test_from_env_enable_fix" time="0.011" /><testcase classname="tests.unit.test_brokers_ohlcv_risk_fia.TestBarsToDF" name="test_empty_list_returns_none" time="0.008" /><testcase classname="tests.unit.test_brokers_ohlcv_risk_fia.TestBarsToDF" name="test_single_bar_returns_df" time="0.009" /><testcase classname="tests.unit.test_brokers_ohlcv_risk_fia.TestBarsToDF" name="test_multiple_bars_sorted" time="0.012" /><testcase classname="tests.unit.test_brokers_ohlcv_risk_fia.TestBarsToDF" name="test_epoch_timestamp" time="0.011" /><testcase classname="tests.unit.test_brokers_ohlcv_risk_fia.TestBarsToDF" name="test_bar_open_ts_key" time="0.010" /><testcase classname="tests.unit.test_brokers_ohlcv_risk_fia.TestBarsToDF" name="test_no_timestamp_skipped" time="0.006" /><testcase classname="tests.unit.test_brokers_ohlcv_risk_fia.TestBarsToDF" name="test_duplicate_timestamps_deduplicated" time="0.009" /><testcase classname="tests.unit.test_brokers_ohlcv_risk_fia.TestOHLCVStore" name="test_push_and_buffer_size" time="0.011" /><testcase classname="tests.unit.test_brokers_ohlcv_risk_fia.TestOHLCVStore" name="test_push_multiple" time="0.022" /><testcase classname="tests.unit.test_brokers_ohlcv_risk_fia.TestOHLCVStore" name="test_buffer_size_unknown_symbol" time="0.006" /><testcase classname="tests.unit.test_brokers_ohlcv_risk_fia.TestOHLCVStore" name="test_symbols_returns_pushed" time="0.014" /><testcase classname="tests.unit.test_brokers_ohlcv_risk_fia.TestOHLCVStore" name="test_get_returns_none_when_insufficient" time="0.013" /><testcase classname="tests.unit.test_brokers_ohlcv_risk_fia.TestOHLCVStore" name="test_get_returns_df_when_sufficient" time="0.072" /><testcase classname="tests.unit.test_brokers_ohlcv_risk_fia.TestOHLCVStore" name="test_get_unknown_symbol_returns_none" time="0.010" /><testcase classname="tests.unit.test_brokers_ohlcv_risk_fia.TestOHLCVStore" name="test_push_adds_timestamp_if_missing" time="0.010" /><testcase classname="tests.unit.test_brokers_ohlcv_risk_fia.TestOHLCVStore" name="test_health_keys" time="0.006" /><testcase classname="tests.unit.test_brokers_ohlcv_risk_fia.TestOHLCVStore" name="test_max_bars_ring_buffer" time="0.035" /><testcase classname="tests.unit.test_brokers_ohlcv_risk_fia.TestOHLCVStore" name="test_get_ohlcv_store_singleton" time="0.006" /><testcase classname="tests.unit.test_brokers_ohlcv_risk_fia.TestFIAComplianceManager" name="test_check_max_order_size_pass" time="0.005" /><testcase classname="tests.unit.test_brokers_ohlcv_risk_fia.TestFIAComplianceManager" name="test_check_max_order_size_block" time="0.005" /><testcase classname="tests.unit.test_brokers_ohlcv_risk_fia.TestFIAComplianceManager" name="test_check_intraday_position_pass" time="0.006" /><testcase classname="tests.unit.test_brokers_ohlcv_risk_fia.TestFIAComplianceManager" name="test_check_intraday_position_block" time="0.008" /><testcase classname="tests.unit.test_brokers_ohlcv_risk_fia.TestFIAComplianceManager" name="test_check_intraday_position_accumulates" time="0.006" /><testcase classname="tests.unit.test_brokers_ohlcv_risk_fia.TestFIAComplianceManager" name="test_check_price_tolerance_pass" time="0.006" /><testcase classname="tests.unit.test_brokers_ohlcv_risk_fia.TestFIAComplianceManager" name="test_check_price_tolerance_block" time="0.007" /><testcase classname="tests.unit.test_brokers_ohlcv_risk_fia.TestFIAComplianceManager" name="test_check_price_tolerance_invalid_reference" time="0.006" /><testcase classname="tests.unit.test_brokers_ohlcv_risk_fia.TestFIAComplianceManager" name="test_check_kill_switch_pass" time="0.006" /><testcase classname="tests.unit.test_brokers_ohlcv_risk_fia.TestFIAComplianceManager" name="test_check_kill_switch_activates" time="0.006" /><testcase classname="tests.unit.test_brokers_ohlcv_risk_fia.TestFIAComplianceManager" name="test_kill_switch_callback_fires" time="0.007" /><testcase classname="tests.unit.test_brokers_ohlcv_risk_fia.TestFIAComplianceManager" name="test_validate_market_data_pass" time="0.007" /><testcase classname="tests.unit.test_brokers_ohlcv_risk_fia.TestFIAComplianceManager" name="test_validate_market_data_invalid_prices" time="0.006" /><testcase classname="tests.unit.test_brokers_ohlcv_risk_fia.TestFIAComplianceManager" name="test_validate_market_data_ask_less_than_bid" time="0.006" /><testcase classname="tests.unit.test_brokers_ohlcv_risk_fia.TestFIAComplianceManager" name="test_check_message_throttle_pass" time="0.006" /><testcase classname="tests.unit.test_brokers_ohlcv_risk_fia.TestFIAComplianceManager" name="test_check_message_throttle_block" time="0.006" /><testcase classname="tests.unit.test_brokers_ohlcv_risk_fia.TestFIAComplianceManager" name="test_check_self_trade_no_conflict" time="0.006" /><testcase classname="tests.unit.test_brokers_ohlcv_risk_fia.TestFIAComplianceManager" name="test_check_self_trade_buy_crosses_sell" time="0.006" /><testcase classname="tests.unit.test_brokers_ohlcv_risk_fia.TestFIAComplianceManager" name="test_check_self_trade_sell_crosses_buy" time="0.006" /><testcase classname="tests.unit.test_brokers_ohlcv_risk_fia.TestFIAComplianceManager" name="test_validate_order_full_pipeline" time="0.007" /><testcase classname="tests.unit.test_brokers_ohlcv_risk_fia.TestFIAComplianceManager" name="test_validate_order_kill_switch_stops_early" time="0.008" /><testcase classname="tests.unit.test_brokers_paper_trading_coverage.TestSlippageModelZero" name="test_zero_model_returns_mid" time="0.007" /><testcase classname="tests.unit.test_brokers_paper_trading_coverage.TestSlippageModelZero" name="test_zero_model_sell_returns_mid" time="0.007" /><testcase classname="tests.unit.test_brokers_paper_trading_coverage.TestSlippageModelZero" name="test_zero_model_non_positive_price_returned_as_is" time="0.007" /><testcase classname="tests.unit.test_brokers_paper_trading_coverage.TestSlippageModelFixed" name="test_fixed_buy_above_mid" time="0.006" /><testcase classname="tests.unit.test_brokers_paper_trading_coverage.TestSlippageModelFixed" name="test_fixed_sell_below_mid" time="0.006" /><testcase classname="tests.unit.test_brokers_paper_trading_coverage.TestSlippageModelFixed" name="test_fixed_fill_always_positive" time="0.006" /><testcase classname="tests.unit.test_brokers_paper_trading_coverage.TestSlippageModelGaussian" name="test_gaussian_buy_generally_above_mid" time="0.007" /><testcase classname="tests.unit.test_brokers_paper_trading_coverage.TestSlippageModelGaussian" name="test_gaussian_sell_generally_below_mid" time="0.006" /><testcase classname="tests.unit.test_brokers_paper_trading_coverage.TestSlippageModelGaussian" name="test_gaussian_fill_always_positive" time="0.006" /><testcase classname="tests.unit.test_brokers_paper_trading_coverage.TestSlippageModelGaussian" name="test_gaussian_uses_symbol_spread" time="0.008" /><testcase classname="tests.unit.test_brokers_paper_trading_coverage.TestSlippageModelGaussian" name="test_gaussian_fallback_spread_for_unknown_symbol" time="0.008" /><testcase classname="tests.unit.test_brokers_paper_trading_coverage.TestSlippageModelGaussian" name="test_set_spread_override_used" time="0.006" /><testcase classname="tests.unit.test_brokers_paper_trading_coverage.TestSlippageModelGaussian" name="test_large_order_has_more_impact" time="0.006" /><testcase classname="tests.unit.test_brokers_paper_trading_coverage.TestSlippageModelGaussian" name="test_direction_string_buy_variants" time="0.005" /><testcase classname="tests.unit.test_brokers_paper_trading_coverage.TestPaperTradingBrokerInit" name="test_default_balance" time="0.013" /><testcase classname="tests.unit.test_brokers_paper_trading_coverage.TestPaperTradingBrokerInit" name="test_custom_balance" time="0.011" /><testcase classname="tests.unit.test_brokers_paper_trading_coverage.TestPaperTradingBrokerInit" name="test_empty_orders_and_positions" time="0.012" /><testcase classname="tests.unit.test_brokers_paper_trading_coverage.TestPaperTradingBrokerInit" name="test_equity_history_seeded" time="0.012" /><testcase classname="tests.unit.test_brokers_paper_trading_coverage.TestPaperTradingBrokerInit" name="test_market_prices_populated" time="0.011" /><testcase classname="tests.unit.test_brokers_paper_trading_coverage.TestPaperTradingBrokerInit" name="test_config_dict_overrides_balance" time="0.011" /><testcase classname="tests.unit.test_brokers_paper_trading_coverage.TestPaperTradingBrokerInit" name="test_commission_per_lot_stored" time="0.011" /><testcase classname="tests.unit.test_brokers_paper_trading_coverage.TestPaperTradingBrokerInit" name="test_redis_state_none_when_redis_unavailable" time="0.009" /><testcase classname="tests.unit.test_brokers_paper_trading_coverage.TestConnectDisconnect" name="test_connect_sets_connected" time="0.013" /><testcase classname="tests.unit.test_brokers_paper_trading_coverage.TestConnectDisconnect" name="test_disconnect_clears_connected" time="0.013" /><testcase classname="tests.unit.test_brokers_paper_trading_coverage.TestConnectDisconnect" name="test_context_manager" time="0.014" /><testcase classname="tests.unit.test_brokers_paper_trading_coverage.TestPlaceMarketOrder" name="test_market_buy_returns_filled_order" time="0.011" /><testcase classname="tests.unit.test_brokers_paper_trading_coverage.TestPlaceMarketOrder" name="test_market_sell_returns_filled_order" time="0.011" /><testcase classname="tests.unit.test_brokers_paper_trading_coverage.TestPlaceMarketOrder" name="test_market_order_stored_in_orders" time="0.015" /><testcase classname="tests.unit.test_brokers_paper_trading_coverage.TestPlaceMarketOrder" name="test_market_order_creates_position" time="0.018" /><testcase classname="tests.unit.test_brokers_paper_trading_coverage.TestPlaceMarketOrder" name="test_market_order_average_price_set" time="0.013" /><testcase classname="tests.unit.test_brokers_paper_trading_coverage.TestPlaceMarketOrder" name="test_market_order_unknown_symbol_uses_default_price" time="0.012" /><testcase classname="tests.unit.test_brokers_paper_trading_coverage.TestPlaceMarketOrder" name="test_not_connected_raises" time="0.012" /><testcase classname="tests.unit.test_brokers_paper_trading_coverage.TestPlaceMarketOrder" name="test_equity_snapshot_taken_after_fill" time="0.010" /><testcase classname="tests.unit.test_brokers_paper_trading_coverage.TestPlaceLimitOrder" name="test_limit_order_status_open" time="0.015" /><testcase classname="tests.unit.test_brokers_paper_trading_coverage.TestPlaceLimitOrder" name="test_limit_order_stored" time="0.012" /><testcase classname="tests.unit.test_brokers_paper_trading_coverage.TestPlaceLimitOrder" name="test_limit_order_does_not_create_position" time="0.013" /><testcase classname="tests.unit.test_brokers_paper_trading_coverage.TestPlaceLimitOrder" name="test_stop_order_status_open" time="0.012" /><testcase classname="tests.unit.test_brokers_paper_trading_coverage.TestCancelOrder" name="test_cancel_pending_order" time="0.013" /><testcase classname="tests.unit.test_brokers_paper_trading_coverage.TestCancelOrder" name="test_cancel_nonexistent_order_returns_false" time="0.013" /><testcase classname="tests.unit.test_brokers_paper_trading_coverage.TestCancelOrder" name="test_cancel_filled_order_returns_false" time="0.014" /><testcase classname="tests.unit.test_brokers_paper_trading_coverage.TestGetOrder" name="test_get_existing_order" time="0.011" /><testcase classname="tests.unit.test_brokers_paper_trading_coverage.TestGetOrder" name="test_get_nonexistent_order_returns_none" time="0.012" /><testcase classname="tests.unit.test_brokers_paper_trading_coverage.TestGetPositions" name="test_no_positions_initially" time="0.013" /><testcase classname="tests.unit.test_brokers_paper_trading_coverage.TestGetPositions" name="test_position_created_after_buy" time="0.013" /><testcase classname="tests.unit.test_brokers_paper_trading_coverage.TestGetPositions" name="test_position_side_long_after_buy" time="0.013" /><testcase classname="tests.unit.test_brokers_paper_trading_coverage.TestGetPositions" name="test_position_unrealized_pnl_computed" time="0.012" /><testcase classname="tests.unit.test_brokers_paper_trading_coverage.TestGetPositions" name="test_position_id_set" time="0.012" /><testcase classname="tests.unit.test_brokers_paper_trading_coverage.TestGetPositions" name="test_multiple_symbols" time="0.013" /><testcase classname="tests.unit.test_brokers_paper_trading_coverage.TestClosePosition" name="test_close_existing_position" time="0.015" /><testcase classname="tests.unit.test_brokers_paper_trading_coverage.TestClosePosition" name="test_close_nonexistent_position_returns_false" time="0.012" /><testcase classname="tests.unit.test_brokers_paper_trading_coverage.TestClosePosition" name="test_close_long_profitable" time="0.012" /><testcase classname="tests.unit.test_brokers_paper_trading_coverage.TestClosePosition" name="test_close_long_losing" time="0.012" /><testcase classname="tests.unit.test_brokers_paper_trading_coverage.TestClosePosition" name="test_close_short_profitable" time="0.012" /><testcase classname="tests.unit.test_brokers_paper_trading_coverage.TestClosePosition" name="test_close_by_position_id" time="0.012" /><testcase classname="tests.unit.test_brokers_paper_trading_coverage.TestClosePosition" name="test_close_all_positions" time="0.014" /><testcase classname="tests.unit.test_brokers_paper_trading_coverage.TestGetAccountInfo" name="test_returns_account_info" time="0.010" /><testcase classname="tests.unit.test_brokers_paper_trading_coverage.TestGetAccountInfo" name="test_balance_matches" time="0.017" /><testcase classname="tests.unit.test_brokers_paper_trading_coverage.TestGetAccountInfo" name="test_equity_includes_unrealized" time="0.014" /><testcase classname="tests.unit.test_brokers_paper_trading_coverage.TestGetAccountInfo" name="test_positions_count" time="0.013" /><testcase classname="tests.unit.test_brokers_paper_trading_coverage.TestGetAccountInfo" name="test_equity_history_grows_after_60s" time="0.011" /><testcase classname="tests.unit.test_brokers_paper_trading_coverage.TestGetAccountInfo" name="test_equity_history_not_duplicated_within_60s" time="0.011" /><testcase classname="tests.unit.test_brokers_paper_trading_coverage.TestGetMarketData" name="test_returns_list" time="0.011" /><testcase classname="tests.unit.test_brokers_paper_trading_coverage.TestGetMarketData" name="test_default_limit_100" time="0.012" /><testcase classname="tests.unit.test_brokers_paper_trading_coverage.TestGetMarketData" name="test_custom_limit" time="0.013" /><testcase classname="tests.unit.test_brokers_paper_trading_coverage.TestGetMarketData" name="test_bar_structure" time="0.011" /><testcase classname="tests.unit.test_brokers_paper_trading_coverage.TestGetMarketData" name="test_high_gte_close" time="0.010" /><testcase classname="tests.unit.test_brokers_paper_trading_coverage.TestGetMarketData" name="test_low_lte_close" time="0.012" /><testcase classname="tests.unit.test_brokers_paper_trading_coverage.TestGetMarketData" name="test_unknown_symbol_uses_fallback_price" time="0.011" /><testcase classname="tests.unit.test_brokers_paper_trading_coverage.TestGetMarketData" name="test_timeframe_variants" time="0.012" /><testcase classname="tests.unit.test_brokers_paper_trading_coverage.TestMarketPrice" name="test_update_and_get" time="0.012" /><testcase classname="tests.unit.test_brokers_paper_trading_coverage.TestMarketPrice" name="test_get_unknown_symbol_returns_zero" time="0.011" /><testcase classname="tests.unit.test_brokers_paper_trading_coverage.TestMarketPrice" name="test_update_affects_position_pnl" time="0.012" /><testcase classname="tests.unit.test_brokers_paper_trading_coverage.TestSetSpread" name="test_set_spread_for_symbol" time="0.012" /><testcase classname="tests.unit.test_brokers_paper_trading_coverage.TestSetSpread" name="test_set_default_spread" time="0.013" /><testcase classname="tests.unit.test_brokers_paper_trading_coverage.TestCommission" name="test_zero_commission_no_balance_change" time="0.012" /><testcase classname="tests.unit.test_brokers_paper_trading_coverage.TestCommission" name="test_commission_deducted_from_balance" time="0.013" /><testcase classname="tests.unit.test_brokers_paper_trading_coverage.TestCommission" name="test_commission_proportional_to_quantity" time="0.011" /><testcase classname="tests.unit.test_brokers_paper_trading_coverage.TestCommission" name="test_commission_charged_on_market_order" time="0.015" /><testcase classname="tests.unit.test_brokers_paper_trading_coverage.TestCommission" name="test_commission_charged_on_close" time="0.011" /><testcase classname="tests.unit.test_brokers_paper_trading_coverage.TestUpdatePosition" name="test_second_buy_averages_price" time="0.012" /><testcase classname="tests.unit.test_brokers_paper_trading_coverage.TestUpdatePosition" name="test_sell_creates_short_position" time="0.014" /><testcase classname="tests.unit.test_brokers_paper_trading_coverage.TestPlaceMarketOrderAsync" name="test_async_buy" time="0.015" /><testcase classname="tests.unit.test_brokers_paper_trading_coverage.TestPlaceMarketOrderAsync" name="test_async_sell" time="0.014" /><testcase classname="tests.unit.test_brokers_paper_trading_coverage.TestPlaceMarketOrderAsync" name="test_async_long_alias" time="0.014" /><testcase classname="tests.unit.test_brokers_paper_trading_coverage.TestEquityHistory" name="test_initial_history_has_one_point" time="0.011" /><testcase classname="tests.unit.test_brokers_paper_trading_coverage.TestEquityHistory" name="test_snapshot_appends_point" time="0.014" /><testcase classname="tests.unit.test_brokers_paper_trading_coverage.TestEquityHistory" name="test_history_bounded_at_10000" time="0.065" /><testcase classname="tests.unit.test_brokers_paper_trading_coverage.TestEquityHistory" name="test_get_equity_history_returns_list" time="0.010" /><testcase classname="tests.unit.test_brokers_paper_trading_coverage.TestEquityHistory" name="test_equity_history_tuple_structure" time="0.012" /><testcase classname="tests.unit.test_brokers_paper_trading_coverage.TestSetPriceFeed" name="test_price_feed_stored" time="0.012" /><testcase classname="tests.unit.test_brokers_paper_trading_coverage.TestPersistTrade" name="test_no_session_factory_is_noop" time="0.012" /><testcase classname="tests.unit.test_brokers_paper_trading_coverage.TestPersistTrade" name="test_session_factory_exception_logged" time="0.013" /><testcase classname="tests.unit.test_brokers_paper_trading_coverage.TestRedisState" name="test_restore_state_skips_invalid_positions" time="0.013" /><testcase classname="tests.unit.test_brokers_paper_trading_coverage.TestRedisState" name="test_restore_state_handles_exception" time="0.013" /><testcase classname="tests.unit.test_brokers_paper_trading_coverage.TestRedisState" name="test_connect_restores_redis_state" time="0.014" /><testcase classname="tests.unit.test_brokers_paper_trading_coverage.TestRedisState" name="test_close_position_removes_from_redis" time="0.015" /><testcase classname="tests.unit.test_brokers_paper_trading_coverage.TestRedisState" name="test_close_position_redis_exception_does_not_raise" time="0.015" /><testcase classname="tests.unit.test_brokers_paper_trading_coverage.TestRedisState" name="test_place_order_attempts_redis_save" time="0.014" /><testcase classname="tests.unit.test_brokers_paper_trading_coverage.TestRedisState" name="test_place_order_redis_exception_does_not_raise" time="0.015" /><testcase classname="tests.unit.test_brokers_paper_trading_coverage.TestMiscBroker" name="test_is_connected_true" time="0.011" /><testcase classname="tests.unit.test_brokers_paper_trading_coverage.TestMiscBroker" name="test_is_connected_false_after_disconnect" time="0.015" /><testcase classname="tests.unit.test_brokers_paper_trading_coverage.TestMiscBroker" name="test_repr_contains_name" time="0.011" /><testcase classname="tests.unit.test_brokers_prop_firms_coverage.TestPropFirmInitModule" name="test_prop_firm_tier_values" time="0.006" /><testcase classname="tests.unit.test_brokers_prop_firms_coverage.TestPropFirmInitModule" name="test_firm_status_values" time="0.005" /><testcase classname="tests.unit.test_brokers_prop_firms_coverage.TestPropFirmInitModule" name="test_prop_firm_config_fields" time="0.006" /><testcase classname="tests.unit.test_brokers_prop_firms_coverage.TestPropFirmInitModule" name="test_connectors_importable" time="0.006" /><testcase classname="tests.unit.test_brokers_prop_firms_coverage.TestFTMOBrokerContextManager" name="test_context_manager_opens_session" time="0.021" /><testcase classname="tests.unit.test_brokers_prop_firms_coverage.TestFTMOBrokerContextManager" name="test_context_manager_closes_session" time="0.019" /><testcase classname="tests.unit.test_brokers_prop_firms_coverage.TestFTMOBrokerGetMetrics" name="test_get_metrics_success" time="0.016" /><testcase classname="tests.unit.test_brokers_prop_firms_coverage.TestFTMOBrokerGetMetrics" name="test_get_metrics_no_session_raises" time="0.008" /><testcase classname="tests.unit.test_brokers_prop_firms_coverage.TestFTMOBrokerGetMetrics" name="test_get_metrics_api_error_raises" time="0.017" /><testcase classname="tests.unit.test_brokers_prop_firms_coverage.TestFTMOBrokerPlaceOrder" name="test_place_order_no_session_raises" time="0.008" /><testcase classname="tests.unit.test_brokers_prop_firms_coverage.TestFTMOBrokerPlaceOrder" name="test_place_order_risk_violation_raises" time="0.016" /><testcase classname="tests.unit.test_brokers_prop_firms_coverage.TestFTMOBrokerPlaceOrder" name="test_place_order_success" time="0.018" /><testcase classname="tests.unit.test_brokers_prop_firms_coverage.TestFTMOBrokerTrades" name="test_get_open_trades_no_session_raises" time="0.008" /><testcase classname="tests.unit.test_brokers_prop_firms_coverage.TestFTMOBrokerTrades" name="test_get_open_trades_success" time="0.016" /><testcase classname="tests.unit.test_brokers_prop_firms_coverage.TestFTMOBrokerTrades" name="test_close_trade_no_session_raises" time="0.008" /><testcase classname="tests.unit.test_brokers_prop_firms_coverage.TestFTMOBrokerTrades" name="test_close_trade_success" time="0.018" /><testcase classname="tests.unit.test_brokers_prop_firms_coverage.TestFTMOBrokerTrades" name="test_get_trade_history_no_session_raises" time="0.007" /><testcase classname="tests.unit.test_brokers_prop_firms_coverage.TestFTMOBrokerTrades" name="test_get_trade_history_success" time="0.015" /><testcase classname="tests.unit.test_brokers_prop_firms_coverage.TestThe5ersBrokerGetMetrics" name="test_get_metrics_success" time="0.016" /><testcase classname="tests.unit.test_brokers_prop_firms_coverage.TestThe5ersBrokerGetMetrics" name="test_get_metrics_no_session_raises" time="0.008" /><testcase classname="tests.unit.test_brokers_prop_firms_coverage.TestThe5ersBrokerGetMetrics" name="test_get_metrics_api_error_raises" time="0.017" /><testcase classname="tests.unit.test_brokers_prop_firms_coverage.TestThe5ersBrokerGetMetrics" name="test_place_order_no_session_raises" time="0.008" /><testcase classname="tests.unit.test_brokers_prop_firms_coverage.TestThe5ersBrokerGetMetrics" name="test_get_open_trades_no_session_raises" time="0.009" /><testcase classname="tests.unit.test_brokers_prop_firms_coverage.TestThe5ersBrokerGetMetrics" name="test_close_trade_no_session_raises" time="0.007" /><testcase classname="tests.unit.test_brokers_prop_firms_coverage.TestThe5ersBrokerGetMetrics" name="test_get_trade_history_no_session_raises" time="0.009" /><testcase classname="tests.unit.test_brokers_prop_firms_coverage.TestMyForexFundsBrokerGetMetrics" name="test_get_metrics_success" time="0.015" /><testcase classname="tests.unit.test_brokers_prop_firms_coverage.TestMyForexFundsBrokerGetMetrics" name="test_get_metrics_no_session_raises" time="0.008" /><testcase classname="tests.unit.test_brokers_prop_firms_coverage.TestMyForexFundsBrokerGetMetrics" name="test_get_headers" time="0.008" /><testcase classname="tests.unit.test_brokers_prop_firms_coverage.TestMyForexFundsBrokerGetMetrics" name="test_place_order_no_session_raises" time="0.007" /><testcase classname="tests.unit.test_brokers_prop_firms_coverage.TestMyForexFundsBrokerGetMetrics" name="test_get_open_trades_no_session_raises" time="0.006" /><testcase classname="tests.unit.test_brokers_prop_firms_coverage.TestMyForexFundsBrokerGetMetrics" name="test_close_trade_no_session_raises" time="0.008" /><testcase classname="tests.unit.test_brokers_prop_firms_coverage.TestMyForexFundsBrokerGetMetrics" name="test_get_trade_history_no_session_raises" time="0.008" /><testcase classname="tests.unit.test_brokers_prop_firms_coverage.TestTopStepBrokerGetMetrics" name="test_get_metrics_success" time="0.016" /><testcase classname="tests.unit.test_brokers_prop_firms_coverage.TestTopStepBrokerGetMetrics" name="test_get_metrics_no_session_raises" time="0.007" /><testcase classname="tests.unit.test_brokers_prop_firms_coverage.TestTopStepBrokerGetMetrics" name="test_get_headers" time="0.006" /><testcase classname="tests.unit.test_brokers_prop_firms_coverage.TestTopStepBrokerGetMetrics" name="test_place_order_no_session_raises" time="0.009" /><testcase classname="tests.unit.test_brokers_prop_firms_coverage.TestTopStepBrokerGetMetrics" name="test_get_open_trades_no_session_raises" time="0.008" /><testcase classname="tests.unit.test_brokers_prop_firms_coverage.TestTopStepBrokerGetMetrics" name="test_close_trade_no_session_raises" time="0.007" /><testcase classname="tests.unit.test_brokers_prop_firms_coverage.TestTopStepBrokerGetMetrics" name="test_get_trade_history_no_session_raises" time="0.009" /><testcase classname="tests.unit.test_brokers_prop_firms_coverage.TestPropFirmGuard" name="test_no_op_when_config_missing" time="0.007" /><testcase classname="tests.unit.test_brokers_prop_firms_coverage.TestPropFirmGuard" name="test_no_op_when_disabled" time="0.009" /><testcase classname="tests.unit.test_brokers_prop_firms_coverage.TestPropFirmGuard" name="test_raises_on_daily_dd_breach" time="0.009" /><testcase classname="tests.unit.test_brokers_prop_firms_coverage.TestPropFirmGuard" name="test_load_config_idempotent" time="0.010" /><testcase classname="tests.unit.test_brokers_prop_firms_coverage.TestThe5ersBrokerSuccess" name="test_place_order_success" time="0.019" /><testcase classname="tests.unit.test_brokers_prop_firms_coverage.TestThe5ersBrokerSuccess" name="test_get_open_trades_success" time="0.015" /><testcase classname="tests.unit.test_brokers_prop_firms_coverage.TestThe5ersBrokerSuccess" name="test_close_trade_success" time="0.017" /><testcase classname="tests.unit.test_brokers_prop_firms_coverage.TestThe5ersBrokerSuccess" name="test_get_trade_history_success" time="0.016" /><testcase classname="tests.unit.test_brokers_prop_firms_coverage.TestMyForexFundsBrokerSuccess" name="test_place_order_success" time="0.015" /><testcase classname="tests.unit.test_brokers_prop_firms_coverage.TestMyForexFundsBrokerSuccess" name="test_get_open_trades_success" time="0.016" /><testcase classname="tests.unit.test_brokers_prop_firms_coverage.TestMyForexFundsBrokerSuccess" name="test_close_trade_success" time="0.019" /><testcase classname="tests.unit.test_brokers_prop_firms_coverage.TestMyForexFundsBrokerSuccess" name="test_get_trade_history_success" time="0.017" /><testcase classname="tests.unit.test_brokers_prop_firms_coverage.TestTopStepBrokerSuccess" name="test_place_order_success" time="0.019" /><testcase classname="tests.unit.test_brokers_prop_firms_coverage.TestTopStepBrokerSuccess" name="test_get_open_trades_success" time="0.016" /><testcase classname="tests.unit.test_brokers_prop_firms_coverage.TestTopStepBrokerSuccess" name="test_close_trade_success" time="0.014" /><testcase classname="tests.unit.test_brokers_prop_firms_coverage.TestTopStepBrokerSuccess" name="test_get_trade_history_success" time="0.014" /><testcase classname="tests.unit.test_brokers_prop_firms_coverage.TestBrokerApiErrorPaths" name="test_the5ers_place_order_api_error" time="0.020" /><testcase classname="tests.unit.test_brokers_prop_firms_coverage.TestBrokerApiErrorPaths" name="test_the5ers_get_open_trades_api_error" time="0.016" /><testcase classname="tests.unit.test_brokers_prop_firms_coverage.TestBrokerApiErrorPaths" name="test_the5ers_close_trade_api_error" time="0.013" /><testcase classname="tests.unit.test_brokers_prop_firms_coverage.TestBrokerApiErrorPaths" name="test_the5ers_get_trade_history_api_error" time="0.016" /><testcase classname="tests.unit.test_brokers_prop_firms_coverage.TestBrokerApiErrorPaths" name="test_mff_place_order_api_error" time="0.016" /><testcase classname="tests.unit.test_brokers_prop_firms_coverage.TestBrokerApiErrorPaths" name="test_mff_get_open_trades_api_error" time="0.019" /><testcase classname="tests.unit.test_brokers_prop_firms_coverage.TestBrokerApiErrorPaths" name="test_mff_close_trade_api_error" time="0.018" /><testcase classname="tests.unit.test_brokers_prop_firms_coverage.TestBrokerApiErrorPaths" name="test_mff_get_trade_history_api_error" time="0.017" /><testcase classname="tests.unit.test_brokers_prop_firms_coverage.TestBrokerApiErrorPaths" name="test_topstep_place_order_api_error" time="0.017" /><testcase classname="tests.unit.test_brokers_prop_firms_coverage.TestBrokerApiErrorPaths" name="test_topstep_get_open_trades_api_error" time="0.016" /><testcase classname="tests.unit.test_brokers_prop_firms_coverage.TestBrokerApiErrorPaths" name="test_topstep_close_trade_api_error" time="0.018" /><testcase classname="tests.unit.test_brokers_prop_firms_coverage.TestBrokerApiErrorPaths" name="test_topstep_get_trade_history_api_error" time="0.016" /><testcase classname="tests.unit.test_brokers_prop_firms_coverage.TestBrokerApiErrorPaths" name="test_ftmo_get_open_trades_api_error" time="0.018" /><testcase classname="tests.unit.test_brokers_prop_firms_coverage.TestBrokerApiErrorPaths" name="test_ftmo_close_trade_api_error" time="0.018" /><testcase classname="tests.unit.test_brokers_prop_firms_coverage.TestBrokerApiErrorPaths" name="test_ftmo_get_trade_history_api_error" time="0.017" /><testcase classname="tests.unit.test_brokers_prop_firms_coverage.TestCheckRiskViolationsExtended" name="test_monthly_loss_exceeded" time="0.010" /><testcase classname="tests.unit.test_brokers_prop_firms_coverage.TestCheckRiskViolationsExtended" name="test_daily_drawdown_exceeded" time="0.009" /><testcase classname="tests.unit.test_brokers_prop_firms_coverage.TestCheckRiskViolationsExtended" name="test_no_violation_when_healthy" time="0.008" /><testcase classname="tests.unit.test_brokers_smart_router_coverage.TestBrokerScore" name="test_dataclass_fields" time="0.008" /><testcase classname="tests.unit.test_brokers_smart_router_coverage.TestBrokerScore" name="test_calculate_sets_overall_score" time="0.005" /><testcase classname="tests.unit.test_brokers_smart_router_coverage.TestBrokerScore" name="test_calculate_uses_custom_weights" time="0.007" /><testcase classname="tests.unit.test_brokers_smart_router_coverage.TestBrokerScore" name="test_calculate_missing_weight_defaults_to_025" time="0.007" /><testcase classname="tests.unit.test_brokers_smart_router_coverage.TestBrokerScore" name="test_high_latency_lowers_score" time="0.006" /><testcase classname="tests.unit.test_brokers_smart_router_coverage.TestBrokerScore" name="test_high_fill_rate_raises_score" time="0.006" /><testcase classname="tests.unit.test_brokers_smart_router_coverage.TestBrokerScore" name="test_low_cost_raises_score" time="0.006" /><testcase classname="tests.unit.test_brokers_smart_router_coverage.TestBrokerScore" name="test_high_reliability_raises_score" time="0.005" /><testcase classname="tests.unit.test_brokers_smart_router_coverage.TestBrokerScore" name="test_calculate_idempotent_on_repeated_calls" time="0.006" /><testcase classname="tests.unit.test_brokers_smart_router_coverage.TestSmartOrderRouterInit" name="test_default_state" time="0.006" /><testcase classname="tests.unit.test_brokers_smart_router_coverage.TestSmartOrderRouterInit" name="test_routing_rules_present" time="0.007" /><testcase classname="tests.unit.test_brokers_smart_router_coverage.TestSmartOrderRouterInit" name="test_add_broker_registers_connector" time="0.009" /><testcase classname="tests.unit.test_brokers_smart_router_coverage.TestSmartOrderRouterInit" name="test_add_broker_creates_default_score" time="0.008" /><testcase classname="tests.unit.test_brokers_smart_router_coverage.TestSmartOrderRouterInit" name="test_add_broker_default_score_values" time="0.011" /><testcase classname="tests.unit.test_brokers_smart_router_coverage.TestSmartOrderRouterInit" name="test_add_multiple_brokers" time="0.014" /><testcase classname="tests.unit.test_brokers_smart_router_coverage.TestExplainSelection" name="test_low_latency_reason" time="0.006" /><testcase classname="tests.unit.test_brokers_smart_router_coverage.TestExplainSelection" name="test_high_fill_rate_reason" time="0.007" /><testcase classname="tests.unit.test_brokers_smart_router_coverage.TestExplainSelection" name="test_low_cost_reason" time="0.007" /><testcase classname="tests.unit.test_brokers_smart_router_coverage.TestExplainSelection" name="test_high_reliability_reason" time="0.007" /><testcase classname="tests.unit.test_brokers_smart_router_coverage.TestExplainSelection" name="test_balanced_score_fallback" time="0.005" /><testcase classname="tests.unit.test_brokers_smart_router_coverage.TestExplainSelection" name="test_multiple_reasons_joined" time="0.007" /><testcase classname="tests.unit.test_brokers_smart_router_coverage.TestRouteOrder" name="test_route_order_returns_best_broker" time="0.013" /><testcase classname="tests.unit.test_brokers_smart_router_coverage.TestRouteOrder" name="test_route_order_decision_structure" time="0.010" /><testcase classname="tests.unit.test_brokers_smart_router_coverage.TestRouteOrder" name="test_route_order_sets_last_route_decision" time="0.010" /><testcase classname="tests.unit.test_brokers_smart_router_coverage.TestRouteOrder" name="test_route_order_alternative_brokers_list" time="0.021" /><testcase classname="tests.unit.test_brokers_smart_router_coverage.TestRouteOrder" name="test_route_order_timestamp_is_iso" time="0.011" /><testcase classname="tests.unit.test_brokers_smart_router_coverage.TestUpdateBrokerScores" name="test_latency_ema_updated" time="0.011" /><testcase classname="tests.unit.test_brokers_smart_router_coverage.TestUpdateBrokerScores" name="test_fill_rate_updated_from_recent_fills" time="0.011" /><testcase classname="tests.unit.test_brokers_smart_router_coverage.TestUpdateBrokerScores" name="test_reliability_degraded_on_ping_failure" time="0.011" /><testcase classname="tests.unit.test_brokers_smart_router_coverage.TestUpdateBrokerScores" name="test_multiple_failures_compound_degradation" time="0.014" /><testcase classname="tests.unit.test_brokers_smart_router_coverage.TestExecuteWithFallback" name="test_success_on_primary" time="0.011" /><testcase classname="tests.unit.test_brokers_smart_router_coverage.TestExecuteWithFallback" name="test_fallback_used_when_primary_fails" time="0.018" /><testcase classname="tests.unit.test_brokers_smart_router_coverage.TestExecuteWithFallback" name="test_raises_when_all_brokers_fail" time="0.029" /><testcase classname="tests.unit.test_brokers_smart_router_coverage.TestExecuteWithFallback" name="test_fallback_reason_recorded" time="0.017" /><testcase classname="tests.unit.test_brokers_smart_router_coverage.TestExecuteWithTimeout" name="test_executes_successfully" time="0.010" /><testcase classname="tests.unit.test_brokers_smart_router_coverage.TestExecuteWithTimeout" name="test_raises_on_timeout" time="0.059" /><testcase classname="tests.unit.test_brokers_smart_router_coverage.TestBrokerConnector" name="test_ping_returns_latency" time="0.012" /><testcase classname="tests.unit.test_brokers_smart_router_coverage.TestBrokerConnector" name="test_ping_appends_to_history" time="0.010" /><testcase classname="tests.unit.test_brokers_smart_router_coverage.TestBrokerConnector" name="test_ping_history_capped_at_1000" time="0.044" /><testcase classname="tests.unit.test_brokers_smart_router_coverage.TestBrokerConnector" name="test_place_order_returns_result" time="0.011" /><testcase classname="tests.unit.test_brokers_smart_router_coverage.TestBrokerConnector" name="test_place_order_appends_fill_history" time="0.010" /><testcase classname="tests.unit.test_brokers_smart_router_coverage.TestBrokerConnector" name="test_place_order_fill_record_structure" time="0.012" /><testcase classname="tests.unit.test_brokers_smart_router_coverage.TestBrokerConnector" name="test_place_order_filled_flag_true_when_status_filled" time="0.010" /><testcase classname="tests.unit.test_brokers_smart_router_coverage.TestBrokerConnector" name="test_place_order_filled_flag_false_when_not_filled" time="0.010" /><testcase classname="tests.unit.test_brokers_smart_router_coverage.TestBrokerConnector" name="test_get_recent_fills_returns_within_window" time="0.014" /><testcase classname="tests.unit.test_brokers_smart_router_coverage.TestBrokerConnector" name="test_get_recent_fills_empty_history" time="0.010" /><testcase classname="tests.unit.test_brokers_smart_router_coverage.TestBrokerConnector" name="test_get_recent_fills_all_within_window" time="0.011" /><testcase classname="tests.unit.test_brokers_smart_router_coverage.TestCalculateSlippage" name="test_no_price_in_order_returns_zero" time="0.007" /><testcase classname="tests.unit.test_brokers_smart_router_coverage.TestCalculateSlippage" name="test_no_avg_price_in_result_returns_zero" time="0.010" /><testcase classname="tests.unit.test_brokers_smart_router_coverage.TestCalculateSlippage" name="test_buy_slippage_positive_when_actual_above_expected" time="0.009" /><testcase classname="tests.unit.test_brokers_smart_router_coverage.TestCalculateSlippage" name="test_sell_slippage_positive_when_actual_below_expected" time="0.010" /><testcase classname="tests.unit.test_brokers_smart_router_coverage.TestCalculateSlippage" name="test_buy_zero_slippage_when_filled_at_expected" time="0.009" /><testcase classname="tests.unit.test_brokers_smart_router_coverage.TestCalculateSlippage" name="test_slippage_in_basis_points" time="0.010" /><testcase classname="tests.unit.test_cache.TestTimeframe" name="test_timeframe_values" time="0.006" /><testcase classname="tests.unit.test_cache.TestTimeframe" name="test_timeframe_count" time="0.007" /><testcase classname="tests.unit.test_cache.TestOHLCVData" name="test_ohlcv_creation" time="0.006" /><testcase classname="tests.unit.test_cache.TestOHLCVData" name="test_ohlcv_to_dict" time="0.006" /><testcase classname="tests.unit.test_cache.TestOHLCVData" name="test_ohlcv_from_dict" time="0.007" /><testcase classname="tests.unit.test_cache.TestOHLCVData" name="test_ohlcv_roundtrip" time="0.006" /><testcase classname="tests.unit.test_cache.TestCachedTickData" name="test_tick_data_creation" time="0.007" /><testcase classname="tests.unit.test_cache.TestCachedTickData" name="test_tick_data_to_dict" time="0.006" /><testcase classname="tests.unit.test_cache.TestCachedTickData" name="test_tick_data_from_dict" time="0.006" /><testcase classname="tests.unit.test_cache.TestCacheStatistics" name="test_statistics_defaults" time="0.007" /><testcase classname="tests.unit.test_cache.TestCacheStatistics" name="test_hit_rate_zero_requests" time="0.006" /><testcase classname="tests.unit.test_cache.TestCacheStatistics" name="test_hit_rate_calculation" time="0.006" /><testcase classname="tests.unit.test_cache.TestCacheStatistics" name="test_hit_rate_all_hits" time="0.006" /><testcase classname="tests.unit.test_cache.TestCacheStatistics" name="test_hit_rate_all_misses" time="0.006" /><testcase classname="tests.unit.test_cache.TestCacheStatistics" name="test_statistics_to_dict" time="0.007" /><testcase classname="tests.unit.test_cache.TestMarketDataCacheBasics" name="test_default_ttl_values" time="0.005" /><testcase classname="tests.unit.test_cache.TestMarketDataCacheBasics" name="test_cache_initialization_with_mock" time="0.009" /><testcase classname="tests.unit.test_cache.TestMarketDataCacheBasics" name="test_cache_with_password" time="0.008" /><testcase classname="tests.unit.test_cache_config.TestMarketDataCacheInit" name="test_init_defaults" time="0.011" /><testcase classname="tests.unit.test_cache_config.TestMarketDataCacheInit" name="test_init_custom_params" time="0.010" /><testcase classname="tests.unit.test_cache_config.TestMarketDataCacheInit" name="test_init_stats_zeroed" time="0.007" /><testcase classname="tests.unit.test_cache_config.TestMarketDataCacheInit" name="test_redis_unavailable_falls_back_to_memory" time="0.006" /><testcase classname="tests.unit.test_cache_config.TestMarketDataCacheInit" name="test_context_manager" time="0.017" /><testcase classname="tests.unit.test_cache_config.TestBuildKey" name="test_build_key_format" time="0.009" /><testcase classname="tests.unit.test_cache_config.TestBuildKey" name="test_build_key_all_timeframes" time="0.008" /><testcase classname="tests.unit.test_cache_config.TestBuildKey" name="test_build_tick_key_format" time="0.011" /><testcase classname="tests.unit.test_cache_config.TestBuildKey" name="test_build_key_different_data_types" time="0.009" /><testcase classname="tests.unit.test_cache_config.TestCacheOhlcv" name="test_cache_ohlcv_success" time="0.011" /><testcase classname="tests.unit.test_cache_config.TestCacheOhlcv" name="test_cache_ohlcv_uses_default_ttl" time="0.009" /><testcase classname="tests.unit.test_cache_config.TestCacheOhlcv" name="test_cache_ohlcv_custom_ttl" time="0.011" /><testcase classname="tests.unit.test_cache_config.TestCacheOhlcv" name="test_get_ohlcv_hit" time="0.011" /><testcase classname="tests.unit.test_cache_config.TestCacheOhlcv" name="test_get_ohlcv_miss" time="0.009" /><testcase classname="tests.unit.test_cache_config.TestCacheOhlcv" name="test_get_ohlcv_redis_error_returns_none" time="0.011" /><testcase classname="tests.unit.test_cache_config.TestCacheOhlcv" name="test_cache_ohlcv_redis_error_returns_false" time="0.011" /><testcase classname="tests.unit.test_cache_config.TestCacheOhlcv" name="test_all_timeframes_cache_and_retrieve" time="0.011" /><testcase classname="tests.unit.test_cache_config.TestCacheTick" name="test_cache_tick_success" time="0.010" /><testcase classname="tests.unit.test_cache_config.TestCacheTick" name="test_cache_tick_default_ttl" time="0.010" /><testcase classname="tests.unit.test_cache_config.TestCacheTick" name="test_cache_tick_custom_ttl" time="0.009" /><testcase classname="tests.unit.test_cache_config.TestCacheTick" name="test_get_tick_hit" time="0.011" /><testcase classname="tests.unit.test_cache_config.TestCacheTick" name="test_get_tick_miss" time="0.011" /><testcase classname="tests.unit.test_cache_config.TestCacheTick" name="test_cache_ticks_list" time="0.010" /><testcase classname="tests.unit.test_cache_config.TestCacheTick" name="test_cache_ticks_max_size_enforced" time="0.014" /><testcase classname="tests.unit.test_cache_config.TestCacheTick" name="test_get_ticks_hit" time="0.009" /><testcase classname="tests.unit.test_cache_config.TestCacheTick" name="test_get_ticks_miss" time="0.011" /><testcase classname="tests.unit.test_cache_config.TestCacheTick" name="test_cache_tick_redis_error_returns_false" time="0.010" /><testcase classname="tests.unit.test_cache_config.TestCacheTick" name="test_get_tick_redis_error_returns_none" time="0.012" /><testcase classname="tests.unit.test_cache_config.TestAppendOhlcv" name="test_append_ohlcv_new_key" time="0.010" /><testcase classname="tests.unit.test_cache_config.TestAppendOhlcv" name="test_append_ohlcv_existing_key" time="0.011" /><testcase classname="tests.unit.test_cache_config.TestAppendOhlcv" name="test_append_ohlcv_max_size_enforced" time="0.013" /><testcase classname="tests.unit.test_cache_config.TestMultiTimeframe" name="test_cache_multi_timeframe" time="0.009" /><testcase classname="tests.unit.test_cache_config.TestMultiTimeframe" name="test_cache_multi_timeframe_custom_ttl" time="0.010" /><testcase classname="tests.unit.test_cache_config.TestMultiTimeframe" name="test_get_multi_timeframe" time="0.010" /><testcase classname="tests.unit.test_cache_config.TestCacheInvalidation" name="test_invalidate_ohlcv" time="0.010" /><testcase classname="tests.unit.test_cache_config.TestCacheInvalidation" name="test_invalidate_ohlcv_error_returns_false" time="0.009" /><testcase classname="tests.unit.test_cache_config.TestCacheInvalidation" name="test_invalidate_tick" time="0.010" /><testcase classname="tests.unit.test_cache_config.TestCacheInvalidation" name="test_invalidate_symbol_deletes_keys" time="0.009" /><testcase classname="tests.unit.test_cache_config.TestCacheInvalidation" name="test_clear_all" time="0.009" /><testcase classname="tests.unit.test_cache_config.TestCacheInvalidation" name="test_clear_all_error_returns_false" time="0.010" /><testcase classname="tests.unit.test_cache_config.TestCacheStatisticsOperations" name="test_get_statistics_returns_cache_statistics" time="0.009" /><testcase classname="tests.unit.test_cache_config.TestCacheStatisticsOperations" name="test_get_statistics_counts_keys" time="0.009" /><testcase classname="tests.unit.test_cache_config.TestCacheStatisticsOperations" name="test_get_statistics_error_returns_empty" time="0.011" /><testcase classname="tests.unit.test_cache_config.TestCacheStatisticsOperations" name="test_reset_statistics" time="0.009" /><testcase classname="tests.unit.test_cache_config.TestCacheStatisticsOperations" name="test_stats_accumulate_across_operations" time="0.009" /><testcase classname="tests.unit.test_cache_config.TestCacheStatisticsOperations" name="test_print_statistics_no_exception" time="0.014" /><testcase classname="tests.unit.test_cache_config.TestHealthAndClose" name="test_health_check_success" time="0.011" /><testcase classname="tests.unit.test_cache_config.TestHealthAndClose" name="test_health_check_failure" time="0.010" /><testcase classname="tests.unit.test_cache_config.TestHealthAndClose" name="test_close" time="0.011" /><testcase classname="tests.unit.test_cache_config.TestCacheDefaultTTL" name="test_all_timeframes_have_ttl" time="0.006" /><testcase classname="tests.unit.test_cache_config.TestCacheDefaultTTL" name="test_ttl_increases_with_timeframe" time="0.007" /><testcase classname="tests.unit.test_cache_config.TestCacheThreadSafety" name="test_concurrent_hit_miss_updates" time="0.027" /><testcase classname="tests.unit.test_cache_config.TestEncryptionManagerExtended" name="test_no_key_auto_generates" time="0.026" /><testcase classname="tests.unit.test_cache_config.TestEncryptionManagerExtended" name="test_explicit_key_overrides_env" time="0.024" /><testcase classname="tests.unit.test_cache_config.TestEncryptionManagerExtended" name="test_invalid_salt_raises_value_error" time="0.006" /><testcase classname="tests.unit.test_cache_config.TestEncryptionManagerExtended" name="test_encrypt_produces_different_output" time="0.025" /><testcase classname="tests.unit.test_cache_config.TestEncryptionManagerExtended" name="test_decrypt_roundtrip_unicode" time="0.025" /><testcase classname="tests.unit.test_cache_config.TestEncryptionManagerExtended" name="test_salt_derived_from_master_key_when_no_env_salt" time="0.024" /><testcase classname="tests.unit.test_cache_config.TestEncryptionManagerExtended" name="test_hash_password_returns_salt_and_hash" time="0.054" /><testcase classname="tests.unit.test_cache_config.TestEncryptionManagerExtended" name="test_verify_password_with_explicit_salt" time="0.113" /><testcase classname="tests.unit.test_cache_config.TestEncryptionManagerExtended" name="test_verify_password_bad_format_returns_false" time="0.024" /><testcase classname="tests.unit.test_cache_config.TestAPIConfigExtended" name="test_validate_missing_api_key" time="0.007" /><testcase classname="tests.unit.test_cache_config.TestAPIConfigExtended" name="test_validate_missing_api_secret" time="0.006" /><testcase classname="tests.unit.test_cache_config.TestAPIConfigExtended" name="test_validate_missing_provider" time="0.006" /><testcase classname="tests.unit.test_cache_config.TestAPIConfigExtended" name="test_validate_valid_config" time="0.006" /><testcase classname="tests.unit.test_cache_config.TestAPIConfigExtended" name="test_defaults_sandbox_true" time="0.006" /><testcase classname="tests.unit.test_cache_config.TestAPIConfigExtended" name="test_rate_limit_default" time="0.006" /><testcase classname="tests.unit.test_cache_config.TestDatabaseConfigExtended" name="test_sqlite_validate" time="0.006" /><testcase classname="tests.unit.test_cache_config.TestDatabaseConfigExtended" name="test_postgresql_validate" time="0.006" /><testcase classname="tests.unit.test_cache_config.TestDatabaseConfigExtended" name="test_unsupported_db_type_validate" time="0.006" /><testcase classname="tests.unit.test_cache_config.TestDatabaseConfigExtended" name="test_sqlite_connection_string" time="0.006" /><testcase classname="tests.unit.test_cache_config.TestDatabaseConfigExtended" name="test_postgresql_connection_string_with_ssl" time="0.006" /><testcase classname="tests.unit.test_cache_config.TestDatabaseConfigExtended" name="test_postgresql_connection_string_no_ssl" time="0.006" /><testcase classname="tests.unit.test_cache_config.TestDatabaseConfigExtended" name="test_mysql_connection_string" time="0.006" /><testcase classname="tests.unit.test_cache_config.TestDatabaseConfigExtended" name="test_mysql_with_ssl" time="0.006" /><testcase classname="tests.unit.test_cache_config.TestDatabaseConfigExtended" name="test_unsupported_db_connection_string_raises" time="0.006" /><testcase classname="tests.unit.test_cache_config.TestTradingConfigExtended" name="test_validate_invalid_position_size" time="0.006" /><testcase classname="tests.unit.test_cache_config.TestTradingConfigExtended" name="test_validate_invalid_leverage" time="0.006" /><testcase classname="tests.unit.test_cache_config.TestTradingConfigExtended" name="test_validate_leverage_too_high" time="0.006" /><testcase classname="tests.unit.test_cache_config.TestTradingConfigExtended" name="test_validate_invalid_risk_per_trade" time="0.006" /><testcase classname="tests.unit.test_cache_config.TestTradingConfigExtended" name="test_validate_valid" time="0.005" /><testcase classname="tests.unit.test_cache_config.TestTradingConfigExtended" name="test_paper_trading_default_true" time="0.006" /><testcase classname="tests.unit.test_cache_config.TestTradingConfigExtended" name="test_trading_disabled_by_default" time="0.006" /><testcase classname="tests.unit.test_cache_config.TestLoggingConfigExtended" name="test_validate_invalid_level" time="0.006" /><testcase classname="tests.unit.test_cache_config.TestLoggingConfigExtended" name="test_validate_valid_levels" time="0.006" /><testcase classname="tests.unit.test_cache_config.TestAppConfigValidation" name="test_validate_all_valid" time="0.006" /><testcase classname="tests.unit.test_cache_config.TestAppConfigValidation" name="test_validate_propagates_trading_failure" time="0.007" /><testcase classname="tests.unit.test_cache_config.TestAppConfigValidation" name="test_validate_propagates_logging_failure" time="0.006" /><testcase classname="tests.unit.test_cache_config.TestAppConfigValidation" name="test_validate_propagates_api_config_failure" time="0.006" /><testcase classname="tests.unit.test_cache_config.TestAppConfigValidation" name="test_validate_with_valid_api_config" time="0.007" /><testcase classname="tests.unit.test_cache_config.TestConfigManagerInit" name="test_init_creates_config_dir" time="0.027" /><testcase classname="tests.unit.test_cache_config.TestConfigManagerInit" name="test_init_config_none_before_load" time="0.025" /><testcase classname="tests.unit.test_cache_config.TestConfigManagerLoadConfig" name="test_load_creates_default_when_missing" time="0.025" /><testcase classname="tests.unit.test_cache_config.TestConfigManagerLoadConfig" name="test_load_returns_app_config" time="0.026" /><testcase classname="tests.unit.test_cache_config.TestConfigManagerLoadConfig" name="test_load_sets_timestamp" time="0.025" /><testcase classname="tests.unit.test_cache_config.TestConfigManagerLoadConfig" name="test_load_sets_config_hash" time="0.026" /><testcase classname="tests.unit.test_cache_config.TestConfigManagerLoadConfig" name="test_load_uses_app_env" time="0.025" /><testcase classname="tests.unit.test_cache_config.TestConfigManagerLoadConfig" name="test_load_existing_file" time="0.027" /><testcase classname="tests.unit.test_cache_config.TestConfigManagerLoadConfig" name="test_load_trading_section_values" time="0.026" /><testcase classname="tests.unit.test_cache_config.TestConfigManagerLoadConfig" name="test_load_logging_section_values" time="0.027" /><testcase classname="tests.unit.test_cache_config.TestConfigManagerLoadConfig" name="test_load_database_section_values" time="0.026" /><testcase classname="tests.unit.test_cache_config.TestConfigManagerSaveConfig" name="test_save_creates_file" time="0.026" /><testcase classname="tests.unit.test_cache_config.TestConfigManagerSaveConfig" name="test_save_and_reload_roundtrip" time="0.044" /><testcase classname="tests.unit.test_cache_config.TestConfigManagerSaveConfig" name="test_save_encrypts_api_credentials" time="0.027" /><testcase classname="tests.unit.test_cache_config.TestConfigManagerAPICredentials" name="test_get_api_config_raises_when_not_loaded" time="0.027" /><testcase classname="tests.unit.test_cache_config.TestConfigManagerAPICredentials" name="test_get_api_config_returns_none_for_missing_provider" time="0.027" /><testcase classname="tests.unit.test_cache_config.TestConfigManagerAPICredentials" name="test_get_api_config_returns_api_config" time="0.027" /><testcase classname="tests.unit.test_cache_config.TestConfigManagerAPICredentials" name="test_update_api_credential_raises_when_not_loaded" time="0.025" /><testcase classname="tests.unit.test_cache_config.TestConfigManagerAPICredentials" name="test_update_api_credential_updates_existing" time="0.028" /><testcase classname="tests.unit.test_cache_config.TestConfigManagerAPICredentials" name="test_update_api_credential_creates_new_provider" time="0.026" /><testcase classname="tests.unit.test_cache_config.TestConfigManagerModificationDetection" name="test_not_modified_after_load" time="0.027" /><testcase classname="tests.unit.test_cache_config.TestConfigManagerModificationDetection" name="test_modified_after_in_memory_change" time="0.025" /><testcase classname="tests.unit.test_cache_config.TestConfigManagerModificationDetection" name="test_not_modified_when_not_loaded" time="0.026" /><testcase classname="tests.unit.test_cache_config.TestConfigManagerReload" name="test_reload_raises_when_not_loaded" time="0.024" /><testcase classname="tests.unit.test_cache_config.TestConfigManagerReload" name="test_reload_returns_app_config" time="0.026" /><testcase classname="tests.unit.test_cache_config.TestConfigManagerStatus" name="test_status_before_load" time="0.024" /><testcase classname="tests.unit.test_cache_config.TestConfigManagerStatus" name="test_status_after_load" time="0.027" /><testcase classname="tests.unit.test_cache_config.TestConfigManagerStatus" name="test_status_modified_false_after_load" time="0.025" /><testcase classname="tests.unit.test_cache_config.TestConfigManagerDefaultsFallback" name="test_empty_config_uses_defaults" time="0.027" /><testcase classname="tests.unit.test_cache_config.TestConfigManagerDefaultsFallback" name="test_partial_trading_config_uses_defaults" time="0.027" /><testcase classname="tests.unit.test_cache_config.TestEncryptDecryptIntegration" name="test_api_credentials_survive_save_load" time="0.047" /><testcase classname="tests.unit.test_cache_config.TestEncryptDecryptIntegration" name="test_database_password_survives_save_load" time="0.044" /><testcase classname="tests.unit.test_chaos.TestKillSwitchFaultInjection" name="test_inactive_by_default" time="0.008" /><testcase classname="tests.unit.test_chaos.TestKillSwitchFaultInjection" name="test_activate_sets_active_and_reason" time="0.012" /><testcase classname="tests.unit.test_chaos.TestKillSwitchFaultInjection" name="test_activate_idempotent" time="0.010" /><testcase classname="tests.unit.test_chaos.TestKillSwitchFaultInjection" name="test_deactivate_wrong_token_raises" time="0.010" /><testcase classname="tests.unit.test_chaos.TestKillSwitchFaultInjection" name="test_deactivate_no_token_raises" time="0.011" /><testcase classname="tests.unit.test_chaos.TestKillSwitchFaultInjection" name="test_deactivate_correct_token_clears_state" time="0.012" /><testcase classname="tests.unit.test_chaos.TestKillSwitchFaultInjection" name="test_flag_file_activates_on_construction" time="0.009" /><testcase classname="tests.unit.test_chaos.TestKillSwitchFaultInjection" name="test_env_var_activates_on_construction" time="0.013" /><testcase classname="tests.unit.test_chaos.TestKillSwitchFaultInjection" name="test_callback_fired_on_activation" time="0.012" /><testcase classname="tests.unit.test_chaos.TestKillSwitchFaultInjection" name="test_multiple_callbacks_all_fired" time="0.012" /><testcase classname="tests.unit.test_chaos.TestKillSwitchFaultInjection" name="test_callback_exception_does_not_prevent_activation" time="0.012" /><testcase classname="tests.unit.test_chaos.TestCircuitBreakerFaultInjection" name="test_opens_after_max_failures" time="0.009" /><testcase classname="tests.unit.test_chaos.TestCircuitBreakerFaultInjection" name="test_does_not_open_before_max_failures" time="0.007" /><testcase classname="tests.unit.test_chaos.TestCircuitBreakerFaultInjection" name="test_check_passes_when_closed" time="0.008" /><testcase classname="tests.unit.test_chaos.TestCircuitBreakerFaultInjection" name="test_check_raises_when_open" time="0.007" /><testcase classname="tests.unit.test_chaos.TestCircuitBreakerFaultInjection" name="test_success_resets_failures" time="0.007" /><testcase classname="tests.unit.test_chaos.TestCircuitBreakerFaultInjection" name="test_failures_outside_window_are_pruned" time="0.008" /><testcase classname="tests.unit.test_chaos.TestCircuitBreakerFaultInjection" name="test_auto_reset_after_reset_sec" time="0.008" /><testcase classname="tests.unit.test_chaos.TestExecutionEngineBrokerFaultInjection" name="test_kill_switch_active_blocks_order" time="0.014" /><testcase classname="tests.unit.test_chaos.TestExecutionEngineBrokerFaultInjection" name="test_engine_stopped_blocks_order" time="0.012" /><testcase classname="tests.unit.test_chaos.TestExecutionEngineBrokerFaultInjection" name="test_open_circuit_breaker_blocks_order" time="0.019" /><testcase classname="tests.unit.test_chaos.TestExecutionEngineBrokerFaultInjection" name="test_post_fill_tca_failure_does_not_block_report" time="0.042" /><testcase classname="tests.unit.test_chaos.TestSignalEngineGateFaultInjection" name="test_auto_trade_disabled_skips_all_gates" time="0.010" /><testcase classname="tests.unit.test_chaos.TestSignalEngineGateFaultInjection" name="test_live_trading_gate_exception_blocks_trade" time="0.011" /><testcase classname="tests.unit.test_chaos.TestSignalEngineGateFaultInjection" name="test_missing_risk_manager_blocks_trade" time="0.011" /><testcase classname="tests.unit.test_chaos.TestSignalEngineGateFaultInjection" name="test_risk_assessment_exception_blocks_trade" time="0.013" /><testcase classname="tests.unit.test_chaos.TestSignalEngineGateFaultInjection" name="test_broker_place_order_exception_does_not_propagate" time="0.015" /><testcase classname="tests.unit.test_chaos.TestSignalEngineGateFaultInjection" name="test_invalid_direction_blocks_trade" time="0.012" /><testcase classname="tests.unit.test_chaos.TestStartupFactoryFaultInjection" name="test_anomaly_store_import_failure_returns_none" time="0.010" /><testcase classname="tests.unit.test_chaos.TestStartupFactoryFaultInjection" name="test_online_learner_store_import_failure_returns_none" time="0.009" /><testcase classname="tests.unit.test_chaos.TestStartupFactoryFaultInjection" name="test_deep_ensemble_store_import_failure_returns_none" time="0.008" /><testcase classname="tests.unit.test_chaos.TestStartupFactoryFaultInjection" name="test_is_feature_enabled_returns_false_on_import_error" time="0.010" /><testcase classname="tests.unit.test_chaos.TestStartupFactoryFaultInjection" name="test_resolve_clock_start_time_returns_now_when_no_file" time="0.008" /><testcase classname="tests.unit.test_chaos.TestStartupFactoryFaultInjection" name="test_resolve_clock_start_time_returns_none_for_real_account" time="0.008" /><testcase classname="tests.unit.test_charting.TestChartType" name="test_chart_type_values" time="0.006" /><testcase classname="tests.unit.test_charting.TestChart" name="test_chart_creation" time="0.006" /><testcase classname="tests.unit.test_charting.TestChart" name="test_chart_custom_type" time="0.006" /><testcase classname="tests.unit.test_charting.TestChart" name="test_add_indicator" time="0.006" /><testcase classname="tests.unit.test_charting.TestChart" name="test_add_multiple_indicators" time="0.006" /><testcase classname="tests.unit.test_charting.TestChart" name="test_render_chart" time="0.007" /><testcase classname="tests.unit.test_charting.TestChart" name="test_render_custom_format" time="0.006" /><testcase classname="tests.unit.test_charting.TestChartEngine" name="test_engine_initialization" time="0.008" /><testcase classname="tests.unit.test_charting.TestChartEngine" name="test_create_chart" time="0.007" /><testcase classname="tests.unit.test_charting.TestChartEngine" name="test_create_chart_with_type" time="0.007" /><testcase classname="tests.unit.test_charting.TestChartEngine" name="test_get_chart_nonexistent" time="0.007" /><testcase classname="tests.unit.test_charting.TestIndicator" name="test_indicator_initialization" time="0.005" /><testcase classname="tests.unit.test_charting.TestIndicator" name="test_base_indicator_is_abstract" time="0.006" /><testcase classname="tests.unit.test_charting.TestIndicator" name="test_incomplete_subclass_raises_type_error" time="0.007" /><testcase classname="tests.unit.test_charting.TestSMA" name="test_sma_calculation" time="0.006" /><testcase classname="tests.unit.test_charting.TestSMA" name="test_sma_insufficient_data" time="0.006" /><testcase classname="tests.unit.test_charting.TestSMA" name="test_sma_exact_period" time="0.006" /><testcase classname="tests.unit.test_charting.TestEMA" name="test_ema_calculation" time="0.007" /><testcase classname="tests.unit.test_charting.TestEMA" name="test_ema_insufficient_data" time="0.006" /><testcase classname="tests.unit.test_charting.TestEMA" name="test_ema_smoothing" time="0.006" /><testcase classname="tests.unit.test_charting.TestRSI" name="test_rsi_calculation" time="0.007" /><testcase classname="tests.unit.test_charting.TestRSI" name="test_rsi_range" time="0.006" /><testcase classname="tests.unit.test_charting.TestRSI" name="test_rsi_insufficient_data" time="0.007" /><testcase classname="tests.unit.test_charting.TestIndicatorLibrary" name="test_library_initialization" time="0.006" /><testcase classname="tests.unit.test_charting.TestIndicatorLibrary" name="test_get_indicator" time="0.006" /><testcase classname="tests.unit.test_charting.TestIndicatorLibrary" name="test_get_indicator_unknown" time="0.007" /><testcase classname="tests.unit.test_charting.TestIndicatorLibrary" name="test_list_indicators" time="0.006" /><testcase classname="tests.unit.test_circuit_breaker_deep.TestCBState" name="test_three_states_exist" time="0.007" /><testcase classname="tests.unit.test_circuit_breaker_deep.TestCBState" name="test_closed_is_not_open" time="0.006" /><testcase classname="tests.unit.test_circuit_breaker_deep.TestCircuitBreakerOpenError" name="test_has_broker_and_retry_after" time="0.007" /><testcase classname="tests.unit.test_circuit_breaker_deep.TestCircuitBreakerOpenError" name="test_is_exception" time="0.006" /><testcase classname="tests.unit.test_circuit_breaker_deep.TestInitialState" name="test_starts_closed" time="0.004" /><testcase classname="tests.unit.test_circuit_breaker_deep.TestInitialState" name="test_initial_failure_count_is_zero" time="0.006" /><testcase classname="tests.unit.test_circuit_breaker_deep.TestInitialState" name="test_status_dict_shape" time="0.006" /><testcase classname="tests.unit.test_circuit_breaker_deep.TestClosedToOpen" name="test_opens_after_threshold_failures" time="0.023" /><testcase classname="tests.unit.test_circuit_breaker_deep.TestClosedToOpen" name="test_stays_closed_below_threshold" time="0.006" /><testcase classname="tests.unit.test_circuit_breaker_deep.TestClosedToOpen" name="test_check_raises_when_open" time="0.007" /><testcase classname="tests.unit.test_circuit_breaker_deep.TestClosedToOpen" name="test_context_manager_opens_on_exceptions" time="0.010" /><testcase classname="tests.unit.test_circuit_breaker_deep.TestClosedToOpen" name="test_context_manager_blocked_when_open" time="0.010" /><testcase classname="tests.unit.test_circuit_breaker_deep.TestOpenToHalfOpen" name="test_transitions_to_half_open_after_timeout" time="0.110" /><testcase classname="tests.unit.test_circuit_breaker_deep.TestOpenToHalfOpen" name="test_does_not_transition_before_timeout" time="0.008" /><testcase classname="tests.unit.test_circuit_breaker_deep.TestHalfOpenToClosed" name="test_closes_after_success_threshold_in_half_open" time="0.059" /><testcase classname="tests.unit.test_circuit_breaker_deep.TestHalfOpenToClosed" name="test_failure_count_reset_on_close" time="0.060" /><testcase classname="tests.unit.test_circuit_breaker_deep.TestHalfOpenProbeFailure" name="test_probe_failure_reopens_circuit" time="0.060" /><testcase classname="tests.unit.test_circuit_breaker_deep.TestHalfOpenProbeFailure" name="test_success_resets_failure_count_in_half_open" time="0.059" /><testcase classname="tests.unit.test_circuit_breaker_deep.TestContextManager" name="test_reraises_value_error" time="0.007" /><testcase classname="tests.unit.test_circuit_breaker_deep.TestContextManager" name="test_does_not_suppress_circuit_breaker_open_error" time="0.009" /><testcase classname="tests.unit.test_circuit_breaker_deep.TestContextManager" name="test_success_path_calls_on_success" time="0.008" /><testcase classname="tests.unit.test_circuit_breaker_deep.TestRegistry" name="test_get_creates_new_instance" time="0.006" /><testcase classname="tests.unit.test_circuit_breaker_deep.TestRegistry" name="test_get_returns_same_instance" time="0.006" /><testcase classname="tests.unit.test_circuit_breaker_deep.TestRegistry" name="test_all_statuses_returns_all" time="0.006" /><testcase classname="tests.unit.test_circuit_breaker_deep.TestRegistry" name="test_all_statuses_empty_when_no_registrations" time="0.006" /><testcase classname="tests.unit.test_circuit_breaker_deep.TestCircuitBreakerDecorator" name="test_passes_through_on_success" time="0.008" /><testcase classname="tests.unit.test_circuit_breaker_deep.TestCircuitBreakerDecorator" name="test_opens_after_threshold_failures" time="0.009" /><testcase classname="tests.unit.test_circuit_breaker_deep.TestCircuitBreakerDecorator" name="test_decorator_wraps_preserves_function_name" time="0.008" /><testcase classname="tests.unit.test_cme_comex_connector.TestCMEFill" name="test_notional_usd" time="0.008" /><testcase classname="tests.unit.test_cme_comex_connector.TestCMEFill" name="test_tick_value_usd" time="0.006" /><testcase classname="tests.unit.test_cme_comex_connector.TestCMEFill" name="test_timestamp_defaults_to_now" time="0.007" /><testcase classname="tests.unit.test_cme_comex_connector.TestNormaliseSymbol" name="test_known_symbols[XAU_USD-GC]" time="0.007" /><testcase classname="tests.unit.test_cme_comex_connector.TestNormaliseSymbol" name="test_known_symbols[XAUUSD-GC]" time="0.007" /><testcase classname="tests.unit.test_cme_comex_connector.TestNormaliseSymbol" name="test_known_symbols[XAU/USD-GC]" time="0.007" /><testcase classname="tests.unit.test_cme_comex_connector.TestNormaliseSymbol" name="test_known_symbols[GOLD-GC]" time="0.006" /><testcase classname="tests.unit.test_cme_comex_connector.TestNormaliseSymbol" name="test_known_symbols[GC-GC]" time="0.006" /><testcase classname="tests.unit.test_cme_comex_connector.TestNormaliseSymbol" name="test_known_symbols[gc-GC]" time="0.006" /><testcase classname="tests.unit.test_cme_comex_connector.TestNormaliseSymbol" name="test_known_symbols[UNKNOWN-GC]" time="0.006" /><testcase classname="tests.unit.test_cme_comex_connector.TestEstimateCommission" name="test_single_contract" time="0.005" /><testcase classname="tests.unit.test_cme_comex_connector.TestEstimateCommission" name="test_multiple_contracts" time="0.006" /><testcase classname="tests.unit.test_cme_comex_connector.TestEstimateCommission" name="test_fractional_contracts" time="0.006" /><testcase classname="tests.unit.test_cme_comex_connector.TestConnect" name="test_connect_paper_fallback" time="0.009" /><testcase classname="tests.unit.test_cme_comex_connector.TestConnect" name="test_connect_no_fallback_returns_false" time="0.008" /><testcase classname="tests.unit.test_cme_comex_connector.TestConnect" name="test_connect_fix_success" time="0.007" /><testcase classname="tests.unit.test_cme_comex_connector.TestConnect" name="test_connect_ibkr_fallback_when_fix_fails" time="0.008" /><testcase classname="tests.unit.test_cme_comex_connector.TestConnect" name="test_connect_skips_ibkr_when_fix_succeeds" time="0.007" /><testcase classname="tests.unit.test_cme_comex_connector.TestDisconnect" name="test_disconnect_returns_true" time="0.010" /><testcase classname="tests.unit.test_cme_comex_connector.TestPlaceOrderPaper" name="test_market_buy_returns_filled_order" time="0.009" /><testcase classname="tests.unit.test_cme_comex_connector.TestPlaceOrderPaper" name="test_limit_sell_uses_provided_price" time="0.010" /><testcase classname="tests.unit.test_cme_comex_connector.TestPlaceOrderPaper" name="test_market_order_resolves_price_from_market_data" time="0.008" /><testcase classname="tests.unit.test_cme_comex_connector.TestPlaceOrderPaper" name="test_market_order_raises_when_no_price_available" time="0.010" /><testcase classname="tests.unit.test_cme_comex_connector.TestPlaceOrderPaper" name="test_commission_stored_in_metadata" time="0.009" /><testcase classname="tests.unit.test_cme_comex_connector.TestPlaceOrderPaper" name="test_order_id_is_unique" time="0.010" /><testcase classname="tests.unit.test_cme_comex_connector.TestPlaceOrderPaper" name="test_fill_recorded_in_history" time="0.008" /><testcase classname="tests.unit.test_cme_comex_connector.TestPlaceOrderPaper" name="test_no_execution_path_raises" time="0.010" /><testcase classname="tests.unit.test_cme_comex_connector.TestPlaceOrderPaper" name="test_symbol_variants_all_normalise" time="0.010" /><testcase classname="tests.unit.test_cme_comex_connector.TestPlaceOrderPaper" name="test_order_seq_increments" time="0.009" /><testcase classname="tests.unit.test_cme_comex_connector.TestPlaceOrderIBKR" name="test_ibkr_path_used_when_available" time="0.008" /><testcase classname="tests.unit.test_cme_comex_connector.TestPlaceOrderIBKR" name="test_ibkr_fill_source_recorded" time="0.009" /><testcase classname="tests.unit.test_cme_comex_connector.TestOrderManagement" name="test_cancel_order_returns_false_on_paper" time="0.007" /><testcase classname="tests.unit.test_cme_comex_connector.TestOrderManagement" name="test_cancel_order_delegates_to_ibkr" time="0.007" /><testcase classname="tests.unit.test_cme_comex_connector.TestOrderManagement" name="test_close_position_returns_false_on_paper" time="0.007" /><testcase classname="tests.unit.test_cme_comex_connector.TestOrderManagement" name="test_get_order_returns_none_for_unknown_id" time="0.007" /><testcase classname="tests.unit.test_cme_comex_connector.TestOrderManagement" name="test_get_order_returns_order_for_known_fill" time="0.008" /><testcase classname="tests.unit.test_cme_comex_connector.TestGetAccountInfo" name="test_returns_zero_balance_on_paper" time="0.006" /><testcase classname="tests.unit.test_cme_comex_connector.TestGetAccountInfo" name="test_delegates_to_ibkr_when_available" time="0.010" /><testcase classname="tests.unit.test_cme_comex_connector.TestGetAccountInfo" name="test_falls_back_to_paper_when_ibkr_raises" time="0.008" /><testcase classname="tests.unit.test_cme_comex_connector.TestGetMarketData" name="test_returns_empty_without_ibkr" time="0.008" /><testcase classname="tests.unit.test_cme_comex_connector.TestGetMarketData" name="test_delegates_to_ibkr_when_available" time="0.007" /><testcase classname="tests.unit.test_cme_comex_connector.TestGetMarketData" name="test_returns_empty_when_ibkr_raises" time="0.008" /><testcase classname="tests.unit.test_cme_comex_connector.TestGetPositions" name="test_returns_empty_without_ibkr" time="0.008" /><testcase classname="tests.unit.test_cme_comex_connector.TestGetPositions" name="test_delegates_to_ibkr" time="0.008" /><testcase classname="tests.unit.test_cme_comex_connector.TestMetrics" name="test_empty_metrics_before_any_fills" time="0.009" /><testcase classname="tests.unit.test_cme_comex_connector.TestMetrics" name="test_metrics_after_paper_fills" time="0.010" /><testcase classname="tests.unit.test_cme_comex_connector.TestMetrics" name="test_metrics_tracks_fix_and_ibkr_flags" time="0.006" /><testcase classname="tests.unit.test_cme_comex_connector.TestFromEnv" name="test_from_env_returns_instance" time="0.006" /><testcase classname="tests.unit.test_compliance_all.TestComplianceManager" name="test_submit_kyc_pending" time="0.006" /><testcase classname="tests.unit.test_compliance_all.TestComplianceManager" name="test_approve_kyc" time="0.007" /><testcase classname="tests.unit.test_compliance_all.TestComplianceManager" name="test_reject_kyc" time="0.008" /><testcase classname="tests.unit.test_compliance_all.TestComplianceManager" name="test_approve_nonexistent_returns_true_with_pending_insert" time="0.006" /><testcase classname="tests.unit.test_compliance_all.TestComplianceManager" name="test_reject_nonexistent_returns_true_with_pending_insert" time="0.006" /><testcase classname="tests.unit.test_compliance_all.TestComplianceManager" name="test_get_kyc_status_unverified" time="0.007" /><testcase classname="tests.unit.test_compliance_all.TestComplianceManager" name="test_is_kyc_approved_true" time="0.005" /><testcase classname="tests.unit.test_compliance_all.TestComplianceManager" name="test_is_kyc_approved_false" time="0.007" /><testcase classname="tests.unit.test_compliance_all.TestComplianceManager" name="test_log_trade_adds_audit" time="0.006" /><testcase classname="tests.unit.test_compliance_all.TestComplianceManager" name="test_get_audit_log_limit" time="0.006" /><testcase classname="tests.unit.test_compliance_all.TestComplianceManager" name="test_set_session_factory" time="0.006" /><testcase classname="tests.unit.test_compliance_all.TestImmutableAuditLog" name="test_append_creates_record" time="0.007" /><testcase classname="tests.unit.test_compliance_all.TestImmutableAuditLog" name="test_sequence_increments" time="0.009" /><testcase classname="tests.unit.test_compliance_all.TestImmutableAuditLog" name="test_hash_chain_non_empty" time="0.008" /><testcase classname="tests.unit.test_compliance_all.TestImmutableAuditLog" name="test_verify_integrity_single_record" time="0.009" /><testcase classname="tests.unit.test_compliance_all.TestImmutableAuditLog" name="test_verify_integrity_multiple_records" time="0.010" /><testcase classname="tests.unit.test_compliance_all.TestImmutableAuditLog" name="test_tamper_detection" time="0.010" /><testcase classname="tests.unit.test_compliance_all.TestImmutableAuditLog" name="test_export_for_regulator" time="0.008" /><testcase classname="tests.unit.test_compliance_all.TestImmutableAuditLog" name="test_audit_level_values" time="0.005" /><testcase classname="tests.unit.test_compliance_all.TestTradeReporting" name="test_init_us_jurisdiction" time="0.007" /><testcase classname="tests.unit.test_compliance_all.TestTradeReporting" name="test_report_trade_no_crash" time="0.007" /><testcase classname="tests.unit.test_compliance_all.TestTradeReporting" name="test_generate_daily_report" time="0.007" /><testcase classname="tests.unit.test_compliance_all.TestDeadLetterQueue" name="test_enqueue_and_size" time="0.009" /><testcase classname="tests.unit.test_compliance_all.TestDeadLetterQueue" name="test_drain_returns_records" time="0.008" /><testcase classname="tests.unit.test_compliance_all.TestRegulatoryReporter" name="test_init_no_crash" time="0.006" /><testcase classname="tests.unit.test_compliance_all.TestRegulatoryReporter" name="test_stats_keys" time="0.007" /><testcase classname="tests.unit.test_compliance_all.TestRegulatoryReporter" name="test_submit_prop_firm_mode" time="0.012" /><testcase classname="tests.unit.test_compliance_all.TestRegulatoryReporter" name="test_submit_reporting_disabled" time="0.012" /><testcase classname="tests.unit.test_compliance_all.TestMockKYCProvider" name="test_create_applicant" time="0.008" /><testcase classname="tests.unit.test_compliance_all.TestMockKYCProvider" name="test_get_status_approved" time="2.010" /><testcase classname="tests.unit.test_compliance_all.TestMockKYCProvider" name="test_verify_webhook_always_true" time="0.007" /><testcase classname="tests.unit.test_compliance_all.TestMockKYCProvider" name="test_parse_webhook" time="0.007" /><testcase classname="tests.unit.test_compliance_all.TestMockKYCProvider" name="test_verification_status_values" time="0.007" /><testcase classname="tests.unit.test_compliance_coverage.TestImmutableAuditLog" name="test_append_creates_record" time="0.008" /><testcase classname="tests.unit.test_compliance_coverage.TestImmutableAuditLog" name="test_sequence_increments" time="0.009" /><testcase classname="tests.unit.test_compliance_coverage.TestImmutableAuditLog" name="test_hash_chain_non_empty" time="0.009" /><testcase classname="tests.unit.test_compliance_coverage.TestImmutableAuditLog" name="test_verify_integrity_empty_log" time="0.008" /><testcase classname="tests.unit.test_compliance_coverage.TestImmutableAuditLog" name="test_verify_integrity_single_record" time="0.009" /><testcase classname="tests.unit.test_compliance_coverage.TestImmutableAuditLog" name="test_verify_integrity_multiple_records" time="0.009" /><testcase classname="tests.unit.test_compliance_coverage.TestImmutableAuditLog" name="test_tamper_detection" time="0.009" /><testcase classname="tests.unit.test_compliance_coverage.TestImmutableAuditLog" name="test_export_for_regulator_filters_by_date" time="0.008" /><testcase classname="tests.unit.test_compliance_coverage.TestImmutableAuditLog" name="test_export_for_regulator_excludes_out_of_range" time="0.009" /><testcase classname="tests.unit.test_compliance_coverage.TestImmutableAuditLog" name="test_persist_creates_file" time="0.008" /><testcase classname="tests.unit.test_compliance_coverage.TestImmutableAuditLog" name="test_audit_level_enum_values" time="0.007" /><testcase classname="tests.unit.test_compliance_coverage.TestImmutableAuditLog" name="test_last_hash_updates_after_append" time="0.008" /><testcase classname="tests.unit.test_compliance_coverage.TestTradeReporting" name="test_report_trade_logs_to_audit" time="0.008" /><testcase classname="tests.unit.test_compliance_coverage.TestTradeReporting" name="test_report_trade_large_triggers_reporting" time="0.007" /><testcase classname="tests.unit.test_compliance_coverage.TestTradeReporting" name="test_report_trade_small_no_reporting" time="0.007" /><testcase classname="tests.unit.test_compliance_coverage.TestTradeReporting" name="test_suspicious_flag_triggers_reporting" time="0.008" /><testcase classname="tests.unit.test_compliance_coverage.TestTradeReporting" name="test_generate_daily_report_structure" time="0.009" /><testcase classname="tests.unit.test_compliance_coverage.TestTradeReporting" name="test_load_obligations_us" time="0.007" /><testcase classname="tests.unit.test_compliance_coverage.TestTradeReporting" name="test_load_obligations_eu" time="0.008" /><testcase classname="tests.unit.test_compliance_coverage.TestTradeReporting" name="test_load_obligations_unknown_jurisdiction" time="0.007" /><testcase classname="tests.unit.test_compliance_coverage.TestAMLGate" name="test_exceeds_single_cap_blocked" time="0.022" /><testcase classname="tests.unit.test_compliance_coverage.TestAMLGate" name="test_kyc_required_above_threshold" time="0.013" /><testcase classname="tests.unit.test_compliance_coverage.TestAMLGate" name="test_approved_small_amount_no_kyc" time="0.007" /><testcase classname="tests.unit.test_compliance_coverage.TestAMLGate" name="test_approved_with_kyc_and_db" time="0.010" /><testcase classname="tests.unit.test_compliance_coverage.TestAMLGate" name="test_no_db_blocks_above_kyc_threshold" time="0.007" /><testcase classname="tests.unit.test_compliance_coverage.TestAMLGate" name="test_db_error_fails_closed" time="0.009" /><testcase classname="tests.unit.test_compliance_coverage.TestAMLGate" name="test_velocity_limit_blocked" time="0.009" /><testcase classname="tests.unit.test_compliance_coverage.TestAMLGate" name="test_daily_limit_exceeded_blocked" time="0.009" /><testcase classname="tests.unit.test_compliance_coverage.TestAMLGate" name="test_rapid_turnaround_flag" time="0.024" /><testcase classname="tests.unit.test_compliance_coverage.TestAMLGate" name="test_aml_decision_fields" time="0.007" /><testcase classname="tests.unit.test_compliance_coverage.TestAMLGate" name="test_init_aml_gate_singleton" time="0.006" /><testcase classname="tests.unit.test_compliance_coverage.TestAMLGate" name="test_get_aml_gate_returns_instance" time="0.006" /><testcase classname="tests.unit.test_compliance_coverage.TestAMLGate" name="test_emit_block_event_suppresses_errors" time="0.014" /><testcase classname="tests.unit.test_compliance_coverage.TestComplianceManager" name="test_submit_kyc_creates_pending_record" time="0.006" /><testcase classname="tests.unit.test_compliance_coverage.TestComplianceManager" name="test_get_kyc_status_pending" time="0.006" /><testcase classname="tests.unit.test_compliance_coverage.TestComplianceManager" name="test_get_kyc_status_unknown_user" time="0.007" /><testcase classname="tests.unit.test_compliance_coverage.TestComplianceManager" name="test_approve_kyc" time="0.006" /><testcase classname="tests.unit.test_compliance_coverage.TestComplianceManager" name="test_reject_kyc" time="0.006" /><testcase classname="tests.unit.test_compliance_coverage.TestComplianceManager" name="test_log_trade" time="0.006" /><testcase classname="tests.unit.test_compliance_coverage.TestComplianceManager" name="test_is_kyc_approved_false_before_approval" time="0.006" /><testcase classname="tests.unit.test_compliance_coverage.TestComplianceManager" name="test_is_kyc_approved_true_after_approval" time="0.006" /><testcase classname="tests.unit.test_compliance_coverage.TestComplianceManager" name="test_set_session_factory" time="0.008" /><testcase classname="tests.unit.test_compliance_coverage.TestKYCGateway" name="test_create_applicant_returns_applicant" time="0.011" /><testcase classname="tests.unit.test_compliance_coverage.TestKYCGateway" name="test_check_status_returns_status" time="2.010" /><testcase classname="tests.unit.test_compliance_coverage.TestKYCGateway" name="test_screen_sanctions_clean" time="0.009" /><testcase classname="tests.unit.test_compliance_coverage.TestKYCGateway" name="test_init_kyc_gateway_returns_instance" time="0.007" /><testcase classname="tests.unit.test_compliance_coverage.TestKYCGateway" name="test_get_kyc_gateway_singleton" time="0.006" /><testcase classname="tests.unit.test_compliance_coverage.TestRegulatoryReporter" name="test_submit_returns_record" time="0.013" /><testcase classname="tests.unit.test_compliance_coverage.TestRegulatoryReporter" name="test_submit_prop_firm_mode_suppressed" time="0.009" /><testcase classname="tests.unit.test_compliance_coverage.TestRegulatoryReporter" name="test_submit_http_failure_goes_to_dlq" time="0.016" /><testcase classname="tests.unit.test_compliance_coverage.TestRegulatoryReporter" name="test_stats_returns_dict" time="0.007" /><testcase classname="tests.unit.test_compliance_coverage.TestRegulatoryReporter" name="test_get_regulatory_reporter_singleton" time="0.006" /><testcase classname="tests.unit.test_compliance_coverage.TestRegulatoryReporter" name="test_submit_eu_jurisdiction" time="0.012" /><testcase classname="tests.unit.test_compliance_coverage.TestRegulatoryReporter" name="test_retry_dlq_processes_queued" time="0.013" /><testcase classname="tests.unit.test_compliance_deep_coverage.TestAMLGateNoDb" name="test_exceeds_single_cap_blocked" time="0.018" /><testcase classname="tests.unit.test_compliance_deep_coverage.TestAMLGateNoDb" name="test_kyc_required_above_threshold" time="0.015" /><testcase classname="tests.unit.test_compliance_deep_coverage.TestAMLGateNoDb" name="test_small_amount_no_kyc_approved" time="0.006" /><testcase classname="tests.unit.test_compliance_deep_coverage.TestAMLGateNoDb" name="test_above_kyc_threshold_no_db_blocked" time="0.005" /><testcase classname="tests.unit.test_compliance_deep_coverage.TestAMLGateNoDb" name="test_approved_with_no_flags" time="0.006" /><testcase classname="tests.unit.test_compliance_deep_coverage.TestAMLGateWithDb" name="test_velocity_limit_blocks" time="0.014" /><testcase classname="tests.unit.test_compliance_deep_coverage.TestAMLGateWithDb" name="test_daily_limit_exceeded_blocks" time="0.017" /><testcase classname="tests.unit.test_compliance_deep_coverage.TestAMLGateWithDb" name="test_rapid_turnaround_flags" time="0.010" /><testcase classname="tests.unit.test_compliance_deep_coverage.TestAMLGateWithDb" name="test_db_exception_fail_closed" time="0.012" /><testcase classname="tests.unit.test_compliance_deep_coverage.TestAMLGateSingleton" name="test_get_aml_gate_returns_instance" time="0.006" /><testcase classname="tests.unit.test_compliance_deep_coverage.TestAMLGateSingleton" name="test_init_aml_gate_wires_factory" time="0.007" /><testcase classname="tests.unit.test_compliance_deep_coverage.TestImmutableAuditLogDeep" name="test_append_increments_sequence" time="0.008" /><testcase classname="tests.unit.test_compliance_deep_coverage.TestImmutableAuditLogDeep" name="test_hash_chain_links" time="0.007" /><testcase classname="tests.unit.test_compliance_deep_coverage.TestImmutableAuditLogDeep" name="test_verify_integrity_passes" time="0.008" /><testcase classname="tests.unit.test_compliance_deep_coverage.TestImmutableAuditLogDeep" name="test_verify_integrity_detects_tamper" time="0.008" /><testcase classname="tests.unit.test_compliance_deep_coverage.TestImmutableAuditLogDeep" name="test_export_for_regulator_filters_by_date" time="0.008" /><testcase classname="tests.unit.test_compliance_deep_coverage.TestImmutableAuditLogDeep" name="test_export_empty_outside_range" time="0.008" /><testcase classname="tests.unit.test_compliance_deep_coverage.TestImmutableAuditLogDeep" name="test_persist_creates_file" time="0.007" /><testcase classname="tests.unit.test_compliance_deep_coverage.TestImmutableAuditLogDeep" name="test_all_audit_levels" time="0.008" /><testcase classname="tests.unit.test_compliance_deep_coverage.TestTradeReporting" name="test_report_trade_logs_audit" time="0.008" /><testcase classname="tests.unit.test_compliance_deep_coverage.TestTradeReporting" name="test_generate_daily_report_structure" time="0.008" /><testcase classname="tests.unit.test_compliance_deep_coverage.TestTradeReporting" name="test_requires_immediate_reporting_large_trade" time="0.006" /><testcase classname="tests.unit.test_compliance_deep_coverage.TestTradeReporting" name="test_requires_immediate_reporting_suspicious" time="0.006" /><testcase classname="tests.unit.test_compliance_deep_coverage.TestTradeReporting" name="test_requires_immediate_reporting_normal" time="0.006" /><testcase classname="tests.unit.test_compliance_deep_coverage.TestTradeReporting" name="test_eu_jurisdiction_loads_mifid" time="0.006" /><testcase classname="tests.unit.test_compliance_deep_coverage.TestTradeReporting" name="test_unknown_jurisdiction_empty_obligations" time="0.006" /><testcase classname="tests.unit.test_compliance_deep_coverage.TestComplianceManagerDeep" name="test_submit_kyc_sets_pending" time="0.007" /><testcase classname="tests.unit.test_compliance_deep_coverage.TestComplianceManagerDeep" name="test_approve_kyc_sets_approved" time="0.006" /><testcase classname="tests.unit.test_compliance_deep_coverage.TestComplianceManagerDeep" name="test_reject_kyc_sets_rejected" time="0.005" /><testcase classname="tests.unit.test_compliance_deep_coverage.TestComplianceManagerDeep" name="test_get_kyc_status_unverified_for_unknown" time="0.008" /><testcase classname="tests.unit.test_compliance_deep_coverage.TestComplianceManagerDeep" name="test_is_kyc_approved_true" time="0.007" /><testcase classname="tests.unit.test_compliance_deep_coverage.TestComplianceManagerDeep" name="test_is_kyc_approved_false_pending" time="0.006" /><testcase classname="tests.unit.test_compliance_deep_coverage.TestComplianceManagerDeep" name="test_log_trade_adds_to_audit" time="0.006" /><testcase classname="tests.unit.test_compliance_deep_coverage.TestComplianceManagerDeep" name="test_get_audit_log_limit" time="0.006" /><testcase classname="tests.unit.test_compliance_deep_coverage.TestComplianceManagerDeep" name="test_set_session_factory" time="0.007" /><testcase classname="tests.unit.test_compliance_deep_coverage.TestComplianceManagerDeep" name="test_approve_nonexistent_user" time="0.006" /><testcase classname="tests.unit.test_compliance_deep_coverage.TestComplianceManagerDeep" name="test_reject_nonexistent_user" time="0.006" /><testcase classname="tests.unit.test_compliance_deep_coverage.TestComplianceManagerDeep" name="test_audit_log_hash_chain" time="0.007" /><testcase classname="tests.unit.test_compliance_deep_coverage.TestComplianceManagerDeep" name="test_multiple_kyc_submissions_overwrite" time="0.007" /><testcase classname="tests.unit.test_compliance_deep_coverage.TestMockKYCProvider" name="test_mock_blocked_in_production" time="0.011" /><testcase classname="tests.unit.test_compliance_deep_coverage.TestMockKYCProvider" name="test_mock_create_applicant" time="0.012" /><testcase classname="tests.unit.test_compliance_deep_coverage.TestMockKYCProvider" name="test_mock_get_status_approved" time="2.015" /><testcase classname="tests.unit.test_compliance_deep_coverage.TestMockKYCProvider" name="test_mock_verify_webhook_always_true" time="0.009" /><testcase classname="tests.unit.test_compliance_deep_coverage.TestMockKYCProvider" name="test_mock_parse_webhook" time="0.011" /><testcase classname="tests.unit.test_compliance_deep_coverage.TestMockKYCProvider" name="test_mock_parse_webhook_missing_id" time="0.009" /><testcase classname="tests.unit.test_compliance_deep_coverage.TestLocalSDNScreener" name="test_screen_returns_sanctions_result" time="0.009" /><testcase classname="tests.unit.test_compliance_deep_coverage.TestLocalSDNScreener" name="test_screen_known_name" time="0.008" /><testcase classname="tests.unit.test_compliance_deep_coverage.TestKYCGateway" name="test_gateway_create_applicant_mock" time="0.011" /><testcase classname="tests.unit.test_compliance_deep_coverage.TestKYCGateway" name="test_gateway_check_status" time="2.017" /><testcase classname="tests.unit.test_compliance_deep_coverage.TestKYCGateway" name="test_gateway_screen_sanctions" time="0.012" /><testcase classname="tests.unit.test_compliance_deep_coverage.TestRegulatoryReporter" name="test_submit_prop_firm_suppressed" time="0.012" /><testcase classname="tests.unit.test_compliance_deep_coverage.TestRegulatoryReporter" name="test_submit_disabled_suppressed" time="0.011" /><testcase classname="tests.unit.test_compliance_deep_coverage.TestRegulatoryReporter" name="test_submit_http_success" time="0.020" /><testcase classname="tests.unit.test_compliance_deep_coverage.TestRegulatoryReporter" name="test_submit_http_failure_goes_to_dlq" time="0.028" /><testcase classname="tests.unit.test_compliance_deep_coverage.TestRegulatoryReporter" name="test_get_regulatory_reporter_singleton" time="0.009" /><testcase classname="tests.unit.test_compliance_deep_coverage.TestRegulatoryReporter" name="test_reporter_stats" time="0.008" /><testcase classname="tests.unit.test_compliance_full.TestComplianceManagerInMemory" name="test_init_no_session_factory" time="0.008" /><testcase classname="tests.unit.test_compliance_full.TestComplianceManagerInMemory" name="test_submit_kyc_returns_record" time="0.006" /><testcase classname="tests.unit.test_compliance_full.TestComplianceManagerInMemory" name="test_submit_kyc_stores_record" time="0.007" /><testcase classname="tests.unit.test_compliance_full.TestComplianceManagerInMemory" name="test_approve_kyc_changes_status" time="0.007" /><testcase classname="tests.unit.test_compliance_full.TestComplianceManagerInMemory" name="test_reject_kyc_changes_status" time="0.008" /><testcase classname="tests.unit.test_compliance_full.TestComplianceManagerInMemory" name="test_is_kyc_approved_true" time="0.007" /><testcase classname="tests.unit.test_compliance_full.TestComplianceManagerInMemory" name="test_is_kyc_approved_false_pending" time="0.007" /><testcase classname="tests.unit.test_compliance_full.TestComplianceManagerInMemory" name="test_get_kyc_status_unknown_user" time="0.006" /><testcase classname="tests.unit.test_compliance_full.TestComplianceManagerInMemory" name="test_log_trade_appends_audit" time="0.007" /><testcase classname="tests.unit.test_compliance_full.TestComplianceManagerInMemory" name="test_audit_log_has_hash_chain" time="0.008" /><testcase classname="tests.unit.test_compliance_full.TestComplianceManagerInMemory" name="test_audit_log_sequence_increments" time="0.008" /><testcase classname="tests.unit.test_compliance_full.TestComplianceManagerInMemory" name="test_get_audit_log_returns_list" time="0.006" /><testcase classname="tests.unit.test_compliance_full.TestComplianceManagerInMemory" name="test_get_audit_log_limit" time="0.009" /><testcase classname="tests.unit.test_compliance_full.TestComplianceManagerInMemory" name="test_set_session_factory" time="0.006" /><testcase classname="tests.unit.test_compliance_full.TestComplianceManagerInMemory" name="test_approve_unknown_user_no_crash" time="0.006" /><testcase classname="tests.unit.test_compliance_full.TestComplianceManagerInMemory" name="test_reject_unknown_user_no_crash" time="0.007" /><testcase classname="tests.unit.test_compliance_full.TestComplianceManagerWithDB" name="test_submit_kyc_with_db_no_crash" time="0.012" /><testcase classname="tests.unit.test_compliance_full.TestComplianceManagerWithDB" name="test_approve_kyc_with_db_existing_record" time="0.016" /><testcase classname="tests.unit.test_compliance_full.TestComplianceManagerWithDB" name="test_db_write_failure_degrades_gracefully" time="0.018" /><testcase classname="tests.unit.test_compliance_full.TestComplianceManagerWithDB" name="test_get_audit_log_db_failure_falls_back" time="0.008" /><testcase classname="tests.unit.test_compliance_full.TestImmutableAuditLog" name="test_init_creates_log" time="0.006" /><testcase classname="tests.unit.test_compliance_full.TestImmutableAuditLog" name="test_append_record" time="0.012" /><testcase classname="tests.unit.test_compliance_full.TestImmutableAuditLog" name="test_append_multiple_records" time="0.008" /><testcase classname="tests.unit.test_compliance_full.TestImmutableAuditLog" name="test_hash_chain_integrity" time="0.010" /><testcase classname="tests.unit.test_compliance_full.TestImmutableAuditLog" name="test_verify_integrity_empty_log" time="0.008" /><testcase classname="tests.unit.test_compliance_full.TestImmutableAuditLog" name="test_export_for_regulator_returns_list" time="0.009" /><testcase classname="tests.unit.test_compliance_full.TestImmutableAuditLog" name="test_export_for_regulator_date_filter" time="0.011" /><testcase classname="tests.unit.test_compliance_full.TestImmutableAuditLog" name="test_record_has_hash" time="0.009" /><testcase classname="tests.unit.test_compliance_full.TestImmutableAuditLog" name="test_sequence_numbers_increment" time="0.009" /><testcase classname="tests.unit.test_compliance_full.TestTradeReporting" name="test_init" time="0.008" /><testcase classname="tests.unit.test_compliance_full.TestTradeReporting" name="test_report_trade_no_crash" time="0.007" /><testcase classname="tests.unit.test_compliance_full.TestTradeReporting" name="test_report_trade_eu_jurisdiction" time="0.007" /><testcase classname="tests.unit.test_compliance_full.TestTradeReporting" name="test_report_trade_appends_to_audit_log" time="0.007" /><testcase classname="tests.unit.test_compliance_full.TestDeadLetterQueue" name="test_enqueue_writes_file" time="0.009" /><testcase classname="tests.unit.test_compliance_full.TestDeadLetterQueue" name="test_enqueue_multiple" time="0.010" /><testcase classname="tests.unit.test_compliance_full.TestDeadLetterQueue" name="test_drain_returns_dicts" time="0.009" /><testcase classname="tests.unit.test_compliance_full.TestDeadLetterQueue" name="test_drain_empty_queue" time="0.008" /><testcase classname="tests.unit.test_compliance_full.TestReportRecord" name="test_fields" time="0.006" /><testcase classname="tests.unit.test_compliance_full.TestRegulatoryReporterSuppressed" name="test_prop_firm_mode_suppresses_report" time="0.010" /><testcase classname="tests.unit.test_compliance_full.TestRegulatoryReporterSuppressed" name="test_reporting_disabled_suppresses_report" time="0.012" /><testcase classname="tests.unit.test_compliance_full.TestRegulatoryReporterSuppressed" name="test_suppressed_record_stored" time="0.010" /><testcase classname="tests.unit.test_compliance_full.TestRegulatoryReporterSuppressed" name="test_retry_dlq_empty_returns_zero" time="0.011" /><testcase classname="tests.unit.test_compliance_full.TestMockKYCProvider" name="test_create_applicant_returns_applicant" time="0.009" /><testcase classname="tests.unit.test_compliance_full.TestMockKYCProvider" name="test_get_status_returns_approved" time="2.011" /><testcase classname="tests.unit.test_compliance_full.TestMockKYCProvider" name="test_verify_webhook_returns_true" time="0.009" /><testcase classname="tests.unit.test_compliance_full.TestMockKYCProvider" name="test_parse_webhook_returns_tuple" time="0.008" /><testcase classname="tests.unit.test_compliance_full.TestMockKYCProvider" name="test_sdk_token_in_applicant" time="0.009" /><testcase classname="tests.unit.test_compliance_full.TestKYCGatewayMockProvider" name="test_create_applicant_returns_applicant" time="0.009" /><testcase classname="tests.unit.test_compliance_full.TestKYCGatewayMockProvider" name="test_check_status_after_create" time="2.011" /><testcase classname="tests.unit.test_compliance_full.TestKYCGatewayMockProvider" name="test_screen_sanctions_returns_sanctions_result" time="0.011" /><testcase classname="tests.unit.test_compliance_full.TestKYCGatewayMockProvider" name="test_screen_sanctions_clean_user_not_matched" time="0.010" /><testcase classname="tests.unit.test_compliance_full.TestKYCGatewayMockProvider" name="test_webhook_event_valid_signature" time="2.011" /><testcase classname="tests.unit.test_compliance_full.TestKYCGatewayMockProvider" name="test_full_kyc_flow" time="2.011" /><testcase classname="tests.unit.test_compliance_full.TestKYCGatewayMockProvider" name="test_sanctions_match_blocks_kyc" time="0.012" /><testcase classname="tests.unit.test_compliance_full.TestKYCApplicant" name="test_fields" time="0.007" /><testcase classname="tests.unit.test_component_status.TestComponentStatus" name="test_get_framework_version" time="0.006" /><testcase classname="tests.unit.test_component_status.TestComponentStatus" name="test_component_status_dataclass" time="0.007" /><testcase classname="tests.unit.test_component_status.TestComponentStatus" name="test_component_status_to_dict" time="0.007" /><testcase classname="tests.unit.test_component_status.TestComponentStatus" name="test_get_component_status_config" time="0.007" /><testcase classname="tests.unit.test_component_status.TestComponentStatus" name="test_get_component_status_strategies" time="0.008" /><testcase classname="tests.unit.test_component_status.TestComponentStatus" name="test_get_component_status_unknown" time="0.008" /><testcase classname="tests.unit.test_component_status.TestComponentStatus" name="test_get_all_component_statuses" time="0.007" /><testcase classname="tests.unit.test_component_status.TestComponentStatus" name="test_component_health_enum" time="0.007" /><testcase classname="tests.unit.test_component_status_extended.TestComponentStatusIndividualChecks" name="test_check_config_available" time="0.007" /><testcase classname="tests.unit.test_component_status_extended.TestComponentStatusIndividualChecks" name="test_check_cache_available" time="0.006" /><testcase classname="tests.unit.test_component_status_extended.TestComponentStatusIndividualChecks" name="test_check_database_available" time="0.007" /><testcase classname="tests.unit.test_component_status_extended.TestComponentStatusIndividualChecks" name="test_check_brokers_available" time="0.005" /><testcase classname="tests.unit.test_component_status_extended.TestComponentStatusIndividualChecks" name="test_check_strategies_available" time="0.008" /><testcase classname="tests.unit.test_component_status_extended.TestComponentStatusIndividualChecks" name="test_check_risk_available" time="0.007" /><testcase classname="tests.unit.test_component_status_extended.TestComponentStatusIndividualChecks" name="test_check_notifications_available" time="0.006" /><testcase classname="tests.unit.test_component_status_extended.TestComponentStatusIndividualChecks" name="test_check_ml_unavailable" time="0.006" /><testcase classname="tests.unit.test_component_status_extended.TestComponentStatusIndividualChecks" name="test_check_backtesting_unavailable" time="0.007" /><testcase classname="tests.unit.test_component_status_extended.TestComponentStatusIndividualChecks" name="test_check_news_unavailable" time="0.006" /><testcase classname="tests.unit.test_component_status_extended.TestComponentStatusIndividualChecks" name="test_check_analytics_unavailable" time="0.006" /><testcase classname="tests.unit.test_component_status_extended.TestComponentStatusIndividualChecks" name="test_check_monetization_unavailable" time="0.006" /><testcase classname="tests.unit.test_component_status_extended.TestComponentStatusIndividualChecks" name="test_check_payments_unavailable" time="0.006" /><testcase classname="tests.unit.test_component_status_extended.TestComponentStatusIndividualChecks" name="test_check_social_unavailable" time="0.005" /><testcase classname="tests.unit.test_component_status_extended.TestComponentStatusIndividualChecks" name="test_check_mobile_unavailable" time="0.007" /><testcase classname="tests.unit.test_component_status_extended.TestComponentStatusIndividualChecks" name="test_check_charting_unavailable" time="0.006" /><testcase classname="tests.unit.test_component_status_extended.TestComponentStatusIndividualChecks" name="test_check_config_import_error" time="0.007" /><testcase classname="tests.unit.test_component_status_extended.TestComponentStatusIndividualChecks" name="test_check_cache_import_error" time="0.007" /><testcase classname="tests.unit.test_component_status_extended.TestPrintComponentStatusReport" name="test_print_report_runs" time="0.014" /><testcase classname="tests.unit.test_component_status_extended.TestPrintComponentStatusReport" name="test_print_report_shows_version" time="0.013" /><testcase classname="tests.unit.test_component_status_extended.TestPrintComponentStatusReport" name="test_print_report_shows_components" time="0.014" /><testcase classname="tests.unit.test_component_status_extended.TestPrintComponentStatusReport" name="test_print_report_shows_total" time="0.012" /><testcase classname="tests.unit.test_component_status_extended.TestComponentStatusErrors" name="test_unavailable_component_has_error" time="0.006" /><testcase classname="tests.unit.test_component_status_extended.TestComponentStatusErrors" name="test_degraded_component" time="0.006" /><testcase classname="tests.unit.test_component_status_extended.TestComponentStatusErrors" name="test_unknown_component_check" time="0.004" /><testcase classname="tests.unit.test_component_status_extended.TestComponentStatusErrors" name="test_all_statuses_returns_all_components" time="0.004" /><testcase classname="tests.unit.test_component_status_extended.TestComponentStatusErrors" name="test_component_status_with_features" time="0.006" /><testcase classname="tests.unit.test_concurrency.TestRiskManagerConcurrency" name="test_assess_risk_concurrent_no_exceptions" time="1.271" /><testcase classname="tests.unit.test_concurrency.TestRiskManagerConcurrency" name="test_calculate_position_size_concurrent_results_valid" time="0.203" /><testcase classname="tests.unit.test_concurrency.TestRiskManagerConcurrency" name="test_concurrent_assess_and_size_interleaved" time="0.909" /><testcase classname="tests.unit.test_concurrency.TestCircuitBreakerConcurrency" name="test_concurrent_failures_open_breaker" time="0.013" /><testcase classname="tests.unit.test_concurrency.TestCircuitBreakerConcurrency" name="test_concurrent_successes_close_breaker" time="0.008" /><testcase classname="tests.unit.test_concurrency.TestCircuitBreakerConcurrency" name="test_check_raises_when_open_under_concurrency" time="0.010" /><testcase classname="tests.unit.test_concurrency.TestCircuitBreakerConcurrency" name="test_mixed_failure_success_no_exceptions" time="0.009" /><testcase classname="tests.unit.test_concurrency.TestInferenceEngineSingletonConcurrency" name="test_get_inference_engine_returns_same_instance" time="0.017" /><testcase classname="tests.unit.test_concurrency.TestInferenceEngineSingletonConcurrency" name="test_health_concurrent_no_exceptions" time="0.090" /><testcase classname="tests.unit.test_concurrency.TestSignalEngineHelpersConcurrency" name="test_build_ohlcv_proxy_concurrent" time="0.461" /><testcase classname="tests.unit.test_concurrency.TestSignalEngineHelpersConcurrency" name="test_estimate_vol_concurrent" time="0.146" /><testcase classname="tests.unit.test_config.TestEncryptionManager" name="test_encryption_manager_initialization" time="0.027" /><testcase classname="tests.unit.test_config.TestEncryptionManager" name="test_encryption_manager_with_explicit_key" time="0.031" /><testcase classname="tests.unit.test_config.TestEncryptionManager" name="test_encrypt_decrypt_roundtrip" time="0.028" /><testcase classname="tests.unit.test_config.TestEncryptionManager" name="test_encrypt_decrypt_complex_string" time="0.026" /><testcase classname="tests.unit.test_config.TestEncryptionManager" name="test_encrypt_empty_string" time="0.025" /><testcase classname="tests.unit.test_config.TestEncryptionManager" name="test_hash_password" time="0.060" /><testcase classname="tests.unit.test_config.TestEncryptionManager" name="test_verify_password_correct" time="0.090" /><testcase classname="tests.unit.test_config.TestEncryptionManager" name="test_verify_password_incorrect" time="0.090" /><testcase classname="tests.unit.test_config.TestEncryptionManager" name="test_different_passwords_different_hashes" time="0.083" /><testcase classname="tests.unit.test_config.TestEncryptionManager" name="test_same_password_different_salts" time="0.084" /><testcase classname="tests.unit.test_config.TestAPIConfig" name="test_api_config_creation" time="0.005" /><testcase classname="tests.unit.test_config.TestAPIConfig" name="test_api_config_defaults" time="0.008" /><testcase classname="tests.unit.test_config.TestAPIConfig" name="test_api_config_validate" time="0.008" /><testcase classname="tests.unit.test_config.TestDatabaseConfig" name="test_database_config_sqlite" time="0.008" /><testcase classname="tests.unit.test_config.TestDatabaseConfig" name="test_database_config_connection_string_sqlite" time="0.008" /><testcase classname="tests.unit.test_config.TestDatabaseConfig" name="test_database_config_postgresql" time="0.007" /><testcase classname="tests.unit.test_config.TestTradingConfig" name="test_trading_config_paper_trading" time="0.008" /><testcase classname="tests.unit.test_config.TestTradingConfig" name="test_trading_config_defaults" time="0.006" /><testcase classname="tests.unit.test_config.TestTradingConfig" name="test_trading_config_validate" time="0.007" /><testcase classname="tests.unit.test_config.TestLoggingConfig" name="test_logging_config_defaults" time="0.006" /><testcase classname="tests.unit.test_config.TestLoggingConfig" name="test_logging_config_validate" time="0.007" /><testcase classname="tests.unit.test_config.TestAppConfig" name="test_app_config_creation" time="0.008" /><testcase classname="tests.unit.test_config.TestAppConfig" name="test_app_config_defaults" time="0.009" /><testcase classname="tests.unit.test_config.TestConfigManager" name="test_config_manager_initialization" time="0.027" /><testcase classname="tests.unit.test_config.TestConfigManager" name="test_config_manager_with_config_dir" time="0.027" /><testcase classname="tests.unit.test_config_vault_coverage.TestSecureVaultSingleton" name="test_singleton_returns_same_instance" time="0.007" /><testcase classname="tests.unit.test_config_vault_coverage.TestSecureVaultSingleton" name="test_global_vault_instance" time="0.008" /><testcase classname="tests.unit.test_config_vault_coverage.TestSecureVaultInitialize" name="test_initialize_with_stored_key" time="0.008" /><testcase classname="tests.unit.test_config_vault_coverage.TestSecureVaultInitialize" name="test_initialize_with_password_no_stored_key" time="0.168" /><testcase classname="tests.unit.test_config_vault_coverage.TestSecureVaultInitialize" name="test_initialize_no_key_no_password_raises" time="0.007" /><testcase classname="tests.unit.test_config_vault_coverage.TestSecureVaultInitialize" name="test_initialize_keyring_exception_raises_vault_error" time="0.006" /><testcase classname="tests.unit.test_config_vault_coverage.TestSecureVaultInitialize" name="test_double_initialize_sets_fernet" time="0.006" /><testcase classname="tests.unit.test_config_vault_coverage.TestSecureVaultEncryptDecrypt" name="test_encrypt_string" time="0.012" /><testcase classname="tests.unit.test_config_vault_coverage.TestSecureVaultEncryptDecrypt" name="test_decrypt_string_roundtrip" time="0.009" /><testcase classname="tests.unit.test_config_vault_coverage.TestSecureVaultEncryptDecrypt" name="test_encrypt_dict" time="0.008" /><testcase classname="tests.unit.test_config_vault_coverage.TestSecureVaultEncryptDecrypt" name="test_encrypt_bytes" time="0.007" /><testcase classname="tests.unit.test_config_vault_coverage.TestSecureVaultEncryptDecrypt" name="test_decrypt_invalid_token_raises_error" time="0.006" /><testcase classname="tests.unit.test_config_vault_coverage.TestSecureVaultEncryptDecrypt" name="test_encrypt_not_initialized_raises" time="0.009" /><testcase classname="tests.unit.test_config_vault_coverage.TestSecureVaultEncryptDecrypt" name="test_decrypt_not_initialized_raises" time="0.007" /><testcase classname="tests.unit.test_config_vault_coverage.TestSecureVaultPasswordHashing" name="test_hash_password_returns_string" time="0.079" /><testcase classname="tests.unit.test_config_vault_coverage.TestSecureVaultPasswordHashing" name="test_verify_password_correct" time="0.138" /><testcase classname="tests.unit.test_config_vault_coverage.TestSecureVaultPasswordHashing" name="test_verify_password_wrong" time="0.122" /><testcase classname="tests.unit.test_config_vault_coverage.TestSecureVaultPasswordHashing" name="test_hash_is_not_plaintext" time="0.064" /><testcase classname="tests.unit.test_config_vault_coverage.TestSecureVaultSecureDelete" name="test_secure_delete_clears_fernet" time="0.008" /><testcase classname="tests.unit.test_config_vault_coverage.TestSecureVaultSecureDelete" name="test_secure_delete_keyring_failure_raises" time="0.009" /><testcase classname="tests.unit.test_config_vault_coverage.TestStartupValidatorDevMode" name="test_dev_mode_minimal_config_passes" time="0.009" /><testcase classname="tests.unit.test_config_vault_coverage.TestStartupValidatorDevMode" name="test_dev_mode_with_oanda_broker_requires_credentials" time="0.011" /><testcase classname="tests.unit.test_config_vault_coverage.TestStartupValidatorDevMode" name="test_dev_mode_invalid_broker_type_raises" time="0.011" /><testcase classname="tests.unit.test_config_vault_coverage.TestStartupValidatorJWT" name="test_missing_jwt_raises" time="0.011" /><testcase classname="tests.unit.test_config_vault_coverage.TestStartupValidatorJWT" name="test_short_jwt_raises" time="0.011" /><testcase classname="tests.unit.test_config_vault_coverage.TestStartupValidatorJWT" name="test_change_me_jwt_raises" time="0.011" /><testcase classname="tests.unit.test_config_vault_coverage.TestStartupValidatorJWT" name="test_jwt_secret_key_fallback_accepted" time="0.010" /><testcase classname="tests.unit.test_config_vault_coverage.TestStartupValidatorProduction" name="test_full_production_config_passes" time="0.012" /><testcase classname="tests.unit.test_config_vault_coverage.TestStartupValidatorProduction" name="test_missing_database_url_raises" time="0.009" /><testcase classname="tests.unit.test_config_vault_coverage.TestStartupValidatorProduction" name="test_missing_redis_url_raises" time="0.013" /><testcase classname="tests.unit.test_config_vault_coverage.TestStartupValidatorProduction" name="test_invalid_redis_url_raises" time="0.009" /><testcase classname="tests.unit.test_config_vault_coverage.TestStartupValidatorProduction" name="test_redis_host_without_url_suggests_url" time="0.011" /><testcase classname="tests.unit.test_config_vault_coverage.TestStartupValidatorProduction" name="test_short_encryption_key_raises" time="0.012" /><testcase classname="tests.unit.test_config_vault_coverage.TestStartupValidatorProduction" name="test_wildcard_cors_raises" time="0.014" /><testcase classname="tests.unit.test_config_vault_coverage.TestStartupValidatorProduction" name="test_db_host_without_password_raises" time="0.012" /><testcase classname="tests.unit.test_config_vault_coverage.TestStartupValidatorProduction" name="test_short_db_password_raises" time="0.016" /><testcase classname="tests.unit.test_config_vault_coverage.TestStartupValidatorProduction" name="test_oanda_broker_requires_token" time="0.014" /><testcase classname="tests.unit.test_config_vault_coverage.TestStartupValidatorProduction" name="test_oanda_broker_with_credentials_passes" time="0.012" /><testcase classname="tests.unit.test_config_vault_coverage.TestStartupValidatorProduction" name="test_invalid_sentry_dsn_raises" time="0.014" /><testcase classname="tests.unit.test_config_vault_coverage.TestStartupValidatorProduction" name="test_valid_sentry_dsn_passes" time="0.009" /><testcase classname="tests.unit.test_config_vault_coverage.TestStartupValidatorProduction" name="test_invalid_ibkr_port_raises" time="0.015" /><testcase classname="tests.unit.test_config_vault_coverage.TestStartupValidatorProduction" name="test_valid_ibkr_port_passes" time="0.009" /><testcase classname="tests.unit.test_config_vault_coverage.TestStartupValidatorProduction" name="test_invalid_mobile_cors_raises" time="0.012" /><testcase classname="tests.unit.test_config_vault_coverage.TestStartupValidatorProduction" name="test_valid_mobile_cors_passes" time="0.011" /><testcase classname="tests.unit.test_config_vault_coverage.TestStartupValidatorProduction" name="test_invalid_argocd_webhook_raises" time="0.010" /><testcase classname="tests.unit.test_config_vault_coverage.TestStartupValidatorProduction" name="test_invalid_llm_backend_raises" time="0.015" /><testcase classname="tests.unit.test_config_vault_coverage.TestStartupValidatorProduction" name="test_change_me_llm_key_raises" time="0.013" /><testcase classname="tests.unit.test_config_vault_coverage.TestStartupValidatorProduction" name="test_strict_mode_calls_sys_exit" time="0.012" /><testcase classname="tests.unit.test_config_vault_coverage.TestStartupValidatorProduction" name="test_missing_crypto_webhook_secret_raises" time="0.013" /><testcase classname="tests.unit.test_config_vault_coverage.TestStartupValidatorProduction" name="test_weak_crypto_webhook_secret_raises" time="0.014" /><testcase classname="tests.unit.test_core" name="test_event_bus" time="0.009" /><testcase classname="tests.unit.test_core" name="test_memory_mapped_event_store" time="0.012" /><testcase classname="tests.unit.test_core" name="test_settings_validation" time="0.174" /><testcase classname="tests.unit.test_core" name="test_settings_production" time="0.172" /><testcase classname="tests.unit.test_core" name="test_exceptions" time="0.007" /><testcase classname="tests.unit.test_core_acceleration" name="test_has_torch_is_bool" time="0.007" /><testcase classname="tests.unit.test_core_acceleration" name="test_gpu_config_defaults" time="0.007" /><testcase classname="tests.unit.test_core_acceleration" name="test_gpu_config_custom" time="0.007" /><testcase classname="tests.unit.test_core_acceleration" name="test_gpu_config_is_dataclass" time="0.006" /><testcase classname="tests.unit.test_core_acceleration" name="test_gpu_inference_engine_requires_torch" time="0.006"><skipped type="pytest.skip" message="torch is installed">/home/user/HOPEFX-AI-TRADING/tests/unit/test_core_acceleration.py:52: torch is installed</skipped></testcase><testcase classname="tests.unit.test_core_acceleration" name="test_gpu_feature_engine_requires_cupy" time="0.009" /><testcase classname="tests.unit.test_core_acceleration" name="test_quantized_transformer_requires_torch" time="0.006"><skipped type="pytest.skip" message="torch is installed">/home/user/HOPEFX-AI-TRADING/tests/unit/test_core_acceleration.py:68: torch is installed</skipped></testcase><testcase classname="tests.unit.test_core_acceleration" name="test_module_exports_expected_names" time="0.006" /><testcase classname="tests.unit.test_core_acceleration" name="test_has_torch_false_in_ci" time="0.006"><skipped type="pytest.skip" message="torch is installed">/home/user/HOPEFX-AI-TRADING/tests/unit/test_core_acceleration.py:84: torch is installed</skipped></testcase><testcase classname="tests.unit.test_core_all.TestSecretsManager" name="test_get_from_env" time="0.009" /><testcase classname="tests.unit.test_core_all.TestSecretsManager" name="test_get_default_when_missing" time="0.007" /><testcase classname="tests.unit.test_core_all.TestSecretsManager" name="test_set_overrides_value" time="0.006" /><testcase classname="tests.unit.test_core_all.TestSecretsManager" name="test_get_sync_same_as_get" time="0.005" /><testcase classname="tests.unit.test_core_all.TestSecretsManager" name="test_status_returns_dict" time="0.007" /><testcase classname="tests.unit.test_core_all.TestSecretsManager" name="test_stop_no_crash" time="0.007" /><testcase classname="tests.unit.test_core_all.TestSecretsManager" name="test_on_rotation_registers_callback" time="0.007" /><testcase classname="tests.unit.test_core_all.TestSecretsManager" name="test_load_from_env" time="0.009" /><testcase classname="tests.unit.test_core_all.TestSecretsManager" name="test_refresh_env_backend" time="0.009" /><testcase classname="tests.unit.test_core_all.TestSecretsManager" name="test_get_secret_module_function" time="0.008" /><testcase classname="tests.unit.test_core_all.TestPositionReconciler" name="test_init" time="0.011" /><testcase classname="tests.unit.test_core_all.TestPositionReconciler" name="test_stats_keys" time="0.009" /><testcase classname="tests.unit.test_core_all.TestPositionReconciler" name="test_start_stop" time="0.064" /><testcase classname="tests.unit.test_core_all.TestPositionReconciler" name="test_reconcile_once_no_positions" time="0.014" /><testcase classname="tests.unit.test_core_all.TestPositionReconciler" name="test_reconcile_once_with_broker_no_positions" time="0.016" /><testcase classname="tests.unit.test_core_all.TestPositionReconciler" name="test_calc_pnl_buy" time="0.007" /><testcase classname="tests.unit.test_core_all.TestPositionReconciler" name="test_calc_pnl_sell" time="0.007" /><testcase classname="tests.unit.test_core_all.TestOutboxRelay" name="test_init" time="0.006" /><testcase classname="tests.unit.test_core_all.TestOutboxRelay" name="test_stop_sets_flag" time="0.007" /><testcase classname="tests.unit.test_core_all.TestOutboxRelay" name="test_relay_batch_no_db_no_crash" time="0.025" /><testcase classname="tests.unit.test_core_all.TestOutboxRelay" name="test_run_stops_on_stop" time="0.110" /><testcase classname="tests.unit.test_core_all.TestWriteOutboxEventStandalone" name="test_write_no_db_no_crash" time="0.011" /><testcase classname="tests.unit.test_core_all.TestRegimeRouter" name="test_import_succeeds" time="0.005" /><testcase classname="tests.unit.test_core_all.TestRegimeRouter" name="test_regime_router_is_class" time="0.006" /><testcase classname="tests.unit.test_core_all.TestRegimeRouter" name="test_instantiation_with_strategy_manager" time="0.007" /><testcase classname="tests.unit.test_core_all.TestRegimeRouter" name="test_has_expected_methods" time="0.008" /><testcase classname="tests.unit.test_core_circuit_breaker" name="test_cbstate_values" time="0.007" /><testcase classname="tests.unit.test_core_circuit_breaker" name="test_open_error_attributes" time="0.006" /><testcase classname="tests.unit.test_core_circuit_breaker" name="test_initial_state_closed" time="0.006" /><testcase classname="tests.unit.test_core_circuit_breaker" name="test_status_dict" time="0.006" /><testcase classname="tests.unit.test_core_circuit_breaker" name="test_context_manager_success_no_state_change" time="0.007" /><testcase classname="tests.unit.test_core_circuit_breaker" name="test_failures_open_circuit" time="0.010" /><testcase classname="tests.unit.test_core_circuit_breaker" name="test_open_circuit_rejects_calls" time="0.008" /><testcase classname="tests.unit.test_core_circuit_breaker" name="test_open_error_not_counted_as_failure" time="0.008" /><testcase classname="tests.unit.test_core_circuit_breaker" name="test_transitions_to_half_open_after_timeout" time="0.075" /><testcase classname="tests.unit.test_core_circuit_breaker" name="test_transitions_to_closed_after_enough_successes" time="0.062" /><testcase classname="tests.unit.test_core_circuit_breaker" name="test_half_open_failure_reopens" time="0.060" /><testcase classname="tests.unit.test_core_circuit_breaker" name="test_get_returns_same_instance" time="0.006" /><testcase classname="tests.unit.test_core_circuit_breaker" name="test_all_statuses_returns_dict" time="0.006" /><testcase classname="tests.unit.test_core_circuit_breaker" name="test_decorator_passes_through_on_success" time="0.009" /><testcase classname="tests.unit.test_core_circuit_breaker" name="test_decorator_opens_on_repeated_failure" time="0.009" /><testcase classname="tests.unit.test_core_circuit_breaker" name="test_transition_survives_prometheus_error" time="0.009" /><testcase classname="tests.unit.test_core_circuit_breaker" name="test_transition_survives_event_bus_error" time="0.010" /><testcase classname="tests.unit.test_core_circuit_breaker" name="test_retry_after_decreases_over_time" time="0.009" /><testcase classname="tests.unit.test_core_component_registry" name="test_component_defaults" time="0.006" /><testcase classname="tests.unit.test_core_component_registry" name="test_register_returns_self" time="0.006" /><testcase classname="tests.unit.test_core_component_registry" name="test_register_multiple" time="0.005" /><testcase classname="tests.unit.test_core_component_registry" name="test_start_all_sets_instance" time="0.211" /><testcase classname="tests.unit.test_core_component_registry" name="test_start_all_sync_factory" time="0.210" /><testcase classname="tests.unit.test_core_component_registry" name="test_start_all_elapsed_ms_positive" time="0.211" /><testcase classname="tests.unit.test_core_component_registry" name="test_optional_failure_does_not_raise" time="0.211" /><testcase classname="tests.unit.test_core_component_registry" name="test_required_failure_raises" time="0.211" /><testcase classname="tests.unit.test_core_component_registry" name="test_dep_failed_skips_dependent" time="0.411" /><testcase classname="tests.unit.test_core_component_registry" name="test_dep_ok_allows_dependent" time="0.411" /><testcase classname="tests.unit.test_core_component_registry" name="test_skipped_dep_skips_grandchild" time="0.611" /><testcase classname="tests.unit.test_core_component_registry" name="test_topological_order_respected" time="0.410" /><testcase classname="tests.unit.test_core_component_registry" name="test_circular_dependency_raises" time="0.006" /><testcase classname="tests.unit.test_core_component_registry" name="test_get_returns_instance" time="0.210" /><testcase classname="tests.unit.test_core_component_registry" name="test_get_missing_returns_none" time="0.007" /><testcase classname="tests.unit.test_core_component_registry" name="test_all_required_ok_true" time="0.212" /><testcase classname="tests.unit.test_core_component_registry" name="test_all_required_ok_false_when_optional_fails" time="0.412" /><testcase classname="tests.unit.test_core_component_registry" name="test_summary_returns_status_dict" time="0.410" /><testcase classname="tests.unit.test_core_component_registry" name="test_print_table_no_crash" time="0.411" /><testcase classname="tests.unit.test_core_config_store" name="test_get_returns_default_when_no_backends" time="0.006" /><testcase classname="tests.unit.test_core_config_store" name="test_get_returns_none_default_when_not_set" time="0.006" /><testcase classname="tests.unit.test_core_config_store" name="test_get_from_redis" time="0.008" /><testcase classname="tests.unit.test_core_config_store" name="test_get_returns_default_on_redis_miss" time="0.010" /><testcase classname="tests.unit.test_core_config_store" name="test_get_degrades_when_redis_raises" time="0.007" /><testcase classname="tests.unit.test_core_config_store" name="test_set_returns_false_when_no_db" time="0.007" /><testcase classname="tests.unit.test_core_config_store" name="test_set_writes_to_redis_even_when_db_fails" time="0.008" /><testcase classname="tests.unit.test_core_config_store" name="test_set_redis_error_non_fatal" time="0.008" /><testcase classname="tests.unit.test_core_config_store" name="test_delete_returns_false_when_no_db" time="0.006" /><testcase classname="tests.unit.test_core_config_store" name="test_delete_removes_from_redis" time="0.006" /><testcase classname="tests.unit.test_core_config_store" name="test_delete_redis_error_non_fatal" time="0.008" /><testcase classname="tests.unit.test_core_config_store" name="test_redis_key_prefix" time="0.006" /><testcase classname="tests.unit.test_core_config_store" name="test_db_get_returns_none_when_no_session" time="0.006" /><testcase classname="tests.unit.test_core_config_store" name="test_db_set_returns_false_when_no_session" time="0.006" /><testcase classname="tests.unit.test_core_config_store" name="test_db_delete_returns_false_when_no_session" time="0.005" /><testcase classname="tests.unit.test_core_config_store" name="test_get_warms_redis_from_db" time="0.007" /><testcase classname="tests.unit.test_core_config_store" name="test_module_singleton_is_config_store" time="0.008" /><testcase classname="tests.unit.test_core_config_store" name="test_module_singleton_get_no_crash" time="0.011" /><testcase classname="tests.unit.test_core_domain" name="test_trade_direction_values" time="0.006" /><testcase classname="tests.unit.test_core_domain" name="test_order_type_values" time="0.006" /><testcase classname="tests.unit.test_core_domain" name="test_order_status_values" time="0.006" /><testcase classname="tests.unit.test_core_domain" name="test_time_in_force_values" time="0.005" /><testcase classname="tests.unit.test_core_domain" name="test_position_status_values" time="0.008" /><testcase classname="tests.unit.test_core_domain" name="test_signal_strength_ordering" time="0.006" /><testcase classname="tests.unit.test_core_domain" name="test_prop_firm_values" time="0.007" /><testcase classname="tests.unit.test_core_domain" name="test_data_frequency_values" time="0.005" /><testcase classname="tests.unit.test_core_domain" name="test_broker_type_values" time="0.007" /><testcase classname="tests.unit.test_core_domain" name="test_strategy_state_values" time="0.006" /><testcase classname="tests.unit.test_core_domain" name="test_risk_level_ordering" time="0.006" /><testcase classname="tests.unit.test_core_domain" name="test_tick_data_valid" time="0.006" /><testcase classname="tests.unit.test_core_domain" name="test_tick_data_ask_must_exceed_bid" time="0.006" /><testcase classname="tests.unit.test_core_domain" name="test_tick_data_mid_must_be_midpoint" time="0.006" /><testcase classname="tests.unit.test_core_domain" name="test_tick_data_frozen" time="0.007" /><testcase classname="tests.unit.test_core_domain" name="test_ohlcv_valid" time="0.006" /><testcase classname="tests.unit.test_core_domain" name="test_ohlcv_high_below_open_raises" time="0.006" /><testcase classname="tests.unit.test_core_domain" name="test_ohlcv_low_above_close_raises" time="0.007" /><testcase classname="tests.unit.test_core_domain" name="test_market_data_alias" time="0.006" /><testcase classname="tests.unit.test_core_domain" name="test_order_defaults" time="0.007" /><testcase classname="tests.unit.test_core_domain" name="test_order_is_filled_property" time="0.006" /><testcase classname="tests.unit.test_core_domain" name="test_order_remaining_property" time="0.006" /><testcase classname="tests.unit.test_core_domain" name="test_position_long_pnl" time="0.006" /><testcase classname="tests.unit.test_core_domain" name="test_position_short_pnl" time="0.006" /><testcase classname="tests.unit.test_core_domain" name="test_position_defaults" time="0.006" /><testcase classname="tests.unit.test_core_domain" name="test_signal_valid" time="0.006" /><testcase classname="tests.unit.test_core_domain" name="test_signal_strength_bounds" time="0.004" /><testcase classname="tests.unit.test_core_domain" name="test_signal_frozen" time="0.006" /><testcase classname="tests.unit.test_core_domain" name="test_account_defaults" time="0.007" /><testcase classname="tests.unit.test_core_domain" name="test_account_mutable" time="0.006" /><testcase classname="tests.unit.test_core_email_service" name="test_smtp_config_none_when_no_host" time="0.005" /><testcase classname="tests.unit.test_core_email_service" name="test_smtp_config_returns_dict" time="0.005" /><testcase classname="tests.unit.test_core_email_service" name="test_smtp_config_default_port" time="0.006" /><testcase classname="tests.unit.test_core_email_service" name="test_send_dev_fallback_returns_true" time="0.006" /><testcase classname="tests.unit.test_core_email_service" name="test_send_via_sendgrid_success" time="0.011" /><testcase classname="tests.unit.test_core_email_service" name="test_send_via_sendgrid_error_status" time="0.010" /><testcase classname="tests.unit.test_core_email_service" name="test_send_via_sendgrid_exception" time="0.008" /><testcase classname="tests.unit.test_core_email_service" name="test_send_via_smtp_no_config" time="0.006" /><testcase classname="tests.unit.test_core_email_service" name="test_send_via_smtp_success" time="0.037" /><testcase classname="tests.unit.test_core_email_service" name="test_send_via_smtp_exception" time="0.030" /><testcase classname="tests.unit.test_core_email_service" name="test_send_via_smtp_ssl_path" time="0.014" /><testcase classname="tests.unit.test_core_email_service" name="test_send_verification_email_dev" time="0.007" /><testcase classname="tests.unit.test_core_email_service" name="test_send_password_reset_email_dev" time="0.007" /><testcase classname="tests.unit.test_core_email_service" name="test_send_login_alert_dev" time="0.007" /><testcase classname="tests.unit.test_core_email_service" name="test_send_login_alert_unknown_device" time="0.006" /><testcase classname="tests.unit.test_core_email_service" name="test_send_prefers_sendgrid_over_smtp" time="0.008" /><testcase classname="tests.unit.test_core_env_validator" name="test_envvar_defaults" time="0.007" /><testcase classname="tests.unit.test_core_env_validator" name="test_validation_result_ok_when_no_errors" time="0.007" /><testcase classname="tests.unit.test_core_env_validator" name="test_validation_result_not_ok_with_errors" time="0.007" /><testcase classname="tests.unit.test_core_env_validator" name="test_validate_passes_when_required_vars_set" time="0.006" /><testcase classname="tests.unit.test_core_env_validator" name="test_validate_error_when_jwt_missing" time="0.007" /><testcase classname="tests.unit.test_core_env_validator" name="test_validate_error_when_jwt_too_short" time="0.007" /><testcase classname="tests.unit.test_core_env_validator" name="test_validate_error_when_encryption_key_missing" time="0.008" /><testcase classname="tests.unit.test_core_env_validator" name="test_validate_production_rejects_dev_placeholder" time="0.007" /><testcase classname="tests.unit.test_core_env_validator" name="test_validate_production_rejects_encryption_key_placeholder" time="0.006" /><testcase classname="tests.unit.test_core_env_validator" name="test_validate_production_rejects_other_placeholders" time="0.007" /><testcase classname="tests.unit.test_core_env_validator" name="test_validate_warns_on_missing_recommended" time="0.006" /><testcase classname="tests.unit.test_core_env_validator" name="test_validate_strict_treats_missing_recommended_as_error" time="0.008" /><testcase classname="tests.unit.test_core_env_validator" name="test_validate_and_report_no_exit_on_success" time="0.008" /><testcase classname="tests.unit.test_core_env_validator" name="test_validate_and_report_no_exit_on_error" time="0.010" /><testcase classname="tests.unit.test_core_env_validator" name="test_validate_and_report_exits_on_error" time="0.011" /><testcase classname="tests.unit.test_core_event_bus" name="test_domain_event_create_known_type" time="0.010" /><testcase classname="tests.unit.test_core_event_bus" name="test_domain_event_create_unknown_type" time="0.007" /><testcase classname="tests.unit.test_core_event_bus" name="test_domain_event_create_with_priority" time="0.013" /><testcase classname="tests.unit.test_core_event_bus" name="test_domain_event_decode_roundtrip" time="0.009" /><testcase classname="tests.unit.test_core_event_bus" name="test_domain_event_all_known_types" time="0.026" /><testcase classname="tests.unit.test_core_event_bus" name="test_domain_event_codes_cached" time="0.007" /><testcase classname="tests.unit.test_core_event_bus" name="test_domain_event_decode_json_fallback" time="0.007" /><testcase classname="tests.unit.test_core_event_bus" name="test_local_bus_subscribe_and_publish" time="0.008" /><testcase classname="tests.unit.test_core_event_bus" name="test_local_bus_async_handler" time="0.007" /><testcase classname="tests.unit.test_core_event_bus" name="test_local_bus_handler_error_non_fatal" time="0.008" /><testcase classname="tests.unit.test_core_event_bus" name="test_local_bus_multiple_handlers" time="0.008" /><testcase classname="tests.unit.test_core_event_bus" name="test_local_bus_unknown_channel" time="0.009" /><testcase classname="tests.unit.test_core_event_bus" name="test_event_bus_connect_success" time="0.011" /><testcase classname="tests.unit.test_core_event_bus" name="test_event_bus_connect_failure_activates_degraded" time="0.008" /><testcase classname="tests.unit.test_core_event_bus" name="test_event_bus_close_no_redis" time="0.006" /><testcase classname="tests.unit.test_core_event_bus" name="test_event_bus_close_with_redis" time="0.017" /><testcase classname="tests.unit.test_core_event_bus" name="test_event_bus_publish_success" time="0.011" /><testcase classname="tests.unit.test_core_event_bus" name="test_event_bus_publish_degraded_uses_local_fallback" time="0.011" /><testcase classname="tests.unit.test_core_event_bus" name="test_event_bus_publish_retries_on_failure" time="0.019" /><testcase classname="tests.unit.test_core_event_bus" name="test_event_bus_publish_exhausts_retries" time="0.017" /><testcase classname="tests.unit.test_core_event_bus" name="test_publish_tick" time="0.008" /><testcase classname="tests.unit.test_core_event_bus" name="test_publish_signal" time="0.010" /><testcase classname="tests.unit.test_core_event_bus" name="test_publish_order" time="0.009" /><testcase classname="tests.unit.test_core_event_bus" name="test_publish_breach" time="0.009" /><testcase classname="tests.unit.test_core_event_bus" name="test_event_bus_metrics_initial" time="0.006" /><testcase classname="tests.unit.test_core_event_bus" name="test_event_bus_subscribe_local" time="0.007" /><testcase classname="tests.unit.test_core_event_bus" name="test_event_bus_subscribe_degraded_receives_local_messages" time="0.070" /><testcase classname="tests.unit.test_core_event_bus" name="test_memory_mapped_event_store_append_and_query" time="0.011" /><testcase classname="tests.unit.test_core_event_bus" name="test_memory_mapped_event_store_multiple_events" time="0.012" /><testcase classname="tests.unit.test_core_event_bus" name="test_memory_mapped_event_store_query_by_event_type" time="0.012" /><testcase classname="tests.unit.test_core_event_bus" name="test_memory_mapped_event_store_query_all_sources" time="0.011" /><testcase classname="tests.unit.test_core_event_bus" name="test_memory_mapped_event_store_rotate_file" time="0.026" /><testcase classname="tests.unit.test_core_event_bus" name="test_module_bus_is_event_bus" time="0.007" /><testcase classname="tests.unit.test_core_event_bus" name="test_channel_constants" time="0.007" /><testcase classname="tests.unit.test_core_event_bus_legacy" name="test_domain_event_create_and_decode" time="0.006" /><testcase classname="tests.unit.test_core_event_bus_legacy" name="test_domain_event_unknown_type_code" time="0.007" /><testcase classname="tests.unit.test_core_event_bus_legacy" name="test_domain_event_all_known_types" time="0.007" /><testcase classname="tests.unit.test_core_event_bus_legacy" name="test_domain_event_timestamp_nanoseconds" time="0.005" /><testcase classname="tests.unit.test_core_event_bus_legacy" name="test_store_append_and_query" time="0.010" /><testcase classname="tests.unit.test_core_event_bus_legacy" name="test_store_query_by_event_type" time="0.010" /><testcase classname="tests.unit.test_core_event_bus_legacy" name="test_store_query_all_sources" time="0.010" /><testcase classname="tests.unit.test_core_event_bus_legacy" name="test_store_sequence_increments" time="0.009" /><testcase classname="tests.unit.test_core_event_bus_legacy" name="test_store_file_rotation" time="0.009" /><testcase classname="tests.unit.test_core_event_bus_legacy" name="test_event_bus_publish_and_subscribe" time="0.062" /><testcase classname="tests.unit.test_core_event_bus_legacy" name="test_event_bus_metrics" time="0.011" /><testcase classname="tests.unit.test_core_event_bus_legacy" name="test_event_bus_handler_exception_increments_dropped" time="0.063" /><testcase classname="tests.unit.test_core_event_bus_legacy" name="test_event_bus_run_stops_on_flag" time="0.113" /><testcase classname="tests.unit.test_core_full.TestSignalEngineHelpers" name="test_module_importable" time="0.007" /><testcase classname="tests.unit.test_core_full.TestSignalEngineHelpers" name="test_ml_available_is_bool" time="0.007" /><testcase classname="tests.unit.test_core_full.TestSignalEngineHelpers" name="test_get_macro_store_returns_none_or_object" time="0.007" /><testcase classname="tests.unit.test_core_full.TestSignalEngineHelpers" name="test_get_macro_store_bridge_returns_none_or_object" time="0.007" /><testcase classname="tests.unit.test_core_full.TestSignalEngineHelpers" name="test_run_signal_engine_is_coroutine_function" time="0.007" /><testcase classname="tests.unit.test_core_full.TestSignalEngineHelpers" name="test_run_signal_engine_exits_cleanly_when_cancelled" time="0.060" /><testcase classname="tests.unit.test_core_full.TestStartupFactoriesHelpers" name="test_is_feature_enabled_default_false" time="0.006" /><testcase classname="tests.unit.test_core_full.TestStartupFactoriesHelpers" name="test_is_feature_enabled_known_flag_returns_bool" time="0.007" /><testcase classname="tests.unit.test_core_full.TestStartupFactoriesHelpers" name="test_is_feature_enabled_unknown_flag_returns_default" time="0.007" /><testcase classname="tests.unit.test_core_full.TestStartupFactoriesHelpers" name="test_is_feature_enabled_unknown_flag_default_true" time="0.007" /><testcase classname="tests.unit.test_core_full.TestStartupFactoriesHelpers" name="test_is_feature_enabled_default_override" time="0.005" /><testcase classname="tests.unit.test_core_full.TestStartupFactoriesHelpers" name="test_get_log_activity_returns_callable_or_none" time="0.006" /><testcase classname="tests.unit.test_core_full.TestStartupFactoriesHelpers" name="test_get_broker_manager_returns_object_or_none" time="0.007" /><testcase classname="tests.unit.test_core_full.TestStartupFactoriesHelpers" name="test_run_startup_stress_tests_no_crash" time="0.014" /><testcase classname="tests.unit.test_core_full.TestStrategyOrchestra" name="test_init" time="0.007" /><testcase classname="tests.unit.test_core_full.TestStrategyOrchestra" name="test_register_strategy" time="0.005" /><testcase classname="tests.unit.test_core_full.TestStrategyOrchestra" name="test_register_multiple_strategies" time="0.011" /><testcase classname="tests.unit.test_core_full.TestStrategyOrchestra" name="test_active_strategies_initially_empty" time="0.006" /><testcase classname="tests.unit.test_core_full.TestStrategyOrchestra" name="test_run_rebalance_no_rebalancer_returns_none" time="0.006" /><testcase classname="tests.unit.test_core_full.TestStrategyOrchestra" name="test_get_rebalancer_status_no_rebalancer" time="0.006" /><testcase classname="tests.unit.test_core_full.TestStrategyOrchestra" name="test_attach_rebalancer_no_crash" time="0.007" /><testcase classname="tests.unit.test_core_full.TestStrategyOrchestra" name="test_regime_change_event_updates_regime" time="0.010" /><testcase classname="tests.unit.test_core_full.TestStrategyOrchestra" name="test_position_closed_event_no_crash" time="0.010" /><testcase classname="tests.unit.test_core_full.TestSecretsManager" name="test_init" time="0.006" /><testcase classname="tests.unit.test_core_full.TestSecretsManager" name="test_get_missing_key_returns_default" time="0.006" /><testcase classname="tests.unit.test_core_full.TestSecretsManager" name="test_get_missing_key_returns_none_by_default" time="0.006" /><testcase classname="tests.unit.test_core_full.TestSecretsManager" name="test_set_and_get" time="0.007" /><testcase classname="tests.unit.test_core_full.TestSecretsManager" name="test_set_overwrites_existing" time="0.006" /><testcase classname="tests.unit.test_core_full.TestSecretsManager" name="test_on_rotation_registers_callback" time="0.007" /><testcase classname="tests.unit.test_core_full.TestSecretsManager" name="test_stop_no_crash" time="0.007" /><testcase classname="tests.unit.test_core_full.TestSecretsManager" name="test_load_from_env" time="0.010" /><testcase classname="tests.unit.test_core_full.TestSecretsManager" name="test_get_sync_returns_value" time="0.006" /><testcase classname="tests.unit.test_core_full.TestSecretsManager" name="test_get_sync_missing_returns_default" time="0.006" /><testcase classname="tests.unit.test_core_full.TestSecretsManager" name="test_refresh_env_backend_no_crash" time="0.009" /><testcase classname="tests.unit.test_core_full.TestSecretsManager" name="test_refresh_loop_cancellable" time="0.058" /><testcase classname="tests.unit.test_core_full.TestGetSecretHelper" name="test_get_secret_missing_returns_none" time="0.007" /><testcase classname="tests.unit.test_core_full.TestGetSecretHelper" name="test_get_secret_missing_returns_default" time="0.005" /><testcase classname="tests.unit.test_core_full.TestGetSecretHelper" name="test_get_secret_from_env" time="0.010" /><testcase classname="tests.unit.test_core_full.TestPositionReconciler" name="test_init" time="0.010" /><testcase classname="tests.unit.test_core_full.TestPositionReconciler" name="test_start_sets_running" time="0.012" /><testcase classname="tests.unit.test_core_full.TestPositionReconciler" name="test_stop_clears_running" time="0.013" /><testcase classname="tests.unit.test_core_full.TestPositionReconciler" name="test_reconcile_once_no_positions" time="0.016" /><testcase classname="tests.unit.test_core_full.TestPositionReconciler" name="test_reconcile_once_increments_cycles" time="0.014" /><testcase classname="tests.unit.test_core_full.TestPositionReconciler" name="test_reconcile_once_db_import_error_no_crash" time="0.013" /><testcase classname="tests.unit.test_core_full.TestPositionReconciler" name="test_start_reconciler_function_importable" time="0.006" /><testcase classname="tests.unit.test_core_full.TestOutboxRelay" name="test_init" time="0.006" /><testcase classname="tests.unit.test_core_full.TestOutboxRelay" name="test_stop_sets_running_false" time="0.007" /><testcase classname="tests.unit.test_core_full.TestOutboxRelay" name="test_run_cancellable" time="0.057" /><testcase classname="tests.unit.test_core_full.TestOutboxRelay" name="test_relay_batch_no_db_no_crash" time="0.008" /><testcase classname="tests.unit.test_core_full.TestOutboxRelay" name="test_outbox_constants_positive" time="0.007" /><testcase classname="tests.unit.test_core_full.TestRegimeRouterShim" name="test_importable" time="0.007" /><testcase classname="tests.unit.test_core_full.TestRegimeRouterShim" name="test_is_same_class_as_strategies_module" time="0.006" /><testcase classname="tests.unit.test_core_full.TestRegimeRouterShim" name="test_regime_router_instantiable_with_manager" time="0.007" /><testcase classname="tests.unit.test_core_full.TestRegimeRouterShim" name="test_regime_router_has_route_method" time="0.006" /><testcase classname="tests.unit.test_core_full.TestStrategyOrchestraExtended" name="test_register_strategy_adds_to_dicts" time="0.009" /><testcase classname="tests.unit.test_core_full.TestStrategyOrchestraExtended" name="test_activate_and_deactivate_strategy" time="0.009" /><testcase classname="tests.unit.test_core_full.TestStrategyOrchestraExtended" name="test_activate_nonexistent_no_crash" time="0.013" /><testcase classname="tests.unit.test_core_full.TestStrategyOrchestraExtended" name="test_deactivate_nonexistent_no_crash" time="0.009" /><testcase classname="tests.unit.test_core_full.TestStrategyOrchestraExtended" name="test_get_heatmap_data" time="0.008" /><testcase classname="tests.unit.test_core_full.TestStrategyOrchestraExtended" name="test_detect_regime_suitability_trend" time="0.008" /><testcase classname="tests.unit.test_core_full.TestStrategyOrchestraExtended" name="test_detect_regime_suitability_mean_reversion" time="0.008" /><testcase classname="tests.unit.test_core_full.TestStrategyOrchestraExtended" name="test_detect_regime_suitability_breakout" time="0.008" /><testcase classname="tests.unit.test_core_full.TestStrategyOrchestraExtended" name="test_detect_regime_suitability_default" time="0.010" /><testcase classname="tests.unit.test_core_full.TestStrategyOrchestraExtended" name="test_on_regime_change_updates_current_regime" time="0.009" /><testcase classname="tests.unit.test_core_full.TestStrategyOrchestraExtended" name="test_on_position_closed_increments_signals" time="0.009" /><testcase classname="tests.unit.test_core_full.TestStrategyOrchestraExtended" name="test_calculate_composite_signal_no_active" time="0.008" /><testcase classname="tests.unit.test_core_full.TestStrategyOrchestraExtended" name="test_set_and_get_shared_orchestra" time="0.009" /><testcase classname="tests.unit.test_core_full.TestStrategyOrchestraExtended" name="test_get_shared_orchestra_none_when_not_set" time="0.006" /><testcase classname="tests.unit.test_core_full.TestOutboxRelayExtended" name="test_outbox_constants" time="0.004" /><testcase classname="tests.unit.test_core_full.TestOutboxRelayExtended" name="test_write_outbox_event_no_session" time="0.010" /><testcase classname="tests.unit.test_core_full.TestOutboxRelayExtended" name="test_write_outbox_event_standalone_no_db" time="0.015"><failure message="assert True is False">self = &lt;tests.unit.test_core_full.TestOutboxRelayExtended object at 0x7f88229b94d0&gt;

    def test_write_outbox_event_standalone_no_db(self):
        from core.outbox import write_outbox_event_standalone

        result = write_outbox_event_standalone("TEST", "hopefx:test", {"x": 1})
&gt;       assert result is False  # no DB in test env
        ^^^^^^^^^^^^^^^^^^^^^^
E       assert True is False

tests/unit/test_core_full.py:659: AssertionError</failure></testcase><testcase classname="tests.unit.test_core_full.TestOutboxRelayExtended" name="test_outbox_relay_run_stops_cleanly" time="0.110" /><testcase classname="tests.unit.test_core_full.TestOutboxRelayExtended" name="test_relay_batch_no_session" time="0.011" /><testcase classname="tests.unit.test_core_full.TestPositionReconcilerExtended" name="test_init_attributes" time="0.005" /><testcase classname="tests.unit.test_core_full.TestPositionReconcilerExtended" name="test_calc_pnl_buy" time="0.006" /><testcase classname="tests.unit.test_core_full.TestPositionReconcilerExtended" name="test_calc_pnl_sell" time="0.008" /><testcase classname="tests.unit.test_core_full.TestPositionReconcilerExtended" name="test_start_and_stop" time="0.010" /><testcase classname="tests.unit.test_core_full.TestPositionReconcilerExtended" name="test_reconcile_once_no_positions" time="0.010" /><testcase classname="tests.unit.test_core_full.TestPositionReconcilerExtended" name="test_get_price_no_engine" time="0.128" /><testcase classname="tests.unit.test_core_live_trading_gate" name="test_gate_result_to_dict" time="0.006" /><testcase classname="tests.unit.test_core_live_trading_gate" name="test_gate_result_blocked" time="0.007" /><testcase classname="tests.unit.test_core_live_trading_gate" name="test_kill_switch_blocks_when_active" time="0.008" /><testcase classname="tests.unit.test_core_live_trading_gate" name="test_kill_switch_passes_when_inactive" time="0.005" /><testcase classname="tests.unit.test_core_live_trading_gate" name="test_kill_switch_blocks_when_unavailable" time="0.008" /><testcase classname="tests.unit.test_core_live_trading_gate" name="test_paper_clock_passes_when_complete" time="0.007" /><testcase classname="tests.unit.test_core_live_trading_gate" name="test_paper_clock_blocks_when_incomplete" time="0.007" /><testcase classname="tests.unit.test_core_live_trading_gate" name="test_paper_clock_blocks_when_unavailable" time="0.006" /><testcase classname="tests.unit.test_core_live_trading_gate" name="test_paper_clock_blocks_on_exception" time="0.006" /><testcase classname="tests.unit.test_core_live_trading_gate" name="test_oos_accuracy_passes_with_valid_meta" time="0.008" /><testcase classname="tests.unit.test_core_live_trading_gate" name="test_oos_accuracy_passes_via_ml_dir" time="0.008" /><testcase classname="tests.unit.test_core_live_trading_gate" name="test_oos_accuracy_blocks_low_accuracy" time="0.008" /><testcase classname="tests.unit.test_core_live_trading_gate" name="test_oos_accuracy_blocks_high_pvalue" time="0.008" /><testcase classname="tests.unit.test_core_live_trading_gate" name="test_oos_accuracy_blocks_when_no_file" time="0.007" /><testcase classname="tests.unit.test_core_live_trading_gate" name="test_sharpe_gate_passes_with_report" time="0.007" /><testcase classname="tests.unit.test_core_live_trading_gate" name="test_sharpe_gate_blocks_when_not_passed" time="0.009" /><testcase classname="tests.unit.test_core_live_trading_gate" name="test_sharpe_gate_blocks_no_pooled_section" time="0.008" /><testcase classname="tests.unit.test_core_live_trading_gate" name="test_sharpe_gate_falls_back_to_oos_meta" time="0.008" /><testcase classname="tests.unit.test_core_live_trading_gate" name="test_sharpe_gate_blocks_when_no_files" time="0.007" /><testcase classname="tests.unit.test_core_live_trading_gate" name="test_feature_flag_blocks_when_not_set" time="0.008" /><testcase classname="tests.unit.test_core_live_trading_gate" name="test_feature_flag_passes_when_set" time="0.006" /><testcase classname="tests.unit.test_core_live_trading_gate" name="test_check_blocked_when_kill_switch_active" time="0.006" /><testcase classname="tests.unit.test_core_live_trading_gate" name="test_check_allowed_when_all_pass" time="0.006" /><testcase classname="tests.unit.test_core_live_trading_gate" name="test_check_all_checks_evaluated_even_after_first_failure" time="0.007" /><testcase classname="tests.unit.test_core_live_trading_gate" name="test_check_handles_exception_in_check_fn" time="0.006" /><testcase classname="tests.unit.test_core_live_trading_gate" name="test_require_open_allows_when_gate_open" time="0.007" /><testcase classname="tests.unit.test_core_live_trading_gate" name="test_require_open_blocks_when_gate_closed" time="0.006" /><testcase classname="tests.unit.test_core_live_trading_gate" name="test_status_dict_returns_dict" time="0.006" /><testcase classname="tests.unit.test_core_live_trading_gate" name="test_get_gate_returns_singleton" time="0.007" /><testcase classname="tests.unit.test_core_main_loop" name="test_validate_startup_env_exits_when_oanda_missing" time="0.013"><failure message="Failed: DID NOT RAISE &lt;class 'SystemExit'&gt;">monkeypatch = &lt;_pytest.monkeypatch.MonkeyPatch object at 0x7f879c26abd0&gt;

    def test_validate_startup_env_exits_when_oanda_missing(monkeypatch):
        monkeypatch.delenv("OANDA_API_KEY", raising=False)
        monkeypatch.delenv("OANDA_ACCOUNT_ID", raising=False)
&gt;       with pytest.raises(SystemExit):
E       Failed: DID NOT RAISE &lt;class 'SystemExit'&gt;

tests/unit/test_core_main_loop.py:58: Failed</failure></testcase><testcase classname="tests.unit.test_core_main_loop" name="test_validate_startup_env_passes_with_oanda_vars" time="0.008" /><testcase classname="tests.unit.test_core_main_loop" name="test_verify_model_registry_no_crash_when_import_fails" time="0.009" /><testcase classname="tests.unit.test_core_main_loop" name="test_verify_model_registry_dev_env_non_fatal" time="0.009" /><testcase classname="tests.unit.test_core_main_loop" name="test_verify_model_registry_production_exits_on_failure" time="0.008" /><testcase classname="tests.unit.test_core_main_loop" name="test_main_loop_importable" time="0.009" /><testcase classname="tests.unit.test_core_main_loop" name="test_checkpoint_file_constant" time="0.007" /><testcase classname="tests.unit.test_core_main_loop" name="test_checkpoint_writes_file" time="0.037" /><testcase classname="tests.unit.test_core_main_loop" name="test_checkpoint_handles_os_error" time="0.037" /><testcase classname="tests.unit.test_core_main_loop" name="test_main_loop_run_cancels_cleanly" time="0.174" /><testcase classname="tests.unit.test_core_main_loop" name="test_request_shutdown_sets_event" time="0.034" /><testcase classname="tests.unit.test_core_main_loop" name="test_stop_all_with_no_tasks" time="0.044" /><testcase classname="tests.unit.test_core_main_loop" name="test_stop_all_handles_stop_errors" time="0.050" /><testcase classname="tests.unit.test_core_main_loop" name="test_breach_watcher_kill_switch_triggers_shutdown" time="0.035" /><testcase classname="tests.unit.test_core_main_loop" name="test_breach_watcher_kill_event_triggers_shutdown" time="0.036" /><testcase classname="tests.unit.test_core_main_loop" name="test_breach_watcher_ignores_non_kill_reasons" time="0.034" /><testcase classname="tests.unit.test_core_main_loop" name="test_verify_model_registry_empty_versions_bootstraps" time="0.010" /><testcase classname="tests.unit.test_core_main_loop" name="test_verify_model_registry_bootstrap_returns_none" time="0.009" /><testcase classname="tests.unit.test_core_main_loop" name="test_verify_model_registry_active_version_integrity_ok" time="0.011" /><testcase classname="tests.unit.test_core_main_loop" name="test_verify_model_registry_integrity_fail_exits_in_production" time="0.010" /><testcase classname="tests.unit.test_core_main_loop" name="test_verify_model_registry_exception_fatal_in_production" time="0.008" /><testcase classname="tests.unit.test_core_main_loop" name="test_validate_startup_env_warns_missing_soft_vars" time="0.012" /><testcase classname="tests.unit.test_core_outbox_extended" name="test_constants_positive" time="0.006" /><testcase classname="tests.unit.test_core_outbox_extended" name="test_write_outbox_event_calls_session_add" time="0.010" /><testcase classname="tests.unit.test_core_outbox_extended" name="test_write_outbox_event_handles_exception" time="0.009" /><testcase classname="tests.unit.test_core_outbox_extended" name="test_write_outbox_event_standalone_no_db" time="0.005" /><testcase classname="tests.unit.test_core_outbox_extended" name="test_write_outbox_event_standalone_success" time="0.012" /><testcase classname="tests.unit.test_core_outbox_extended" name="test_write_outbox_event_standalone_db_error" time="0.012" /><testcase classname="tests.unit.test_core_outbox_extended" name="test_get_redis_returns_client_or_none" time="0.010" /><testcase classname="tests.unit.test_core_outbox_extended" name="test_get_redis_returns_client_when_available" time="0.008" /><testcase classname="tests.unit.test_core_outbox_extended" name="test_get_redis_returns_none_on_ping_failure" time="0.008" /><testcase classname="tests.unit.test_core_outbox_extended" name="test_publish_in_process_success" time="0.011" /><testcase classname="tests.unit.test_core_outbox_extended" name="test_publish_in_process_exception" time="0.013" /><testcase classname="tests.unit.test_core_outbox_extended" name="test_relay_batch_publishes_via_redis" time="0.014" /><testcase classname="tests.unit.test_core_outbox_extended" name="test_relay_batch_falls_back_to_in_process_when_no_redis" time="0.013" /><testcase classname="tests.unit.test_core_outbox_extended" name="test_relay_batch_increments_attempts_on_publish_failure" time="0.011" /><testcase classname="tests.unit.test_core_outbox_extended" name="test_relay_batch_empty_rows" time="0.016" /><testcase classname="tests.unit.test_core_outbox_extended" name="test_relay_batch_session_error" time="0.013" /><testcase classname="tests.unit.test_core_outbox_extended" name="test_get_relay_returns_singleton" time="0.006" /><testcase classname="tests.unit.test_core_position_reconciler_extended" name="test_calc_pnl_buy_profit" time="0.006" /><testcase classname="tests.unit.test_core_position_reconciler_extended" name="test_calc_pnl_buy_loss" time="0.006" /><testcase classname="tests.unit.test_core_position_reconciler_extended" name="test_calc_pnl_sell_profit" time="0.006" /><testcase classname="tests.unit.test_core_position_reconciler_extended" name="test_calc_pnl_sell_loss" time="0.007" /><testcase classname="tests.unit.test_core_position_reconciler_extended" name="test_calc_pnl_unknown_side_returns_zero" time="0.005" /><testcase classname="tests.unit.test_core_position_reconciler_extended" name="test_start_sets_running" time="0.008" /><testcase classname="tests.unit.test_core_position_reconciler_extended" name="test_stop_clears_running" time="0.008" /><testcase classname="tests.unit.test_core_position_reconciler_extended" name="test_reconcile_once_no_positions" time="0.012" /><testcase classname="tests.unit.test_core_position_reconciler_extended" name="test_reconcile_once_updates_pnl" time="0.017" /><testcase classname="tests.unit.test_core_position_reconciler_extended" name="test_reconcile_once_skips_when_price_none" time="0.013" /><testcase classname="tests.unit.test_core_position_reconciler_extended" name="test_reconcile_once_detects_missing_broker_position" time="0.018" /><testcase classname="tests.unit.test_core_position_reconciler_extended" name="test_reconcile_once_no_mismatch_when_broker_matches" time="0.017" /><testcase classname="tests.unit.test_core_position_reconciler_extended" name="test_reconcile_once_async_broker_positions" time="0.021" /><testcase classname="tests.unit.test_core_position_reconciler_extended" name="test_reconcile_once_broker_exception" time="0.019" /><testcase classname="tests.unit.test_core_position_reconciler_extended" name="test_reconcile_once_consecutive_mismatch_alert" time="0.018" /><testcase classname="tests.unit.test_core_position_reconciler_extended" name="test_reconcile_once_triggers_drift_halt" time="0.019" /><testcase classname="tests.unit.test_core_position_reconciler_extended" name="test_get_price_returns_float_or_none" time="0.072" /><testcase classname="tests.unit.test_core_position_reconciler_extended" name="test_get_price_yfinance_exception" time="0.009" /><testcase classname="tests.unit.test_core_position_reconciler_extended" name="test_trigger_drift_halt_no_alert_engine" time="0.009" /><testcase classname="tests.unit.test_core_position_reconciler_extended" name="test_trigger_drift_halt_with_alert_engine" time="0.012" /><testcase classname="tests.unit.test_core_position_reconciler_extended" name="test_reconcile_broadcasts_over_ws" time="0.020" /><testcase classname="tests.unit.test_core_risk_advanced_engine" name="test_import_advanced_engine" time="0.008" /><testcase classname="tests.unit.test_core_risk_advanced_engine" name="test_exports_monte_carlo_risk_engine" time="0.005" /><testcase classname="tests.unit.test_core_risk_advanced_engine" name="test_exports_garch_model" time="0.007" /><testcase classname="tests.unit.test_core_risk_advanced_engine" name="test_exports_copula_risk_model" time="0.007" /><testcase classname="tests.unit.test_core_risk_advanced_engine" name="test_exports_real_time_risk_monitor" time="0.007" /><testcase classname="tests.unit.test_core_risk_advanced_engine" name="test_exports_risk_metrics" time="0.006" /><testcase classname="tests.unit.test_core_risk_advanced_engine" name="test_all_exports_listed" time="0.006" /><testcase classname="tests.unit.test_core_risk_init" name="test_risk_metrics_fields" time="0.007" /><testcase classname="tests.unit.test_core_risk_init" name="test_garch_model_defaults" time="0.005" /><testcase classname="tests.unit.test_core_risk_init" name="test_garch_model_fit_returns_self" time="0.027" /><testcase classname="tests.unit.test_core_risk_init" name="test_garch_model_forecast" time="0.026" /><testcase classname="tests.unit.test_core_risk_init" name="test_garch_model_simulate" time="0.024" /><testcase classname="tests.unit.test_core_risk_init" name="test_copula_model_fit_and_simulate" time="0.119" /><testcase classname="tests.unit.test_core_risk_init" name="test_copula_model_defaults" time="0.006" /><testcase classname="tests.unit.test_core_risk_init" name="test_monte_carlo_engine_init" time="0.008" /><testcase classname="tests.unit.test_core_risk_init" name="test_monte_carlo_add_asset" time="0.027" /><testcase classname="tests.unit.test_core_risk_init" name="test_monte_carlo_calculate_portfolio_risk" time="0.129" /><testcase classname="tests.unit.test_core_risk_init" name="test_monte_carlo_stress_correlation_few_data" time="0.006" /><testcase classname="tests.unit.test_core_risk_init" name="test_real_time_monitor_init" time="0.124" /><testcase classname="tests.unit.test_core_risk_init" name="test_real_time_monitor_update_portfolio" time="0.123" /><testcase classname="tests.unit.test_core_risk_init" name="test_real_time_monitor_no_violations_loose_limits" time="0.119" /><testcase classname="tests.unit.test_core_risk_init" name="test_real_time_monitor_triggers_kill_switch_on_breach" time="0.121" /><testcase classname="tests.unit.test_core_risk_init" name="test_check_limits_no_current_risk" time="0.113" /><testcase classname="tests.unit.test_core_router_registry" name="test_register_routers_no_crash" time="2.874" /><testcase classname="tests.unit.test_core_router_registry" name="test_register_routers_adds_routes" time="4.240" /><testcase classname="tests.unit.test_core_router_registry" name="test_register_routers_with_graphql_router" time="3.101" /><testcase classname="tests.unit.test_core_router_registry" name="test_register_routers_with_signals_router" time="4.380" /><testcase classname="tests.unit.test_core_router_registry" name="test_register_routers_graphql_unavailable" time="2.883" /><testcase classname="tests.unit.test_core_router_registry" name="test_register_routers_idempotent_no_crash" time="8.497" /><testcase classname="tests.unit.test_core_router_registry" name="test_register_routers_returns_none" time="2.862" /><testcase classname="tests.unit.test_core_router_registry" name="test_register_routers_all_optional_flags_false" time="4.471" /><testcase classname="tests.unit.test_core_router_registry" name="test_register_routers_all_optional_flags_true" time="2.939" /><testcase classname="tests.unit.test_core_secrets_manager" name="test_init_loads_from_env" time="0.007" /><testcase classname="tests.unit.test_core_secrets_manager" name="test_init_empty_env" time="0.006" /><testcase classname="tests.unit.test_core_secrets_manager" name="test_get_from_cache" time="0.007" /><testcase classname="tests.unit.test_core_secrets_manager" name="test_get_env_fallback_via_mapping" time="0.007" /><testcase classname="tests.unit.test_core_secrets_manager" name="test_get_unknown_key_falls_back_to_upper_env" time="0.007" /><testcase classname="tests.unit.test_core_secrets_manager" name="test_get_returns_default_when_missing" time="0.006" /><testcase classname="tests.unit.test_core_secrets_manager" name="test_get_returns_none_default" time="0.007" /><testcase classname="tests.unit.test_core_secrets_manager" name="test_get_sync_same_as_get" time="0.006" /><testcase classname="tests.unit.test_core_secrets_manager" name="test_set_stores_in_cache" time="0.006" /><testcase classname="tests.unit.test_core_secrets_manager" name="test_set_overwrites_existing" time="0.006" /><testcase classname="tests.unit.test_core_secrets_manager" name="test_status_returns_dict" time="0.006" /><testcase classname="tests.unit.test_core_secrets_manager" name="test_status_last_refresh_none_initially" time="0.006" /><testcase classname="tests.unit.test_core_secrets_manager" name="test_stop_sets_running_false" time="0.006" /><testcase classname="tests.unit.test_core_secrets_manager" name="test_fetch_env_returns_dict" time="0.006" /><testcase classname="tests.unit.test_core_secrets_manager" name="test_fetch_env_skips_unset_vars" time="0.009" /><testcase classname="tests.unit.test_core_secrets_manager" name="test_refresh_env_backend_updates_cache" time="0.012" /><testcase classname="tests.unit.test_core_secrets_manager" name="test_refresh_increments_count" time="0.011" /><testcase classname="tests.unit.test_core_secrets_manager" name="test_refresh_notifies_rotation_callbacks" time="0.010" /><testcase classname="tests.unit.test_core_secrets_manager" name="test_refresh_loop_disabled" time="0.011" /><testcase classname="tests.unit.test_core_secrets_manager" name="test_refresh_loop_cancels_cleanly" time="0.059" /><testcase classname="tests.unit.test_core_secrets_manager" name="test_refresh_loop_handles_errors" time="0.109" /><testcase classname="tests.unit.test_core_secrets_manager" name="test_on_rotation_registers_callback" time="0.008" /><testcase classname="tests.unit.test_core_secrets_manager" name="test_notify_rotation_calls_sync_callback" time="0.008" /><testcase classname="tests.unit.test_core_secrets_manager" name="test_notify_rotation_calls_async_callback" time="0.009" /><testcase classname="tests.unit.test_core_secrets_manager" name="test_notify_rotation_handles_callback_error" time="0.007" /><testcase classname="tests.unit.test_core_secrets_manager" name="test_fetch_vault_falls_back_when_hvac_missing" time="0.009" /><testcase classname="tests.unit.test_core_secrets_manager" name="test_fetch_vault_falls_back_on_auth_failure" time="0.012" /><testcase classname="tests.unit.test_core_secrets_manager" name="test_fetch_vault_returns_secrets_on_success" time="0.014" /><testcase classname="tests.unit.test_core_secrets_manager" name="test_fetch_vault_exception_falls_back" time="0.010" /><testcase classname="tests.unit.test_core_secrets_manager" name="test_fetch_aws_falls_back_when_boto3_missing" time="0.009" /><testcase classname="tests.unit.test_core_secrets_manager" name="test_fetch_aws_returns_secrets_on_success" time="0.011" /><testcase classname="tests.unit.test_core_secrets_manager" name="test_fetch_aws_exception_falls_back" time="0.011" /><testcase classname="tests.unit.test_core_secrets_manager" name="test_module_singleton_is_secrets_manager" time="0.005" /><testcase classname="tests.unit.test_core_secrets_manager" name="test_get_secret_function" time="0.007" /><testcase classname="tests.unit.test_core_secrets_manager" name="test_get_secret_returns_cached" time="0.006" /><testcase classname="tests.unit.test_core_signal_engine" name="test_module_importable" time="0.005" /><testcase classname="tests.unit.test_core_signal_engine" name="test_ml_available_is_bool" time="0.005" /><testcase classname="tests.unit.test_core_signal_engine" name="test_run_signal_engine_is_coroutine_function" time="0.008" /><testcase classname="tests.unit.test_core_signal_engine" name="test_get_macro_store_returns_none_or_object" time="0.006" /><testcase classname="tests.unit.test_core_signal_engine" name="test_get_macro_store_bridge_returns_none_or_object" time="0.006" /><testcase classname="tests.unit.test_core_signal_engine" name="test_get_deep_ensemble_store_returns_none_or_object" time="0.006" /><testcase classname="tests.unit.test_core_signal_engine" name="test_get_online_learner_store_returns_none_or_object" time="0.007" /><testcase classname="tests.unit.test_core_signal_engine" name="test_get_anomaly_store_returns_none_or_object" time="0.006" /><testcase classname="tests.unit.test_core_signal_engine" name="test_get_signal_engine_status_returns_dict" time="0.006" /><testcase classname="tests.unit.test_core_signal_engine" name="test_check_live_trading_gate_returns_bool" time="0.010" /><testcase classname="tests.unit.test_core_signal_engine" name="test_estimate_annualised_volatility_no_data" time="0.007" /><testcase classname="tests.unit.test_core_signal_engine" name="test_estimate_annualised_volatility_with_closes" time="0.006" /><testcase classname="tests.unit.test_core_signal_engine" name="test_build_ohlcv_proxy_none_input" time="0.007" /><testcase classname="tests.unit.test_core_signal_engine" name="test_build_ohlcv_proxy_with_data" time="0.005" /><testcase classname="tests.unit.test_core_signal_engine" name="test_compute_signal_strength_returns_float" time="0.006" /><testcase classname="tests.unit.test_core_signal_engine" name="test_compute_signal_strength_short" time="0.006" /><testcase classname="tests.unit.test_core_signal_engine" name="test_notify_fill_no_crash" time="0.007" /><testcase classname="tests.unit.test_core_signal_engine" name="test_notify_fill_no_store_no_crash" time="0.008" /><testcase classname="tests.unit.test_core_signal_engine" name="test_run_signal_engine_exits_on_cancel" time="0.059" /><testcase classname="tests.unit.test_core_signal_engine" name="test_apply_anomaly_weighting_no_store" time="0.007" /><testcase classname="tests.unit.test_core_signal_engine" name="test_apply_anomaly_weighting_with_store" time="0.008" /><testcase classname="tests.unit.test_core_signal_engine" name="test_apply_anomaly_weighting_no_anomaly" time="0.007" /><testcase classname="tests.unit.test_core_signal_engine" name="test_apply_anomaly_weighting_exception" time="0.007" /><testcase classname="tests.unit.test_core_signal_engine" name="test_apply_online_blend_no_store" time="0.007" /><testcase classname="tests.unit.test_core_signal_engine" name="test_apply_online_blend_not_ready" time="0.007" /><testcase classname="tests.unit.test_core_signal_engine" name="test_apply_online_blend_with_store" time="0.007" /><testcase classname="tests.unit.test_core_signal_engine" name="test_apply_online_blend_exception" time="0.008" /><testcase classname="tests.unit.test_core_signal_engine" name="test_apply_deep_ensemble_blend_no_store" time="0.007" /><testcase classname="tests.unit.test_core_signal_engine" name="test_apply_deep_ensemble_blend_not_active" time="0.007" /><testcase classname="tests.unit.test_core_signal_engine" name="test_apply_deep_ensemble_blend_with_store" time="0.008" /><testcase classname="tests.unit.test_core_signal_engine" name="test_apply_deep_ensemble_blend_exception" time="0.008" /><testcase classname="tests.unit.test_core_signal_engine" name="test_fetch_mtf_df_no_store" time="0.007" /><testcase classname="tests.unit.test_core_signal_engine" name="test_fetch_mtf_df_store_not_ready" time="0.007" /><testcase classname="tests.unit.test_core_signal_engine" name="test_fetch_mtf_df_store_ready" time="0.008" /><testcase classname="tests.unit.test_core_signal_engine" name="test_fetch_macro_df_no_store" time="0.006" /><testcase classname="tests.unit.test_core_signal_engine" name="test_fetch_macro_df_empty_store" time="0.008" /><testcase classname="tests.unit.test_core_signal_engine" name="test_fetch_macro_df_alignment_exception" time="0.010" /><testcase classname="tests.unit.test_core_signal_engine" name="test_get_signal_engine_status_has_all_keys" time="0.006" /><testcase classname="tests.unit.test_core_signal_engine" name="test_predict_advanced_with_mock_predictor" time="0.011" /><testcase classname="tests.unit.test_core_signal_engine" name="test_compute_ml_probability_handles_advanced_predictor_exception" time="0.018" /><testcase classname="tests.unit.test_core_signal_engine" name="test_predict_basic_with_mock_model" time="0.009" /><testcase classname="tests.unit.test_core_signal_engine" name="test_predict_basic_predict_only_model" time="0.009" /><testcase classname="tests.unit.test_core_signal_engine" name="test_predict_basic_no_predict_method" time="0.008" /><testcase classname="tests.unit.test_core_signal_engine" name="test_compute_ml_probability_no_ml" time="0.006" /><testcase classname="tests.unit.test_core_signal_engine" name="test_compute_ml_probability_no_model" time="0.007" /><testcase classname="tests.unit.test_core_signal_engine" name="test_compute_ml_probability_uses_advanced_predictor" time="0.017" /><testcase classname="tests.unit.test_core_signal_engine" name="test_compute_ml_probability_uses_basic_model" time="0.007" /><testcase classname="tests.unit.test_core_signal_engine" name="test_compute_signal_no_consensus" time="0.007" /><testcase classname="tests.unit.test_core_signal_engine" name="test_compute_signal_with_consensus" time="0.008" /><testcase classname="tests.unit.test_core_signal_engine" name="test_compute_signal_no_signal_object" time="0.007" /><testcase classname="tests.unit.test_core_signal_engine" name="test_run_signal_filter_returns_bool" time="0.007" /><testcase classname="tests.unit.test_core_signal_engine" name="test_compute_atr_basic" time="0.006" /><testcase classname="tests.unit.test_core_signal_engine" name="test_compute_atr_insufficient_data" time="0.006" /><testcase classname="tests.unit.test_core_startup_factories" name="test_is_feature_enabled_default_false" time="0.007" /><testcase classname="tests.unit.test_core_startup_factories" name="test_is_feature_enabled_default_override" time="0.007" /><testcase classname="tests.unit.test_core_startup_factories" name="test_is_feature_enabled_returns_bool" time="0.007" /><testcase classname="tests.unit.test_core_startup_factories" name="test_is_feature_enabled_unknown_flag_returns_default_false" time="0.006" /><testcase classname="tests.unit.test_core_startup_factories" name="test_is_feature_enabled_unknown_flag_default_true" time="0.007" /><testcase classname="tests.unit.test_core_startup_factories" name="test_get_log_activity_returns_callable_or_none" time="0.006" /><testcase classname="tests.unit.test_core_startup_factories" name="test_get_broker_manager_returns_object_or_none" time="0.005" /><testcase classname="tests.unit.test_core_startup_factories" name="test_run_startup_stress_tests_no_crash" time="0.010" /><testcase classname="tests.unit.test_core_startup_factories" name="test_create_app_state_returns_object" time="0.009" /><testcase classname="tests.unit.test_core_startup_factories" name="test_create_app_state_has_expected_attributes" time="0.007" /><testcase classname="tests.unit.test_core_startup_factories" name="test_init_env_importable" time="0.006" /><testcase classname="tests.unit.test_core_startup_factories" name="test_init_config_importable" time="0.007" /><testcase classname="tests.unit.test_core_startup_factories" name="test_init_risk_manager_importable" time="0.007" /><testcase classname="tests.unit.test_core_startup_factories" name="test_init_risk_manager_no_db" time="0.008" /><testcase classname="tests.unit.test_core_startup_factories" name="test_init_secrets_manager_no_crash" time="0.012" /><testcase classname="tests.unit.test_core_startup_factories" name="test_enforce_redis_maxmemory_no_crash" time="7.335" /><testcase classname="tests.unit.test_core_startup_factories" name="test_init_env_dev_generates_ephemeral_secrets" time="0.013" /><testcase classname="tests.unit.test_core_startup_factories" name="test_init_env_uses_existing_secrets" time="0.012" /><testcase classname="tests.unit.test_core_startup_factories" name="test_init_model_registry_no_crash" time="0.013" /><testcase classname="tests.unit.test_core_startup_factories" name="test_init_database_no_crash" time="1.235" /><testcase classname="tests.unit.test_core_startup_factories" name="test_init_cache_no_crash" time="8.438" /><testcase classname="tests.unit.test_core_startup_factories" name="test_init_strategy_brain_no_crash" time="0.012" /><testcase classname="tests.unit.test_core_startup_factories" name="test_init_compliance_no_crash" time="0.010" /><testcase classname="tests.unit.test_core_startup_factories" name="test_init_outbox_relay_no_crash" time="0.013" /><testcase classname="tests.unit.test_core_startup_factories" name="test_init_event_store_no_crash" time="0.008" /><testcase classname="tests.unit.test_core_startup_factories" name="test_build_component_registry_returns_registry" time="0.007" /><testcase classname="tests.unit.test_core_startup_factories" name="test_resolve_clock_start_time_returns_none_or_datetime" time="0.007" /><testcase classname="tests.unit.test_core_startup_factories2" name="test_stamp_oanda_paper_start_no_write_when_already_stamped" time="0.008" /><testcase classname="tests.unit.test_core_startup_factories2" name="test_stamp_oanda_paper_start_creates_file" time="0.009" /><testcase classname="tests.unit.test_core_startup_factories2" name="test_stamp_oanda_paper_start_live_env" time="0.009" /><testcase classname="tests.unit.test_core_startup_factories2" name="test_resolve_clock_start_time_no_file" time="0.008" /><testcase classname="tests.unit.test_core_startup_factories2" name="test_resolve_clock_start_time_real_account_stamped" time="0.008" /><testcase classname="tests.unit.test_core_startup_factories2" name="test_resolve_clock_start_time_pending_placeholder" time="0.008" /><testcase classname="tests.unit.test_core_startup_factories2" name="test_validate_oanda_account_pending_no_crash" time="0.008" /><testcase classname="tests.unit.test_core_startup_factories2" name="test_connect_paper_broker_no_oanda_creds" time="0.016" /><testcase classname="tests.unit.test_core_startup_factories2" name="test_connect_paper_broker_with_creds" time="0.016" /><testcase classname="tests.unit.test_core_startup_factories2" name="test_init_prop_enforcer_no_kill_switch" time="0.009" /><testcase classname="tests.unit.test_core_startup_factories2" name="test_init_prop_enforcer_with_kill_switch" time="0.011" /><testcase classname="tests.unit.test_core_startup_factories2" name="test_init_aml_no_crash" time="0.008" /><testcase classname="tests.unit.test_core_startup_factories2" name="test_init_strategy_brain_returns_brain" time="0.010" /><testcase classname="tests.unit.test_core_startup_factories2" name="test_init_anomaly_store_disabled" time="0.010" /><testcase classname="tests.unit.test_core_startup_factories2" name="test_init_online_learner_store_disabled" time="0.010" /><testcase classname="tests.unit.test_core_startup_factories2" name="test_init_deep_ensemble_store_disabled" time="0.008" /><testcase classname="tests.unit.test_core_startup_factories2" name="test_init_macro_store_returns_store" time="1.194" /><testcase classname="tests.unit.test_core_startup_factories2" name="test_init_risk_manager_returns_manager" time="0.010" /><testcase classname="tests.unit.test_core_startup_factories2" name="test_start_oanda_paper_clock_no_crash" time="0.006" /><testcase classname="tests.unit.test_core_startup_factories2" name="test_run_startup_stress_tests_with_config" time="0.014" /><testcase classname="tests.unit.test_core_startup_factories2" name="test_config_database_defaults_get_connection_string" time="0.007" /><testcase classname="tests.unit.test_core_startup_factories2" name="test_config_database_defaults_no_url" time="0.006" /><testcase classname="tests.unit.test_core_startup_factories2" name="test_config_namespace_wraps_dict" time="0.007" /><testcase classname="tests.unit.test_core_startup_factories2" name="test_config_namespace_empty_dict" time="0.007" /><testcase classname="tests.unit.test_core_startup_factories2" name="test_init_config_returns_namespace" time="0.010" /><testcase classname="tests.unit.test_core_startup_factories2" name="test_init_secrets_manager_no_crash" time="0.011" /><testcase classname="tests.unit.test_core_startup_factories2" name="test_init_performance_monitor_no_crash" time="0.010" /><testcase classname="tests.unit.test_core_startup_factories2" name="test_init_outbox_relay_no_crash" time="0.008" /><testcase classname="tests.unit.test_core_startup_factories2" name="test_init_position_manager_no_crash" time="0.016" /><testcase classname="tests.unit.test_core_startup_factories2" name="test_init_position_tracker_no_crash" time="0.008" /><testcase classname="tests.unit.test_core_startup_factories2" name="test_init_trade_executor_no_crash" time="0.008" /><testcase classname="tests.unit.test_core_startup_factories2" name="test_init_wallet_no_crash" time="0.008" /><testcase classname="tests.unit.test_core_startup_factories2" name="test_init_regime_router_no_crash" time="0.009" /><testcase classname="tests.unit.test_core_startup_factories2" name="test_init_inference_engine_no_crash" time="0.011" /><testcase classname="tests.unit.test_core_startup_factories2" name="test_init_mtf_store_no_crash" time="0.228" /><testcase classname="tests.unit.test_core_startup_factories3" name="test_init_env_dev_no_jwt" time="0.014" /><testcase classname="tests.unit.test_core_startup_factories3" name="test_init_env_dev_with_jwt" time="0.013" /><testcase classname="tests.unit.test_core_startup_factories3" name="test_init_env_production_exits_without_jwt" time="0.013" /><testcase classname="tests.unit.test_core_startup_factories3" name="test_init_model_registry_import_error" time="0.011" /><testcase classname="tests.unit.test_core_startup_factories3" name="test_init_model_registry_no_active_version" time="0.011" /><testcase classname="tests.unit.test_core_startup_factories3" name="test_init_model_registry_integrity_ok" time="0.010" /><testcase classname="tests.unit.test_core_startup_factories3" name="test_init_model_registry_integrity_fail_dev" time="0.011" /><testcase classname="tests.unit.test_core_startup_factories3" name="test_init_config_returns_namespace" time="0.010" /><testcase classname="tests.unit.test_core_startup_factories3" name="test_init_cache_no_redis" time="11.154" /><testcase classname="tests.unit.test_core_startup_factories3" name="test_init_compliance_no_crash" time="0.010" /><testcase classname="tests.unit.test_core_startup_factories3" name="test_init_aml_no_crash" time="0.009" /><testcase classname="tests.unit.test_core_startup_factories3" name="test_init_social_no_crash" time="0.009" /><testcase classname="tests.unit.test_core_startup_factories3" name="test_init_wallet_no_crash" time="0.009" /><testcase classname="tests.unit.test_core_startup_factories3" name="test_init_telegram_bot_no_token" time="0.009" /><testcase classname="tests.unit.test_core_startup_factories3" name="test_init_telegram_bot_with_token" time="0.010" /><testcase classname="tests.unit.test_core_startup_factories3" name="test_init_hyperopt_no_crash" time="0.015" /><testcase classname="tests.unit.test_core_startup_factories3" name="test_init_research_flag_disabled" time="0.010" /><testcase classname="tests.unit.test_core_startup_factories3" name="test_init_research_flag_enabled_import_error" time="0.033" /><testcase classname="tests.unit.test_core_startup_factories3" name="test_init_explainability_flag_disabled" time="0.010" /><testcase classname="tests.unit.test_core_startup_factories3" name="test_init_transparency_flag_disabled" time="0.009" /><testcase classname="tests.unit.test_core_startup_factories3" name="test_init_teams_flag_disabled" time="0.008" /><testcase classname="tests.unit.test_core_startup_factories3" name="test_init_nocode_flag_disabled" time="0.009" /><testcase classname="tests.unit.test_core_startup_factories3" name="test_init_replay_flag_disabled" time="0.009" /><testcase classname="tests.unit.test_core_startup_factories3" name="test_init_ml_predictions_flag_disabled" time="0.008" /><testcase classname="tests.unit.test_core_startup_factories3" name="test_init_daily_online_learner_disabled" time="0.009" /><testcase classname="tests.unit.test_core_startup_factories3" name="test_init_security_brain_import_error" time="0.010" /><testcase classname="tests.unit.test_core_startup_factories3" name="test_init_self_healer_no_crash" time="0.014" /><testcase classname="tests.unit.test_core_startup_factories3" name="test_init_antivirus_no_crash" time="0.013" /><testcase classname="tests.unit.test_core_startup_factories3" name="test_init_chaos_controller_no_crash" time="0.016" /><testcase classname="tests.unit.test_core_startup_factories3" name="test_init_hot_standby_no_crash" time="0.015" /><testcase classname="tests.unit.test_core_startup_factories3" name="test_init_tick_feed_no_crash" time="0.015" /><testcase classname="tests.unit.test_core_startup_factories3" name="test_init_factor_engine_no_crash" time="0.072" /><testcase classname="tests.unit.test_core_startup_factories3" name="test_init_portfolio_rebalancer_no_crash" time="0.014" /><testcase classname="tests.unit.test_core_startup_factories3" name="test_init_feature_engineer_no_orchestrator" time="0.013" /><testcase classname="tests.unit.test_core_startup_factories3" name="test_init_decision_engine_no_brain" time="0.013" /><testcase classname="tests.unit.test_core_startup_factories3" name="test_init_reconciler_no_crash" time="0.018" /><testcase classname="tests.unit.test_core_startup_factories3" name="test_init_mobile_no_crash" time="0.039" /><testcase classname="tests.unit.test_core_startup_factories3" name="test_init_outbox_relay_no_crash" time="0.013" /><testcase classname="tests.unit.test_core_startup_factories3" name="test_init_event_store_no_crash" time="0.010" /><testcase classname="tests.unit.test_core_startup_factories3" name="test_init_performance_monitor_no_crash" time="0.011" /><testcase classname="tests.unit.test_core_startup_factories3" name="test_init_regime_router_no_crash" time="0.010" /><testcase classname="tests.unit.test_core_startup_factories3" name="test_init_macro_store_no_crash" time="0.452" /><testcase classname="tests.unit.test_core_startup_factories3" name="test_init_mtf_store_no_crash" time="0.184" /><testcase classname="tests.unit.test_core_startup_factories3" name="test_init_inference_engine_no_crash" time="0.012" /><testcase classname="tests.unit.test_core_startup_factories3" name="test_init_anomaly_store_disabled" time="0.010" /><testcase classname="tests.unit.test_core_startup_factories3" name="test_init_online_learner_store_disabled" time="0.010" /><testcase classname="tests.unit.test_core_startup_factories3" name="test_init_deep_ensemble_store_no_crash" time="0.011" /><testcase classname="tests.unit.test_core_startup_factories3" name="test_init_signal_engine_no_crash" time="0.011" /><testcase classname="tests.unit.test_core_startup_factories3" name="test_init_auth_no_crash" time="1.574" /><testcase classname="tests.unit.test_core_startup_factories3" name="test_init_risk_manager_no_crash" time="0.011" /><testcase classname="tests.unit.test_core_startup_factories3" name="test_init_strategy_brain_no_crash" time="0.017" /><testcase classname="tests.unit.test_core_startup_factories3" name="test_init_secrets_manager_no_crash" time="0.012" /><testcase classname="tests.unit.test_core_startup_factories3" name="test_init_position_manager_no_crash" time="0.018" /><testcase classname="tests.unit.test_core_startup_factories3" name="test_init_position_tracker_no_crash" time="0.009" /><testcase classname="tests.unit.test_core_startup_factories3" name="test_init_trade_executor_no_crash" time="0.009" /><testcase classname="tests.unit.test_core_startup_factories3" name="test_init_hopefx_brain_no_crash" time="0.016" /><testcase classname="tests.unit.test_core_startup_factories3" name="test_run_startup_stress_tests_with_mock_rm" time="0.013" /><testcase classname="tests.unit.test_core_startup_factories3" name="test_run_startup_stress_tests_import_error" time="0.009" /><testcase classname="tests.unit.test_core_startup_factories3" name="test_run_startup_stress_tests_zero_balance" time="0.011" /><testcase classname="tests.unit.test_core_startup_factories3" name="test_get_broker_manager_no_broker" time="0.008" /><testcase classname="tests.unit.test_core_startup_factories3" name="test_create_app_state_returns_instance" time="0.007" /><testcase classname="tests.unit.test_core_startup_factories3" name="test_build_component_registry_returns_registry" time="0.009" /><testcase classname="tests.unit.test_core_strategy_orchestra" name="test_strategy_performance_defaults" time="0.008" /><testcase classname="tests.unit.test_core_strategy_orchestra" name="test_register_strategy_adds_to_dict" time="0.010" /><testcase classname="tests.unit.test_core_strategy_orchestra" name="test_register_strategy_creates_performance" time="0.009" /><testcase classname="tests.unit.test_core_strategy_orchestra" name="test_register_multiple_strategies" time="0.013" /><testcase classname="tests.unit.test_core_strategy_orchestra" name="test_regime_suitability_trend_strategy" time="0.009" /><testcase classname="tests.unit.test_core_strategy_orchestra" name="test_regime_suitability_mean_reversion" time="0.009" /><testcase classname="tests.unit.test_core_strategy_orchestra" name="test_regime_suitability_breakout" time="0.010" /><testcase classname="tests.unit.test_core_strategy_orchestra" name="test_regime_suitability_default" time="0.011" /><testcase classname="tests.unit.test_core_strategy_orchestra" name="test_activate_strategy" time="0.011" /><testcase classname="tests.unit.test_core_strategy_orchestra" name="test_activate_strategy_not_registered" time="0.008" /><testcase classname="tests.unit.test_core_strategy_orchestra" name="test_deactivate_strategy" time="0.014" /><testcase classname="tests.unit.test_core_strategy_orchestra" name="test_deactivate_strategy_not_registered" time="0.007" /><testcase classname="tests.unit.test_core_strategy_orchestra" name="test_activate_idempotent" time="0.012" /><testcase classname="tests.unit.test_core_strategy_orchestra" name="test_distribute_price_no_active_strategies" time="0.008" /><testcase classname="tests.unit.test_core_strategy_orchestra" name="test_distribute_price_with_buy_strategy" time="0.014" /><testcase classname="tests.unit.test_core_strategy_orchestra" name="test_distribute_price_with_null_strategy" time="0.011" /><testcase classname="tests.unit.test_core_strategy_orchestra" name="test_distribute_price_signal_buffer_capped_at_100" time="0.227" /><testcase classname="tests.unit.test_core_strategy_orchestra" name="test_distribute_price_strategy_error_non_fatal" time="0.011" /><testcase classname="tests.unit.test_core_strategy_orchestra" name="test_composite_signal_no_active_strategies" time="0.012" /><testcase classname="tests.unit.test_core_strategy_orchestra" name="test_composite_signal_with_zero_weight" time="0.014" /><testcase classname="tests.unit.test_core_strategy_orchestra" name="test_composite_signal_with_positive_sharpe" time="0.024" /><testcase classname="tests.unit.test_core_strategy_orchestra" name="test_on_position_closed_updates_performance" time="0.014" /><testcase classname="tests.unit.test_core_strategy_orchestra" name="test_on_position_closed_unknown_strategy" time="0.011" /><testcase classname="tests.unit.test_core_strategy_orchestra" name="test_on_position_closed_zero_entry_price" time="0.015" /><testcase classname="tests.unit.test_core_strategy_orchestra" name="test_on_regime_change_updates_current_regime" time="0.014" /><testcase classname="tests.unit.test_core_strategy_orchestra" name="test_on_regime_change_activates_suitable_strategy" time="0.017" /><testcase classname="tests.unit.test_core_strategy_orchestra" name="test_on_regime_change_deactivates_unsuitable_strategy" time="0.016" /><testcase classname="tests.unit.test_core_strategy_orchestra" name="test_get_heatmap_data_empty" time="0.008" /><testcase classname="tests.unit.test_core_strategy_orchestra" name="test_get_heatmap_data_with_strategies" time="0.011" /><testcase classname="tests.unit.test_core_strategy_orchestra" name="test_attach_rebalancer_returns_none_on_import_error" time="0.008" /><testcase classname="tests.unit.test_core_strategy_orchestra" name="test_attach_rebalancer_with_mock" time="0.010" /><testcase classname="tests.unit.test_core_strategy_orchestra" name="test_run_rebalance_no_rebalancer" time="0.008" /><testcase classname="tests.unit.test_core_strategy_orchestra" name="test_run_rebalance_with_mock_rebalancer" time="0.008" /><testcase classname="tests.unit.test_core_strategy_orchestra" name="test_run_rebalance_applies_weights" time="0.015" /><testcase classname="tests.unit.test_core_strategy_orchestra" name="test_get_rebalancer_status_no_rebalancer" time="0.008" /><testcase classname="tests.unit.test_core_strategy_orchestra" name="test_get_rebalancer_status_with_rebalancer" time="0.009" /><testcase classname="tests.unit.test_core_strategy_orchestra" name="test_set_and_get_shared_orchestra" time="0.008" /><testcase classname="tests.unit.test_core_strategy_orchestra" name="test_get_shared_orchestra_falls_back_to_app_state" time="0.008" /><testcase classname="tests.unit.test_core_strategy_orchestra" name="test_on_position_closed_feeds_rebalancer_after_5_fills" time="0.029" /><testcase classname="tests.unit.test_coverage_boost_backtest_market.TestBacktestEngine" name="test_run_all_flat_signals" time="0.015" /><testcase classname="tests.unit.test_coverage_boost_backtest_market.TestBacktestEngine" name="test_run_all_long_signals" time="0.016" /><testcase classname="tests.unit.test_coverage_boost_backtest_market.TestBacktestEngine" name="test_run_alternating_signals" time="0.013" /><testcase classname="tests.unit.test_coverage_boost_backtest_market.TestBacktestEngine" name="test_equity_curve_length" time="0.011" /><testcase classname="tests.unit.test_coverage_boost_backtest_market.TestBacktestEngine" name="test_commission_applied" time="0.013" /><testcase classname="tests.unit.test_coverage_boost_backtest_market.TestBacktestEngine" name="test_overnight_cost_applied" time="0.012" /><testcase classname="tests.unit.test_coverage_boost_backtest_market.TestBacktestEngine" name="test_backtest_result_dataclass" time="0.008" /><testcase classname="tests.unit.test_coverage_boost_backtest_market.TestBacktestEngine" name="test_short_signals" time="0.011" /><testcase classname="tests.unit.test_coverage_boost_backtest_market.TestBacktestEngine" name="test_mixed_long_short" time="0.013" /><testcase classname="tests.unit.test_coverage_boost_backtest_market.TestBacktestEngine" name="test_callable_signals" time="0.012" /><testcase classname="tests.unit.test_coverage_boost_backtest_market.TestBacktestEngine" name="test_monte_carlo_analysis" time="0.013" /><testcase classname="tests.unit.test_coverage_boost_backtest_market.TestIBKRFeedClasses" name="test_tick_mid" time="0.007" /><testcase classname="tests.unit.test_coverage_boost_backtest_market.TestIBKRFeedClasses" name="test_tick_spread" time="0.007" /><testcase classname="tests.unit.test_coverage_boost_backtest_market.TestIBKRFeedClasses" name="test_tick_spread_bps" time="0.007" /><testcase classname="tests.unit.test_coverage_boost_backtest_market.TestIBKRFeedClasses" name="test_tick_to_dict" time="0.007" /><testcase classname="tests.unit.test_coverage_boost_backtest_market.TestIBKRFeedClasses" name="test_ohlcv_bar_dataclass" time="0.008" /><testcase classname="tests.unit.test_coverage_boost_backtest_market.TestIBKRFeedClasses" name="test_feed_status_enum" time="0.007" /><testcase classname="tests.unit.test_coverage_boost_backtest_market.TestIBKRFeedClasses" name="test_feed_health_dataclass" time="0.007" /><testcase classname="tests.unit.test_coverage_boost_backtest_market.TestIBKRFeedClasses" name="test_tick_validator_valid" time="0.006" /><testcase classname="tests.unit.test_coverage_boost_backtest_market.TestIBKRFeedClasses" name="test_tick_validator_zero_bid_invalid" time="0.008" /><testcase classname="tests.unit.test_coverage_boost_backtest_market.TestIBKRFeedClasses" name="test_tick_validator_inverted_spread" time="0.007" /><testcase classname="tests.unit.test_coverage_boost_backtest_market.TestIBKRFeedClasses" name="test_tick_validator_stale" time="0.007" /><testcase classname="tests.unit.test_coverage_boost_backtest_market.TestIBKRFeedClasses" name="test_tick_validator_price_jump" time="0.007" /><testcase classname="tests.unit.test_coverage_boost_backtest_market.TestIBKRFeedClasses" name="test_ohlcv_aggregator_init" time="0.007" /><testcase classname="tests.unit.test_coverage_boost_backtest_market.TestIBKRFeedClasses" name="test_ohlcv_aggregator_on_tick" time="0.007" /><testcase classname="tests.unit.test_coverage_boost_backtest_market.TestIBKRFeedClasses" name="test_redis_tick_publisher_init_no_redis" time="0.007" /><testcase classname="tests.unit.test_coverage_boost_backtest_market.TestIBKRFeedClasses" name="test_ibkr_market_data_feed_init" time="0.008" /><testcase classname="tests.unit.test_coverage_boost_backtest_market.TestIBKRFeedClasses" name="test_ibkr_feed_get_health" time="0.008" /><testcase classname="tests.unit.test_coverage_boost_backtest_market.TestIBKRFeedClasses" name="test_ibkr_feed_get_latest_tick_none" time="0.008" /><testcase classname="tests.unit.test_coverage_boost_backtest_market.TestIBKRFeedClasses" name="test_ibkr_feed_get_recent_ticks_empty" time="0.008" /><testcase classname="tests.unit.test_coverage_boost_backtest_market.TestIBKRFeedClasses" name="test_ibkr_feed_get_current_bar_none" time="0.009" /><testcase classname="tests.unit.test_coverage_boost_backtest_market.TestIBKRFeedClasses" name="test_ibkr_feed_is_live_false" time="0.009" /><testcase classname="tests.unit.test_coverage_boost_backtest_market.TestIBKRFeedClasses" name="test_ibkr_feed_symbol_property" time="0.009" /><testcase classname="tests.unit.test_coverage_boost_execution.TestAsyncEngineShutdown" name="test_submit_order_raises_when_shutdown" time="0.010" /><testcase classname="tests.unit.test_coverage_boost_execution.TestAsyncEngineShutdown" name="test_cancel_order_not_found_returns_false" time="0.009" /><testcase classname="tests.unit.test_coverage_boost_execution.TestAsyncEngineShutdown" name="test_cancel_order_no_venue_returns_false" time="0.009" /><testcase classname="tests.unit.test_coverage_boost_execution.TestAsyncEngineShutdown" name="test_get_positions_cached" time="0.009" /><testcase classname="tests.unit.test_coverage_boost_execution.TestAsyncEngineShutdown" name="test_get_positions_empty_brokers" time="0.009" /><testcase classname="tests.unit.test_coverage_boost_execution.TestAsyncEngineShutdown" name="test_batch_submit_returns_list" time="0.010" /><testcase classname="tests.unit.test_coverage_boost_execution.TestAsyncEngineShutdown" name="test_latency_report_empty" time="0.009" /><testcase classname="tests.unit.test_coverage_boost_execution.TestAsyncEngineShutdown" name="test_modify_order_not_found_returns_false" time="0.009" /><testcase classname="tests.unit.test_coverage_boost_execution.TestAsyncEngineShutdown" name="test_simulate_fill_no_market_data_rejects" time="0.019" /><testcase classname="tests.unit.test_coverage_boost_execution.TestAsyncEngineShutdown" name="test_simulate_fill_market_order_fills" time="2.259" /><testcase classname="tests.unit.test_coverage_boost_execution.TestAsyncEngineShutdown" name="test_simulate_fill_sell_order" time="2.259" /><testcase classname="tests.unit.test_coverage_boost_execution.TestAsyncEngineShutdown" name="test_simulate_fill_limit_order_hit" time="2.260" /><testcase classname="tests.unit.test_coverage_boost_execution.TestAsyncEngineShutdown" name="test_pre_trade_check_position_limit" time="0.008" /><testcase classname="tests.unit.test_coverage_boost_execution.TestAsyncEngineShutdown" name="test_pre_trade_check_price_deviation" time="0.009" /><testcase classname="tests.unit.test_coverage_boost_execution.TestAsyncEngineShutdown" name="test_close_all_positions_empty" time="0.009" /><testcase classname="tests.unit.test_coverage_boost_execution.TestAsyncEngineShutdown" name="test_shutdown_sets_flag" time="0.010" /><testcase classname="tests.unit.test_coverage_boost_execution.TestAsyncEngineShutdown" name="test_select_venue_no_brokers" time="0.007" /><testcase classname="tests.unit.test_coverage_boost_execution.TestAsyncEngineShutdown" name="test_get_backup_venue" time="0.007" /><testcase classname="tests.unit.test_coverage_boost_execution.TestAsyncEngineShutdown" name="test_get_backup_venue_none_when_single" time="0.007" /><testcase classname="tests.unit.test_coverage_boost_execution.TestAsyncEngineShutdown" name="test_format_order" time="0.008" /><testcase classname="tests.unit.test_coverage_boost_execution.TestAsyncEngineShutdown" name="test_on_fill_callback_called" time="2.259" /><testcase classname="tests.unit.test_coverage_boost_execution.TestAsyncEngineShutdown" name="test_on_order_update_callback_called" time="2.260" /><testcase classname="tests.unit.test_coverage_boost_execution.TestAsyncEngineShutdown" name="test_on_fill_callback_error_suppressed" time="2.261" /><testcase classname="tests.unit.test_coverage_boost_execution.TestAsyncEngineShutdown" name="test_initialize_paper_mode" time="0.011" /><testcase classname="tests.unit.test_coverage_boost_execution.TestAsyncEngineShutdown" name="test_order_remaining_qty" time="0.009" /><testcase classname="tests.unit.test_coverage_boost_execution.TestAsyncEngineShutdown" name="test_order_status_enum_values" time="0.007" /><testcase classname="tests.unit.test_coverage_boost_ml.TestMtfHelpers" name="test_resample_ohlcv_weekly" time="0.018" /><testcase classname="tests.unit.test_coverage_boost_ml.TestMtfHelpers" name="test_resample_ohlcv_monthly" time="0.015" /><testcase classname="tests.unit.test_coverage_boost_ml.TestMtfHelpers" name="test_align_to_daily" time="0.014" /><testcase classname="tests.unit.test_coverage_boost_ml.TestMtfHelpers" name="test_ema" time="0.009" /><testcase classname="tests.unit.test_coverage_boost_ml.TestMtfHelpers" name="test_rsi_range" time="0.010" /><testcase classname="tests.unit.test_coverage_boost_ml.TestMtfHelpers" name="test_atr_positive" time="0.011" /><testcase classname="tests.unit.test_coverage_boost_ml.TestMtfHelpers" name="test_zscore" time="0.009" /><testcase classname="tests.unit.test_coverage_boost_ml.TestMtfHelpers" name="test_adx_range" time="0.013" /><testcase classname="tests.unit.test_coverage_boost_ml.TestMtfHelpers" name="test_hurst_proxy" time="0.011" /><testcase classname="tests.unit.test_coverage_boost_ml.TestMtfHelpers" name="test_hurst_proxy_short_series" time="0.009" /><testcase classname="tests.unit.test_coverage_boost_ml.TestBuildMtfFeatures" name="test_returns_dataframe_with_mtf_columns" time="0.145" /><testcase classname="tests.unit.test_coverage_boost_ml.TestBuildMtfFeatures" name="test_preserves_row_count" time="0.133" /><testcase classname="tests.unit.test_coverage_boost_ml.TestBuildMtfFeatures" name="test_date_column_preserved" time="0.139" /><testcase classname="tests.unit.test_coverage_boost_ml.TestBuildMtfFeatures" name="test_alignment_score_bounded" time="0.141" /><testcase classname="tests.unit.test_coverage_boost_ml.TestBuildMtfFeatures" name="test_confluence_columns_present" time="0.136" /><testcase classname="tests.unit.test_coverage_boost_ml.TestBuildMtfFeatures" name="test_seasonal_columns" time="0.142" /><testcase classname="tests.unit.test_coverage_boost_ml.TestBuildMtfFeatures" name="test_no_inf_values" time="0.152" /><testcase classname="tests.unit.test_coverage_boost_ml.TestBuildMtfFeatures" name="test_minimum_rows" time="0.125" /><testcase classname="tests.unit.test_coverage_boost_ml.TestMacroBootstrap" name="test_bootstrap_skips_fresh_files" time="0.010" /><testcase classname="tests.unit.test_coverage_boost_ml.TestMacroBootstrap" name="test_bootstrap_force_fetches" time="0.020" /><testcase classname="tests.unit.test_coverage_boost_ml.TestMacroBootstrap" name="test_bootstrap_handles_fetch_failure" time="0.011" /><testcase classname="tests.unit.test_coverage_boost_ml.TestMacroBootstrap" name="test_daily_refresh_calls_bootstrap_force" time="0.010" /><testcase classname="tests.unit.test_coverage_boost_ml.TestMacroBootstrap" name="test_fetch_series_no_yfinance" time="0.008" /><testcase classname="tests.unit.test_coverage_boost_ml.TestMacroBootstrap" name="test_fetch_series_yfinance_empty" time="0.010" /><testcase classname="tests.unit.test_coverage_boost_ml.TestMacroBootstrap" name="test_fetch_series_yfinance_success" time="0.012" /><testcase classname="tests.unit.test_coverage_boost_ml.TestMacroBootstrap" name="test_load_into_store" time="0.010" /><testcase classname="tests.unit.test_coverage_boost_ml.TestMacroBootstrap" name="test_load_into_store_partial" time="0.010" /><testcase classname="tests.unit.test_coverage_boost_ml.TestHourlyTrainerInit" name="test_default_construction" time="0.007" /><testcase classname="tests.unit.test_coverage_boost_ml.TestHourlyTrainerInit" name="test_custom_construction" time="0.007" /><testcase classname="tests.unit.test_coverage_boost_ml.TestHourlyTrainerInit" name="test_status_returns_dict" time="0.007" /><testcase classname="tests.unit.test_coverage_boost_ml.TestHourlyTrainerInit" name="test_get_hourly_trainer_singleton" time="0.007" /><testcase classname="tests.unit.test_coverage_boost_ml.TestHourlyTrainerAsync" name="test_start_disabled_returns_immediately" time="0.010" /><testcase classname="tests.unit.test_coverage_boost_ml.TestHourlyTrainerAsync" name="test_stop_sets_running_false" time="0.009" /><testcase classname="tests.unit.test_coverage_boost_ml.TestHourlyTrainerAsync" name="test_run_cycle_increments_counters" time="0.008" /><testcase classname="tests.unit.test_coverage_boost_ml.TestHourlyTrainerAsync" name="test_run_cycle_skips_full_retrain_when_recent" time="0.008" /><testcase classname="tests.unit.test_coverage_boost_ml.TestHourlyTrainerAsync" name="test_fetch_recent_bars_missing_csv" time="0.009" /><testcase classname="tests.unit.test_coverage_boost_ml.TestHourlyTrainerAsync" name="test_fetch_recent_bars_with_csv" time="0.017" /><testcase classname="tests.unit.test_coverage_boost_ml.TestHourlyTrainerAsync" name="test_online_update_no_learner" time="0.009" /><testcase classname="tests.unit.test_coverage_boost_ml.TestHourlyTrainerAsync" name="test_online_update_import_error" time="0.010" /><testcase classname="tests.unit.test_coverage_boost_ml.TestHourlyTrainerAsync" name="test_reload_live_inference_handles_exception" time="0.011" /><testcase classname="tests.unit.test_coverage_boost_ml.TestHourlyTrainerAsync" name="test_loop_stops_when_running_false" time="0.009" /><testcase classname="tests.unit.test_coverage_boost_ml.TestRunTrainingLoadH1Csv" name="test_load_h1_csv_missing_file" time="0.009" /><testcase classname="tests.unit.test_coverage_boost_ml.TestRunTrainingLoadH1Csv" name="test_load_h1_csv_valid" time="0.018" /><testcase classname="tests.unit.test_coverage_boost_ml.TestRunTrainingLoadH1Csv" name="test_load_h1_csv_missing_columns" time="0.013" /><testcase classname="tests.unit.test_coverage_boost_ml.TestRunTrainingLoadH1Csv" name="test_load_h1_csv_no_volume_column" time="0.016" /><testcase classname="tests.unit.test_coverage_boost_ml.TestRunTrainingLoadData" name="test_load_data_explicit_csv" time="0.017" /><testcase classname="tests.unit.test_coverage_boost_ml.TestRunTrainingLoadData" name="test_load_data_h1_csv_fallback" time="0.014" /><testcase classname="tests.unit.test_coverage_boost_ml.TestRunTrainingLoadData" name="test_load_data_yfinance_fallback" time="0.010" /><testcase classname="tests.unit.test_coverage_boost_ml.TestFetchOhlcvYfinance" name="test_raises_when_yfinance_missing" time="0.009" /><testcase classname="tests.unit.test_coverage_boost_ml.TestFetchOhlcvYfinance" name="test_raises_on_empty_data" time="0.010" /><testcase classname="tests.unit.test_coverage_boost_ml.TestFetchOhlcvYfinance" name="test_returns_dataframe_on_success" time="0.012" /><testcase classname="tests.unit.test_coverage_boost_ml.TestRunPipeline" name="test_run_pipeline_with_csv" time="0.057" /><testcase classname="tests.unit.test_coverage_boost_ml2.TestAdvancedFeatureEngineer" name="test_engineer_features_returns_dataframe" time="0.266" /><testcase classname="tests.unit.test_coverage_boost_ml2.TestAdvancedFeatureEngineer" name="test_engineer_features_without_advanced" time="0.140" /><testcase classname="tests.unit.test_coverage_boost_ml2.TestAdvancedFeatureEngineer" name="test_engineer_features_adds_columns" time="0.263" /><testcase classname="tests.unit.test_coverage_boost_ml2.TestAdvancedFeatureEngineer" name="test_engineer_features_no_inf" time="0.271" /><testcase classname="tests.unit.test_coverage_boost_ml2.TestAdvancedFeatureEngineer" name="test_engineer_features_small_df" time="0.084" /><testcase classname="tests.unit.test_coverage_boost_ml2.TestTechnicalIndicators" name="test_sma" time="0.007" /><testcase classname="tests.unit.test_coverage_boost_ml2.TestTechnicalIndicators" name="test_ema" time="0.007" /><testcase classname="tests.unit.test_coverage_boost_ml2.TestTechnicalIndicators" name="test_rsi_range" time="0.008" /><testcase classname="tests.unit.test_coverage_boost_ml2.TestTechnicalIndicators" name="test_bollinger_bands" time="0.008" /><testcase classname="tests.unit.test_coverage_boost_ml2.TestTechnicalIndicators" name="test_macd" time="0.007" /><testcase classname="tests.unit.test_coverage_boost_ml2.TestTechnicalIndicators" name="test_atr" time="0.009" /><testcase classname="tests.unit.test_coverage_boost_ml2.TestFeatureVector" name="test_to_array" time="0.007" /><testcase classname="tests.unit.test_coverage_boost_ml2.TestFeatureVector" name="test_to_dict" time="0.007" /><testcase classname="tests.unit.test_coverage_boost_ml2.TestFeatureEngineer" name="test_extract_features_returns_vector" time="0.033" /><testcase classname="tests.unit.test_coverage_boost_ml2.TestFeatureEngineer" name="test_extract_features_insufficient_data" time="0.010" /><testcase classname="tests.unit.test_coverage_boost_ml2.TestFeatureEngineer" name="test_extract_features_with_order_book" time="0.034" /><testcase classname="tests.unit.test_coverage_boost_ml2.TestModelPerformanceMonitor" name="test_record_trade_no_version" time="0.007" /><testcase classname="tests.unit.test_coverage_boost_ml2.TestModelPerformanceMonitor" name="test_record_trade_creates_window" time="0.006" /><testcase classname="tests.unit.test_coverage_boost_ml2.TestModelPerformanceMonitor" name="test_on_model_promoted" time="0.008" /><testcase classname="tests.unit.test_coverage_boost_ml2.TestModelPerformanceMonitor" name="test_get_stats_empty" time="0.008" /><testcase classname="tests.unit.test_coverage_boost_ml2.TestModelPerformanceMonitor" name="test_get_stats_with_trades" time="0.007" /><testcase classname="tests.unit.test_coverage_boost_ml2.TestModelPerformanceMonitor" name="test_status_returns_dict" time="0.009" /><testcase classname="tests.unit.test_coverage_boost_ml2.TestModelPerformanceMonitor" name="test_stop_sets_running_false" time="0.007" /><testcase classname="tests.unit.test_coverage_boost_ml2.TestModelPerformanceMonitor" name="test_get_monitor_returns_instance" time="0.009" /><testcase classname="tests.unit.test_coverage_boost_ml2.TestModelPerformanceMonitor" name="test_evaluate_no_versions" time="0.009" /><testcase classname="tests.unit.test_coverage_boost_ml2.TestModelPerformanceMonitor" name="test_evaluate_insufficient_trades" time="0.010" /><testcase classname="tests.unit.test_coverage_boost_ml2.TestModelPerformanceMonitor" name="test_run_stops_on_cancel" time="0.020" /><testcase classname="tests.unit.test_coverage_boost_ml2.TestMarketRegime" name="test_enum_values" time="0.007" /><testcase classname="tests.unit.test_coverage_boost_ml2.TestMarketRegime" name="test_regime_result_dataclass" time="0.007" /><testcase classname="tests.unit.test_coverage_boost_ml2.TestRegimeDetector" name="test_init" time="0.008" /><testcase classname="tests.unit.test_coverage_boost_ml2.TestRegimeDetector" name="test_detect_unfitted_returns_unknown" time="0.009" /><testcase classname="tests.unit.test_coverage_boost_ml2.TestRegimeDetector" name="test_fit_sets_is_fitted" time="0.082" /><testcase classname="tests.unit.test_coverage_boost_ml2.TestRegimeDetector" name="test_classify_volatility_high" time="0.006" /><testcase classname="tests.unit.test_coverage_boost_ml2.TestRegimeDetector" name="test_classify_volatility_low" time="0.006" /><testcase classname="tests.unit.test_coverage_boost_ml2.TestRegimeDetector" name="test_classify_volatility_unknown" time="0.006" /><testcase classname="tests.unit.test_coverage_boost_ml2.TestRegimeDetector" name="test_calculate_duration_empty_history" time="0.010" /><testcase classname="tests.unit.test_coverage_boost_ml2.TestRegimeDetector" name="test_calculate_duration_with_history" time="0.007" /><testcase classname="tests.unit.test_coverage_boost_ml2.TestRegimeDetector" name="test_estimate_transition_empty" time="0.011" /><testcase classname="tests.unit.test_coverage_boost_ml2.TestRegimeDetector" name="test_estimate_transition_with_history" time="0.006" /><testcase classname="tests.unit.test_coverage_boost_ml2.TestRegimeDetector" name="test_load_no_file" time="0.010" /><testcase classname="tests.unit.test_coverage_boost_ml2.TestBacktestDataHandler" name="test_import" time="0.007" /><testcase classname="tests.unit.test_coverage_boost_ml2.TestBacktestDataHandler" name="test_init_with_mock_source" time="0.009" /><testcase classname="tests.unit.test_coverage_boost_ml2.TestBacktestDataHandler" name="test_load_data_empty_returns_error" time="0.010" /><testcase classname="tests.unit.test_coverage_boost_ml2.TestBacktestDataHandler" name="test_load_data_missing_columns" time="0.010" /><testcase classname="tests.unit.test_coverage_boost_ml2.TestBacktestDataHandler" name="test_load_data_success" time="0.015" /><testcase classname="tests.unit.test_coverage_boost_ml2.TestBacktestPortfolio" name="test_import" time="0.006" /><testcase classname="tests.unit.test_coverage_boost_ml2.TestBacktestPortfolio" name="test_init" time="0.008" /><testcase classname="tests.unit.test_coverage_boost_ml2.TestBacktestPortfolio" name="test_update_fill_buy" time="0.008" /><testcase classname="tests.unit.test_coverage_boost_ml2.TestBacktestPortfolio" name="test_update_fill_sell_closes_position" time="0.008" /><testcase classname="tests.unit.test_coverage_boost_ml2.TestBacktestPortfolio" name="test_get_equity_curve_empty" time="0.008" /><testcase classname="tests.unit.test_coverage_boost_ml2.TestBacktestPortfolio" name="test_update_equity" time="0.008" /><testcase classname="tests.unit.test_coverage_boost_ml2.TestWalkForwardEngine" name="test_import" time="0.007" /><testcase classname="tests.unit.test_coverage_boost_ml2.TestWalkForwardEngine" name="test_init" time="0.008" /><testcase classname="tests.unit.test_coverage_boost_ml2.TestWalkForwardEngine" name="test_run_insufficient_data" time="0.009" /><testcase classname="tests.unit.test_coverage_boost_ml2.TestWalkForwardEngine" name="test_walk_forward_result_class" time="0.008" /><testcase classname="tests.unit.test_coverage_boost_ml_features.TestFeaturesExtended" name="test_add_orderflow_features" time="0.028" /><testcase classname="tests.unit.test_coverage_boost_ml_features.TestFeaturesExtended" name="test_add_fractal_features" time="0.114" /><testcase classname="tests.unit.test_coverage_boost_ml_features.TestFeaturesExtended" name="test_add_fractal_features_smoke" time="0.012" /><testcase classname="tests.unit.test_coverage_boost_ml_features.TestFeaturesExtended" name="test_add_regime_interactions" time="0.034" /><testcase classname="tests.unit.test_coverage_boost_ml_features.TestFeaturesExtended" name="test_add_institutional_edge_features" time="0.046" /><testcase classname="tests.unit.test_coverage_boost_ml_features.TestFeaturesExtended" name="test_build_extended_features" time="0.696" /><testcase classname="tests.unit.test_coverage_boost_ml_features.TestFeaturesExtended" name="test_build_features_extended" time="0.680" /><testcase classname="tests.unit.test_coverage_boost_ml_features.TestFeaturesExtended" name="test_no_inf_values" time="0.698" /><testcase classname="tests.unit.test_coverage_boost_ml_features.TestFeaturesExtended" name="test_orderflow_zero_volume" time="0.029" /><testcase classname="tests.unit.test_coverage_boost_ml_features.TestFeaturesExtended" name="test_zscore_helper" time="0.010" /><testcase classname="tests.unit.test_coverage_boost_ml_features.TestFeaturesExtended" name="test_rolling_hfd" time="0.041" /><testcase classname="tests.unit.test_coverage_boost_ml_features.TestFeaturesExtended" name="test_rolling_dfa" time="0.008" /><testcase classname="tests.unit.test_coverage_boost_ml_features.TestFeaturesExtended" name="test_rolling_lyapunov" time="0.030" /><testcase classname="tests.unit.test_coverage_boost_ml_features.TestFeaturesExtended" name="test_rolling_perm_entropy" time="0.012" /><testcase classname="tests.unit.test_coverage_boost_ml_features.TestFeaturesExtended" name="test_rolling_recurrence" time="0.009" /><testcase classname="tests.unit.test_coverage_boost_ml_features.TestFeaturesExtended" name="test_rolling_wavelet_ratio" time="0.007" /><testcase classname="tests.unit.test_coverage_boost_ml_features.TestFeaturesExtended" name="test_rolling_corr_dim" time="0.022" /><testcase classname="tests.unit.test_coverage_boost_ml_features.TestFeaturesExtended" name="test_rolling_minmax_norm" time="0.008" /><testcase classname="tests.unit.test_coverage_boost_ml_features.TestFeaturesExtended" name="test_rolling_volume_profile" time="0.011" /><testcase classname="tests.unit.test_coverage_boost_ml_features.TestAdvancedFeatures" name="test_add_price_action_features" time="0.020" /><testcase classname="tests.unit.test_coverage_boost_ml_features.TestAdvancedFeatures" name="test_add_swing_features" time="0.015" /><testcase classname="tests.unit.test_coverage_boost_ml_features.TestAdvancedFeatures" name="test_add_mtf_momentum" time="0.014" /><testcase classname="tests.unit.test_coverage_boost_ml_features.TestAdvancedFeatures" name="test_add_volatility_regime" time="0.016" /><testcase classname="tests.unit.test_coverage_boost_ml_features.TestAdvancedFeatures" name="test_add_microstructure_features" time="0.015" /><testcase classname="tests.unit.test_coverage_boost_ml_features.TestAdvancedFeatures" name="test_add_calendar_features" time="0.014" /><testcase classname="tests.unit.test_coverage_boost_ml_features.TestAdvancedFeatures" name="test_add_trend_features" time="0.215" /><testcase classname="tests.unit.test_coverage_boost_ml_features.TestAdvancedFeatures" name="test_add_trend_features_smoke" time="0.025" /><testcase classname="tests.unit.test_coverage_boost_ml_features.TestAdvancedFeatures" name="test_add_intermarket_features" time="0.010" /><testcase classname="tests.unit.test_coverage_boost_ml_features.TestAdvancedFeatures" name="test_add_cot_proxy_features" time="0.013" /><testcase classname="tests.unit.test_coverage_boost_ml_features.TestAdvancedFeatures" name="test_build_advanced_features" time="0.487" /><testcase classname="tests.unit.test_coverage_boost_ml_features.TestAdvancedFeatures" name="test_build_filtered_target" time="0.015" /><testcase classname="tests.unit.test_coverage_boost_ml_features.TestAdvancedFeatures" name="test_atr_helper" time="0.011" /><testcase classname="tests.unit.test_coverage_boost_ml_features.TestAdvancedFeatures" name="test_zscore_helper" time="0.009" /><testcase classname="tests.unit.test_coverage_boost_ml_features.TestAdvancedFeatures" name="test_rolling_hurst" time="0.165" /><testcase classname="tests.unit.test_coverage_boost_ml_features.TestAdvancedFeatures" name="test_no_inf_in_advanced" time="0.524" /><testcase classname="tests.unit.test_coverage_boost_ml_misc.TestLSTMSignalLayer" name="test_init" time="0.008" /><testcase classname="tests.unit.test_coverage_boost_ml_misc.TestLSTMSignalLayer" name="test_load_returns_false_no_file" time="0.009" /><testcase classname="tests.unit.test_coverage_boost_ml_misc.TestLSTMSignalLayer" name="test_load_idempotent_after_fail" time="0.008" /><testcase classname="tests.unit.test_coverage_boost_ml_misc.TestLSTMSignalLayer" name="test_predict_model_unavailable_returns_neutral" time="0.010" /><testcase classname="tests.unit.test_coverage_boost_ml_misc.TestLSTMSignalLayer" name="test_predict_none_ohlcv_returns_neutral" time="0.008" /><testcase classname="tests.unit.test_coverage_boost_ml_misc.TestLSTMSignalLayer" name="test_predict_insufficient_bars" time="0.009" /><testcase classname="tests.unit.test_coverage_boost_ml_misc.TestLSTMSignalLayer" name="test_neutral_returns_correct_keys" time="0.009" /><testcase classname="tests.unit.test_coverage_boost_ml_misc.TestLSTMSignalLayer" name="test_neutral_none_ohlcv" time="0.007" /><testcase classname="tests.unit.test_coverage_boost_ml_misc.TestLSTMSignalLayer" name="test_stats_property" time="0.008" /><testcase classname="tests.unit.test_coverage_boost_ml_misc.TestLSTMSignalLayer" name="test_stats_abstain_rate_after_predict" time="0.009" /><testcase classname="tests.unit.test_coverage_boost_ml_misc.TestLSTMSignalLayer" name="test_is_available_false" time="0.007" /><testcase classname="tests.unit.test_coverage_boost_ml_misc.TestLSTMSignalLayer" name="test_build_sequence_returns_none_no_model" time="0.489" /><testcase classname="tests.unit.test_coverage_boost_ml_misc.TestLSTMSignalLayer" name="test_get_lstm_signal_layer_singleton" time="0.008" /><testcase classname="tests.unit.test_coverage_boost_ml_misc.TestLSTMSignalLayer" name="test_predict_increments_count" time="0.010" /><testcase classname="tests.unit.test_coverage_boost_ml_misc.TestLSTMSignalLayer" name="test_predict_latency_ms_positive" time="0.009" /><testcase classname="tests.unit.test_coverage_boost_ml_misc.TestTrainWithMacro" name="test_build_features_returns_xy" time="0.284" /><testcase classname="tests.unit.test_coverage_boost_ml_misc.TestTrainWithMacro" name="test_build_features_no_inf" time="0.312" /><testcase classname="tests.unit.test_coverage_boost_ml_misc.TestTrainWithMacro" name="test_build_features_with_macro" time="0.306" /><testcase classname="tests.unit.test_coverage_boost_ml_misc.TestTrainWithMacro" name="test_oos_eval_returns_dict" time="0.565" /><testcase classname="tests.unit.test_coverage_boost_ml_misc.TestTrainRLNuclear" name="test_module_imports" time="0.012" /><testcase classname="tests.unit.test_coverage_boost_ml_misc.TestTrainRLNuclear" name="test_parse_args_defaults" time="0.010" /><testcase classname="tests.unit.test_coverage_boost_ml_misc.TestTrainRLNuclear" name="test_walk_forward_train_signature" time="0.007" /><testcase classname="tests.unit.test_coverage_boost_oms_pm.TestOMSKillSwitch" name="test_submit_blocked_when_kill_switch_active" time="0.010" /><testcase classname="tests.unit.test_coverage_boost_oms_pm.TestOMSKillSwitch" name="test_submit_blocked_when_kill_switch_import_fails" time="0.009" /><testcase classname="tests.unit.test_coverage_boost_oms_pm.TestOMSAsyncSubmit" name="test_async_submit_no_broker_transitions_to_new" time="0.011" /><testcase classname="tests.unit.test_coverage_boost_oms_pm.TestOMSAsyncSubmit" name="test_async_submit_broker_accepted" time="0.011" /><testcase classname="tests.unit.test_coverage_boost_oms_pm.TestOMSAsyncSubmit" name="test_async_submit_broker_rejected" time="0.011" /><testcase classname="tests.unit.test_coverage_boost_oms_pm.TestOMSAsyncSubmit" name="test_async_submit_broker_raises" time="0.016" /><testcase classname="tests.unit.test_coverage_boost_oms_pm.TestOMSOrderBook" name="test_get_order_book_empty" time="0.008" /><testcase classname="tests.unit.test_coverage_boost_oms_pm.TestOMSOrderBook" name="test_get_order_book_with_orders" time="0.010" /><testcase classname="tests.unit.test_coverage_boost_oms_pm.TestOMSEventBus" name="test_transition_with_event_bus" time="0.010" /><testcase classname="tests.unit.test_coverage_boost_oms_pm.TestOMSCallbacks" name="test_callback_error_suppressed" time="0.010" /><testcase classname="tests.unit.test_coverage_boost_oms_pm.TestOMSBracketIceberg" name="test_create_bracket_order" time="0.009" /><testcase classname="tests.unit.test_coverage_boost_oms_pm.TestOMSBracketIceberg" name="test_create_oco" time="0.009" /><testcase classname="tests.unit.test_coverage_boost_oms_pm.TestOMSBracketIceberg" name="test_create_iceberg" time="0.014" /><testcase classname="tests.unit.test_coverage_boost_oms_pm.TestPositionManagerPrometheus" name="test_prom_helpers_no_crash_when_unavailable" time="0.006" /><testcase classname="tests.unit.test_coverage_boost_oms_pm.TestPositionManagerErrors" name="test_open_duplicate_raises" time="0.013" /><testcase classname="tests.unit.test_coverage_boost_oms_pm.TestPositionManagerErrors" name="test_open_invalid_quantity_raises" time="0.013" /><testcase classname="tests.unit.test_coverage_boost_oms_pm.TestPositionManagerErrors" name="test_open_invalid_price_raises" time="0.010" /><testcase classname="tests.unit.test_coverage_boost_oms_pm.TestPositionManagerErrors" name="test_close_not_found_raises" time="0.010" /><testcase classname="tests.unit.test_coverage_boost_oms_pm.TestPositionManagerErrors" name="test_close_invalid_price_raises" time="0.010" /><testcase classname="tests.unit.test_coverage_boost_oms_pm.TestPositionManagerUpdate" name="test_update_position_last_price" time="0.012" /><testcase classname="tests.unit.test_coverage_boost_oms_pm.TestPositionManagerUpdate" name="test_update_position_sl_tp" time="0.011" /><testcase classname="tests.unit.test_coverage_boost_oms_pm.TestPositionManagerUpdate" name="test_update_position_not_found_raises" time="0.011" /><testcase classname="tests.unit.test_coverage_boost_oms_pm.TestPositionManagerPnL" name="test_unrealized_pnl_buy" time="0.009" /><testcase classname="tests.unit.test_coverage_boost_oms_pm.TestPositionManagerPnL" name="test_unrealized_pnl_sell" time="0.010" /><testcase classname="tests.unit.test_coverage_boost_oms_pm.TestPositionManagerPnL" name="test_unrealized_pnl_no_last_price" time="0.008" /><testcase classname="tests.unit.test_coverage_boost_oms_pm.TestPositionManagerPnL" name="test_total_exposure" time="0.010" /><testcase classname="tests.unit.test_coverage_boost_oms_pm.TestPositionManagerPnL" name="test_total_exposure_fallback_entry_price" time="0.008" /><testcase classname="tests.unit.test_coverage_boost_oms_pm.TestPositionManagerPnL" name="test_history_after_close" time="0.017" /><testcase classname="tests.unit.test_coverage_boost_oms_pm.TestPositionManagerPnL" name="test_history_limit" time="0.028" /><testcase classname="tests.unit.test_coverage_boost_oms_pm.TestPositionManagerRedis" name="test_restore_from_redis_no_store" time="0.011" /><testcase classname="tests.unit.test_coverage_boost_oms_pm.TestPositionManagerRedis" name="test_open_redis_rollback_on_error" time="0.011" /><testcase classname="tests.unit.test_coverage_boost_oms_pm.TestPositionManagerRedis" name="test_close_redis_rollback_on_error" time="0.011" /><testcase classname="tests.unit.test_coverage_boost_oms_pm.TestPositionManagerRedis" name="test_restore_from_redis_with_store" time="0.011" /><testcase classname="tests.unit.test_coverage_boost_oms_pm.TestPositionManagerRedis" name="test_restore_from_redis_error_returns_zero" time="0.010" /><testcase classname="tests.unit.test_coverage_boost_oms_pm.TestPositionFromDict" name="test_from_dict_no_opened_at" time="0.008" /><testcase classname="tests.unit.test_coverage_boost_oms_pm.TestPositionFromDict" name="test_from_dict_with_opened_at_string" time="0.007" /><testcase classname="tests.unit.test_coverage_boost_router_trade.TestSmartRouterPreGate" name="test_spread_too_wide_rejected" time="0.009" /><testcase classname="tests.unit.test_coverage_boost_router_trade.TestSmartRouterPreGate" name="test_sentiment_blackout" time="0.009" /><testcase classname="tests.unit.test_coverage_boost_router_trade.TestSmartRouterPreGate" name="test_macro_impact_blackout" time="0.008" /><testcase classname="tests.unit.test_coverage_boost_router_trade.TestSmartRouterPreGate" name="test_adverse_ofi_long" time="0.007" /><testcase classname="tests.unit.test_coverage_boost_router_trade.TestSmartRouterPreGate" name="test_adverse_ofi_short" time="0.008" /><testcase classname="tests.unit.test_coverage_boost_router_trade.TestSmartRouterPreGate" name="test_no_rejection_normal" time="0.008" /><testcase classname="tests.unit.test_coverage_boost_router_trade.TestSmartRouterLineage" name="test_lineage_write_no_store" time="0.008" /><testcase classname="tests.unit.test_coverage_boost_router_trade.TestSmartRouterLineage" name="test_lineage_write_with_store_error_suppressed" time="0.007" /><testcase classname="tests.unit.test_coverage_boost_router_trade.TestSmartRouterExplain" name="test_explain_only_available" time="0.007" /><testcase classname="tests.unit.test_coverage_boost_router_trade.TestSmartRouterExplain" name="test_explain_low_latency" time="0.008" /><testcase classname="tests.unit.test_coverage_boost_router_trade.TestSmartRouterAllBrokersFail" name="test_all_brokers_fail_returns_rejected" time="0.012" /><testcase classname="tests.unit.test_coverage_boost_router_trade.TestTradeExecutorRiskStatus" name="test_get_risk_status_keys" time="0.008" /><testcase classname="tests.unit.test_coverage_boost_router_trade.TestTradeExecutorRiskStatus" name="test_get_risk_status_streak_cooldown" time="0.008" /><testcase classname="tests.unit.test_coverage_boost_router_trade.TestTradeExecutorDrawdownCB" name="test_drawdown_cb_not_triggered" time="0.008" /><testcase classname="tests.unit.test_coverage_boost_router_trade.TestTradeExecutorDrawdownCB" name="test_drawdown_cb_triggered" time="0.007" /><testcase classname="tests.unit.test_coverage_boost_router_trade.TestTradeExecutorStreakCB" name="test_streak_cb_not_triggered" time="0.007" /><testcase classname="tests.unit.test_coverage_boost_router_trade.TestTradeExecutorStreakCB" name="test_streak_cb_triggered" time="0.007" /><testcase classname="tests.unit.test_coverage_boost_router_trade.TestTradeExecutorRiskCap" name="test_risk_cap_with_sl" time="0.008" /><testcase classname="tests.unit.test_coverage_boost_router_trade.TestTradeExecutorRiskCap" name="test_risk_cap_no_sl_notional" time="0.008" /><testcase classname="tests.unit.test_coverage_boost_router_trade.TestTradeExecutorRiskCap" name="test_risk_cap_no_price_returns_original" time="0.007" /><testcase classname="tests.unit.test_coverage_boost_router_trade.TestTradeExecutorCallbacks" name="test_register_and_notify_sync_callback" time="0.010" /><testcase classname="tests.unit.test_coverage_boost_router_trade.TestTradeExecutorCallbacks" name="test_register_and_notify_async_callback" time="0.009" /><testcase classname="tests.unit.test_coverage_boost_router_trade.TestTradeExecutorCallbacks" name="test_callback_error_suppressed" time="0.011" /><testcase classname="tests.unit.test_coverage_boost_router_trade.TestTradeExecutorCancelAll" name="test_cancel_all_pending_empty" time="0.011" /><testcase classname="tests.unit.test_coverage_boost_router_trade.TestTradeExecutorUpdateStreak" name="test_update_streak_loss" time="0.007" /><testcase classname="tests.unit.test_coverage_boost_router_trade.TestTradeExecutorUpdateStreak" name="test_update_streak_win_resets" time="0.006" /><testcase classname="tests.unit.test_coverage_boost_router_trade.TestTradeExecutorUpdateStreak" name="test_update_streak_halt_after_threshold" time="0.008" /><testcase classname="tests.unit.test_coverage_boost_router_trade.TestOrderAlgorithmsPrometheus" name="test_prom_ok_flag_is_bool" time="0.007" /><testcase classname="tests.unit.test_coverage_boost_router_trade.TestPartialFillAggregatorTimeout" name="test_timeout_fires_callback" time="0.009" /><testcase classname="tests.unit.test_coverage_boost_router_trade.TestPartialFillAggregatorUnknown" name="test_unknown_parent_returns_none" time="0.007" /><testcase classname="tests.unit.test_coverage_boost_router_trade.TestTWAPNoRouter" name="test_twap_no_router_returns_pending" time="0.015" /><testcase classname="tests.unit.test_coverage_boost_router_trade.TestTWAPRouterFails" name="test_twap_router_error_counts_failed" time="0.017" /><testcase classname="tests.unit.test_coverage_boost_router_trade.TestVWAPNoRouter" name="test_vwap_no_router" time="0.019" /><testcase classname="tests.unit.test_coverage_boost_router_trade.TestVWAPRouterFails" name="test_vwap_router_error" time="0.016" /><testcase classname="tests.unit.test_coverage_boost_router_trade.TestVWAPSliceWeights" name="test_weights_sum_to_one" time="0.007" /><testcase classname="tests.unit.test_coverage_boost_router_trade.TestVWAPSliceWeights" name="test_weights_wrap_around_midnight" time="0.007" /><testcase classname="tests.unit.test_coverage_boost_sltp_tca.TestSLTPMonitorCheckBreach" name="test_long_sl_breach" time="0.007" /><testcase classname="tests.unit.test_coverage_boost_sltp_tca.TestSLTPMonitorCheckBreach" name="test_long_tp_breach" time="0.007" /><testcase classname="tests.unit.test_coverage_boost_sltp_tca.TestSLTPMonitorCheckBreach" name="test_long_no_breach" time="0.007" /><testcase classname="tests.unit.test_coverage_boost_sltp_tca.TestSLTPMonitorCheckBreach" name="test_short_sl_breach" time="0.010" /><testcase classname="tests.unit.test_coverage_boost_sltp_tca.TestSLTPMonitorCheckBreach" name="test_short_tp_breach" time="0.010" /><testcase classname="tests.unit.test_coverage_boost_sltp_tca.TestSLTPMonitorCheckBreach" name="test_short_no_breach" time="0.008" /><testcase classname="tests.unit.test_coverage_boost_sltp_tca.TestSLTPMonitorCheckBreach" name="test_no_sl_no_tp" time="0.007" /><testcase classname="tests.unit.test_coverage_boost_sltp_tca.TestSLTPMonitorCheckBreach" name="test_long_alias" time="0.007" /><testcase classname="tests.unit.test_coverage_boost_sltp_tca.TestSLTPMonitorCheckBreach" name="test_short_alias" time="0.007" /><testcase classname="tests.unit.test_coverage_boost_sltp_tca.TestSLTPMonitorGetMid" name="test_get_mid_none_when_missing" time="0.008" /><testcase classname="tests.unit.test_coverage_boost_sltp_tca.TestSLTPMonitorGetMid" name="test_get_mid_from_mid_attr" time="0.009" /><testcase classname="tests.unit.test_coverage_boost_sltp_tca.TestSLTPMonitorGetMid" name="test_get_mid_from_price_attr" time="0.007" /><testcase classname="tests.unit.test_coverage_boost_sltp_tca.TestSLTPMonitorGetMid" name="test_get_mid_plain_dict_returns_none" time="0.008" /><testcase classname="tests.unit.test_coverage_boost_sltp_tca.TestSLTPMonitorLifecycle" name="test_start_stop" time="0.010" /><testcase classname="tests.unit.test_coverage_boost_sltp_tca.TestSLTPMonitorLifecycle" name="test_start_idempotent" time="0.010" /><testcase classname="tests.unit.test_coverage_boost_sltp_tca.TestSLTPMonitorLifecycle" name="test_check_all_positions_none_pm" time="0.009" /><testcase classname="tests.unit.test_coverage_boost_sltp_tca.TestSLTPMonitorLifecycle" name="test_check_all_positions_pm_raises" time="0.009" /><testcase classname="tests.unit.test_coverage_boost_sltp_tca.TestSLTPMonitorLifecycle" name="test_check_all_positions_no_breach" time="0.009" /><testcase classname="tests.unit.test_coverage_boost_sltp_tca.TestSLTPMonitorLifecycle" name="test_check_all_positions_skips_closing" time="0.009" /><testcase classname="tests.unit.test_coverage_boost_sltp_tca.TestSLTPMonitorLifecycle" name="test_on_task_done_no_exception" time="0.009" /><testcase classname="tests.unit.test_coverage_boost_sltp_tca.TestSLTPMonitorLifecycle" name="test_close_position_all_retries_fail" time="3.020" /><testcase classname="tests.unit.test_coverage_boost_sltp_tca.TestMarketContextProvider" name="test_adv_default_fallback" time="0.019" /><testcase classname="tests.unit.test_coverage_boost_sltp_tca.TestMarketContextProvider" name="test_adv_env_override" time="0.008" /><testcase classname="tests.unit.test_coverage_boost_sltp_tca.TestMarketContextProvider" name="test_adv_tick_accumulator" time="0.015" /><testcase classname="tests.unit.test_coverage_boost_sltp_tca.TestMarketContextProvider" name="test_vol_default_fallback" time="0.014" /><testcase classname="tests.unit.test_coverage_boost_sltp_tca.TestMarketContextProvider" name="test_vol_env_override" time="0.010" /><testcase classname="tests.unit.test_coverage_boost_sltp_tca.TestMarketContextProvider" name="test_accumulate_tick_prunes" time="0.145" /><testcase classname="tests.unit.test_coverage_boost_sltp_tca.TestTCAEngineRecordComplete" name="test_record_fill_unknown_order" time="0.013" /><testcase classname="tests.unit.test_coverage_boost_sltp_tca.TestTCAEngineRecordComplete" name="test_complete_order_unknown_raises" time="0.011" /><testcase classname="tests.unit.test_coverage_boost_sltp_tca.TestTCAEngineRecordComplete" name="test_complete_order_no_fills_cancelled" time="0.013" /><testcase classname="tests.unit.test_coverage_boost_sltp_tca.TestTCAEngineRecordComplete" name="test_complete_order_with_fill" time="0.018" /><testcase classname="tests.unit.test_coverage_boost_sltp_tca.TestTCAEngineRecordComplete" name="test_complete_order_sell_shortfall" time="0.016" /><testcase classname="tests.unit.test_coverage_boost_sltp_tca.TestTCAEngineRecordComplete" name="test_update_market_data" time="0.008" /><testcase classname="tests.unit.test_coverage_boost_sltp_tca.TestTCAEngineRecordComplete" name="test_get_stats_empty" time="0.007" /><testcase classname="tests.unit.test_coverage_boost_sltp_tca.TestTCAEngineRecordComplete" name="test_get_stats_with_data" time="0.017" /><testcase classname="tests.unit.test_coverage_boost_sltp_tca.TestTCAEngineRecordComplete" name="test_get_benchmark_vwap" time="0.009" /><testcase classname="tests.unit.test_coverage_boost_sltp_tca.TestTCAEngineRecordComplete" name="test_get_benchmark_twap" time="0.011" /><testcase classname="tests.unit.test_coverage_boost_sltp_tca.TestTCAEngineRecordComplete" name="test_get_benchmark_arrival_returns_zero" time="0.010" /><testcase classname="tests.unit.test_coverage_boost_sltp_tca.TestTCAEngineRecordComplete" name="test_cost_callback_registered" time="0.008" /><testcase classname="tests.unit.test_coverage_boost_sltp_tca.TestTCAEngineRecordComplete" name="test_cost_callback_called_on_complete" time="0.016" /><testcase classname="tests.unit.test_coverage_gate_boost.TestPerformanceMetrics" name="test_total_return_positive" time="0.009" /><testcase classname="tests.unit.test_coverage_gate_boost.TestPerformanceMetrics" name="test_total_return_empty" time="0.008" /><testcase classname="tests.unit.test_coverage_gate_boost.TestPerformanceMetrics" name="test_annual_return_empty" time="0.008" /><testcase classname="tests.unit.test_coverage_gate_boost.TestPerformanceMetrics" name="test_annual_return_single_row" time="0.009" /><testcase classname="tests.unit.test_coverage_gate_boost.TestPerformanceMetrics" name="test_annual_return_same_day" time="0.009" /><testcase classname="tests.unit.test_coverage_gate_boost.TestPerformanceMetrics" name="test_monthly_return" time="0.009" /><testcase classname="tests.unit.test_coverage_gate_boost.TestPerformanceMetrics" name="test_sharpe_ratio" time="0.011" /><testcase classname="tests.unit.test_coverage_gate_boost.TestPerformanceMetrics" name="test_sharpe_empty" time="0.008" /><testcase classname="tests.unit.test_coverage_gate_boost.TestPerformanceMetrics" name="test_sharpe_zero_std" time="0.010" /><testcase classname="tests.unit.test_coverage_gate_boost.TestPerformanceMetrics" name="test_sortino_ratio" time="0.011" /><testcase classname="tests.unit.test_coverage_gate_boost.TestPerformanceMetrics" name="test_sortino_empty" time="0.008" /><testcase classname="tests.unit.test_coverage_gate_boost.TestPerformanceMetrics" name="test_sortino_no_downside" time="0.010" /><testcase classname="tests.unit.test_coverage_gate_boost.TestPerformanceMetrics" name="test_max_drawdown_negative" time="0.010" /><testcase classname="tests.unit.test_coverage_gate_boost.TestPerformanceMetrics" name="test_max_drawdown_empty" time="0.009" /><testcase classname="tests.unit.test_coverage_gate_boost.TestPerformanceMetrics" name="test_calmar_ratio" time="0.010" /><testcase classname="tests.unit.test_coverage_gate_boost.TestPerformanceMetrics" name="test_calmar_zero_drawdown" time="0.010" /><testcase classname="tests.unit.test_coverage_gate_boost.TestPerformanceMetrics" name="test_volatility" time="0.010" /><testcase classname="tests.unit.test_coverage_gate_boost.TestPerformanceMetrics" name="test_total_trades" time="0.008" /><testcase classname="tests.unit.test_coverage_gate_boost.TestPerformanceMetrics" name="test_winning_trades" time="0.011" /><testcase classname="tests.unit.test_coverage_gate_boost.TestPerformanceMetrics" name="test_losing_trades" time="0.010" /><testcase classname="tests.unit.test_coverage_gate_boost.TestPerformanceMetrics" name="test_win_rate" time="0.011" /><testcase classname="tests.unit.test_coverage_gate_boost.TestPerformanceMetrics" name="test_win_rate_empty" time="0.009" /><testcase classname="tests.unit.test_coverage_gate_boost.TestPerformanceMetrics" name="test_profit_factor" time="0.011" /><testcase classname="tests.unit.test_coverage_gate_boost.TestPerformanceMetrics" name="test_profit_factor_no_losses" time="0.012" /><testcase classname="tests.unit.test_coverage_gate_boost.TestPerformanceMetrics" name="test_profit_factor_empty" time="0.009" /><testcase classname="tests.unit.test_coverage_gate_boost.TestPerformanceMetrics" name="test_avg_win" time="0.012" /><testcase classname="tests.unit.test_coverage_gate_boost.TestPerformanceMetrics" name="test_avg_loss" time="0.012" /><testcase classname="tests.unit.test_coverage_gate_boost.TestPerformanceMetrics" name="test_avg_win_empty" time="0.010" /><testcase classname="tests.unit.test_coverage_gate_boost.TestPerformanceMetrics" name="test_avg_loss_empty" time="0.010" /><testcase classname="tests.unit.test_coverage_gate_boost.TestPerformanceMetrics" name="test_largest_win" time="0.012" /><testcase classname="tests.unit.test_coverage_gate_boost.TestPerformanceMetrics" name="test_largest_loss" time="0.010" /><testcase classname="tests.unit.test_coverage_gate_boost.TestPerformanceMetrics" name="test_largest_win_empty" time="0.008" /><testcase classname="tests.unit.test_coverage_gate_boost.TestPerformanceMetrics" name="test_largest_loss_empty" time="0.008" /><testcase classname="tests.unit.test_coverage_gate_boost.TestPerformanceMetrics" name="test_avg_trade_duration" time="0.011" /><testcase classname="tests.unit.test_coverage_gate_boost.TestPerformanceMetrics" name="test_avg_trade_duration_no_time_cols" time="0.009" /><testcase classname="tests.unit.test_coverage_gate_boost.TestPerformanceMetrics" name="test_calculate_all_metrics_keys" time="0.020" /><testcase classname="tests.unit.test_coverage_gate_boost.TestPerformanceMetrics" name="test_final_equity_in_all_metrics" time="0.022" /><testcase classname="tests.unit.test_coverage_gate_boost.TestPerformanceMetrics" name="test_peak_equity_in_all_metrics" time="0.021" /><testcase classname="tests.unit.test_coverage_gate_boost.TestPerformanceMetrics" name="test_all_metrics_empty_equity" time="0.008" /><testcase classname="tests.unit.test_coverage_gate_boost.TestBacktestEvents" name="test_event_type_values" time="0.008" /><testcase classname="tests.unit.test_coverage_gate_boost.TestBacktestEvents" name="test_market_event_type" time="0.007" /><testcase classname="tests.unit.test_coverage_gate_boost.TestBacktestEvents" name="test_signal_event_defaults" time="0.006" /><testcase classname="tests.unit.test_coverage_gate_boost.TestBacktestEvents" name="test_signal_event_custom" time="0.008" /><testcase classname="tests.unit.test_coverage_gate_boost.TestBacktestEvents" name="test_order_event" time="0.008" /><testcase classname="tests.unit.test_coverage_gate_boost.TestBacktestEvents" name="test_order_event_with_price" time="0.007" /><testcase classname="tests.unit.test_coverage_gate_boost.TestBacktestEvents" name="test_fill_event" time="0.007" /><testcase classname="tests.unit.test_coverage_gate_boost.TestBacktestEvents" name="test_fill_event_default_commission" time="0.008" /><testcase classname="tests.unit.test_coverage_gate_boost.TestPortfolioFull" name="test_init" time="0.008" /><testcase classname="tests.unit.test_coverage_gate_boost.TestPortfolioFull" name="test_buy_fill_updates_cash" time="0.008" /><testcase classname="tests.unit.test_coverage_gate_boost.TestPortfolioFull" name="test_buy_creates_position" time="0.008" /><testcase classname="tests.unit.test_coverage_gate_boost.TestPortfolioFull" name="test_sell_closes_position" time="0.008" /><testcase classname="tests.unit.test_coverage_gate_boost.TestPortfolioFull" name="test_winning_trade_counted" time="0.008" /><testcase classname="tests.unit.test_coverage_gate_boost.TestPortfolioFull" name="test_losing_trade_counted" time="0.009" /><testcase classname="tests.unit.test_coverage_gate_boost.TestPortfolioFull" name="test_average_up" time="0.009" /><testcase classname="tests.unit.test_coverage_gate_boost.TestPortfolioFull" name="test_flip_to_short" time="0.009" /><testcase classname="tests.unit.test_coverage_gate_boost.TestPortfolioFull" name="test_update_timeindex" time="0.008" /><testcase classname="tests.unit.test_coverage_gate_boost.TestPortfolioFull" name="test_get_equity_curve_df" time="0.010" /><testcase classname="tests.unit.test_coverage_gate_boost.TestPortfolioFull" name="test_get_equity_curve_empty" time="0.009" /><testcase classname="tests.unit.test_coverage_gate_boost.TestPortfolioFull" name="test_get_trade_history_df" time="0.009" /><testcase classname="tests.unit.test_coverage_gate_boost.TestPortfolioFull" name="test_get_trade_history_empty" time="0.009" /><testcase classname="tests.unit.test_coverage_gate_boost.TestPortfolioFull" name="test_get_holdings" time="0.008" /><testcase classname="tests.unit.test_coverage_gate_boost.TestPortfolioFull" name="test_get_total_pnl_zero" time="0.008" /><testcase classname="tests.unit.test_coverage_gate_boost.TestPortfolioFull" name="test_get_total_return_zero" time="0.009" /><testcase classname="tests.unit.test_coverage_gate_boost.TestWalkForwardEngine" name="test_init_defaults" time="0.009" /><testcase classname="tests.unit.test_coverage_gate_boost.TestWalkForwardEngine" name="test_run_returns_results" time="0.135" /><testcase classname="tests.unit.test_coverage_gate_boost.TestWalkForwardEngine" name="test_result_has_fields" time="0.086" /><testcase classname="tests.unit.test_coverage_gate_boost.TestWalkForwardEngine" name="test_get_aggregate_stats_empty" time="0.008" /><testcase classname="tests.unit.test_coverage_gate_boost.TestWalkForwardEngine" name="test_get_aggregate_stats_after_run" time="0.068" /><testcase classname="tests.unit.test_coverage_gate_boost.TestWalkForwardEngine" name="test_max_drawdown_flat" time="0.009" /><testcase classname="tests.unit.test_coverage_gate_boost.TestWalkForwardEngine" name="test_max_drawdown_declining" time="0.009" /><testcase classname="tests.unit.test_coverage_gate_boost.TestWalkForwardEngine" name="test_detect_overfit_true" time="0.009" /><testcase classname="tests.unit.test_coverage_gate_boost.TestWalkForwardEngine" name="test_detect_overfit_false" time="0.007" /><testcase classname="tests.unit.test_coverage_gate_boost.TestWalkForwardEngine" name="test_alias" time="0.007" /><testcase classname="tests.unit.test_coverage_gate_boost.TestTransactionCostModel" name="test_known_symbol_spread" time="0.007" /><testcase classname="tests.unit.test_coverage_gate_boost.TestTransactionCostModel" name="test_unknown_symbol_default" time="0.006" /><testcase classname="tests.unit.test_coverage_gate_boost.TestTransactionCostModel" name="test_apply_reduces_pnl" time="0.007" /><testcase classname="tests.unit.test_coverage_gate_boost.TestTransactionCostModel" name="test_apply_large_loss" time="0.008" /><testcase classname="tests.unit.test_coverage_gate_boost.TestTransactionCostModel" name="test_cost_summary_returns_dict" time="0.007" /><testcase classname="tests.unit.test_coverage_gate_boost.TestTransactionCostModel" name="test_extra_spread_increases_cost" time="0.007" /><testcase classname="tests.unit.test_coverage_gate_boost.TestTransactionCostModel" name="test_get_tc_model" time="0.008" /><testcase classname="tests.unit.test_coverage_gate_boost.TestTransactionCostModel" name="test_btc_spread" time="0.007" /><testcase classname="tests.unit.test_coverage_gate_boost.TestTransactionCostModel" name="test_forex_spread" time="0.008" /><testcase classname="tests.unit.test_coverage_gate_boost.TestBacktestEngineCore" name="test_tick_mid" time="0.007" /><testcase classname="tests.unit.test_coverage_gate_boost.TestBacktestEngineCore" name="test_tick_spread" time="0.007" /><testcase classname="tests.unit.test_coverage_gate_boost.TestBacktestEngineCore" name="test_order_type_enum" time="0.007" /><testcase classname="tests.unit.test_coverage_gate_boost.TestBacktestEngineCore" name="test_order_side_enum" time="0.007" /><testcase classname="tests.unit.test_coverage_gate_boost.TestBacktestEngineCore" name="test_position_unrealized_buy" time="0.008" /><testcase classname="tests.unit.test_coverage_gate_boost.TestBacktestEngineCore" name="test_position_unrealized_sell" time="0.008" /><testcase classname="tests.unit.test_coverage_gate_boost.TestBacktestEngineCore" name="test_tc_model_fixed_slippage" time="0.009" /><testcase classname="tests.unit.test_coverage_gate_boost.TestBacktestEngineCore" name="test_tc_model_gaussian_slippage" time="0.007" /><testcase classname="tests.unit.test_coverage_gate_boost.TestBacktestEngineCore" name="test_tc_model_commission_per_lot" time="0.007" /><testcase classname="tests.unit.test_coverage_gate_boost.TestBacktestEngineCore" name="test_tc_model_commission_rate" time="0.008" /><testcase classname="tests.unit.test_coverage_gate_boost.TestBacktestEngineCore" name="test_performance_metrics_to_dict" time="0.009" /><testcase classname="tests.unit.test_coverage_gate_boost.TestBacktestEngineCore" name="test_engine_init" time="0.008" /><testcase classname="tests.unit.test_coverage_gate_boost.TestBacktestEngineCore" name="test_engine_set_strategy" time="0.007" /><testcase classname="tests.unit.test_coverage_gate_boost.TestBacktestEngineCore" name="test_engine_run_no_strategy_raises" time="0.009" /><testcase classname="tests.unit.test_coverage_gate_boost.TestBacktestEngineCore" name="test_engine_run_no_handler_raises" time="0.008" /><testcase classname="tests.unit.test_coverage_gate_boost.TestRiskAnalyzer" name="test_var_historical" time="0.008" /><testcase classname="tests.unit.test_coverage_gate_boost.TestRiskAnalyzer" name="test_var_parametric" time="0.008" /><testcase classname="tests.unit.test_coverage_gate_boost.TestRiskAnalyzer" name="test_var_99_more_extreme" time="0.008" /><testcase classname="tests.unit.test_coverage_gate_boost.TestRiskAnalyzer" name="test_cvar_lte_var" time="0.007" /><testcase classname="tests.unit.test_coverage_gate_boost.TestRiskAnalyzer" name="test_cvar_empty_tail" time="0.008" /><testcase classname="tests.unit.test_coverage_gate_boost.TestRiskAnalyzer" name="test_risk_attribution_keys" time="0.008" /><testcase classname="tests.unit.test_coverage_gate_boost.TestRiskAnalyzer" name="test_risk_attribution_positive" time="0.008" /><testcase classname="tests.unit.test_coverage_gate_boost.TestOptionsAnalyzer" name="test_call_price_positive" time="0.008" /><testcase classname="tests.unit.test_coverage_gate_boost.TestOptionsAnalyzer" name="test_put_price_positive" time="0.007" /><testcase classname="tests.unit.test_coverage_gate_boost.TestOptionsAnalyzer" name="test_call_put_parity" time="0.007" /><testcase classname="tests.unit.test_coverage_gate_boost.TestOptionsAnalyzer" name="test_greeks_keys" time="0.007" /><testcase classname="tests.unit.test_coverage_gate_boost.TestOptionsAnalyzer" name="test_norm_cdf_midpoint" time="0.007" /><testcase classname="tests.unit.test_coverage_gate_boost.TestOptionsAnalyzer" name="test_norm_cdf_large" time="0.006" /><testcase classname="tests.unit.test_coverage_gate_boost.TestSimulationEngine" name="test_monte_carlo_returns_dict" time="0.033" /><testcase classname="tests.unit.test_coverage_gate_boost.TestSimulationEngine" name="test_monte_carlo_legacy_keys" time="0.035" /><testcase classname="tests.unit.test_coverage_gate_boost.TestSimulationEngine" name="test_monte_carlo_block" time="0.029" /><testcase classname="tests.unit.test_coverage_gate_boost.TestSimulationEngine" name="test_genetic_algorithm" time="0.013" /><testcase classname="tests.unit.test_coverage_gate_boost.TestDataHandler" name="test_load_data_populates" time="0.018" /><testcase classname="tests.unit.test_coverage_gate_boost.TestDataHandler" name="test_load_data_empty_raises" time="0.011" /><testcase classname="tests.unit.test_coverage_gate_boost.TestDataHandler" name="test_load_data_none_raises" time="0.011" /><testcase classname="tests.unit.test_coverage_gate_boost.TestDataHandler" name="test_get_latest_bar" time="0.018" /><testcase classname="tests.unit.test_coverage_gate_boost.TestDataHandler" name="test_get_latest_bars" time="0.017" /><testcase classname="tests.unit.test_coverage_gate_boost.TestDataHandler" name="test_get_latest_bar_unknown" time="0.020" /><testcase classname="tests.unit.test_coverage_gate_boost.TestDataHandler" name="test_update_bars_advances" time="0.017" /><testcase classname="tests.unit.test_coverage_gate_boost.TestDataHandler" name="test_reset" time="0.017" /><testcase classname="tests.unit.test_coverage_gate_boost.TestDataHandler" name="test_missing_columns_raises" time="0.011" /><testcase classname="tests.unit.test_cpp_shim_connector.TestFromEnv" name="test_returns_instance" time="0.007" /><testcase classname="tests.unit.test_cpp_shim_connector.TestConnect" name="test_connect_succeeds_when_ping_ok" time="0.008" /><testcase classname="tests.unit.test_cpp_shim_connector.TestConnect" name="test_connect_fails_when_ping_fails" time="0.009" /><testcase classname="tests.unit.test_cpp_shim_connector.TestConnect" name="test_connect_returns_false_when_zmq_import_fails" time="0.010" /><testcase classname="tests.unit.test_cpp_shim_connector.TestConnect" name="test_connect_disabled_via_env" time="0.008" /><testcase classname="tests.unit.test_cpp_shim_connector.TestConnect" name="test_connect_sets_sockets" time="0.009" /><testcase classname="tests.unit.test_cpp_shim_connector.TestDisconnect" name="test_disconnect_returns_true" time="0.012" /><testcase classname="tests.unit.test_cpp_shim_connector.TestDisconnect" name="test_disconnect_cleans_up_sockets" time="0.011" /><testcase classname="tests.unit.test_cpp_shim_connector.TestPlaceOrderFill" name="test_market_buy_returns_filled_order" time="0.009" /><testcase classname="tests.unit.test_cpp_shim_connector.TestPlaceOrderFill" name="test_limit_sell_uses_fill_price" time="0.009" /><testcase classname="tests.unit.test_cpp_shim_connector.TestPlaceOrderFill" name="test_fill_count_increments" time="0.009" /><testcase classname="tests.unit.test_cpp_shim_connector.TestPlaceOrderFill" name="test_order_count_increments" time="0.009" /><testcase classname="tests.unit.test_cpp_shim_connector.TestPlaceOrderFill" name="test_order_id_from_fill_response" time="0.009" /><testcase classname="tests.unit.test_cpp_shim_connector.TestPlaceOrderFill" name="test_cmd_sent_with_correct_fields" time="0.009" /><testcase classname="tests.unit.test_cpp_shim_connector.TestPlaceOrderReject" name="test_reject_response_raises" time="0.113" /><testcase classname="tests.unit.test_cpp_shim_connector.TestPlaceOrderReject" name="test_reject_increments_reject_count" time="0.111" /><testcase classname="tests.unit.test_cpp_shim_connector.TestPlaceOrderReject" name="test_timeout_raises" time="0.112" /><testcase classname="tests.unit.test_cpp_shim_connector.TestPlaceOrderReject" name="test_timeout_increments_reject_count" time="0.113" /><testcase classname="tests.unit.test_cpp_shim_connector.TestPlaceOrderReject" name="test_unexpected_response_type_raises" time="0.111" /><testcase classname="tests.unit.test_cpp_shim_connector.TestPlaceOrderReject" name="test_not_connected_raises" time="0.111" /><testcase classname="tests.unit.test_cpp_shim_connector.TestNormaliseSymbol" name="test_symbol_map[XAU_USD-XAUUSD]" time="0.009" /><testcase classname="tests.unit.test_cpp_shim_connector.TestNormaliseSymbol" name="test_symbol_map[XAU/USD-XAUUSD]" time="0.008" /><testcase classname="tests.unit.test_cpp_shim_connector.TestNormaliseSymbol" name="test_symbol_map[GOLD-XAUUSD]" time="0.008" /><testcase classname="tests.unit.test_cpp_shim_connector.TestNormaliseSymbol" name="test_symbol_map[GC-XAUUSD]" time="0.007" /><testcase classname="tests.unit.test_cpp_shim_connector.TestNormaliseSymbol" name="test_symbol_map[xauusd-XAUUSD]" time="0.008" /><testcase classname="tests.unit.test_cpp_shim_connector.TestNormaliseSymbol" name="test_symbol_map[BTCUSD-BTCUSD]" time="0.009" /><testcase classname="tests.unit.test_cpp_shim_connector.TestGetAccountInfo" name="test_returns_account_info" time="0.010" /><testcase classname="tests.unit.test_cpp_shim_connector.TestGetAccountInfo" name="test_positions_count_zero" time="0.009" /><testcase classname="tests.unit.test_cpp_shim_connector.TestPassthroughMethods" name="test_get_market_data_returns_empty" time="0.009" /><testcase classname="tests.unit.test_cpp_shim_connector.TestPassthroughMethods" name="test_get_positions_returns_empty" time="0.008" /><testcase classname="tests.unit.test_cpp_shim_connector.TestUnsupportedOperations" name="test_cancel_order_returns_false" time="0.010" /><testcase classname="tests.unit.test_cpp_shim_connector.TestUnsupportedOperations" name="test_close_position_returns_false" time="0.011" /><testcase classname="tests.unit.test_cpp_shim_connector.TestUnsupportedOperations" name="test_get_order_returns_none" time="0.010" /><testcase classname="tests.unit.test_cpp_shim_connector.TestMetrics" name="test_initial_metrics" time="0.011" /><testcase classname="tests.unit.test_cpp_shim_connector.TestMetrics" name="test_metrics_after_fill" time="0.011" /><testcase classname="tests.unit.test_cpp_shim_connector.TestMetrics" name="test_metrics_after_reject" time="0.112" /><testcase classname="tests.unit.test_cpp_shim_connector.TestMetrics" name="test_avg_latency_us_is_numeric" time="0.013" /><testcase classname="tests.unit.test_cpp_shim_connector.TestMetrics" name="test_connected_false_after_disconnect" time="0.013" /><testcase classname="tests.unit.test_cpp_shim_connector.TestZMQHelpers" name="test_send_encodes_json" time="0.010" /><testcase classname="tests.unit.test_cpp_shim_connector.TestZMQHelpers" name="test_recv_returns_none_on_exception" time="0.011" /><testcase classname="tests.unit.test_cpp_shim_connector.TestZMQHelpers" name="test_recv_decodes_json" time="0.009" /><testcase classname="tests.unit.test_custom_indicators_api.TestListIndicators" name="test_returns_empty_list_initially" time="0.054" /><testcase classname="tests.unit.test_custom_indicators_api.TestListIndicators" name="test_created_indicator_appears" time="0.055" /><testcase classname="tests.unit.test_custom_indicators_api.TestListIndicators" name="test_total_count_is_accurate" time="0.054" /><testcase classname="tests.unit.test_custom_indicators_api.TestCreateIndicator" name="test_returns_indicator_with_id" time="0.033" /><testcase classname="tests.unit.test_custom_indicators_api.TestCreateIndicator" name="test_indicator_id_starts_with_ind" time="0.034" /><testcase classname="tests.unit.test_custom_indicators_api.TestCreateIndicator" name="test_description_and_color_stored" time="0.034" /><testcase classname="tests.unit.test_custom_indicators_api.TestGetIndicator" name="test_returns_indicator_by_id" time="0.042" /><testcase classname="tests.unit.test_custom_indicators_api.TestGetIndicator" name="test_missing_indicator_returns_404" time="0.033" /><testcase classname="tests.unit.test_custom_indicators_api.TestUpdateIndicator" name="test_put_replaces_indicator" time="0.048" /><testcase classname="tests.unit.test_custom_indicators_api.TestUpdateIndicator" name="test_put_missing_indicator_returns_404" time="0.039" /><testcase classname="tests.unit.test_custom_indicators_api.TestUpdateIndicator" name="test_patch_updates_partial_fields" time="0.049" /><testcase classname="tests.unit.test_custom_indicators_api.TestUpdateIndicator" name="test_patch_missing_indicator_returns_404" time="0.038" /><testcase classname="tests.unit.test_custom_indicators_api.TestDeleteIndicator" name="test_delete_returns_ok" time="0.046" /><testcase classname="tests.unit.test_custom_indicators_api.TestDeleteIndicator" name="test_deleted_indicator_not_in_list" time="0.048" /><testcase classname="tests.unit.test_custom_indicators_api.TestDeleteIndicator" name="test_delete_missing_indicator_returns_404" time="0.040" /><testcase classname="tests.unit.test_custom_indicators_api.TestTestIndicator" name="test_test_returns_result_struct" time="0.043" /><testcase classname="tests.unit.test_custom_indicators_api.TestTestIndicator" name="test_test_missing_indicator_returns_404" time="0.035" /><testcase classname="tests.unit.test_custom_indicators_api.TestDeployIndicator" name="test_deploy_marks_indicator_as_deployed" time="0.043" /><testcase classname="tests.unit.test_custom_indicators_api.TestDeployIndicator" name="test_deploy_missing_indicator_returns_404" time="0.037" /><testcase classname="tests.unit.test_custom_indicators_api.TestBuiltinIndicators" name="test_returns_builtin_list" time="0.034" /><testcase classname="tests.unit.test_custom_indicators_api.TestBuiltinIndicators" name="test_each_builtin_has_type_and_name" time="0.035" /><testcase classname="tests.unit.test_database.TestDatabaseEnums" name="test_account_status_values" time="0.008" /><testcase classname="tests.unit.test_database.TestDatabaseEnums" name="test_trade_type_values" time="0.008" /><testcase classname="tests.unit.test_database.TestDatabaseEnums" name="test_order_status_values" time="0.008" /><testcase classname="tests.unit.test_database.TestDatabaseEnums" name="test_order_type_values" time="0.009" /><testcase classname="tests.unit.test_database.TestDatabaseEnums" name="test_position_status_values" time="0.007" /><testcase classname="tests.unit.test_database.TestDatabaseEnums" name="test_prediction_type_values" time="0.009" /><testcase classname="tests.unit.test_database.TestDatabaseEnums" name="test_risk_level_values" time="0.008" /><testcase classname="tests.unit.test_database.TestDatabaseEnums" name="test_market_data_type_values" time="0.009" /><testcase classname="tests.unit.test_database.TestUserModel" name="test_user_model_table_name" time="0.011" /><testcase classname="tests.unit.test_database.TestUserModel" name="test_user_model_columns" time="0.011" /><testcase classname="tests.unit.test_database.TestUserModel" name="test_user_model_relationships" time="0.011" /><testcase classname="tests.unit.test_database.TestAccountModel" name="test_account_model_table_name" time="0.013" /><testcase classname="tests.unit.test_database.TestAccountModel" name="test_account_model_columns" time="0.011" /><testcase classname="tests.unit.test_database.TestAccountModel" name="test_account_model_relationships" time="0.012" /><testcase classname="tests.unit.test_database.TestTradeModel" name="test_trade_model_table_name" time="0.010" /><testcase classname="tests.unit.test_database.TestTradeModel" name="test_trade_model_columns" time="0.010" /><testcase classname="tests.unit.test_database.TestOrderModel" name="test_order_model_table_name" time="0.009" /><testcase classname="tests.unit.test_database.TestOrderModel" name="test_order_model_columns" time="0.009" /><testcase classname="tests.unit.test_database.TestPositionModel" name="test_position_model_table_name" time="0.010" /><testcase classname="tests.unit.test_database.TestPositionModel" name="test_position_model_columns" time="0.010" /><testcase classname="tests.unit.test_database.TestSessionModel" name="test_session_model_table_name" time="0.010" /><testcase classname="tests.unit.test_database.TestSessionModel" name="test_session_model_columns" time="0.007" /><testcase classname="tests.unit.test_database.TestBase" name="test_base_exists" time="0.008" /><testcase classname="tests.unit.test_db_store_keys.TestDbStoreRoundTrip" name="test_set_then_get_returns_value" time="0.113" /><testcase classname="tests.unit.test_db_store_keys.TestDbStoreRoundTrip" name="test_get_missing_key_returns_none" time="0.112" /><testcase classname="tests.unit.test_db_store_keys.TestDbStoreRoundTrip" name="test_set_overwrites_existing_value" time="0.131" /><testcase classname="tests.unit.test_db_store_keys.TestDbStoreRoundTrip" name="test_set_empty_list" time="0.122" /><testcase classname="tests.unit.test_db_store_keys.TestDbStoreRoundTrip" name="test_delete_removes_key" time="0.131" /><testcase classname="tests.unit.test_db_store_keys.TestSignalsActiveKey" name="test_generate_signal_writes_signals_active" time="0.131" /><testcase classname="tests.unit.test_db_store_keys.TestSignalsActiveKey" name="test_signals_active_contains_required_fields" time="0.127" /><testcase classname="tests.unit.test_db_store_keys.TestSignalsActiveKey" name="test_signals_active_only_contains_valid_signals" time="0.131" /><testcase classname="tests.unit.test_db_store_keys.TestSignalsActiveKey" name="test_signals_active_seeded_to_empty_list_when_absent" time="0.104" /><testcase classname="tests.unit.test_db_store_keys.TestSignalsActiveKey" name="test_trading_fallback_returns_list_after_seed" time="0.105" /><testcase classname="tests.unit.test_db_store_keys.TestLeaderboardKey" name="test_refresh_leaderboard_cache_writes_key" time="0.153" /><testcase classname="tests.unit.test_db_store_keys.TestLeaderboardKey" name="test_leaderboard_has_all_periods" time="0.110" /><testcase classname="tests.unit.test_db_store_keys.TestLeaderboardKey" name="test_leaderboard_entries_have_required_fields" time="0.113" /><testcase classname="tests.unit.test_db_store_keys.TestLeaderboardKey" name="test_leaderboard_ranks_are_sequential" time="0.108" /><testcase classname="tests.unit.test_db_store_keys.TestLeaderboardKey" name="test_leaderboard_sorted_by_sharpe_descending" time="0.114" /><testcase classname="tests.unit.test_db_store_keys.TestLeaderboardKey" name="test_get_leaderboard_endpoint_reads_from_db_store" time="0.123" /><testcase classname="tests.unit.test_db_store_keys.TestLeaderboardKey" name="test_leaderboard_endpoint_returns_empty_list_when_no_data" time="0.121" /><testcase classname="tests.unit.test_db_store_keys.TestLeaderboardKey" name="test_leaderboard_warm_up_in_app_lifespan" time="0.108" /><testcase classname="tests.unit.test_deep_ensemble.TestDeepEnsembleStore" name="test_inactive_when_model_file_missing" time="0.011" /><testcase classname="tests.unit.test_deep_ensemble.TestDeepEnsembleStore" name="test_inactive_when_oos_accuracy_below_gate" time="0.010" /><testcase classname="tests.unit.test_deep_ensemble.TestDeepEnsembleStore" name="test_inactive_when_p_value_above_gate" time="0.010" /><testcase classname="tests.unit.test_deep_ensemble.TestDeepEnsembleStore" name="test_inactive_when_meta_missing" time="0.009" /><testcase classname="tests.unit.test_deep_ensemble.TestDeepEnsembleStore" name="test_blend_returns_advanced_when_inactive" time="0.009" /><testcase classname="tests.unit.test_deep_ensemble.TestDeepEnsembleStore" name="test_blend_with_active_mock_predictor" time="0.019" /><testcase classname="tests.unit.test_deep_ensemble.TestDeepEnsembleStore" name="test_blend_clamps_to_unit_interval" time="0.015" /><testcase classname="tests.unit.test_deep_ensemble.TestDeepEnsembleStore" name="test_blend_returns_advanced_on_exception" time="0.011" /><testcase classname="tests.unit.test_deep_ensemble.TestDeepEnsembleStore" name="test_extract_features_shape" time="0.016" /><testcase classname="tests.unit.test_deep_ensemble.TestDeepEnsembleStore" name="test_extract_features_no_nan" time="0.015" /><testcase classname="tests.unit.test_deep_ensemble.TestDeepEnsembleStore" name="test_extract_features_dtype_float32" time="0.015" /><testcase classname="tests.unit.test_deep_ensemble.TestDeepEnsembleStore" name="test_status_returns_expected_keys" time="0.008" /><testcase classname="tests.unit.test_deep_ensemble.TestDeepEnsembleStore" name="test_oos_accuracy_property" time="0.010" /><testcase classname="tests.unit.test_deep_ensemble.TestDeepEnsembleStore" name="test_p_value_property" time="0.008" /><testcase classname="tests.unit.test_deep_ensemble.TestDeepEnsembleSignalEngine" name="test_flag_off_returns_none" time="0.008" /><testcase classname="tests.unit.test_deep_ensemble.TestDeepEnsembleSignalEngine" name="test_flag_on_no_model_returns_none" time="0.009" /><testcase classname="tests.unit.test_deep_ensemble.TestDeepEnsembleSignalEngine" name="test_blend_weight_formula" time="0.008" /><testcase classname="tests.unit.test_deep_ensemble.TestDeepEnsembleSignalEngine" name="test_blend_weight_zero_leaves_prob_unchanged" time="0.008" /><testcase classname="tests.unit.test_deep_ensemble.TestDeepEnsembleSignalEngine" name="test_blend_weight_one_returns_deep_prob" time="0.007" /><testcase classname="tests.unit.test_deep_ensemble.TestDeepPredictorArchitectures" name="test_valid_architectures_accepted" time="0.009" /><testcase classname="tests.unit.test_deep_ensemble.TestDeepPredictorArchitectures" name="test_invalid_architecture_raises" time="0.008" /><testcase classname="tests.unit.test_deep_ensemble.TestDeepPredictorArchitectures" name="test_n_features_stored" time="0.008" /><testcase classname="tests.unit.test_deep_ensemble.TestDeepPredictorArchitectures" name="test_seq_len_stored" time="0.008" /><testcase classname="tests.unit.test_diagnostics.TestDiagnosticResult" name="test_is_healthy_ok" time="0.012" /><testcase classname="tests.unit.test_diagnostics.TestDiagnosticResult" name="test_is_healthy_error" time="0.007" /><testcase classname="tests.unit.test_diagnostics.TestDiagnosticResult" name="test_to_dict_contains_required_keys" time="0.008" /><testcase classname="tests.unit.test_diagnostics.TestDiagnosticReport" name="test_has_critical" time="0.007" /><testcase classname="tests.unit.test_diagnostics.TestDiagnosticReport" name="test_has_errors" time="0.007" /><testcase classname="tests.unit.test_diagnostics.TestDiagnosticReport" name="test_no_critical_when_all_ok" time="0.008" /><testcase classname="tests.unit.test_diagnostics.TestDiagnosticReport" name="test_by_status_groups_correctly" time="0.007" /><testcase classname="tests.unit.test_diagnostics.TestDiagnosticReport" name="test_summary_contains_counts" time="0.009" /><testcase classname="tests.unit.test_diagnostics.TestDiagnosticReport" name="test_to_dict_structure" time="0.007" /><testcase classname="tests.unit.test_diagnostics.TestEnvVarCheck" name="test_missing_required_vars_reported_as_critical" time="0.009" /><testcase classname="tests.unit.test_diagnostics.TestEnvVarCheck" name="test_all_required_vars_present_returns_ok" time="0.008" /><testcase classname="tests.unit.test_diagnostics.TestEnvVarCheck" name="test_missing_optional_vars_returns_warning" time="0.009" /><testcase classname="tests.unit.test_diagnostics.TestImportChainCheck" name="test_valid_package_passes" time="0.031" /><testcase classname="tests.unit.test_diagnostics.TestImportChainCheck" name="test_broken_package_reported_as_critical" time="0.022" /><testcase classname="tests.unit.test_diagnostics.TestFrontendBuildCheck" name="test_missing_index_html_returns_warning" time="0.009" /><testcase classname="tests.unit.test_diagnostics.TestFrontendBuildCheck" name="test_fresh_index_html_returns_ok" time="0.009" /><testcase classname="tests.unit.test_diagnostics.TestFrontendBuildCheck" name="test_stale_index_html_returns_warning" time="0.008" /><testcase classname="tests.unit.test_diagnostics.TestLogPatternCheck" name="test_no_log_file_returns_warning" time="0.009" /><testcase classname="tests.unit.test_diagnostics.TestLogPatternCheck" name="test_clean_log_returns_ok" time="0.010" /><testcase classname="tests.unit.test_diagnostics.TestLogPatternCheck" name="test_db_error_pattern_detected" time="0.010" /><testcase classname="tests.unit.test_diagnostics.TestLogPatternCheck" name="test_import_error_pattern_detected" time="0.013" /><testcase classname="tests.unit.test_diagnostics.TestFullDiagnosticRun" name="test_run_full_diagnostic_returns_report" time="7.909" /><testcase classname="tests.unit.test_diagnostics.TestFullDiagnosticRun" name="test_run_full_diagnostic_sequential" time="8.012" /><testcase classname="tests.unit.test_diagnostics.TestFullDiagnosticRun" name="test_singleton_returns_same_instance" time="0.008" /><testcase classname="tests.unit.test_diagnostics.TestFullDiagnosticRun" name="test_last_report_stored_after_run" time="8.113" /><testcase classname="tests.unit.test_diagnostics.TestFullDiagnosticRun" name="test_report_to_dict_is_serialisable" time="7.869" /><testcase classname="tests.unit.test_diagnostics.TestCodeAnalyzerExtended" name="test_check_spa_routing_detects_missing_static_mount" time="0.017" /><testcase classname="tests.unit.test_diagnostics.TestCodeAnalyzerExtended" name="test_check_spa_routing_ok_with_static_mount" time="0.008" /><testcase classname="tests.unit.test_diagnostics.TestCodeAnalyzerExtended" name="test_check_cookie_security_detects_missing_httponly" time="0.008" /><testcase classname="tests.unit.test_diagnostics.TestCodeAnalyzerExtended" name="test_check_cookie_security_ok_with_httponly" time="0.008" /><testcase classname="tests.unit.test_diagnostics.TestCodeAnalyzerExtended" name="test_check_env_var_access_detects_keyerror_risk" time="0.009" /><testcase classname="tests.unit.test_diagnostics.TestCodeAnalyzerExtended" name="test_check_env_var_access_ok_with_getenv" time="0.008" /><testcase classname="tests.unit.test_diagnostics.TestCodeAnalyzerExtended" name="test_check_env_var_hardcoded_secret_detected" time="0.008" /><testcase classname="tests.unit.test_diagnostics.TestCodeAnalyzerExtended" name="test_check_startup_validators_detects_missing_call" time="0.007" /><testcase classname="tests.unit.test_diagnostics.TestCodeAnalyzerExtended" name="test_check_startup_validators_ok_when_present" time="0.008" /><testcase classname="tests.unit.test_diagnostics.TestCodeAnalyzerExtended" name="test_scan_extended_returns_list" time="0.008" /><testcase classname="tests.unit.test_diagnostics.TestCodeAnalyzerExtended" name="test_check_router_registration_skips_non_api_files" time="0.007" /><testcase classname="tests.unit.test_diagnostics.TestSuperadminDiagnosticsRouter" name="test_router_importable" time="0.006" /><testcase classname="tests.unit.test_diagnostics.TestSuperadminDiagnosticsRouter" name="test_router_has_expected_routes" time="0.008" /><testcase classname="tests.unit.test_diagnostics.TestSuperadminDiagnosticsRouter" name="test_check_descriptions_covers_all_known_checks" time="0.007" /><testcase classname="tests.unit.test_diagnostics.TestSuperadminDiagnosticsRouter" name="test_router_registered_in_superadmin_init" time="0.007" /><testcase classname="tests.unit.test_diagnostics.TestSelfHealerDiagnosticsIntegration" name="test_healer_has_diagnostics_state" time="0.009" /><testcase classname="tests.unit.test_diagnostics.TestSelfHealerDiagnosticsIntegration" name="test_get_last_diagnostic_report_returns_dict" time="0.009" /><testcase classname="tests.unit.test_diagnostics.TestSelfHealerDiagnosticsIntegration" name="test_get_diagnostics_remediation_log_returns_list" time="0.007" /><testcase classname="tests.unit.test_diagnostics.TestSelfHealerDiagnosticsIntegration" name="test_get_full_status_includes_diag_fields" time="0.008" /><testcase classname="tests.unit.test_diagnostics.TestSelfHealerDiagnosticsIntegration" name="test_run_diagnostics_now_returns_dict" time="8.265" /><testcase classname="tests.unit.test_dom.TestOrderBookLevel" name="test_level_creation" time="0.008" /><testcase classname="tests.unit.test_dom.TestOrderBookLevel" name="test_level_to_dict" time="0.008" /><testcase classname="tests.unit.test_dom.TestOrderBook" name="test_empty_orderbook" time="0.008" /><testcase classname="tests.unit.test_dom.TestOrderBook" name="test_orderbook_with_levels" time="0.008" /><testcase classname="tests.unit.test_dom.TestOrderBook" name="test_orderbook_imbalance" time="0.007" /><testcase classname="tests.unit.test_dom.TestOrderBook" name="test_orderbook_weighted_mid_price" time="0.008" /><testcase classname="tests.unit.test_dom.TestOrderBook" name="test_orderbook_total_volume" time="0.008" /><testcase classname="tests.unit.test_dom.TestOrderBook" name="test_orderbook_to_dict" time="0.008" /><testcase classname="tests.unit.test_dom.TestDepthOfMarketService" name="test_service_initialization" time="0.008" /><testcase classname="tests.unit.test_dom.TestDepthOfMarketService" name="test_update_order_book" time="0.007" /><testcase classname="tests.unit.test_dom.TestDepthOfMarketService" name="test_get_nonexistent_order_book" time="0.007" /><testcase classname="tests.unit.test_dom.TestDepthOfMarketService" name="test_get_spread" time="0.008" /><testcase classname="tests.unit.test_dom.TestDepthOfMarketService" name="test_get_imbalance" time="0.009" /><testcase classname="tests.unit.test_dom.TestDepthOfMarketService" name="test_get_order_book_analysis" time="0.008" /><testcase classname="tests.unit.test_dom.TestDepthOfMarketService" name="test_get_dom_visualization_data" time="0.008" /><testcase classname="tests.unit.test_dom.TestDepthOfMarketService" name="test_get_order_book_history" time="0.008" /><testcase classname="tests.unit.test_dom.TestDepthOfMarketService" name="test_get_imbalance_history" time="0.008" /><testcase classname="tests.unit.test_dom.TestDepthOfMarketService" name="test_get_symbols" time="0.008" /><testcase classname="tests.unit.test_dom.TestDepthOfMarketService" name="test_clear_symbol" time="0.008" /><testcase classname="tests.unit.test_dom.TestDepthOfMarketService" name="test_clear_all" time="0.008" /><testcase classname="tests.unit.test_dom.TestDepthOfMarketService" name="test_get_stats" time="0.008" /><testcase classname="tests.unit.test_dom.TestDepthOfMarketService" name="test_update_single_level" time="0.008" /><testcase classname="tests.unit.test_dom.TestDepthOfMarketService" name="test_global_instance" time="0.007" /><testcase classname="tests.unit.test_dom.TestOrderBookSide" name="test_side_values" time="0.007" /><testcase classname="tests.unit.test_drift_monitor.TestPSI" name="test_identical_distributions_return_zero" time="0.009" /><testcase classname="tests.unit.test_drift_monitor.TestPSI" name="test_shifted_distribution_returns_nonzero" time="0.008" /><testcase classname="tests.unit.test_drift_monitor.TestPSI" name="test_short_array_returns_zero" time="0.007" /><testcase classname="tests.unit.test_drift_monitor.TestPSI" name="test_result_is_non_negative" time="0.008" /><testcase classname="tests.unit.test_drift_monitor.TestKSPValue" name="test_identical_returns_high_pvalue" time="0.009" /><testcase classname="tests.unit.test_drift_monitor.TestKSPValue" name="test_very_different_returns_low_pvalue" time="0.009" /><testcase classname="tests.unit.test_drift_monitor.TestFeatureDrift" name="test_psi_level_green" time="0.007" /><testcase classname="tests.unit.test_drift_monitor.TestFeatureDrift" name="test_psi_level_yellow" time="0.007" /><testcase classname="tests.unit.test_drift_monitor.TestFeatureDrift" name="test_psi_level_red" time="0.007" /><testcase classname="tests.unit.test_drift_monitor.TestFeatureDrift" name="test_ks_alarm_true" time="0.008" /><testcase classname="tests.unit.test_drift_monitor.TestFeatureDrift" name="test_ks_alarm_false" time="0.007" /><testcase classname="tests.unit.test_drift_monitor.TestFeatureDrift" name="test_to_dict_has_expected_keys" time="0.007" /><testcase classname="tests.unit.test_drift_monitor.TestDriftMonitorInit" name="test_empty_stats_no_alarm" time="0.008" /><testcase classname="tests.unit.test_drift_monitor.TestDriftMonitorInit" name="test_from_feature_stats_missing_file_returns_empty" time="0.010" /><testcase classname="tests.unit.test_drift_monitor.TestDriftMonitorInit" name="test_from_feature_stats_valid_file" time="0.010" /><testcase classname="tests.unit.test_drift_monitor.TestDriftMonitorCompute" name="test_insufficient_samples_returns_empty" time="0.008" /><testcase classname="tests.unit.test_drift_monitor.TestDriftMonitorCompute" name="test_clean_data_no_retrain" time="0.013" /><testcase classname="tests.unit.test_drift_monitor.TestDriftMonitorCompute" name="test_severely_drifted_data_triggers_retrain" time="0.015" /><testcase classname="tests.unit.test_drift_monitor.TestDriftMonitorCompute" name="test_report_feature_list_populated" time="0.012" /><testcase classname="tests.unit.test_drift_monitor.TestDriftMonitorCompute" name="test_to_dict_structure" time="0.011" /><testcase classname="tests.unit.test_drift_monitor.TestGetDriftMonitor" name="test_returns_drift_monitor_instance" time="0.011" /><testcase classname="tests.unit.test_drift_monitor.TestGetDriftMonitor" name="test_force_reload_refreshes_singleton" time="0.011" /><testcase classname="tests.unit.test_drift_monitor.TestDriftReport" name="test_overall_status_green" time="0.007" /><testcase classname="tests.unit.test_drift_monitor.TestDriftReport" name="test_overall_status_red_when_n_red_gt_0" time="0.007" /><testcase classname="tests.unit.test_drift_monitor.TestEmptyReport" name="test_empty_report_does_not_require_retrain" time="0.008" /><testcase classname="tests.unit.test_email_triggers.TestLogOnlyFallback" name="test_trade_fill_returns_true_without_channel" time="0.060" /><testcase classname="tests.unit.test_email_triggers.TestLogOnlyFallback" name="test_daily_report_returns_true_without_channel" time="0.022" /><testcase classname="tests.unit.test_email_triggers.TestLogOnlyFallback" name="test_risk_halt_returns_true_without_channel" time="0.012" /><testcase classname="tests.unit.test_email_triggers.TestLogOnlyFallback" name="test_missing_recipient_returns_false" time="0.012" /><testcase classname="tests.unit.test_email_triggers.TestSubjectLines" name="test_trade_fill_subject_contains_symbol_and_price" time="0.009" /><testcase classname="tests.unit.test_email_triggers.TestSubjectLines" name="test_daily_report_subject_contains_date_and_pnl" time="0.008" /><testcase classname="tests.unit.test_email_triggers.TestSubjectLines" name="test_risk_halt_subject_contains_reason" time="0.009" /><testcase classname="tests.unit.test_email_triggers.TestSubjectLines" name="test_negative_pnl_shows_minus_sign" time="0.009" /><testcase classname="tests.unit.test_email_triggers.TestTemplateContext" name="test_trade_fill_passes_correct_template" time="0.008" /><testcase classname="tests.unit.test_email_triggers.TestTemplateContext" name="test_daily_report_passes_correct_template" time="0.008" /><testcase classname="tests.unit.test_email_triggers.TestTemplateContext" name="test_risk_halt_passes_correct_template" time="0.007" /><testcase classname="tests.unit.test_email_triggers.TestTemplateRenderFailure" name="test_render_failure_falls_back_to_none_html" time="0.010" /><testcase classname="tests.unit.test_enhanced_backtest_engine.TestNanosecondTimestamp" name="test_now_returns_instance" time="0.008" /><testcase classname="tests.unit.test_enhanced_backtest_engine.TestNanosecondTimestamp" name="test_from_datetime_roundtrip" time="0.008" /><testcase classname="tests.unit.test_enhanced_backtest_engine.TestNanosecondTimestamp" name="test_float_conversion" time="0.010" /><testcase classname="tests.unit.test_enhanced_backtest_engine.TestNanosecondTimestamp" name="test_ordering" time="0.007" /><testcase classname="tests.unit.test_enhanced_backtest_engine.TestNanosecondTimestamp" name="test_nanosecond_precision" time="0.007" /><testcase classname="tests.unit.test_enhanced_backtest_engine.TestNanosecondTimestamp" name="test_immutable" time="0.007" /><testcase classname="tests.unit.test_enhanced_backtest_engine.TestTickData" name="test_mid_price" time="0.008" /><testcase classname="tests.unit.test_enhanced_backtest_engine.TestTickData" name="test_spread" time="0.008" /><testcase classname="tests.unit.test_enhanced_backtest_engine.TestTickData" name="test_spread_bps" time="0.007" /><testcase classname="tests.unit.test_enhanced_backtest_engine.TestTickData" name="test_imbalance_balanced" time="0.008" /><testcase classname="tests.unit.test_enhanced_backtest_engine.TestTickData" name="test_imbalance_bid_heavy" time="0.007" /><testcase classname="tests.unit.test_enhanced_backtest_engine.TestTickData" name="test_invalid_prices_raise" time="0.007" /><testcase classname="tests.unit.test_enhanced_backtest_engine.TestTickData" name="test_negative_spread_raises" time="0.008" /><testcase classname="tests.unit.test_enhanced_backtest_engine.TestTickData" name="test_get_price_for_side_buy" time="0.008" /><testcase classname="tests.unit.test_enhanced_backtest_engine.TestTickData" name="test_get_price_for_side_sell" time="0.008" /><testcase classname="tests.unit.test_enhanced_backtest_engine.TestTickData" name="test_to_dict_keys" time="0.007" /><testcase classname="tests.unit.test_enhanced_backtest_engine.TestTransactionCostModel" name="test_default_init" time="0.008" /><testcase classname="tests.unit.test_enhanced_backtest_engine.TestTransactionCostModel" name="test_calibrate_xauusd" time="0.007" /><testcase classname="tests.unit.test_enhanced_backtest_engine.TestTransactionCostModel" name="test_calculate_market_impact_returns_dict" time="0.007" /><testcase classname="tests.unit.test_enhanced_backtest_engine.TestTransactionCostModel" name="test_calculate_market_impact_positive_values" time="0.008" /><testcase classname="tests.unit.test_enhanced_backtest_engine.TestTransactionCostModel" name="test_invalid_participation_rate_raises" time="0.007" /><testcase classname="tests.unit.test_enhanced_backtest_engine.TestTransactionCostModel" name="test_toxic_flow_increases_impact" time="0.009" /><testcase classname="tests.unit.test_enhanced_backtest_engine.TestTransactionCostModel" name="test_total_cost_structure" time="0.007" /><testcase classname="tests.unit.test_enhanced_backtest_engine.TestTransactionCostModel" name="test_estimate_decay_time_returns_timedelta" time="0.007" /><testcase classname="tests.unit.test_enhanced_backtest_engine.TestPosition" name="test_init" time="0.007" /><testcase classname="tests.unit.test_enhanced_backtest_engine.TestPosition" name="test_update_mfe_mae_long" time="0.008" /><testcase classname="tests.unit.test_enhanced_backtest_engine.TestPosition" name="test_update_mfe_mae_adverse" time="0.007" /><testcase classname="tests.unit.test_enhanced_backtest_engine.TestPosition" name="test_update_mfe_mae_zero_size_noop" time="0.008" /><testcase classname="tests.unit.test_enhanced_backtest_engine.TestPosition" name="test_add_trade_opening" time="0.007" /><testcase classname="tests.unit.test_enhanced_backtest_engine.TestPosition" name="test_add_trade_closing_updates_realized_pnl" time="0.007" /><testcase classname="tests.unit.test_enhanced_backtest_engine.TestPosition" name="test_get_performance_metrics_empty" time="0.007" /><testcase classname="tests.unit.test_enhanced_backtest_engine.TestPosition" name="test_get_performance_metrics_after_trade" time="0.008" /><testcase classname="tests.unit.test_enhanced_backtest_engine.TestAnalyticsFunctions" name="test_compute_drawdown_no_drawdown" time="0.007" /><testcase classname="tests.unit.test_enhanced_backtest_engine.TestAnalyticsFunctions" name="test_compute_drawdown_simple" time="0.007" /><testcase classname="tests.unit.test_enhanced_backtest_engine.TestAnalyticsFunctions" name="test_calculate_sortino_all_positive" time="0.007" /><testcase classname="tests.unit.test_enhanced_backtest_engine.TestAnalyticsFunctions" name="test_calculate_sortino_mixed" time="0.007" /><testcase classname="tests.unit.test_enhanced_backtest_engine.TestAnalyticsFunctions" name="test_calculate_calmar_zero_drawdown" time="0.007" /><testcase classname="tests.unit.test_enhanced_backtest_engine.TestAnalyticsFunctions" name="test_calculate_calmar_positive" time="0.008" /><testcase classname="tests.unit.test_enhanced_backtest_engine.TestInstitutionalRiskManager" name="test_init" time="0.009" /><testcase classname="tests.unit.test_enhanced_backtest_engine.TestInstitutionalRiskManager" name="test_pre_trade_allows_small_order" time="0.009" /><testcase classname="tests.unit.test_enhanced_backtest_engine.TestInstitutionalRiskManager" name="test_pre_trade_blocks_kill_switch" time="0.007" /><testcase classname="tests.unit.test_enhanced_backtest_engine.TestInstitutionalRiskManager" name="test_pre_trade_blocks_circuit_breaker" time="0.008" /><testcase classname="tests.unit.test_enhanced_backtest_engine.TestInstitutionalRiskManager" name="test_pre_trade_blocks_oversized_order" time="0.009" /><testcase classname="tests.unit.test_enhanced_backtest_engine.TestInstitutionalRiskManager" name="test_update_capital" time="0.008" /><testcase classname="tests.unit.test_enhanced_backtest_engine.TestInstitutionalRiskManager" name="test_calculate_var_no_history_returns_parametric_fallback" time="0.008" /><testcase classname="tests.unit.test_enhanced_backtest_engine.TestInstitutionalRiskManager" name="test_calculate_var_with_history" time="0.008" /><testcase classname="tests.unit.test_enhanced_backtest_engine.TestInstitutionalRiskManager" name="test_register_emergency_callback" time="0.008" /><testcase classname="tests.unit.test_enhanced_backtest_engine.TestInstitutionalRiskManager" name="test_intraday_risk_ok" time="0.008" /><testcase classname="tests.unit.test_enhanced_backtest_engine.TestGenerateTestData" name="test_raises_in_production" time="0.007" /><testcase classname="tests.unit.test_enhanced_backtest_engine.TestGenerateTestData" name="test_returns_list_in_dev" time="0.008" /><testcase classname="tests.unit.test_enhanced_backtest_engine.TestGenerateTestData" name="test_all_ticks_are_tickdata" time="0.008" /><testcase classname="tests.unit.test_enhanced_backtest_engine.TestGenerateTestData" name="test_ticks_have_positive_prices" time="0.008" /><testcase classname="tests.unit.test_enhanced_backtest_engine.TestGenerateTestData" name="test_ticks_ordered_by_time" time="0.009" /><testcase classname="tests.unit.test_enhanced_backtest_engine.TestEnhancedBacktestEngine" name="test_init_defaults" time="0.011" /><testcase classname="tests.unit.test_enhanced_backtest_engine.TestEnhancedBacktestEngine" name="test_init_custom_capital" time="0.010" /><testcase classname="tests.unit.test_enhanced_backtest_engine.TestEnhancedBacktestEngine" name="test_process_tick_updates_price_history" time="0.013" /><testcase classname="tests.unit.test_enhanced_backtest_engine.TestEnhancedBacktestEngine" name="test_process_tick_updates_equity_curve" time="0.010" /><testcase classname="tests.unit.test_enhanced_backtest_engine.TestEnhancedBacktestEngine" name="test_submit_order_no_price_data_fails" time="0.010" /><testcase classname="tests.unit.test_enhanced_backtest_engine.TestEnhancedBacktestEngine" name="test_submit_order_after_tick_succeeds" time="0.010" /><testcase classname="tests.unit.test_enhanced_backtest_engine.TestEnhancedBacktestEngine" name="test_submit_order_blocked_by_kill_switch" time="0.009" /><testcase classname="tests.unit.test_enhanced_backtest_engine.TestEnhancedBacktestEngine" name="test_process_multiple_ticks" time="0.063" /><testcase classname="tests.unit.test_enhanced_backtest_engine.TestEnhancedBacktestEngine" name="test_execution_quality_latency_model" time="0.012" /><testcase classname="tests.unit.test_enhanced_engine_cost_model.TestCalibrateXauusd" name="test_eta_is_xauusd_calibrated" time="0.007" /><testcase classname="tests.unit.test_enhanced_engine_cost_model.TestCalibrateXauusd" name="test_gamma_is_xauusd_calibrated" time="0.007" /><testcase classname="tests.unit.test_enhanced_engine_cost_model.TestCalibrateXauusd" name="test_beta_is_xauusd_calibrated" time="0.008" /><testcase classname="tests.unit.test_enhanced_engine_cost_model.TestCalibrateXauusd" name="test_spread_is_xauusd_calibrated" time="0.008" /><testcase classname="tests.unit.test_enhanced_engine_cost_model.TestCalibrateXauusd" name="test_overnight_long_rate_is_correct" time="0.007" /><testcase classname="tests.unit.test_enhanced_engine_cost_model.TestCalibrateXauusd" name="test_overnight_short_rate_is_correct" time="0.006" /><testcase classname="tests.unit.test_enhanced_engine_cost_model.TestCalibrateXauusd" name="test_use_swap_model_is_true" time="0.007" /><testcase classname="tests.unit.test_enhanced_engine_cost_model.TestCalibrateXauusd" name="test_equity_defaults_are_not_used" time="0.008" /><testcase classname="tests.unit.test_enhanced_engine_cost_model.TestRunComprehensiveBacktestCostModel" name="test_cost_model_uses_xauusd_calibration" time="0.013" /><testcase classname="tests.unit.test_enhanced_engine_cost_model.TestRunComprehensiveBacktestCostModel" name="test_cost_model_spread_not_equity_default" time="0.012" /><testcase classname="tests.unit.test_enhanced_engine_cost_model.TestGenerateTestDataProductionGuard" name="test_raises_in_production" time="0.011" /><testcase classname="tests.unit.test_enhanced_engine_cost_model.TestGenerateTestDataProductionGuard" name="test_raises_in_production_case_insensitive" time="0.010" /><testcase classname="tests.unit.test_enhanced_engine_cost_model.TestGenerateTestDataProductionGuard" name="test_warns_in_development" time="0.011" /><testcase classname="tests.unit.test_enhanced_engine_cost_model.TestGenerateTestDataProductionGuard" name="test_warns_in_test" time="0.010" /><testcase classname="tests.unit.test_enhanced_engine_cost_model.TestGenerateTestDataProductionGuard" name="test_returns_tick_data_objects" time="0.011" /><testcase classname="tests.unit.test_enhanced_engine_cost_model.TestGenerateTestDataProductionGuard" name="test_tick_bid_ask_spread_positive" time="0.014" /><testcase classname="tests.unit.test_enhanced_engine_cost_model.TestGenerateTestDataProductionGuard" name="test_tick_prices_positive" time="0.012" /><testcase classname="tests.unit.test_enhanced_engine_cost_model.TestTotalCostArithmetic" name="test_commission_minimum_per_lot" time="0.007" /><testcase classname="tests.unit.test_enhanced_engine_cost_model.TestTotalCostArithmetic" name="test_spread_cost_zero_for_maker" time="0.007" /><testcase classname="tests.unit.test_enhanced_engine_cost_model.TestTotalCostArithmetic" name="test_spread_cost_positive_for_taker" time="0.007" /><testcase classname="tests.unit.test_enhanced_engine_cost_model.TestTotalCostArithmetic" name="test_total_cost_equals_sum_of_components" time="0.007" /><testcase classname="tests.unit.test_enhanced_engine_cost_model.TestTotalCostArithmetic" name="test_cost_bps_is_positive" time="0.007" /><testcase classname="tests.unit.test_enhanced_engine_cost_model.TestTotalCostArithmetic" name="test_cost_bps_reasonable_for_xauusd" time="0.007" /><testcase classname="tests.unit.test_enhanced_engine_cost_model.TestTotalCostArithmetic" name="test_market_impact_included_when_participation_rate_given" time="0.008" /><testcase classname="tests.unit.test_enhanced_engine_cost_model.TestCalculateMarketImpact" name="test_impact_increases_with_participation_rate" time="0.008" /><testcase classname="tests.unit.test_enhanced_engine_cost_model.TestCalculateMarketImpact" name="test_impact_increases_with_volatility" time="0.007" /><testcase classname="tests.unit.test_enhanced_engine_cost_model.TestCalculateMarketImpact" name="test_temporary_impact_positive" time="0.007" /><testcase classname="tests.unit.test_enhanced_engine_cost_model.TestCalculateMarketImpact" name="test_permanent_impact_positive" time="0.007" /><testcase classname="tests.unit.test_enhanced_engine_cost_model.TestCalculateMarketImpact" name="test_total_equals_temp_plus_perm" time="0.007" /><testcase classname="tests.unit.test_enhanced_engine_cost_model.TestCalculateMarketImpact" name="test_invalid_participation_rate_raises" time="0.007" /><testcase classname="tests.unit.test_enhanced_engine_cost_model.TestCalculateMarketImpact" name="test_toxic_flow_increases_impact" time="0.007" /><testcase classname="tests.unit.test_enhanced_engine_cost_model.TestCalculateMarketImpact" name="test_xauusd_impact_lower_than_equity" time="0.008" /><testcase classname="tests.unit.test_enhanced_engine_cost_model.TestCalibrateFromExecutions" name="test_calibration_succeeds_with_sufficient_data" time="0.013" /><testcase classname="tests.unit.test_enhanced_engine_cost_model.TestCalibrateFromExecutions" name="test_calibration_returns_required_keys" time="0.011" /><testcase classname="tests.unit.test_enhanced_engine_cost_model.TestCalibrateFromExecutions" name="test_calibration_fails_gracefully_with_insufficient_data" time="0.007" /><testcase classname="tests.unit.test_enhanced_engine_cost_model.TestCalibrateFromExecutions" name="test_calibrated_parameters_update_model" time="0.010" /><testcase classname="tests.unit.test_enhanced_engine_cost_model.TestCalibrateFromExecutions" name="test_r_squared_positive" time="0.013" /><testcase classname="tests.unit.test_enhanced_ml_predictor.TestEnums" name="test_prediction_target_values" time="0.021" /><testcase classname="tests.unit.test_enhanced_ml_predictor.TestEnums" name="test_model_architecture_values" time="0.007" /><testcase classname="tests.unit.test_enhanced_ml_predictor.TestModelConfig" name="test_defaults" time="0.007" /><testcase classname="tests.unit.test_enhanced_ml_predictor.TestModelConfig" name="test_custom_values" time="0.008" /><testcase classname="tests.unit.test_enhanced_ml_predictor.TestModelConfig" name="test_architecture_stored" time="0.007" /><testcase classname="tests.unit.test_enhanced_ml_predictor.TestPrediction" name="test_is_confident_true" time="0.008" /><testcase classname="tests.unit.test_enhanced_ml_predictor.TestPrediction" name="test_is_confident_low_confidence" time="0.007" /><testcase classname="tests.unit.test_enhanced_ml_predictor.TestPrediction" name="test_is_confident_high_uncertainty" time="0.008" /><testcase classname="tests.unit.test_enhanced_ml_predictor.TestPrediction" name="test_is_confident_boundary_confidence" time="0.007" /><testcase classname="tests.unit.test_enhanced_ml_predictor.TestPrediction" name="test_is_confident_custom_threshold" time="0.007" /><testcase classname="tests.unit.test_enhanced_ml_predictor.TestPrediction" name="test_to_dict_keys" time="0.008" /><testcase classname="tests.unit.test_enhanced_ml_predictor.TestPrediction" name="test_to_dict_uncertainty_decomposition" time="0.007" /><testcase classname="tests.unit.test_enhanced_ml_predictor.TestPrediction" name="test_to_dict_timestamp_is_iso_string" time="0.007" /><testcase classname="tests.unit.test_enhanced_ml_predictor.TestAdvancedFeatureEngineer" name="test_init_defaults" time="0.008" /><testcase classname="tests.unit.test_enhanced_ml_predictor.TestAdvancedFeatureEngineer" name="test_init_custom_windows" time="0.008" /><testcase classname="tests.unit.test_enhanced_ml_predictor.TestAdvancedFeatureEngineer" name="test_create_features_requires_fit_first" time="0.193" /><testcase classname="tests.unit.test_enhanced_ml_predictor.TestAdvancedFeatureEngineer" name="test_create_features_fit_returns_dataframe" time="0.570" /><testcase classname="tests.unit.test_enhanced_ml_predictor.TestAdvancedFeatureEngineer" name="test_create_features_no_nan_after_fit" time="0.543" /><testcase classname="tests.unit.test_enhanced_ml_predictor.TestAdvancedFeatureEngineer" name="test_create_features_sets_is_fitted" time="0.541" /><testcase classname="tests.unit.test_enhanced_ml_predictor.TestAdvancedFeatureEngineer" name="test_create_features_transform_after_fit" time="1.109" /><testcase classname="tests.unit.test_enhanced_ml_predictor.TestAdvancedFeatureEngineer" name="test_create_features_column_alignment" time="1.108" /><testcase classname="tests.unit.test_enhanced_ml_predictor.TestAdvancedFeatureEngineer" name="test_feature_names_populated_after_fit" time="0.591" /><testcase classname="tests.unit.test_enhanced_ml_predictor.TestAdvancedFeatureEngineer" name="test_get_feature_importance_tree_model" time="0.589" /><testcase classname="tests.unit.test_enhanced_ml_predictor.TestGenerateSyntheticData" name="test_raises_in_production" time="0.008" /><testcase classname="tests.unit.test_enhanced_ml_predictor.TestGenerateSyntheticData" name="test_returns_dataframe_in_dev" time="0.010" /><testcase classname="tests.unit.test_enhanced_ml_predictor.TestGenerateSyntheticData" name="test_required_columns_present" time="0.010" /><testcase classname="tests.unit.test_enhanced_ml_predictor.TestGenerateSyntheticData" name="test_no_nan_values" time="0.011" /><testcase classname="tests.unit.test_enhanced_ml_predictor.TestGenerateSyntheticData" name="test_high_gte_low" time="0.010" /><testcase classname="tests.unit.test_enhanced_ml_predictor.TestGenerateSyntheticData" name="test_emits_user_warning" time="0.010" /><testcase classname="tests.unit.test_enhanced_ml_predictor.TestEnsemblePredictor" name="test_init" time="0.008" /><testcase classname="tests.unit.test_enhanced_ml_predictor.TestEnsemblePredictor" name="test_add_model" time="0.008" /><testcase classname="tests.unit.test_enhanced_ml_predictor.TestEnsemblePredictor" name="test_add_multiple_models" time="0.011" /><testcase classname="tests.unit.test_enhanced_ml_predictor.TestEnhancedMLPredictor" name="test_init_defaults" time="0.010" /><testcase classname="tests.unit.test_enhanced_ml_predictor.TestEnhancedMLPredictor" name="test_init_custom_params" time="0.010" /><testcase classname="tests.unit.test_enhanced_ml_predictor.TestEnhancedMLPredictor" name="test_predict_returns_none_when_not_fitted" time="0.016" /><testcase classname="tests.unit.test_enhanced_ml_predictor.TestEnhancedMLPredictor" name="test_get_model_report_not_fitted" time="0.011" /><testcase classname="tests.unit.test_enhanced_ml_predictor.TestEnhancedMLPredictor" name="test_update_performance_no_crash" time="0.011" /><testcase classname="tests.unit.test_enhanced_ml_predictor.TestEnhancedMLPredictor" name="test_build_ensemble_rf_no_crash" time="0.012" /><testcase classname="tests.unit.test_enhanced_ml_predictor.TestEnhancedMLPredictor" name="test_build_ensemble_creates_ensemble" time="0.011" /><testcase classname="tests.unit.test_enhanced_ml_predictor.TestEnhancedMLPredictor" name="test_fit_and_predict_with_synthetic_data" time="6.876" /><testcase classname="tests.unit.test_enhanced_ml_predictor.TestEnhancedMLPredictor" name="test_get_model_report_after_fit" time="5.951" /><testcase classname="tests.unit.test_enhanced_smart_router.TestVenue" name="test_total_cost_taker" time="0.011" /><testcase classname="tests.unit.test_enhanced_smart_router.TestVenue" name="test_total_cost_maker" time="0.007" /><testcase classname="tests.unit.test_enhanced_smart_router.TestVenue" name="test_total_cost_zero_fee" time="0.007" /><testcase classname="tests.unit.test_enhanced_smart_router.TestVenue" name="test_default_reliability_score" time="0.007" /><testcase classname="tests.unit.test_enhanced_smart_router.TestVenue" name="test_preferred_assets_default_empty" time="0.007" /><testcase classname="tests.unit.test_enhanced_smart_router.TestOrder" name="test_notional_property" time="0.007" /><testcase classname="tests.unit.test_enhanced_smart_router.TestOrder" name="test_is_filled_false_initially" time="0.007" /><testcase classname="tests.unit.test_enhanced_smart_router.TestOrder" name="test_is_filled_true_when_fully_filled" time="0.008" /><testcase classname="tests.unit.test_enhanced_smart_router.TestOrder" name="test_remaining_size_initially_equals_size" time="0.006" /><testcase classname="tests.unit.test_enhanced_smart_router.TestOrder" name="test_remaining_size_after_partial_fill" time="0.007" /><testcase classname="tests.unit.test_enhanced_smart_router.TestMarketImpactModel" name="test_init_defaults" time="0.007" /><testcase classname="tests.unit.test_enhanced_smart_router.TestMarketImpactModel" name="test_temporary_impact_positive" time="0.008" /><testcase classname="tests.unit.test_enhanced_smart_router.TestMarketImpactModel" name="test_permanent_impact_positive" time="0.009" /><testcase classname="tests.unit.test_enhanced_smart_router.TestMarketImpactModel" name="test_total_cost_returns_dict" time="0.009" /><testcase classname="tests.unit.test_enhanced_smart_router.TestMarketImpactModel" name="test_total_impact_bps_is_sum_of_components" time="0.008" /><testcase classname="tests.unit.test_enhanced_smart_router.TestMarketImpactModel" name="test_larger_order_has_more_impact" time="0.007" /><testcase classname="tests.unit.test_enhanced_smart_router.TestMarketImpactModel" name="test_zero_time_returns_zero" time="0.007" /><testcase classname="tests.unit.test_enhanced_smart_router.TestMarketImpactModel" name="test_zero_volume_returns_zero" time="0.007" /><testcase classname="tests.unit.test_enhanced_smart_router.TestTWAPStrategy" name="test_init" time="0.007" /><testcase classname="tests.unit.test_enhanced_smart_router.TestTWAPStrategy" name="test_slice_size_equals_order_size_divided_by_slices" time="0.008" /><testcase classname="tests.unit.test_enhanced_smart_router.TestTWAPStrategy" name="test_slice_size_times_slices_equals_order_size" time="0.007" /><testcase classname="tests.unit.test_enhanced_smart_router.TestTWAPStrategy" name="test_is_complete_false_initially" time="0.007" /><testcase classname="tests.unit.test_enhanced_smart_router.TestTWAPStrategy" name="test_update_order_tracks_fills" time="0.007" /><testcase classname="tests.unit.test_enhanced_smart_router.TestVWAPStrategy" name="test_init" time="0.008" /><testcase classname="tests.unit.test_enhanced_smart_router.TestVWAPStrategy" name="test_total_volume_computed" time="0.008" /><testcase classname="tests.unit.test_enhanced_smart_router.TestVWAPStrategy" name="test_proportional_slice_sizes" time="0.008" /><testcase classname="tests.unit.test_enhanced_smart_router.TestVWAPStrategy" name="test_duration_stored" time="0.007" /><testcase classname="tests.unit.test_enhanced_smart_router.TestImplementationShortfallStrategy" name="test_init_requires_arrival_price" time="0.008" /><testcase classname="tests.unit.test_enhanced_smart_router.TestImplementationShortfallStrategy" name="test_init_with_arrival_price" time="0.008" /><testcase classname="tests.unit.test_enhanced_smart_router.TestImplementationShortfallStrategy" name="test_optimal_trajectory_sums_to_order_size" time="0.007" /><testcase classname="tests.unit.test_enhanced_smart_router.TestImplementationShortfallStrategy" name="test_optimal_trajectory_has_10_periods" time="0.007" /><testcase classname="tests.unit.test_enhanced_smart_router.TestImplementationShortfallStrategy" name="test_higher_urgency_front_loads_execution" time="0.007" /><testcase classname="tests.unit.test_enhanced_smart_router.TestSmartOrderRouter" name="test_init_default_venues" time="0.008" /><testcase classname="tests.unit.test_enhanced_smart_router.TestSmartOrderRouter" name="test_init_custom_venues" time="0.008" /><testcase classname="tests.unit.test_enhanced_smart_router.TestSmartOrderRouter" name="test_route_order_market_returns_strategy" time="0.008" /><testcase classname="tests.unit.test_enhanced_smart_router.TestSmartOrderRouter" name="test_route_order_twap_returns_twap_strategy" time="0.008" /><testcase classname="tests.unit.test_enhanced_smart_router.TestSmartOrderRouter" name="test_route_order_vwap_returns_vwap_strategy" time="0.008" /><testcase classname="tests.unit.test_enhanced_smart_router.TestSmartOrderRouter" name="test_route_order_is_adds_to_active_orders" time="0.008" /><testcase classname="tests.unit.test_enhanced_smart_router.TestSmartOrderRouter" name="test_score_venue_returns_float" time="0.008" /><testcase classname="tests.unit.test_enhanced_smart_router.TestSmartOrderRouter" name="test_score_venue_lower_fee_scores_higher" time="0.008" /><testcase classname="tests.unit.test_enhanced_smart_router.TestSmartOrderRouter" name="test_score_venue_lower_latency_scores_higher" time="0.009" /><testcase classname="tests.unit.test_enhanced_smart_router.TestSmartOrderRouter" name="test_execute_order_returns_dict" time="0.013" /><testcase classname="tests.unit.test_enhanced_smart_router.TestSmartOrderRouter" name="test_execute_order_result_keys" time="0.012" /><testcase classname="tests.unit.test_enhanced_smart_router.TestSmartOrderRouter" name="test_routing_weights_sum_to_one" time="0.008" /><testcase classname="tests.unit.test_execution_async_engine.TestOrder" name="test_remaining_qty_full" time="0.006" /><testcase classname="tests.unit.test_execution_async_engine.TestOrder" name="test_remaining_qty_partial" time="0.009" /><testcase classname="tests.unit.test_execution_async_engine.TestOrder" name="test_default_status_pending" time="0.007" /><testcase classname="tests.unit.test_execution_async_engine.TestOrder" name="test_metadata_default_empty" time="0.007" /><testcase classname="tests.unit.test_execution_async_engine.TestOrderStatus" name="test_all_statuses_exist" time="0.007" /><testcase classname="tests.unit.test_execution_async_engine.TestOrderType" name="test_all_types_exist" time="0.007" /><testcase classname="tests.unit.test_execution_async_engine.TestFill" name="test_fill_creation" time="0.007" /><testcase classname="tests.unit.test_execution_async_engine.TestAsyncExecutionEngineInit" name="test_init_stores_config" time="0.007" /><testcase classname="tests.unit.test_execution_async_engine.TestAsyncExecutionEngineInit" name="test_paper_mode_true" time="0.007" /><testcase classname="tests.unit.test_execution_async_engine.TestAsyncExecutionEngineInit" name="test_orders_empty_initially" time="0.007" /><testcase classname="tests.unit.test_execution_async_engine.TestAsyncExecutionEngineInit" name="test_initialize_populates_brokers" time="0.012" /><testcase classname="tests.unit.test_execution_async_engine.TestSubmitOrder" name="test_submit_returns_order_id" time="0.022" /><testcase classname="tests.unit.test_execution_async_engine.TestSubmitOrder" name="test_order_tracked" time="0.025" /><testcase classname="tests.unit.test_execution_async_engine.TestSubmitOrder" name="test_shutdown_rejects_order" time="0.012" /><testcase classname="tests.unit.test_execution_async_engine.TestCancelOrder" name="test_cancel_nonexistent_returns_false" time="0.010" /><testcase classname="tests.unit.test_execution_async_engine.TestCancelOrder" name="test_cancel_filled_order_returns_false" time="0.021" /><testcase classname="tests.unit.test_execution_async_engine.TestGetPositions" name="test_get_positions_returns_list" time="0.013" /><testcase classname="tests.unit.test_execution_async_engine.TestShutdown" name="test_shutdown_sets_flag" time="0.012" /><testcase classname="tests.unit.test_execution_coverage.TestMessageThrottler" name="test_can_send_initially" time="0.006" /><testcase classname="tests.unit.test_execution_coverage.TestMessageThrottler" name="test_cancels_always_allowed" time="0.008" /><testcase classname="tests.unit.test_execution_coverage.TestMessageThrottler" name="test_cancel_all_always_allowed" time="0.008" /><testcase classname="tests.unit.test_execution_coverage.TestMessageThrottler" name="test_modify_always_allowed" time="0.008" /><testcase classname="tests.unit.test_execution_coverage.TestMessageThrottler" name="test_record_message_increments_window" time="0.007" /><testcase classname="tests.unit.test_execution_coverage.TestMessageThrottler" name="test_cancel_not_counted" time="0.007" /><testcase classname="tests.unit.test_execution_coverage.TestMessageThrottler" name="test_burst_blocks_after_limit" time="0.008" /><testcase classname="tests.unit.test_execution_coverage.TestMessageThrottler" name="test_get_status_keys" time="0.007" /><testcase classname="tests.unit.test_execution_coverage.TestMessageThrottler" name="test_throttle_level_normal_initially" time="0.007" /><testcase classname="tests.unit.test_execution_coverage.TestMessageThrottler" name="test_throttle_level_enum_values" time="0.007" /><testcase classname="tests.unit.test_execution_coverage.TestMessageThrottler" name="test_throttle_state_dataclass" time="0.007" /><testcase classname="tests.unit.test_execution_coverage.TestMessageThrottler" name="test_minute_window_limit" time="0.008" /><testcase classname="tests.unit.test_execution_coverage.TestMessageThrottler" name="test_cooldown_state_set" time="0.008" /><testcase classname="tests.unit.test_execution_coverage.TestSpreadMonitor" name="test_on_tick_returns_snapshot" time="0.007" /><testcase classname="tests.unit.test_execution_coverage.TestSpreadMonitor" name="test_snapshot_spread_correct" time="0.007" /><testcase classname="tests.unit.test_execution_coverage.TestSpreadMonitor" name="test_tick_count_increments" time="0.007" /><testcase classname="tests.unit.test_execution_coverage.TestSpreadMonitor" name="test_no_spike_on_normal_spread" time="0.009" /><testcase classname="tests.unit.test_execution_coverage.TestSpreadMonitor" name="test_spike_detected_on_wide_spread" time="0.009" /><testcase classname="tests.unit.test_execution_coverage.TestSpreadMonitor" name="test_get_snapshot_returns_latest" time="0.007" /><testcase classname="tests.unit.test_execution_coverage.TestSpreadMonitor" name="test_get_all_snapshots" time="0.008" /><testcase classname="tests.unit.test_execution_coverage.TestSpreadMonitor" name="test_multiple_symbols_independent" time="0.007" /><testcase classname="tests.unit.test_execution_coverage.TestSpreadMonitor" name="test_spread_snapshot_namedtuple" time="0.007" /><testcase classname="tests.unit.test_execution_coverage.TestSpreadMonitor" name="test_singleton" time="0.007" /><testcase classname="tests.unit.test_execution_coverage.TestSpreadMonitor" name="test_abs_limit_triggers_spike" time="0.010" /><testcase classname="tests.unit.test_execution_coverage.TestPositionTracker" name="test_add_position" time="0.020" /><testcase classname="tests.unit.test_execution_coverage.TestPositionTracker" name="test_get_position" time="0.010" /><testcase classname="tests.unit.test_execution_coverage.TestPositionTracker" name="test_get_position_missing_returns_none" time="0.007" /><testcase classname="tests.unit.test_execution_coverage.TestPositionTracker" name="test_get_all_positions" time="0.038" /><testcase classname="tests.unit.test_execution_coverage.TestPositionTracker" name="test_get_positions_by_symbol" time="0.011" /><testcase classname="tests.unit.test_execution_coverage.TestPositionTracker" name="test_update_position" time="0.010" /><testcase classname="tests.unit.test_execution_coverage.TestPositionTracker" name="test_update_nonexistent_returns_false" time="0.011" /><testcase classname="tests.unit.test_execution_coverage.TestPositionTracker" name="test_close_position" time="0.014" /><testcase classname="tests.unit.test_execution_coverage.TestPositionTracker" name="test_close_nonexistent_returns_none" time="0.011" /><testcase classname="tests.unit.test_execution_coverage.TestPositionTracker" name="test_get_total_pnl" time="0.010" /><testcase classname="tests.unit.test_execution_coverage.TestPositionTracker" name="test_get_exposure" time="0.009" /><testcase classname="tests.unit.test_execution_coverage.TestPositionTracker" name="test_update_prices" time="0.009" /><testcase classname="tests.unit.test_execution_coverage.TestPositionTracker" name="test_add_multiple_positions" time="0.009" /><testcase classname="tests.unit.test_execution_coverage.TestTCAEngine" name="test_start_order" time="0.010" /><testcase classname="tests.unit.test_execution_coverage.TestTCAEngine" name="test_record_fill" time="0.009" /><testcase classname="tests.unit.test_execution_coverage.TestTCAEngine" name="test_complete_order_returns_metrics" time="0.007" /><testcase classname="tests.unit.test_execution_coverage.TestTCAEngine" name="test_get_stats_empty" time="0.008" /><testcase classname="tests.unit.test_execution_coverage.TestTCAEngine" name="test_get_stats_after_order" time="0.007" /><testcase classname="tests.unit.test_execution_coverage10.TestSimulateFill" name="test_market_buy_fills" time="1.213" /><testcase classname="tests.unit.test_execution_coverage10.TestSimulateFill" name="test_market_sell_fills" time="1.212" /><testcase classname="tests.unit.test_execution_coverage10.TestSimulateFill" name="test_no_price_cache_rejects" time="0.019" /><testcase classname="tests.unit.test_execution_coverage10.TestSimulateFill" name="test_limit_buy_below_ask_fills" time="1.213" /><testcase classname="tests.unit.test_execution_coverage10.TestSimulateFill" name="test_limit_sell_above_bid_fills" time="1.212" /><testcase classname="tests.unit.test_execution_coverage10.TestSimulateFill" name="test_on_fill_callback_fires" time="1.213" /><testcase classname="tests.unit.test_execution_coverage10.TestSimulateFill" name="test_on_order_update_callback_fires" time="1.213" /><testcase classname="tests.unit.test_execution_coverage10.TestApplyFill" name="test_apply_fill_full" time="0.011" /><testcase classname="tests.unit.test_execution_coverage10.TestApplyFill" name="test_apply_fill_partial" time="0.011" /><testcase classname="tests.unit.test_execution_coverage10.TestApplyFill" name="test_apply_fill_callback_error_no_propagate" time="0.011" /><testcase classname="tests.unit.test_execution_coverage10.TestModifyOrder" name="test_modify_nonexistent_order" time="0.009" /><testcase classname="tests.unit.test_execution_coverage10.TestCloseAllPositions" name="test_close_all_with_positions" time="0.012" /><testcase classname="tests.unit.test_execution_coverage10.TestCloseAllPositions" name="test_get_latency_report_with_data" time="0.011" /><testcase classname="tests.unit.test_execution_coverage11.TestExecuteOpenSuccessPath" name="test_buy_order_filled" time="0.018" /><testcase classname="tests.unit.test_execution_coverage11.TestExecuteOpenSuccessPath" name="test_sell_order_filled" time="0.020" /><testcase classname="tests.unit.test_execution_coverage11.TestExecuteOpenSuccessPath" name="test_partial_fill_result" time="0.017" /><testcase classname="tests.unit.test_execution_coverage11.TestExecuteOpenSuccessPath" name="test_rejected_fill_result" time="0.017" /><testcase classname="tests.unit.test_execution_coverage11.TestExecuteOpenSuccessPath" name="test_gate_blocks_trade_blocked_error" time="0.020" /><testcase classname="tests.unit.test_execution_coverage11.TestExecuteOpenSuccessPath" name="test_gate_risk_manager_error" time="0.025" /><testcase classname="tests.unit.test_execution_coverage11.TestExecuteOpenSuccessPath" name="test_missing_fields_returns_error" time="0.017" /><testcase classname="tests.unit.test_execution_coverage11.TestExecuteOpenSuccessPath" name="test_invalid_action_returns_error" time="0.017" /><testcase classname="tests.unit.test_execution_coverage11.TestExecuteOpenSuccessPath" name="test_callback_fires_on_success" time="0.019" /><testcase classname="tests.unit.test_execution_coverage11.TestExecuteClose" name="test_close_success" time="0.019" /><testcase classname="tests.unit.test_execution_coverage11.TestExecuteClose" name="test_close_position_not_found" time="0.016" /><testcase classname="tests.unit.test_execution_coverage11.TestExecuteClose" name="test_close_updates_streak" time="0.021" /><testcase classname="tests.unit.test_execution_coverage11.TestExecuteClose" name="test_close_broker_returns_false" time="0.014" /><testcase classname="tests.unit.test_execution_coverage11.TestExecuteClose" name="test_cancel_all_pending_calls_broker" time="0.015" /><testcase classname="tests.unit.test_execution_coverage12.TestExecuteWithFallback" name="test_filled_returns_fill_dict" time="0.013" /><testcase classname="tests.unit.test_execution_coverage12.TestExecuteWithFallback" name="test_broker_non_fill_returns_rejected" time="0.012" /><testcase classname="tests.unit.test_execution_coverage12.TestExecuteWithFallback" name="test_broker_timeout_returns_rejected" time="0.014" /><testcase classname="tests.unit.test_execution_coverage12.TestExecuteWithFallback" name="test_broker_connection_error_returns_rejected" time="0.012" /><testcase classname="tests.unit.test_execution_coverage12.TestExecuteWithFallback" name="test_broker_runtime_error_returns_rejected" time="0.014" /><testcase classname="tests.unit.test_execution_coverage12.TestExecuteWithFallback" name="test_fallback_to_second_broker" time="0.012" /><testcase classname="tests.unit.test_execution_coverage12.TestExecuteWithFallback" name="test_fill_records_state" time="0.012" /><testcase classname="tests.unit.test_execution_coverage12.TestExecuteWithFallback" name="test_error_records_state" time="0.016" /><testcase classname="tests.unit.test_execution_coverage12.TestPreRouteGate" name="test_high_spread_rejected" time="0.008" /><testcase classname="tests.unit.test_execution_coverage12.TestPreRouteGate" name="test_high_impact_rejected" time="0.008" /><testcase classname="tests.unit.test_execution_coverage12.TestPreRouteGate" name="test_adverse_sentiment_rejected" time="0.007" /><testcase classname="tests.unit.test_execution_coverage12.TestPreRouteGate" name="test_normal_conditions_pass" time="0.009" /><testcase classname="tests.unit.test_execution_coverage12.TestPreRouteGate" name="test_unwind_bypasses_gate" time="0.012" /><testcase classname="tests.unit.test_execution_coverage12.TestRouteViaAlgo" name="test_large_order_delegates_to_algo" time="0.013" /><testcase classname="tests.unit.test_execution_coverage12.TestRouteViaAlgo" name="test_algo_returns_none_falls_through" time="0.015" /><testcase classname="tests.unit.test_execution_coverage12.TestRouteViaAlgo" name="test_algo_none_no_brokers_rejected" time="0.014" /><testcase classname="tests.unit.test_execution_coverage12.TestSubmitChildOrder" name="test_child_order_filled" time="0.014" /><testcase classname="tests.unit.test_execution_coverage12.TestSubmitChildOrder" name="test_child_order_no_brokers_rejected" time="0.009" /><testcase classname="tests.unit.test_execution_coverage12.TestSubmitChildOrder" name="test_child_order_sell_direction" time="0.013" /><testcase classname="tests.unit.test_execution_coverage12.TestExplainSelection" name="test_no_state_returns_only_available" time="0.008" /><testcase classname="tests.unit.test_execution_coverage12.TestExplainSelection" name="test_low_latency_reason" time="0.007" /><testcase classname="tests.unit.test_execution_coverage12.TestExplainSelection" name="test_ofi_aligned_reason" time="0.011" /><testcase classname="tests.unit.test_execution_coverage12.TestExplainSelection" name="test_best_composite_score_fallback" time="0.007" /><testcase classname="tests.unit.test_execution_coverage12.TestMetrics" name="test_metrics_after_fill" time="0.012" /><testcase classname="tests.unit.test_execution_coverage12.TestMetrics" name="test_metrics_fill_rate" time="0.012" /><testcase classname="tests.unit.test_execution_coverage12.TestMetrics" name="test_metrics_throttled" time="0.013" /><testcase classname="tests.unit.test_execution_coverage13.TestExecutionInit" name="test_import_execution_package" time="0.009" /><testcase classname="tests.unit.test_execution_coverage13.TestExecutionInit" name="test_legacy_exports" time="0.008" /><testcase classname="tests.unit.test_execution_coverage13.TestExecutionInit" name="test_trade_executor_export" time="0.008" /><testcase classname="tests.unit.test_execution_coverage13.TestExecutionInit" name="test_smart_router_export" time="0.008" /><testcase classname="tests.unit.test_execution_coverage13.TestExecutionInit" name="test_position_manager_export" time="0.010" /><testcase classname="tests.unit.test_execution_coverage13.TestExecutionInit" name="test_oms_exports" time="0.007" /><testcase classname="tests.unit.test_execution_coverage13.TestExecutionInit" name="test_position_tracker_export" time="0.007" /><testcase classname="tests.unit.test_execution_coverage13.TestExecutionInit" name="test_async_engine_export" time="0.007" /><testcase classname="tests.unit.test_execution_coverage13.TestExecutionInit" name="test_tca_engine_export" time="0.008" /><testcase classname="tests.unit.test_execution_coverage13.TestExecutionInit" name="test_sl_tp_monitor_export" time="0.008" /><testcase classname="tests.unit.test_execution_coverage13.TestExecutionInit" name="test_throttler_export" time="0.008" /><testcase classname="tests.unit.test_execution_coverage13.TestExecutionInit" name="test_spread_monitor_export" time="0.008" /><testcase classname="tests.unit.test_execution_coverage13.TestExecutionInit" name="test_broker_circuit_breaker_export" time="0.007" /><testcase classname="tests.unit.test_execution_coverage13.TestExecutionInit" name="test_order_algorithms_export" time="0.010" /><testcase classname="tests.unit.test_execution_coverage13.TestPositionManagerValidation" name="test_open_invalid_side_raises" time="0.013" /><testcase classname="tests.unit.test_execution_coverage13.TestPositionManagerValidation" name="test_open_zero_quantity_raises" time="0.010" /><testcase classname="tests.unit.test_execution_coverage13.TestPositionManagerValidation" name="test_open_negative_quantity_raises" time="0.010" /><testcase classname="tests.unit.test_execution_coverage13.TestPositionManagerValidation" name="test_open_zero_price_raises" time="0.009" /><testcase classname="tests.unit.test_execution_coverage13.TestPositionManagerValidation" name="test_close_zero_price_raises" time="0.011" /><testcase classname="tests.unit.test_execution_coverage13.TestPositionManagerValidation" name="test_open_with_sl_tp" time="0.012" /><testcase classname="tests.unit.test_execution_coverage13.TestPositionManagerValidation" name="test_open_with_position_id" time="0.010" /><testcase classname="tests.unit.test_execution_coverage13.TestPositionManagerValidation" name="test_open_with_metadata" time="0.015" /><testcase classname="tests.unit.test_execution_coverage13.TestPositionManagerValidation" name="test_update_stop_loss" time="0.015" /><testcase classname="tests.unit.test_execution_coverage13.TestPositionManagerValidation" name="test_update_take_profit" time="0.013" /><testcase classname="tests.unit.test_execution_coverage13.TestPositionManagerValidation" name="test_sell_pnl_profit" time="0.015" /><testcase classname="tests.unit.test_execution_coverage13.TestPositionManagerValidation" name="test_sell_pnl_loss" time="0.013" /><testcase classname="tests.unit.test_execution_coverage13.TestPositionManagerValidation" name="test_get_unrealized_pnl_sell" time="0.010" /><testcase classname="tests.unit.test_execution_coverage13.TestPositionManagerValidation" name="test_get_history_limit" time="0.020" /><testcase classname="tests.unit.test_execution_coverage13.TestPositionManagerValidation" name="test_prom_helpers_no_crash" time="0.009" /><testcase classname="tests.unit.test_execution_coverage13.TestTCABenchmarkTypes" name="test_vwap_benchmark" time="0.011" /><testcase classname="tests.unit.test_execution_coverage13.TestTCABenchmarkTypes" name="test_twap_benchmark" time="0.010" /><testcase classname="tests.unit.test_execution_coverage13.TestTCABenchmarkTypes" name="test_close_benchmark" time="0.009" /><testcase classname="tests.unit.test_execution_coverage13.TestTCABenchmarkTypes" name="test_complete_with_vwap_cache" time="0.016" /><testcase classname="tests.unit.test_execution_coverage13.TestTCABenchmarkTypes" name="test_complete_with_twap_cache" time="0.016" /><testcase classname="tests.unit.test_execution_coverage13.TestTCABenchmarkTypes" name="test_register_cost_callback" time="0.010" /><testcase classname="tests.unit.test_execution_coverage13.TestTCABenchmarkTypes" name="test_active_orders_dict" time="0.007" /><testcase classname="tests.unit.test_execution_coverage13.TestTradeExecutorMiscPaths" name="test_get_risk_status_keys" time="0.011" /><testcase classname="tests.unit.test_execution_coverage13.TestTradeExecutorMiscPaths" name="test_notify_inference_engine_fill_no_crash" time="0.013" /><testcase classname="tests.unit.test_execution_coverage13.TestTradeExecutorMiscPaths" name="test_async_callback_fires" time="0.013" /><testcase classname="tests.unit.test_execution_coverage13.TestTradeExecutorMiscPaths" name="test_clamp_no_equity_returns_size" time="0.009" /><testcase classname="tests.unit.test_execution_coverage13.TestTradeExecutorMiscPaths" name="test_clamp_no_entry_price_notional_cap" time="0.008" /><testcase classname="tests.unit.test_execution_coverage2.TestOrder" name="test_remaining_quantity" time="0.008" /><testcase classname="tests.unit.test_execution_coverage2.TestOrder" name="test_is_active_new" time="0.007" /><testcase classname="tests.unit.test_execution_coverage2.TestOrder" name="test_is_active_filled" time="0.007" /><testcase classname="tests.unit.test_execution_coverage2.TestOrder" name="test_can_fill_limit_buy_at_price" time="0.007" /><testcase classname="tests.unit.test_execution_coverage2.TestOrder" name="test_can_fill_limit_buy_above_price_rejected" time="0.007" /><testcase classname="tests.unit.test_execution_coverage2.TestOrder" name="test_can_fill_limit_sell_below_price_rejected" time="0.007" /><testcase classname="tests.unit.test_execution_coverage2.TestOrder" name="test_can_fill_wrong_status" time="0.008" /><testcase classname="tests.unit.test_execution_coverage2.TestOrder" name="test_can_fill_excess_quantity" time="0.007" /><testcase classname="tests.unit.test_execution_coverage2.TestOrder" name="test_can_fill_market_order" time="0.008" /><testcase classname="tests.unit.test_execution_coverage2.TestOrderLifecycleManager" name="test_create_order" time="0.008" /><testcase classname="tests.unit.test_execution_coverage2.TestOrderLifecycleManager" name="test_fill_partial" time="0.010" /><testcase classname="tests.unit.test_execution_coverage2.TestOrderLifecycleManager" name="test_fill_full" time="0.009" /><testcase classname="tests.unit.test_execution_coverage2.TestOrderLifecycleManager" name="test_fill_avg_price" time="0.009" /><testcase classname="tests.unit.test_execution_coverage2.TestOrderLifecycleManager" name="test_fill_nonexistent" time="0.008" /><testcase classname="tests.unit.test_execution_coverage2.TestOrderLifecycleManager" name="test_cancel_active_order" time="0.009" /><testcase classname="tests.unit.test_execution_coverage2.TestOrderLifecycleManager" name="test_cancel_inactive_order" time="0.008" /><testcase classname="tests.unit.test_execution_coverage2.TestOrderLifecycleManager" name="test_expire_orders" time="0.009" /><testcase classname="tests.unit.test_execution_coverage2.TestOrderLifecycleManager" name="test_get_order_book" time="0.008" /><testcase classname="tests.unit.test_execution_coverage2.TestOrderLifecycleManager" name="test_register_callback_on_fill" time="0.008" /><testcase classname="tests.unit.test_execution_coverage2.TestOrderLifecycleManager" name="test_submit_order_kill_switch_inactive" time="0.013" /><testcase classname="tests.unit.test_execution_coverage2.TestOrderLifecycleManager" name="test_submit_order_kill_switch_active" time="0.010" /><testcase classname="tests.unit.test_execution_coverage2.TestOrderLifecycleManager" name="test_submit_nonexistent_order" time="0.009" /><testcase classname="tests.unit.test_execution_coverage2.TestComplexOrderManager" name="test_create_oco_links_orders" time="0.009" /><testcase classname="tests.unit.test_execution_coverage2.TestComplexOrderManager" name="test_create_bracket_returns_id" time="0.008" /><testcase classname="tests.unit.test_execution_coverage2.TestComplexOrderManager" name="test_create_iceberg_returns_id" time="0.015" /><testcase classname="tests.unit.test_execution_coverage2.TestPositionManager" name="test_open_position" time="0.011" /><testcase classname="tests.unit.test_execution_coverage2.TestPositionManager" name="test_open_duplicate_raises" time="0.010" /><testcase classname="tests.unit.test_execution_coverage2.TestPositionManager" name="test_close_buy_pnl" time="0.014" /><testcase classname="tests.unit.test_execution_coverage2.TestPositionManager" name="test_close_sell_pnl" time="0.011" /><testcase classname="tests.unit.test_execution_coverage2.TestPositionManager" name="test_close_nonexistent_raises" time="0.010" /><testcase classname="tests.unit.test_execution_coverage2.TestPositionManager" name="test_update_position_price" time="0.011" /><testcase classname="tests.unit.test_execution_coverage2.TestPositionManager" name="test_get_position" time="0.010" /><testcase classname="tests.unit.test_execution_coverage2.TestPositionManager" name="test_get_position_missing" time="0.008" /><testcase classname="tests.unit.test_execution_coverage2.TestPositionManager" name="test_get_all_positions" time="0.010" /><testcase classname="tests.unit.test_execution_coverage2.TestPositionManager" name="test_get_unrealized_pnl" time="0.011" /><testcase classname="tests.unit.test_execution_coverage2.TestPositionManager" name="test_get_total_exposure" time="0.010" /><testcase classname="tests.unit.test_execution_coverage2.TestPositionManager" name="test_get_history" time="0.011" /><testcase classname="tests.unit.test_execution_coverage2.TestPositionManager" name="test_open_with_sl_tp" time="0.011" /><testcase classname="tests.unit.test_execution_coverage2.TestPositionManager" name="test_open_with_strategy_id" time="0.012" /><testcase classname="tests.unit.test_execution_coverage2.TestPositionManager" name="test_invalid_side_raises" time="0.009" /><testcase classname="tests.unit.test_execution_coverage2.TestBrokerState" name="test_record_fill_updates_ema" time="0.007" /><testcase classname="tests.unit.test_execution_coverage2.TestBrokerState" name="test_record_error_increments" time="0.006" /><testcase classname="tests.unit.test_execution_coverage2.TestBrokerState" name="test_circuit_opens_after_threshold" time="0.008" /><testcase classname="tests.unit.test_execution_coverage2.TestBrokerState" name="test_circuit_resets_after_timeout" time="0.008" /><testcase classname="tests.unit.test_execution_coverage2.TestBrokerState" name="test_routing_score_long" time="0.007" /><testcase classname="tests.unit.test_execution_coverage2.TestBrokerState" name="test_routing_score_short" time="0.007" /><testcase classname="tests.unit.test_execution_coverage2.TestSmartRouter" name="test_add_broker" time="0.010" /><testcase classname="tests.unit.test_execution_coverage2.TestSmartRouter" name="test_remove_broker" time="0.009" /><testcase classname="tests.unit.test_execution_coverage2.TestSmartRouter" name="test_no_brokers_rejected" time="0.010" /><testcase classname="tests.unit.test_execution_coverage2.TestSmartRouter" name="test_route_fills" time="0.013" /><testcase classname="tests.unit.test_execution_coverage2.TestSmartRouter" name="test_sentiment_blackout_rejected" time="0.011" /><testcase classname="tests.unit.test_execution_coverage2.TestSmartRouter" name="test_high_spread_rejected" time="0.012" /><testcase classname="tests.unit.test_execution_coverage2.TestSmartRouter" name="test_unwind_bypasses_sentiment" time="0.012" /><testcase classname="tests.unit.test_execution_coverage2.TestSmartRouter" name="test_open_circuit_skips_broker" time="0.012" /><testcase classname="tests.unit.test_execution_coverage2.TestSmartRouter" name="test_metrics_method" time="0.008" /><testcase classname="tests.unit.test_execution_coverage2.TestTradeExecutor" name="test_missing_fields_rejected" time="0.015" /><testcase classname="tests.unit.test_execution_coverage2.TestTradeExecutor" name="test_invalid_action_rejected" time="0.015" /><testcase classname="tests.unit.test_execution_coverage2.TestTradeExecutor" name="test_zero_size_rejected" time="0.017" /><testcase classname="tests.unit.test_execution_coverage2.TestTradeExecutor" name="test_trading_halted_blocks" time="0.018" /><testcase classname="tests.unit.test_execution_coverage2.TestTradeExecutor" name="test_drawdown_circuit_breaker_blocks" time="0.016" /><testcase classname="tests.unit.test_execution_coverage2.TestTradeExecutor" name="test_streak_circuit_breaker_blocks" time="0.017" /><testcase classname="tests.unit.test_execution_coverage2.TestTradeExecutor" name="test_pre_trade_gate_block" time="0.017" /><testcase classname="tests.unit.test_execution_coverage2.TestTradeExecutor" name="test_buy_signal_success" time="0.017" /><testcase classname="tests.unit.test_execution_coverage2.TestTradeExecutor" name="test_sell_signal_success" time="0.018" /><testcase classname="tests.unit.test_execution_coverage2.TestTradeExecutor" name="test_close_missing_position_id" time="0.018" /><testcase classname="tests.unit.test_execution_coverage2.TestTradeExecutor" name="test_close_position_not_found" time="0.015" /><testcase classname="tests.unit.test_execution_coverage2.TestTradeExecutor" name="test_close_success" time="0.019" /><testcase classname="tests.unit.test_execution_coverage2.TestTradeExecutor" name="test_get_risk_status" time="0.013" /><testcase classname="tests.unit.test_execution_coverage2.TestTradeExecutor" name="test_register_callback" time="0.014" /><testcase classname="tests.unit.test_execution_coverage2.TestTradeExecutor" name="test_cancel_all_pending" time="0.015" /><testcase classname="tests.unit.test_execution_coverage3.TestBrokerCircuitBreakerBasic" name="test_initial_state_closed" time="0.009" /><testcase classname="tests.unit.test_execution_coverage3.TestBrokerCircuitBreakerBasic" name="test_status_dict_keys" time="0.009" /><testcase classname="tests.unit.test_execution_coverage3.TestBrokerCircuitBreakerBasic" name="test_successful_call_stays_closed" time="0.010" /><testcase classname="tests.unit.test_execution_coverage3.TestBrokerCircuitBreakerBasic" name="test_sync_callable_works" time="0.010" /><testcase classname="tests.unit.test_execution_coverage3.TestBrokerCircuitBreakerBasic" name="test_failures_open_circuit" time="0.009" /><testcase classname="tests.unit.test_execution_coverage3.TestBrokerCircuitBreakerBasic" name="test_open_circuit_raises_immediately" time="0.013" /><testcase classname="tests.unit.test_execution_coverage3.TestBrokerCircuitBreakerBasic" name="test_half_open_after_timeout" time="0.064" /><testcase classname="tests.unit.test_execution_coverage3.TestBrokerCircuitBreakerBasic" name="test_half_open_failure_reopens" time="0.062" /><testcase classname="tests.unit.test_execution_coverage3.TestBrokerCircuitBreakerBasic" name="test_half_open_max_calls_exceeded" time="0.115" /><testcase classname="tests.unit.test_execution_coverage3.TestBrokerCircuitBreakerBasic" name="test_record_success_resets_failure_count" time="0.010" /><testcase classname="tests.unit.test_execution_coverage3.TestBrokerCircuitBreakerBasic" name="test_failure_type_counts" time="0.009" /><testcase classname="tests.unit.test_execution_coverage3.TestBrokerCircuitBreakerBasic" name="test_unknown_failure_type_normalised" time="0.015" /><testcase classname="tests.unit.test_execution_coverage3.TestBrokerCircuitBreakerBasic" name="test_status_open_shows_retry_in" time="0.012" /><testcase classname="tests.unit.test_execution_coverage3.TestBrokerCircuitBreakerBasic" name="test_total_counters" time="0.011" /><testcase classname="tests.unit.test_execution_coverage3.TestBrokerCircuitBreakerBasic" name="test_value_error_recorded_as_failure" time="0.011" /><testcase classname="tests.unit.test_execution_coverage3.TestBrokerCircuitBreakerBasic" name="test_os_error_recorded" time="0.011" /><testcase classname="tests.unit.test_execution_coverage3.TestClassifyError" name="test_timeout" time="0.009" /><testcase classname="tests.unit.test_execution_coverage3.TestClassifyError" name="test_connection" time="0.008" /><testcase classname="tests.unit.test_execution_coverage3.TestClassifyError" name="test_auth" time="0.009" /><testcase classname="tests.unit.test_execution_coverage3.TestClassifyError" name="test_rejection" time="0.009" /><testcase classname="tests.unit.test_execution_coverage3.TestClassifyError" name="test_unknown" time="0.009" /><testcase classname="tests.unit.test_execution_coverage3.TestClassifyError" name="test_socket_is_connection" time="0.008" /><testcase classname="tests.unit.test_execution_coverage3.TestClassifyError" name="test_forbidden_is_auth" time="0.009" /><testcase classname="tests.unit.test_execution_coverage3.TestClassifyError" name="test_deadline_is_timeout" time="0.008" /><testcase classname="tests.unit.test_execution_coverage3.TestClassifyError" name="test_insufficient_is_rejection" time="0.009" /><testcase classname="tests.unit.test_execution_coverage4.TestPartialFillAggregator" name="test_register_and_pending_count" time="0.008" /><testcase classname="tests.unit.test_execution_coverage4.TestPartialFillAggregator" name="test_record_fill_partial" time="0.008" /><testcase classname="tests.unit.test_execution_coverage4.TestPartialFillAggregator" name="test_record_fill_completes" time="0.008" /><testcase classname="tests.unit.test_execution_coverage4.TestPartialFillAggregator" name="test_record_fill_unknown_parent" time="0.008" /><testcase classname="tests.unit.test_execution_coverage4.TestPartialFillAggregator" name="test_avg_price_weighted" time="0.007" /><testcase classname="tests.unit.test_execution_coverage4.TestPartialFillAggregator" name="test_fill_pct" time="0.010" /><testcase classname="tests.unit.test_execution_coverage4.TestPartialFillAggregator" name="test_remaining_lots" time="0.009" /><testcase classname="tests.unit.test_execution_coverage4.TestPartialFillAggregator" name="test_callback_error_does_not_propagate" time="0.010" /><testcase classname="tests.unit.test_execution_coverage4.TestPartialFillAggregator" name="test_timeout_triggers_complete" time="0.010" /><testcase classname="tests.unit.test_execution_coverage4.TestPartialFillState" name="test_is_complete_tolerance" time="0.008" /><testcase classname="tests.unit.test_execution_coverage4.TestPartialFillState" name="test_not_complete_below_tolerance" time="0.009" /><testcase classname="tests.unit.test_execution_coverage4.TestPartialFillState" name="test_is_not_timed_out_immediately" time="0.008" /><testcase classname="tests.unit.test_execution_coverage4.TestTWAPExecutor" name="test_no_router_returns_pending" time="0.017" /><testcase classname="tests.unit.test_execution_coverage4.TestTWAPExecutor" name="test_with_router_filled" time="0.019" /><testcase classname="tests.unit.test_execution_coverage4.TestTWAPExecutor" name="test_with_router_partial_fill" time="0.021" /><testcase classname="tests.unit.test_execution_coverage4.TestTWAPExecutor" name="test_router_exception_counted" time="0.016" /><testcase classname="tests.unit.test_execution_coverage4.TestTWAPExecutor" name="test_small_lots_reduces_slices" time="0.012" /><testcase classname="tests.unit.test_execution_coverage4.TestTWAPExecutor" name="test_short_side" time="0.016" /><testcase classname="tests.unit.test_execution_coverage4.TestVWAPExecutor" name="test_no_router_returns_result" time="0.021" /><testcase classname="tests.unit.test_execution_coverage4.TestVWAPExecutor" name="test_with_router_filled" time="0.024" /><testcase classname="tests.unit.test_execution_coverage4.TestVWAPExecutor" name="test_router_exception_counted" time="0.024" /><testcase classname="tests.unit.test_execution_coverage4.TestVWAPExecutor" name="test_compute_slice_weights_sum_to_one" time="0.006" /><testcase classname="tests.unit.test_execution_coverage4.TestVWAPExecutor" name="test_compute_slice_weights_wraps_midnight" time="0.008" /><testcase classname="tests.unit.test_execution_coverage4.TestVWAPExecutor" name="test_short_side_direction" time="0.018" /><testcase classname="tests.unit.test_execution_coverage5.TestOrderLifecycleManager" name="test_create_order" time="0.006" /><testcase classname="tests.unit.test_execution_coverage5.TestOrderLifecycleManager" name="test_fill_order_full" time="0.011" /><testcase classname="tests.unit.test_execution_coverage5.TestOrderLifecycleManager" name="test_fill_order_partial" time="0.012" /><testcase classname="tests.unit.test_execution_coverage5.TestOrderLifecycleManager" name="test_fill_order_unknown_id" time="0.008" /><testcase classname="tests.unit.test_execution_coverage5.TestOrderLifecycleManager" name="test_cancel_order" time="0.012" /><testcase classname="tests.unit.test_execution_coverage5.TestOrderLifecycleManager" name="test_cancel_inactive_order_fails" time="0.009" /><testcase classname="tests.unit.test_execution_coverage5.TestOrderLifecycleManager" name="test_cancel_unknown_id" time="0.007" /><testcase classname="tests.unit.test_execution_coverage5.TestOrderLifecycleManager" name="test_invalid_transition_returns_false" time="0.010" /><testcase classname="tests.unit.test_execution_coverage5.TestOrderLifecycleManager" name="test_expire_orders" time="0.012" /><testcase classname="tests.unit.test_execution_coverage5.TestOrderLifecycleManager" name="test_expire_orders_no_expiry" time="0.011" /><testcase classname="tests.unit.test_execution_coverage5.TestOrderLifecycleManager" name="test_get_order_book" time="0.011" /><testcase classname="tests.unit.test_execution_coverage5.TestOrderLifecycleManager" name="test_get_order_book_sell" time="0.011" /><testcase classname="tests.unit.test_execution_coverage5.TestOrderLifecycleManager" name="test_register_callback_fires" time="0.010" /><testcase classname="tests.unit.test_execution_coverage5.TestOrderLifecycleManager" name="test_callback_exception_does_not_propagate" time="0.014" /><testcase classname="tests.unit.test_execution_coverage5.TestOrderLifecycleManager" name="test_order_history_recorded" time="0.010" /><testcase classname="tests.unit.test_execution_coverage5.TestOrderLifecycleManager" name="test_order_remaining_quantity" time="0.006" /><testcase classname="tests.unit.test_execution_coverage5.TestOrderLifecycleManager" name="test_order_is_active" time="0.011" /><testcase classname="tests.unit.test_execution_coverage5.TestOrderLifecycleManager" name="test_order_is_not_active_when_filled" time="0.008" /><testcase classname="tests.unit.test_execution_coverage5.TestOrderLifecycleManager" name="test_can_fill_limit_buy_price_check" time="0.008" /><testcase classname="tests.unit.test_execution_coverage5.TestOrderLifecycleManager" name="test_can_fill_limit_sell_price_check" time="0.009" /><testcase classname="tests.unit.test_execution_coverage5.TestOrderLifecycleManager" name="test_can_fill_exceeds_remaining" time="0.008" /><testcase classname="tests.unit.test_execution_coverage5.TestOrderLifecycleManager" name="test_fill_updates_avg_price" time="0.011" /><testcase classname="tests.unit.test_execution_coverage5.TestComplexOrderManager" name="test_create_oco" time="0.009" /><testcase classname="tests.unit.test_execution_coverage5.TestComplexOrderManager" name="test_cancel_siblings_on_fill" time="0.012" /><testcase classname="tests.unit.test_execution_coverage5.TestComplexOrderManager" name="test_create_bracket" time="0.011" /><testcase classname="tests.unit.test_execution_coverage6.TestSLTPMonitorCheckBreach" name="test_long_sl_breached" time="0.008" /><testcase classname="tests.unit.test_execution_coverage6.TestSLTPMonitorCheckBreach" name="test_long_sl_not_breached" time="0.007" /><testcase classname="tests.unit.test_execution_coverage6.TestSLTPMonitorCheckBreach" name="test_long_tp_breached" time="0.007" /><testcase classname="tests.unit.test_execution_coverage6.TestSLTPMonitorCheckBreach" name="test_long_tp_not_breached" time="0.007" /><testcase classname="tests.unit.test_execution_coverage6.TestSLTPMonitorCheckBreach" name="test_short_sl_breached" time="0.008" /><testcase classname="tests.unit.test_execution_coverage6.TestSLTPMonitorCheckBreach" name="test_short_sl_not_breached" time="0.008" /><testcase classname="tests.unit.test_execution_coverage6.TestSLTPMonitorCheckBreach" name="test_short_tp_breached" time="0.009" /><testcase classname="tests.unit.test_execution_coverage6.TestSLTPMonitorCheckBreach" name="test_short_tp_not_breached" time="0.008" /><testcase classname="tests.unit.test_execution_coverage6.TestSLTPMonitorCheckBreach" name="test_buy_side_alias" time="0.008" /><testcase classname="tests.unit.test_execution_coverage6.TestSLTPMonitorCheckBreach" name="test_sell_side_alias" time="0.008" /><testcase classname="tests.unit.test_execution_coverage6.TestSLTPMonitorCheckBreach" name="test_no_sl_no_tp" time="0.007" /><testcase classname="tests.unit.test_execution_coverage6.TestSLTPMonitorCheckBreach" name="test_zero_sl_ignored" time="0.008" /><testcase classname="tests.unit.test_execution_coverage6.TestSLTPMonitorCheckBreach" name="test_unknown_side_returns_none" time="0.007" /><testcase classname="tests.unit.test_execution_coverage6.TestSLTPMonitorGetMid" name="test_get_mid_with_mid_attr" time="0.009" /><testcase classname="tests.unit.test_execution_coverage6.TestSLTPMonitorGetMid" name="test_get_mid_with_price_attr" time="0.008" /><testcase classname="tests.unit.test_execution_coverage6.TestSLTPMonitorGetMid" name="test_get_mid_missing_symbol" time="0.009" /><testcase classname="tests.unit.test_execution_coverage6.TestSLTPMonitorLifecycle" name="test_start_stop" time="0.013" /><testcase classname="tests.unit.test_execution_coverage6.TestSLTPMonitorLifecycle" name="test_start_idempotent" time="0.010" /><testcase classname="tests.unit.test_execution_coverage6.TestSLTPMonitorLifecycle" name="test_check_all_positions_no_pm" time="0.009" /><testcase classname="tests.unit.test_execution_coverage6.TestSLTPMonitorLifecycle" name="test_check_all_positions_no_breach" time="0.010" /><testcase classname="tests.unit.test_execution_coverage6.TestSLTPMonitorLifecycle" name="test_check_all_positions_pm_raises" time="0.008" /><testcase classname="tests.unit.test_execution_coverage6.TestPositionManager" name="test_open_and_get_position" time="0.011" /><testcase classname="tests.unit.test_execution_coverage6.TestPositionManager" name="test_open_duplicate_raises" time="0.012" /><testcase classname="tests.unit.test_execution_coverage6.TestPositionManager" name="test_close_position" time="0.013" /><testcase classname="tests.unit.test_execution_coverage6.TestPositionManager" name="test_close_nonexistent_raises" time="0.012" /><testcase classname="tests.unit.test_execution_coverage6.TestPositionManager" name="test_update_position" time="0.013" /><testcase classname="tests.unit.test_execution_coverage6.TestPositionManager" name="test_update_nonexistent_raises" time="0.010" /><testcase classname="tests.unit.test_execution_coverage6.TestPositionManager" name="test_get_all_positions" time="0.012" /><testcase classname="tests.unit.test_execution_coverage6.TestPositionManager" name="test_get_total_exposure_empty" time="0.010" /><testcase classname="tests.unit.test_execution_coverage6.TestPositionManager" name="test_get_total_exposure_with_position" time="0.012" /><testcase classname="tests.unit.test_execution_coverage6.TestPositionManager" name="test_get_unrealized_pnl" time="0.011" /><testcase classname="tests.unit.test_execution_coverage6.TestPositionManager" name="test_get_history_empty" time="0.009" /><testcase classname="tests.unit.test_execution_coverage6.TestPositionManager" name="test_get_history_after_close" time="0.014" /><testcase classname="tests.unit.test_execution_coverage6.TestPositionManager" name="test_pnl_buy_profit" time="0.013" /><testcase classname="tests.unit.test_execution_coverage6.TestPositionManager" name="test_pnl_buy_loss" time="0.013" /><testcase classname="tests.unit.test_execution_coverage6.TestPositionManager" name="test_multiple_symbols" time="0.012" /><testcase classname="tests.unit.test_execution_coverage6.TestPositionManager" name="test_restore_from_redis_no_redis" time="0.010" /><testcase classname="tests.unit.test_execution_coverage7.TestMarketImpactModel" name="test_calculate_returns_two_decimals" time="0.008" /><testcase classname="tests.unit.test_execution_coverage7.TestMarketImpactModel" name="test_zero_adv_no_crash" time="0.006" /><testcase classname="tests.unit.test_execution_coverage7.TestMarketImpactModel" name="test_perm_is_fraction_of_temp" time="0.009" /><testcase classname="tests.unit.test_execution_coverage7.TestTCAMetrics" name="test_total_cost_bps_zero_fill_price" time="0.011" /><testcase classname="tests.unit.test_execution_coverage7.TestTCAMetrics" name="test_total_cost_bps_with_fees" time="0.008" /><testcase classname="tests.unit.test_execution_coverage7.TestTCAMetrics" name="test_alpha_extraction_bps_zero" time="0.008" /><testcase classname="tests.unit.test_execution_coverage7.TestTCAMetrics" name="test_to_dict_keys" time="0.009" /><testcase classname="tests.unit.test_execution_coverage7.TestMarketContextProvider" name="test_get_adv_env_override" time="0.008" /><testcase classname="tests.unit.test_execution_coverage7.TestMarketContextProvider" name="test_get_adv_default_fallback" time="0.014" /><testcase classname="tests.unit.test_execution_coverage7.TestMarketContextProvider" name="test_get_volatility_env_override" time="0.008" /><testcase classname="tests.unit.test_execution_coverage7.TestMarketContextProvider" name="test_get_volatility_default_fallback" time="0.011" /><testcase classname="tests.unit.test_execution_coverage7.TestMarketContextProvider" name="test_accumulate_tick" time="0.015" /><testcase classname="tests.unit.test_execution_coverage7.TestTCAEngine" name="test_start_order_tracking" time="0.010" /><testcase classname="tests.unit.test_execution_coverage7.TestTCAEngine" name="test_record_fill" time="0.009" /><testcase classname="tests.unit.test_execution_coverage7.TestTCAEngine" name="test_record_fill_unknown_order" time="0.010" /><testcase classname="tests.unit.test_execution_coverage7.TestTCAEngine" name="test_complete_order_buy_isf" time="0.016" /><testcase classname="tests.unit.test_execution_coverage7.TestTCAEngine" name="test_complete_order_sell_isf" time="0.016" /><testcase classname="tests.unit.test_execution_coverage7.TestTCAEngine" name="test_complete_order_no_fills_returns_cancelled" time="0.009" /><testcase classname="tests.unit.test_execution_coverage7.TestTCAEngine" name="test_complete_unknown_order_raises" time="0.007" /><testcase classname="tests.unit.test_execution_coverage7.TestTCAEngine" name="test_get_stats_empty" time="0.008" /><testcase classname="tests.unit.test_execution_coverage7.TestTCAEngine" name="test_get_stats_after_trade" time="0.015" /><testcase classname="tests.unit.test_execution_coverage7.TestTCAEngine" name="test_update_market_data" time="0.007" /><testcase classname="tests.unit.test_execution_coverage7.TestTCAEngine" name="test_cost_callback_fires_on_expensive_trade" time="0.016" /><testcase classname="tests.unit.test_execution_coverage7.TestTCAEngine" name="test_partial_fill_opportunity_cost" time="0.015" /><testcase classname="tests.unit.test_execution_coverage7.TestTCAEngine" name="test_window_size_respected" time="0.019" /><testcase classname="tests.unit.test_execution_coverage8.TestAsyncExecutionEngineBasic" name="test_instantiation" time="0.011" /><testcase classname="tests.unit.test_execution_coverage8.TestAsyncExecutionEngineBasic" name="test_select_venue_returns_string" time="0.011" /><testcase classname="tests.unit.test_execution_coverage8.TestAsyncExecutionEngineBasic" name="test_get_backup_venue_none_single" time="0.010" /><testcase classname="tests.unit.test_execution_coverage8.TestAsyncExecutionEngineBasic" name="test_get_backup_venue_with_two" time="0.011" /><testcase classname="tests.unit.test_execution_coverage8.TestAsyncExecutionEngineBasic" name="test_submit_market_order" time="0.021" /><testcase classname="tests.unit.test_execution_coverage8.TestAsyncExecutionEngineBasic" name="test_submit_limit_order" time="0.022" /><testcase classname="tests.unit.test_execution_coverage8.TestAsyncExecutionEngineBasic" name="test_cancel_order_existing" time="0.012" /><testcase classname="tests.unit.test_execution_coverage8.TestAsyncExecutionEngineBasic" name="test_cancel_order_nonexistent" time="0.010" /><testcase classname="tests.unit.test_execution_coverage8.TestAsyncExecutionEngineBasic" name="test_get_positions" time="0.012" /><testcase classname="tests.unit.test_execution_coverage8.TestAsyncExecutionEngineBasic" name="test_batch_submit" time="0.021" /><testcase classname="tests.unit.test_execution_coverage8.TestAsyncExecutionEngineBasic" name="test_get_latency_report" time="0.009" /><testcase classname="tests.unit.test_execution_coverage8.TestAsyncExecutionEngineBasic" name="test_shutdown" time="0.011" /><testcase classname="tests.unit.test_execution_coverage8.TestAsyncExecutionEngineBasic" name="test_pre_trade_check_passes" time="0.010" /><testcase classname="tests.unit.test_execution_coverage8.TestAsyncExecutionEngineBasic" name="test_close_all_positions" time="0.011" /><testcase classname="tests.unit.test_execution_coverage8.TestAsyncExecutionEngineBasic" name="test_format_order" time="0.011" /><testcase classname="tests.unit.test_execution_coverage8.TestAsyncExecutionEngineBasic" name="test_simulate_fill_runs" time="0.070" /><testcase classname="tests.unit.test_execution_coverage8.TestAsyncEngineOrderDataclass" name="test_remaining_qty" time="0.008" /><testcase classname="tests.unit.test_execution_coverage8.TestAsyncEngineOrderDataclass" name="test_order_status_enum" time="0.009" /><testcase classname="tests.unit.test_execution_coverage8.TestAsyncEngineOrderDataclass" name="test_order_type_enum" time="0.007" /><testcase classname="tests.unit.test_execution_coverage8.TestSmartRouterBasic" name="test_instantiation" time="0.008" /><testcase classname="tests.unit.test_execution_coverage8.TestSmartRouterBasic" name="test_add_broker" time="0.010" /><testcase classname="tests.unit.test_execution_coverage8.TestSmartRouterBasic" name="test_remove_broker" time="0.011" /><testcase classname="tests.unit.test_execution_coverage8.TestSmartRouterBasic" name="test_remove_nonexistent_broker" time="0.008" /><testcase classname="tests.unit.test_execution_coverage8.TestSmartRouterBasic" name="test_metrics_empty" time="0.007" /><testcase classname="tests.unit.test_execution_coverage8.TestSmartRouterBasic" name="test_route_no_brokers_returns_result" time="0.010" /><testcase classname="tests.unit.test_execution_coverage8.TestSmartRouterBasic" name="test_route_with_broker" time="0.018" /><testcase classname="tests.unit.test_execution_coverage8.TestSmartRouterBasic" name="test_ofi_alignment_long_positive" time="0.007" /><testcase classname="tests.unit.test_execution_coverage8.TestSmartRouterBasic" name="test_ofi_alignment_long_negative" time="0.008" /><testcase classname="tests.unit.test_execution_coverage8.TestSmartRouterBasic" name="test_ofi_alignment_short" time="0.007" /><testcase classname="tests.unit.test_execution_coverage8.TestSmartRouterBasic" name="test_ofi_alignment_unknown" time="0.008" /><testcase classname="tests.unit.test_execution_coverage8.TestSmartRouterBasic" name="test_spread_to_bps_normal" time="0.007" /><testcase classname="tests.unit.test_execution_coverage8.TestSmartRouterBasic" name="test_spread_to_bps_zero_mid" time="0.008" /><testcase classname="tests.unit.test_execution_coverage8.TestBrokerState" name="test_record_fill_updates_total" time="0.008" /><testcase classname="tests.unit.test_execution_coverage8.TestBrokerState" name="test_record_error_increments" time="0.008" /><testcase classname="tests.unit.test_execution_coverage8.TestBrokerState" name="test_routing_score_returns_float" time="0.007" /><testcase classname="tests.unit.test_execution_coverage8.TestBrokerState" name="test_routing_score_fast_beats_slow" time="0.007" /><testcase classname="tests.unit.test_execution_coverage8.TestBrokerState" name="test_check_circuit_reset_after_timeout" time="0.008" /><testcase classname="tests.unit.test_execution_coverage8.TestBrokerState" name="test_circuit_stays_open_if_recent" time="0.007" /><testcase classname="tests.unit.test_execution_coverage9.TestTradeExecutorBasic" name="test_execute_buy_signal" time="0.018" /><testcase classname="tests.unit.test_execution_coverage9.TestTradeExecutorBasic" name="test_execute_sell_signal" time="0.018" /><testcase classname="tests.unit.test_execution_coverage9.TestTradeExecutorBasic" name="test_execute_close_signal" time="0.017" /><testcase classname="tests.unit.test_execution_coverage9.TestTradeExecutorBasic" name="test_risk_blocked_returns_failure" time="0.017" /><testcase classname="tests.unit.test_execution_coverage9.TestTradeExecutorBasic" name="test_kill_switch_blocks" time="0.017" /><testcase classname="tests.unit.test_execution_coverage9.TestTradeExecutorBasic" name="test_get_risk_status" time="0.015" /><testcase classname="tests.unit.test_execution_coverage9.TestTradeExecutorBasic" name="test_register_callback" time="0.015" /><testcase classname="tests.unit.test_execution_coverage9.TestTradeExecutorBasic" name="test_cancel_all_pending" time="0.015" /><testcase classname="tests.unit.test_execution_coverage9.TestTradeExecutorBasic" name="test_check_drawdown_circuit_breaker_ok" time="0.016" /><testcase classname="tests.unit.test_execution_coverage9.TestTradeExecutorBasic" name="test_check_drawdown_circuit_breaker_triggered" time="0.016" /><testcase classname="tests.unit.test_execution_coverage9.TestTradeExecutorBasic" name="test_check_drawdown_halted_flag" time="0.015" /><testcase classname="tests.unit.test_execution_coverage9.TestTradeExecutorBasic" name="test_check_streak_circuit_breaker_no_streak" time="0.015" /><testcase classname="tests.unit.test_execution_coverage9.TestTradeExecutorBasic" name="test_update_streak_win" time="0.014" /><testcase classname="tests.unit.test_execution_coverage9.TestTradeExecutorBasic" name="test_update_streak_loss" time="0.016" /><testcase classname="tests.unit.test_execution_coverage9.TestTradeExecutorBasic" name="test_clamp_size_to_risk_cap" time="0.018" /><testcase classname="tests.unit.test_execution_coverage9.TestTradeExecutorBasic" name="test_notify_callbacks" time="0.017" /><testcase classname="tests.unit.test_execution_coverage9.TestTradeExecutorBasic" name="test_broker_exception_returns_failure" time="0.014" /><testcase classname="tests.unit.test_execution_coverage9.TestTradeExecutorBasic" name="test_trigger_drawdown_halt_if_needed" time="0.017" /><testcase classname="tests.unit.test_execution_coverage9.TestTradeExecutorBasic" name="test_streak_halt_after_losses" time="0.022" /><testcase classname="tests.unit.test_execution_coverage_boost.TestAlmgrenChrissModel" name="test_estimate_normal" time="0.007" /><testcase classname="tests.unit.test_execution_coverage_boost.TestAlmgrenChrissModel" name="test_estimate_zero_adv_spread_only" time="0.009" /><testcase classname="tests.unit.test_execution_coverage_boost.TestAlmgrenChrissModel" name="test_participation_capped_at_max" time="0.010" /><testcase classname="tests.unit.test_execution_coverage_boost.TestAlmgrenChrissModel" name="test_fill_price_buy" time="0.007" /><testcase classname="tests.unit.test_execution_coverage_boost.TestAlmgrenChrissModel" name="test_fill_price_sell" time="0.008" /><testcase classname="tests.unit.test_execution_coverage_boost.TestAlmgrenChrissModel" name="test_total_cost_usd" time="0.007" /><testcase classname="tests.unit.test_execution_coverage_boost.TestAlmgrenChrissModel" name="test_slippage_bps_alias" time="0.007" /><testcase classname="tests.unit.test_execution_coverage_boost.TestAlmgrenChrissModel" name="test_min_spread_bps_floor" time="0.008" /><testcase classname="tests.unit.test_execution_coverage_boost.TestFillSimulator" name="test_simulate_fill_buy_normal" time="0.007" /><testcase classname="tests.unit.test_execution_coverage_boost.TestFillSimulator" name="test_simulate_fill_sell_normal" time="0.007" /><testcase classname="tests.unit.test_execution_coverage_boost.TestFillSimulator" name="test_partial_fill_when_large_order" time="0.006" /><testcase classname="tests.unit.test_execution_coverage_boost.TestFillSimulator" name="test_no_partial_fill_small_order" time="0.008" /><testcase classname="tests.unit.test_execution_coverage_boost.TestFillSimulator" name="test_simulate_fills_batch" time="0.007" /><testcase classname="tests.unit.test_execution_coverage_boost.TestFillSimulator" name="test_get_fill_simulator_singleton" time="0.007" /><testcase classname="tests.unit.test_execution_coverage_boost.TestTCARecord" name="test_slippage_bps_buy_adverse" time="0.009" /><testcase classname="tests.unit.test_execution_coverage_boost.TestTCARecord" name="test_slippage_bps_sell_adverse" time="0.007" /><testcase classname="tests.unit.test_execution_coverage_boost.TestTCARecord" name="test_slippage_bps_zero_signal_price" time="0.008" /><testcase classname="tests.unit.test_execution_coverage_boost.TestTCARecord" name="test_slippage_usd" time="0.007" /><testcase classname="tests.unit.test_execution_coverage_boost.TestTCARecord" name="test_signal_to_fill_ms" time="0.007" /><testcase classname="tests.unit.test_execution_coverage_boost.TestTCARecord" name="test_to_dict_keys" time="0.008" /><testcase classname="tests.unit.test_execution_coverage_boost.TestTCARecorder" name="test_record_signal_and_fill" time="0.015" /><testcase classname="tests.unit.test_execution_coverage_boost.TestTCARecorder" name="test_record_fill_no_signal_returns_none" time="0.006" /><testcase classname="tests.unit.test_execution_coverage_boost.TestTCARecorder" name="test_get_report_no_records_returns_none" time="0.006" /><testcase classname="tests.unit.test_execution_coverage_boost.TestTCARecorder" name="test_get_report_with_records" time="0.045" /><testcase classname="tests.unit.test_execution_coverage_boost.TestTCARecorder" name="test_get_report_filter_symbol" time="0.024" /><testcase classname="tests.unit.test_execution_coverage_boost.TestTCARecorder" name="test_get_report_filter_session" time="0.014" /><testcase classname="tests.unit.test_execution_coverage_boost.TestTCARecorder" name="test_get_all_reports" time="0.023" /><testcase classname="tests.unit.test_execution_coverage_boost.TestTCARecorder" name="test_get_recent_records" time="0.013" /><testcase classname="tests.unit.test_execution_coverage_boost.TestTCARecorder" name="test_is_fill_quality_degraded_insufficient_data" time="0.008" /><testcase classname="tests.unit.test_execution_coverage_boost.TestTCARecorder" name="test_is_fill_quality_degraded_high_slippage" time="0.157" /><testcase classname="tests.unit.test_execution_coverage_boost.TestTCARecorder" name="test_is_fill_quality_degraded_low_slippage" time="0.116" /><testcase classname="tests.unit.test_execution_coverage_boost.TestTCARecorder" name="test_get_session_london" time="0.008" /><testcase classname="tests.unit.test_execution_coverage_boost.TestTCARecorder" name="test_get_session_new_york" time="0.008" /><testcase classname="tests.unit.test_execution_coverage_boost.TestTCARecorder" name="test_get_session_asia" time="0.008" /><testcase classname="tests.unit.test_execution_coverage_boost.TestTCARecorder" name="test_get_session_off_hours" time="0.008" /><testcase classname="tests.unit.test_execution_coverage_boost.TestTCARecorder" name="test_get_tca_recorder_singleton" time="0.009" /><testcase classname="tests.unit.test_execution_coverage_boost.TestTCARecorder" name="test_report_summary_string" time="0.034" /><testcase classname="tests.unit.test_execution_coverage_boost.TestTCARecorder" name="test_persist_redis_suppresses_error" time="0.010" /><testcase classname="tests.unit.test_execution_coverage_boost.TestTCARecorder" name="test_persist_db_suppresses_error" time="0.013" /><testcase classname="tests.unit.test_execution_coverage_boost.TestTCAMarketImpactModel" name="test_calculate_returns_tuple" time="0.007" /><testcase classname="tests.unit.test_execution_coverage_boost.TestTCAMarketImpactModel" name="test_calculate_zero_adv" time="0.008" /><testcase classname="tests.unit.test_execution_coverage_boost.TestTCAMetrics" name="test_total_cost_bps" time="0.009" /><testcase classname="tests.unit.test_execution_coverage_boost.TestTCAMetrics" name="test_alpha_extraction_bps" time="0.007" /><testcase classname="tests.unit.test_execution_coverage_boost.TestTCAMetrics" name="test_to_dict" time="0.009" /><testcase classname="tests.unit.test_execution_coverage_boost.TestMarketContextProvider" name="test_get_adv_env_override" time="0.012" /><testcase classname="tests.unit.test_execution_coverage_boost.TestMarketContextProvider" name="test_get_adv_default_fallback" time="0.014" /><testcase classname="tests.unit.test_execution_coverage_boost.TestMarketContextProvider" name="test_get_volatility_env_override" time="0.012" /><testcase classname="tests.unit.test_execution_coverage_boost.TestMarketContextProvider" name="test_get_volatility_default" time="0.013" /><testcase classname="tests.unit.test_execution_coverage_boost.TestMarketContextProvider" name="test_accumulate_tick" time="0.009" /><testcase classname="tests.unit.test_execution_coverage_boost.TestTCAEngineLifecycle" name="test_start_and_complete_order" time="0.018" /><testcase classname="tests.unit.test_execution_coverage_boost.TestTCAEngineLifecycle" name="test_complete_order_no_fills" time="0.009" /><testcase classname="tests.unit.test_execution_coverage_boost.TestTCAEngineLifecycle" name="test_complete_unknown_order_raises" time="0.010" /><testcase classname="tests.unit.test_execution_coverage_boost.TestTCAEngineLifecycle" name="test_record_fill_unknown_order_logs" time="0.011" /><testcase classname="tests.unit.test_execution_coverage_boost.TestTCAEngineLifecycle" name="test_get_stats_empty" time="0.008" /><testcase classname="tests.unit.test_execution_coverage_boost.TestTCAEngineLifecycle" name="test_get_stats_with_data" time="0.019" /><testcase classname="tests.unit.test_execution_coverage_boost.TestTCAEngineLifecycle" name="test_register_cost_callback" time="0.008" /><testcase classname="tests.unit.test_execution_coverage_boost.TestTCAEngineLifecycle" name="test_update_market_data" time="0.009" /><testcase classname="tests.unit.test_execution_coverage_boost.TestTCAEngineLifecycle" name="test_sell_order_isf_calculation" time="0.015" /><testcase classname="tests.unit.test_execution_coverage_boost.TestTCAEngineLifecycle" name="test_cost_callback_fired_on_expensive_trade" time="0.016" /><testcase classname="tests.unit.test_execution_coverage_boost.TestPositionManagerBasic" name="test_open_buy_position" time="0.011" /><testcase classname="tests.unit.test_execution_coverage_boost.TestPositionManagerBasic" name="test_open_sell_position" time="0.010" /><testcase classname="tests.unit.test_execution_coverage_boost.TestPositionManagerBasic" name="test_open_duplicate_raises" time="0.011" /><testcase classname="tests.unit.test_execution_coverage_boost.TestPositionManagerBasic" name="test_open_invalid_side_raises" time="0.010" /><testcase classname="tests.unit.test_execution_coverage_boost.TestPositionManagerBasic" name="test_open_zero_quantity_raises" time="0.010" /><testcase classname="tests.unit.test_execution_coverage_boost.TestPositionManagerBasic" name="test_open_zero_price_raises" time="0.009" /><testcase classname="tests.unit.test_execution_coverage_boost.TestPositionManagerBasic" name="test_close_buy_profit" time="0.014" /><testcase classname="tests.unit.test_execution_coverage_boost.TestPositionManagerBasic" name="test_close_sell_profit" time="0.013" /><testcase classname="tests.unit.test_execution_coverage_boost.TestPositionManagerBasic" name="test_close_not_found_raises" time="0.010" /><testcase classname="tests.unit.test_execution_coverage_boost.TestPositionManagerBasic" name="test_close_zero_price_raises" time="0.010" /><testcase classname="tests.unit.test_execution_coverage_boost.TestPositionManagerBasic" name="test_update_last_price" time="0.010" /><testcase classname="tests.unit.test_execution_coverage_boost.TestPositionManagerBasic" name="test_update_stop_loss" time="0.010" /><testcase classname="tests.unit.test_execution_coverage_boost.TestPositionManagerBasic" name="test_update_take_profit" time="0.010" /><testcase classname="tests.unit.test_execution_coverage_boost.TestPositionManagerBasic" name="test_update_not_found_raises" time="0.010" /><testcase classname="tests.unit.test_execution_coverage_boost.TestPositionManagerBasic" name="test_get_position_none" time="0.008" /><testcase classname="tests.unit.test_execution_coverage_boost.TestPositionManagerBasic" name="test_get_all_positions" time="0.011" /><testcase classname="tests.unit.test_execution_coverage_boost.TestPositionManagerBasic" name="test_get_total_exposure" time="0.011" /><testcase classname="tests.unit.test_execution_coverage_boost.TestPositionManagerBasic" name="test_get_unrealized_pnl_buy" time="0.010" /><testcase classname="tests.unit.test_execution_coverage_boost.TestPositionManagerBasic" name="test_get_unrealized_pnl_sell" time="0.012" /><testcase classname="tests.unit.test_execution_coverage_boost.TestPositionManagerBasic" name="test_get_unrealized_pnl_no_last_price" time="0.011" /><testcase classname="tests.unit.test_execution_coverage_boost.TestPositionManagerBasic" name="test_get_history_limit" time="0.025" /><testcase classname="tests.unit.test_execution_coverage_boost.TestPositionManagerBasic" name="test_position_from_dict_roundtrip" time="0.009" /><testcase classname="tests.unit.test_execution_coverage_boost.TestPositionManagerBasic" name="test_position_from_dict_no_opened_at" time="0.007" /><testcase classname="tests.unit.test_execution_coverage_boost.TestPositionManagerBasic" name="test_open_with_custom_position_id" time="0.011" /><testcase classname="tests.unit.test_execution_coverage_boost.TestPositionManagerBasic" name="test_open_with_metadata" time="0.010" /><testcase classname="tests.unit.test_execution_coverage_boost.TestPositionManagerBasic" name="test_close_result_has_duration" time="0.012" /><testcase classname="tests.unit.test_execution_coverage_boost.TestPositionManagerBasic" name="test_position_added_to_history_after_close" time="0.011" /><testcase classname="tests.unit.test_execution_coverage_boost.TestAsyncRedisStateStoreFull" name="test_save_order_success" time="0.024" /><testcase classname="tests.unit.test_execution_coverage_boost.TestAsyncRedisStateStoreFull" name="test_save_order_no_id_skipped" time="0.017" /><testcase classname="tests.unit.test_execution_coverage_boost.TestAsyncRedisStateStoreFull" name="test_save_order_connection_error" time="0.022" /><testcase classname="tests.unit.test_execution_coverage_boost.TestAsyncRedisStateStoreFull" name="test_remove_order_success" time="0.016" /><testcase classname="tests.unit.test_execution_coverage_boost.TestAsyncRedisStateStoreFull" name="test_remove_order_connection_error" time="0.019" /><testcase classname="tests.unit.test_execution_coverage_boost.TestAsyncRedisStateStoreFull" name="test_load_orders_empty" time="0.016" /><testcase classname="tests.unit.test_execution_coverage_boost.TestAsyncRedisStateStoreFull" name="test_load_orders_with_data" time="0.022" /><testcase classname="tests.unit.test_execution_coverage_boost.TestAsyncRedisStateStoreFull" name="test_load_orders_connection_error" time="0.018" /><testcase classname="tests.unit.test_execution_coverage_boost.TestAsyncRedisStateStoreFull" name="test_save_position_success" time="0.016" /><testcase classname="tests.unit.test_execution_coverage_boost.TestAsyncRedisStateStoreFull" name="test_save_position_no_symbol_skipped" time="0.018" /><testcase classname="tests.unit.test_execution_coverage_boost.TestAsyncRedisStateStoreFull" name="test_save_position_connection_error" time="0.019" /><testcase classname="tests.unit.test_execution_coverage_boost.TestAsyncRedisStateStoreFull" name="test_remove_position_success" time="0.018" /><testcase classname="tests.unit.test_execution_coverage_boost.TestAsyncRedisStateStoreFull" name="test_remove_position_connection_error" time="0.019" /><testcase classname="tests.unit.test_execution_coverage_boost.TestAsyncRedisStateStoreFull" name="test_load_positions_with_data" time="0.019" /><testcase classname="tests.unit.test_execution_coverage_boost.TestAsyncRedisStateStoreFull" name="test_load_positions_connection_error" time="0.018" /><testcase classname="tests.unit.test_execution_coverage_boost.TestAsyncRedisStateStoreFull" name="test_load_state_on_boot_with_data" time="0.022" /><testcase classname="tests.unit.test_execution_coverage_boost.TestSpreadMonitorFull" name="test_on_tick_normal" time="0.008" /><testcase classname="tests.unit.test_execution_coverage_boost.TestSpreadMonitorFull" name="test_on_tick_invalid_bid_zero" time="0.007" /><testcase classname="tests.unit.test_execution_coverage_boost.TestSpreadMonitorFull" name="test_on_tick_crossed_market" time="0.008" /><testcase classname="tests.unit.test_execution_coverage_boost.TestSpreadMonitorFull" name="test_spike_detected_absolute_limit" time="0.010" /><testcase classname="tests.unit.test_execution_coverage_boost.TestSpreadMonitorFull" name="test_spike_detected_relative" time="0.009" /><testcase classname="tests.unit.test_execution_coverage_boost.TestSpreadMonitorFull" name="test_no_spike_insufficient_ticks" time="0.007" /><testcase classname="tests.unit.test_execution_coverage_boost.TestSpreadMonitorFull" name="test_is_spread_spiking_unknown_symbol" time="0.007" /><testcase classname="tests.unit.test_execution_coverage_boost.TestSpreadMonitorFull" name="test_get_snapshot_no_ticks" time="0.007" /><testcase classname="tests.unit.test_execution_coverage_boost.TestSpreadMonitorFull" name="test_get_snapshot_with_ticks" time="0.007" /><testcase classname="tests.unit.test_execution_coverage_boost.TestSpreadMonitorFull" name="test_get_all_snapshots" time="0.008" /><testcase classname="tests.unit.test_execution_coverage_boost.TestSpreadMonitorFull" name="test_on_tick_obj_with_bid_ask" time="0.007" /><testcase classname="tests.unit.test_execution_coverage_boost.TestSpreadMonitorFull" name="test_on_tick_obj_with_mid_fallback" time="0.008" /><testcase classname="tests.unit.test_execution_coverage_boost.TestSpreadMonitorFull" name="test_on_tick_obj_no_price_attrs" time="0.008" /><testcase classname="tests.unit.test_execution_coverage_boost.TestSpreadMonitorFull" name="test_ema_updates_over_ticks" time="0.008" /><testcase classname="tests.unit.test_execution_coverage_boost.TestSpreadMonitorFull" name="test_get_spread_monitor_singleton" time="0.007" /><testcase classname="tests.unit.test_execution_coverage_boost.TestSmartRouterFull" name="test_add_broker" time="0.010" /><testcase classname="tests.unit.test_execution_coverage_boost.TestSmartRouterFull" name="test_remove_broker" time="0.012" /><testcase classname="tests.unit.test_execution_coverage_boost.TestSmartRouterFull" name="test_route_no_brokers_rejected" time="0.009" /><testcase classname="tests.unit.test_execution_coverage_boost.TestSmartRouterFull" name="test_route_success" time="0.013" /><testcase classname="tests.unit.test_execution_coverage_boost.TestSmartRouterFull" name="test_route_high_sentiment_blocked" time="0.012" /><testcase classname="tests.unit.test_execution_coverage_boost.TestSmartRouterFull" name="test_route_high_impact_blocked" time="0.011" /><testcase classname="tests.unit.test_execution_coverage_boost.TestSmartRouterFull" name="test_route_unwind_bypasses_gates" time="0.015" /><testcase classname="tests.unit.test_execution_coverage_boost.TestSmartRouterFull" name="test_route_wide_spread_blocked" time="0.012" /><testcase classname="tests.unit.test_execution_coverage_boost.TestSmartRouterFull" name="test_route_broker_error_fallback" time="0.019" /><testcase classname="tests.unit.test_execution_coverage_boost.TestSmartRouterFull" name="test_get_routing_stats" time="0.008" /><testcase classname="tests.unit.test_execution_coverage_boost.TestSmartRouterFull" name="test_get_broker_states" time="0.011" /><testcase classname="tests.unit.test_execution_coverage_boost.TestSmartRouterFull" name="test_broker_state_record_fill" time="0.008" /><testcase classname="tests.unit.test_execution_coverage_boost.TestSmartRouterFull" name="test_broker_state_record_error_opens_circuit" time="0.008" /><testcase classname="tests.unit.test_execution_coverage_boost.TestSmartRouterFull" name="test_broker_state_circuit_reset" time="0.009" /><testcase classname="tests.unit.test_execution_coverage_boost.TestSmartRouterFull" name="test_broker_state_routing_score" time="0.008" /><testcase classname="tests.unit.test_execution_coverage_boost.TestSmartRouterFull" name="test_routing_decision_dataclass" time="0.008" /><testcase classname="tests.unit.test_execution_coverage_boost.TestSLTPMonitorClosePaths" name="test_close_position_sl_success" time="0.019" /><testcase classname="tests.unit.test_execution_coverage_boost.TestSLTPMonitorClosePaths" name="test_close_position_tp_success" time="0.017" /><testcase classname="tests.unit.test_execution_coverage_boost.TestSLTPMonitorClosePaths" name="test_close_position_zero_qty_skipped" time="0.013" /><testcase classname="tests.unit.test_execution_coverage_boost.TestSLTPMonitorClosePaths" name="test_close_position_broker_error_retries" time="0.018" /><testcase classname="tests.unit.test_execution_coverage_boost.TestSLTPMonitorClosePaths" name="test_close_position_removes_from_closing_set" time="0.017" /><testcase classname="tests.unit.test_execution_coverage_boost.TestSLTPMonitorClosePaths" name="test_on_task_done_non_crash" time="0.011" /><testcase classname="tests.unit.test_execution_coverage_boost.TestSLTPMonitorClosePaths" name="test_check_breach_zero_sl_ignored" time="0.008" /><testcase classname="tests.unit.test_execution_coverage_boost.TestSLTPMonitorClosePaths" name="test_check_breach_unknown_side" time="0.007" /><testcase classname="tests.unit.test_execution_coverage_boost.TestAsyncEngineExtra" name="test_cancel_nonexistent_returns_false" time="0.010" /><testcase classname="tests.unit.test_execution_coverage_boost.TestAsyncEngineExtra" name="test_cancel_no_venue_returns_false" time="0.012" /><testcase classname="tests.unit.test_execution_coverage_boost.TestAsyncEngineExtra" name="test_batch_submit" time="0.013" /><testcase classname="tests.unit.test_execution_coverage_boost.TestAsyncEngineExtra" name="test_close_all_positions_empty" time="0.011" /><testcase classname="tests.unit.test_execution_coverage_boost.TestAsyncEngineExtra" name="test_get_positions_cached" time="0.009" /><testcase classname="tests.unit.test_execution_coverage_boost.TestAsyncEngineExtra" name="test_select_venue_with_broker" time="0.010" /><testcase classname="tests.unit.test_execution_coverage_boost.TestAsyncEngineExtra" name="test_pre_trade_check_passes" time="0.009" /><testcase classname="tests.unit.test_execution_coverage_boost.TestAsyncEngineExtra" name="test_simulate_fill_market_order" time="2.259" /><testcase classname="tests.unit.test_execution_coverage_boost.TestAsyncEngineExtra" name="test_simulate_fill_no_market_data_rejected" time="0.021" /><testcase classname="tests.unit.test_execution_coverage_boost.TestAsyncEngineExtra" name="test_simulate_fill_raises_in_live_mode" time="0.010" /><testcase classname="tests.unit.test_execution_coverage_boost.TestAsyncEngineExtra" name="test_order_status_enum_values" time="0.007" /><testcase classname="tests.unit.test_execution_coverage_boost.TestAsyncEngineExtra" name="test_order_type_enum_values" time="0.007" /><testcase classname="tests.unit.test_execution_coverage_boost.TestTradeExecutorExtra" name="test_execute_missing_fields_rejected" time="0.013" /><testcase classname="tests.unit.test_execution_coverage_boost.TestTradeExecutorExtra" name="test_execute_invalid_action_rejected" time="0.014" /><testcase classname="tests.unit.test_execution_coverage_boost.TestTradeExecutorExtra" name="test_execute_buy_signal" time="0.012" /><testcase classname="tests.unit.test_execution_coverage_boost.TestTradeExecutorExtra" name="test_execute_sell_signal" time="0.014" /><testcase classname="tests.unit.test_execution_coverage_boost.TestTradeExecutorExtra" name="test_execute_close_signal" time="0.012" /><testcase classname="tests.unit.test_execution_coverage_boost.TestTradeExecutorExtra" name="test_drawdown_halt_blocks_trade" time="0.012" /><testcase classname="tests.unit.test_execution_coverage_boost.TestTradeExecutorExtra" name="test_streak_halt_blocks_trade" time="0.012" /><testcase classname="tests.unit.test_execution_coverage_boost.TestTradeExecutorExtra" name="test_register_callback" time="0.010" /><testcase classname="tests.unit.test_execution_coverage_boost.TestTradeExecutorExtra" name="test_execution_result_dataclass" time="0.008" /><testcase classname="tests.unit.test_execution_engine_deep.TestExecutionReportSuccess" name="test_filled_is_success" time="0.007" /><testcase classname="tests.unit.test_execution_engine_deep.TestExecutionReportSuccess" name="test_submitted_is_success" time="0.007" /><testcase classname="tests.unit.test_execution_engine_deep.TestExecutionReportSuccess" name="test_blocked_is_not_success" time="0.007" /><testcase classname="tests.unit.test_execution_engine_deep.TestExecutionReportSuccess" name="test_error_is_not_success" time="0.007" /><testcase classname="tests.unit.test_execution_engine_deep.TestTickFeed" name="test_update_and_get_last_tick" time="0.015" /><testcase classname="tests.unit.test_execution_engine_deep.TestTickFeed" name="test_get_last_tick_unknown_symbol_returns_none" time="0.010" /><testcase classname="tests.unit.test_execution_engine_deep.TestTickFeed" name="test_tick_feed_status_empty" time="0.011" /><testcase classname="tests.unit.test_execution_engine_deep.TestTickFeed" name="test_tick_feed_status_with_tick" time="0.011" /><testcase classname="tests.unit.test_execution_engine_deep.TestTickFeed" name="test_update_overwrites_previous_tick" time="0.014" /><testcase classname="tests.unit.test_execution_engine_deep.TestEnrichPriceFromTickFeed" name="test_injects_mid_price_when_request_has_no_price" time="0.013" /><testcase classname="tests.unit.test_execution_engine_deep.TestEnrichPriceFromTickFeed" name="test_does_not_overwrite_existing_price" time="0.012" /><testcase classname="tests.unit.test_execution_engine_deep.TestEnrichPriceFromTickFeed" name="test_returns_request_unchanged_when_no_tick" time="0.011" /><testcase classname="tests.unit.test_execution_engine_deep.TestEnrichPriceFromTickFeed" name="test_limit_order_not_enriched" time="0.012" /><testcase classname="tests.unit.test_execution_engine_deep.TestEnrichPriceFromTickFeed" name="test_tick_with_zero_mid_skipped" time="0.013" /><testcase classname="tests.unit.test_execution_engine_deep.TestEnrichPriceFromTickFeed" name="test_tick_without_mid_attr_skipped" time="0.011" /><testcase classname="tests.unit.test_execution_engine_deep.TestEnrichPriceFromDataLayer" name="test_skips_when_data_layer_unavailable" time="0.013" /><testcase classname="tests.unit.test_execution_engine_deep.TestEnrichPriceFromDataLayer" name="test_returns_blocked_report_when_not_safe_to_trade" time="0.012" /><testcase classname="tests.unit.test_execution_engine_deep.TestEnrichPriceFromDataLayer" name="test_injects_price_from_data_layer_when_no_price" time="0.013" /><testcase classname="tests.unit.test_execution_engine_deep.TestEnrichPriceFromDataLayer" name="test_does_not_overwrite_existing_price" time="0.011" /><testcase classname="tests.unit.test_execution_engine_deep.TestEnrichPriceFromDataLayer" name="test_orchestrator_not_started_skips_check" time="0.015" /><testcase classname="tests.unit.test_execution_engine_deep.TestEnrichPriceFromDataLayer" name="test_skips_when_data_layer_raises_import_error" time="0.012" /><testcase classname="tests.unit.test_execution_engine_deep.TestEnrichPriceFromDataLayer" name="test_skips_when_orchestrator_raises_attribute_error" time="0.015" /><testcase classname="tests.unit.test_execution_engine_deep.TestEnrichPriceFromDataLayer" name="test_skips_when_is_safe_to_trade_raises_value_error" time="0.015" /><testcase classname="tests.unit.test_execution_engine_deep.TestCloneRequestWithPrice" name="test_creates_new_request_with_given_price" time="0.008" /><testcase classname="tests.unit.test_execution_engine_deep.TestCloneRequestWithPrice" name="test_original_request_unchanged" time="0.008" /><testcase classname="tests.unit.test_execution_engine_deep.TestCloneRequestWithPrice" name="test_symbol_and_side_copied" time="0.008" /><testcase classname="tests.unit.test_execution_engine_deep.TestSharpeCircuitBreaker" name="test_no_model_version_returns_none" time="0.012" /><testcase classname="tests.unit.test_execution_engine_deep.TestSharpeCircuitBreaker" name="test_open_circuit_returns_blocked_report" time="0.014" /><testcase classname="tests.unit.test_execution_engine_deep.TestSharpeCircuitBreaker" name="test_closed_circuit_returns_none" time="0.012" /><testcase classname="tests.unit.test_execution_engine_deep.TestSharpeCircuitBreaker" name="test_cb_unavailable_returns_none" time="0.012" /><testcase classname="tests.unit.test_execution_engine_deep.TestSharpeCircuitBreaker" name="test_strategy_id_used_as_fallback_model_version" time="0.011" /><testcase classname="tests.unit.test_execution_engine_deep.TestAlgoRouting" name="test_small_order_not_routed_returns_none" time="0.017" /><testcase classname="tests.unit.test_execution_engine_deep.TestAlgoRouting" name="test_large_order_routed_returns_submitted_report" time="0.017" /><testcase classname="tests.unit.test_execution_engine_deep.TestAlgoRouting" name="test_algo_import_error_returns_none" time="0.014" /><testcase classname="tests.unit.test_execution_engine_deep.TestAlgoRouting" name="test_algo_exception_returns_none" time="0.016" /><testcase classname="tests.unit.test_execution_engine_deep.TestRecordTcaSignalPrice" name="test_records_when_signal_price_in_metadata" time="0.011" /><testcase classname="tests.unit.test_execution_engine_deep.TestRecordTcaSignalPrice" name="test_skips_when_no_signal_price" time="0.014" /><testcase classname="tests.unit.test_execution_engine_deep.TestRecordTcaSignalPrice" name="test_recorder_error_does_not_raise" time="0.014" /><testcase classname="tests.unit.test_execution_engine_deep.TestRecordTcaSignalPrice" name="test_recorder_import_error_does_not_raise" time="0.011" /><testcase classname="tests.unit.test_execution_engine_deep.TestWarnOnLatencyBreach" name="test_warning_logged_when_latency_exceeds_target" time="0.015" /><testcase classname="tests.unit.test_execution_engine_deep.TestWarnOnLatencyBreach" name="test_no_warning_when_within_target" time="0.013" /><testcase classname="tests.unit.test_execution_engine_deep.TestUpdateSharpeCircuitBreaker" name="test_records_pnl_when_model_version_present" time="0.014" /><testcase classname="tests.unit.test_execution_engine_deep.TestUpdateSharpeCircuitBreaker" name="test_skips_when_no_model_version" time="0.011" /><testcase classname="tests.unit.test_execution_engine_deep.TestUpdateSharpeCircuitBreaker" name="test_exception_does_not_raise" time="0.012" /><testcase classname="tests.unit.test_execution_full.TestFIXDomainTypes" name="test_fix_side_values" time="0.007" /><testcase classname="tests.unit.test_execution_full.TestFIXDomainTypes" name="test_fix_ord_type_values" time="0.007" /><testcase classname="tests.unit.test_execution_full.TestFIXDomainTypes" name="test_fix_exec_type_values" time="0.008" /><testcase classname="tests.unit.test_execution_full.TestFIXOrder" name="test_default_cl_ord_id_generated" time="0.008" /><testcase classname="tests.unit.test_execution_full.TestFIXOrder" name="test_unique_cl_ord_ids" time="0.008" /><testcase classname="tests.unit.test_execution_full.TestFIXOrder" name="test_limit_order_has_price" time="0.007" /><testcase classname="tests.unit.test_execution_full.TestFIXOrder" name="test_fields_stored" time="0.007" /><testcase classname="tests.unit.test_execution_full.TestFIXFillReport" name="test_fill_report_fields" time="0.007" /><testcase classname="tests.unit.test_execution_full.TestFIXFillReport" name="test_latency_defaults_zero" time="0.008" /><testcase classname="tests.unit.test_execution_full.TestFIXCircuitBreaker" name="test_initially_closed" time="0.008" /><testcase classname="tests.unit.test_execution_full.TestFIXCircuitBreaker" name="test_opens_on_high_latency" time="0.008" /><testcase classname="tests.unit.test_execution_full.TestFIXCircuitBreaker" name="test_stays_closed_on_low_latency" time="0.007" /><testcase classname="tests.unit.test_execution_full.TestFIXCircuitBreaker" name="test_check_raises_when_open" time="0.009" /><testcase classname="tests.unit.test_execution_full.TestFIXCircuitBreaker" name="test_check_passes_when_closed" time="0.009" /><testcase classname="tests.unit.test_execution_full.TestFIXCircuitBreaker" name="test_resets_after_cooldown" time="0.060" /><testcase classname="tests.unit.test_execution_full.TestFIXCircuitBreaker" name="test_multiple_high_latency_stays_open" time="0.010" /><testcase classname="tests.unit.test_execution_full.TestFIXAdapterInit" name="test_init_no_crash" time="0.009" /><testcase classname="tests.unit.test_execution_full.TestFIXAdapterInit" name="test_circuit_breaker_accessible" time="0.008" /><testcase classname="tests.unit.test_execution_full.TestFIXAdapterInit" name="test_start_without_fix_library_no_crash" time="0.012" /><testcase classname="tests.unit.test_execution_full.TestFIXAdapterInit" name="test_stop_without_start_no_crash" time="0.010" /><testcase classname="tests.unit.test_execution_full.TestFIXAdapterInit" name="test_circuit_breaker_is_closed_initially" time="0.008" /><testcase classname="tests.unit.test_execution_full.TestFIXRouter" name="test_init_state" time="0.022" /><testcase classname="tests.unit.test_execution_full.TestFIXRouter" name="test_stop_sets_running_false" time="0.023" /><testcase classname="tests.unit.test_execution_full.TestFIXRouter" name="test_stop_with_adapter_error_no_crash" time="0.024" /><testcase classname="tests.unit.test_execution_full.TestFIXRouter" name="test_init_fix_returns_bool" time="0.023" /><testcase classname="tests.unit.test_execution_full.TestFIXRouter" name="test_route_halted_skips_order" time="0.022" /><testcase classname="tests.unit.test_execution_full.TestFIXRouter" name="test_route_uses_fallback_when_fix_unavailable" time="0.033"><failure message="AssertionError: Expected 'mock' to have been called once. Called 0 times.">self = &lt;tests.unit.test_execution_full.TestFIXRouter object at 0x7f8821f36710&gt;

    @pytest.mark.asyncio
    async def test_route_uses_fallback_when_fix_unavailable(self):
        from execution.fix_router import FIXRouter

        router = FIXRouter()
        router._fix_available = False
        router._halted = False
        fill_response = {
            "type": "fill_confirmation",
            "source": "oanda_rest_fallback",
            "symbol": "XAUUSD",
            "direction": "BUY",
            "units": 1000,
            "price": 2000.0,
            "order_id": "test_id",
            "timestamp": datetime.now(UTC).isoformat(),
        }
        # Patch the fallback's send method as an AsyncMock
        with patch.object(router._fallback, "send", new=AsyncMock(return_value=fill_response)) as mock_send:
            with patch("execution.fix_router.bus") as mock_bus:
                mock_bus.publish = AsyncMock()
                mock_bus.publish_order = AsyncMock()
                await router._route({"symbol": "XAUUSD", "direction": "BUY", "units": 1000})
&gt;           mock_send.assert_called_once()

tests/unit/test_execution_full.py:281:
_ _ _ _ _ _ _ _ _ _ _ _ _ _ _ _ _ _ _ _ _ _ _ _ _ _ _ _ _ _ _ _ _ _ _ _ _ _ _ _

self = &lt;AsyncMock id='140220834360976'&gt;

    def assert_called_once(self):
        """assert that the mock was called only once.
        """
        if not self.call_count == 1:
            msg = ("Expected '%s' to have been called once. Called %s times.%s"
                   % (self._mock_name or 'mock',
                      self.call_count,
                      self._calls_repr()))
&gt;           raise AssertionError(msg)
E           AssertionError: Expected 'mock' to have been called once. Called 0 times.

/usr/lib/python3.11/unittest/mock.py:918: AssertionError</failure></testcase><testcase classname="tests.unit.test_execution_full.TestFIXRouter" name="test_counters_initial_zero" time="0.020" /><testcase classname="tests.unit.test_execution_full.TestPaperExecutor" name="test_initial_balance" time="0.008" /><testcase classname="tests.unit.test_execution_full.TestPaperExecutor" name="test_equity_equals_cash_with_no_positions" time="0.008" /><testcase classname="tests.unit.test_execution_full.TestPaperExecutor" name="test_buy_order_reduces_cash" time="0.009" /><testcase classname="tests.unit.test_execution_full.TestPaperExecutor" name="test_buy_creates_position" time="0.008" /><testcase classname="tests.unit.test_execution_full.TestPaperExecutor" name="test_execution_result_returned" time="0.008" /><testcase classname="tests.unit.test_execution_full.TestPaperExecutor" name="test_order_history_recorded" time="0.009" /><testcase classname="tests.unit.test_execution_full.TestPaperExecutor" name="test_update_prices_affects_equity" time="0.009" /><testcase classname="tests.unit.test_execution_full.TestPaperExecutor" name="test_order_id_unique" time="0.009" /><testcase classname="tests.unit.test_execution_full.TestPaperExecutor" name="test_insufficient_balance_rejected" time="0.008" /><testcase classname="tests.unit.test_execution_full.TestPaperExecutor" name="test_get_unrealized_pnl_no_position" time="0.009" /><testcase classname="tests.unit.test_execution_full.TestPaperExecutor" name="test_get_unrealized_pnl_long_position" time="0.008" /><testcase classname="tests.unit.test_execution_full.TestPaperExecutor" name="test_limit_order_handled" time="0.007" /><testcase classname="tests.unit.test_execution_full.TestOrderStatus" name="test_status_values" time="0.007" /><testcase classname="tests.unit.test_execution_full.TestExecutionResult" name="test_fields" time="0.009" /><testcase classname="tests.unit.test_execution_full.TestAlgoStatus" name="test_values" time="0.009" /><testcase classname="tests.unit.test_execution_full.TestChildOrder" name="test_child_id_generated" time="0.009" /><testcase classname="tests.unit.test_execution_full.TestChildOrder" name="test_unique_child_ids" time="0.009" /><testcase classname="tests.unit.test_execution_full.TestAlgoOrderManager" name="test_init" time="0.009" /><testcase classname="tests.unit.test_execution_full.TestAlgoOrderManager" name="test_no_active_orders_initially" time="0.008" /><testcase classname="tests.unit.test_execution_full.TestAlgoOrderManager" name="test_submit_twap_returns_algo_id" time="0.014" /><testcase classname="tests.unit.test_execution_full.TestAlgoOrderManager" name="test_submit_vwap_returns_algo_id" time="0.014" /><testcase classname="tests.unit.test_execution_full.TestAlgoOrderManager" name="test_submit_iceberg_returns_algo_id" time="0.016" /><testcase classname="tests.unit.test_execution_full.TestAlgoOrderManager" name="test_cancel_nonexistent_order_returns_false" time="0.008" /><testcase classname="tests.unit.test_execution_full.TestAlgoOrderManager" name="test_cancel_active_order" time="0.012" /><testcase classname="tests.unit.test_execution_full.TestAlgoOrderManager" name="test_get_status_unknown_returns_none" time="0.009" /><testcase classname="tests.unit.test_execution_full.TestAlgoOrderManager" name="test_get_algo_manager_singleton" time="0.008" /><testcase classname="tests.unit.test_execution_full.TestAlgoOrderManager" name="test_set_broker_submit_fn" time="0.009" /><testcase classname="tests.unit.test_execution_full.TestAlgoOrderManager" name="test_get_all_active_empty" time="0.008" /><testcase classname="tests.unit.test_execution_full.TestHopeFXEngineTypes" name="test_engine_state_values" time="0.016" /><testcase classname="tests.unit.test_execution_full.TestHopeFXEngineTypes" name="test_execution_signal_fields" time="0.007" /><testcase classname="tests.unit.test_execution_full.TestHopeFXEngineTypes" name="test_fill_record_fields" time="0.008" /><testcase classname="tests.unit.test_execution_full.TestExecutionSystem" name="test_importable" time="0.008" /><testcase classname="tests.unit.test_execution_full.TestExecutionSystem" name="test_init_no_crash" time="0.008" /><testcase classname="tests.unit.test_execution_full.TestExecutionSystem" name="test_init_with_ml_fn" time="0.009" /><testcase classname="tests.unit.test_execution_modules.TestAsyncExecutionEngine" name="test_init_paper" time="0.008" /><testcase classname="tests.unit.test_execution_modules.TestAsyncExecutionEngine" name="test_init_live" time="0.008" /><testcase classname="tests.unit.test_execution_modules.TestAsyncExecutionEngine" name="test_submit_paper_returns_id" time="0.012" /><testcase classname="tests.unit.test_execution_modules.TestAsyncExecutionEngine" name="test_submit_assigns_id" time="0.014" /><testcase classname="tests.unit.test_execution_modules.TestAsyncExecutionEngine" name="test_submit_shutdown_raises" time="0.009" /><testcase classname="tests.unit.test_execution_modules.TestAsyncExecutionEngine" name="test_submit_risk_rejected" time="0.012" /><testcase classname="tests.unit.test_execution_modules.TestAsyncExecutionEngine" name="test_order_remaining_qty" time="0.007" /><testcase classname="tests.unit.test_execution_modules.TestAsyncExecutionEngine" name="test_fill_dataclass" time="0.008" /><testcase classname="tests.unit.test_execution_modules.TestAsyncExecutionEngine" name="test_orders_dict_accessible" time="0.007" /><testcase classname="tests.unit.test_execution_modules.TestExecutionSystem" name="test_init" time="0.008" /><testcase classname="tests.unit.test_execution_modules.TestExecutionSystem" name="test_init_with_ml_fn" time="0.008" /><testcase classname="tests.unit.test_execution_modules.TestExecutionSystem" name="test_health_before_start" time="0.008" /><testcase classname="tests.unit.test_execution_modules.TestExecutionSystem" name="test_stop_not_started" time="0.013" /><testcase classname="tests.unit.test_execution_modules.TestExecutionSystem" name="test_start_sets_flag" time="0.012" /><testcase classname="tests.unit.test_execution_modules.TestExecutionSystem" name="test_start_idempotent_via_flag" time="0.015" /><testcase classname="tests.unit.test_execution_modules.TestFIXRouter" name="test_init" time="0.021" /><testcase classname="tests.unit.test_execution_modules.TestFIXRouter" name="test_stop_not_running" time="0.023" /><testcase classname="tests.unit.test_execution_modules.TestFIXRouter" name="test_metrics" time="0.018" /><testcase classname="tests.unit.test_execution_modules.TestFIXRouter" name="test_stop_sets_running_false" time="0.022" /><testcase classname="tests.unit.test_execution_modules.TestFIXRouter" name="test_breach_listener_exits_via_bus_mock" time="0.021" /><testcase classname="tests.unit.test_execution_modules.TestFIXAdapterCircuitBreaker" name="test_init_closed" time="0.008" /><testcase classname="tests.unit.test_execution_modules.TestFIXAdapterCircuitBreaker" name="test_opens_after_high_latency" time="0.008" /><testcase classname="tests.unit.test_execution_modules.TestFIXAdapterCircuitBreaker" name="test_stays_closed_below_threshold" time="0.007" /><testcase classname="tests.unit.test_execution_modules.TestFIXAdapterCircuitBreaker" name="test_resets_after_timeout" time="0.029" /><testcase classname="tests.unit.test_execution_modules.TestFIXAdapterCircuitBreaker" name="test_check_raises_when_open" time="0.009" /><testcase classname="tests.unit.test_execution_modules.TestFIXAdapterCircuitBreaker" name="test_check_passes_when_closed" time="0.007" /><testcase classname="tests.unit.test_execution_modules.TestFIXDataclasses" name="test_fix_order_creation" time="0.007" /><testcase classname="tests.unit.test_execution_modules.TestFIXDataclasses" name="test_fix_order_with_limit" time="0.007" /><testcase classname="tests.unit.test_execution_modules.TestFIXDataclasses" name="test_fix_fill_report_creation" time="0.007" /><testcase classname="tests.unit.test_execution_modules.TestFIXDataclasses" name="test_enums" time="0.007" /><testcase classname="tests.unit.test_execution_modules.TestFIXAdapterInit" name="test_circuit_breaker_accessible" time="0.007" /><testcase classname="tests.unit.test_execution_modules.TestFIXAdapterInit" name="test_not_running" time="0.008" /><testcase classname="tests.unit.test_execution_modules.TestFIXAdapterInit" name="test_pending_dict_empty" time="0.007" /><testcase classname="tests.unit.test_execution_modules.TestAsyncRedisStateStore" name="test_save_order" time="0.019" /><testcase classname="tests.unit.test_execution_modules.TestAsyncRedisStateStore" name="test_save_order_no_id_skipped" time="0.017" /><testcase classname="tests.unit.test_execution_modules.TestAsyncRedisStateStore" name="test_remove_order" time="0.018" /><testcase classname="tests.unit.test_execution_modules.TestAsyncRedisStateStore" name="test_load_orders_empty" time="0.015" /><testcase classname="tests.unit.test_execution_modules.TestAsyncRedisStateStore" name="test_save_position" time="0.017" /><testcase classname="tests.unit.test_execution_modules.TestAsyncRedisStateStore" name="test_redis_error_non_fatal" time="0.021" /><testcase classname="tests.unit.test_execution_modules.TestTradeExecutorAdditional" name="test_sell_signal" time="0.024" /><testcase classname="tests.unit.test_execution_modules.TestTradeExecutorAdditional" name="test_register_callback" time="0.015" /><testcase classname="tests.unit.test_execution_modules.TestTradeExecutorAdditional" name="test_streak_halted_blocks" time="0.020" /><testcase classname="tests.unit.test_execution_modules.TestTradeExecutorAdditional" name="test_streak_expired_allows" time="0.025" /><testcase classname="tests.unit.test_execution_oms.TestOMSOrder" name="test_remaining_quantity_unfilled" time="0.008" /><testcase classname="tests.unit.test_execution_oms.TestOMSOrder" name="test_remaining_quantity_partial" time="0.007" /><testcase classname="tests.unit.test_execution_oms.TestOMSOrder" name="test_is_active_new" time="0.008" /><testcase classname="tests.unit.test_execution_oms.TestOMSOrder" name="test_is_active_partially_filled" time="0.007" /><testcase classname="tests.unit.test_execution_oms.TestOMSOrder" name="test_is_active_filled_false" time="0.007" /><testcase classname="tests.unit.test_execution_oms.TestOMSOrder" name="test_is_active_cancelled_false" time="0.007" /><testcase classname="tests.unit.test_execution_oms.TestOMSOrder" name="test_can_fill_valid_market" time="0.008" /><testcase classname="tests.unit.test_execution_oms.TestOMSOrder" name="test_can_fill_limit_buy_price_ok" time="0.007" /><testcase classname="tests.unit.test_execution_oms.TestOMSOrder" name="test_can_fill_limit_buy_price_too_high" time="0.009" /><testcase classname="tests.unit.test_execution_oms.TestOMSOrder" name="test_can_fill_limit_sell_price_ok" time="0.008" /><testcase classname="tests.unit.test_execution_oms.TestOMSOrder" name="test_can_fill_limit_sell_price_too_low" time="0.009" /><testcase classname="tests.unit.test_execution_oms.TestOMSOrder" name="test_can_fill_exceeds_remaining" time="0.008" /><testcase classname="tests.unit.test_execution_oms.TestOMSOrder" name="test_can_fill_wrong_status" time="0.007" /><testcase classname="tests.unit.test_execution_oms.TestOMSOrder" name="test_default_id_generated" time="0.008" /><testcase classname="tests.unit.test_execution_oms.TestOMSOrder" name="test_time_in_force_default_gtc" time="0.007" /><testcase classname="tests.unit.test_execution_oms.TestOrderLifecycleManager" name="test_create_order_returns_order" time="0.008" /><testcase classname="tests.unit.test_execution_oms.TestOrderLifecycleManager" name="test_order_stored_in_orders" time="0.009" /><testcase classname="tests.unit.test_execution_oms.TestOrderLifecycleManager" name="test_fill_order_partial" time="0.009" /><testcase classname="tests.unit.test_execution_oms.TestOrderLifecycleManager" name="test_fill_order_complete" time="0.010" /><testcase classname="tests.unit.test_execution_oms.TestOrderLifecycleManager" name="test_fill_nonexistent_order_returns_false" time="0.007" /><testcase classname="tests.unit.test_execution_oms.TestOrderLifecycleManager" name="test_cancel_order" time="0.009" /><testcase classname="tests.unit.test_execution_oms.TestOrderLifecycleManager" name="test_cancel_nonexistent_returns_false" time="0.007" /><testcase classname="tests.unit.test_execution_oms.TestOrderLifecycleManager" name="test_active_orders_empty_initially" time="0.008" /><testcase classname="tests.unit.test_execution_oms.TestOrderLifecycleManager" name="test_get_order_history_after_valid_transition" time="0.009" /><testcase classname="tests.unit.test_execution_oms.TestOrderLifecycleManager" name="test_register_callback_fires_on_status" time="0.009" /><testcase classname="tests.unit.test_execution_oms.TestOrderLifecycleManager" name="test_valid_transitions_defined" time="0.008" /><testcase classname="tests.unit.test_execution_redis_state.TestRedisStateStore" name="test_save_order_calls_set" time="0.009" /><testcase classname="tests.unit.test_execution_redis_state.TestRedisStateStore" name="test_save_order_no_id_skipped" time="0.010" /><testcase classname="tests.unit.test_execution_redis_state.TestRedisStateStore" name="test_remove_order" time="0.009" /><testcase classname="tests.unit.test_execution_redis_state.TestRedisStateStore" name="test_load_orders_empty" time="0.009" /><testcase classname="tests.unit.test_execution_redis_state.TestRedisStateStore" name="test_load_orders_with_data" time="0.009" /><testcase classname="tests.unit.test_execution_redis_state.TestRedisStateStore" name="test_save_position" time="0.009" /><testcase classname="tests.unit.test_execution_redis_state.TestRedisStateStore" name="test_remove_position" time="0.009" /><testcase classname="tests.unit.test_execution_redis_state.TestRedisStateStore" name="test_load_positions_empty" time="0.009" /><testcase classname="tests.unit.test_execution_redis_state.TestRedisStateStore" name="test_load_state_on_boot" time="0.010" /><testcase classname="tests.unit.test_execution_redis_state.TestRedisStateStore" name="test_connection_error_handled" time="0.009" /><testcase classname="tests.unit.test_execution_redis_state.TestRedisStateStore" name="test_save_order_uses_order_id_key" time="0.010" /><testcase classname="tests.unit.test_execution_redis_state.TestAsyncRedisStateStore" name="test_save_order_async" time="0.010" /><testcase classname="tests.unit.test_execution_redis_state.TestAsyncRedisStateStore" name="test_load_state_on_boot_async" time="0.010" /><testcase classname="tests.unit.test_execution_redis_state.TestCreateStateStore" name="test_sync_store" time="0.009" /><testcase classname="tests.unit.test_execution_redis_state.TestCreateStateStore" name="test_async_store" time="0.009" /><testcase classname="tests.unit.test_execution_sl_tp_monitor.TestSLTPMonitorInit" name="test_not_running_initially" time="0.010" /><testcase classname="tests.unit.test_execution_sl_tp_monitor.TestSLTPMonitorInit" name="test_closing_set_empty" time="0.008" /><testcase classname="tests.unit.test_execution_sl_tp_monitor.TestCheckBreach" name="test_long_sl_breach" time="0.008" /><testcase classname="tests.unit.test_execution_sl_tp_monitor.TestCheckBreach" name="test_long_tp_breach" time="0.008" /><testcase classname="tests.unit.test_execution_sl_tp_monitor.TestCheckBreach" name="test_long_no_breach" time="0.006" /><testcase classname="tests.unit.test_execution_sl_tp_monitor.TestCheckBreach" name="test_short_sl_breach" time="0.008" /><testcase classname="tests.unit.test_execution_sl_tp_monitor.TestCheckBreach" name="test_short_tp_breach" time="0.009" /><testcase classname="tests.unit.test_execution_sl_tp_monitor.TestCheckBreach" name="test_no_sl_no_tp" time="0.008" /><testcase classname="tests.unit.test_execution_sl_tp_monitor.TestCheckBreach" name="test_buy_alias" time="0.008" /><testcase classname="tests.unit.test_execution_sl_tp_monitor.TestCheckBreach" name="test_sell_alias" time="0.007" /><testcase classname="tests.unit.test_execution_sl_tp_monitor.TestGetMid" name="test_mid_attr" time="0.010" /><testcase classname="tests.unit.test_execution_sl_tp_monitor.TestGetMid" name="test_price_attr_fallback" time="0.009" /><testcase classname="tests.unit.test_execution_sl_tp_monitor.TestGetMid" name="test_unknown_symbol_none" time="0.008" /><testcase classname="tests.unit.test_execution_sl_tp_monitor.TestStartStop" name="test_start_sets_running" time="0.062" /><testcase classname="tests.unit.test_execution_sl_tp_monitor.TestStartStop" name="test_stop_clears_running" time="0.063" /><testcase classname="tests.unit.test_execution_sl_tp_monitor.TestStartStop" name="test_double_start_noop" time="0.034" /><testcase classname="tests.unit.test_execution_sl_tp_monitor.TestCheckAllPositions" name="test_no_positions_no_close" time="0.011" /><testcase classname="tests.unit.test_execution_sl_tp_monitor.TestCheckAllPositions" name="test_no_price_skips" time="0.012" /><testcase classname="tests.unit.test_execution_sl_tp_monitor.TestCheckAllPositions" name="test_already_closing_skipped" time="0.011" /><testcase classname="tests.unit.test_execution_sl_tp_monitor.TestCheckAllPositions" name="test_sl_breach_adds_to_closing" time="0.113" /><testcase classname="tests.unit.test_execution_wiring.TestOrderGateway" name="test_create_order" time="0.008" /><testcase classname="tests.unit.test_execution_wiring.TestOrderGateway" name="test_send_order_no_executor_returns_failed" time="0.009" /><testcase classname="tests.unit.test_execution_wiring.TestOrderGateway" name="test_send_order_async_no_executor" time="0.011" /><testcase classname="tests.unit.test_execution_wiring.TestOrderGateway" name="test_send_order_async_success" time="0.011" /><testcase classname="tests.unit.test_execution_wiring.TestOrderGateway" name="test_send_order_async_executor_raises" time="0.012" /><testcase classname="tests.unit.test_execution_wiring.TestOrderGateway" name="test_send_order_async_rejected_result" time="0.011" /><testcase classname="tests.unit.test_execution_wiring.TestOrderGateway" name="test_handle_rejection_known_order" time="0.009" /><testcase classname="tests.unit.test_execution_wiring.TestOrderGateway" name="test_handle_rejection_unknown_order" time="0.008" /><testcase classname="tests.unit.test_execution_wiring.TestOrderGateway" name="test_track_commissions" time="0.009" /><testcase classname="tests.unit.test_execution_wiring.TestOrderGateway" name="test_order_fill_overfill_raises" time="0.008" /><testcase classname="tests.unit.test_execution_wiring.TestOrderGateway" name="test_order_sell_fill" time="0.007" /><testcase classname="tests.unit.test_execution_wiring.TestOrderGateway" name="test_send_order_sync_no_loop" time="0.009" /><testcase classname="tests.unit.test_execution_wiring.TestOrderGateway" name="test_send_order_sync_executor_raises" time="0.011" /><testcase classname="tests.unit.test_execution_wiring.TestTradeExecutor" name="test_missing_fields" time="0.021" /><testcase classname="tests.unit.test_execution_wiring.TestTradeExecutor" name="test_invalid_action" time="0.019" /><testcase classname="tests.unit.test_execution_wiring.TestTradeExecutor" name="test_risk_rejected" time="0.021" /><testcase classname="tests.unit.test_execution_wiring.TestTradeExecutor" name="test_close_no_position" time="0.019" /><testcase classname="tests.unit.test_execution_wiring.TestTradeExecutor" name="test_has_broker" time="0.017" /><testcase classname="tests.unit.test_execution_wiring.TestTradeExecutor" name="test_initial_streak_count" time="0.017" /><testcase classname="tests.unit.test_execution_wiring.TestSmartRouter" name="test_route_no_brokers_returns_result" time="0.009" /><testcase classname="tests.unit.test_execution_wiring.TestSmartRouter" name="test_add_remove_broker" time="0.015" /><testcase classname="tests.unit.test_execution_wiring.TestSmartRouter" name="test_throttled_returns_rejected" time="0.010" /><testcase classname="tests.unit.test_execution_wiring.TestSmartRouter" name="test_unwind_bypasses_sentiment_gate" time="0.016" /><testcase classname="tests.unit.test_execution_wiring.TestAlgoOrders" name="test_twap_creation" time="0.007" /><testcase classname="tests.unit.test_execution_wiring.TestAlgoOrders" name="test_vwap_creation" time="0.007" /><testcase classname="tests.unit.test_execution_wiring.TestAlgoOrders" name="test_iceberg_creation" time="0.008" /><testcase classname="tests.unit.test_execution_wiring.TestAlgoOrders" name="test_vwap_slice_quantities_sum" time="0.008" /><testcase classname="tests.unit.test_execution_wiring.TestAlgoOrders" name="test_algo_cancel" time="0.008" /><testcase classname="tests.unit.test_execution_wiring.TestAlgoOrders" name="test_algo_manager_set_broker_fn" time="0.010" /><testcase classname="tests.unit.test_execution_wiring.TestAlgoOrders" name="test_twap_cancel_sets_status" time="0.008" /><testcase classname="tests.unit.test_execution_wiring.TestAlgoOrders" name="test_iceberg_remaining_quantity" time="0.008" /><testcase classname="tests.unit.test_execution_wiring.TestRedisStateStore" name="test_save_order" time="0.009" /><testcase classname="tests.unit.test_execution_wiring.TestRedisStateStore" name="test_save_order_no_id_skipped" time="0.012" /><testcase classname="tests.unit.test_execution_wiring.TestRedisStateStore" name="test_remove_order" time="0.012" /><testcase classname="tests.unit.test_execution_wiring.TestRedisStateStore" name="test_save_order_redis_error_non_fatal" time="0.010" /><testcase classname="tests.unit.test_execution_wiring.TestRedisStateStore" name="test_load_orders_returns_list" time="0.010" /><testcase classname="tests.unit.test_execution_wiring.TestRedisStateStore" name="test_save_position" time="0.010" /><testcase classname="tests.unit.test_execution_wiring.TestRedisStateStore" name="test_load_orders_empty" time="0.009" /><testcase classname="tests.unit.test_execution_wiring.TestSLTPMonitor" name="test_init" time="0.012" /><testcase classname="tests.unit.test_execution_wiring.TestSLTPMonitor" name="test_check_positions_empty" time="0.021" /><testcase classname="tests.unit.test_execution_wiring.TestSLTPMonitor" name="test_check_positions_no_tick_skips" time="0.015" /><testcase classname="tests.unit.test_execution_wiring.TestSLTPMonitor" name="test_check_positions_tp_triggered" time="0.015" /><testcase classname="tests.unit.test_execution_wiring.TestSLTPMonitor" name="test_check_positions_sl_triggered" time="0.016" /><testcase classname="tests.unit.test_execution_wiring.TestExecutionEngine" name="test_init" time="0.016" /><testcase classname="tests.unit.test_execution_wiring.TestExecutionEngine" name="test_execute_kill_switch_active" time="0.022" /><testcase classname="tests.unit.test_execution_wiring.TestExecutionEngine" name="test_register_fill_callback" time="1.470" /><testcase classname="tests.unit.test_execution_wiring.TestExecutionEngine" name="test_update_last_tick" time="0.017" /><testcase classname="tests.unit.test_execution_wiring.TestExecutionEngine" name="test_metrics_snapshot" time="0.017" /><testcase classname="tests.unit.test_experimental_modules.TestResearchModule" name="test_imports" time="0.007" /><testcase classname="tests.unit.test_experimental_modules.TestResearchModule" name="test_router_prefix_and_routes" time="0.030" /><testcase classname="tests.unit.test_experimental_modules.TestResearchModule" name="test_engine_create_notebook" time="0.012" /><testcase classname="tests.unit.test_experimental_modules.TestResearchModule" name="test_engine_search_notebooks" time="0.013" /><testcase classname="tests.unit.test_experimental_modules.TestResearchModule" name="test_engine_get_templates" time="0.011" /><testcase classname="tests.unit.test_experimental_modules.TestExplainabilityModule" name="test_imports" time="0.007" /><testcase classname="tests.unit.test_experimental_modules.TestExplainabilityModule" name="test_router_prefix_and_routes" time="0.018" /><testcase classname="tests.unit.test_experimental_modules.TestExplainabilityModule" name="test_engine_explain_prediction" time="0.009" /><testcase classname="tests.unit.test_experimental_modules.TestExplainabilityModule" name="test_engine_explanation_history" time="0.010" /><testcase classname="tests.unit.test_experimental_modules.TestTransparencyModule" name="test_imports" time="0.007" /><testcase classname="tests.unit.test_experimental_modules.TestTransparencyModule" name="test_router_prefix_and_routes" time="0.020" /><testcase classname="tests.unit.test_experimental_modules.TestTransparencyModule" name="test_engine_record_execution" time="0.009" /><testcase classname="tests.unit.test_experimental_modules.TestTransparencyModule" name="test_engine_audit_trail" time="0.010" /><testcase classname="tests.unit.test_experimental_modules.TestTeamsModule" name="test_imports" time="0.008" /><testcase classname="tests.unit.test_experimental_modules.TestTeamsModule" name="test_router_prefix_and_routes" time="0.035" /><testcase classname="tests.unit.test_experimental_modules.TestTeamsModule" name="test_engine_create_team" time="0.009" /><testcase classname="tests.unit.test_experimental_modules.TestTeamsModule" name="test_engine_get_team_summary" time="0.009" /><testcase classname="tests.unit.test_experimental_modules.TestTeamsModule" name="test_engine_has_permission" time="0.009" /><testcase classname="tests.unit.test_experimental_modules.TestNoCodeModule" name="test_imports" time="0.007" /><testcase classname="tests.unit.test_experimental_modules.TestNoCodeModule" name="test_router_prefix_and_routes" time="0.033" /><testcase classname="tests.unit.test_experimental_modules.TestNoCodeModule" name="test_engine_create_strategy" time="0.012" /><testcase classname="tests.unit.test_experimental_modules.TestNoCodeModule" name="test_engine_get_available_indicators" time="0.011" /><testcase classname="tests.unit.test_experimental_modules.TestNoCodeModule" name="test_engine_get_templates" time="0.012" /><testcase classname="tests.unit.test_experimental_modules.TestNoCodeModule" name="test_engine_export_to_python" time="0.012" /><testcase classname="tests.unit.test_experimental_modules.TestReplayModule" name="test_imports" time="0.007" /><testcase classname="tests.unit.test_experimental_modules.TestReplayModule" name="test_router_prefix_and_routes" time="0.026" /><testcase classname="tests.unit.test_experimental_modules.TestReplayModule" name="test_engine_create_session" time="0.032" /><testcase classname="tests.unit.test_experimental_modules.TestReplayModule" name="test_engine_play_pause_stop" time="0.029" /><testcase classname="tests.unit.test_experimental_modules.TestReplayModule" name="test_engine_get_session_summary" time="0.037" /><testcase classname="tests.unit.test_experimental_modules.TestMLModule" name="test_imports" time="0.007" /><testcase classname="tests.unit.test_experimental_modules.TestMLModule" name="test_router_prefix_and_routes" time="0.018" /><testcase classname="tests.unit.test_experimental_modules.TestMLModule" name="test_feature_engineer_create_features" time="0.172" /><testcase classname="tests.unit.test_experimental_modules.TestMLModule" name="test_feature_engineer_get_feature_groups" time="0.007" /><testcase classname="tests.unit.test_experimental_modules.TestMLModule" name="test_ml_module_exports" time="0.007" /><testcase classname="tests.unit.test_experimental_modules.TestFeatureFlagIntegration" name="test_all_experimental_flags_exist" time="0.008" /><testcase classname="tests.unit.test_experimental_modules.TestFeatureFlagIntegration" name="test_experimental_flags_off_by_default" time="0.008"><failure message="AssertionError: DEEP_ENSEMBLE should be off (EXPERIMENTAL)&#10;assert True is False&#10; +  where True = &lt;config.feature_flags.FeatureFlags object at 0x7f879daa21d0&gt;.DEEP_ENSEMBLE">self = &lt;tests.unit.test_experimental_modules.TestFeatureFlagIntegration object at 0x7f8821e4c210&gt;

    def test_experimental_flags_off_by_default(self):
        from config.feature_flags import FeatureFlags

        ff = FeatureFlags()
        # All flags below were promoted to STABLE (default=True) — verify they are on.
        promoted_stable = (
            "RESEARCH_MODULE",
            "EXPLAINABILITY",
            "TRANSPARENCY_REPORTS",
            "TEAMS_MODULE",
            "NOCODE_BUILDER",
            "REPLAY_ENGINE",
            "ML_PREDICTIONS",
        )
        for name in promoted_stable:
            assert getattr(ff, name) is True, f"STABLE flag {name} should be on by default"
        # DEEP_ENSEMBLE remains EXPERIMENTAL and off by default
&gt;       assert ff.DEEP_ENSEMBLE is False, "DEEP_ENSEMBLE should be off (EXPERIMENTAL)"
E       AssertionError: DEEP_ENSEMBLE should be off (EXPERIMENTAL)
E       assert True is False
E        +  where True = &lt;config.feature_flags.FeatureFlags object at 0x7f879daa21d0&gt;.DEEP_ENSEMBLE

tests/unit/test_experimental_modules.py:507: AssertionError</failure></testcase><testcase classname="tests.unit.test_experimental_modules.TestFeatureFlagIntegration" name="test_env_var_enables_research" time="0.011" /><testcase classname="tests.unit.test_experimental_modules.TestFeatureFlagIntegration" name="test_env_var_enables_ml_predictions" time="0.010" /><testcase classname="tests.unit.test_experimental_modules.TestFeatureFlagIntegration" name="test_app_state_has_experimental_attributes" time="0.009" /><testcase classname="tests.unit.test_feature_cache.TestInMemoryCache" name="test_miss_returns_none" time="0.008" /><testcase classname="tests.unit.test_feature_cache.TestInMemoryCache" name="test_set_then_get_returns_dataframe" time="0.009" /><testcase classname="tests.unit.test_feature_cache.TestInMemoryCache" name="test_different_symbols_dont_collide" time="0.010" /><testcase classname="tests.unit.test_feature_cache.TestInMemoryCache" name="test_different_timestamps_dont_collide" time="0.009" /><testcase classname="tests.unit.test_feature_cache.TestInMemoryCache" name="test_expired_entry_returns_none" time="0.008" /><testcase classname="tests.unit.test_feature_cache.TestInMemoryCache" name="test_lru_evicts_oldest_at_capacity" time="0.009" /><testcase classname="tests.unit.test_feature_cache.TestInMemoryCache" name="test_invalidate_clears_all_entries" time="0.010" /><testcase classname="tests.unit.test_feature_cache.TestInMemoryCache" name="test_backend_is_memory_without_redis" time="0.007" /><testcase classname="tests.unit.test_feature_cache.TestInMemoryCache" name="test_nan_and_inf_are_serialised_as_zero" time="0.009" /><testcase classname="tests.unit.test_feature_cache.TestRedisPath" name="test_redis_get_returns_dataframe_on_hit" time="0.009" /><testcase classname="tests.unit.test_feature_cache.TestRedisPath" name="test_redis_get_returns_none_on_miss" time="0.008" /><testcase classname="tests.unit.test_feature_cache.TestRedisPath" name="test_redis_set_calls_setex_with_ttl" time="0.010" /><testcase classname="tests.unit.test_feature_cache.TestRedisPath" name="test_redis_error_does_not_raise" time="0.008" /><testcase classname="tests.unit.test_feature_cache.TestRedisPath" name="test_backend_is_redis_when_connected" time="0.007" /><testcase classname="tests.unit.test_feature_cache.TestPredictorCacheIntegration" name="test_cache_set_called_on_first_build_then_get_on_second" time="0.009" /><testcase classname="tests.unit.test_feature_cache.TestPredictorCacheIntegration" name="test_cache_miss_for_new_timestamp" time="0.008" /><testcase classname="tests.unit.test_feature_flags.TestFeatureStatus" name="test_values" time="0.008" /><testcase classname="tests.unit.test_feature_flags.TestFeatureStatus" name="test_all_statuses_present" time="0.007" /><testcase classname="tests.unit.test_feature_flags.TestFeatureFlags" name="test_stable_features_on_by_default" time="0.009" /><testcase classname="tests.unit.test_feature_flags.TestFeatureFlags" name="test_experimental_features_off_by_default" time="0.008" /><testcase classname="tests.unit.test_feature_flags.TestFeatureFlags" name="test_live_trading_off_by_default" time="0.007" /><testcase classname="tests.unit.test_feature_flags.TestFeatureFlags" name="test_paper_trading_on_by_default" time="0.007" /><testcase classname="tests.unit.test_feature_flags.TestFeatureFlags" name="test_risk_manager_on_by_default" time="0.007" /><testcase classname="tests.unit.test_feature_flags.TestFeatureFlags" name="test_env_var_enables_experimental_feature" time="0.011" /><testcase classname="tests.unit.test_feature_flags.TestFeatureFlags" name="test_env_var_disables_stable_feature" time="0.011" /><testcase classname="tests.unit.test_feature_flags.TestFeatureFlags" name="test_env_var_false_variants" time="0.030" /><testcase classname="tests.unit.test_feature_flags.TestFeatureFlags" name="test_env_var_truthy_variants" time="0.028" /><testcase classname="tests.unit.test_feature_flags.TestFeatureFlags" name="test_global_flags_singleton_uses_live_env" time="0.011"><failure message="assert True is False&#10; +  where True = &lt;config.feature_flags.FeatureFlags object at 0x7f891898cd90&gt;.DEEP_ENSEMBLE">self = &lt;tests.unit.test_feature_flags.TestFeatureFlags object at 0x7f8821e67390&gt;

    def test_global_flags_singleton_uses_live_env(self):
        """The module-level `flags` singleton reads from the live environment.

        Uses DEEP_ENSEMBLE (default=False, EXPERIMENTAL) so the assertion
        after the context manager checks the real default, not a promoted flag.
        """
        with patch.dict(os.environ, {"FEATURE_DEEP_ENSEMBLE": "true"}):
            assert flags.DEEP_ENSEMBLE is True
        # Back to default (False) after context exits
&gt;       assert flags.DEEP_ENSEMBLE is False
E       assert True is False
E        +  where True = &lt;config.feature_flags.FeatureFlags object at 0x7f891898cd90&gt;.DEEP_ENSEMBLE

tests/unit/test_feature_flags.py:129: AssertionError</failure></testcase><testcase classname="tests.unit.test_feature_flags.TestFeatureFlags" name="test_registry_returns_dict" time="0.008" /><testcase classname="tests.unit.test_feature_flags.TestFeatureFlags" name="test_registry_entry_has_required_keys" time="0.007" /><testcase classname="tests.unit.test_feature_flags.TestFeatureFlags" name="test_registry_env_var_names_are_unique" time="0.008" /><testcase classname="tests.unit.test_feature_flags.TestFeatureFlags" name="test_registry_all_statuses_valid" time="0.008" /><testcase classname="tests.unit.test_feature_flags.TestFeatureFlags" name="test_registry_env_var_prefix" time="0.007" /><testcase classname="tests.unit.test_feature_flags.TestFeatureFlags" name="test_enabled_features_returns_list" time="0.007" /><testcase classname="tests.unit.test_feature_flags.TestFeatureFlags" name="test_disabled_features_returns_list" time="0.006" /><testcase classname="tests.unit.test_feature_flags.TestFeatureFlags" name="test_enabled_and_disabled_are_disjoint" time="0.008" /><testcase classname="tests.unit.test_feature_flags.TestFeatureFlags" name="test_enabled_plus_disabled_covers_all" time="0.009" /><testcase classname="tests.unit.test_feature_flags.TestFeatureFlags" name="test_key_flags_exist_in_registry" time="0.007" /><testcase classname="tests.unit.test_feature_flags.TestFeatureFlags" name="test_attribute_access_matches_registry" time="0.008" /><testcase classname="tests.unit.test_feature_flags.TestFeatureFlags" name="test_log_summary_does_not_raise" time="0.011" /><testcase classname="tests.unit.test_feature_stability.TestComputeStability" name="test_stable_features_appear_in_all_folds" time="0.009" /><testcase classname="tests.unit.test_feature_stability.TestComputeStability" name="test_unstable_features_appear_in_one_fold" time="0.009" /><testcase classname="tests.unit.test_feature_stability.TestComputeStability" name="test_stability_scores_sum_to_valid_range" time="0.009" /><testcase classname="tests.unit.test_feature_stability.TestComputeStability" name="test_no_feature_in_multiple_categories" time="0.011" /><testcase classname="tests.unit.test_feature_stability.TestComputeStability" name="test_all_features_classified" time="0.011" /><testcase classname="tests.unit.test_feature_stability.TestComputeStability" name="test_mean_importance_computed" time="0.010" /><testcase classname="tests.unit.test_feature_stability.TestComputeStability" name="test_cv_importance_computed" time="0.009" /><testcase classname="tests.unit.test_feature_stability.TestComputeStability" name="test_per_fold_top_n_length" time="0.011" /><testcase classname="tests.unit.test_feature_stability.TestComputeStability" name="test_single_fold_all_stable" time="0.010" /><testcase classname="tests.unit.test_feature_stability.TestComputeStability" name="test_threshold_boundary_marginal" time="0.008" /><testcase classname="tests.unit.test_feature_stability.TestReportStructure" name="test_all_required_keys_present" time="0.010" /><testcase classname="tests.unit.test_feature_stability.TestReportStructure" name="test_stable_features_is_list" time="0.009" /><testcase classname="tests.unit.test_feature_stability.TestReportStructure" name="test_stability_scores_is_dict" time="0.009" /><testcase classname="tests.unit.test_feature_stability.TestRunStabilityAnalysisSmoke" name="test_smoke_produces_valid_report" time="0.099" /><testcase classname="tests.unit.test_feature_stability.TestRunStabilityAnalysisSmoke" name="test_smoke_report_has_fold_results" time="0.077" /><testcase classname="tests.unit.test_fill_tracker" name="test_load_ledger_returns_empty_when_missing" time="0.009" /><testcase classname="tests.unit.test_fill_tracker" name="test_save_and_reload_ledger" time="0.009" /><testcase classname="tests.unit.test_fill_tracker" name="test_save_ledger_is_atomic" time="0.009" /><testcase classname="tests.unit.test_fill_tracker" name="test_sync_fills_adds_new_fills" time="0.012" /><testcase classname="tests.unit.test_fill_tracker" name="test_sync_fills_deduplicates" time="0.013" /><testcase classname="tests.unit.test_fill_tracker" name="test_sync_fills_empty_response" time="0.010" /><testcase classname="tests.unit.test_fill_tracker" name="test_sync_fills_passes_last_id_to_client" time="0.011" /><testcase classname="tests.unit.test_fill_tracker" name="test_sync_fills_sorts_by_id" time="0.012" /><testcase classname="tests.unit.test_fill_tracker" name="test_gate_file_not_passed_below_target" time="0.010" /><testcase classname="tests.unit.test_fill_tracker" name="test_gate_file_passed_at_target" time="0.012" /><testcase classname="tests.unit.test_fill_tracker" name="test_gate_file_preserves_existing_fields" time="0.010" /><testcase classname="tests.unit.test_fill_tracker" name="test_gate_file_phase3_not_overwritten_once_set" time="0.012" /><testcase classname="tests.unit.test_fill_tracker" name="test_main_report_only_exits_1_when_gate_not_passed" time="0.022" /><testcase classname="tests.unit.test_fill_tracker" name="test_main_report_exits_0_when_gate_passed" time="0.036" /><testcase classname="tests.unit.test_fill_tracker" name="test_main_reset_clears_ledger" time="0.016" /><testcase classname="tests.unit.test_fill_tracker" name="test_main_missing_credentials_exits_2" time="0.014" /><testcase classname="tests.unit.test_fill_wiring.TestPositionManagerFillWiring" name="test_close_calls_record_fill" time="0.014" /><testcase classname="tests.unit.test_fill_wiring.TestPositionManagerFillWiring" name="test_close_record_fill_symbol_arg" time="0.014" /><testcase classname="tests.unit.test_fill_wiring.TestPositionManagerFillWiring" name="test_close_record_fill_trade_return_buy_profit" time="0.013" /><testcase classname="tests.unit.test_fill_wiring.TestPositionManagerFillWiring" name="test_close_record_fill_trade_return_sell_profit" time="0.013" /><testcase classname="tests.unit.test_fill_wiring.TestPositionManagerFillWiring" name="test_close_record_fill_trade_return_loss" time="0.012" /><testcase classname="tests.unit.test_fill_wiring.TestPositionManagerFillWiring" name="test_close_record_fill_fractional_quantity" time="0.012" /><testcase classname="tests.unit.test_fill_wiring.TestPositionManagerFillWiring" name="test_close_succeeds_when_clock_raises" time="0.012" /><testcase classname="tests.unit.test_fill_wiring.TestPositionManagerFillWiring" name="test_close_record_fill_called_per_close" time="0.016" /><testcase classname="tests.unit.test_fill_wiring.TestPositionManagerFillWiring" name="test_close_result_unaffected_by_clock" time="0.013" /><testcase classname="tests.unit.test_fill_wiring.TestExecutionEngineFillWiring" name="test_handle_fill_success_calls_record_fill" time="0.018" /><testcase classname="tests.unit.test_fill_wiring.TestExecutionEngineFillWiring" name="test_handle_fill_success_record_fill_symbol" time="0.019" /><testcase classname="tests.unit.test_fill_wiring.TestExecutionEngineFillWiring" name="test_handle_fill_success_record_fill_zero_return_on_open" time="0.019" /><testcase classname="tests.unit.test_fill_wiring.TestExecutionEngineFillWiring" name="test_handle_fill_success_record_fill_positive_return" time="0.020" /><testcase classname="tests.unit.test_fill_wiring.TestExecutionEngineFillWiring" name="test_handle_fill_success_record_fill_negative_return" time="0.020" /><testcase classname="tests.unit.test_fill_wiring.TestExecutionEngineFillWiring" name="test_handle_fill_success_continues_when_clock_raises" time="0.019" /><testcase classname="tests.unit.test_fill_wiring.TestExecutionEngineFillWiring" name="test_handle_fill_success_record_fill_called_multiple_fills" time="0.018" /><testcase classname="tests.unit.test_fill_wiring.TestExecutionEngineFillWiring" name="test_record_paper_clock_fill_zero_notional_safe" time="0.017" /><testcase classname="tests.unit.test_fixes.TestDataValidator" name="test_valid_bar_passes" time="0.010" /><testcase classname="tests.unit.test_fixes.TestDataValidator" name="test_high_lt_low_fails" time="0.007" /><testcase classname="tests.unit.test_fixes.TestDataValidator" name="test_close_outside_hl_within_3pct_clamped_by_scheduler" time="0.007" /><testcase classname="tests.unit.test_fixes.TestDataValidator" name="test_negative_volume_fails" time="0.008" /><testcase classname="tests.unit.test_fixes.TestSchedulerHighLowSwap" name="test_swap_within_tolerance" time="0.008" /><testcase classname="tests.unit.test_fixes.TestSchedulerHighLowSwap" name="test_no_swap_beyond_tolerance" time="0.008" /><testcase classname="tests.unit.test_fixes.TestSchedulerHighLowSwap" name="test_normal_bar_unchanged" time="0.008" /><testcase classname="tests.unit.test_fixes.TestSchedulerHighLowSwap" name="test_exact_log_case" time="0.007" /><testcase classname="tests.unit.test_fixes.TestAuthCookieFallback" name="test_get_current_user_accepts_bearer" time="0.008" /><testcase classname="tests.unit.test_fixes.TestAuthCookieFallback" name="test_get_current_user_raises_401_without_token" time="0.009" /><testcase classname="tests.unit.test_fixes.TestAuthCookieFallback" name="test_get_current_user_reads_cookie_when_no_bearer" time="0.013" /><testcase classname="tests.unit.test_fixes.TestAuthCookieFallback" name="test_bearer_takes_precedence_over_cookie" time="0.011" /><testcase classname="tests.unit.test_fixes.TestCodeAnalyzerClean" name="test_no_high_severity_issues" time="18.687"><failure message="AssertionError: Expected 0 critical/high issues, found 25:&#10;    high | unfinished_code | celery_app.py:280&#10;    high | unfinished_code | celery_app.py:283&#10;    high | unfinished_code | celery_app.py:289&#10;    high | unfinished_code | celery_app.py:292&#10;    high | nan_leak | ml/ab_testing.py:290&#10;    high | nan_leak | ml/advanced_predictor.py:595&#10;    high | nan_leak | ml/macro_features.py:155&#10;    high | nan_leak | ml/macro_features.py:208&#10;    high | nan_leak | research/ta_compat.py:153&#10;    high | nan_leak | research/ta_compat.py:292&#10;    high | nan_leak | research/ta_compat.py:293&#10;    high | nan_leak | research/ta_compat.py:302&#10;    high | nan_leak | research/ta_compat.py:307&#10;    high | nan_leak | research/ta_compat.py:311&#10;    high | nan_leak | research/ta_compat.py:312&#10;    high | nan_leak | research/ta_compat.py:314&#10;    high | nan_leak | research/ta_compat.py:320&#10;    high | nan_leak | research/ta_compat.py:321&#10;    high | nan_leak | research/ta_compat.py:328&#10;    high | nan_leak | research/ta_compat.py:333&#10;    high | nan_leak | research/ta_compat.py:337&#10;    high | nan_leak | research/ta_compat.py:348&#10;    high | nan_leak | research/ta_compat.py:349&#10;    high | nan_leak | research/ta_compat.py:350&#10;    high | nan_leak | research/ta_compat.py:352&#10;assert [CodeIssue(file='celery_app.py', line=280, category='unfinished_code', severity='high', description=&quot;Function 'broadcast' has an empty body (only pass/...) — not implemented&quot;, snippet='def broadcast(self, command: str, **kwargs) -&gt; None:', suggestion='Implement the function body or raise NotImplementedError with a clear message'), CodeIssue(file='celery_app.py', line=283, category='unfinished_code', severity='high', description=&quot;Function 'revoke' has an empty body (only pass/...) — not implemented&quot;, snippet='def revoke(self, task_id: str, **kwargs) -&gt; None:', suggestion='Implement the function body or raise NotImplementedError with a clear message'), CodeIssue(file='celery_app.py', line=289, category='unfinished_code', severity='high', description=&quot;Function 'rate_limit' has an empty body (only pass/...) — not implemented&quot;, snippet='def rate_limit(self, task_name: str, rate_limit: str, **kwargs) -&gt; None:', suggestion='Implement the function body or raise NotImplementedError with a clear message'), CodeIssue(file='celery_app.py', line=292, category='unfinished_code', severity='high', description=&quot;Function 'time_limit' has an empty body (only pass/...) — not implemented&quot;, snippet='def time_limit(self, task_name: str, **kwargs) -&gt; None:', suggestion='Implement the function body or raise NotImplementedError with a clear message'), CodeIssue(file='ml/ab_testing.py', line=290, category='nan_leak', severity='high', description='Numeric operation without NaN guard: db.merge(row)\nNaN values propagate silently and corrupt downstream calculations.', snippet='db.merge(row)', suggestion='Add .dropna() before aggregation, or .fillna(0) / np.nan_to_num() to handle NaN explicitly before this operation.'), CodeIssue(file='ml/advanced_predictor.py', line=595, category='nan_leak', severity='high', description='Numeric operation without NaN guard: X = pd.concat([X, mtf_last[mtf_cols]], axis=1)\nNaN values propagate silently and corrupt downstream calculations.', snippet='X = pd.concat([X, mtf_last[mtf_cols]], axis=1)', suggestion='Add .dropna() before aggregation, or .fillna(0) / np.nan_to_num() to handle NaN explicitly before this operation.'), CodeIssue(file='ml/macro_features.py', line=155, category='nan_leak', severity='high', description='Numeric operation without NaN guard: df = pd.concat(frames.values(), axis=1).ffill()\nNaN values propagate silently and corrupt downstream calculations.', snippet='df = pd.concat(frames.values(), axis=1).ffill()', suggestion='Add .dropna() before aggregation, or .fillna(0) / np.nan_to_num() to handle NaN explicitly before this operation.'), CodeIssue(file='ml/macro_features.py', line=208, category='nan_leak', severity='high', description='Numeric operation without NaN guard: df = pd.concat(frames.values(), axis=1).ffill()\nNaN values propagate silently and corrupt downstream calculations.', snippet='df = pd.concat(frames.values(), axis=1).ffill()', suggestion='Add .dropna() before aggregation, or .fillna(0) / np.nan_to_num() to handle NaN explicitly before this operation.'), CodeIssue(file='research/ta_compat.py', line=153, category='nan_leak', severity='high', description='Numeric operation without NaN guard: arr = self._close.ewm(span=self._window, adjust=False).mean().values\nNaN values propagate silently and corrupt downstream calculations.', snippet='arr = self._close.ewm(span=self._window, adjust=False).mean().values', suggestion='Add .dropna() before aggregation, or .fillna(0) / np.nan_to_num() to handle NaN explicitly before this operation.'), CodeIssue(file='research/ta_compat.py', line=292, category='nan_leak', severity='high', description='Numeric operation without NaN guard: avg_gain = gain.ewm(com=period - 1, min_periods=period).mean()\nNaN values propagate silently and corrupt downstream calculations.', snippet='avg_gain = gain.ewm(com=period - 1, min_periods=period).mean()', suggestion='Add .dropna() before aggregation, or .fillna(0) / np.nan_to_num() to handle NaN explicitly before this operation.'), CodeIssue(file='research/ta_compat.py', line=293, category='nan_leak', severity='high', description='Numeric operation without NaN guard: avg_loss = loss.ewm(com=period - 1, min_periods=period).mean()\nNaN values propagate silently and corrupt downstream calculations.', snippet='avg_loss = loss.ewm(com=period - 1, min_periods=period).mean()', suggestion='Add .dropna() before aggregation, or .fillna(0) / np.nan_to_num() to handle NaN explicitly before this operation.'), CodeIssue(file='research/ta_compat.py', line=302, category='nan_leak', severity='high', description='Numeric operation without NaN guard: return k.rolling(d_period).mean().values\nNaN values propagate silently and corrupt downstream calculations.', snippet='return k.rolling(d_period).mean().values', suggestion='Add .dropna() before aggregation, or .fillna(0) / np.nan_to_num() to handle NaN explicitly before this operation.'), CodeIssue(file='research/ta_compat.py', line=307, category='nan_leak', severity='high', description='Numeric operation without NaN guard: return k.rolling(d_period).mean().values\nNaN values propagate silently and corrupt downstream calculations.', snippet='return k.rolling(d_period).mean().values', suggestion='Add .dropna() before aggregation, or .fillna(0) / np.nan_to_num() to handle NaN explicitly before this operation.'), CodeIssue(file='research/ta_compat.py', line=311, category='nan_leak', severity='high', description='Numeric operation without NaN guard: ema_fast = close.ewm(span=fast, adjust=False).mean()\nNaN values propagate silently and corrupt downstream calculations.', snippet='ema_fast = close.ewm(span=fast, adjust=False).mean()', suggestion='Add .dropna() before aggregation, or .fillna(0) / np.nan_to_num() to handle NaN explicitly before this operation.'), CodeIssue(file='research/ta_compat.py', line=312, category='nan_leak', severity='high', description='Numeric operation without NaN guard: ema_slow = close.ewm(span=slow, adjust=False).mean()\nNaN values propagate silently and corrupt downstream calculations.', snippet='ema_slow = close.ewm(span=slow, adjust=False).mean()', suggestion='Add .dropna() before aggregation, or .fillna(0) / np.nan_to_num() to handle NaN explicitly before this operation.'), CodeIssue(file='research/ta_compat.py', line=314, category='nan_leak', severity='high', description='Numeric operation without NaN guard: sig = macd.ewm(span=signal, adjust=False).mean()\nNaN values propagate silently and corrupt downstream calculations.', snippet='sig = macd.ewm(span=signal, adjust=False).mean()', suggestion='Add .dropna() before aggregation, or .fillna(0) / np.nan_to_num() to handle NaN explicitly before this operation.'), CodeIssue(file='research/ta_compat.py', line=320, category='nan_leak', severity='high', description='Numeric operation without NaN guard: mid = close.rolling(window).mean()\nNaN values propagate silently and corrupt downstream calculations.', snippet='mid = close.rolling(window).mean()', suggestion='Add .dropna() before aggregation, or .fillna(0) / np.nan_to_num() to handle NaN explicitly before this operation.'), CodeIssue(file='research/ta_compat.py', line=321, category='nan_leak', severity='high', description='Numeric operation without NaN guard: std = close.rolling(window).std()\nNaN values propagate silently and corrupt downstream calculations.', snippet='std = close.rolling(window).std()', suggestion='Add .dropna() before aggregation, or .fillna(0) / np.nan_to_num() to handle NaN explicitly before this operation.'), CodeIssue(file='research/ta_compat.py', line=328, category='nan_leak', severity='high', description='Numeric operation without NaN guard: tr = pd.concat([\nNaN values propagate silently and corrupt downstream calculations.', snippet='tr = pd.concat([', suggestion='Add .dropna() before aggregation, or .fillna(0) / np.nan_to_num() to handle NaN explicitly before this operation.'), CodeIssue(file='research/ta_compat.py', line=333, category='nan_leak', severity='high', description='Numeric operation without NaN guard: return tr.ewm(com=period - 1, min_periods=period).mean().values\nNaN values propagate silently and corrupt downstream calculations.', snippet='return tr.ewm(com=period - 1, min_periods=period).mean().values', suggestion='Add .dropna() before aggregation, or .fillna(0) / np.nan_to_num() to handle NaN explicitly before this operation.'), CodeIssue(file='research/ta_compat.py', line=337, category='nan_leak', severity='high', description='Numeric operation without NaN guard: tr = pd.concat([\nNaN values propagate silently and corrupt downstream calculations.', snippet='tr = pd.concat([', suggestion='Add .dropna() before aggregation, or .fillna(0) / np.nan_to_num() to handle NaN explicitly before this operation.'), CodeIssue(file='research/ta_compat.py', line=348, category='nan_leak', severity='high', description='Numeric operation without NaN guard: atr = tr.ewm(com=period - 1, min_periods=period).mean()\nNaN values propagate silently and corrupt downstream calculations.', snippet='atr = tr.ewm(com=period - 1, min_periods=period).mean()', suggestion='Add .dropna() before aggregation, or .fillna(0) / np.nan_to_num() to handle NaN explicitly before this operation.'), CodeIssue(file='research/ta_compat.py', line=349, category='nan_leak', severity='high', description='Numeric operation without NaN guard: pdi = 100 * plus_dm.ewm(com=period - 1, min_periods=period).mean() / (atr + 1e-1\nNaN values propagate silently and corrupt downstream calculations.', snippet='pdi = 100 * plus_dm.ewm(com=period - 1, min_periods=period).mean() / (atr + 1e-12)', suggestion='Add .dropna() before aggregation, or .fillna(0) / np.nan_to_num() to handle NaN explicitly before this operation.'), CodeIssue(file='research/ta_compat.py', line=350, category='nan_leak', severity='high', description='Numeric operation without NaN guard: mdi = 100 * minus_dm.ewm(com=period - 1, min_periods=period).mean() / (atr + 1e-\nNaN values propagate silently and corrupt downstream calculations.', snippet='mdi = 100 * minus_dm.ewm(com=period - 1, min_periods=period).mean() / (atr + 1e-12)', suggestion='Add .dropna() before aggregation, or .fillna(0) / np.nan_to_num() to handle NaN explicitly before this operation.'), CodeIssue(file='research/ta_compat.py', line=352, category='nan_leak', severity='high', description='Numeric operation without NaN guard: return dx.ewm(com=period - 1, min_periods=period).mean().values\nNaN values propagate silently and corrupt downstream calculations.', snippet='return dx.ewm(com=period - 1, min_periods=period).mean().values', suggestion='Add .dropna() before aggregation, or .fillna(0) / np.nan_to_num() to handle NaN explicitly before this operation.')] == []&#10;  &#10;  Left contains 25 more items, first extra item: CodeIssue(file='celery_app.py', line=280, category='unfinished_code', severity='high', description=&quot;Function 'broadcas...: str, **kwargs) -&gt; None:', suggestion='Implement the function body or raise NotImplementedError with a clear message')&#10;  &#10;  Full diff:&#10;  - []&#10;  + [&#10;  +     CodeIssue(&#10;  +         file='celery_app.py',&#10;  +         line=280,&#10;  +         category='unfinished_code',&#10;  +         severity='high',&#10;  +         description=&quot;Function 'broadcast' has an empty body (only pass/...) — &quot;&#10;  +                     'not implemented',&#10;  +         snippet='def broadcast(self, command: str, **kwargs) -&gt; None:',&#10;  +         suggestion='Implement the function body or raise NotImplementedError '&#10;  +                    'with a clear message',&#10;  +     ),&#10;  +     CodeIssue(&#10;  +         file='celery_app.py',&#10;  +         line=283,&#10;  +         category='unfinished_code',&#10;  +         severity='high',&#10;  +         description=&quot;Function 'revoke' has an empty body (only pass/...) — not &quot;&#10;  +                     'implemented',&#10;  +         snippet='def revoke(self, task_id: str, **kwargs) -&gt; None:',&#10;  +         suggestion='Implement the function body or raise NotImplementedError '&#10;  +                    'with a clear message',&#10;  +     ),&#10;  +     CodeIssue(&#10;  +         file='celery_app.py',&#10;  +         line=289,&#10;  +         category='unfinished_code',&#10;  +         severity='high',&#10;  +         description=&quot;Function 'rate_limit' has an empty body (only pass/...) — &quot;&#10;  +                     'not implemented',&#10;  +         snippet='def rate_limit(self, task_name: str, rate_limit: str, '&#10;  +                 '**kwargs) -&gt; None:',&#10;  +         suggestion='Implement the function body or raise NotImplementedError '&#10;  +                    'with a clear message',&#10;  +     ),&#10;  +     CodeIssue(&#10;  +         file='celery_app.py',&#10;  +         line=292,&#10;  +         category='unfinished_code',&#10;  +         severity='high',&#10;  +         description=&quot;Function 'time_limit' has an empty body (only pass/...) — &quot;&#10;  +                     'not implemented',&#10;  +         snippet='def time_limit(self, task_name: str, **kwargs) -&gt; None:',&#10;  +         suggestion='Implement the function body or raise NotImplementedError '&#10;  +                    'with a clear message',&#10;  +     ),&#10;  +     CodeIssue(&#10;  +         file='ml/ab_testing.py',&#10;  +         line=290,&#10;  +         category='nan_leak',&#10;  +         severity='high',&#10;  +         description='Numeric operation without NaN guard: db.merge(row)\n'&#10;  +                     'NaN values propagate silently and corrupt downstream '&#10;  +                     'calculations.',&#10;  +         snippet='db.merge(row)',&#10;  +         suggestion='Add .dropna() before aggregation, or .fillna(0) / '&#10;  +                    'np.nan_to_num() to handle NaN explicitly before this '&#10;  +                    'operation.',&#10;  +     ),&#10;  +     CodeIssue(&#10;  +         file='ml/advanced_predictor.py',&#10;  +         line=595,&#10;  +         category='nan_leak',&#10;  +         severity='high',&#10;  +         description='Numeric operation without NaN guard: X = pd.concat([X, '&#10;  +                     'mtf_last[mtf_cols]], axis=1)\n'&#10;  +                     'NaN values propagate silently and corrupt downstream '&#10;  +                     'calculations.',&#10;  +         snippet='X = pd.concat([X, mtf_last[mtf_cols]], axis=1)',&#10;  +         suggestion='Add .dropna() before aggregation, or .fillna(0) / '&#10;  +                    'np.nan_to_num() to handle NaN explicitly before this '&#10;  +                    'operation.',&#10;  +     ),&#10;  +     CodeIssue(&#10;  +         file='ml/macro_features.py',&#10;  +         line=155,&#10;  +         category='nan_leak',&#10;  +         severity='high',&#10;  +         description='Numeric operation without NaN guard: df = '&#10;  +                     'pd.concat(frames.values(), axis=1).ffill()\n'&#10;  +                     'NaN values propagate silently and corrupt downstream '&#10;  +                     'calculations.',&#10;  +         snippet='df = pd.concat(frames.values(), axis=1).ffill()',&#10;  +         suggestion='Add .dropna() before aggregation, or .fillna(0) / '&#10;  +                    'np.nan_to_num() to handle NaN explicitly before this '&#10;  +                    'operation.',&#10;  +     ),&#10;  +     CodeIssue(&#10;  +         file='ml/macro_features.py',&#10;  +         line=208,&#10;  +         category='nan_leak',&#10;  +         severity='high',&#10;  +         description='Numeric operation without NaN guard: df = '&#10;  +                     'pd.concat(frames.values(), axis=1).ffill()\n'&#10;  +                     'NaN values propagate silently and corrupt downstream '&#10;  +                     'calculations.',&#10;  +         snippet='df = pd.concat(frames.values(), axis=1).ffill()',&#10;  +         suggestion='Add .dropna() before aggregation, or .fillna(0) / '&#10;  +                    'np.nan_to_num() to handle NaN explicitly before this '&#10;  +                    'operation.',&#10;  +     ),&#10;  +     CodeIssue(&#10;  +         file='research/ta_compat.py',&#10;  +         line=153,&#10;  +         category='nan_leak',&#10;  +         severity='high',&#10;  +         description='Numeric operation without NaN guard: arr = '&#10;  +                     'self._close.ewm(span=self._window, '&#10;  +                     'adjust=False).mean().values\n'&#10;  +                     'NaN values propagate silently and corrupt downstream '&#10;  +                     'calculations.',&#10;  +         snippet='arr = self._close.ewm(span=self._window, '&#10;  +                 'adjust=False).mean().values',&#10;  +         suggestion='Add .dropna() before aggregation, or .fillna(0) / '&#10;  +                    'np.nan_to_num() to handle NaN explicitly before this '&#10;  +                    'operation.',&#10;  +     ),&#10;  +     CodeIssue(&#10;  +         file='research/ta_compat.py',&#10;  +         line=292,&#10;  +         category='nan_leak',&#10;  +         severity='high',&#10;  +         description='Numeric operation without NaN guard: avg_gain = '&#10;  +                     'gain.ewm(com=period - 1, min_periods=period).mean()\n'&#10;  +                     'NaN values propagate silently and corrupt downstream '&#10;  +                     'calculations.',&#10;  +         snippet='avg_gain = gain.ewm(com=period - 1, '&#10;  +                 'min_periods=period).mean()',&#10;  +         suggestion='Add .dropna() before aggregation, or .fillna(0) / '&#10;  +                    'np.nan_to_num() to handle NaN explicitly before this '&#10;  +                    'operation.',&#10;  +     ),&#10;  +     CodeIssue(&#10;  +         file='research/ta_compat.py',&#10;  +         line=293,&#10;  +         category='nan_leak',&#10;  +         severity='high',&#10;  +         description='Numeric operation without NaN guard: avg_loss = '&#10;  +                     'loss.ewm(com=period - 1, min_periods=period).mean()\n'&#10;  +                     'NaN values propagate silently and corrupt downstream '&#10;  +                     'calculations.',&#10;  +         snippet='avg_loss = loss.ewm(com=period - 1, '&#10;  +                 'min_periods=period).mean()',&#10;  +         suggestion='Add .dropna() before aggregation, or .fillna(0) / '&#10;  +                    'np.nan_to_num() to handle NaN explicitly before this '&#10;  +                    'operation.',&#10;  +     ),&#10;  +     CodeIssue(&#10;  +         file='research/ta_compat.py',&#10;  +         line=302,&#10;  +         category='nan_leak',&#10;  +         severity='high',&#10;  +         description='Numeric operation without NaN guard: return '&#10;  +                     'k.rolling(d_period).mean().values\n'&#10;  +                     'NaN values propagate silently and corrupt downstream '&#10;  +                     'calculations.',&#10;  +         snippet='return k.rolling(d_period).mean().values',&#10;  +         suggestion='Add .dropna() before aggregation, or .fillna(0) / '&#10;  +                    'np.nan_to_num() to handle NaN explicitly before this '&#10;  +                    'operation.',&#10;  +     ),&#10;  +     CodeIssue(&#10;  +         file='research/ta_compat.py',&#10;  +         line=307,&#10;  +         category='nan_leak',&#10;  +         severity='high',&#10;  +         description='Numeric operation without NaN guard: return '&#10;  +                     'k.rolling(d_period).mean().values\n'&#10;  +                     'NaN values propagate silently and corrupt downstream '&#10;  +                     'calculations.',&#10;  +         snippet='return k.rolling(d_period).mean().values',&#10;  +         suggestion='Add .dropna() before aggregation, or .fillna(0) / '&#10;  +                    'np.nan_to_num() to handle NaN explicitly before this '&#10;  +                    'operation.',&#10;  +     ),&#10;  +     CodeIssue(&#10;  +         file='research/ta_compat.py',&#10;  +         line=311,&#10;  +         category='nan_leak',&#10;  +         severity='high',&#10;  +         description='Numeric operation without NaN guard: ema_fast = '&#10;  +                     'close.ewm(span=fast, adjust=False).mean()\n'&#10;  +                     'NaN values propagate silently and corrupt downstream '&#10;  +                     'calculations.',&#10;  +         snippet='ema_fast = close.ewm(span=fast, adjust=False).mean()',&#10;  +         suggestion='Add .dropna() before aggregation, or .fillna(0) / '&#10;  +                    'np.nan_to_num() to handle NaN explicitly before this '&#10;  +                    'operation.',&#10;  +     ),&#10;  +     CodeIssue(&#10;  +         file='research/ta_compat.py',&#10;  +         line=312,&#10;  +         category='nan_leak',&#10;  +         severity='high',&#10;  +         description='Numeric operation without NaN guard: ema_slow = '&#10;  +                     'close.ewm(span=slow, adjust=False).mean()\n'&#10;  +                     'NaN values propagate silently and corrupt downstream '&#10;  +                     'calculations.',&#10;  +         snippet='ema_slow = close.ewm(span=slow, adjust=False).mean()',&#10;  +         suggestion='Add .dropna() before aggregation, or .fillna(0) / '&#10;  +                    'np.nan_to_num() to handle NaN explicitly before this '&#10;  +                    'operation.',&#10;  +     ),&#10;  +     CodeIssue(&#10;  +         file='research/ta_compat.py',&#10;  +         line=314,&#10;  +         category='nan_leak',&#10;  +         severity='high',&#10;  +         description='Numeric operation without NaN guard: sig = '&#10;  +                     'macd.ewm(span=signal, adjust=False).mean()\n'&#10;  +                     'NaN values propagate silently and corrupt downstream '&#10;  +                     'calculations.',&#10;  +         snippet='sig = macd.ewm(span=signal, adjust=False).mean()',&#10;  +         suggestion='Add .dropna() before aggregation, or .fillna(0) / '&#10;  +                    'np.nan_to_num() to handle NaN explicitly before this '&#10;  +                    'operation.',&#10;  +     ),&#10;  +     CodeIssue(&#10;  +         file='research/ta_compat.py',&#10;  +         line=320,&#10;  +         category='nan_leak',&#10;  +         severity='high',&#10;  +         description='Numeric operation without NaN guard: mid = '&#10;  +                     'close.rolling(window).mean()\n'&#10;  +                     'NaN values propagate silently and corrupt downstream '&#10;  +                     'calculations.',&#10;  +         snippet='mid = close.rolling(window).mean()',&#10;  +         suggestion='Add .dropna() before aggregation, or .fillna(0) / '&#10;  +                    'np.nan_to_num() to handle NaN explicitly before this '&#10;  +                    'operation.',&#10;  +     ),&#10;  +     CodeIssue(&#10;  +         file='research/ta_compat.py',&#10;  +         line=321,&#10;  +         category='nan_leak',&#10;  +         severity='high',&#10;  +         description='Numeric operation without NaN guard: std = '&#10;  +                     'close.rolling(window).std()\n'&#10;  +                     'NaN values propagate silently and corrupt downstream '&#10;  +                     'calculations.',&#10;  +         snippet='std = close.rolling(window).std()',&#10;  +         suggestion='Add .dropna() before aggregation, or .fillna(0) / '&#10;  +                    'np.nan_to_num() to handle NaN explicitly before this '&#10;  +                    'operation.',&#10;  +     ),&#10;  +     CodeIssue(&#10;  +         file='research/ta_compat.py',&#10;  +         line=328,&#10;  +         category='nan_leak',&#10;  +         severity='high',&#10;  +         description='Numeric operation without NaN guard: tr = pd.concat([\n'&#10;  +                     'NaN values propagate silently and corrupt downstream '&#10;  +                     'calculations.',&#10;  +         snippet='tr = pd.concat([',&#10;  +         suggestion='Add .dropna() before aggregation, or .fillna(0) / '&#10;  +                    'np.nan_to_num() to handle NaN explicitly before this '&#10;  +                    'operation.',&#10;  +     ),&#10;  +     CodeIssue(&#10;  +         file='research/ta_compat.py',&#10;  +         line=333,&#10;  +         category='nan_leak',&#10;  +         severity='high',&#10;  +         description='Numeric operation without NaN guard: return '&#10;  +                     'tr.ewm(com=period - 1, min_periods=period).mean().values\n'&#10;  +                     'NaN values propagate silently and corrupt downstream '&#10;  +                     'calculations.',&#10;  +         snippet='return tr.ewm(com=period - 1, '&#10;  +                 'min_periods=period).mean().values',&#10;  +         suggestion='Add .dropna() before aggregation, or .fillna(0) / '&#10;  +                    'np.nan_to_num() to handle NaN explicitly before this '&#10;  +                    'operation.',&#10;  +     ),&#10;  +     CodeIssue(&#10;  +         file='research/ta_compat.py',&#10;  +         line=337,&#10;  +         category='nan_leak',&#10;  +         severity='high',&#10;  +         description='Numeric operation without NaN guard: tr = pd.concat([\n'&#10;  +                     'NaN values propagate silently and corrupt downstream '&#10;  +                     'calculations.',&#10;  +         snippet='tr = pd.concat([',&#10;  +         suggestion='Add .dropna() before aggregation, or .fillna(0) / '&#10;  +                    'np.nan_to_num() to handle NaN explicitly before this '&#10;  +                    'operation.',&#10;  +     ),&#10;  +     CodeIssue(&#10;  +         file='research/ta_compat.py',&#10;  +         line=348,&#10;  +         category='nan_leak',&#10;  +         severity='high',&#10;  +         description='Numeric operation without NaN guard: atr = '&#10;  +                     'tr.ewm(com=period - 1, min_periods=period).mean()\n'&#10;  +                     'NaN values propagate silently and corrupt downstream '&#10;  +                     'calculations.',&#10;  +         snippet='atr = tr.ewm(com=period - 1, min_periods=period).mean()',&#10;  +         suggestion='Add .dropna() before aggregation, or .fillna(0) / '&#10;  +                    'np.nan_to_num() to handle NaN explicitly before this '&#10;  +                    'operation.',&#10;  +     ),&#10;  +     CodeIssue(&#10;  +         file='research/ta_compat.py',&#10;  +         line=349,&#10;  +         category='nan_leak',&#10;  +         severity='high',&#10;  +         description='Numeric operation without NaN guard: pdi = 100 * '&#10;  +                     'plus_dm.ewm(com=period - 1, min_periods=period).mean() / '&#10;  +                     '(atr + 1e-1\n'&#10;  +                     'NaN values propagate silently and corrupt downstream '&#10;  +                     'calculations.',&#10;  +         snippet='pdi = 100 * plus_dm.ewm(com=period - 1, '&#10;  +                 'min_periods=period).mean() / (atr + 1e-12)',&#10;  +         suggestion='Add .dropna() before aggregation, or .fillna(0) / '&#10;  +                    'np.nan_to_num() to handle NaN explicitly before this '&#10;  +                    'operation.',&#10;  +     ),&#10;  +     CodeIssue(&#10;  +         file='research/ta_compat.py',&#10;  +         line=350,&#10;  +         category='nan_leak',&#10;  +         severity='high',&#10;  +         description='Numeric operation without NaN guard: mdi = 100 * '&#10;  +                     'minus_dm.ewm(com=period - 1, min_periods=period).mean() / '&#10;  +                     '(atr + 1e-\n'&#10;  +                     'NaN values propagate silently and corrupt downstream '&#10;  +                     'calculations.',&#10;  +         snippet='mdi = 100 * minus_dm.ewm(com=period - 1, '&#10;  +                 'min_periods=period).mean() / (atr + 1e-12)',&#10;  +         suggestion='Add .dropna() before aggregation, or .fillna(0) / '&#10;  +                    'np.nan_to_num() to handle NaN explicitly before this '&#10;  +                    'operation.',&#10;  +     ),&#10;  +     CodeIssue(&#10;  +         file='research/ta_compat.py',&#10;  +         line=352,&#10;  +         category='nan_leak',&#10;  +         severity='high',&#10;  +         description='Numeric operation without NaN guard: return '&#10;  +                     'dx.ewm(com=period - 1, min_periods=period).mean().values\n'&#10;  +                     'NaN values propagate silently and corrupt downstream '&#10;  +                     'calculations.',&#10;  +         snippet='return dx.ewm(com=period - 1, '&#10;  +                 'min_periods=period).mean().values',&#10;  +         suggestion='Add .dropna() before aggregation, or .fillna(0) / '&#10;  +                    'np.nan_to_num() to handle NaN explicitly before this '&#10;  +                    'operation.',&#10;  +     ),&#10;  + ]">self = &lt;tests.unit.test_fixes.TestCodeAnalyzerClean object at 0x7f8821ef3d10&gt;

    def test_no_high_severity_issues(self):
        """After fixes, code_analyzer must report 0 critical/high issues."""
        from security.code_analyzer import scan_codebase

        issues = scan_codebase()
        high_or_critical = [i for i in issues if i.severity in ("critical", "high")]
&gt;       assert high_or_critical == [], f"Expected 0 critical/high issues, found {len(high_or_critical)}:\n" + "\n".join(
            f"  {i.severity} | {i.category} | {i.file}:{i.line}" for i in high_or_critical
        )
E       AssertionError: Expected 0 critical/high issues, found 25:
E           high | unfinished_code | celery_app.py:280
E           high | unfinished_code | celery_app.py:283
E           high | unfinished_code | celery_app.py:289
E           high | unfinished_code | celery_app.py:292
E           high | nan_leak | ml/ab_testing.py:290
E           high | nan_leak | ml/advanced_predictor.py:595
E           high | nan_leak | ml/macro_features.py:155
E           high | nan_leak | ml/macro_features.py:208
E           high | nan_leak | research/ta_compat.py:153
E           high | nan_leak | research/ta_compat.py:292
E           high | nan_leak | research/ta_compat.py:293
E           high | nan_leak | research/ta_compat.py:302
E           high | nan_leak | research/ta_compat.py:307
E           high | nan_leak | research/ta_compat.py:311
E           high | nan_leak | research/ta_compat.py:312
E           high | nan_leak | research/ta_compat.py:314
E           high | nan_leak | research/ta_compat.py:320
E           high | nan_leak | research/ta_compat.py:321
E           high | nan_leak | research/ta_compat.py:328
E           high | nan_leak | research/ta_compat.py:333
E           high | nan_leak | research/ta_compat.py:337
E           high | nan_leak | research/ta_compat.py:348
E           high | nan_leak | research/ta_compat.py:349
E           high | nan_leak | research/ta_compat.py:350
E           high | nan_leak | research/ta_compat.py:352
E       assert [CodeIssue(file='celery_app.py', line=280, category='unfinished_code', severity='high', description="Function 'broadcast' has an empty body (only pass/...) — not implemented", snippet='def broadcast(self, command: str, **kwargs) -&gt; None:', suggestion='Implement the function body or raise NotImplementedError with a clear message'), CodeIssue(file='celery_app.py', line=283, category='unfinished_code', severity='high', description="Function 'revoke' has an empty body (only pass/...) — not implemented", snippet='def revoke(self, task_id: str, **kwargs) -&gt; None:', suggestion='Implement the function body or raise NotImplementedError with a clear message'), CodeIssue(file='celery_app.py', line=289, category='unfinished_code', severity='high', description="Function 'rate_limit' has an empty body (only pass/...) — not implemented", snippet='def rate_limit(self, task_name: str, rate_limit: str, **kwargs) -&gt; None:', suggestion='Implement the function body or raise NotImplementedError with a clear message'), CodeIssue(file='celery_app.py', line=292, category='unfinished_code', severity='high', description="Function 'time_limit' has an empty body (only pass/...) — not implemented", snippet='def time_limit(self, task_name: str, **kwargs) -&gt; None:', suggestion='Implement the function body or raise NotImplementedError with a clear message'), CodeIssue(file='ml/ab_testing.py', line=290, category='nan_leak', severity='high', description='Numeric operation without NaN guard: db.merge(row)\nNaN values propagate silently and corrupt downstream calculations.', snippet='db.merge(row)', suggestion='Add .dropna() before aggregation, or .fillna(0) / np.nan_to_num() to handle NaN explicitly before this operation.'), CodeIssue(file='ml/advanced_predictor.py', line=595, category='nan_leak', severity='high', description='Numeric operation without NaN guard: X = pd.concat([X, mtf_last[mtf_cols]], axis=1)\nNaN values propagate silently and corrupt downstream calculations.', snippet='X = pd.concat([X, mtf_last[mtf_cols]], axis=1)', suggestion='Add .dropna() before aggregation, or .fillna(0) / np.nan_to_num() to handle NaN explicitly before this operation.'), CodeIssue(file='ml/macro_features.py', line=155, category='nan_leak', severity='high', description='Numeric operation without NaN guard: df = pd.concat(frames.values(), axis=1).ffill()\nNaN values propagate silently and corrupt downstream calculations.', snippet='df = pd.concat(frames.values(), axis=1).ffill()', suggestion='Add .dropna() before aggregation, or .fillna(0) / np.nan_to_num() to handle NaN explicitly before this operation.'), CodeIssue(file='ml/macro_features.py', line=208, category='nan_leak', severity='high', description='Numeric operation without NaN guard: df = pd.concat(frames.values(), axis=1).ffill()\nNaN values propagate silently and corrupt downstream calculations.', snippet='df = pd.concat(frames.values(), axis=1).ffill()', suggestion='Add .dropna() before aggregation, or .fillna(0) / np.nan_to_num() to handle NaN explicitly before this operation.'), CodeIssue(file='research/ta_compat.py', line=153, category='nan_leak', severity='high', description='Numeric operation without NaN guard: arr = self._close.ewm(span=self._window, adjust=False).mean().values\nNaN values propagate silently and corrupt downstream calculations.', snippet='arr = self._close.ewm(span=self._window, adjust=False).mean().values', suggestion='Add .dropna() before aggregation, or .fillna(0) / np.nan_to_num() to handle NaN explicitly before this operation.'), CodeIssue(file='research/ta_compat.py', line=292, category='nan_leak', severity='high', description='Numeric operation without NaN guard: avg_gain = gain.ewm(com=period - 1, min_periods=period).mean()\nNaN values propagate silently and corrupt downstream calculations.', snippet='avg_gain = gain.ewm(com=period - 1, min_periods=period).mean()', suggestion='Add .dropna() before aggregation, or .fillna(0) / np.nan_to_num() to handle NaN explicitly before this operation.'), CodeIssue(file='research/ta_compat.py', line=293, category='nan_leak', severity='high', description='Numeric operation without NaN guard: avg_loss = loss.ewm(com=period - 1, min_periods=period).mean()\nNaN values propagate silently and corrupt downstream calculations.', snippet='avg_loss = loss.ewm(com=period - 1, min_periods=period).mean()', suggestion='Add .dropna() before aggregation, or .fillna(0) / np.nan_to_num() to handle NaN explicitly before this operation.'), CodeIssue(file='research/ta_compat.py', line=302, category='nan_leak', severity='high', description='Numeric operation without NaN guard: return k.rolling(d_period).mean().values\nNaN values propagate silently and corrupt downstream calculations.', snippet='return k.rolling(d_period).mean().values', suggestion='Add .dropna() before aggregation, or .fillna(0) / np.nan_to_num() to handle NaN explicitly before this operation.'), CodeIssue(file='research/ta_compat.py', line=307, category='nan_leak', severity='high', description='Numeric operation without NaN guard: return k.rolling(d_period).mean().values\nNaN values propagate silently and corrupt downstream calculations.', snippet='return k.rolling(d_period).mean().values', suggestion='Add .dropna() before aggregation, or .fillna(0) / np.nan_to_num() to handle NaN explicitly before this operation.'), CodeIssue(file='research/ta_compat.py', line=311, category='nan_leak', severity='high', description='Numeric operation without NaN guard: ema_fast = close.ewm(span=fast, adjust=False).mean()\nNaN values propagate silently and corrupt downstream calculations.', snippet='ema_fast = close.ewm(span=fast, adjust=False).mean()', suggestion='Add .dropna() before aggregation, or .fillna(0) / np.nan_to_num() to handle NaN explicitly before this operation.'), CodeIssue(file='research/ta_compat.py', line=312, category='nan_leak', severity='high', description='Numeric operation without NaN guard: ema_slow = close.ewm(span=slow, adjust=False).mean()\nNaN values propagate silently and corrupt downstream calculations.', snippet='ema_slow = close.ewm(span=slow, adjust=False).mean()', suggestion='Add .dropna() before aggregation, or .fillna(0) / np.nan_to_num() to handle NaN explicitly before this operation.'), CodeIssue(file='research/ta_compat.py', line=314, category='nan_leak', severity='high', description='Numeric operation without NaN guard: sig = macd.ewm(span=signal, adjust=False).mean()\nNaN values propagate silently and corrupt downstream calculations.', snippet='sig = macd.ewm(span=signal, adjust=False).mean()', suggestion='Add .dropna() before aggregation, or .fillna(0) / np.nan_to_num() to handle NaN explicitly before this operation.'), CodeIssue(file='research/ta_compat.py', line=320, category='nan_leak', severity='high', description='Numeric operation without NaN guard: mid = close.rolling(window).mean()\nNaN values propagate silently and corrupt downstream calculations.', snippet='mid = close.rolling(window).mean()', suggestion='Add .dropna() before aggregation, or .fillna(0) / np.nan_to_num() to handle NaN explicitly before this operation.'), CodeIssue(file='research/ta_compat.py', line=321, category='nan_leak', severity='high', description='Numeric operation without NaN guard: std = close.rolling(window).std()\nNaN values propagate silently and corrupt downstream calculations.', snippet='std = close.rolling(window).std()', suggestion='Add .dropna() before aggregation, or .fillna(0) / np.nan_to_num() to handle NaN explicitly before this operation.'), CodeIssue(file='research/ta_compat.py', line=328, category='nan_leak', severity='high', description='Numeric operation without NaN guard: tr = pd.concat([\nNaN values propagate silently and corrupt downstream calculations.', snippet='tr = pd.concat([', suggestion='Add .dropna() before aggregation, or .fillna(0) / np.nan_to_num() to handle NaN explicitly before this operation.'), CodeIssue(file='research/ta_compat.py', line=333, category='nan_leak', severity='high', description='Numeric operation without NaN guard: return tr.ewm(com=period - 1, min_periods=period).mean().values\nNaN values propagate silently and corrupt downstream calculations.', snippet='return tr.ewm(com=period - 1, min_periods=period).mean().values', suggestion='Add .dropna() before aggregation, or .fillna(0) / np.nan_to_num() to handle NaN explicitly before this operation.'), CodeIssue(file='research/ta_compat.py', line=337, category='nan_leak', severity='high', description='Numeric operation without NaN guard: tr = pd.concat([\nNaN values propagate silently and corrupt downstream calculations.', snippet='tr = pd.concat([', suggestion='Add .dropna() before aggregation, or .fillna(0) / np.nan_to_num() to handle NaN explicitly before this operation.'), CodeIssue(file='research/ta_compat.py', line=348, category='nan_leak', severity='high', description='Numeric operation without NaN guard: atr = tr.ewm(com=period - 1, min_periods=period).mean()\nNaN values propagate silently and corrupt downstream calculations.', snippet='atr = tr.ewm(com=period - 1, min_periods=period).mean()', suggestion='Add .dropna() before aggregation, or .fillna(0) / np.nan_to_num() to handle NaN explicitly before this operation.'), CodeIssue(file='research/ta_compat.py', line=349, category='nan_leak', severity='high', description='Numeric operation without NaN guard: pdi = 100 * plus_dm.ewm(com=period - 1, min_periods=period).mean() / (atr + 1e-1\nNaN values propagate silently and corrupt downstream calculations.', snippet='pdi = 100 * plus_dm.ewm(com=period - 1, min_periods=period).mean() / (atr + 1e-12)', suggestion='Add .dropna() before aggregation, or .fillna(0) / np.nan_to_num() to handle NaN explicitly before this operation.'), CodeIssue(file='research/ta_compat.py', line=350, category='nan_leak', severity='high', description='Numeric operation without NaN guard: mdi = 100 * minus_dm.ewm(com=period - 1, min_periods=period).mean() / (atr + 1e-\nNaN values propagate silently and corrupt downstream calculations.', snippet='mdi = 100 * minus_dm.ewm(com=period - 1, min_periods=period).mean() / (atr + 1e-12)', suggestion='Add .dropna() before aggregation, or .fillna(0) / np.nan_to_num() to handle NaN explicitly before this operation.'), CodeIssue(file='research/ta_compat.py', line=352, category='nan_leak', severity='high', description='Numeric operation without NaN guard: return dx.ewm(com=period - 1, min_periods=period).mean().values\nNaN values propagate silently and corrupt downstream calculations.', snippet='return dx.ewm(com=period - 1, min_periods=period).mean().values', suggestion='Add .dropna() before aggregation, or .fillna(0) / np.nan_to_num() to handle NaN explicitly before this operation.')] == []
E
E         Left contains 25 more items, first extra item: CodeIssue(file='celery_app.py', line=280, category='unfinished_code', severity='high', description="Function 'broadcas...: str, **kwargs) -&gt; None:', suggestion='Implement the function body or raise NotImplementedError with a clear message')
E
E         Full diff:
E         - []
E         + [
E         +     CodeIssue(
E         +         file='celery_app.py',
E         +         line=280,
E         +         category='unfinished_code',
E         +         severity='high',
E         +         description="Function 'broadcast' has an empty body (only pass/...) — "
E         +                     'not implemented',
E         +         snippet='def broadcast(self, command: str, **kwargs) -&gt; None:',
E         +         suggestion='Implement the function body or raise NotImplementedError '
E         +                    'with a clear message',
E         +     ),
E         +     CodeIssue(
E         +         file='celery_app.py',
E         +         line=283,
E         +         category='unfinished_code',
E         +         severity='high',
E         +         description="Function 'revoke' has an empty body (only pass/...) — not "
E         +                     'implemented',
E         +         snippet='def revoke(self, task_id: str, **kwargs) -&gt; None:',
E         +         suggestion='Implement the function body or raise NotImplementedError '
E         +                    'with a clear message',
E         +     ),
E         +     CodeIssue(
E         +         file='celery_app.py',
E         +         line=289,
E         +         category='unfinished_code',
E         +         severity='high',
E         +         description="Function 'rate_limit' has an empty body (only pass/...) — "
E         +                     'not implemented',
E         +         snippet='def rate_limit(self, task_name: str, rate_limit: str, '
E         +                 '**kwargs) -&gt; None:',
E         +         suggestion='Implement the function body or raise NotImplementedError '
E         +                    'with a clear message',
E         +     ),
E         +     CodeIssue(
E         +         file='celery_app.py',
E         +         line=292,
E         +         category='unfinished_code',
E         +         severity='high',
E         +         description="Function 'time_limit' has an empty body (only pass/...) — "
E         +                     'not implemented',
E         +         snippet='def time_limit(self, task_name: str, **kwargs) -&gt; None:',
E         +         suggestion='Implement the function body or raise NotImplementedError '
E         +                    'with a clear message',
E         +     ),
E         +     CodeIssue(
E         +         file='ml/ab_testing.py',
E         +         line=290,
E         +         category='nan_leak',
E         +         severity='high',
E         +         description='Numeric operation without NaN guard: db.merge(row)\n'
E         +                     'NaN values propagate silently and corrupt downstream '
E         +                     'calculations.',
E         +         snippet='db.merge(row)',
E         +         suggestion='Add .dropna() before aggregation, or .fillna(0) / '
E         +                    'np.nan_to_num() to handle NaN explicitly before this '
E         +                    'operation.',
E         +     ),
E         +     CodeIssue(
E         +         file='ml/advanced_predictor.py',
E         +         line=595,
E         +         category='nan_leak',
E         +         severity='high',
E         +         description='Numeric operation without NaN guard: X = pd.concat([X, '
E         +                     'mtf_last[mtf_cols]], axis=1)\n'
E         +                     'NaN values propagate silently and corrupt downstream '
E         +                     'calculations.',
E         +         snippet='X = pd.concat([X, mtf_last[mtf_cols]], axis=1)',
E         +         suggestion='Add .dropna() before aggregation, or .fillna(0) / '
E         +                    'np.nan_to_num() to handle NaN explicitly before this '
E         +                    'operation.',
E         +     ),
E         +     CodeIssue(
E         +         file='ml/macro_features.py',
E         +         line=155,
E         +         category='nan_leak',
E         +         severity='high',
E         +         description='Numeric operation without NaN guard: df = '
E         +                     'pd.concat(frames.values(), axis=1).ffill()\n'
E         +                     'NaN values propagate silently and corrupt downstream '
E         +                     'calculations.',
E         +         snippet='df = pd.concat(frames.values(), axis=1).ffill()',
E         +         suggestion='Add .dropna() before aggregation, or .fillna(0) / '
E         +                    'np.nan_to_num() to handle NaN explicitly before this '
E         +                    'operation.',
E         +     ),
E         +     CodeIssue(
E         +         file='ml/macro_features.py',
E         +         line=208,
E         +         category='nan_leak',
E         +         severity='high',
E         +         description='Numeric operation without NaN guard: df = '
E         +                     'pd.concat(frames.values(), axis=1).ffill()\n'
E         +                     'NaN values propagate silently and corrupt downstream '
E         +                     'calculations.',
E         +         snippet='df = pd.concat(frames.values(), axis=1).ffill()',
E         +         suggestion='Add .dropna() before aggregation, or .fillna(0) / '
E         +                    'np.nan_to_num() to handle NaN explicitly before this '
E         +                    'operation.',
E         +     ),
E         +     CodeIssue(
E         +         file='research/ta_compat.py',
E         +         line=153,
E         +         category='nan_leak',
E         +         severity='high',
E         +         description='Numeric operation without NaN guard: arr = '
E         +                     'self._close.ewm(span=self._window, '
E         +                     'adjust=False).mean().values\n'
E         +                     'NaN values propagate silently and corrupt downstream '
E         +                     'calculations.',
E         +         snippet='arr = self._close.ewm(span=self._window, '
E         +                 'adjust=False).mean().values',
E         +         suggestion='Add .dropna() before aggregation, or .fillna(0) / '
E         +                    'np.nan_to_num() to handle NaN explicitly before this '
E         +                    'operation.',
E         +     ),
E         +     CodeIssue(
E         +         file='research/ta_compat.py',
E         +         line=292,
E         +         category='nan_leak',
E         +         severity='high',
E         +         description='Numeric operation without NaN guard: avg_gain = '
E         +                     'gain.ewm(com=period - 1, min_periods=period).mean()\n'
E         +                     'NaN values propagate silently and corrupt downstream '
E         +                     'calculations.',
E         +         snippet='avg_gain = gain.ewm(com=period - 1, '
E         +                 'min_periods=period).mean()',
E         +         suggestion='Add .dropna() before aggregation, or .fillna(0) / '
E         +                    'np.nan_to_num() to handle NaN explicitly before this '
E         +                    'operation.',
E         +     ),
E         +     CodeIssue(
E         +         file='research/ta_compat.py',
E         +         line=293,
E         +         category='nan_leak',
E         +         severity='high',
E         +         description='Numeric operation without NaN guard: avg_loss = '
E         +                     'loss.ewm(com=period - 1, min_periods=period).mean()\n'
E         +                     'NaN values propagate silently and corrupt downstream '
E         +                     'calculations.',
E         +         snippet='avg_loss = loss.ewm(com=period - 1, '
E         +                 'min_periods=period).mean()',
E         +         suggestion='Add .dropna() before aggregation, or .fillna(0) / '
E         +                    'np.nan_to_num() to handle NaN explicitly before this '
E         +                    'operation.',
E         +     ),
E         +     CodeIssue(
E         +         file='research/ta_compat.py',
E         +         line=302,
E         +         category='nan_leak',
E         +         severity='high',
E         +         description='Numeric operation without NaN guard: return '
E         +                     'k.rolling(d_period).mean().values\n'
E         +                     'NaN values propagate silently and corrupt downstream '
E         +                     'calculations.',
E         +         snippet='return k.rolling(d_period).mean().values',
E         +         suggestion='Add .dropna() before aggregation, or .fillna(0) / '
E         +                    'np.nan_to_num() to handle NaN explicitly before this '
E         +                    'operation.',
E         +     ),
E         +     CodeIssue(
E         +         file='research/ta_compat.py',
E         +         line=307,
E         +         category='nan_leak',
E         +         severity='high',
E         +         description='Numeric operation without NaN guard: return '
E         +                     'k.rolling(d_period).mean().values\n'
E         +                     'NaN values propagate silently and corrupt downstream '
E         +                     'calculations.',
E         +         snippet='return k.rolling(d_period).mean().values',
E         +         suggestion='Add .dropna() before aggregation, or .fillna(0) / '
E         +                    'np.nan_to_num() to handle NaN explicitly before this '
E         +                    'operation.',
E         +     ),
E         +     CodeIssue(
E         +         file='research/ta_compat.py',
E         +         line=311,
E         +         category='nan_leak',
E         +         severity='high',
E         +         description='Numeric operation without NaN guard: ema_fast = '
E         +                     'close.ewm(span=fast, adjust=False).mean()\n'
E         +                     'NaN values propagate silently and corrupt downstream '
E         +                     'calculations.',
E         +         snippet='ema_fast = close.ewm(span=fast, adjust=False).mean()',
E         +         suggestion='Add .dropna() before aggregation, or .fillna(0) / '
E         +                    'np.nan_to_num() to handle NaN explicitly before this '
E         +                    'operation.',
E         +     ),
E         +     CodeIssue(
E         +         file='research/ta_compat.py',
E         +         line=312,
E         +         category='nan_leak',
E         +         severity='high',
E         +         description='Numeric operation without NaN guard: ema_slow = '
E         +                     'close.ewm(span=slow, adjust=False).mean()\n'
E         +                     'NaN values propagate silently and corrupt downstream '
E         +                     'calculations.',
E         +         snippet='ema_slow = close.ewm(span=slow, adjust=False).mean()',
E         +         suggestion='Add .dropna() before aggregation, or .fillna(0) / '
E         +                    'np.nan_to_num() to handle NaN explicitly before this '
E         +                    'operation.',
E         +     ),
E         +     CodeIssue(
E         +         file='research/ta_compat.py',
E         +         line=314,
E         +         category='nan_leak',
E         +         severity='high',
E         +         description='Numeric operation without NaN guard: sig = '
E         +                     'macd.ewm(span=signal, adjust=False).mean()\n'
E         +                     'NaN values propagate silently and corrupt downstream '
E         +                     'calculations.',
E         +         snippet='sig = macd.ewm(span=signal, adjust=False).mean()',
E         +         suggestion='Add .dropna() before aggregation, or .fillna(0) / '
E         +                    'np.nan_to_num() to handle NaN explicitly before this '
E         +                    'operation.',
E         +     ),
E         +     CodeIssue(
E         +         file='research/ta_compat.py',
E         +         line=320,
E         +         category='nan_leak',
E         +         severity='high',
E         +         description='Numeric operation without NaN guard: mid = '
E         +                     'close.rolling(window).mean()\n'
E         +                     'NaN values propagate silently and corrupt downstream '
E         +                     'calculations.',
E         +         snippet='mid = close.rolling(window).mean()',
E         +         suggestion='Add .dropna() before aggregation, or .fillna(0) / '
E         +                    'np.nan_to_num() to handle NaN explicitly before this '
E         +                    'operation.',
E         +     ),
E         +     CodeIssue(
E         +         file='research/ta_compat.py',
E         +         line=321,
E         +         category='nan_leak',
E         +         severity='high',
E         +         description='Numeric operation without NaN guard: std = '
E         +                     'close.rolling(window).std()\n'
E         +                     'NaN values propagate silently and corrupt downstream '
E         +                     'calculations.',
E         +         snippet='std = close.rolling(window).std()',
E         +         suggestion='Add .dropna() before aggregation, or .fillna(0) / '
E         +                    'np.nan_to_num() to handle NaN explicitly before this '
E         +                    'operation.',
E         +     ),
E         +     CodeIssue(
E         +         file='research/ta_compat.py',
E         +         line=328,
E         +         category='nan_leak',
E         +         severity='high',
E         +         description='Numeric operation without NaN guard: tr = pd.concat([\n'
E         +                     'NaN values propagate silently and corrupt downstream '
E         +                     'calculations.',
E         +         snippet='tr = pd.concat([',
E         +         suggestion='Add .dropna() before aggregation, or .fillna(0) / '
E         +                    'np.nan_to_num() to handle NaN explicitly before this '
E         +                    'operation.',
E         +     ),
E         +     CodeIssue(
E         +         file='research/ta_compat.py',
E         +         line=333,
E         +         category='nan_leak',
E         +         severity='high',
E         +         description='Numeric operation without NaN guard: return '
E         +                     'tr.ewm(com=period - 1, min_periods=period).mean().values\n'
E         +                     'NaN values propagate silently and corrupt downstream '
E         +                     'calculations.',
E         +         snippet='return tr.ewm(com=period - 1, '
E         +                 'min_periods=period).mean().values',
E         +         suggestion='Add .dropna() before aggregation, or .fillna(0) / '
E         +                    'np.nan_to_num() to handle NaN explicitly before this '
E         +                    'operation.',
E         +     ),
E         +     CodeIssue(
E         +         file='research/ta_compat.py',
E         +         line=337,
E         +         category='nan_leak',
E         +         severity='high',
E         +         description='Numeric operation without NaN guard: tr = pd.concat([\n'
E         +                     'NaN values propagate silently and corrupt downstream '
E         +                     'calculations.',
E         +         snippet='tr = pd.concat([',
E         +         suggestion='Add .dropna() before aggregation, or .fillna(0) / '
E         +                    'np.nan_to_num() to handle NaN explicitly before this '
E         +                    'operation.',
E         +     ),
E         +     CodeIssue(
E         +         file='research/ta_compat.py',
E         +         line=348,
E         +         category='nan_leak',
E         +         severity='high',
E         +         description='Numeric operation without NaN guard: atr = '
E         +                     'tr.ewm(com=period - 1, min_periods=period).mean()\n'
E         +                     'NaN values propagate silently and corrupt downstream '
E         +                     'calculations.',
E         +         snippet='atr = tr.ewm(com=period - 1, min_periods=period).mean()',
E         +         suggestion='Add .dropna() before aggregation, or .fillna(0) / '
E         +                    'np.nan_to_num() to handle NaN explicitly before this '
E         +                    'operation.',
E         +     ),
E         +     CodeIssue(
E         +         file='research/ta_compat.py',
E         +         line=349,
E         +         category='nan_leak',
E         +         severity='high',
E         +         description='Numeric operation without NaN guard: pdi = 100 * '
E         +                     'plus_dm.ewm(com=period - 1, min_periods=period).mean() / '
E         +                     '(atr + 1e-1\n'
E         +                     'NaN values propagate silently and corrupt downstream '
E         +                     'calculations.',
E         +         snippet='pdi = 100 * plus_dm.ewm(com=period - 1, '
E         +                 'min_periods=period).mean() / (atr + 1e-12)',
E         +         suggestion='Add .dropna() before aggregation, or .fillna(0) / '
E         +                    'np.nan_to_num() to handle NaN explicitly before this '
E         +                    'operation.',
E         +     ),
E         +     CodeIssue(
E         +         file='research/ta_compat.py',
E         +         line=350,
E         +         category='nan_leak',
E         +         severity='high',
E         +         description='Numeric operation without NaN guard: mdi = 100 * '
E         +                     'minus_dm.ewm(com=period - 1, min_periods=period).mean() / '
E         +                     '(atr + 1e-\n'
E         +                     'NaN values propagate silently and corrupt downstream '
E         +                     'calculations.',
E         +         snippet='mdi = 100 * minus_dm.ewm(com=period - 1, '
E         +                 'min_periods=period).mean() / (atr + 1e-12)',
E         +         suggestion='Add .dropna() before aggregation, or .fillna(0) / '
E         +                    'np.nan_to_num() to handle NaN explicitly before this '
E         +                    'operation.',
E         +     ),
E         +     CodeIssue(
E         +         file='research/ta_compat.py',
E         +         line=352,
E         +         category='nan_leak',
E         +         severity='high',
E         +         description='Numeric operation without NaN guard: return '
E         +                     'dx.ewm(com=period - 1, min_periods=period).mean().values\n'
E         +                     'NaN values propagate silently and corrupt downstream '
E         +                     'calculations.',
E         +         snippet='return dx.ewm(com=period - 1, '
E         +                 'min_periods=period).mean().values',
E         +         suggestion='Add .dropna() before aggregation, or .fillna(0) / '
E         +                    'np.nan_to_num() to handle NaN explicitly before this '
E         +                    'operation.',
E         +     ),
E         + ]

tests/unit/test_fixes.py:211: AssertionError</failure></testcase><testcase classname="tests.unit.test_fixes.TestCodeAnalyzerClean" name="test_total_issues_zero" time="18.540"><failure message="AssertionError: Expected 0 issues, found 33:&#10;    high | unfinished_code | celery_app.py:280&#10;    high | unfinished_code | celery_app.py:283&#10;    high | unfinished_code | celery_app.py:289&#10;    high | unfinished_code | celery_app.py:292&#10;    high | nan_leak | ml/ab_testing.py:290&#10;    high | nan_leak | ml/advanced_predictor.py:595&#10;    high | nan_leak | ml/macro_features.py:155&#10;    high | nan_leak | ml/macro_features.py:208&#10;    high | nan_leak | research/ta_compat.py:153&#10;    high | nan_leak | research/ta_compat.py:292&#10;    high | nan_leak | research/ta_compat.py:293&#10;    high | nan_leak | research/ta_compat.py:302&#10;    high | nan_leak | research/ta_compat.py:307&#10;    high | nan_leak | research/ta_compat.py:311&#10;    high | nan_leak | research/ta_compat.py:312&#10;    high | nan_leak | research/ta_compat.py:314&#10;    high | nan_leak | research/ta_compat.py:320&#10;    high | nan_leak | research/ta_compat.py:321&#10;    high | nan_leak | research/ta_compat.py:328&#10;    high | nan_leak | research/ta_compat.py:333&#10;    high | nan_leak | research/ta_compat.py:337&#10;    high | nan_leak | research/ta_compat.py:348&#10;    high | nan_leak | research/ta_compat.py:349&#10;    high | nan_leak | research/ta_compat.py:350&#10;    high | nan_leak | research/ta_compat.py:352&#10;    medium | swallowed_exception | api/news.py:123&#10;    medium | swallowed_exception | api/news.py:226&#10;    medium | swallowed_exception | api/news.py:261&#10;    medium | swallowed_exception | core/event_bus.py:281&#10;    medium | swallowed_exception | data_layer/feeds/macro/store_bridge.py:163&#10;    medium | swallowed_exception | ml/explainability.py:197&#10;    medium | swallowed_exception | news/providers.py:60&#10;    medium | swallowed_exception | research/vector_store.py:52&#10;assert 33 == 0&#10; +  where 33 = len([CodeIssue(file='celery_app.py', line=280, category='unfinished_code', severity='high', description=&quot;Function 'broadcast' has an empty body (only pass/...) \u2014 not implemented&quot;, snippet='def broadcast(self, command: str, **kwargs) -&gt; None:', suggestion='Implement the function body or raise NotImplementedError with a clear message'), CodeIssue(file='celery_app.py', line=283, category='unfinished_code', severity='high', description=&quot;Function 'revoke' has an empty body (only pass/...) \u2014 not implemented&quot;, snippet='def revoke(self, task_id: str, **kwargs) -&gt; None:', suggestion='Implement the function body or raise NotImplementedError with a clear message'), CodeIssue(file='celery_app.py', line=289, category='unfinished_code', severity='high', description=&quot;Function 'rate_limit' has an empty body (only pass/...) \u2014 not implemented&quot;, snippet='def rate_limit(self, task_name: str, rate_limit: str, **kwargs) -&gt; None:', suggestion='Implement the function body or raise NotImplementedError with a clear message'), CodeIssue(file='celery_app.py', line=292, category='unfinished_code', severity='high', description=&quot;Function 'time_limit' has an empty body (only pass/...) \u2014 not implemented&quot;, snippet='def time_limit(self, task_name: str, **kwargs) -&gt; None:', suggestion='Implement the function body or raise NotImplementedError with a clear message'), CodeIssue(file='ml/ab_testing.py', line=290, category='nan_leak', severity='high', description='Numeric operation without NaN guard: db.merge(row)\nNaN values propagate silently and corrupt downstream calculations.', snippet='db.merge(row)', suggestion='Add .dropna() before aggregation, or .fillna(0) / np.nan_to_num() to handle NaN explicitly before this operation.'), CodeIssue(file='ml/advanced_predictor.py', line=595, category='nan_leak', severity='high', description='Numeric operation without NaN guard: X = pd.concat([X, mtf_last[mtf_cols]], axis=1)\nNaN values propagate silently and corrupt downstream calculations.', snippet='X = pd.concat([X, mtf_last[mtf_cols]], axis=1)', suggestion='Add .dropna() before aggregation, or .fillna(0) / np.nan_to_num() to handle NaN explicitly before this operation.'), CodeIssue(file='ml/macro_features.py', line=155, category='nan_leak', severity='high', description='Numeric operation without NaN guard: df = pd.concat(frames.values(), axis=1).ffill()\nNaN values propagate silently and corrupt downstream calculations.', snippet='df = pd.concat(frames.values(), axis=1).ffill()', suggestion='Add .dropna() before aggregation, or .fillna(0) / np.nan_to_num() to handle NaN explicitly before this operation.'), CodeIssue(file='ml/macro_features.py', line=208, category='nan_leak', severity='high', description='Numeric operation without NaN guard: df = pd.concat(frames.values(), axis=1).ffill()\nNaN values propagate silently and corrupt downstream calculations.', snippet='df = pd.concat(frames.values(), axis=1).ffill()', suggestion='Add .dropna() before aggregation, or .fillna(0) / np.nan_to_num() to handle NaN explicitly before this operation.'), CodeIssue(file='research/ta_compat.py', line=153, category='nan_leak', severity='high', description='Numeric operation without NaN guard: arr = self._close.ewm(span=self._window, adjust=False).mean().values\nNaN values propagate silently and corrupt downstream calculations.', snippet='arr = self._close.ewm(span=self._window, adjust=False).mean().values', suggestion='Add .dropna() before aggregation, or .fillna(0) / np.nan_to_num() to handle NaN explicitly before this operation.'), CodeIssue(file='research/ta_compat.py', line=292, category='nan_leak', severity='high', description='Numeric operation without NaN guard: avg_gain = gain.ewm(com=period - 1, min_periods=period).mean()\nNaN values propagate silently and corrupt downstream calculations.', snippet='avg_gain = gain.ewm(com=period - 1, min_periods=period).mean()', suggestion='Add .dropna() before aggregation, or .fillna(0) / np.nan_to_num() to handle NaN explicitly before this operation.'), CodeIssue(file='research/ta_compat.py', line=293, category='nan_leak', severity='high', description='Numeric operation without NaN guard: avg_loss = loss.ewm(com=period - 1, min_periods=period).mean()\nNaN values propagate silently and corrupt downstream calculations.', snippet='avg_loss = loss.ewm(com=period - 1, min_periods=period).mean()', suggestion='Add .dropna() before aggregation, or .fillna(0) / np.nan_to_num() to handle NaN explicitly before this operation.'), CodeIssue(file='research/ta_compat.py', line=302, category='nan_leak', severity='high', description='Numeric operation without NaN guard: return k.rolling(d_period).mean().values\nNaN values propagate silently and corrupt downstream calculations.', snippet='return k.rolling(d_period).mean().values', suggestion='Add .dropna() before aggregation, or .fillna(0) / np.nan_to_num() to handle NaN explicitly before this operation.'), CodeIssue(file='research/ta_compat.py', line=307, category='nan_leak', severity='high', description='Numeric operation without NaN guard: return k.rolling(d_period).mean().values\nNaN values propagate silently and corrupt downstream calculations.', snippet='return k.rolling(d_period).mean().values', suggestion='Add .dropna() before aggregation, or .fillna(0) / np.nan_to_num() to handle NaN explicitly before this operation.'), CodeIssue(file='research/ta_compat.py', line=311, category='nan_leak', severity='high', description='Numeric operation without NaN guard: ema_fast = close.ewm(span=fast, adjust=False).mean()\nNaN values propagate silently and corrupt downstream calculations.', snippet='ema_fast = close.ewm(span=fast, adjust=False).mean()', suggestion='Add .dropna() before aggregation, or .fillna(0) / np.nan_to_num() to handle NaN explicitly before this operation.'), CodeIssue(file='research/ta_compat.py', line=312, category='nan_leak', severity='high', description='Numeric operation without NaN guard: ema_slow = close.ewm(span=slow, adjust=False).mean()\nNaN values propagate silently and corrupt downstream calculations.', snippet='ema_slow = close.ewm(span=slow, adjust=False).mean()', suggestion='Add .dropna() before aggregation, or .fillna(0) / np.nan_to_num() to handle NaN explicitly before this operation.'), CodeIssue(file='research/ta_compat.py', line=314, category='nan_leak', severity='high', description='Numeric operation without NaN guard: sig = macd.ewm(span=signal, adjust=False).mean()\nNaN values propagate silently and corrupt downstream calculations.', snippet='sig = macd.ewm(span=signal, adjust=False).mean()', suggestion='Add .dropna() before aggregation, or .fillna(0) / np.nan_to_num() to handle NaN explicitly before this operation.'), CodeIssue(file='research/ta_compat.py', line=320, category='nan_leak', severity='high', description='Numeric operation without NaN guard: mid = close.rolling(window).mean()\nNaN values propagate silently and corrupt downstream calculations.', snippet='mid = close.rolling(window).mean()', suggestion='Add .dropna() before aggregation, or .fillna(0) / np.nan_to_num() to handle NaN explicitly before this operation.'), CodeIssue(file='research/ta_compat.py', line=321, category='nan_leak', severity='high', description='Numeric operation without NaN guard: std = close.rolling(window).std()\nNaN values propagate silently and corrupt downstream calculations.', snippet='std = close.rolling(window).std()', suggestion='Add .dropna() before aggregation, or .fillna(0) / np.nan_to_num() to handle NaN explicitly before this operation.'), CodeIssue(file='research/ta_compat.py', line=328, category='nan_leak', severity='high', description='Numeric operation without NaN guard: tr = pd.concat([\nNaN values propagate silently and corrupt downstream calculations.', snippet='tr = pd.concat([', suggestion='Add .dropna() before aggregation, or .fillna(0) / np.nan_to_num() to handle NaN explicitly before this operation.'), CodeIssue(file='research/ta_compat.py', line=333, category='nan_leak', severity='high', description='Numeric operation without NaN guard: return tr.ewm(com=period - 1, min_periods=period).mean().values\nNaN values propagate silently and corrupt downstream calculations.', snippet='return tr.ewm(com=period - 1, min_periods=period).mean().values', suggestion='Add .dropna() before aggregation, or .fillna(0) / np.nan_to_num() to handle NaN explicitly before this operation.'), CodeIssue(file='research/ta_compat.py', line=337, category='nan_leak', severity='high', description='Numeric operation without NaN guard: tr = pd.concat([\nNaN values propagate silently and corrupt downstream calculations.', snippet='tr = pd.concat([', suggestion='Add .dropna() before aggregation, or .fillna(0) / np.nan_to_num() to handle NaN explicitly before this operation.'), CodeIssue(file='research/ta_compat.py', line=348, category='nan_leak', severity='high', description='Numeric operation without NaN guard: atr = tr.ewm(com=period - 1, min_periods=period).mean()\nNaN values propagate silently and corrupt downstream calculations.', snippet='atr = tr.ewm(com=period - 1, min_periods=period).mean()', suggestion='Add .dropna() before aggregation, or .fillna(0) / np.nan_to_num() to handle NaN explicitly before this operation.'), CodeIssue(file='research/ta_compat.py', line=349, category='nan_leak', severity='high', description='Numeric operation without NaN guard: pdi = 100 * plus_dm.ewm(com=period - 1, min_periods=period).mean() / (atr + 1e-1\nNaN values propagate silently and corrupt downstream calculations.', snippet='pdi = 100 * plus_dm.ewm(com=period - 1, min_periods=period).mean() / (atr + 1e-12)', suggestion='Add .dropna() before aggregation, or .fillna(0) / np.nan_to_num() to handle NaN explicitly before this operation.'), CodeIssue(file='research/ta_compat.py', line=350, category='nan_leak', severity='high', description='Numeric operation without NaN guard: mdi = 100 * minus_dm.ewm(com=period - 1, min_periods=period).mean() / (atr + 1e-\nNaN values propagate silently and corrupt downstream calculations.', snippet='mdi = 100 * minus_dm.ewm(com=period - 1, min_periods=period).mean() / (atr + 1e-12)', suggestion='Add .dropna() before aggregation, or .fillna(0) / np.nan_to_num() to handle NaN explicitly before this operation.'), CodeIssue(file='research/ta_compat.py', line=352, category='nan_leak', severity='high', description='Numeric operation without NaN guard: return dx.ewm(com=period - 1, min_periods=period).mean().values\nNaN values propagate silently and corrupt downstream calculations.', snippet='return dx.ewm(com=period - 1, min_periods=period).mean().values', suggestion='Add .dropna() before aggregation, or .fillna(0) / np.nan_to_num() to handle NaN explicitly before this operation.'), CodeIssue(file='api/news.py', line=123, category='swallowed_exception', severity='medium', description=&quot;Exception handler body is only 'pass' \u2014 exception silently swallowed&quot;, snippet='except Exception:', suggestion='Log the exception or re-raise; never silently discard errors in critical paths'), CodeIssue(file='api/news.py', line=226, category='swallowed_exception', severity='medium', description=&quot;Exception handler body is only 'pass' \u2014 exception silently swallowed&quot;, snippet='except Exception:', suggestion='Log the exception or re-raise; never silently discard errors in critical paths'), CodeIssue(file='api/news.py', line=261, category='swallowed_exception', severity='medium', description=&quot;Exception handler body is only 'pass' \u2014 exception silently swallowed&quot;, snippet='except Exception:', suggestion='Log the exception or re-raise; never silently discard errors in critical paths'), CodeIssue(file='core/event_bus.py', line=281, category='swallowed_exception', severity='medium', description=&quot;Exception handler body is only 'pass' \u2014 exception silently swallowed&quot;, snippet='except ValueError:', suggestion='Log the exception or re-raise; never silently discard errors in critical paths'), CodeIssue(file='data_layer/feeds/macro/store_bridge.py', line=163, category='swallowed_exception', severity='medium', description=&quot;Exception handler body is only 'pass' \u2014 exception silently swallowed&quot;, snippet='except asyncio.CancelledError:', suggestion='Log the exception or re-raise; never silently discard errors in critical paths'), CodeIssue(file='ml/explainability.py', line=197, category='swallowed_exception', severity='medium', description=&quot;Exception handler body is only 'pass' \u2014 exception silently swallowed&quot;, snippet='except Exception:', suggestion='Log the exception or re-raise; never silently discard errors in critical paths'), CodeIssue(file='news/providers.py', line=60, category='swallowed_exception', severity='medium', description=&quot;Exception handler body is only 'pass' \u2014 exception silently swallowed&quot;, snippet='except Exception:', suggestion='Log the exception or re-raise; never silently discard errors in critical paths'), CodeIssue(file='research/vector_store.py', line=52, category='swallowed_exception', severity='medium', description=&quot;Exception handler body is only 'pass' \u2014 exception silently swallowed&quot;, snippet='except ImportError:', suggestion='Log the exception or re-raise; never silently discard errors in critical paths')])">self = &lt;tests.unit.test_fixes.TestCodeAnalyzerClean object at 0x7f8821ed33d0&gt;

    def test_total_issues_zero(self):
        """After fixes, code_analyzer must report 0 total issues."""
        from security.code_analyzer import scan_codebase

        issues = scan_codebase()
&gt;       assert len(issues) == 0, f"Expected 0 issues, found {len(issues)}:\n" + "\n".join(
            f"  {i.severity} | {i.category} | {i.file}:{i.line}" for i in issues
        )
E       AssertionError: Expected 0 issues, found 33:
E           high | unfinished_code | celery_app.py:280
E           high | unfinished_code | celery_app.py:283
E           high | unfinished_code | celery_app.py:289
E           high | unfinished_code | celery_app.py:292
E           high | nan_leak | ml/ab_testing.py:290
E           high | nan_leak | ml/advanced_predictor.py:595
E           high | nan_leak | ml/macro_features.py:155
E           high | nan_leak | ml/macro_features.py:208
E           high | nan_leak | research/ta_compat.py:153
E           high | nan_leak | research/ta_compat.py:292
E           high | nan_leak | research/ta_compat.py:293
E           high | nan_leak | research/ta_compat.py:302
E           high | nan_leak | research/ta_compat.py:307
E           high | nan_leak | research/ta_compat.py:311
E           high | nan_leak | research/ta_compat.py:312
E           high | nan_leak | research/ta_compat.py:314
E           high | nan_leak | research/ta_compat.py:320
E           high | nan_leak | research/ta_compat.py:321
E           high | nan_leak | research/ta_compat.py:328
E           high | nan_leak | research/ta_compat.py:333
E           high | nan_leak | research/ta_compat.py:337
E           high | nan_leak | research/ta_compat.py:348
E           high | nan_leak | research/ta_compat.py:349
E           high | nan_leak | research/ta_compat.py:350
E           high | nan_leak | research/ta_compat.py:352
E           medium | swallowed_exception | api/news.py:123
E           medium | swallowed_exception | api/news.py:226
E           medium | swallowed_exception | api/news.py:261
E           medium | swallowed_exception | core/event_bus.py:281
E           medium | swallowed_exception | data_layer/feeds/macro/store_bridge.py:163
E           medium | swallowed_exception | ml/explainability.py:197
E           medium | swallowed_exception | news/providers.py:60
E           medium | swallowed_exception | research/vector_store.py:52
E       assert 33 == 0
E        +  where 33 = len([CodeIssue(file='celery_app.py', line=280, category='unfinished_code', severity='high', description="Function 'broadcast' has an empty body (only pass/...) \u2014 not implemented", snippet='def broadcast(self, command: str, **kwargs) -&gt; None:', suggestion='Implement the function body or raise NotImplementedError with a clear message'), CodeIssue(file='celery_app.py', line=283, category='unfinished_code', severity='high', description="Function 'revoke' has an empty body (only pass/...) \u2014 not implemented", snippet='def revoke(self, task_id: str, **kwargs) -&gt; None:', suggestion='Implement the function body or raise NotImplementedError with a clear message'), CodeIssue(file='celery_app.py', line=289, category='unfinished_code', severity='high', description="Function 'rate_limit' has an empty body (only pass/...) \u2014 not implemented", snippet='def rate_limit(self, task_name: str, rate_limit: str, **kwargs) -&gt; None:', suggestion='Implement the function body or raise NotImplementedError with a clear message'), CodeIssue(file='celery_app.py', line=292, category='unfinished_code', severity='high', description="Function 'time_limit' has an empty body (only pass/...) \u2014 not implemented", snippet='def time_limit(self, task_name: str, **kwargs) -&gt; None:', suggestion='Implement the function body or raise NotImplementedError with a clear message'), CodeIssue(file='ml/ab_testing.py', line=290, category='nan_leak', severity='high', description='Numeric operation without NaN guard: db.merge(row)\nNaN values propagate silently and corrupt downstream calculations.', snippet='db.merge(row)', suggestion='Add .dropna() before aggregation, or .fillna(0) / np.nan_to_num() to handle NaN explicitly before this operation.'), CodeIssue(file='ml/advanced_predictor.py', line=595, category='nan_leak', severity='high', description='Numeric operation without NaN guard: X = pd.concat([X, mtf_last[mtf_cols]], axis=1)\nNaN values propagate silently and corrupt downstream calculations.', snippet='X = pd.concat([X, mtf_last[mtf_cols]], axis=1)', suggestion='Add .dropna() before aggregation, or .fillna(0) / np.nan_to_num() to handle NaN explicitly before this operation.'), CodeIssue(file='ml/macro_features.py', line=155, category='nan_leak', severity='high', description='Numeric operation without NaN guard: df = pd.concat(frames.values(), axis=1).ffill()\nNaN values propagate silently and corrupt downstream calculations.', snippet='df = pd.concat(frames.values(), axis=1).ffill()', suggestion='Add .dropna() before aggregation, or .fillna(0) / np.nan_to_num() to handle NaN explicitly before this operation.'), CodeIssue(file='ml/macro_features.py', line=208, category='nan_leak', severity='high', description='Numeric operation without NaN guard: df = pd.concat(frames.values(), axis=1).ffill()\nNaN values propagate silently and corrupt downstream calculations.', snippet='df = pd.concat(frames.values(), axis=1).ffill()', suggestion='Add .dropna() before aggregation, or .fillna(0) / np.nan_to_num() to handle NaN explicitly before this operation.'), CodeIssue(file='research/ta_compat.py', line=153, category='nan_leak', severity='high', description='Numeric operation without NaN guard: arr = self._close.ewm(span=self._window, adjust=False).mean().values\nNaN values propagate silently and corrupt downstream calculations.', snippet='arr = self._close.ewm(span=self._window, adjust=False).mean().values', suggestion='Add .dropna() before aggregation, or .fillna(0) / np.nan_to_num() to handle NaN explicitly before this operation.'), CodeIssue(file='research/ta_compat.py', line=292, category='nan_leak', severity='high', description='Numeric operation without NaN guard: avg_gain = gain.ewm(com=period - 1, min_periods=period).mean()\nNaN values propagate silently and corrupt downstream calculations.', snippet='avg_gain = gain.ewm(com=period - 1, min_periods=period).mean()', suggestion='Add .dropna() before aggregation, or .fillna(0) / np.nan_to_num() to handle NaN explicitly before this operation.'), CodeIssue(file='research/ta_compat.py', line=293, category='nan_leak', severity='high', description='Numeric operation without NaN guard: avg_loss = loss.ewm(com=period - 1, min_periods=period).mean()\nNaN values propagate silently and corrupt downstream calculations.', snippet='avg_loss = loss.ewm(com=period - 1, min_periods=period).mean()', suggestion='Add .dropna() before aggregation, or .fillna(0) / np.nan_to_num() to handle NaN explicitly before this operation.'), CodeIssue(file='research/ta_compat.py', line=302, category='nan_leak', severity='high', description='Numeric operation without NaN guard: return k.rolling(d_period).mean().values\nNaN values propagate silently and corrupt downstream calculations.', snippet='return k.rolling(d_period).mean().values', suggestion='Add .dropna() before aggregation, or .fillna(0) / np.nan_to_num() to handle NaN explicitly before this operation.'), CodeIssue(file='research/ta_compat.py', line=307, category='nan_leak', severity='high', description='Numeric operation without NaN guard: return k.rolling(d_period).mean().values\nNaN values propagate silently and corrupt downstream calculations.', snippet='return k.rolling(d_period).mean().values', suggestion='Add .dropna() before aggregation, or .fillna(0) / np.nan_to_num() to handle NaN explicitly before this operation.'), CodeIssue(file='research/ta_compat.py', line=311, category='nan_leak', severity='high', description='Numeric operation without NaN guard: ema_fast = close.ewm(span=fast, adjust=False).mean()\nNaN values propagate silently and corrupt downstream calculations.', snippet='ema_fast = close.ewm(span=fast, adjust=False).mean()', suggestion='Add .dropna() before aggregation, or .fillna(0) / np.nan_to_num() to handle NaN explicitly before this operation.'), CodeIssue(file='research/ta_compat.py', line=312, category='nan_leak', severity='high', description='Numeric operation without NaN guard: ema_slow = close.ewm(span=slow, adjust=False).mean()\nNaN values propagate silently and corrupt downstream calculations.', snippet='ema_slow = close.ewm(span=slow, adjust=False).mean()', suggestion='Add .dropna() before aggregation, or .fillna(0) / np.nan_to_num() to handle NaN explicitly before this operation.'), CodeIssue(file='research/ta_compat.py', line=314, category='nan_leak', severity='high', description='Numeric operation without NaN guard: sig = macd.ewm(span=signal, adjust=False).mean()\nNaN values propagate silently and corrupt downstream calculations.', snippet='sig = macd.ewm(span=signal, adjust=False).mean()', suggestion='Add .dropna() before aggregation, or .fillna(0) / np.nan_to_num() to handle NaN explicitly before this operation.'), CodeIssue(file='research/ta_compat.py', line=320, category='nan_leak', severity='high', description='Numeric operation without NaN guard: mid = close.rolling(window).mean()\nNaN values propagate silently and corrupt downstream calculations.', snippet='mid = close.rolling(window).mean()', suggestion='Add .dropna() before aggregation, or .fillna(0) / np.nan_to_num() to handle NaN explicitly before this operation.'), CodeIssue(file='research/ta_compat.py', line=321, category='nan_leak', severity='high', description='Numeric operation without NaN guard: std = close.rolling(window).std()\nNaN values propagate silently and corrupt downstream calculations.', snippet='std = close.rolling(window).std()', suggestion='Add .dropna() before aggregation, or .fillna(0) / np.nan_to_num() to handle NaN explicitly before this operation.'), CodeIssue(file='research/ta_compat.py', line=328, category='nan_leak', severity='high', description='Numeric operation without NaN guard: tr = pd.concat([\nNaN values propagate silently and corrupt downstream calculations.', snippet='tr = pd.concat([', suggestion='Add .dropna() before aggregation, or .fillna(0) / np.nan_to_num() to handle NaN explicitly before this operation.'), CodeIssue(file='research/ta_compat.py', line=333, category='nan_leak', severity='high', description='Numeric operation without NaN guard: return tr.ewm(com=period - 1, min_periods=period).mean().values\nNaN values propagate silently and corrupt downstream calculations.', snippet='return tr.ewm(com=period - 1, min_periods=period).mean().values', suggestion='Add .dropna() before aggregation, or .fillna(0) / np.nan_to_num() to handle NaN explicitly before this operation.'), CodeIssue(file='research/ta_compat.py', line=337, category='nan_leak', severity='high', description='Numeric operation without NaN guard: tr = pd.concat([\nNaN values propagate silently and corrupt downstream calculations.', snippet='tr = pd.concat([', suggestion='Add .dropna() before aggregation, or .fillna(0) / np.nan_to_num() to handle NaN explicitly before this operation.'), CodeIssue(file='research/ta_compat.py', line=348, category='nan_leak', severity='high', description='Numeric operation without NaN guard: atr = tr.ewm(com=period - 1, min_periods=period).mean()\nNaN values propagate silently and corrupt downstream calculations.', snippet='atr = tr.ewm(com=period - 1, min_periods=period).mean()', suggestion='Add .dropna() before aggregation, or .fillna(0) / np.nan_to_num() to handle NaN explicitly before this operation.'), CodeIssue(file='research/ta_compat.py', line=349, category='nan_leak', severity='high', description='Numeric operation without NaN guard: pdi = 100 * plus_dm.ewm(com=period - 1, min_periods=period).mean() / (atr + 1e-1\nNaN values propagate silently and corrupt downstream calculations.', snippet='pdi = 100 * plus_dm.ewm(com=period - 1, min_periods=period).mean() / (atr + 1e-12)', suggestion='Add .dropna() before aggregation, or .fillna(0) / np.nan_to_num() to handle NaN explicitly before this operation.'), CodeIssue(file='research/ta_compat.py', line=350, category='nan_leak', severity='high', description='Numeric operation without NaN guard: mdi = 100 * minus_dm.ewm(com=period - 1, min_periods=period).mean() / (atr + 1e-\nNaN values propagate silently and corrupt downstream calculations.', snippet='mdi = 100 * minus_dm.ewm(com=period - 1, min_periods=period).mean() / (atr + 1e-12)', suggestion='Add .dropna() before aggregation, or .fillna(0) / np.nan_to_num() to handle NaN explicitly before this operation.'), CodeIssue(file='research/ta_compat.py', line=352, category='nan_leak', severity='high', description='Numeric operation without NaN guard: return dx.ewm(com=period - 1, min_periods=period).mean().values\nNaN values propagate silently and corrupt downstream calculations.', snippet='return dx.ewm(com=period - 1, min_periods=period).mean().values', suggestion='Add .dropna() before aggregation, or .fillna(0) / np.nan_to_num() to handle NaN explicitly before this operation.'), CodeIssue(file='api/news.py', line=123, category='swallowed_exception', severity='medium', description="Exception handler body is only 'pass' \u2014 exception silently swallowed", snippet='except Exception:', suggestion='Log the exception or re-raise; never silently discard errors in critical paths'), CodeIssue(file='api/news.py', line=226, category='swallowed_exception', severity='medium', description="Exception handler body is only 'pass' \u2014 exception silently swallowed", snippet='except Exception:', suggestion='Log the exception or re-raise; never silently discard errors in critical paths'), CodeIssue(file='api/news.py', line=261, category='swallowed_exception', severity='medium', description="Exception handler body is only 'pass' \u2014 exception silently swallowed", snippet='except Exception:', suggestion='Log the exception or re-raise; never silently discard errors in critical paths'), CodeIssue(file='core/event_bus.py', line=281, category='swallowed_exception', severity='medium', description="Exception handler body is only 'pass' \u2014 exception silently swallowed", snippet='except ValueError:', suggestion='Log the exception or re-raise; never silently discard errors in critical paths'), CodeIssue(file='data_layer/feeds/macro/store_bridge.py', line=163, category='swallowed_exception', severity='medium', description="Exception handler body is only 'pass' \u2014 exception silently swallowed", snippet='except asyncio.CancelledError:', suggestion='Log the exception or re-raise; never silently discard errors in critical paths'), CodeIssue(file='ml/explainability.py', line=197, category='swallowed_exception', severity='medium', description="Exception handler body is only 'pass' \u2014 exception silently swallowed", snippet='except Exception:', suggestion='Log the exception or re-raise; never silently discard errors in critical paths'), CodeIssue(file='news/providers.py', line=60, category='swallowed_exception', severity='medium', description="Exception handler body is only 'pass' \u2014 exception silently swallowed", snippet='except Exception:', suggestion='Log the exception or re-raise; never silently discard errors in critical paths'), CodeIssue(file='research/vector_store.py', line=52, category='swallowed_exception', severity='medium', description="Exception handler body is only 'pass' \u2014 exception silently swallowed", snippet='except ImportError:', suggestion='Log the exception or re-raise; never silently discard errors in critical paths')])

tests/unit/test_fixes.py:220: AssertionError</failure></testcase><testcase classname="tests.unit.test_fixes.TestGeopoliticalSingleton" name="test_get_geopolitical_provider_returns_singleton" time="0.009" /><testcase classname="tests.unit.test_fixes.TestGeopoliticalSingleton" name="test_sentiment_engine_uses_singleton" time="0.008" /><testcase classname="tests.unit.test_fixes.TestGeopoliticalSingleton" name="test_all_sources_warned_fires_once" time="0.012" /><testcase classname="tests.unit.test_fixes.TestCFTCOfflineWarned" name="test_offline_warned_flag_exists" time="0.009" /><testcase classname="tests.unit.test_fixes.TestCFTCOfflineWarned" name="test_neutral_series_has_all_keys" time="0.012" /><testcase classname="tests.unit.test_fixes.TestYfinanceCompat" name="test_suppress_is_idempotent" time="0.007" /><testcase classname="tests.unit.test_fixes.TestYfinanceCompat" name="test_yfinance_loggers_at_critical" time="0.009"><failure message="AssertionError: Expected CRITICAL, got ERROR&#10;assert 40 == 50&#10; +  where 40 = &lt;Logger yfinance (ERROR)&gt;.level&#10; +  and   50 = &lt;module 'logging' from '/usr/lib/python3.11/logging/__init__.py'&gt;.CRITICAL">self = &lt;tests.unit.test_fixes.TestYfinanceCompat object at 0x7f8821ef83d0&gt;

    def test_yfinance_loggers_at_critical(self):
        """All yfinance sub-loggers must be set to CRITICAL after suppression."""
        import logging
        from utils.yfinance_compat import suppress_yfinance_warnings

        suppress_yfinance_warnings()
        yf_logger = logging.getLogger("yfinance")
&gt;       assert yf_logger.level == logging.CRITICAL, f"Expected CRITICAL, got {logging.getLevelName(yf_logger.level)}"
E       AssertionError: Expected CRITICAL, got ERROR
E       assert 40 == 50
E        +  where 40 = &lt;Logger yfinance (ERROR)&gt;.level
E        +  and   50 = &lt;module 'logging' from '/usr/lib/python3.11/logging/__init__.py'&gt;.CRITICAL

tests/unit/test_fixes.py:354: AssertionError</failure></testcase><testcase classname="tests.unit.test_gatekeeper_deep.TestEquityTracker" name="test_initial_state" time="0.009" /><testcase classname="tests.unit.test_gatekeeper_deep.TestEquityTracker" name="test_daily_dd_rises_on_loss" time="0.007" /><testcase classname="tests.unit.test_gatekeeper_deep.TestEquityTracker" name="test_max_dd_tracks_peak_correctly" time="0.007" /><testcase classname="tests.unit.test_gatekeeper_deep.TestEquityTracker" name="test_peak_updates_on_new_high" time="0.008" /><testcase classname="tests.unit.test_gatekeeper_deep.TestEquityTracker" name="test_zero_day_open_guard" time="0.008" /><testcase classname="tests.unit.test_gatekeeper_deep.TestEquityTracker" name="test_zero_peak_guard" time="0.010" /><testcase classname="tests.unit.test_gatekeeper_deep.TestEquityTracker" name="test_daily_counter_rolls_over" time="0.010" /><testcase classname="tests.unit.test_gatekeeper_deep.TestEquityTracker" name="test_no_negative_daily_dd" time="0.007" /><testcase classname="tests.unit.test_gatekeeper_deep.TestEquityTracker" name="test_no_negative_max_dd" time="0.008" /><testcase classname="tests.unit.test_gatekeeper_deep.TestNewsCalendar" name="test_empty_calendar_not_blackout" time="0.007" /><testcase classname="tests.unit.test_gatekeeper_deep.TestNewsCalendar" name="test_event_now_triggers_blackout" time="0.007" /><testcase classname="tests.unit.test_gatekeeper_deep.TestNewsCalendar" name="test_event_far_future_not_blackout" time="0.009" /><testcase classname="tests.unit.test_gatekeeper_deep.TestNewsCalendar" name="test_event_far_past_not_blackout" time="0.007" /><testcase classname="tests.unit.test_gatekeeper_deep.TestNewsCalendar" name="test_naive_datetime_normalised_to_utc" time="0.007" /><testcase classname="tests.unit.test_gatekeeper_deep.TestNewsCalendar" name="test_clear_removes_all_events" time="0.009" /><testcase classname="tests.unit.test_gatekeeper_deep.TestNewsCalendar" name="test_custom_window_minutes" time="0.009" /><testcase classname="tests.unit.test_gatekeeper_deep.TestRunChecksParams" name="test_all_passing_returns_empty" time="0.008" /><testcase classname="tests.unit.test_gatekeeper_deep.TestRunChecksParams" name="test_kill_switch_returns_single_failure_and_stops" time="0.009" /><testcase classname="tests.unit.test_gatekeeper_deep.TestRunChecksParams" name="test_pause_window_active_returns_single_failure" time="0.007" /><testcase classname="tests.unit.test_gatekeeper_deep.TestRunChecksParams" name="test_pause_window_expired_passes" time="0.008" /><testcase classname="tests.unit.test_gatekeeper_deep.TestRunChecksParams" name="test_daily_dd_at_limit_blocks" time="0.008" /><testcase classname="tests.unit.test_gatekeeper_deep.TestRunChecksParams" name="test_daily_dd_just_below_limit_passes" time="0.007" /><testcase classname="tests.unit.test_gatekeeper_deep.TestRunChecksParams" name="test_max_dd_at_limit_blocks" time="0.008" /><testcase classname="tests.unit.test_gatekeeper_deep.TestRunChecksParams" name="test_max_dd_just_below_limit_passes" time="0.008" /><testcase classname="tests.unit.test_gatekeeper_deep.TestRunChecksParams" name="test_data_quality_below_threshold_blocks" time="0.008" /><testcase classname="tests.unit.test_gatekeeper_deep.TestRunChecksParams" name="test_data_quality_at_threshold_passes" time="0.008" /><testcase classname="tests.unit.test_gatekeeper_deep.TestRunChecksParams" name="test_news_blackout_blocks" time="0.007" /><testcase classname="tests.unit.test_gatekeeper_deep.TestRunChecksParams" name="test_no_blackout_passes" time="0.006" /><testcase classname="tests.unit.test_gatekeeper_deep.TestRunChecksParams" name="test_high_impact_score_blocks" time="0.007" /><testcase classname="tests.unit.test_gatekeeper_deep.TestRunChecksParams" name="test_impact_at_threshold_passes" time="0.013" /><testcase classname="tests.unit.test_gatekeeper_deep.TestRunChecksParams" name="test_extreme_positive_sentiment_blocks" time="0.008" /><testcase classname="tests.unit.test_gatekeeper_deep.TestRunChecksParams" name="test_extreme_negative_sentiment_blocks" time="0.007" /><testcase classname="tests.unit.test_gatekeeper_deep.TestRunChecksParams" name="test_moderate_sentiment_passes" time="0.007" /><testcase classname="tests.unit.test_gatekeeper_deep.TestRunChecksParams" name="test_daily_trade_cap_at_limit_blocks" time="0.007" /><testcase classname="tests.unit.test_gatekeeper_deep.TestRunChecksParams" name="test_daily_trade_cap_below_limit_passes" time="0.007" /><testcase classname="tests.unit.test_gatekeeper_deep.TestRunChecksParams" name="test_low_confidence_blocks" time="0.009" /><testcase classname="tests.unit.test_gatekeeper_deep.TestRunChecksParams" name="test_confidence_at_floor_passes" time="0.009" /><testcase classname="tests.unit.test_gatekeeper_deep.TestRunChecksParams" name="test_wide_spread_blocks" time="0.008" /><testcase classname="tests.unit.test_gatekeeper_deep.TestRunChecksParams" name="test_acceptable_spread_passes" time="0.009" /><testcase classname="tests.unit.test_gatekeeper_deep.TestRunChecksParams" name="test_multiple_failures_accumulate" time="0.009" /><testcase classname="tests.unit.test_gatekeeper_deep.TestRunChecksParams" name="test_pause_window_short_circuits_other_checks" time="0.008" /><testcase classname="tests.unit.test_gatekeeper_deep.TestGatekeeperEvaluate" name="test_passing_signal_returns_gate_result_passed" time="0.017" /><testcase classname="tests.unit.test_gatekeeper_deep.TestGatekeeperEvaluate" name="test_blocked_signal_returns_gate_result_failed" time="0.012" /><testcase classname="tests.unit.test_gatekeeper_deep.TestGatekeeperEvaluate" name="test_pass_increments_pass_count" time="0.017" /><testcase classname="tests.unit.test_gatekeeper_deep.TestGatekeeperEvaluate" name="test_pass_increments_daily_trades" time="0.016" /><testcase classname="tests.unit.test_gatekeeper_deep.TestGatekeeperEvaluate" name="test_block_increments_block_count" time="0.008" /><testcase classname="tests.unit.test_gatekeeper_deep.TestGatekeeperEvaluate" name="test_kill_switch_does_not_set_pause" time="0.011" /><testcase classname="tests.unit.test_gatekeeper_deep.TestGatekeeperEvaluate" name="test_non_kill_block_sets_pause" time="0.009" /><testcase classname="tests.unit.test_gatekeeper_deep.TestGatekeeperEvaluate" name="test_with_lineage_store_no_error" time="0.011" /><testcase classname="tests.unit.test_gatekeeper_deep.TestGatekeeperEvaluate" name="test_lineage_write_failure_does_not_raise" time="0.015" /><testcase classname="tests.unit.test_gatekeeper_deep.TestGatekeeperHelpers" name="test_update_equity_propagates_to_tracker" time="0.009" /><testcase classname="tests.unit.test_gatekeeper_deep.TestGatekeeperHelpers" name="test_activate_kill_switch" time="0.008" /><testcase classname="tests.unit.test_gatekeeper_deep.TestGatekeeperHelpers" name="test_deactivate_kill_switch" time="0.009" /><testcase classname="tests.unit.test_gatekeeper_deep.TestGatekeeperHelpers" name="test_metrics_keys_present" time="0.011" /><testcase classname="tests.unit.test_gatekeeper_deep.TestGatekeeperHelpers" name="test_metrics_reflects_state" time="0.009" /><testcase classname="tests.unit.test_gatekeeper_deep.TestGatekeeperHelpers" name="test_metrics_paused_true_during_window" time="0.008" /><testcase classname="tests.unit.test_gatekeeper_deep.TestGatekeeperHelpers" name="test_metrics_paused_false_after_window" time="0.009" /><testcase classname="tests.unit.test_gatekeeper_deep.TestGatekeeperOrchestrator" name="test_data_quality_from_orchestrator" time="0.011" /><testcase classname="tests.unit.test_gatekeeper_deep.TestGatekeeperOrchestrator" name="test_data_quality_ok_from_orchestrator" time="0.010" /><testcase classname="tests.unit.test_gatekeeper_deep.TestGatekeeperOrchestrator" name="test_blackout_from_orchestrator" time="0.010" /><testcase classname="tests.unit.test_gatekeeper_deep.TestGatekeeperOrchestrator" name="test_impact_score_from_orchestrator" time="0.010" /><testcase classname="tests.unit.test_gatekeeper_deep.TestGatekeeperOrchestrator" name="test_sentiment_from_orchestrator" time="0.010" /><testcase classname="tests.unit.test_gatekeeper_deep.TestGatekeeperOrchestrator" name="test_orchestrator_exception_falls_back_gracefully" time="0.011" /><testcase classname="tests.unit.test_gatekeeper_deep.TestGatekeeperOrchestrator" name="test_blackout_fallback_to_local_calendar_when_orch_raises" time="0.014" /><testcase classname="tests.unit.test_gatekeeper_deep.TestBreachListener" name="test_equity_update_event_updates_tracker" time="0.010" /><testcase classname="tests.unit.test_gatekeeper_deep.TestBreachListener" name="test_kill_event_sets_kill_active" time="0.010" /><testcase classname="tests.unit.test_gatekeeper_deep.TestGateResult" name="test_passed_default" time="0.007" /><testcase classname="tests.unit.test_gatekeeper_deep.TestGateResult" name="test_blocked_with_reason" time="0.006" /><testcase classname="tests.unit.test_gatekeeper_deep.TestGateResult" name="test_failures_default_is_new_list" time="0.006" /><testcase classname="tests.unit.test_geopolitical_risk.TestEnums" name="test_geopolitical_event_type_values" time="0.006" /><testcase classname="tests.unit.test_geopolitical_risk.TestEnums" name="test_risk_severity_values" time="0.007" /><testcase classname="tests.unit.test_geopolitical_risk.TestEnums" name="test_gold_impact_values" time="0.012" /><testcase classname="tests.unit.test_geopolitical_risk.TestGeopoliticalEvent" name="test_to_dict_keys" time="0.007" /><testcase classname="tests.unit.test_geopolitical_risk.TestGeopoliticalEvent" name="test_to_dict_event_type_is_string" time="0.011" /><testcase classname="tests.unit.test_geopolitical_risk.TestGeopoliticalEvent" name="test_to_dict_severity_is_string" time="0.009" /><testcase classname="tests.unit.test_geopolitical_risk.TestGeopoliticalEvent" name="test_to_dict_gold_impact_is_string" time="0.008" /><testcase classname="tests.unit.test_geopolitical_risk.TestGeopoliticalEvent" name="test_to_dict_timestamp_is_iso_string" time="0.008" /><testcase classname="tests.unit.test_geopolitical_risk.TestGeopoliticalEvent" name="test_default_source" time="0.007" /><testcase classname="tests.unit.test_geopolitical_risk.TestGeopoliticalEvent" name="test_default_confidence" time="0.007" /><testcase classname="tests.unit.test_geopolitical_risk.TestGeopoliticalEvent" name="test_no_gold_impact_serializes_none" time="0.009" /><testcase classname="tests.unit.test_geopolitical_risk.TestCountryRisk" name="test_to_dict_keys" time="0.006" /><testcase classname="tests.unit.test_geopolitical_risk.TestCountryRisk" name="test_to_dict_last_updated_is_iso" time="0.009" /><testcase classname="tests.unit.test_geopolitical_risk.TestCountryRisk" name="test_instability_index_range" time="0.007" /><testcase classname="tests.unit.test_geopolitical_risk.TestGeopoliticalRiskAssessment" name="test_to_dict_keys" time="0.007" /><testcase classname="tests.unit.test_geopolitical_risk.TestGeopoliticalRiskAssessment" name="test_to_dict_gold_outlook_is_string" time="0.007" /><testcase classname="tests.unit.test_geopolitical_risk.TestGeopoliticalRiskAssessment" name="test_to_dict_key_events_is_list" time="0.008" /><testcase classname="tests.unit.test_geopolitical_risk.TestGeopoliticalRiskAssessment" name="test_to_dict_country_risks_is_dict" time="0.007" /><testcase classname="tests.unit.test_geopolitical_risk.TestGeopoliticalRiskProviderInit" name="test_init_defaults" time="0.009" /><testcase classname="tests.unit.test_geopolitical_risk.TestGeopoliticalRiskProviderInit" name="test_init_custom_cache_ttl" time="0.009" /><testcase classname="tests.unit.test_geopolitical_risk.TestGeopoliticalRiskProviderInit" name="test_is_cache_valid_false_when_empty" time="0.008" /><testcase classname="tests.unit.test_geopolitical_risk.TestGeopoliticalRiskProviderInit" name="test_is_cache_valid_true_after_population" time="0.010" /><testcase classname="tests.unit.test_geopolitical_risk.TestGeopoliticalRiskProviderInit" name="test_get_current_events_returns_empty_in_ci" time="0.012" /><testcase classname="tests.unit.test_geopolitical_risk.TestGeopoliticalRiskProviderInit" name="test_get_current_events_uses_cache" time="0.011" /><testcase classname="tests.unit.test_geopolitical_risk.TestAssessGoldImpact" name="test_conflict_critical_is_strongly_bullish" time="0.007" /><testcase classname="tests.unit.test_geopolitical_risk.TestAssessGoldImpact" name="test_info_event_is_neutral" time="0.010" /><testcase classname="tests.unit.test_geopolitical_risk.TestAssessGoldImpact" name="test_gold_sensitive_region_increases_impact" time="0.011" /><testcase classname="tests.unit.test_geopolitical_risk.TestCalculateRiskScore" name="test_critical_event_high_score" time="0.009" /><testcase classname="tests.unit.test_geopolitical_risk.TestCalculateRiskScore" name="test_info_event_low_score" time="0.010" /><testcase classname="tests.unit.test_geopolitical_risk.TestCalculateRiskScore" name="test_score_in_valid_range" time="0.010" /><testcase classname="tests.unit.test_geopolitical_risk.TestGetRiskAssessment" name="test_returns_assessment_object" time="0.012" /><testcase classname="tests.unit.test_geopolitical_risk.TestGetRiskAssessment" name="test_global_risk_score_in_range" time="0.011" /><testcase classname="tests.unit.test_geopolitical_risk.TestGetRiskAssessment" name="test_gold_outlook_is_gold_impact" time="0.010" /><testcase classname="tests.unit.test_geopolitical_risk.TestGetRiskAssessment" name="test_trading_recommendations_is_list" time="0.009" /><testcase classname="tests.unit.test_geopolitical_risk.TestGetGoldTradingSignal" name="test_returns_dict" time="0.009" /><testcase classname="tests.unit.test_geopolitical_risk.TestGetGoldTradingSignal" name="test_required_keys" time="0.011" /><testcase classname="tests.unit.test_geopolitical_risk.TestGetGoldTradingSignal" name="test_symbol_is_xauusd" time="0.009" /><testcase classname="tests.unit.test_geopolitical_risk.TestGetGoldTradingSignal" name="test_direction_valid_value" time="0.010" /><testcase classname="tests.unit.test_geopolitical_risk.TestGetGoldTradingSignal" name="test_strength_in_range" time="0.012" /><testcase classname="tests.unit.test_geopolitical_risk.TestGetGoldTradingSignal" name="test_confidence_in_range" time="0.011" /><testcase classname="tests.unit.test_geopolitical_risk.TestGetGoldTradingSignal" name="test_strongly_bullish_maps_to_buy" time="0.010" /><testcase classname="tests.unit.test_geopolitical_risk.TestGetGoldTradingSignal" name="test_strongly_bearish_maps_to_sell" time="0.011" /><testcase classname="tests.unit.test_geopolitical_warn_once.TestWarnOnce" name="test_all_sources_warned_once" time="0.024" /><testcase classname="tests.unit.test_geopolitical_warn_once.TestWarnOnce" name="test_all_sources_warned_flag_set" time="0.022" /><testcase classname="tests.unit.test_geopolitical_warn_once.TestParseGeoJSON" name="test_returns_list_type" time="0.010" /><testcase classname="tests.unit.test_geopolitical_warn_once.TestParseGeoJSON" name="test_empty_features_returns_empty_list" time="0.012" /><testcase classname="tests.unit.test_geopolitical_warn_once.TestParseGeoJSON" name="test_valid_feature_parsed" time="0.010" /><testcase classname="tests.unit.test_geopolitical_warn_once.TestParseGeoJSON" name="test_malformed_feature_skipped" time="0.011" /><testcase classname="tests.unit.test_geopolitical_warn_once.TestFallbackChain" name="test_gdelt_fallback_used_when_wm_unavailable" time="0.020" /><testcase classname="tests.unit.test_geopolitical_warn_once.TestFallbackChain" name="test_acled_fallback_used_when_gdelt_fails" time="0.021" /><testcase classname="tests.unit.test_geopolitical_warn_once.TestFallbackChain" name="test_reliefweb_fallback_used_when_acled_fails" time="0.019" /><testcase classname="tests.unit.test_geopolitical_warn_once.TestFallbackChain" name="test_stale_cache_served_when_all_fail" time="0.019" /><testcase classname="tests.unit.test_geopolitical_warn_once.TestFallbackChain" name="test_production_logs_critical_when_all_fail_and_cache_empty" time="0.031"><failure message="AssertionError: Expected empty list when all sources fail in production&#10;assert [GeopoliticalEvent(event_type=&lt;GeopoliticalEventType.CONFLICT: 'conflict'&gt;, severity=&lt;RiskSeverity.CRITICAL: 'critical'&gt;, title='Russia–Ukraine war: ongoing large-scale armed conflict', description='Full-scale Russian invasion of Ukraine continues with sustained artillery exchanges, drone strikes on civilian infrastructure, and contested front lines across eastern and southern Ukraine. NATO weapons deliveries and sanctions maintain elevated systemic risk.', region='Eastern Europe', countries=['Ukraine', 'Russia'], coordinates=(49.0, 32.0), timestamp=datetime.datetime(2026, 5, 16, 21, 12, 7, 595990, tzinfo=datetime.timezone.utc), source='static_fallback', confidence=1.0, gold_impact=&lt;GoldImpact.STRONGLY_BULLISH: 'strongly_bullish'&gt;, affected_currencies=['UAH', 'RUB', 'EUR'], risk_score=85.0), GeopoliticalEvent(event_type=&lt;GeopoliticalEventType.CONFLICT: 'conflict'&gt;, severity=&lt;RiskSeverity.CRITICAL: 'critical'&gt;, title='Israel–Gaza conflict: continued military operations', description='Israeli military operations in Gaza continue following the October 2023 Hamas attacks. Regional escalation risk persists with Hezbollah exchanges on the Lebanon border and Houthi missile/drone attacks on Red Sea shipping.', region='Middle East', countries=['Israel', 'Palestinian Territories', 'Lebanon', 'Yemen'], coordinates=(31.5, 34.5), timestamp=datetime.datetime(2026, 5, 16, 21, 12, 7, 595990, tzinfo=datetime.timezone.utc), source='static_fallback', confidence=1.0, gold_impact=&lt;GoldImpact.STRONGLY_BULLISH: 'strongly_bullish'&gt;, affected_currencies=['ILS', 'USD'], risk_score=82.0), GeopoliticalEvent(event_type=&lt;GeopoliticalEventType.MILITARY_ACTIVITY: 'military_activity'&gt;, severity=&lt;RiskSeverity.HIGH: 'high'&gt;, title='Houthi Red Sea attacks: global shipping disruption', description=&quot;Yemen's Houthi forces continue attacking commercial vessels in the Red Sea and Gulf of Aden. Major shipping lines have rerouted around the Cape of Good Hope, driving up energy and commodity transport costs.&quot;, region='Middle East', countries=['Yemen', 'Saudi Arabia'], coordinates=(15.0, 42.0), timestamp=datetime.datetime(2026, 5, 16, 21, 12, 7, 595990, tzinfo=datetime.timezone.utc), source='static_fallback', confidence=0.95, gold_impact=&lt;GoldImpact.BULLISH: 'bullish'&gt;, affected_currencies=['USD', 'SAR'], risk_score=72.0), GeopoliticalEvent(event_type=&lt;GeopoliticalEventType.HOTSPOT: 'hotspot'&gt;, severity=&lt;RiskSeverity.HIGH: 'high'&gt;, title='Taiwan Strait tensions: PLA military exercises and US naval presence', description='Elevated military activity in the Taiwan Strait with regular PLA Air Force and Navy exercises. US carrier strike groups conduct freedom-of-navigation patrols. Risk of miscalculation remains a persistent systemic concern for global supply chains and semiconductor markets.', region='Asia Pacific', countries=['China', 'Taiwan', 'United States'], coordinates=(24.0, 121.0), timestamp=datetime.datetime(2026, 5, 16, 21, 12, 7, 595990, tzinfo=datetime.timezone.utc), source='static_fallback', confidence=0.9, gold_impact=&lt;GoldImpact.BULLISH: 'bullish'&gt;, affected_currencies=['CNY', 'TWD', 'USD'], risk_score=65.0), GeopoliticalEvent(event_type=&lt;GeopoliticalEventType.HOTSPOT: 'hotspot'&gt;, severity=&lt;RiskSeverity.HIGH: 'high'&gt;, title='Iran nuclear programme and regional proxy network', description='Iran continues uranium enrichment beyond JCPOA limits. Iranian-backed proxy forces (Hezbollah, Houthi, Iraqi PMF) remain active across the region. Risk of direct US/Israel–Iran confrontation keeps oil and safe-haven assets elevated.', region='Middle East', countries=['Iran', 'Israel', 'United States'], coordinates=(32.0, 53.0), timestamp=datetime.datetime(2026, 5, 16, 21, 12, 7, 595990, tzinfo=datetime.timezone.utc), source='static_fallback', confidence=0.9, gold_impact=&lt;GoldImpact.BULLISH: 'bullish'&gt;, affected_currencies=['IRR', 'USD'], risk_score=68.0), GeopoliticalEvent(event_type=&lt;GeopoliticalEventType.CONFLICT: 'conflict'&gt;, severity=&lt;RiskSeverity.HIGH: 'high'&gt;, title='Sudan civil war: SAF vs RSF armed conflict', description=&quot;Fighting between the Sudanese Armed Forces (SAF) and the Rapid Support Forces (RSF) has displaced over 8 million people and caused one of the world's worst humanitarian crises. Khartoum and Darfur regions remain active conflict zones.&quot;, region='Africa', countries=['Sudan'], coordinates=(15.5, 32.5), timestamp=datetime.datetime(2026, 5, 16, 21, 12, 7, 595990, tzinfo=datetime.timezone.utc), source='static_fallback', confidence=0.95, gold_impact=&lt;GoldImpact.NEUTRAL: 'neutral'&gt;, affected_currencies=['SDG'], risk_score=60.0), GeopoliticalEvent(event_type=&lt;GeopoliticalEventType.MILITARY_ACTIVITY: 'military_activity'&gt;, severity=&lt;RiskSeverity.MEDIUM: 'medium'&gt;, title='North Korea: ballistic missile tests and nuclear posture', description='North Korea continues ICBM and SLBM test launches. Military cooperation with Russia (ammunition, personnel) has intensified since 2024. The Korean Peninsula remains a chronic systemic risk contributing to safe-haven gold demand.', region='Asia Pacific', countries=['North Korea', 'South Korea', 'Japan'], coordinates=(40.0, 127.0), timestamp=datetime.datetime(2026, 5, 16, 21, 12, 7, 595990, tzinfo=datetime.timezone.utc), source='static_fallback', confidence=0.9, gold_impact=&lt;GoldImpact.BULLISH: 'bullish'&gt;, affected_currencies=['KRW', 'JPY'], risk_score=55.0), GeopoliticalEvent(event_type=&lt;GeopoliticalEventType.SANCTIONS: 'sanctions'&gt;, severity=&lt;RiskSeverity.HIGH: 'high'&gt;, title='G7/EU sanctions on Russia: energy, finance, and technology', description='Comprehensive Western sanctions on Russia cover energy exports, banking, technology transfers, and luxury goods. Russia has redirected energy flows to Asia. Sanctions risk of secondary enforcement on third-country entities continues to affect global trade flows.', region='Global', countries=['Russia', 'United States', 'Germany', 'United Kingdom'], coordinates=(55.0, 37.0), timestamp=datetime.datetime(2026, 5, 16, 21, 12, 7, 595990, tzinfo=datetime.timezone.utc), source='static_fallback', confidence=1.0, gold_impact=&lt;GoldImpact.BULLISH: 'bullish'&gt;, affected_currencies=['RUB', 'EUR', 'USD'], risk_score=62.0), GeopoliticalEvent(event_type=&lt;GeopoliticalEventType.ECONOMIC_CRISIS: 'economic_crisis'&gt;, severity=&lt;RiskSeverity.MEDIUM: 'medium'&gt;, title='Central bank de-dollarisation: record gold reserve purchases', description='Emerging-market central banks (China PBoC, India RBI, Turkey, Poland, Saudi Arabia) continue record gold purchases to reduce USD dependency. Global gold demand from official sector exceeded 1 000 tonnes in 2024 for the third consecutive year, providing structural price support.', region='Global', countries=['China', 'India', 'Turkey', 'Russia', 'Saudi Arabia'], coordinates=(0.0, 0.0), timestamp=datetime.datetime(2026, 5, 16, 21, 12, 7, 595990, tzinfo=datetime.timezone.utc), source='static_fallback', confidence=0.95, gold_impact=&lt;GoldImpact.STRONGLY_BULLISH: 'strongly_bullish'&gt;, affected_currencies=['USD', 'CNY', 'INR'], risk_score=58.0)] == []&#10;  &#10;  Left contains 9 more items, first extra item: GeopoliticalEvent(event_type=&lt;GeopoliticalEventType.CONFLICT: 'conflict'&gt;, severity=&lt;RiskSeverity.CRITICAL: 'critical'...d_impact=&lt;GoldImpact.STRONGLY_BULLISH: 'strongly_bullish'&gt;, affected_currencies=['UAH', 'RUB', 'EUR'], risk_score=85.0)&#10;  &#10;  Full diff:&#10;  - []&#10;  + [&#10;  +     GeopoliticalEvent(&#10;  +         event_type=&lt;GeopoliticalEventType.CONFLICT: 'conflict'&gt;,&#10;  +         severity=&lt;RiskSeverity.CRITICAL: 'critical'&gt;,&#10;  +         title='Russia–Ukraine war: ongoing large-scale armed conflict',&#10;  +         description='Full-scale Russian invasion of Ukraine continues with '&#10;  +                     'sustained artillery exchanges, drone strikes on civilian '&#10;  +                     'infrastructure, and contested front lines across eastern '&#10;  +                     'and southern Ukraine. NATO weapons deliveries and '&#10;  +                     'sanctions maintain elevated systemic risk.',&#10;  +         region='Eastern Europe',&#10;  +         countries=[&#10;  +                       'Ukraine',&#10;  +                       'Russia',&#10;  +                   ],&#10;  +         coordinates=(&#10;  +                         49.0,&#10;  +                         32.0,&#10;  +                     ),&#10;  +         timestamp=datetime.datetime(2026, 5, 16, 21, 12, 7, 595990, tzinfo=datetime.timezone.utc),&#10;  +         source='static_fallback',&#10;  +         confidence=1.0,&#10;  +         gold_impact=&lt;GoldImpact.STRONGLY_BULLISH: 'strongly_bullish'&gt;,&#10;  +         affected_currencies=[&#10;  +                                 'UAH',&#10;  +                                 'RUB',&#10;  +                                 'EUR',&#10;  +                             ],&#10;  +         risk_score=85.0,&#10;  +     ),&#10;  +     GeopoliticalEvent(&#10;  +         event_type=&lt;GeopoliticalEventType.CONFLICT: 'conflict'&gt;,&#10;  +         severity=&lt;RiskSeverity.CRITICAL: 'critical'&gt;,&#10;  +         title='Israel–Gaza conflict: continued military operations',&#10;  +         description='Israeli military operations in Gaza continue following '&#10;  +                     'the October 2023 Hamas attacks. Regional escalation risk '&#10;  +                     'persists with Hezbollah exchanges on the Lebanon border '&#10;  +                     'and Houthi missile/drone attacks on Red Sea shipping.',&#10;  +         region='Middle East',&#10;  +         countries=[&#10;  +                       'Israel',&#10;  +                       'Palestinian Territories',&#10;  +                       'Lebanon',&#10;  +                       'Yemen',&#10;  +                   ],&#10;  +         coordinates=(&#10;  +                         31.5,&#10;  +                         34.5,&#10;  +                     ),&#10;  +         timestamp=datetime.datetime(2026, 5, 16, 21, 12, 7, 595990, tzinfo=datetime.timezone.utc),&#10;  +         source='static_fallback',&#10;  +         confidence=1.0,&#10;  +         gold_impact=&lt;GoldImpact.STRONGLY_BULLISH: 'strongly_bullish'&gt;,&#10;  +         affected_currencies=[&#10;  +                                 'ILS',&#10;  +                                 'USD',&#10;  +                             ],&#10;  +         risk_score=82.0,&#10;  +     ),&#10;  +     GeopoliticalEvent(&#10;  +         event_type=&lt;GeopoliticalEventType.MILITARY_ACTIVITY: 'military_activity'&gt;,&#10;  +         severity=&lt;RiskSeverity.HIGH: 'high'&gt;,&#10;  +         title='Houthi Red Sea attacks: global shipping disruption',&#10;  +         description=&quot;Yemen's Houthi forces continue attacking commercial &quot;&#10;  +                     'vessels in the Red Sea and Gulf of Aden. Major shipping '&#10;  +                     'lines have rerouted around the Cape of Good Hope, driving '&#10;  +                     'up energy and commodity transport costs.',&#10;  +         region='Middle East',&#10;  +         countries=[&#10;  +                       'Yemen',&#10;  +                       'Saudi Arabia',&#10;  +                   ],&#10;  +         coordinates=(&#10;  +                         15.0,&#10;  +                         42.0,&#10;  +                     ),&#10;  +         timestamp=datetime.datetime(2026, 5, 16, 21, 12, 7, 595990, tzinfo=datetime.timezone.utc),&#10;  +         source='static_fallback',&#10;  +         confidence=0.95,&#10;  +         gold_impact=&lt;GoldImpact.BULLISH: 'bullish'&gt;,&#10;  +         affected_currencies=[&#10;  +                                 'USD',&#10;  +                                 'SAR',&#10;  +                             ],&#10;  +         risk_score=72.0,&#10;  +     ),&#10;  +     GeopoliticalEvent(&#10;  +         event_type=&lt;GeopoliticalEventType.HOTSPOT: 'hotspot'&gt;,&#10;  +         severity=&lt;RiskSeverity.HIGH: 'high'&gt;,&#10;  +         title='Taiwan Strait tensions: PLA military exercises and US naval '&#10;  +               'presence',&#10;  +         description='Elevated military activity in the Taiwan Strait with '&#10;  +                     'regular PLA Air Force and Navy exercises. US carrier '&#10;  +                     'strike groups conduct freedom-of-navigation patrols. Risk '&#10;  +                     'of miscalculation remains a persistent systemic concern '&#10;  +                     'for global supply chains and semiconductor markets.',&#10;  +         region='Asia Pacific',&#10;  +         countries=[&#10;  +                       'China',&#10;  +                       'Taiwan',&#10;  +                       'United States',&#10;  +                   ],&#10;  +         coordinates=(&#10;  +                         24.0,&#10;  +                         121.0,&#10;  +                     ),&#10;  +         timestamp=datetime.datetime(2026, 5, 16, 21, 12, 7, 595990, tzinfo=datetime.timezone.utc),&#10;  +         source='static_fallback',&#10;  +         confidence=0.9,&#10;  +         gold_impact=&lt;GoldImpact.BULLISH: 'bullish'&gt;,&#10;  +         affected_currencies=[&#10;  +                                 'CNY',&#10;  +                                 'TWD',&#10;  +                                 'USD',&#10;  +                             ],&#10;  +         risk_score=65.0,&#10;  +     ),&#10;  +     GeopoliticalEvent(&#10;  +         event_type=&lt;GeopoliticalEventType.HOTSPOT: 'hotspot'&gt;,&#10;  +         severity=&lt;RiskSeverity.HIGH: 'high'&gt;,&#10;  +         title='Iran nuclear programme and regional proxy network',&#10;  +         description='Iran continues uranium enrichment beyond JCPOA limits. '&#10;  +                     'Iranian-backed proxy forces (Hezbollah, Houthi, Iraqi '&#10;  +                     'PMF) remain active across the region. Risk of direct '&#10;  +                     'US/Israel–Iran confrontation keeps oil and safe-haven '&#10;  +                     'assets elevated.',&#10;  +         region='Middle East',&#10;  +         countries=[&#10;  +                       'Iran',&#10;  +                       'Israel',&#10;  +                       'United States',&#10;  +                   ],&#10;  +         coordinates=(&#10;  +                         32.0,&#10;  +                         53.0,&#10;  +                     ),&#10;  +         timestamp=datetime.datetime(2026, 5, 16, 21, 12, 7, 595990, tzinfo=datetime.timezone.utc),&#10;  +         source='static_fallback',&#10;  +         confidence=0.9,&#10;  +         gold_impact=&lt;GoldImpact.BULLISH: 'bullish'&gt;,&#10;  +         affected_currencies=[&#10;  +                                 'IRR',&#10;  +                                 'USD',&#10;  +                             ],&#10;  +         risk_score=68.0,&#10;  +     ),&#10;  +     GeopoliticalEvent(&#10;  +         event_type=&lt;GeopoliticalEventType.CONFLICT: 'conflict'&gt;,&#10;  +         severity=&lt;RiskSeverity.HIGH: 'high'&gt;,&#10;  +         title='Sudan civil war: SAF vs RSF armed conflict',&#10;  +         description='Fighting between the Sudanese Armed Forces (SAF) and the '&#10;  +                     'Rapid Support Forces (RSF) has displaced over 8 million '&#10;  +                     &quot;people and caused one of the world's worst humanitarian &quot;&#10;  +                     'crises. Khartoum and Darfur regions remain active '&#10;  +                     'conflict zones.',&#10;  +         region='Africa',&#10;  +         countries=[&#10;  +                       'Sudan',&#10;  +                   ],&#10;  +         coordinates=(&#10;  +                         15.5,&#10;  +                         32.5,&#10;  +                     ),&#10;  +         timestamp=datetime.datetime(2026, 5, 16, 21, 12, 7, 595990, tzinfo=datetime.timezone.utc),&#10;  +         source='static_fallback',&#10;  +         confidence=0.95,&#10;  +         gold_impact=&lt;GoldImpact.NEUTRAL: 'neutral'&gt;,&#10;  +         affected_currencies=[&#10;  +                                 'SDG',&#10;  +                             ],&#10;  +         risk_score=60.0,&#10;  +     ),&#10;  +     GeopoliticalEvent(&#10;  +         event_type=&lt;GeopoliticalEventType.MILITARY_ACTIVITY: 'military_activity'&gt;,&#10;  +         severity=&lt;RiskSeverity.MEDIUM: 'medium'&gt;,&#10;  +         title='North Korea: ballistic missile tests and nuclear posture',&#10;  +         description='North Korea continues ICBM and SLBM test launches. '&#10;  +                     'Military cooperation with Russia (ammunition, personnel) '&#10;  +                     'has intensified since 2024. The Korean Peninsula remains '&#10;  +                     'a chronic systemic risk contributing to safe-haven gold '&#10;  +                     'demand.',&#10;  +         region='Asia Pacific',&#10;  +         countries=[&#10;  +                       'North Korea',&#10;  +                       'South Korea',&#10;  +                       'Japan',&#10;  +                   ],&#10;  +         coordinates=(&#10;  +                         40.0,&#10;  +                         127.0,&#10;  +                     ),&#10;  +         timestamp=datetime.datetime(2026, 5, 16, 21, 12, 7, 595990, tzinfo=datetime.timezone.utc),&#10;  +         source='static_fallback',&#10;  +         confidence=0.9,&#10;  +         gold_impact=&lt;GoldImpact.BULLISH: 'bullish'&gt;,&#10;  +         affected_currencies=[&#10;  +                                 'KRW',&#10;  +                                 'JPY',&#10;  +                             ],&#10;  +         risk_score=55.0,&#10;  +     ),&#10;  +     GeopoliticalEvent(&#10;  +         event_type=&lt;GeopoliticalEventType.SANCTIONS: 'sanctions'&gt;,&#10;  +         severity=&lt;RiskSeverity.HIGH: 'high'&gt;,&#10;  +         title='G7/EU sanctions on Russia: energy, finance, and technology',&#10;  +         description='Comprehensive Western sanctions on Russia cover energy '&#10;  +                     'exports, banking, technology transfers, and luxury goods. '&#10;  +                     'Russia has redirected energy flows to Asia. Sanctions '&#10;  +                     'risk of secondary enforcement on third-country entities '&#10;  +                     'continues to affect global trade flows.',&#10;  +         region='Global',&#10;  +         countries=[&#10;  +                       'Russia',&#10;  +                       'United States',&#10;  +                       'Germany',&#10;  +                       'United Kingdom',&#10;  +                   ],&#10;  +         coordinates=(&#10;  +                         55.0,&#10;  +                         37.0,&#10;  +                     ),&#10;  +         timestamp=datetime.datetime(2026, 5, 16, 21, 12, 7, 595990, tzinfo=datetime.timezone.utc),&#10;  +         source='static_fallback',&#10;  +         confidence=1.0,&#10;  +         gold_impact=&lt;GoldImpact.BULLISH: 'bullish'&gt;,&#10;  +         affected_currencies=[&#10;  +                                 'RUB',&#10;  +                                 'EUR',&#10;  +                                 'USD',&#10;  +                             ],&#10;  +         risk_score=62.0,&#10;  +     ),&#10;  +     GeopoliticalEvent(&#10;  +         event_type=&lt;GeopoliticalEventType.ECONOMIC_CRISIS: 'economic_crisis'&gt;,&#10;  +         severity=&lt;RiskSeverity.MEDIUM: 'medium'&gt;,&#10;  +         title='Central bank de-dollarisation: record gold reserve purchases',&#10;  +         description='Emerging-market central banks (China PBoC, India RBI, '&#10;  +                     'Turkey, Poland, Saudi Arabia) continue record gold '&#10;  +                     'purchases to reduce USD dependency. Global gold demand '&#10;  +                     'from official sector exceeded 1 000 tonnes in 2024 for '&#10;  +                     'the third consecutive year, providing structural price '&#10;  +                     'support.',&#10;  +         region='Global',&#10;  +         countries=[&#10;  +                       'China',&#10;  +                       'India',&#10;  +                       'Turkey',&#10;  +                       'Russia',&#10;  +                       'Saudi Arabia',&#10;  +                   ],&#10;  +         coordinates=(&#10;  +                         0.0,&#10;  +                         0.0,&#10;  +                     ),&#10;  +         timestamp=datetime.datetime(2026, 5, 16, 21, 12, 7, 595990, tzinfo=datetime.timezone.utc),&#10;  +         source='static_fallback',&#10;  +         confidence=0.95,&#10;  +         gold_impact=&lt;GoldImpact.STRONGLY_BULLISH: 'strongly_bullish'&gt;,&#10;  +         affected_currencies=[&#10;  +                                 'USD',&#10;  +                                 'CNY',&#10;  +                                 'INR',&#10;  +                             ],&#10;  +         risk_score=58.0,&#10;  +     ),&#10;  + ]">self = &lt;tests.unit.test_geopolitical_warn_once.TestFallbackChain object at 0x7f8821d921d0&gt;

    @pytest.mark.asyncio
    async def test_production_logs_critical_when_all_fail_and_cache_empty(self):
        """In production, CRITICAL is logged and [] is returned when all sources fail.

        RuntimeError is no longer raised — doing so in an async poll task silently
        kills the task. The system logs at CRITICAL level and returns [] so callers
        can continue operating.
        """
        provider = _make_provider()
        provider._cache = {}

        import logging

        with (
            patch.object(provider, "_fetch_from_worldmonitor", new=AsyncMock(return_value=[])),
            patch.object(provider, "_fetch_events_from_gdelt", new=AsyncMock(return_value=[])),
            patch.object(provider, "_fetch_events_from_acled", new=AsyncMock(return_value=[])),
            patch.object(provider, "_fetch_events_from_reliefweb", new=AsyncMock(return_value=[])),
            patch.dict("os.environ", {"APP_ENV": "production"}, clear=False),
            patch.object(logging.getLogger("news.geopolitical_risk"), "critical") as mock_critical,
        ):
            result = await provider._fetch_events_from_source()

&gt;       assert result == [], "Expected empty list when all sources fail in production"
E       AssertionError: Expected empty list when all sources fail in production
E       assert [GeopoliticalEvent(event_type=&lt;GeopoliticalEventType.CONFLICT: 'conflict'&gt;, severity=&lt;RiskSeverity.CRITICAL: 'critical'&gt;, title='Russia–Ukraine war: ongoing large-scale armed conflict', description='Full-scale Russian invasion of Ukraine continues with sustained artillery exchanges, drone strikes on civilian infrastructure, and contested front lines across eastern and southern Ukraine. NATO weapons deliveries and sanctions maintain elevated systemic risk.', region='Eastern Europe', countries=['Ukraine', 'Russia'], coordinates=(49.0, 32.0), timestamp=datetime.datetime(2026, 5, 16, 21, 12, 7, 595990, tzinfo=datetime.timezone.utc), source='static_fallback', confidence=1.0, gold_impact=&lt;GoldImpact.STRONGLY_BULLISH: 'strongly_bullish'&gt;, affected_currencies=['UAH', 'RUB', 'EUR'], risk_score=85.0), GeopoliticalEvent(event_type=&lt;GeopoliticalEventType.CONFLICT: 'conflict'&gt;, severity=&lt;RiskSeverity.CRITICAL: 'critical'&gt;, title='Israel–Gaza conflict: continued military operations', description='Israeli military operations in Gaza continue following the October 2023 Hamas attacks. Regional escalation risk persists with Hezbollah exchanges on the Lebanon border and Houthi missile/drone attacks on Red Sea shipping.', region='Middle East', countries=['Israel', 'Palestinian Territories', 'Lebanon', 'Yemen'], coordinates=(31.5, 34.5), timestamp=datetime.datetime(2026, 5, 16, 21, 12, 7, 595990, tzinfo=datetime.timezone.utc), source='static_fallback', confidence=1.0, gold_impact=&lt;GoldImpact.STRONGLY_BULLISH: 'strongly_bullish'&gt;, affected_currencies=['ILS', 'USD'], risk_score=82.0), GeopoliticalEvent(event_type=&lt;GeopoliticalEventType.MILITARY_ACTIVITY: 'military_activity'&gt;, severity=&lt;RiskSeverity.HIGH: 'high'&gt;, title='Houthi Red Sea attacks: global shipping disruption', description="Yemen's Houthi forces continue attacking commercial vessels in the Red Sea and Gulf of Aden. Major shipping lines have rerouted around the Cape of Good Hope, driving up energy and commodity transport costs.", region='Middle East', countries=['Yemen', 'Saudi Arabia'], coordinates=(15.0, 42.0), timestamp=datetime.datetime(2026, 5, 16, 21, 12, 7, 595990, tzinfo=datetime.timezone.utc), source='static_fallback', confidence=0.95, gold_impact=&lt;GoldImpact.BULLISH: 'bullish'&gt;, affected_currencies=['USD', 'SAR'], risk_score=72.0), GeopoliticalEvent(event_type=&lt;GeopoliticalEventType.HOTSPOT: 'hotspot'&gt;, severity=&lt;RiskSeverity.HIGH: 'high'&gt;, title='Taiwan Strait tensions: PLA military exercises and US naval presence', description='Elevated military activity in the Taiwan Strait with regular PLA Air Force and Navy exercises. US carrier strike groups conduct freedom-of-navigation patrols. Risk of miscalculation remains a persistent systemic concern for global supply chains and semiconductor markets.', region='Asia Pacific', countries=['China', 'Taiwan', 'United States'], coordinates=(24.0, 121.0), timestamp=datetime.datetime(2026, 5, 16, 21, 12, 7, 595990, tzinfo=datetime.timezone.utc), source='static_fallback', confidence=0.9, gold_impact=&lt;GoldImpact.BULLISH: 'bullish'&gt;, affected_currencies=['CNY', 'TWD', 'USD'], risk_score=65.0), GeopoliticalEvent(event_type=&lt;GeopoliticalEventType.HOTSPOT: 'hotspot'&gt;, severity=&lt;RiskSeverity.HIGH: 'high'&gt;, title='Iran nuclear programme and regional proxy network', description='Iran continues uranium enrichment beyond JCPOA limits. Iranian-backed proxy forces (Hezbollah, Houthi, Iraqi PMF) remain active across the region. Risk of direct US/Israel–Iran confrontation keeps oil and safe-haven assets elevated.', region='Middle East', countries=['Iran', 'Israel', 'United States'], coordinates=(32.0, 53.0), timestamp=datetime.datetime(2026, 5, 16, 21, 12, 7, 595990, tzinfo=datetime.timezone.utc), source='static_fallback', confidence=0.9, gold_impact=&lt;GoldImpact.BULLISH: 'bullish'&gt;, affected_currencies=['IRR', 'USD'], risk_score=68.0), GeopoliticalEvent(event_type=&lt;GeopoliticalEventType.CONFLICT: 'conflict'&gt;, severity=&lt;RiskSeverity.HIGH: 'high'&gt;, title='Sudan civil war: SAF vs RSF armed conflict', description="Fighting between the Sudanese Armed Forces (SAF) and the Rapid Support Forces (RSF) has displaced over 8 million people and caused one of the world's worst humanitarian crises. Khartoum and Darfur regions remain active conflict zones.", region='Africa', countries=['Sudan'], coordinates=(15.5, 32.5), timestamp=datetime.datetime(2026, 5, 16, 21, 12, 7, 595990, tzinfo=datetime.timezone.utc), source='static_fallback', confidence=0.95, gold_impact=&lt;GoldImpact.NEUTRAL: 'neutral'&gt;, affected_currencies=['SDG'], risk_score=60.0), GeopoliticalEvent(event_type=&lt;GeopoliticalEventType.MILITARY_ACTIVITY: 'military_activity'&gt;, severity=&lt;RiskSeverity.MEDIUM: 'medium'&gt;, title='North Korea: ballistic missile tests and nuclear posture', description='North Korea continues ICBM and SLBM test launches. Military cooperation with Russia (ammunition, personnel) has intensified since 2024. The Korean Peninsula remains a chronic systemic risk contributing to safe-haven gold demand.', region='Asia Pacific', countries=['North Korea', 'South Korea', 'Japan'], coordinates=(40.0, 127.0), timestamp=datetime.datetime(2026, 5, 16, 21, 12, 7, 595990, tzinfo=datetime.timezone.utc), source='static_fallback', confidence=0.9, gold_impact=&lt;GoldImpact.BULLISH: 'bullish'&gt;, affected_currencies=['KRW', 'JPY'], risk_score=55.0), GeopoliticalEvent(event_type=&lt;GeopoliticalEventType.SANCTIONS: 'sanctions'&gt;, severity=&lt;RiskSeverity.HIGH: 'high'&gt;, title='G7/EU sanctions on Russia: energy, finance, and technology', description='Comprehensive Western sanctions on Russia cover energy exports, banking, technology transfers, and luxury goods. Russia has redirected energy flows to Asia. Sanctions risk of secondary enforcement on third-country entities continues to affect global trade flows.', region='Global', countries=['Russia', 'United States', 'Germany', 'United Kingdom'], coordinates=(55.0, 37.0), timestamp=datetime.datetime(2026, 5, 16, 21, 12, 7, 595990, tzinfo=datetime.timezone.utc), source='static_fallback', confidence=1.0, gold_impact=&lt;GoldImpact.BULLISH: 'bullish'&gt;, affected_currencies=['RUB', 'EUR', 'USD'], risk_score=62.0), GeopoliticalEvent(event_type=&lt;GeopoliticalEventType.ECONOMIC_CRISIS: 'economic_crisis'&gt;, severity=&lt;RiskSeverity.MEDIUM: 'medium'&gt;, title='Central bank de-dollarisation: record gold reserve purchases', description='Emerging-market central banks (China PBoC, India RBI, Turkey, Poland, Saudi Arabia) continue record gold purchases to reduce USD dependency. Global gold demand from official sector exceeded 1 000 tonnes in 2024 for the third consecutive year, providing structural price support.', region='Global', countries=['China', 'India', 'Turkey', 'Russia', 'Saudi Arabia'], coordinates=(0.0, 0.0), timestamp=datetime.datetime(2026, 5, 16, 21, 12, 7, 595990, tzinfo=datetime.timezone.utc), source='static_fallback', confidence=0.95, gold_impact=&lt;GoldImpact.STRONGLY_BULLISH: 'strongly_bullish'&gt;, affected_currencies=['USD', 'CNY', 'INR'], risk_score=58.0)] == []
E
E         Left contains 9 more items, first extra item: GeopoliticalEvent(event_type=&lt;GeopoliticalEventType.CONFLICT: 'conflict'&gt;, severity=&lt;RiskSeverity.CRITICAL: 'critical'...d_impact=&lt;GoldImpact.STRONGLY_BULLISH: 'strongly_bullish'&gt;, affected_currencies=['UAH', 'RUB', 'EUR'], risk_score=85.0)
E
E         Full diff:
E         - []
E         + [
E         +     GeopoliticalEvent(
E         +         event_type=&lt;GeopoliticalEventType.CONFLICT: 'conflict'&gt;,
E         +         severity=&lt;RiskSeverity.CRITICAL: 'critical'&gt;,
E         +         title='Russia–Ukraine war: ongoing large-scale armed conflict',
E         +         description='Full-scale Russian invasion of Ukraine continues with '
E         +                     'sustained artillery exchanges, drone strikes on civilian '
E         +                     'infrastructure, and contested front lines across eastern '
E         +                     'and southern Ukraine. NATO weapons deliveries and '
E         +                     'sanctions maintain elevated systemic risk.',
E         +         region='Eastern Europe',
E         +         countries=[
E         +                       'Ukraine',
E         +                       'Russia',
E         +                   ],
E         +         coordinates=(
E         +                         49.0,
E         +                         32.0,
E         +                     ),
E         +         timestamp=datetime.datetime(2026, 5, 16, 21, 12, 7, 595990, tzinfo=datetime.timezone.utc),
E         +         source='static_fallback',
E         +         confidence=1.0,
E         +         gold_impact=&lt;GoldImpact.STRONGLY_BULLISH: 'strongly_bullish'&gt;,
E         +         affected_currencies=[
E         +                                 'UAH',
E         +                                 'RUB',
E         +                                 'EUR',
E         +                             ],
E         +         risk_score=85.0,
E         +     ),
E         +     GeopoliticalEvent(
E         +         event_type=&lt;GeopoliticalEventType.CONFLICT: 'conflict'&gt;,
E         +         severity=&lt;RiskSeverity.CRITICAL: 'critical'&gt;,
E         +         title='Israel–Gaza conflict: continued military operations',
E         +         description='Israeli military operations in Gaza continue following '
E         +                     'the October 2023 Hamas attacks. Regional escalation risk '
E         +                     'persists with Hezbollah exchanges on the Lebanon border '
E         +                     'and Houthi missile/drone attacks on Red Sea shipping.',
E         +         region='Middle East',
E         +         countries=[
E         +                       'Israel',
E         +                       'Palestinian Territories',
E         +                       'Lebanon',
E         +                       'Yemen',
E         +                   ],
E         +         coordinates=(
E         +                         31.5,
E         +                         34.5,
E         +                     ),
E         +         timestamp=datetime.datetime(2026, 5, 16, 21, 12, 7, 595990, tzinfo=datetime.timezone.utc),
E         +         source='static_fallback',
E         +         confidence=1.0,
E         +         gold_impact=&lt;GoldImpact.STRONGLY_BULLISH: 'strongly_bullish'&gt;,
E         +         affected_currencies=[
E         +                                 'ILS',
E         +                                 'USD',
E         +                             ],
E         +         risk_score=82.0,
E         +     ),
E         +     GeopoliticalEvent(
E         +         event_type=&lt;GeopoliticalEventType.MILITARY_ACTIVITY: 'military_activity'&gt;,
E         +         severity=&lt;RiskSeverity.HIGH: 'high'&gt;,
E         +         title='Houthi Red Sea attacks: global shipping disruption',
E         +         description="Yemen's Houthi forces continue attacking commercial "
E         +                     'vessels in the Red Sea and Gulf of Aden. Major shipping '
E         +                     'lines have rerouted around the Cape of Good Hope, driving '
E         +                     'up energy and commodity transport costs.',
E         +         region='Middle East',
E         +         countries=[
E         +                       'Yemen',
E         +                       'Saudi Arabia',
E         +                   ],
E         +         coordinates=(
E         +                         15.0,
E         +                         42.0,
E         +                     ),
E         +         timestamp=datetime.datetime(2026, 5, 16, 21, 12, 7, 595990, tzinfo=datetime.timezone.utc),
E         +         source='static_fallback',
E         +         confidence=0.95,
E         +         gold_impact=&lt;GoldImpact.BULLISH: 'bullish'&gt;,
E         +         affected_currencies=[
E         +                                 'USD',
E         +                                 'SAR',
E         +                             ],
E         +         risk_score=72.0,
E         +     ),
E         +     GeopoliticalEvent(
E         +         event_type=&lt;GeopoliticalEventType.HOTSPOT: 'hotspot'&gt;,
E         +         severity=&lt;RiskSeverity.HIGH: 'high'&gt;,
E         +         title='Taiwan Strait tensions: PLA military exercises and US naval '
E         +               'presence',
E         +         description='Elevated military activity in the Taiwan Strait with '
E         +                     'regular PLA Air Force and Navy exercises. US carrier '
E         +                     'strike groups conduct freedom-of-navigation patrols. Risk '
E         +                     'of miscalculation remains a persistent systemic concern '
E         +                     'for global supply chains and semiconductor markets.',
E         +         region='Asia Pacific',
E         +         countries=[
E         +                       'China',
E         +                       'Taiwan',
E         +                       'United States',
E         +                   ],
E         +         coordinates=(
E         +                         24.0,
E         +                         121.0,
E         +                     ),
E         +         timestamp=datetime.datetime(2026, 5, 16, 21, 12, 7, 595990, tzinfo=datetime.timezone.utc),
E         +         source='static_fallback',
E         +         confidence=0.9,
E         +         gold_impact=&lt;GoldImpact.BULLISH: 'bullish'&gt;,
E         +         affected_currencies=[
E         +                                 'CNY',
E         +                                 'TWD',
E         +                                 'USD',
E         +                             ],
E         +         risk_score=65.0,
E         +     ),
E         +     GeopoliticalEvent(
E         +         event_type=&lt;GeopoliticalEventType.HOTSPOT: 'hotspot'&gt;,
E         +         severity=&lt;RiskSeverity.HIGH: 'high'&gt;,
E         +         title='Iran nuclear programme and regional proxy network',
E         +         description='Iran continues uranium enrichment beyond JCPOA limits. '
E         +                     'Iranian-backed proxy forces (Hezbollah, Houthi, Iraqi '
E         +                     'PMF) remain active across the region. Risk of direct '
E         +                     'US/Israel–Iran confrontation keeps oil and safe-haven '
E         +                     'assets elevated.',
E         +         region='Middle East',
E         +         countries=[
E         +                       'Iran',
E         +                       'Israel',
E         +                       'United States',
E         +                   ],
E         +         coordinates=(
E         +                         32.0,
E         +                         53.0,
E         +                     ),
E         +         timestamp=datetime.datetime(2026, 5, 16, 21, 12, 7, 595990, tzinfo=datetime.timezone.utc),
E         +         source='static_fallback',
E         +         confidence=0.9,
E         +         gold_impact=&lt;GoldImpact.BULLISH: 'bullish'&gt;,
E         +         affected_currencies=[
E         +                                 'IRR',
E         +                                 'USD',
E         +                             ],
E         +         risk_score=68.0,
E         +     ),
E         +     GeopoliticalEvent(
E         +         event_type=&lt;GeopoliticalEventType.CONFLICT: 'conflict'&gt;,
E         +         severity=&lt;RiskSeverity.HIGH: 'high'&gt;,
E         +         title='Sudan civil war: SAF vs RSF armed conflict',
E         +         description='Fighting between the Sudanese Armed Forces (SAF) and the '
E         +                     'Rapid Support Forces (RSF) has displaced over 8 million '
E         +                     "people and caused one of the world's worst humanitarian "
E         +                     'crises. Khartoum and Darfur regions remain active '
E         +                     'conflict zones.',
E         +         region='Africa',
E         +         countries=[
E         +                       'Sudan',
E         +                   ],
E         +         coordinates=(
E         +                         15.5,
E         +                         32.5,
E         +                     ),
E         +         timestamp=datetime.datetime(2026, 5, 16, 21, 12, 7, 595990, tzinfo=datetime.timezone.utc),
E         +         source='static_fallback',
E         +         confidence=0.95,
E         +         gold_impact=&lt;GoldImpact.NEUTRAL: 'neutral'&gt;,
E         +         affected_currencies=[
E         +                                 'SDG',
E         +                             ],
E         +         risk_score=60.0,
E         +     ),
E         +     GeopoliticalEvent(
E         +         event_type=&lt;GeopoliticalEventType.MILITARY_ACTIVITY: 'military_activity'&gt;,
E         +         severity=&lt;RiskSeverity.MEDIUM: 'medium'&gt;,
E         +         title='North Korea: ballistic missile tests and nuclear posture',
E         +         description='North Korea continues ICBM and SLBM test launches. '
E         +                     'Military cooperation with Russia (ammunition, personnel) '
E         +                     'has intensified since 2024. The Korean Peninsula remains '
E         +                     'a chronic systemic risk contributing to safe-haven gold '
E         +                     'demand.',
E         +         region='Asia Pacific',
E         +         countries=[
E         +                       'North Korea',
E         +                       'South Korea',
E         +                       'Japan',
E         +                   ],
E         +         coordinates=(
E         +                         40.0,
E         +                         127.0,
E         +                     ),
E         +         timestamp=datetime.datetime(2026, 5, 16, 21, 12, 7, 595990, tzinfo=datetime.timezone.utc),
E         +         source='static_fallback',
E         +         confidence=0.9,
E         +         gold_impact=&lt;GoldImpact.BULLISH: 'bullish'&gt;,
E         +         affected_currencies=[
E         +                                 'KRW',
E         +                                 'JPY',
E         +                             ],
E         +         risk_score=55.0,
E         +     ),
E         +     GeopoliticalEvent(
E         +         event_type=&lt;GeopoliticalEventType.SANCTIONS: 'sanctions'&gt;,
E         +         severity=&lt;RiskSeverity.HIGH: 'high'&gt;,
E         +         title='G7/EU sanctions on Russia: energy, finance, and technology',
E         +         description='Comprehensive Western sanctions on Russia cover energy '
E         +                     'exports, banking, technology transfers, and luxury goods. '
E         +                     'Russia has redirected energy flows to Asia. Sanctions '
E         +                     'risk of secondary enforcement on third-country entities '
E         +                     'continues to affect global trade flows.',
E         +         region='Global',
E         +         countries=[
E         +                       'Russia',
E         +                       'United States',
E         +                       'Germany',
E         +                       'United Kingdom',
E         +                   ],
E         +         coordinates=(
E         +                         55.0,
E         +                         37.0,
E         +                     ),
E         +         timestamp=datetime.datetime(2026, 5, 16, 21, 12, 7, 595990, tzinfo=datetime.timezone.utc),
E         +         source='static_fallback',
E         +         confidence=1.0,
E         +         gold_impact=&lt;GoldImpact.BULLISH: 'bullish'&gt;,
E         +         affected_currencies=[
E         +                                 'RUB',
E         +                                 'EUR',
E         +                                 'USD',
E         +                             ],
E         +         risk_score=62.0,
E         +     ),
E         +     GeopoliticalEvent(
E         +         event_type=&lt;GeopoliticalEventType.ECONOMIC_CRISIS: 'economic_crisis'&gt;,
E         +         severity=&lt;RiskSeverity.MEDIUM: 'medium'&gt;,
E         +         title='Central bank de-dollarisation: record gold reserve purchases',
E         +         description='Emerging-market central banks (China PBoC, India RBI, '
E         +                     'Turkey, Poland, Saudi Arabia) continue record gold '
E         +                     'purchases to reduce USD dependency. Global gold demand '
E         +                     'from official sector exceeded 1 000 tonnes in 2024 for '
E         +                     'the third consecutive year, providing structural price '
E         +                     'support.',
E         +         region='Global',
E         +         countries=[
E         +                       'China',
E         +                       'India',
E         +                       'Turkey',
E         +                       'Russia',
E         +                       'Saudi Arabia',
E         +                   ],
E         +         coordinates=(
E         +                         0.0,
E         +                         0.0,
E         +                     ),
E         +         timestamp=datetime.datetime(2026, 5, 16, 21, 12, 7, 595990, tzinfo=datetime.timezone.utc),
E         +         source='static_fallback',
E         +         confidence=0.95,
E         +         gold_impact=&lt;GoldImpact.STRONGLY_BULLISH: 'strongly_bullish'&gt;,
E         +         affected_currencies=[
E         +                                 'USD',
E         +                                 'CNY',
E         +                                 'INR',
E         +                             ],
E         +         risk_score=58.0,
E         +     ),
E         + ]

tests/unit/test_geopolitical_warn_once.py:256: AssertionError</failure></testcase><testcase classname="tests.unit.test_geopolitical_warn_once.TestGoldTradingSignal" name="test_signal_is_awaitable" time="0.012" /><testcase classname="tests.unit.test_geopolitical_warn_once.TestGoldTradingSignal" name="test_signal_direction_valid" time="0.011" /><testcase classname="tests.unit.test_hopefx_brain.TestHopeFXBrainInit" name="test_default_state" time="0.008" /><testcase classname="tests.unit.test_hopefx_brain.TestHopeFXBrainInit" name="test_stats_initial" time="0.008" /><testcase classname="tests.unit.test_hopefx_brain.TestHopeFXBrainInit" name="test_inject_components" time="0.011" /><testcase classname="tests.unit.test_hopefx_brain.TestHopeFXBrainInit" name="test_inject_partial" time="0.009" /><testcase classname="tests.unit.test_hopefx_brain.TestKillSwitch" name="test_kill_blocks_process_bar" time="0.012" /><testcase classname="tests.unit.test_hopefx_brain.TestKillSwitch" name="test_revive_restores_processing" time="0.014" /><testcase classname="tests.unit.test_hopefx_brain.TestKillSwitch" name="test_kill_reason_recorded" time="0.013" /><testcase classname="tests.unit.test_hopefx_brain.TestRegimeDetection" name="test_returns_unknown_with_insufficient_data" time="0.013" /><testcase classname="tests.unit.test_hopefx_brain.TestRegimeDetection" name="test_detects_trending_up" time="0.012" /><testcase classname="tests.unit.test_hopefx_brain.TestRegimeDetection" name="test_strong_uptrend_classified" time="0.011" /><testcase classname="tests.unit.test_hopefx_brain.TestRegimeDetection" name="test_strong_downtrend_classified" time="0.012" /><testcase classname="tests.unit.test_hopefx_brain.TestRegimeDetection" name="test_high_volatility_classified_volatile" time="0.012" /><testcase classname="tests.unit.test_hopefx_brain.TestRegimeDetection" name="test_regime_history_tracks_changes" time="0.013" /><testcase classname="tests.unit.test_hopefx_brain.TestRegimeDetection" name="test_exception_returns_unknown" time="0.010" /><testcase classname="tests.unit.test_hopefx_brain.TestRegimeDetection" name="test_current_regime_unknown_for_new_symbol" time="0.009" /><testcase classname="tests.unit.test_hopefx_brain.TestMTFFusion" name="test_returns_unknown_without_data" time="0.009" /><testcase classname="tests.unit.test_hopefx_brain.TestMTFFusion" name="test_cache_hit_returns_same_ctx" time="0.011" /><testcase classname="tests.unit.test_hopefx_brain.TestMTFFusion" name="test_aligned_regimes_produce_alignment_string" time="0.012" /><testcase classname="tests.unit.test_hopefx_brain.TestMTFFusion" name="test_insufficient_data_uses_unknown_regime" time="0.008" /><testcase classname="tests.unit.test_hopefx_brain.TestProcessBar" name="test_returns_brain_decision" time="0.012" /><testcase classname="tests.unit.test_hopefx_brain.TestProcessBar" name="test_action_is_valid" time="0.011" /><testcase classname="tests.unit.test_hopefx_brain.TestProcessBar" name="test_confidence_bounded" time="0.011" /><testcase classname="tests.unit.test_hopefx_brain.TestProcessBar" name="test_bar_count_increments" time="0.012" /><testcase classname="tests.unit.test_hopefx_brain.TestProcessBar" name="test_hold_counted_when_no_ml_no_strategy" time="0.010" /><testcase classname="tests.unit.test_hopefx_brain.TestProcessBar" name="test_decision_recorded_in_history" time="0.013" /><testcase classname="tests.unit.test_hopefx_brain.TestProcessBar" name="test_symbol_in_decision" time="0.011" /><testcase classname="tests.unit.test_hopefx_brain.TestProcessBar" name="test_latency_recorded" time="0.010" /><testcase classname="tests.unit.test_hopefx_brain.TestProcessBar" name="test_risk_halted_returns_hold" time="0.010" /><testcase classname="tests.unit.test_hopefx_brain.TestProcessBar" name="test_to_dict_serialisable" time="0.011" /><testcase classname="tests.unit.test_hopefx_brain.TestProcessBar" name="test_multiple_symbols_tracked_independently" time="0.012" /><testcase classname="tests.unit.test_hopefx_brain.TestMLPredictor" name="test_ml_long_signal_propagates" time="0.195" /><testcase classname="tests.unit.test_hopefx_brain.TestMLPredictor" name="test_ml_short_signal_propagates" time="0.191" /><testcase classname="tests.unit.test_hopefx_brain.TestMLPredictor" name="test_ml_abstain_results_in_hold" time="0.013" /><testcase classname="tests.unit.test_hopefx_brain.TestMLPredictor" name="test_ml_predictor_exception_does_not_crash" time="0.014" /><testcase classname="tests.unit.test_hopefx_brain.TestSignalAggregation" name="test_both_neutral_returns_hold" time="0.008" /><testcase classname="tests.unit.test_hopefx_brain.TestSignalAggregation" name="test_both_agree_long_boosts_confidence" time="0.009" /><testcase classname="tests.unit.test_hopefx_brain.TestSignalAggregation" name="test_disagreement_returns_hold" time="0.009" /><testcase classname="tests.unit.test_hopefx_brain.TestSignalAggregation" name="test_ml_only_long_at_reduced_confidence" time="0.010" /><testcase classname="tests.unit.test_hopefx_brain.TestSignalAggregation" name="test_strategy_only_low_confidence_returns_hold" time="0.009" /><testcase classname="tests.unit.test_hopefx_brain.TestSignalAggregation" name="test_ml_low_confidence_returns_hold" time="0.009" /><testcase classname="tests.unit.test_hopefx_brain.TestHorizonHold" name="test_horizon_gt_1_suppresses_reversal" time="0.363" /><testcase classname="tests.unit.test_hopefx_brain.TestHorizonHold" name="test_horizon_1_does_not_suppress_reversal" time="0.201" /><testcase classname="tests.unit.test_hopefx_brain.TestStats" name="test_stats_after_several_bars" time="0.014" /><testcase classname="tests.unit.test_hopefx_brain.TestStats" name="test_signal_rate_correct" time="0.012" /><testcase classname="tests.unit.test_hopefx_brain.TestStats" name="test_recent_decisions_returns_list" time="0.011" /><testcase classname="tests.unit.test_hopefx_brain.TestStats" name="test_recent_decisions_limit_respected" time="0.022" /><testcase classname="tests.unit.test_hopefx_brain.TestStats" name="test_regime_history_returns_list" time="0.011" /><testcase classname="tests.unit.test_hopefx_brain.TestSingleton" name="test_get_brain_returns_instance" time="0.009" /><testcase classname="tests.unit.test_hopefx_brain.TestSingleton" name="test_get_brain_singleton" time="0.007" /><testcase classname="tests.unit.test_horizon5_oos_split.TestHorizon5ReportContent" name="test_oos_years_is_positive" time="0.009" /><testcase classname="tests.unit.test_horizon5_oos_split.TestHorizon5ReportContent" name="test_oos_years_is_at_least_one" time="0.008" /><testcase classname="tests.unit.test_horizon5_oos_split.TestHorizon5ReportContent" name="test_oos_sample_count_is_positive" time="0.007" /><testcase classname="tests.unit.test_horizon5_oos_split.TestHorizon5ReportContent" name="test_oos_sample_count_sufficient_for_significance" time="0.007" /><testcase classname="tests.unit.test_horizon5_oos_split.TestHorizon5ReportContent" name="test_oos_accuracy_present" time="0.008" /><testcase classname="tests.unit.test_horizon5_oos_split.TestHorizon5ReportContent" name="test_oos_accuracy_above_chance" time="0.008" /><testcase classname="tests.unit.test_horizon5_oos_split.TestHorizon5ReportContent" name="test_oos_p_value_significant" time="0.008" /><testcase classname="tests.unit.test_horizon5_oos_split.TestHorizon5ReportContent" name="test_oos_significant_flag_true" time="0.008" /><testcase classname="tests.unit.test_horizon5_oos_split.TestHorizon5ReportContent" name="test_horizon_is_five" time="0.008" /><testcase classname="tests.unit.test_horizon5_oos_split.TestHorizon5ReportContent" name="test_sharpe_gate_present" time="0.008" /><testcase classname="tests.unit.test_horizon5_oos_split.TestHorizon5ReportContent" name="test_sharpe_gate_passed" time="0.008" /><testcase classname="tests.unit.test_horizon5_oos_split.TestHorizon5ReportContent" name="test_sharpe_gate_n_trades_sufficient" time="0.007" /><testcase classname="tests.unit.test_horizon5_oos_split.TestHorizon5ReportContent" name="test_feature_count_positive" time="0.009" /><testcase classname="tests.unit.test_horizon5_oos_split.TestHorizon5ReportContent" name="test_walkforward_section_present" time="0.008" /><testcase classname="tests.unit.test_horizon5_oos_split.TestHorizon5ReportContent" name="test_walkforward_mean_accuracy_above_chance" time="0.008" /><testcase classname="tests.unit.test_horizon5_oos_split.TestHorizon5ReportContent" name="test_oos_period_recorded" time="0.007" /><testcase classname="tests.unit.test_horizon5_oos_split.TestSmokeOosYearsFix" name="test_smoke_mode_oos_years_not_zero" time="0.011" /><testcase classname="tests.unit.test_horizon5_oos_split.TestSmokeOosYearsFix" name="test_smoke_mode_sets_oos_years_one" time="0.009" /><testcase classname="tests.unit.test_horizon5_oos_split.TestSmokeOosYearsFix" name="test_write_horizon_meta_uses_args_oos_years" time="0.011" /><testcase classname="tests.unit.test_horizon5_oos_split.TestRegistryConsistency" name="test_oos_accuracy_consistent_with_registry" time="0.008"><failure message="AssertionError: Report OOS accuracy (0.5992) inconsistent with registry (0.5650) — difference &gt; 0.01&#10;assert 0.03420000000000001 &lt; 0.01&#10; +  where 0.03420000000000001 = abs((0.5992 - 0.565))">self = &lt;tests.unit.test_horizon5_oos_split.TestRegistryConsistency object at 0x7f8821de2310&gt;

    def test_oos_accuracy_consistent_with_registry(self):
        """OOS accuracy in report must match xgb_horizon5_v1 in registry."""
        reg_path = MODEL_DIR / "registry.json"
        assert reg_path.exists(), "registry.json not found"

        reg = json.loads(reg_path.read_text())
        xgb = reg.get("versions", {}).get("xgb_horizon5_v1", {})
        reg_acc = xgb.get("oos_accuracy", None)

        report = json.loads(REPORT_PATH.read_text())
        report_acc = report.get("oos", {}).get("accuracy", None)

        assert reg_acc is not None, "registry xgb_horizon5_v1.oos_accuracy must be set"
        assert report_acc is not None, "report oos.accuracy must be set"
&gt;       assert abs(report_acc - reg_acc) &lt; 0.01, (
            f"Report OOS accuracy ({report_acc:.4f}) inconsistent with registry ({reg_acc:.4f}) — difference &gt; 0.01"
        )
E       AssertionError: Report OOS accuracy (0.5992) inconsistent with registry (0.5650) — difference &gt; 0.01
E       assert 0.03420000000000001 &lt; 0.01
E        +  where 0.03420000000000001 = abs((0.5992 - 0.565))

tests/unit/test_horizon5_oos_split.py:251: AssertionError</failure></testcase><testcase classname="tests.unit.test_horizon5_oos_split.TestRegistryConsistency" name="test_horizon_consistent_with_registry" time="0.008" /><testcase classname="tests.unit.test_horizon5_oos_split.TestRegistryConsistency" name="test_oos_years_consistent_with_registry" time="0.008" /><testcase classname="tests.unit.test_ibkr_broker_extended.TestMarketDataForbiddenError" name="test_message_contains_method_name" time="0.007" /><testcase classname="tests.unit.test_ibkr_broker_extended.TestIBKRConfigDefaults" name="test_paper_mode_uses_paper_port" time="0.008" /><testcase classname="tests.unit.test_ibkr_broker_extended.TestIBKRConfigDefaults" name="test_live_mode_uses_live_port" time="0.010" /><testcase classname="tests.unit.test_ibkr_broker_extended.TestIBKRConfigDefaults" name="test_custom_host_and_client_id" time="0.008" /><testcase classname="tests.unit.test_ibkr_broker_extended.TestIBKRConfigDefaults" name="test_default_config_when_none" time="0.009" /><testcase classname="tests.unit.test_ibkr_broker_extended.TestConnect" name="test_returns_false_when_ib_insync_unavailable" time="0.012" /><testcase classname="tests.unit.test_ibkr_broker_extended.TestConnect" name="test_returns_true_when_already_connected" time="0.009" /><testcase classname="tests.unit.test_ibkr_broker_extended.TestConnect" name="test_returns_false_on_timeout" time="0.021" /><testcase classname="tests.unit.test_ibkr_broker_extended.TestConnect" name="test_returns_false_on_exception" time="0.012" /><testcase classname="tests.unit.test_ibkr_broker_extended.TestDisconnect" name="test_disconnect_calls_ib_disconnect" time="0.015" /><testcase classname="tests.unit.test_ibkr_broker_extended.TestDisconnect" name="test_disconnect_when_not_connected_is_safe" time="0.010" /><testcase classname="tests.unit.test_ibkr_broker_extended.TestReconnect" name="test_reconnect_succeeds_on_first_attempt" time="0.013" /><testcase classname="tests.unit.test_ibkr_broker_extended.TestReconnect" name="test_reconnect_exhausts_attempts_and_returns_false" time="0.015" /><testcase classname="tests.unit.test_ibkr_broker_extended.TestGetAccountInfo" name="test_returns_none_when_not_connected" time="0.012" /><testcase classname="tests.unit.test_ibkr_broker_extended.TestGetAccountInfo" name="test_returns_account_info_when_connected" time="0.014" /><testcase classname="tests.unit.test_ibkr_broker_extended.TestGetAccountInfo" name="test_returns_none_on_exception" time="0.013" /><testcase classname="tests.unit.test_ibkr_broker_extended.TestPlaceOrder" name="test_rejected_when_not_connected" time="0.012" /><testcase classname="tests.unit.test_ibkr_broker_extended.TestPlaceOrder" name="test_rejected_when_zero_quantity" time="0.013" /><testcase classname="tests.unit.test_ibkr_broker_extended.TestPlaceOrder" name="test_filled_market_order" time="0.014" /><testcase classname="tests.unit.test_ibkr_broker_extended.TestPlaceOrder" name="test_sell_direction_maps_correctly" time="0.015" /><testcase classname="tests.unit.test_ibkr_broker_extended.TestPlaceOrder" name="test_returns_rejected_on_exception" time="0.015" /><testcase classname="tests.unit.test_ibkr_broker_extended.TestWaitForFill" name="test_returns_filled_on_filled_status" time="0.113" /><testcase classname="tests.unit.test_ibkr_broker_extended.TestWaitForFill" name="test_returns_rejected_on_cancelled_status" time="0.114" /><testcase classname="tests.unit.test_ibkr_broker_extended.TestWaitForFill" name="test_returns_rejected_on_api_cancelled" time="0.113" /><testcase classname="tests.unit.test_ibkr_broker_extended.TestWaitForFill" name="test_times_out_and_cancels_order" time="0.114" /><testcase classname="tests.unit.test_ibkr_broker_extended.TestWaitForFill" name="test_cancel_exception_suppressed_on_timeout" time="0.111" /><testcase classname="tests.unit.test_ibkr_broker_extended.TestCancelOrder" name="test_returns_false_when_not_connected" time="0.010" /><testcase classname="tests.unit.test_ibkr_broker_extended.TestCancelOrder" name="test_cancels_matching_order" time="0.011" /><testcase classname="tests.unit.test_ibkr_broker_extended.TestCancelOrder" name="test_returns_false_when_order_not_found" time="0.012" /><testcase classname="tests.unit.test_ibkr_broker_extended.TestCancelOrder" name="test_returns_false_on_exception" time="0.013" /><testcase classname="tests.unit.test_ibkr_broker_extended.TestGetOpenPositions" name="test_returns_empty_when_not_connected" time="0.009" /><testcase classname="tests.unit.test_ibkr_broker_extended.TestGetOpenPositions" name="test_returns_positions" time="0.012" /><testcase classname="tests.unit.test_ibkr_broker_extended.TestGetOpenPositions" name="test_skips_zero_positions" time="0.013" /><testcase classname="tests.unit.test_ibkr_broker_extended.TestGetOpenPositions" name="test_short_position_direction" time="0.012" /><testcase classname="tests.unit.test_ibkr_broker_extended.TestGetOpenPositions" name="test_returns_empty_on_exception" time="0.015" /><testcase classname="tests.unit.test_ibkr_broker_extended.TestPing" name="test_returns_high_latency_when_not_connected" time="0.011" /><testcase classname="tests.unit.test_ibkr_broker_extended.TestPing" name="test_returns_latency_ms_when_connected" time="0.013" /><testcase classname="tests.unit.test_ibkr_broker_extended.TestPing" name="test_returns_high_latency_on_exception" time="0.012" /><testcase classname="tests.unit.test_ibkr_broker_extended.TestCallbacks" name="test_on_order_status_logs_without_raising" time="0.009" /><testcase classname="tests.unit.test_ibkr_broker_extended.TestCallbacks" name="test_on_exec_details_calls_fill_callbacks" time="0.011" /><testcase classname="tests.unit.test_ibkr_broker_extended.TestCallbacks" name="test_on_exec_details_suppresses_callback_exception" time="0.011" /><testcase classname="tests.unit.test_ibkr_broker_extended.TestCallbacks" name="test_on_error_ignores_informational_codes" time="0.009" /><testcase classname="tests.unit.test_ibkr_broker_extended.TestCallbacks" name="test_on_error_logs_real_errors" time="0.009" /><testcase classname="tests.unit.test_ibkr_broker_extended.TestForbiddenMethods" name="test_get_market_data_raises" time="0.008" /><testcase classname="tests.unit.test_ibkr_broker_extended.TestForbiddenMethods" name="test_subscribe_ticks_raises" time="0.007" /><testcase classname="tests.unit.test_ibkr_broker_extended.TestForbiddenMethods" name="test_req_mkt_data_raises" time="0.008" /><testcase classname="tests.unit.test_ibkr_broker_extended.TestForbiddenMethods" name="test_req_historical_data_raises" time="0.010" /><testcase classname="tests.unit.test_ibkr_broker_extended.TestForbiddenMethods" name="test_get_ohlcv_raises" time="0.010" /><testcase classname="tests.unit.test_ibkr_broker_extended.TestForbiddenMethods" name="test_get_current_price_raises" time="0.011" /><testcase classname="tests.unit.test_ibkr_broker_extended.TestForbiddenMethods" name="test_stream_prices_raises" time="0.010" /><testcase classname="tests.unit.test_ibkr_broker_extended.TestMetrics" name="test_metrics_returns_expected_keys" time="0.008" /><testcase classname="tests.unit.test_ibkr_broker_extended.TestMetrics" name="test_fill_rate_zero_when_no_orders" time="0.006" /><testcase classname="tests.unit.test_ibkr_broker_extended.TestAliases" name="test_ibkr_connector_is_ibkr_broker" time="0.009" /><testcase classname="tests.unit.test_ibkr_broker_extended.TestAliases" name="test_interactive_brokers_is_ibkr_broker" time="0.007" /><testcase classname="tests.unit.test_ibkr_broker_extended.TestBuildHelpers" name="test_build_gold_contract_raises_without_ib_insync" time="0.008" /><testcase classname="tests.unit.test_ibkr_broker_extended.TestBuildHelpers" name="test_build_ib_order_raises_without_ib_insync" time="0.007" /><testcase classname="tests.unit.test_ibkr_broker_extended.TestBuildHelpers" name="test_build_ib_order_market" time="0.009" /><testcase classname="tests.unit.test_ibkr_broker_extended.TestBuildHelpers" name="test_build_ib_order_limit" time="0.009" /><testcase classname="tests.unit.test_ibkr_broker_extended.TestBuildHelpers" name="test_build_ib_order_stop" time="0.009" /><testcase classname="tests.unit.test_ibkr_broker_extended.TestBuildHelpers" name="test_build_ib_order_stop_limit" time="0.008" /><testcase classname="tests.unit.test_ibkr_broker_extended.TestBuildHelpers" name="test_build_ib_order_unknown_type_falls_back_to_market" time="0.009" /><testcase classname="tests.unit.test_ibkr_broker_extended.TestBuildHelpers" name="test_build_gold_contract_futures" time="0.008" /><testcase classname="tests.unit.test_ibkr_broker_extended.TestBuildHelpers" name="test_build_gold_contract_spot" time="0.009" /><testcase classname="tests.unit.test_institutional_flow.TestInstitutionalTrade" name="test_trade_to_dict" time="0.008" /><testcase classname="tests.unit.test_institutional_flow.TestFlowSignal" name="test_signal_to_dict" time="0.007" /><testcase classname="tests.unit.test_institutional_flow.TestInstitutionalFlowDetector" name="test_initialization" time="0.006" /><testcase classname="tests.unit.test_institutional_flow.TestInstitutionalFlowDetector" name="test_add_trade" time="0.010" /><testcase classname="tests.unit.test_institutional_flow.TestInstitutionalFlowDetector" name="test_detect_large_orders" time="0.008" /><testcase classname="tests.unit.test_institutional_flow.TestInstitutionalFlowDetector" name="test_detect_large_orders_empty" time="0.008" /><testcase classname="tests.unit.test_institutional_flow.TestInstitutionalFlowDetector" name="test_detect_iceberg_orders" time="0.008" /><testcase classname="tests.unit.test_institutional_flow.TestInstitutionalFlowDetector" name="test_detect_iceberg_orders_none" time="0.008" /><testcase classname="tests.unit.test_institutional_flow.TestInstitutionalFlowDetector" name="test_detect_volume_spikes" time="0.010" /><testcase classname="tests.unit.test_institutional_flow.TestInstitutionalFlowDetector" name="test_detect_absorption" time="0.010" /><testcase classname="tests.unit.test_institutional_flow.TestInstitutionalFlowDetector" name="test_classify_trade_institutional" time="0.008" /><testcase classname="tests.unit.test_institutional_flow.TestInstitutionalFlowDetector" name="test_classify_trade_retail" time="0.010" /><testcase classname="tests.unit.test_institutional_flow.TestInstitutionalFlowDetector" name="test_analyze_flow_returns_list" time="0.010" /><testcase classname="tests.unit.test_institutional_flow.TestInstitutionalFlowDetector" name="test_get_smart_money_direction_no_data" time="0.010" /><testcase classname="tests.unit.test_institutional_flow.TestInstitutionalFlowDetector" name="test_get_smart_money_direction" time="0.009" /><testcase classname="tests.unit.test_institutional_flow.TestInstitutionalFlowDetector" name="test_get_stats" time="0.008" /><testcase classname="tests.unit.test_institutional_flow.TestInstitutionalFlowDetector" name="test_clear_symbol" time="0.008" /><testcase classname="tests.unit.test_institutional_flow.TestInstitutionalFlowDetector" name="test_global_instance" time="0.008" /><testcase classname="tests.unit.test_invoices.TestInvoice" name="test_invoice_creation" time="0.009" /><testcase classname="tests.unit.test_invoices.TestInvoice" name="test_mark_invoice_paid" time="0.009" /><testcase classname="tests.unit.test_invoices.TestInvoice" name="test_mark_invoice_cancelled" time="0.008" /><testcase classname="tests.unit.test_invoices.TestInvoice" name="test_mark_invoice_refunded" time="0.010" /><testcase classname="tests.unit.test_invoices.TestInvoice" name="test_invoice_overdue" time="0.007" /><testcase classname="tests.unit.test_invoices.TestInvoice" name="test_invoice_not_overdue" time="0.009" /><testcase classname="tests.unit.test_invoices.TestInvoice" name="test_paid_invoice_not_overdue" time="0.009" /><testcase classname="tests.unit.test_invoices.TestInvoiceGenerator" name="test_create_invoice" time="0.009" /><testcase classname="tests.unit.test_invoices.TestInvoiceGenerator" name="test_get_invoice" time="0.009" /><testcase classname="tests.unit.test_invoices.TestInvoiceGenerator" name="test_get_nonexistent_invoice" time="0.007" /><testcase classname="tests.unit.test_invoices.TestInvoiceGenerator" name="test_get_user_invoices" time="0.011" /><testcase classname="tests.unit.test_invoices.TestInvoiceGenerator" name="test_mark_invoice_paid" time="0.008" /><testcase classname="tests.unit.test_invoices.TestInvoiceGenerator" name="test_cancel_invoice" time="0.011" /><testcase classname="tests.unit.test_invoices.TestInvoiceGenerator" name="test_refund_invoice" time="0.010" /><testcase classname="tests.unit.test_invoices.TestInvoiceGenerator" name="test_get_invoice_stats" time="0.011" /><testcase classname="tests.unit.test_invoices.TestInvoiceGenerator" name="test_generate_pdf" time="0.011" /><testcase classname="tests.unit.test_invoices.TestInvoiceGenerator" name="test_generate_pdf_nonexistent_invoice" time="0.008" /><testcase classname="tests.unit.test_kill_switch_coverage.TestKillSwitchActivate" name="test_initially_inactive" time="0.008" /><testcase classname="tests.unit.test_kill_switch_coverage.TestKillSwitchActivate" name="test_activate_sets_active" time="0.014" /><testcase classname="tests.unit.test_kill_switch_coverage.TestKillSwitchActivate" name="test_activate_stores_reason" time="0.013" /><testcase classname="tests.unit.test_kill_switch_coverage.TestKillSwitchActivate" name="test_activate_stores_timestamp" time="0.012" /><testcase classname="tests.unit.test_kill_switch_coverage.TestKillSwitchActivate" name="test_activate_idempotent" time="0.012" /><testcase classname="tests.unit.test_kill_switch_coverage.TestKillSwitchActivate" name="test_deactivate_requires_token" time="0.013" /><testcase classname="tests.unit.test_kill_switch_coverage.TestKillSwitchActivate" name="test_deactivate_with_token_clears_reason" time="0.016" /><testcase classname="tests.unit.test_kill_switch_coverage.TestKillSwitchActivate" name="test_deactivate_with_token_clears_activated_at" time="0.015" /><testcase classname="tests.unit.test_kill_switch_coverage.TestKillSwitchActivate" name="test_deactivate_when_inactive_is_noop" time="0.008" /><testcase classname="tests.unit.test_kill_switch_coverage.TestKillSwitchActivate" name="test_reset_for_testing_clears_state" time="0.012" /><testcase classname="tests.unit.test_kill_switch_coverage.TestKillSwitchToken" name="test_wrong_token_raises" time="0.017" /><testcase classname="tests.unit.test_kill_switch_coverage.TestKillSwitchToken" name="test_correct_token_deactivates" time="0.012" /><testcase classname="tests.unit.test_kill_switch_coverage.TestKillSwitchToken" name="test_no_token_configured_raises_permission_error" time="0.014" /><testcase classname="tests.unit.test_kill_switch_coverage.TestKillSwitchCallbacks" name="test_callback_called_on_activate" time="0.012" /><testcase classname="tests.unit.test_kill_switch_coverage.TestKillSwitchCallbacks" name="test_multiple_callbacks_all_called" time="0.012" /><testcase classname="tests.unit.test_kill_switch_coverage.TestKillSwitchCallbacks" name="test_callback_exception_does_not_crash" time="0.020" /><testcase classname="tests.unit.test_kill_switch_coverage.TestKillSwitchCallbacks" name="test_callback_not_called_when_already_active" time="0.013" /><testcase classname="tests.unit.test_kill_switch_coverage.TestKillSwitchCallbacks" name="test_reset_clears_callbacks" time="0.015" /><testcase classname="tests.unit.test_kill_switch_coverage.TestKillSwitchStatus" name="test_status_inactive" time="0.012" /><testcase classname="tests.unit.test_kill_switch_coverage.TestKillSwitchStatus" name="test_status_active" time="0.019" /><testcase classname="tests.unit.test_kill_switch_coverage.TestKillSwitchStatus" name="test_status_has_required_keys" time="0.010" /><testcase classname="tests.unit.test_kill_switch_coverage.TestKillSwitchStatus" name="test_status_token_configured_flag" time="0.013" /><testcase classname="tests.unit.test_kill_switch_coverage.TestKillSwitchStatus" name="test_status_no_token_flag" time="0.012" /><testcase classname="tests.unit.test_kill_switch_coverage.TestKillSwitchFlagFile" name="test_flag_file_created_on_activate" time="0.015" /><testcase classname="tests.unit.test_kill_switch_coverage.TestKillSwitchFlagFile" name="test_flag_file_contains_reason" time="0.013" /><testcase classname="tests.unit.test_kill_switch_coverage.TestKillSwitchFlagFile" name="test_no_flag_file_by_default" time="0.010" /><testcase classname="tests.unit.test_kill_switch_coverage.TestKillSwitchFlagFile" name="test_status_shows_flag_file_path" time="0.013" /><testcase classname="tests.unit.test_kill_switch_coverage.TestKillSwitchEventBus" name="test_set_event_bus" time="0.013" /><testcase classname="tests.unit.test_kill_switch_coverage.TestKillSwitchEventBus" name="test_on_bus_event_activates" time="0.018" /><testcase classname="tests.unit.test_kill_switch_coverage.TestKillSwitchEventBus" name="test_on_bus_event_always_activates" time="0.015" /><testcase classname="tests.unit.test_kill_switch_coverage.TestCreateKillSwitchRouter" name="test_router_created" time="0.019" /><testcase classname="tests.unit.test_kill_switch_coverage.TestCreateKillSwitchRouter" name="test_router_has_routes" time="0.015" /><testcase classname="tests.unit.test_kill_switch_coverage.TestCreateKillSwitchRouter" name="test_router_has_status_route" time="0.015" /><testcase classname="tests.unit.test_kill_switch_coverage.TestCreateKillSwitchRouter" name="test_router_has_activate_route" time="0.015" /><testcase classname="tests.unit.test_kill_switch_coverage.TestCreateKillSwitchRouter" name="test_router_has_deactivate_route" time="0.011" /><testcase classname="tests.unit.test_kill_switch_coverage2.TestRedisLatchPaths" name="test_check_redis_latch_activates_when_latch_true" time="0.019" /><testcase classname="tests.unit.test_kill_switch_coverage2.TestRedisLatchPaths" name="test_check_redis_latch_no_redis_returns_gracefully" time="0.013" /><testcase classname="tests.unit.test_kill_switch_coverage2.TestRedisLatchPaths" name="test_check_redis_latch_exception_non_fatal" time="0.013" /><testcase classname="tests.unit.test_kill_switch_coverage2.TestRedisLatchPaths" name="test_check_redis_latch_already_active_skips" time="0.013" /><testcase classname="tests.unit.test_kill_switch_coverage2.TestRedisLatchPaths" name="test_write_redis_latch_calls_set" time="0.015" /><testcase classname="tests.unit.test_kill_switch_coverage2.TestRedisLatchPaths" name="test_write_redis_latch_no_redis_non_fatal" time="0.015" /><testcase classname="tests.unit.test_kill_switch_coverage2.TestRedisLatchPaths" name="test_write_redis_latch_exception_non_fatal" time="0.017" /><testcase classname="tests.unit.test_kill_switch_coverage2.TestRedisLatchPaths" name="test_clear_redis_latch_calls_delete" time="0.015" /><testcase classname="tests.unit.test_kill_switch_coverage2.TestRedisLatchPaths" name="test_clear_redis_latch_no_redis_non_fatal" time="0.011" /><testcase classname="tests.unit.test_kill_switch_coverage2.TestRedisLatchPaths" name="test_clear_redis_latch_exception_non_fatal" time="0.013" /><testcase classname="tests.unit.test_kill_switch_coverage2.TestStaleFlagFileRestore" name="test_stale_flag_file_not_restored_in_non_production" time="0.018" /><testcase classname="tests.unit.test_kill_switch_coverage2.TestStaleFlagFileRestore" name="test_fresh_flag_file_restored_in_non_production" time="0.016" /><testcase classname="tests.unit.test_kill_switch_coverage2.TestStaleFlagFileRestore" name="test_stale_state_json_not_restored_in_non_production" time="0.014" /><testcase classname="tests.unit.test_kill_switch_coverage2.TestStaleFlagFileRestore" name="test_stale_state_always_restored_in_production" time="0.016" /><testcase classname="tests.unit.test_kill_switch_coverage2.TestStaleFlagFileRestore" name="test_naive_datetime_in_state_file_handled" time="0.015" /><testcase classname="tests.unit.test_kill_switch_coverage2.TestK8sConfigMapWatcher" name="test_watcher_skips_outside_pod" time="0.018" /><testcase classname="tests.unit.test_kill_switch_coverage2.TestK8sConfigMapWatcher" name="test_watcher_import_error_returns_gracefully" time="0.017" /><testcase classname="tests.unit.test_kill_switch_coverage2.TestK8sConfigMapWatcher" name="test_watcher_config_error_returns_gracefully" time="0.020" /><testcase classname="tests.unit.test_kill_switch_coverage2.TestK8sConfigMapWatcher" name="test_watcher_activates_on_configmap_flag" time="0.035" /><testcase classname="tests.unit.test_kill_switch_coverage2.TestK8sConfigMapWatcher" name="test_watcher_poll_error_continues" time="0.030" /><testcase classname="tests.unit.test_kill_switch_coverage2.TestWriteK8sConfigmapSync" name="test_write_k8s_configmap_skips_outside_pod" time="0.017" /><testcase classname="tests.unit.test_kill_switch_coverage2.TestWriteK8sConfigmapSync" name="test_write_k8s_configmap_sync_path" time="0.019" /><testcase classname="tests.unit.test_kill_switch_coverage2.TestWriteK8sConfigmapSync" name="test_write_k8s_configmap_sync_exception_non_fatal" time="0.018" /><testcase classname="tests.unit.test_kill_switch_coverage2.TestPollLoopOSError" name="test_poll_loop_oserror_on_flag_read_uses_default_reason" time="0.063" /><testcase classname="tests.unit.test_kill_switch_coverage2.TestActivateInternalNotifications" name="test_sentry_alert_called_on_activate" time="0.018" /><testcase classname="tests.unit.test_kill_switch_coverage2.TestActivateInternalNotifications" name="test_sentry_exception_non_fatal" time="0.017" /><testcase classname="tests.unit.test_kill_switch_coverage2.TestActivateInternalNotifications" name="test_email_alert_exception_non_fatal" time="0.022" /><testcase classname="tests.unit.test_kill_switch_coverage2.TestRouterRateLimitAndAuth" name="test_rate_limit_blocks_after_5_requests" time="0.075" /><testcase classname="tests.unit.test_kill_switch_coverage2.TestRouterRateLimitAndAuth" name="test_auth_service_error_returns_503" time="0.028" /><testcase classname="tests.unit.test_kill_switch_coverage2.TestRouterRateLimitAndAuth" name="test_deactivate_already_inactive_returns_already_inactive" time="0.024" /><testcase classname="tests.unit.test_kill_switch_coverage2.TestRouterRateLimitAndAuth" name="test_insufficient_role_returns_403" time="0.023" /><testcase classname="tests.unit.test_kill_switch_coverage2.TestRedisBreachListenerAlreadyActive" name="test_listener_skips_when_already_active" time="0.016" /><testcase classname="tests.unit.test_kill_switch_coverage2.TestRedisBreachListenerAlreadyActive" name="test_listener_stops_when_running_false" time="0.015" /><testcase classname="tests.unit.test_kill_switch_coverage2.TestRedisBreachListenerAlreadyActive" name="test_listener_message_exception_continues" time="0.016" /><testcase classname="tests.unit.test_kill_switch_coverage2.TestRedisBreachListenerAlreadyActive" name="test_listener_outer_exception_logs_error" time="0.015" /><testcase classname="tests.unit.test_kill_switch_coverage2.TestGetLatchRedisFallbackException" name="test_redis_from_url_exception_returns_none" time="0.013" /><testcase classname="tests.unit.test_kill_switch_coverage2.TestClearStateOSError" name="test_clear_state_oserror_non_fatal" time="0.018" /><testcase classname="tests.unit.test_kill_switch_coverage2.TestRestoreStateFlagFileException" name="test_flag_file_read_exception_non_fatal" time="0.011" /><testcase classname="tests.unit.test_kill_switch_coverage2.TestK8sWatcherEdgeCases" name="test_watcher_skips_when_already_active" time="0.035" /><testcase classname="tests.unit.test_kill_switch_coverage2.TestK8sWatcherEdgeCases" name="test_watcher_handles_none_cm_data" time="0.032" /><testcase classname="tests.unit.test_kill_switch_coverage2.TestWriteK8sConfigmapAsync" name="test_write_k8s_configmap_async_patch_success" time="0.070" /><testcase classname="tests.unit.test_kill_switch_coverage2.TestWriteK8sConfigmapAsync" name="test_write_k8s_configmap_async_patch_exception" time="0.072" /><testcase classname="tests.unit.test_kill_switch_coverage2.TestRouterDeactivatePaths" name="test_deactivate_wrong_token_returns_403" time="0.039" /><testcase classname="tests.unit.test_kill_switch_coverage2.TestRouterDeactivatePaths" name="test_deactivate_correct_token_returns_deactivated" time="0.037" /><testcase classname="tests.unit.test_kill_switch_coverage2.TestRouterDeactivatePaths" name="test_activate_route_no_client_ip" time="0.031" /><testcase classname="tests.unit.test_kill_switch_coverage2.TestRouterDeactivatePaths" name="test_require_admin_http_exception_reraise" time="0.025" /><testcase classname="tests.unit.test_kill_switch_integration" name="test_drawdown_breach_triggers_halt" time="0.023" /><testcase classname="tests.unit.test_kill_switch_integration" name="test_halt_persists_to_disk" time="0.022" /><testcase classname="tests.unit.test_kill_switch_integration" name="test_restart_restores_halt_from_disk" time="0.011" /><testcase classname="tests.unit.test_kill_switch_integration" name="test_authenticated_deactivation_resumes_trading" time="0.023" /><testcase classname="tests.unit.test_kill_switch_integration" name="test_wrong_token_rejected" time="0.008" /><testcase classname="tests.unit.test_kill_switch_integration" name="test_amber_warning_fires_before_halt" time="0.017" /><testcase classname="tests.unit.test_live_safe_threshold.TestSLTPMonitorBreachDetection" name="test_long_sl_breach_detected" time="0.008" /><testcase classname="tests.unit.test_live_safe_threshold.TestSLTPMonitorBreachDetection" name="test_long_tp_breach_detected" time="0.008" /><testcase classname="tests.unit.test_live_safe_threshold.TestSLTPMonitorBreachDetection" name="test_short_sl_breach_detected" time="0.009" /><testcase classname="tests.unit.test_live_safe_threshold.TestSLTPMonitorBreachDetection" name="test_short_tp_breach_detected" time="0.009" /><testcase classname="tests.unit.test_live_safe_threshold.TestSLTPMonitorBreachDetection" name="test_no_breach_when_price_inside_range" time="0.007" /><testcase classname="tests.unit.test_live_safe_threshold.TestSLTPMonitorBreachDetection" name="test_no_breach_when_sl_is_none" time="0.008" /><testcase classname="tests.unit.test_live_safe_threshold.TestSLTPMonitorBreachDetection" name="test_no_breach_when_sl_is_zero" time="0.008" /><testcase classname="tests.unit.test_live_safe_threshold.TestSLTPMonitorClose" name="test_close_position_called_on_breach" time="0.021" /><testcase classname="tests.unit.test_live_safe_threshold.TestSLTPMonitorClose" name="test_empty_positions_no_close" time="0.010" /><testcase classname="tests.unit.test_live_safe_threshold.TestSLTPMonitorClose" name="test_zero_quantity_skips_close" time="0.015" /><testcase classname="tests.unit.test_live_safe_threshold.TestLiveModeConfirmedGate" name="test_blocks_live_broker_without_confirmation" time="0.018" /><testcase classname="tests.unit.test_live_safe_threshold.TestLiveModeConfirmedGate" name="test_allows_paper_broker_without_confirmation" time="0.014" /><testcase classname="tests.unit.test_live_safe_threshold.TestLiveModeConfirmedGate" name="test_allows_live_broker_with_confirmation" time="0.012" /><testcase classname="tests.unit.test_live_safe_threshold.TestLiveModeConfirmedGate" name="test_is_live_broker_detects_paper" time="0.015" /><testcase classname="tests.unit.test_live_safe_threshold.TestLiveModeConfirmedGate" name="test_is_live_broker_class_name_mock" time="0.012" /><testcase classname="tests.unit.test_live_safe_threshold.TestSelfTradePrevention" name="test_self_trade_rejected_same_account" time="0.008" /><testcase classname="tests.unit.test_live_safe_threshold.TestSelfTradePrevention" name="test_no_self_trade_different_accounts" time="0.008" /><testcase classname="tests.unit.test_live_safe_threshold.TestSelfTradePrevention" name="test_engine_stp_check_blocks_self_trade" time="0.012" /><testcase classname="tests.unit.test_live_safe_threshold.TestMarginCheck" name="test_blocks_when_margin_insufficient" time="0.017" /><testcase classname="tests.unit.test_live_safe_threshold.TestMarginCheck" name="test_passes_when_margin_adequate" time="0.016" /><testcase classname="tests.unit.test_live_safe_threshold.TestMarginCheck" name="test_skips_check_when_no_broker" time="0.010" /><testcase classname="tests.unit.test_live_safe_threshold.TestLeverageHardCap" name="test_blocks_order_exceeding_leverage_cap" time="0.016" /><testcase classname="tests.unit.test_live_safe_threshold.TestLeverageHardCap" name="test_passes_order_within_leverage_cap" time="0.017" /><testcase classname="tests.unit.test_live_safe_threshold.TestLeverageHardCap" name="test_risk_limits_has_max_leverage_field" time="0.008" /><testcase classname="tests.unit.test_live_safe_threshold.TestLeverageHardCap" name="test_risk_limits_leverage_configurable" time="0.008" /><testcase classname="tests.unit.test_live_safe_threshold.TestKillSwitchEscalation" name="test_broker_level_cancel_called_when_positions_remain" time="4.527" /><testcase classname="tests.unit.test_live_safe_threshold.TestKillSwitchEscalation" name="test_broker_level_cancel_calls_ibkr_global_cancel" time="0.011" /><testcase classname="tests.unit.test_live_safe_threshold.TestKillSwitchEscalation" name="test_broker_level_cancel_falls_back_to_cancel_all_orders" time="0.014" /><testcase classname="tests.unit.test_live_safe_threshold.TestCalibrationLeakageFix" name="test_train_stacking_ensemble_uses_prefit" time="0.009" /><testcase classname="tests.unit.test_live_safe_threshold.TestCalibrationLeakageFix" name="test_walk_forward_loop_uses_prefit" time="0.010" /><testcase classname="tests.unit.test_live_safe_threshold.TestByBitConnector" name="test_instantiates_without_credentials" time="0.012" /><testcase classname="tests.unit.test_live_safe_threshold.TestByBitConnector" name="test_symbol_map_xauusd_to_xauusdt" time="0.013" /><testcase classname="tests.unit.test_live_safe_threshold.TestByBitConnector" name="test_symbol_map_reverse_xauusdt_to_xauusd" time="0.012" /><testcase classname="tests.unit.test_live_safe_threshold.TestByBitConnector" name="test_custom_symbol_map_overrides_default" time="0.013" /><testcase classname="tests.unit.test_live_safe_threshold.TestByBitConnector" name="test_registered_in_factory" time="0.008" /><testcase classname="tests.unit.test_live_safe_threshold.TestByBitConnector" name="test_repr_shows_sandbox_mode" time="0.013" /><testcase classname="tests.unit.test_live_safe_threshold.TestCOMEXGoldFutures" name="test_get_comex_gold_contract_function_exists" time="0.011" /><testcase classname="tests.unit.test_live_safe_threshold.TestCOMEXGoldFutures" name="test_build_contract_gc_routes_to_nymex" time="0.009" /><testcase classname="tests.unit.test_live_safe_threshold.TestCOMEXGoldFutures" name="test_build_contract_gc_preserves_explicit_nymex" time="0.010" /><testcase classname="tests.unit.test_live_safe_threshold.TestCOMEXGoldFutures" name="test_build_contract_gc_sets_symbol" time="0.008" /><testcase classname="tests.unit.test_live_safe_threshold.TestCOMEXGoldFutures" name="test_get_comex_gold_contract_raises_without_ib" time="0.008" /><testcase classname="tests.unit.test_live_safe_threshold.TestSpreadMonitor" name="test_no_spike_below_multiplier" time="0.008" /><testcase classname="tests.unit.test_live_safe_threshold.TestSpreadMonitor" name="test_spike_detected_above_multiplier" time="0.010" /><testcase classname="tests.unit.test_live_safe_threshold.TestSpreadMonitor" name="test_absolute_limit_always_blocks" time="0.007" /><testcase classname="tests.unit.test_live_safe_threshold.TestSpreadMonitor" name="test_no_spike_before_min_ticks" time="0.009" /><testcase classname="tests.unit.test_live_safe_threshold.TestSpreadMonitor" name="test_snapshot_returns_correct_structure" time="0.008" /><testcase classname="tests.unit.test_live_safe_threshold.TestSpreadMonitor" name="test_on_tick_obj_uses_bid_ask" time="0.008" /><testcase classname="tests.unit.test_live_safe_threshold.TestSpreadMonitor" name="test_singleton_returns_same_instance" time="0.007" /><testcase classname="tests.unit.test_live_safe_threshold.TestSpreadMonitor" name="test_engine_blocks_on_spread_spike" time="0.016" /><testcase classname="tests.unit.test_live_safe_threshold.TestSpreadMonitor" name="test_engine_passes_on_normal_spread" time="0.013" /><testcase classname="tests.unit.test_live_trading_gate.TestGateResult" name="test_to_dict_shape" time="0.009" /><testcase classname="tests.unit.test_live_trading_gate.TestGateResult" name="test_to_dict_allowed_false" time="0.008" /><testcase classname="tests.unit.test_live_trading_gate.TestGateResult" name="test_default_reason_is_empty" time="0.008" /><testcase classname="tests.unit.test_live_trading_gate.TestGateResult" name="test_checks_default_is_new_dict" time="0.008" /><testcase classname="tests.unit.test_live_trading_gate.TestCheckKillSwitch" name="test_passes_when_inactive" time="0.010" /><testcase classname="tests.unit.test_live_trading_gate.TestCheckKillSwitch" name="test_blocks_when_active" time="0.009" /><testcase classname="tests.unit.test_live_trading_gate.TestCheckKillSwitch" name="test_blocks_when_unavailable" time="0.009" /><testcase classname="tests.unit.test_live_trading_gate.TestCheckPaperClock" name="test_passes_when_complete" time="0.009" /><testcase classname="tests.unit.test_live_trading_gate.TestCheckPaperClock" name="test_blocks_when_incomplete" time="0.011" /><testcase classname="tests.unit.test_live_trading_gate.TestCheckPaperClock" name="test_blocks_when_unavailable" time="0.009" /><testcase classname="tests.unit.test_live_trading_gate.TestCheckOosAccuracy" name="test_passes_when_accuracy_and_pvalue_ok" time="0.009" /><testcase classname="tests.unit.test_live_trading_gate.TestCheckOosAccuracy" name="test_blocks_when_accuracy_too_low" time="0.010" /><testcase classname="tests.unit.test_live_trading_gate.TestCheckOosAccuracy" name="test_blocks_when_pvalue_too_high" time="0.009" /><testcase classname="tests.unit.test_live_trading_gate.TestCheckOosAccuracy" name="test_blocks_when_no_meta_file" time="0.009" /><testcase classname="tests.unit.test_live_trading_gate.TestCheckOosAccuracy" name="test_handles_nested_oos_structure" time="0.009" /><testcase classname="tests.unit.test_live_trading_gate.TestCheckSharpeGate" name="test_passes_via_live_report" time="0.010" /><testcase classname="tests.unit.test_live_trading_gate.TestCheckSharpeGate" name="test_blocks_via_live_report_gate_not_passed" time="0.012" /><testcase classname="tests.unit.test_live_trading_gate.TestCheckSharpeGate" name="test_blocks_when_report_has_no_pooled_section" time="0.014" /><testcase classname="tests.unit.test_live_trading_gate.TestCheckSharpeGate" name="test_passes_via_authoritative_meta" time="0.008" /><testcase classname="tests.unit.test_live_trading_gate.TestCheckSharpeGate" name="test_blocks_via_authoritative_meta_gate_false" time="0.010" /><testcase classname="tests.unit.test_live_trading_gate.TestCheckSharpeGate" name="test_blocks_when_no_files" time="0.009" /><testcase classname="tests.unit.test_live_trading_gate.TestCheckFeatureFlag" name="test_passes_when_enabled" time="0.013" /><testcase classname="tests.unit.test_live_trading_gate.TestCheckFeatureFlag" name="test_blocks_when_disabled" time="0.014" /><testcase classname="tests.unit.test_live_trading_gate.TestCheckFeatureFlag" name="test_blocks_when_unset" time="0.017" /><testcase classname="tests.unit.test_live_trading_gate.TestCheckFeatureFlag" name="test_case_insensitive_true" time="0.013" /><testcase classname="tests.unit.test_live_trading_gate.TestCheckMaster" name="test_all_pass_returns_allowed" time="0.010" /><testcase classname="tests.unit.test_live_trading_gate.TestCheckMaster" name="test_all_checks_present_in_result" time="0.010" /><testcase classname="tests.unit.test_live_trading_gate.TestCheckMaster" name="test_first_failure_becomes_reason" time="0.009" /><testcase classname="tests.unit.test_live_trading_gate.TestCheckMaster" name="test_all_checks_still_run_even_after_failure" time="0.009" /><testcase classname="tests.unit.test_live_trading_gate.TestCheckMaster" name="test_check_exception_handled_gracefully" time="0.010" /><testcase classname="tests.unit.test_live_trading_gate.TestCheckMaster" name="test_multiple_failures_only_first_in_reason" time="0.010" /><testcase classname="tests.unit.test_live_trading_gate.TestRequireOpen" name="test_calls_function_when_gate_open" time="0.010" /><testcase classname="tests.unit.test_live_trading_gate.TestRequireOpen" name="test_raises_when_gate_blocked" time="0.010" /><testcase classname="tests.unit.test_live_trading_gate.TestRequireOpen" name="test_decorated_function_receives_args" time="0.009" /><testcase classname="tests.unit.test_live_trading_gate.TestStatusDictAndSingleton" name="test_status_dict_shape" time="0.009" /><testcase classname="tests.unit.test_live_trading_gate.TestStatusDictAndSingleton" name="test_get_gate_returns_live_trading_gate_instance" time="0.007" /><testcase classname="tests.unit.test_live_trading_gate.TestStatusDictAndSingleton" name="test_get_gate_returns_same_instance_on_repeated_calls" time="0.008" /><testcase classname="tests.unit.test_llm_sandbox.TestBannedModuleImports" name="test_import_os" time="0.008" /><testcase classname="tests.unit.test_llm_sandbox.TestBannedModuleImports" name="test_import_os_as_alias" time="0.008" /><testcase classname="tests.unit.test_llm_sandbox.TestBannedModuleImports" name="test_from_os_import" time="0.007" /><testcase classname="tests.unit.test_llm_sandbox.TestBannedModuleImports" name="test_from_os_path_import" time="0.008" /><testcase classname="tests.unit.test_llm_sandbox.TestBannedModuleImports" name="test_import_subprocess" time="0.007" /><testcase classname="tests.unit.test_llm_sandbox.TestBannedModuleImports" name="test_import_socket" time="0.008" /><testcase classname="tests.unit.test_llm_sandbox.TestBannedModuleImports" name="test_import_requests" time="0.007" /><testcase classname="tests.unit.test_llm_sandbox.TestBannedModuleImports" name="test_import_aiohttp" time="0.009" /><testcase classname="tests.unit.test_llm_sandbox.TestBannedModuleImports" name="test_import_httpx" time="0.008" /><testcase classname="tests.unit.test_llm_sandbox.TestBannedModuleImports" name="test_import_ctypes" time="0.010" /><testcase classname="tests.unit.test_llm_sandbox.TestBannedModuleImports" name="test_import_importlib" time="0.009" /><testcase classname="tests.unit.test_llm_sandbox.TestBannedModuleImports" name="test_from_importlib_import" time="0.008" /><testcase classname="tests.unit.test_llm_sandbox.TestBannedModuleImports" name="test_import_pathlib" time="0.009" /><testcase classname="tests.unit.test_llm_sandbox.TestBannedModuleImports" name="test_import_shutil" time="0.008" /><testcase classname="tests.unit.test_llm_sandbox.TestBannedModuleImports" name="test_import_threading" time="0.007" /><testcase classname="tests.unit.test_llm_sandbox.TestBannedModuleImports" name="test_import_multiprocessing" time="0.007" /><testcase classname="tests.unit.test_llm_sandbox.TestBannedModuleImports" name="test_import_pickle" time="0.008" /><testcase classname="tests.unit.test_llm_sandbox.TestBannedModuleImports" name="test_import_sys" time="0.008" /><testcase classname="tests.unit.test_llm_sandbox.TestBannedBuiltins" name="test_eval" time="0.008" /><testcase classname="tests.unit.test_llm_sandbox.TestBannedBuiltins" name="test_exec" time="0.008" /><testcase classname="tests.unit.test_llm_sandbox.TestBannedBuiltins" name="test_open" time="0.007" /><testcase classname="tests.unit.test_llm_sandbox.TestBannedBuiltins" name="test_compile" time="0.008" /><testcase classname="tests.unit.test_llm_sandbox.TestBannedBuiltins" name="test_getattr" time="0.008" /><testcase classname="tests.unit.test_llm_sandbox.TestBypassVectors" name="test_importlib_bypass" time="0.008" /><testcase classname="tests.unit.test_llm_sandbox.TestBypassVectors" name="test_getattr_split" time="0.008" /><testcase classname="tests.unit.test_llm_sandbox.TestBypassVectors" name="test_pathlib_write" time="0.008" /><testcase classname="tests.unit.test_llm_sandbox.TestBypassVectors" name="test_ctypes_load" time="0.009" /><testcase classname="tests.unit.test_llm_sandbox.TestSafeCode" name="test_numpy_allowed" time="0.009" /><testcase classname="tests.unit.test_llm_sandbox.TestSafeCode" name="test_pandas_allowed" time="0.009" /><testcase classname="tests.unit.test_llm_sandbox.TestSafeCode" name="test_math_allowed" time="0.008" /><testcase classname="tests.unit.test_llm_sandbox.TestSafeCode" name="test_pure_python_allowed" time="0.008" /><testcase classname="tests.unit.test_llm_sandbox.TestSafeCode" name="test_compile_strategy_safe_code" time="0.135" /><testcase classname="tests.unit.test_llm_sandbox.TestSafeCode" name="test_compile_strategy_blocked_code" time="0.008" /><testcase classname="tests.unit.test_llm_sandbox.TestSafeCode" name="test_syntax_error_rejected" time="0.008" /><testcase classname="tests.unit.test_lstm_signal_layer_full.TestLoad" name="test_returns_false_when_model_file_missing" time="0.008" /><testcase classname="tests.unit.test_lstm_signal_layer_full.TestLoad" name="test_returns_false_on_second_call_after_failure" time="0.009" /><testcase classname="tests.unit.test_lstm_signal_layer_full.TestLoad" name="test_returns_true_when_already_loaded" time="0.007" /><testcase classname="tests.unit.test_lstm_signal_layer_full.TestLoad" name="test_handles_import_error_gracefully" time="0.014" /><testcase classname="tests.unit.test_lstm_signal_layer_full.TestLoad" name="test_loads_successfully_with_mock_predictor" time="0.013" /><testcase classname="tests.unit.test_lstm_signal_layer_full.TestNeutral" name="test_neutral_returns_correct_structure" time="0.010" /><testcase classname="tests.unit.test_lstm_signal_layer_full.TestNeutral" name="test_neutral_with_none_ohlcv" time="0.008" /><testcase classname="tests.unit.test_lstm_signal_layer_full.TestNeutral" name="test_neutral_increments_abstain_count" time="0.009" /><testcase classname="tests.unit.test_lstm_signal_layer_full.TestPredictModelUnavailable" name="test_returns_neutral_when_model_missing" time="0.010" /><testcase classname="tests.unit.test_lstm_signal_layer_full.TestPredictModelUnavailable" name="test_returns_neutral_when_insufficient_bars" time="0.010" /><testcase classname="tests.unit.test_lstm_signal_layer_full.TestPredictModelUnavailable" name="test_returns_neutral_when_ohlcv_is_none" time="0.010" /><testcase classname="tests.unit.test_lstm_signal_layer_full.TestPredictSequenceBuild" name="test_returns_neutral_when_sequence_build_fails" time="0.011" /><testcase classname="tests.unit.test_lstm_signal_layer_full.TestPredictSequenceBuild" name="test_returns_neutral_when_flat_market" time="0.010" /><testcase classname="tests.unit.test_lstm_signal_layer_full.TestPredictSequenceBuild" name="test_returns_neutral_when_inference_fails" time="0.012" /><testcase classname="tests.unit.test_lstm_signal_layer_full.TestPredictDirections" name="test_long_direction_when_prob_high" time="0.011" /><testcase classname="tests.unit.test_lstm_signal_layer_full.TestPredictDirections" name="test_short_direction_when_prob_low" time="0.011" /><testcase classname="tests.unit.test_lstm_signal_layer_full.TestPredictDirections" name="test_neutral_when_prob_in_dead_band" time="0.010" /><testcase classname="tests.unit.test_lstm_signal_layer_full.TestPredictDirections" name="test_high_confidence_flag" time="0.011" /><testcase classname="tests.unit.test_lstm_signal_layer_full.TestPredictDirections" name="test_predict_increments_predict_count" time="0.010" /><testcase classname="tests.unit.test_lstm_signal_layer_full.TestBuildSequence" name="test_returns_none_when_advanced_features_fails" time="0.008" /><testcase classname="tests.unit.test_lstm_signal_layer_full.TestBuildSequence" name="test_returns_none_when_X_too_short" time="0.011" /><testcase classname="tests.unit.test_lstm_signal_layer_full.TestBuildSequence" name="test_returns_array_with_correct_shape" time="0.011" /><testcase classname="tests.unit.test_lstm_signal_layer_full.TestBuildSequence" name="test_replaces_nan_with_zero" time="0.010" /><testcase classname="tests.unit.test_lstm_signal_layer_full.TestStats" name="test_stats_returns_expected_keys" time="0.008" /><testcase classname="tests.unit.test_lstm_signal_layer_full.TestStats" name="test_abstain_rate_zero_when_no_predictions" time="0.007" /><testcase classname="tests.unit.test_lstm_signal_layer_full.TestStats" name="test_is_available_false_when_not_loaded" time="0.007" /><testcase classname="tests.unit.test_lstm_signal_layer_full.TestStats" name="test_is_available_true_when_loaded" time="0.007" /><testcase classname="tests.unit.test_lstm_signal_layer_full.TestSingleton" name="test_get_lstm_signal_layer_returns_same_instance" time="0.007" /><testcase classname="tests.unit.test_macro_store.TestUpdate" name="test_update_creates_series" time="0.009" /><testcase classname="tests.unit.test_macro_store.TestUpdate" name="test_update_upserts_value" time="0.009" /><testcase classname="tests.unit.test_macro_store.TestUpdate" name="test_update_multiple_dates_sorted" time="0.013" /><testcase classname="tests.unit.test_macro_store.TestUpdate" name="test_update_accepts_datetime_object" time="0.008" /><testcase classname="tests.unit.test_macro_store.TestLoadCsv" name="test_load_csv_parses_correctly" time="0.018" /><testcase classname="tests.unit.test_macro_store.TestLoadCsv" name="test_load_csv_missing_file_returns_zero" time="0.007" /><testcase classname="tests.unit.test_macro_store.TestLoadCsv" name="test_load_csv_custom_column_names" time="0.014" /><testcase classname="tests.unit.test_macro_store.TestLoadCsv" name="test_load_csv_drops_na_rows" time="0.015" /><testcase classname="tests.unit.test_macro_store.TestAlignToHourly" name="test_forward_fill_propagates_daily_to_hourly" time="0.013" /><testcase classname="tests.unit.test_macro_store.TestAlignToHourly" name="test_missing_series_filled_with_zeros" time="0.011" /><testcase classname="tests.unit.test_macro_store.TestAlignToHourly" name="test_empty_store_returns_empty_dataframe" time="0.008" /><testcase classname="tests.unit.test_macro_store.TestAlignToHourly" name="test_timezone_naive_ohlcv_is_handled" time="0.011" /><testcase classname="tests.unit.test_macro_store.TestAlignToHourly" name="test_result_has_same_length_as_ohlcv" time="0.012" /><testcase classname="tests.unit.test_macro_store.TestAlignToHourly" name="test_leading_bars_before_first_observation_filled_with_zero" time="0.011" /><testcase classname="tests.unit.test_macro_store.TestSnapshot" name="test_snapshot_returns_latest_values" time="0.009" /><testcase classname="tests.unit.test_macro_store.TestSnapshot" name="test_snapshot_empty_store" time="0.007" /><testcase classname="tests.unit.test_macro_store.TestSnapshot" name="test_len_returns_series_count" time="0.009" /><testcase classname="tests.unit.test_market_data_coverage.TestTick" name="test_mid_price_with_bid_ask" time="0.007" /><testcase classname="tests.unit.test_market_data_coverage.TestTick" name="test_mid_price_fallback_to_last" time="0.007" /><testcase classname="tests.unit.test_market_data_coverage.TestTick" name="test_spread" time="0.007" /><testcase classname="tests.unit.test_market_data_coverage.TestTick" name="test_spread_zero_when_no_bid_ask" time="0.007" /><testcase classname="tests.unit.test_market_data_coverage.TestTick" name="test_is_trade_flag" time="0.007" /><testcase classname="tests.unit.test_market_data_coverage.TestFeedHandler" name="test_subscribe_adds_symbols" time="0.008" /><testcase classname="tests.unit.test_market_data_coverage.TestFeedHandler" name="test_on_tick_callback_called" time="0.008" /><testcase classname="tests.unit.test_market_data_coverage.TestFeedHandler" name="test_tick_not_delivered_for_unsubscribed_symbol" time="0.008" /><testcase classname="tests.unit.test_market_data_coverage.TestFeedHandler" name="test_stats_incremented" time="0.007" /><testcase classname="tests.unit.test_market_data_coverage.TestFeedHandler" name="test_parse_oanda" time="0.008" /><testcase classname="tests.unit.test_market_data_coverage.TestFeedHandler" name="test_parse_binance" time="0.009" /><testcase classname="tests.unit.test_market_data_coverage.TestFeedHandler" name="test_parse_coinbase" time="0.008" /><testcase classname="tests.unit.test_market_data_coverage.TestFeedHandler" name="test_parse_generic" time="0.008" /><testcase classname="tests.unit.test_market_data_coverage.TestFeedHandler" name="test_get_l1_book_returns_latest_quote" time="0.008" /><testcase classname="tests.unit.test_market_data_coverage.TestFeedHandler" name="test_get_l1_book_returns_none_for_unknown" time="0.007" /><testcase classname="tests.unit.test_market_data_coverage.TestFeedHandler" name="test_get_recent_trades_empty_when_no_trades" time="0.007" /><testcase classname="tests.unit.test_market_data_coverage.TestFeedHandler" name="test_get_recent_trades_returns_trade_ticks" time="0.007" /><testcase classname="tests.unit.test_market_data_coverage.TestFeedHandler" name="test_callback_exception_does_not_crash" time="0.009" /><testcase classname="tests.unit.test_market_data_coverage.TestFeedHandler" name="test_add_exchange" time="0.008" /><testcase classname="tests.unit.test_market_data_coverage.TestFeedHandler" name="test_tick_buffer_bounded" time="1.408" /><testcase classname="tests.unit.test_market_data_coverage.TestFeedHandler" name="test_normalize_dispatches_to_correct_parser" time="0.008" /><testcase classname="tests.unit.test_market_data_coverage.TestExchangeFeed" name="test_subscribe_adds_symbols" time="0.008" /><testcase classname="tests.unit.test_market_data_coverage.TestExchangeFeed" name="test_set_callback" time="0.006" /><testcase classname="tests.unit.test_market_data_coverage.TestExchangeFeed" name="test_initial_state" time="0.009" /><testcase classname="tests.unit.test_market_data_coverage.TestMarketDataValidator" name="test_valid_tick_passes" time="0.008" /><testcase classname="tests.unit.test_market_data_coverage.TestMarketDataValidator" name="test_stale_tick_flagged" time="0.007" /><testcase classname="tests.unit.test_market_data_coverage.TestMarketDataValidator" name="test_price_jump_flagged" time="0.009" /><testcase classname="tests.unit.test_market_data_coverage.TestMarketDataValidator" name="test_zero_volume_flagged" time="0.008" /><testcase classname="tests.unit.test_market_data_coverage.TestMarketDataValidator" name="test_negative_spread_flagged" time="0.008" /><testcase classname="tests.unit.test_market_data_coverage.TestMarketDataValidator" name="test_missing_fields_flagged" time="0.007" /><testcase classname="tests.unit.test_market_data_coverage.TestMarketDataValidator" name="test_reference_price_updated_on_valid_tick" time="0.007" /><testcase classname="tests.unit.test_market_data_coverage.TestMarketDataValidator" name="test_validate_ohlc_valid_dataframe" time="0.011" /><testcase classname="tests.unit.test_market_data_coverage.TestMarketDataValidator" name="test_validate_ohlc_invalid_high_low" time="0.010" /><testcase classname="tests.unit.test_market_data_coverage.TestMarketDataValidator" name="test_get_quality_report_empty" time="0.008" /><testcase classname="tests.unit.test_market_data_coverage.TestMarketDataValidator" name="test_get_quality_report_with_history" time="0.009" /><testcase classname="tests.unit.test_market_data_coverage.TestMarketDataValidator" name="test_unix_timestamp_staleness" time="0.008" /><testcase classname="tests.unit.test_market_data_coverage.TestMarketDataValidator" name="test_no_reference_price_skips_jump_check" time="0.009" /><testcase classname="tests.unit.test_market_data_coverage.TestMarketDataCache" name="test_ping_returns_true" time="0.007" /><testcase classname="tests.unit.test_market_data_coverage.TestMarketDataCache" name="test_get_latest_tick_empty" time="0.007" /><testcase classname="tests.unit.test_market_data_coverage.TestMarketDataCache" name="test_store_and_retrieve_tick" time="0.008" /><testcase classname="tests.unit.test_market_data_coverage.TestMarketDataCache" name="test_get_recent_ticks_empty" time="0.008" /><testcase classname="tests.unit.test_market_data_coverage.TestMarketDataCache" name="test_get_recent_ticks_returns_list" time="0.010" /><testcase classname="tests.unit.test_market_data_coverage.TestMarketDataCache" name="test_get_ticks_since" time="0.007" /><testcase classname="tests.unit.test_market_data_coverage.TestMarketDataCache" name="test_store_bar" time="0.013" /><testcase classname="tests.unit.test_market_data_coverage.TestMarketDataCache" name="test_get_bars_empty" time="0.008" /><testcase classname="tests.unit.test_market_data_coverage.TestMarketDataCache" name="test_store_and_get_bars" time="0.008" /><testcase classname="tests.unit.test_market_data_coverage.TestMarketDataCache" name="test_get_bars_since" time="0.008" /><testcase classname="tests.unit.test_market_data_coverage.TestMarketDataCache" name="test_get_latest_bar_none" time="0.008" /><testcase classname="tests.unit.test_market_data_coverage.TestMarketDataCache" name="test_get_latest_bar_returns_value" time="0.008" /><testcase classname="tests.unit.test_market_data_coverage.TestMarketDataCache" name="test_get_feed_health_none" time="0.007" /><testcase classname="tests.unit.test_market_data_coverage.TestMarketDataCache" name="test_get_feed_health_returns_value" time="0.007" /><testcase classname="tests.unit.test_market_data_coverage.TestMarketDataCache" name="test_redis_error_returns_none_not_raises" time="0.013" /><testcase classname="tests.unit.test_market_data_coverage.TestMarketDataCache" name="test_redis_error_get_bars_returns_empty" time="0.011" /><testcase classname="tests.unit.test_market_data_coverage.TestMarketDataCache" name="test_redis_error_get_ticks_since_returns_empty" time="0.010" /><testcase classname="tests.unit.test_market_data_coverage.TestMarketDataCache" name="test_store_bar_redis_error_does_not_raise" time="0.009" /><testcase classname="tests.unit.test_market_data_coverage.TestMarketDataCache" name="test_custom_key_prefix" time="0.008" /><testcase classname="tests.unit.test_market_data_coverage.TestBookLevel" name="test_creation" time="0.006" /><testcase classname="tests.unit.test_market_data_coverage.TestOrderBookSnapshot" name="test_snapshot_creation" time="0.007" /><testcase classname="tests.unit.test_market_data_coverage.TestOrderBookSnapshot" name="test_mid_price_computed" time="0.007" /><testcase classname="tests.unit.test_market_data_coverage.TestOrderBookSnapshot" name="test_spread_bps_computed" time="0.009" /><testcase classname="tests.unit.test_market_data_coverage.TestOrderBookSnapshot" name="test_empty_book" time="0.008" /><testcase classname="tests.unit.test_market_data_modules.TestDataQualityIssue" name="test_enum_values" time="0.008" /><testcase classname="tests.unit.test_market_data_modules.TestValidationResult" name="test_creation" time="0.007" /><testcase classname="tests.unit.test_market_data_modules.TestMarketDataValidator" name="test_valid_tick_passes" time="0.007" /><testcase classname="tests.unit.test_market_data_modules.TestMarketDataValidator" name="test_stale_tick_flagged" time="0.006" /><testcase classname="tests.unit.test_market_data_modules.TestMarketDataValidator" name="test_price_jump_flagged" time="0.009" /><testcase classname="tests.unit.test_market_data_modules.TestMarketDataValidator" name="test_zero_volume_flagged" time="0.008" /><testcase classname="tests.unit.test_market_data_modules.TestMarketDataValidator" name="test_negative_spread_flagged" time="0.007" /><testcase classname="tests.unit.test_market_data_modules.TestMarketDataValidator" name="test_missing_fields_flagged" time="0.007" /><testcase classname="tests.unit.test_market_data_modules.TestMarketDataValidator" name="test_reference_price_updated_on_valid" time="0.007" /><testcase classname="tests.unit.test_market_data_modules.TestMarketDataValidator" name="test_quality_history_grows" time="0.007" /><testcase classname="tests.unit.test_market_data_modules.TestMarketDataValidator" name="test_get_quality_report_empty" time="0.007" /><testcase classname="tests.unit.test_market_data_modules.TestMarketDataValidator" name="test_get_quality_report_with_history" time="0.008" /><testcase classname="tests.unit.test_market_data_modules.TestMarketDataValidator" name="test_validate_ohlc_valid_df" time="0.010" /><testcase classname="tests.unit.test_market_data_modules.TestMarketDataValidator" name="test_validate_ohlc_invalid_relationships" time="0.010" /><testcase classname="tests.unit.test_market_data_modules.TestMarketDataValidator" name="test_validate_ohlc_excessive_nan" time="0.011" /><testcase classname="tests.unit.test_market_data_modules.TestMarketDataValidator" name="test_tick_with_unix_timestamp" time="0.007" /><testcase classname="tests.unit.test_market_data_modules.TestMarketDataValidator" name="test_no_bid_ask_skips_spread_check" time="0.007" /><testcase classname="tests.unit.test_market_data_modules.TestMarketDataCache" name="test_ping_true" time="0.010" /><testcase classname="tests.unit.test_market_data_modules.TestMarketDataCache" name="test_ping_false_on_exception" time="0.013" /><testcase classname="tests.unit.test_market_data_modules.TestMarketDataCache" name="test_get_latest_tick_returns_dict" time="0.009" /><testcase classname="tests.unit.test_market_data_modules.TestMarketDataCache" name="test_get_latest_tick_none_on_empty" time="0.008" /><testcase classname="tests.unit.test_market_data_modules.TestMarketDataCache" name="test_get_latest_tick_none_on_exception" time="0.012" /><testcase classname="tests.unit.test_market_data_modules.TestMarketDataCache" name="test_get_recent_ticks_returns_list" time="0.009" /><testcase classname="tests.unit.test_market_data_modules.TestMarketDataCache" name="test_get_recent_ticks_empty_on_exception" time="0.012" /><testcase classname="tests.unit.test_market_data_modules.TestMarketDataCache" name="test_get_ticks_since_returns_list" time="0.008" /><testcase classname="tests.unit.test_market_data_modules.TestMarketDataCache" name="test_get_ticks_since_empty_on_exception" time="0.012" /><testcase classname="tests.unit.test_market_data_modules.TestMarketDataCache" name="test_store_bar_calls_zadd" time="0.012" /><testcase classname="tests.unit.test_market_data_modules.TestMarketDataCache" name="test_store_bar_silent_on_exception" time="0.012" /><testcase classname="tests.unit.test_market_data_modules.TestMarketDataCache" name="test_get_bars_returns_chronological" time="0.008" /><testcase classname="tests.unit.test_market_data_modules.TestMarketDataCache" name="test_get_bars_empty_on_exception" time="0.013" /><testcase classname="tests.unit.test_market_data_modules.TestMarketDataCache" name="test_get_bars_since_returns_list" time="0.009" /><testcase classname="tests.unit.test_market_data_modules.TestMarketDataCache" name="test_get_bars_since_empty_on_exception" time="0.012" /><testcase classname="tests.unit.test_market_data_modules.TestMarketDataCache" name="test_get_latest_bar_returns_dict" time="0.009" /><testcase classname="tests.unit.test_market_data_modules.TestMarketDataCache" name="test_get_latest_bar_none_on_empty" time="0.008" /><testcase classname="tests.unit.test_market_data_modules.TestMarketDataCache" name="test_get_latest_bar_none_on_exception" time="0.013" /><testcase classname="tests.unit.test_market_data_modules.TestMarketDataCache" name="test_get_feed_health_returns_dict" time="0.008" /><testcase classname="tests.unit.test_market_data_modules.TestMarketDataCache" name="test_get_feed_health_none_on_empty" time="0.009" /><testcase classname="tests.unit.test_market_data_modules.TestMarketDataCache" name="test_get_feed_health_none_on_exception" time="0.011" /><testcase classname="tests.unit.test_market_data_modules.TestMarketDataCache" name="test_custom_key_prefix" time="0.009" /><testcase classname="tests.unit.test_market_data_modules.TestMarketDataCache" name="test_store_bar_without_bar_open_ts" time="0.016" /><testcase classname="tests.unit.test_market_data_modules.TestTick" name="test_mid_with_bid_ask" time="0.008" /><testcase classname="tests.unit.test_market_data_modules.TestTick" name="test_mid_fallback_to_last_price" time="0.007" /><testcase classname="tests.unit.test_market_data_modules.TestTick" name="test_spread" time="0.007" /><testcase classname="tests.unit.test_market_data_modules.TestTick" name="test_spread_zero_when_no_bid_ask" time="0.007" /><testcase classname="tests.unit.test_market_data_modules.TestTick" name="test_is_trade_default_false" time="0.008" /><testcase classname="tests.unit.test_market_data_modules.TestFeedHandler" name="test_init" time="0.006" /><testcase classname="tests.unit.test_market_data_modules.TestFeedHandler" name="test_subscribe_adds_symbols" time="0.008" /><testcase classname="tests.unit.test_market_data_modules.TestFeedHandler" name="test_on_tick_registers_callback" time="0.007" /><testcase classname="tests.unit.test_market_data_modules.TestFeedHandler" name="test_parse_oanda_tick" time="0.007" /><testcase classname="tests.unit.test_market_data_modules.TestFeedHandler" name="test_parse_binance_tick" time="0.007" /><testcase classname="tests.unit.test_market_data_modules.TestFeedHandler" name="test_parse_binance_trade_flag" time="0.007" /><testcase classname="tests.unit.test_market_data_modules.TestFeedHandler" name="test_parse_generic_tick" time="0.007" /><testcase classname="tests.unit.test_market_data_modules.TestFeedHandler" name="test_on_exchange_tick_dispatches_callback" time="0.007" /><testcase classname="tests.unit.test_market_data_modules.TestFeedHandler" name="test_on_exchange_tick_ignores_unsubscribed" time="0.007" /><testcase classname="tests.unit.test_market_data_modules.TestFeedHandler" name="test_callback_exception_does_not_crash" time="0.010" /><testcase classname="tests.unit.test_market_data_modules.TestFeedHandler" name="test_get_l1_book_returns_latest_quote" time="0.008" /><testcase classname="tests.unit.test_market_data_modules.TestFeedHandler" name="test_get_l1_book_none_for_unknown" time="0.008" /><testcase classname="tests.unit.test_market_data_modules.TestFeedHandler" name="test_get_recent_trades_filters_trades" time="0.008" /><testcase classname="tests.unit.test_market_data_modules.TestFeedHandler" name="test_add_exchange_sets_callback" time="0.007" /><testcase classname="tests.unit.test_market_data_modules.TestFeedHandler" name="test_parse_coinbase_tick" time="0.007" /><testcase classname="tests.unit.test_market_data_modules.TestFeedHandler" name="test_normalize_dispatches_to_oanda" time="0.007" /><testcase classname="tests.unit.test_market_data_modules.TestFeedHandler" name="test_normalize_dispatches_to_binance" time="0.007" /><testcase classname="tests.unit.test_market_data_modules.TestFeedHandler" name="test_stats_ticks_processed_increments" time="0.007" /><testcase classname="tests.unit.test_market_data_modules.TestExchangeFeed" name="test_init" time="0.007" /><testcase classname="tests.unit.test_market_data_modules.TestExchangeFeed" name="test_set_callback" time="0.008" /><testcase classname="tests.unit.test_market_data_modules.TestExchangeFeed" name="test_subscribe_adds_symbols" time="0.007" /><testcase classname="tests.unit.test_market_data_modules.TestBookLevel" name="test_creation" time="0.007" /><testcase classname="tests.unit.test_market_data_modules.TestOrderBookSnapshot" name="test_mid_price_computed" time="0.008" /><testcase classname="tests.unit.test_market_data_modules.TestOrderBookSnapshot" name="test_spread_bps_positive" time="0.008" /><testcase classname="tests.unit.test_market_data_modules.TestOrderBookSnapshot" name="test_obi_in_range" time="0.008" /><testcase classname="tests.unit.test_market_data_modules.TestOrderBookSnapshot" name="test_weighted_mid_computed" time="0.008" /><testcase classname="tests.unit.test_market_data_modules.TestOrderBookSnapshot" name="test_bid_depth_positive" time="0.007" /><testcase classname="tests.unit.test_market_data_modules.TestOrderBookSnapshot" name="test_ask_depth_positive" time="0.009" /><testcase classname="tests.unit.test_market_data_modules.TestOrderBookSnapshot" name="test_depth_ratio_positive" time="0.008" /><testcase classname="tests.unit.test_market_data_modules.TestOrderBookSnapshot" name="test_price_pressure_computed" time="0.008" /><testcase classname="tests.unit.test_market_data_modules.TestOrderBookSnapshot" name="test_to_ml_features_keys" time="0.008" /><testcase classname="tests.unit.test_market_data_modules.TestOrderBookSnapshot" name="test_to_ml_features_obi_clipped" time="0.008" /><testcase classname="tests.unit.test_market_data_modules.TestOrderBookSnapshot" name="test_empty_book_no_crash" time="0.007" /><testcase classname="tests.unit.test_market_data_modules.TestOrderBookSnapshot" name="test_cumulative_delta_in_features" time="0.008" /><testcase classname="tests.unit.test_market_data_modules.TestOrderBook" name="test_apply_snapshot_returns_snapshot" time="0.009" /><testcase classname="tests.unit.test_market_data_modules.TestOrderBook" name="test_apply_snapshot_sets_symbol" time="0.007" /><testcase classname="tests.unit.test_market_data_modules.TestOrderBook" name="test_apply_delta_add_level" time="0.008" /><testcase classname="tests.unit.test_market_data_modules.TestOrderBook" name="test_apply_delta_remove_level" time="0.007" /><testcase classname="tests.unit.test_market_data_modules.TestOrderBook" name="test_apply_delta_ask_side" time="0.008" /><testcase classname="tests.unit.test_market_data_modules.TestOrderBook" name="test_record_trade_buy_increases_delta" time="0.007" /><testcase classname="tests.unit.test_market_data_modules.TestOrderBook" name="test_record_trade_sell_decreases_delta" time="0.007" /><testcase classname="tests.unit.test_market_data_modules.TestOrderBook" name="test_get_snapshot_none_before_update" time="0.006" /><testcase classname="tests.unit.test_market_data_modules.TestOrderBook" name="test_get_snapshot_after_update" time="0.011" /><testcase classname="tests.unit.test_market_data_modules.TestOrderBook" name="test_update_count_increments" time="0.008" /><testcase classname="tests.unit.test_market_data_modules.TestOrderBook" name="test_zero_size_levels_excluded" time="0.008" /><testcase classname="tests.unit.test_market_data_modules.TestOrderBook" name="test_bids_sorted_descending" time="0.007" /><testcase classname="tests.unit.test_market_data_modules.TestOrderBook" name="test_asks_sorted_ascending" time="0.008" /><testcase classname="tests.unit.test_market_data_modules.TestOrderBook" name="test_cumulative_delta_in_snapshot" time="0.007" /><testcase classname="tests.unit.test_market_data_modules.TestOrderBook" name="test_apply_snapshot_with_timestamp" time="0.007" /><testcase classname="tests.unit.test_market_data_modules.TestPolygonL2Feed" name="test_to_polygon_pair" time="0.007" /><testcase classname="tests.unit.test_market_data_modules.TestPolygonL2Feed" name="test_to_polygon_sub" time="0.008" /><testcase classname="tests.unit.test_market_data_modules.TestPolygonL2Feed" name="test_get_snapshot_none_before_start" time="0.007" /><testcase classname="tests.unit.test_market_data_modules.TestPolygonL2Feed" name="test_stop_without_start" time="0.010" /><testcase classname="tests.unit.test_market_data_modules.TestPolygonL2Feed" name="test_start_raises_without_api_key" time="0.009" /><testcase classname="tests.unit.test_market_data_modules.TestOrderBookFeed" name="test_get_snapshot_none_before_start" time="0.007" /><testcase classname="tests.unit.test_market_data_modules.TestOrderBookFeed" name="test_get_ml_features_neutral_before_start" time="0.007" /><testcase classname="tests.unit.test_market_data_modules.TestOrderBookFeed" name="test_stop_without_start" time="0.009" /><testcase classname="tests.unit.test_market_data_modules.TestOrderBookFeed" name="test_start_unknown_provider_raises" time="0.009" /><testcase classname="tests.unit.test_market_data_modules.TestGetOrderBookFeed" name="test_returns_instance" time="0.007" /><testcase classname="tests.unit.test_market_data_modules.TestGetOrderBookFeed" name="test_singleton_behavior" time="0.007" /><testcase classname="tests.unit.test_market_data_modules.TestFeedHealth" name="test_defaults" time="0.008" /><testcase classname="tests.unit.test_market_data_modules.TestMT5LiveFeed" name="test_init_defaults" time="0.007" /><testcase classname="tests.unit.test_market_data_modules.TestMT5LiveFeed" name="test_health_property" time="0.009" /><testcase classname="tests.unit.test_market_data_modules.TestMT5LiveFeed" name="test_set_tick_callback" time="0.009" /><testcase classname="tests.unit.test_market_data_modules.TestMT5LiveFeed" name="test_stop_when_not_running" time="0.008" /><testcase classname="tests.unit.test_market_data_modules.TestMT5LiveFeed" name="test_start_double_call_ignored" time="0.008" /><testcase classname="tests.unit.test_market_data_modules.TestMT5LiveFeed" name="test_permanently_failed_stops_reconnect" time="0.008" /><testcase classname="tests.unit.test_market_data_modules.TestMT5LiveFeed" name="test_max_reconnect_exceeded_marks_failed" time="0.007"><skipped type="pytest.skip" message="websocket available — test targets REST fallback path">/home/user/HOPEFX-AI-TRADING/tests/unit/test_market_data_modules.py:1173: websocket available — test targets REST fallback path</skipped></testcase><testcase classname="tests.unit.test_market_data_modules.TestMT5LiveFeed" name="test_on_message_valid_json" time="0.007" /><testcase classname="tests.unit.test_market_data_modules.TestMT5LiveFeed" name="test_on_message_invalid_json_no_crash" time="0.008" /><testcase classname="tests.unit.test_market_data_modules.TestMT5LiveFeed" name="test_on_message_callback_exception_isolated" time="0.012" /><testcase classname="tests.unit.test_market_data_modules.TestMT5LiveFeed" name="test_on_open_sets_connected" time="0.009" /><testcase classname="tests.unit.test_market_data_modules.TestMT5LiveFeed" name="test_on_close_sets_disconnected" time="0.007" /><testcase classname="tests.unit.test_market_data_modules.TestMT5LiveFeed" name="test_on_error_logs_error" time="0.009" /><testcase classname="tests.unit.test_market_data_modules.TestMT5LiveFeed" name="test_on_ping_pong_no_crash" time="0.007" /><testcase classname="tests.unit.test_market_data_modules.TestMT5LiveFeed" name="test_rest_fallback_loop_exits_when_stopped" time="0.009" /><testcase classname="tests.unit.test_market_data_modules.TestMT5LiveFeed" name="test_capture_sentry_no_crash_without_sentry" time="0.008" /><testcase classname="tests.unit.test_market_data_modules.TestMT5LiveFeed" name="test_last_tick_ts_updated_on_message" time="0.007" /><testcase classname="tests.unit.test_market_data_modules.TestMT5LiveFeed" name="test_get_smoothed_price_none_when_empty" time="0.007" /><testcase classname="tests.unit.test_market_data_modules.TestMT5LiveFeed" name="test_get_smoothed_price_after_ticks" time="0.007" /><testcase classname="tests.unit.test_market_data_modules.TestMT5LiveFeed" name="test_get_avg_latency_none_when_empty" time="0.008" /><testcase classname="tests.unit.test_market_data_modules.TestMT5LiveFeed" name="test_get_avg_latency_after_ticks_with_timestamp" time="0.007" /><testcase classname="tests.unit.test_market_data_modules.TestMT5LiveFeed" name="test_track_latency_bad_timestamp_no_crash" time="0.008" /><testcase classname="tests.unit.test_market_data_modules.TestMT5LiveFeed" name="test_handle_tick_no_callback" time="0.008" /><testcase classname="tests.unit.test_market_data_modules.TestMT5LiveFeed" name="test_callback_error_count_increments" time="0.010" /><testcase classname="tests.unit.test_market_data_modules.TestValidationAdditional" name="test_tick_with_int_timestamp_stale" time="0.008" /><testcase classname="tests.unit.test_market_data_modules.TestValidationAdditional" name="test_is_trading_hours_weekday_true" time="0.008" /><testcase classname="tests.unit.test_market_data_modules.TestValidationAdditional" name="test_is_trading_hours_weekend_false" time="0.009" /><testcase classname="tests.unit.test_market_data_modules.TestValidationAdditional" name="test_validate_ohlc_with_datetime_index_no_gaps" time="0.012" /><testcase classname="tests.unit.test_market_data_modules.TestRedisCacheAdditional" name="test_log_error_with_sentry_available" time="0.012" /><testcase classname="tests.unit.test_market_data_modules.TestRedisCacheAdditional" name="test_log_error_sentry_capture_exception_raises" time="0.010" /><testcase classname="tests.unit.test_market_data_modules.TestFeedHandlerAdditional" name="test_subscribe_propagates_to_exchanges" time="0.007" /><testcase classname="tests.unit.test_market_data_modules.TestFeedHandlerAdditional" name="test_aiohttp_import_branch" time="0.007" /><testcase classname="tests.unit.test_market_data_modules.TestFeedHandlerAdditional" name="test_exchange_feed_send_subscription_noop" time="0.009" /><testcase classname="tests.unit.test_market_data_modules.TestFeedHandlerAdditional" name="test_exchange_feed_receive_loop_text_message" time="0.012" /><testcase classname="tests.unit.test_market_data_modules.TestFeedHandlerAdditional" name="test_exchange_feed_receive_loop_exception_handled" time="0.012" /><testcase classname="tests.unit.test_market_data_modules.TestPolygonL2FeedLifecycle" name="test_start_with_api_key_creates_task" time="0.011" /><testcase classname="tests.unit.test_market_data_modules.TestPolygonL2FeedLifecycle" name="test_stop_cancels_running_task" time="0.011" /><testcase classname="tests.unit.test_market_data_modules.TestPolygonL2FeedLifecycle" name="test_get_snapshot_after_book_set" time="0.008" /><testcase classname="tests.unit.test_market_data_modules.TestMockL2FeedStart" name="test_start_creates_books_and_tasks" time="0.011" /><testcase classname="tests.unit.test_market_data_modules.TestMockL2FeedStart" name="test_generate_cancelled_error_exits" time="0.010" /><testcase classname="tests.unit.test_market_data_modules.TestOrderBookFeedProviders" name="test_start_polygon_provider" time="0.010" /><testcase classname="tests.unit.test_market_data_modules.TestOrderBookFeedProviders" name="test_start_multi_provider" time="0.011" /><testcase classname="tests.unit.test_market_data_modules.TestOrderBookFeedProviders" name="test_get_snapshot_with_provider" time="0.008" /><testcase classname="tests.unit.test_market_data_modules.TestOrderBookFeedProviders" name="test_get_ml_features_with_snapshot" time="0.008" /><testcase classname="tests.unit.test_market_data_modules.TestOrderBookFeedProviders" name="test_get_order_book_feed_singleton_reset" time="0.008" /><testcase classname="tests.unit.test_market_data_modules.TestOrderBookAdditional" name="test_polygon_handle_quote_updates_book" time="0.008" /><testcase classname="tests.unit.test_market_data_modules.TestOrderBookAdditional" name="test_polygon_handle_quote_unknown_pair_ignored" time="0.008" /><testcase classname="tests.unit.test_market_data_modules.TestOrderBookAdditional" name="test_polygon_handle_quote_zero_price_ignored" time="0.008" /><testcase classname="tests.unit.test_market_data_modules.TestOrderBookAdditional" name="test_polygon_handle_trade_buy_aggressor" time="0.007" /><testcase classname="tests.unit.test_market_data_modules.TestOrderBookAdditional" name="test_polygon_handle_trade_sell_aggressor" time="0.007" /><testcase classname="tests.unit.test_market_data_modules.TestOrderBookAdditional" name="test_polygon_handle_trade_infer_side_from_mid" time="0.008" /><testcase classname="tests.unit.test_market_data_modules.TestOrderBookAdditional" name="test_polygon_handle_trade_unknown_pair_ignored" time="0.007" /><testcase classname="tests.unit.test_market_data_modules.TestOrderBookAdditional" name="test_polygon_handle_trade_zero_size_ignored" time="0.007" /><testcase classname="tests.unit.test_market_data_modules.TestOrderBookAdditional" name="test_mock_l2_feed_blocked_in_production" time="0.007" /><testcase classname="tests.unit.test_market_data_modules.TestOrderBookAdditional" name="test_mock_l2_feed_allowed_in_development" time="0.008" /><testcase classname="tests.unit.test_market_data_modules.TestOrderBookAdditional" name="test_mock_l2_feed_get_snapshot_none_before_start" time="0.007" /><testcase classname="tests.unit.test_market_data_modules.TestOrderBookAdditional" name="test_order_book_feed_start_mock_provider" time="0.008" /><testcase classname="tests.unit.test_market_data_modules.TestOrderBookAdditional" name="test_spread_history_tracked" time="0.008" /><testcase classname="tests.unit.test_market_data_modules.TestOrderBookAdditional" name="test_polygon_handle_quote_bad_values_ignored" time="0.008" /><testcase classname="tests.unit.test_market_data_modules.TestMT5LiveFeedAdditional" name="test_rest_fallback_loop_no_url_exits" time="0.009" /><testcase classname="tests.unit.test_market_data_modules.TestMT5LiveFeedAdditional" name="test_run_with_backoff_no_websocket_uses_rest" time="0.008" /><testcase classname="tests.unit.test_market_data_modules.TestMT5LiveFeedAdditional" name="test_permanently_failed_property" time="0.007" /><testcase classname="tests.unit.test_market_data_modules.TestMT5LiveFeedAdditional" name="test_stop_closes_ws" time="0.010" /><testcase classname="tests.unit.test_market_data_modules.TestMT5LiveFeedAdditional" name="test_stop_ws_close_exception_handled" time="0.015" /><testcase classname="tests.unit.test_market_data_modules.TestMT5LiveFeedAdditional" name="test_track_latency_with_valid_timestamp" time="0.007" /><testcase classname="tests.unit.test_market_data_modules.TestMT5LiveFeedAdditional" name="test_smooth_ticks_buffer_capped_at_10" time="0.008" /><testcase classname="tests.unit.test_market_data_modules.TestMT5LiveFeedAdditional" name="test_rest_fallback_loop_no_url_marks_permanently_failed" time="0.008" /><testcase classname="tests.unit.test_market_data_modules.TestMT5LiveFeedAdditional" name="test_rest_fallback_loop_invalid_scheme_raises" time="0.007" /><testcase classname="tests.unit.test_market_data_modules.TestMT5LiveFeedAdditional" name="test_run_with_backoff_exceeds_max_attempts" time="0.009" /><testcase classname="tests.unit.test_market_data_modules.TestMT5LiveFeedAdditional" name="test_capture_sentry_with_sentry_available" time="0.007" /><testcase classname="tests.unit.test_market_data_modules.TestMT5LiveFeedAdditional" name="test_capture_sentry_sentry_raises_suppressed" time="0.009" /><testcase classname="tests.unit.test_market_data_modules.TestMT5LiveFeedAdditional" name="test_run_with_backoff_connect_raises_then_stops" time="0.012" /><testcase classname="tests.unit.test_market_data_modules.TestMT5LiveFeedAdditional" name="test_run_with_backoff_connect_succeeds_then_stops" time="0.009" /><testcase classname="tests.unit.test_market_data_modules.TestMT5LiveFeedAdditional" name="test_connect_creates_websocketapp" time="0.010" /><testcase classname="tests.unit.test_market_data_modules.TestMT5LiveFeedAdditional" name="test_on_message_handle_tick_raises_captured" time="0.009" /><testcase classname="tests.unit.test_market_data_modules.TestMT5LiveFeedAdditional" name="test_latency_list_capped_at_100" time="0.008" /><testcase classname="tests.unit.test_market_data_modules.TestMT5LiveFeedAdditional" name="test_start_creates_thread" time="0.009" /><testcase classname="tests.unit.test_market_data_modules.TestMT5LiveFeedAdditional" name="test_run_with_backoff_reconnect_delay_increases" time="0.014" /><testcase classname="tests.unit.test_market_data_modules.TestMT5LiveFeedAdditional" name="test_rest_fallback_loop_successful_tick" time="0.009" /><testcase classname="tests.unit.test_market_data_modules.TestMT5LiveFeedAdditional" name="test_rest_fallback_loop_json_decode_error" time="0.010" /><testcase classname="tests.unit.test_market_data_modules.TestMT5LiveFeedAdditional" name="test_rest_fallback_loop_urlopen_exception" time="0.012" /><testcase classname="tests.unit.test_market_data_modules.TestFinnhubTradeFeed" name="test_start_without_api_key_returns_early" time="0.010" /><testcase classname="tests.unit.test_market_data_modules.TestFinnhubTradeFeed" name="test_stop_without_task" time="0.009" /><testcase classname="tests.unit.test_market_data_modules.TestFinnhubTradeFeed" name="test_run_with_backoff_cancelled" time="0.008" /><testcase classname="tests.unit.test_market_data_modules.TestFinnhubTradeFeed" name="test_run_with_backoff_exception_then_stop" time="0.010" /><testcase classname="tests.unit.test_market_data_modules.TestFinnhubTradeFeed" name="test_stream_raises_without_websockets" time="0.009" /><testcase classname="tests.unit.test_market_data_modules.TestFinnhubTradeFeedHandleTrade" name="test_handle_trade_buy_side" time="0.007" /><testcase classname="tests.unit.test_market_data_modules.TestFinnhubTradeFeedHandleTrade" name="test_handle_trade_sell_side" time="0.008" /><testcase classname="tests.unit.test_market_data_modules.TestFinnhubTradeFeedHandleTrade" name="test_handle_trade_no_snapshot_defaults_buy" time="0.008" /><testcase classname="tests.unit.test_market_data_modules.TestFinnhubTradeFeedHandleTrade" name="test_handle_trade_missing_price_ignored" time="0.007" /><testcase classname="tests.unit.test_market_data_modules.TestFinnhubTradeFeedHandleTrade" name="test_handle_trade_zero_size_ignored" time="0.007" /><testcase classname="tests.unit.test_market_data_modules.TestFinnhubTradeFeedHandleTrade" name="test_handle_trade_non_xau_symbol_skipped" time="0.007" /><testcase classname="tests.unit.test_market_data_modules.TestMockL2FeedGenerate" name="test_generate_produces_snapshots" time="0.011" /><testcase classname="tests.unit.test_market_data_modules.TestMultiSourceL2Feed" name="test_stop_without_start" time="0.009" /><testcase classname="tests.unit.test_market_data_modules.TestMultiSourceL2Feed" name="test_stop_with_finnhub" time="0.011" /><testcase classname="tests.unit.test_market_data_modules.TestMultiSourceL2Feed" name="test_get_snapshot_none_before_start" time="0.008" /><testcase classname="tests.unit.test_market_data_modules.TestMultiSourceL2Feed" name="test_get_snapshot_after_book_populated" time="0.008" /><testcase classname="tests.unit.test_market_data_modules.TestPolygonStreamBody" name="test_stream_full_handshake_and_message_processing" time="0.013" /><testcase classname="tests.unit.test_market_data_modules.TestPolygonStreamBody" name="test_stream_auth_failure_raises" time="0.011" /><testcase classname="tests.unit.test_market_data_modules.TestPolygonStreamBody" name="test_stream_subscribe_failure_raises" time="0.012" /><testcase classname="tests.unit.test_market_data_modules.TestPolygonStreamBody" name="test_stream_timeout_sends_ping" time="0.014" /><testcase classname="tests.unit.test_market_data_modules.TestFinnhubStreamBody" name="test_stream_full_flow_with_trade_messages" time="0.012" /><testcase classname="tests.unit.test_market_data_modules.TestFinnhubStreamBody" name="test_stream_error_message_raises" time="0.012" /><testcase classname="tests.unit.test_market_data_modules.TestFinnhubStreamBody" name="test_stream_timeout_sends_ping" time="0.012" /><testcase classname="tests.unit.test_market_data_modules.TestPolygonL2FeedAsync" name="test_run_with_backoff_cancelled" time="0.010" /><testcase classname="tests.unit.test_market_data_modules.TestPolygonL2FeedAsync" name="test_run_with_backoff_exception_then_stop" time="0.010" /><testcase classname="tests.unit.test_market_data_modules.TestPolygonL2FeedAsync" name="test_stream_raises_without_websockets" time="0.008" /><testcase classname="tests.unit.test_market_scanner.TestScanCriteriaType" name="test_price_criteria" time="0.007" /><testcase classname="tests.unit.test_market_scanner.TestScanCriteriaType" name="test_momentum_criteria" time="0.008" /><testcase classname="tests.unit.test_market_scanner.TestScanCriteriaType" name="test_volume_criteria" time="0.010" /><testcase classname="tests.unit.test_market_scanner.TestScanCriteriaType" name="test_trend_criteria" time="0.010" /><testcase classname="tests.unit.test_market_scanner.TestSignalDirection" name="test_direction_values" time="0.008" /><testcase classname="tests.unit.test_market_scanner.TestScanCriteria" name="test_criteria_creation" time="0.007" /><testcase classname="tests.unit.test_market_scanner.TestScanCriteria" name="test_criteria_to_dict" time="0.007" /><testcase classname="tests.unit.test_market_scanner.TestScanResult" name="test_result_creation" time="0.007" /><testcase classname="tests.unit.test_market_scanner.TestScanResult" name="test_result_to_dict" time="0.008" /><testcase classname="tests.unit.test_market_scanner.TestMarketOpportunity" name="test_opportunity_creation" time="0.006" /><testcase classname="tests.unit.test_market_scanner.TestMarketOpportunity" name="test_opportunity_is_valid" time="0.008" /><testcase classname="tests.unit.test_market_scanner.TestMarketOpportunity" name="test_opportunity_to_dict" time="0.007" /><testcase classname="tests.unit.test_market_scanner.TestMarketScanner" name="test_scanner_initialization" time="0.010" /><testcase classname="tests.unit.test_market_scanner.TestMarketScanner" name="test_add_symbols" time="0.009" /><testcase classname="tests.unit.test_market_scanner.TestMarketScanner" name="test_set_symbols" time="0.008" /><testcase classname="tests.unit.test_market_scanner.TestMarketScanner" name="test_remove_symbol" time="0.009" /><testcase classname="tests.unit.test_market_scanner.TestMarketScanner" name="test_add_criteria" time="0.008" /><testcase classname="tests.unit.test_market_scanner.TestMarketScanner" name="test_clear_criteria" time="0.008" /><testcase classname="tests.unit.test_market_scanner.TestMarketScanner" name="test_scan_basic" time="0.010" /><testcase classname="tests.unit.test_market_scanner.TestMarketScanner" name="test_scan_multiple_criteria" time="0.009" /><testcase classname="tests.unit.test_market_scanner.TestMarketScanner" name="test_scan_no_matches" time="0.009" /><testcase classname="tests.unit.test_market_scanner.TestMarketScanner" name="test_scan_min_strength_filter" time="0.010" /><testcase classname="tests.unit.test_market_scanner.TestMarketScanner" name="test_get_last_result" time="0.010" /><testcase classname="tests.unit.test_market_scanner.TestMarketScanner" name="test_get_all_results" time="0.009" /><testcase classname="tests.unit.test_market_scanner.TestMarketScanner" name="test_get_opportunities" time="0.009" /><testcase classname="tests.unit.test_market_scanner.TestMarketScanner" name="test_get_top_opportunities" time="0.009" /><testcase classname="tests.unit.test_market_scanner.TestMarketScanner" name="test_on_opportunity_callback" time="0.009" /><testcase classname="tests.unit.test_market_scanner.TestMarketScanner" name="test_get_stats" time="0.009" /><testcase classname="tests.unit.test_market_scanner.TestMarketScanner" name="test_global_instance" time="0.007" /><testcase classname="tests.unit.test_market_scanner.TestMarketScanner" name="test_parallel_scan" time="0.010" /><testcase classname="tests.unit.test_mcc_unit.TestMCCConfig" name="test_defaults" time="0.008" /><testcase classname="tests.unit.test_mcc_unit.TestMCCConfig" name="test_custom_values" time="0.007" /><testcase classname="tests.unit.test_mcc_unit.TestMCCInit" name="test_initial_state" time="0.008" /><testcase classname="tests.unit.test_mcc_unit.TestMCCInit" name="test_config_applied" time="0.008" /><testcase classname="tests.unit.test_mcc_unit.TestStrategyManagement" name="test_register_enhanced_strategy" time="0.009" /><testcase classname="tests.unit.test_mcc_unit.TestStrategyManagement" name="test_register_sets_mcc_callback" time="0.010" /><testcase classname="tests.unit.test_mcc_unit.TestStrategyManagement" name="test_register_non_enhanced_wraps_with_adapter" time="0.009" /><testcase classname="tests.unit.test_mcc_unit.TestStrategyManagement" name="test_activate_adds_to_active_list" time="0.011" /><testcase classname="tests.unit.test_mcc_unit.TestStrategyManagement" name="test_activate_idempotent" time="0.014" /><testcase classname="tests.unit.test_mcc_unit.TestStrategyManagement" name="test_deactivate_removes_from_active_list" time="0.014" /><testcase classname="tests.unit.test_mcc_unit.TestStrategyManagement" name="test_activate_unknown_strategy_is_noop" time="0.008" /><testcase classname="tests.unit.test_mcc_unit.TestStrategyManagement" name="test_deactivate_unknown_strategy_is_noop" time="0.008" /><testcase classname="tests.unit.test_mcc_unit.TestCheckSignalRisk" name="test_passes_when_healthy" time="0.013" /><testcase classname="tests.unit.test_mcc_unit.TestCheckSignalRisk" name="test_blocks_when_daily_pnl_below_limit" time="0.010" /><testcase classname="tests.unit.test_mcc_unit.TestCheckSignalRisk" name="test_blocks_when_allocation_at_max" time="0.012" /><testcase classname="tests.unit.test_mcc_unit.TestCheckSignalRisk" name="test_blocks_when_correlated" time="0.015" /><testcase classname="tests.unit.test_mcc_unit.TestIsCorrelatedSignal" name="test_hold_signal_never_correlated" time="0.012" /><testcase classname="tests.unit.test_mcc_unit.TestIsCorrelatedSignal" name="test_not_correlated_when_no_other_active_strategies" time="0.013" /><testcase classname="tests.unit.test_mcc_unit.TestIsCorrelatedSignal" name="test_not_correlated_when_opposite_directions" time="0.017" /><testcase classname="tests.unit.test_mcc_unit.TestIsCorrelatedSignal" name="test_correlated_when_same_direction_no_price_history" time="0.014" /><testcase classname="tests.unit.test_mcc_unit.TestIsCorrelatedSignal" name="test_cross_symbol_not_correlated" time="0.016" /><testcase classname="tests.unit.test_mcc_unit.TestAggregateSignals" name="test_no_active_strategies_returns_hold" time="0.009" /><testcase classname="tests.unit.test_mcc_unit.TestAggregateSignals" name="test_no_signals_stored_returns_hold" time="0.012" /><testcase classname="tests.unit.test_mcc_unit.TestAggregateSignals" name="test_single_buy_signal_returns_buy" time="0.013" /><testcase classname="tests.unit.test_mcc_unit.TestAggregateSignals" name="test_majority_buy_overrides_hold" time="0.018" /><testcase classname="tests.unit.test_mcc_unit.TestAggregateSignals" name="test_tied_buy_sell_returns_hold" time="0.015" /><testcase classname="tests.unit.test_mcc_unit.TestAggregateSignals" name="test_confidence_in_result" time="0.012" /><testcase classname="tests.unit.test_mcc_unit.TestOnPriceUpdate" name="test_price_stored" time="0.008" /><testcase classname="tests.unit.test_mcc_unit.TestOnPriceUpdate" name="test_price_history_appended" time="0.008" /><testcase classname="tests.unit.test_mcc_unit.TestOnPriceUpdate" name="test_price_history_capped_at_1000" time="0.083" /><testcase classname="tests.unit.test_mcc_unit.TestOnPriceUpdate" name="test_distributed_to_active_strategies" time="0.013" /><testcase classname="tests.unit.test_mcc_unit.TestOnPriceUpdate" name="test_strategy_error_does_not_propagate" time="0.013" /><testcase classname="tests.unit.test_mcc_unit.TestRegimeDetection" name="test_insufficient_history_no_change" time="0.009" /><testcase classname="tests.unit.test_mcc_unit.TestRegimeDetection" name="test_detects_ranging_from_flat_prices" time="0.012" /><testcase classname="tests.unit.test_mcc_unit.TestRegimeDetection" name="test_regime_change_logged_and_stored" time="0.010" /><testcase classname="tests.unit.test_mcc_unit.TestRegimeDetection" name="test_on_regime_change_deactivates_unsuitable" time="0.015" /><testcase classname="tests.unit.test_mcc_unit.TestTriggerKillSwitch" name="test_sets_kill_switch_flag" time="0.011" /><testcase classname="tests.unit.test_mcc_unit.TestTriggerKillSwitch" name="test_deactivates_all_strategies" time="0.017" /><testcase classname="tests.unit.test_mcc_unit.TestTriggerKillSwitch" name="test_on_strategy_signal_noop_after_kill" time="0.011" /><testcase classname="tests.unit.test_mcc_unit.TestTriggerKillSwitch" name="test_close_positions_via_broker_called" time="0.013" /><testcase classname="tests.unit.test_mcc_unit.TestTriggerKillSwitch" name="test_broker_error_during_kill_switch_does_not_raise" time="0.011" /><testcase classname="tests.unit.test_mcc_unit.TestStatusAndLifecycle" name="test_get_heatmap_data_shape" time="0.008" /><testcase classname="tests.unit.test_mcc_unit.TestStatusAndLifecycle" name="test_get_status_shape" time="0.008" /><testcase classname="tests.unit.test_mcc_unit.TestStatusAndLifecycle" name="test_run_sets_is_running" time="0.009" /><testcase classname="tests.unit.test_mcc_unit.TestStatusAndLifecycle" name="test_stop_clears_is_running" time="0.014" /><testcase classname="tests.unit.test_mcc_unit.TestStatusAndLifecycle" name="test_get_status_counts_correctly" time="0.015" /><testcase classname="tests.unit.test_ml.TestTechnicalFeatureEngineer" name="test_feature_engineer_initialization" time="0.007" /><testcase classname="tests.unit.test_ml.TestTechnicalFeatureEngineer" name="test_feature_engineer_with_config" time="0.007" /><testcase classname="tests.unit.test_ml.TestTechnicalFeatureEngineer" name="test_create_features_missing_columns" time="0.009" /><testcase classname="tests.unit.test_ml.TestTechnicalFeatureEngineer" name="test_create_features_basic" time="0.190" /><testcase classname="tests.unit.test_ml.TestTechnicalFeatureEngineer" name="test_create_features_no_nan_in_result" time="0.185" /><testcase classname="tests.unit.test_ml.TestTechnicalFeatureEngineer" name="test_trend_features_created" time="0.185" /><testcase classname="tests.unit.test_ml.TestTechnicalFeatureEngineer" name="test_momentum_features_created" time="0.188" /><testcase classname="tests.unit.test_ml.TestTechnicalFeatureEngineer" name="test_volatility_features_created" time="0.198" /><testcase classname="tests.unit.test_ml.TestTechnicalFeatureEngineer" name="test_volume_features_created" time="0.183" /><testcase classname="tests.unit.test_ml.TestTechnicalFeatureEngineer" name="test_feature_names_populated" time="0.191" /><testcase classname="tests.unit.test_ml.TestTechnicalFeatureEngineer" name="test_original_data_not_modified" time="0.190" /><testcase classname="tests.unit.test_ml.TestTechnicalFeatureEngineer" name="test_create_features_returns_dataframe" time="0.200" /><testcase classname="tests.unit.test_ml.TestTechnicalFeatureEngineer" name="test_multiple_calls_consistency" time="0.385" /><testcase classname="tests.unit.test_ml_advanced_predictor.TestSGDAdapter" name="test_init_creates_classifier" time="0.011" /><testcase classname="tests.unit.test_ml_advanced_predictor.TestSGDAdapter" name="test_update_noop_when_online_learning_disabled" time="0.011" /><testcase classname="tests.unit.test_ml_advanced_predictor.TestSGDAdapter" name="test_update_increments_when_enabled" time="0.010" /><testcase classname="tests.unit.test_ml_advanced_predictor.TestSGDAdapter" name="test_predict_proba_returns_none_before_min_updates" time="0.010" /><testcase classname="tests.unit.test_ml_advanced_predictor.TestSGDAdapter" name="test_predict_proba_returns_float_after_updates" time="0.021" /><testcase classname="tests.unit.test_ml_advanced_predictor.TestSGDAdapter" name="test_init_handles_sklearn_unavailable" time="0.009" /><testcase classname="tests.unit.test_ml_advanced_predictor.TestAdvancedPredictorLoad" name="test_is_available_false_when_no_file" time="0.010" /><testcase classname="tests.unit.test_ml_advanced_predictor.TestAdvancedPredictorLoad" name="test_is_available_true_when_file_exists" time="0.009" /><testcase classname="tests.unit.test_ml_advanced_predictor.TestAdvancedPredictorLoad" name="test_version_property" time="0.009" /><testcase classname="tests.unit.test_ml_advanced_predictor.TestAdvancedPredictorLoad" name="test_meta_property_empty_when_no_meta" time="0.009" /><testcase classname="tests.unit.test_ml_advanced_predictor.TestAdvancedPredictorLoad" name="test_load_returns_false_when_file_missing" time="0.010" /><testcase classname="tests.unit.test_ml_advanced_predictor.TestAdvancedPredictorLoad" name="test_load_returns_false_on_integrity_failure" time="0.013" /><testcase classname="tests.unit.test_ml_advanced_predictor.TestAdvancedPredictorLoad" name="test_load_succeeds_with_valid_model" time="0.019" /><testcase classname="tests.unit.test_ml_advanced_predictor.TestIntegrityCheck" name="test_returns_false_when_artifact_missing" time="0.008" /><testcase classname="tests.unit.test_ml_advanced_predictor.TestIntegrityCheck" name="test_returns_true_when_no_digest_on_record" time="0.009" /><testcase classname="tests.unit.test_ml_advanced_predictor.TestIntegrityCheck" name="test_returns_false_on_sha256_mismatch" time="0.010" /><testcase classname="tests.unit.test_ml_advanced_predictor.TestIntegrityCheck" name="test_returns_true_on_sha256_match" time="0.011" /><testcase classname="tests.unit.test_ml_advanced_predictor.TestAdvancedPredictorPredict" name="test_returns_neutral_when_model_unavailable" time="0.008" /><testcase classname="tests.unit.test_ml_advanced_predictor.TestAdvancedPredictorPredict" name="test_returns_neutral_when_insufficient_bars" time="0.008" /><testcase classname="tests.unit.test_ml_advanced_predictor.TestAdvancedPredictorPredict" name="test_returns_neutral_when_feature_build_fails" time="0.009" /><testcase classname="tests.unit.test_ml_advanced_predictor.TestAdvancedPredictorPredict" name="test_returns_neutral_on_flat_market" time="0.009" /><testcase classname="tests.unit.test_ml_advanced_predictor.TestAdvancedPredictorPredict" name="test_long_direction_on_high_probability" time="0.010"><failure message="AssertionError: assert 'neutral' == 'long'&#10;  &#10;  - long&#10;  + neutral">self = &lt;tests.unit.test_ml_advanced_predictor.TestAdvancedPredictorPredict object at 0x7f88219d2710&gt;
tmp_path = PosixPath('/tmp/pytest-of-root/pytest-343/test_long_direction_on_high_pr0')

    def test_long_direction_on_high_probability(self, tmp_path):
        import ml.advanced_predictor as ap

        p = self._loaded_predictor(tmp_path)
        p._model.predict_proba.return_value = np.array([[0.1, 0.9]])
        X = pd.DataFrame(np.random.randn(1, 10), columns=[f"f{i}" for i in range(10)])
        with (
            patch.object(p, "_build_features", return_value=X),
            patch.object(ap, "THRESHOLD_LONG", 0.58),
            patch.object(ap, "ABSTAIN_LOW", 0.46),
            patch.object(ap, "ABSTAIN_HIGH", 0.54),
        ):
            result = p.predict(_ohlcv(150))
&gt;       assert result["direction"] == "long"
E       AssertionError: assert 'neutral' == 'long'
E
E         - long
E         + neutral

tests/unit/test_ml_advanced_predictor.py:275: AssertionError</failure></testcase><testcase classname="tests.unit.test_ml_advanced_predictor.TestAdvancedPredictorPredict" name="test_short_direction_on_low_probability" time="0.010"><failure message="AssertionError: assert 'neutral' == 'short'&#10;  &#10;  - short&#10;  + neutral">self = &lt;tests.unit.test_ml_advanced_predictor.TestAdvancedPredictorPredict object at 0x7f88219c3e10&gt;
tmp_path = PosixPath('/tmp/pytest-of-root/pytest-343/test_short_direction_on_low_pr0')

    def test_short_direction_on_low_probability(self, tmp_path):
        import ml.advanced_predictor as ap

        p = self._loaded_predictor(tmp_path)
        p._model.predict_proba.return_value = np.array([[0.9, 0.1]])
        X = pd.DataFrame(np.random.randn(1, 10), columns=[f"f{i}" for i in range(10)])
        with (
            patch.object(p, "_build_features", return_value=X),
            patch.object(ap, "THRESHOLD_SHORT", 0.42),
            patch.object(ap, "ABSTAIN_LOW", 0.46),
            patch.object(ap, "ABSTAIN_HIGH", 0.54),
        ):
            result = p.predict(_ohlcv(150))
&gt;       assert result["direction"] == "short"
E       AssertionError: assert 'neutral' == 'short'
E
E         - short
E         + neutral

tests/unit/test_ml_advanced_predictor.py:291: AssertionError</failure></testcase><testcase classname="tests.unit.test_ml_advanced_predictor.TestAdvancedPredictorPredict" name="test_neutral_in_dead_band" time="0.009" /><testcase classname="tests.unit.test_ml_advanced_predictor.TestAdvancedPredictorPredict" name="test_returns_neutral_on_predict_proba_exception" time="0.011" /><testcase classname="tests.unit.test_ml_advanced_predictor.TestAdvancedPredictorPredict" name="test_result_has_all_required_keys" time="0.015" /><testcase classname="tests.unit.test_ml_advanced_predictor.TestAdvancedPredictorPredict" name="test_mtf_features_appended" time="0.013" /><testcase classname="tests.unit.test_ml_advanced_predictor.TestAlignFeatures" name="test_fills_missing_columns_with_zero" time="0.010" /><testcase classname="tests.unit.test_ml_advanced_predictor.TestAlignFeatures" name="test_drops_extra_columns" time="0.010" /><testcase classname="tests.unit.test_ml_advanced_predictor.TestAlignFeatures" name="test_noop_when_no_feature_names" time="0.009" /><testcase classname="tests.unit.test_ml_advanced_predictor.TestUpdate" name="test_update_returns_false_when_model_not_loaded" time="0.010" /><testcase classname="tests.unit.test_ml_advanced_predictor.TestUpdate" name="test_update_returns_false_when_feature_build_fails" time="0.011" /><testcase classname="tests.unit.test_ml_advanced_predictor.TestSingleton" name="test_get_predictor_returns_same_instance" time="0.007" /><testcase classname="tests.unit.test_ml_coverage.TestFeatureVector" name="test_to_array" time="0.008" /><testcase classname="tests.unit.test_ml_coverage.TestFeatureVector" name="test_to_dict_keys" time="0.007" /><testcase classname="tests.unit.test_ml_coverage.TestFeatureVector" name="test_label_defaults_none" time="0.007" /><testcase classname="tests.unit.test_ml_coverage.TestTechnicalIndicators" name="test_sma_length" time="0.009" /><testcase classname="tests.unit.test_ml_coverage.TestTechnicalIndicators" name="test_sma_values" time="0.008" /><testcase classname="tests.unit.test_ml_coverage.TestTechnicalIndicators" name="test_ema_same_length" time="0.008" /><testcase classname="tests.unit.test_ml_coverage.TestTechnicalIndicators" name="test_ema_first_value_equals_first_price" time="0.008" /><testcase classname="tests.unit.test_ml_coverage.TestTechnicalIndicators" name="test_ema_trending_up" time="0.008" /><testcase classname="tests.unit.test_ml_coverage.TestSignalEnsemble" name="test_add_model" time="0.008" /><testcase classname="tests.unit.test_ml_coverage.TestSignalEnsemble" name="test_predict_no_models_returns_hold" time="0.007" /><testcase classname="tests.unit.test_ml_coverage.TestSignalEnsemble" name="test_predict_with_predict_proba_model" time="0.008" /><testcase classname="tests.unit.test_ml_coverage.TestSignalEnsemble" name="test_predict_with_predict_model" time="0.008" /><testcase classname="tests.unit.test_ml_coverage.TestSignalEnsemble" name="test_predict_sell_signal" time="0.008" /><testcase classname="tests.unit.test_ml_coverage.TestSignalEnsemble" name="test_predict_hold_signal" time="0.008" /><testcase classname="tests.unit.test_ml_coverage.TestSignalEnsemble" name="test_predict_model_error_skipped" time="0.009" /><testcase classname="tests.unit.test_ml_coverage.TestSignalEnsemble" name="test_get_model_prediction_no_interface_raises" time="0.008" /><testcase classname="tests.unit.test_ml_coverage.TestSignalEnsemble" name="test_weighted_ensemble" time="0.009" /><testcase classname="tests.unit.test_ml_coverage.TestSignalRecord" name="test_defaults" time="0.007" /><testcase classname="tests.unit.test_ml_coverage.TestSignalRecord" name="test_with_timestamp" time="0.008" /><testcase classname="tests.unit.test_ml_coverage.TestValidationReport" name="test_passed_property" time="0.008" /><testcase classname="tests.unit.test_ml_coverage.TestValidationReport" name="test_failed_property" time="0.007" /><testcase classname="tests.unit.test_ml_coverage.TestValidationReport" name="test_to_dict_keys" time="0.007" /><testcase classname="tests.unit.test_ml_coverage.TestValidationReport" name="test_summary_string" time="0.007" /><testcase classname="tests.unit.test_ml_coverage.TestSignalDistributionValidator" name="test_insufficient_data_when_too_few_samples" time="0.009" /><testcase classname="tests.unit.test_ml_coverage.TestSignalDistributionValidator" name="test_passed_when_distributions_match" time="0.013" /><testcase classname="tests.unit.test_ml_coverage.TestSignalDistributionValidator" name="test_failed_when_distributions_diverge" time="0.013" /><testcase classname="tests.unit.test_ml_coverage.TestSignalDistributionValidator" name="test_add_live_signal_accumulates" time="0.007" /><testcase classname="tests.unit.test_ml_coverage.TestSignalDistributionValidator" name="test_clear_live_signals" time="0.008" /><testcase classname="tests.unit.test_ml_coverage.TestSignalDistributionValidator" name="test_validate_uses_internal_buffer" time="0.012" /><testcase classname="tests.unit.test_ml_coverage.TestSignalDistributionValidator" name="test_report_has_psi_and_ks" time="0.012" /><testcase classname="tests.unit.test_ml_coverage.TestSignalDistributionValidator" name="test_get_validator_singleton" time="0.007" /><testcase classname="tests.unit.test_ml_coverage.TestSignalDistributionValidator" name="test_compute_psi_identical_distributions" time="0.008" /><testcase classname="tests.unit.test_ml_coverage.TestSignalDistributionValidator" name="test_compute_psi_different_distributions" time="0.009" /><testcase classname="tests.unit.test_ml_coverage.TestSignalDistributionValidator" name="test_compute_psi_constant_returns_zero" time="0.009" /><testcase classname="tests.unit.test_ml_daily_aggregator.TestNeedsResampling" name="test_intraday_returns_true" time="0.011" /><testcase classname="tests.unit.test_ml_daily_aggregator.TestNeedsResampling" name="test_daily_returns_false" time="0.008" /><testcase classname="tests.unit.test_ml_daily_aggregator.TestNeedsResampling" name="test_intraday_mode_always_false" time="0.008" /><testcase classname="tests.unit.test_ml_daily_aggregator.TestNeedsResampling" name="test_non_datetime_index_returns_false" time="0.008" /><testcase classname="tests.unit.test_ml_daily_aggregator.TestNeedsResampling" name="test_single_row_returns_false" time="0.008" /><testcase classname="tests.unit.test_ml_daily_aggregator.TestNeedsResampling" name="test_handles_exception_gracefully" time="0.009" /><testcase classname="tests.unit.test_ml_daily_aggregator.TestToDaily" name="test_resamples_intraday_to_daily" time="0.013" /><testcase classname="tests.unit.test_ml_daily_aggregator.TestToDaily" name="test_returns_none_when_too_few_daily_bars" time="0.012" /><testcase classname="tests.unit.test_ml_daily_aggregator.TestToDaily" name="test_intraday_mode_passthrough" time="0.008" /><testcase classname="tests.unit.test_ml_daily_aggregator.TestToDaily" name="test_intraday_mode_passthrough_too_few" time="0.008" /><testcase classname="tests.unit.test_ml_daily_aggregator.TestToDaily" name="test_non_datetime_index_passthrough" time="0.008" /><testcase classname="tests.unit.test_ml_daily_aggregator.TestToDaily" name="test_non_datetime_index_too_few" time="0.007" /><testcase classname="tests.unit.test_ml_daily_aggregator.TestToDaily" name="test_missing_ohlcv_columns_passthrough" time="0.008" /><testcase classname="tests.unit.test_ml_daily_aggregator.TestToDaily" name="test_timezone_naive_index_gets_localized" time="0.012" /><testcase classname="tests.unit.test_ml_daily_aggregator.TestToDaily" name="test_volume_column_summed" time="0.013" /><testcase classname="tests.unit.test_ml_daily_aggregator.TestToDaily" name="test_handles_resampling_exception" time="0.010" /><testcase classname="tests.unit.test_ml_daily_aggregator.TestEnsureDaily" name="test_resamples_when_intraday" time="0.012" /><testcase classname="tests.unit.test_ml_daily_aggregator.TestEnsureDaily" name="test_passthrough_when_already_daily" time="0.008" /><testcase classname="tests.unit.test_ml_daily_aggregator.TestEnsureDaily" name="test_returns_none_when_daily_too_few" time="0.009" /><testcase classname="tests.unit.test_ml_daily_aggregator.TestEnsureDaily" name="test_intraday_mode_passthrough" time="0.009" /><testcase classname="tests.unit.test_ml_extended.TestRandomForestClassifierExtended" name="test_build_creates_sklearn_model" time="0.008" /><testcase classname="tests.unit.test_ml_extended.TestRandomForestClassifierExtended" name="test_build_custom_params" time="0.008" /><testcase classname="tests.unit.test_ml_extended.TestRandomForestClassifierExtended" name="test_train_basic" time="0.072" /><testcase classname="tests.unit.test_ml_extended.TestRandomForestClassifierExtended" name="test_train_with_feature_names" time="0.074" /><testcase classname="tests.unit.test_ml_extended.TestRandomForestClassifierExtended" name="test_train_with_validation_data" time="0.084" /><testcase classname="tests.unit.test_ml_extended.TestRandomForestClassifierExtended" name="test_train_with_string_labels" time="0.069" /><testcase classname="tests.unit.test_ml_extended.TestRandomForestClassifierExtended" name="test_train_dataframe_input" time="0.074" /><testcase classname="tests.unit.test_ml_extended.TestRandomForestClassifierExtended" name="test_predict_integer_labels" time="0.084" /><testcase classname="tests.unit.test_ml_extended.TestRandomForestClassifierExtended" name="test_predict_string_labels" time="0.085" /><testcase classname="tests.unit.test_ml_extended.TestRandomForestClassifierExtended" name="test_predict_raises_if_not_trained" time="0.008" /><testcase classname="tests.unit.test_ml_extended.TestRandomForestClassifierExtended" name="test_predict_proba" time="0.083" /><testcase classname="tests.unit.test_ml_extended.TestRandomForestClassifierExtended" name="test_predict_proba_raises_if_not_trained" time="0.007" /><testcase classname="tests.unit.test_ml_extended.TestRandomForestClassifierExtended" name="test_predict_with_confidence" time="0.100" /><testcase classname="tests.unit.test_ml_extended.TestRandomForestClassifierExtended" name="test_get_feature_importance_dict" time="0.084" /><testcase classname="tests.unit.test_ml_extended.TestRandomForestClassifierExtended" name="test_get_top_features" time="0.087" /><testcase classname="tests.unit.test_ml_extended.TestRandomForestClassifierExtended" name="test_evaluate_detailed" time="0.098" /><testcase classname="tests.unit.test_ml_extended.TestRandomForestClassifierExtended" name="test_evaluate_detailed_string_labels" time="0.097" /><testcase classname="tests.unit.test_ml_extended.TestRandomForestClassifierExtended" name="test_optimize_hyperparameters" time="1.429" /><testcase classname="tests.unit.test_ml_extended.TestEnsemblePredictorExtended" name="test_build_no_lstm" time="0.009" /><testcase classname="tests.unit.test_ml_extended.TestEnsemblePredictorExtended" name="test_train_no_lstm" time="0.364" /><testcase classname="tests.unit.test_ml_extended.TestEnsemblePredictorExtended" name="test_predict_no_lstm" time="1.482" /><testcase classname="tests.unit.test_ml_extended.TestEnsemblePredictorExtended" name="test_predict_with_confidence" time="1.469" /><testcase classname="tests.unit.test_ml_extended.TestEnsemblePredictorExtended" name="test_update_performance" time="0.357" /><testcase classname="tests.unit.test_ml_extended.TestEnsemblePredictorExtended" name="test_update_weights_dynamic" time="0.355" /><testcase classname="tests.unit.test_ml_extended.TestEnsemblePredictorExtended" name="test_get_model_summary" time="0.336" /><testcase classname="tests.unit.test_ml_extended.TestEnsemblePredictorExtended" name="test_combine_predictions_empty" time="0.007" /><testcase classname="tests.unit.test_ml_extended.TestEnsemblePredictorExtended" name="test_calculate_model_confidence_no_history" time="0.007" /><testcase classname="tests.unit.test_ml_extended.TestEnsemblePredictorExtended" name="test_calculate_model_confidence_with_history" time="0.346" /><testcase classname="tests.unit.test_ml_extended.TestEnsemblePredictorExtended" name="test_prepare_features" time="0.014" /><testcase classname="tests.unit.test_ml_extended.TestLSTMPricePredictorExtended" name="test_init_params" time="0.008" /><testcase classname="tests.unit.test_ml_extended.TestLSTMPricePredictorExtended" name="test_prepare_sequences" time="0.007" /><testcase classname="tests.unit.test_ml_extended.TestLSTMPricePredictorExtended" name="test_scale_data_fit" time="0.008" /><testcase classname="tests.unit.test_ml_extended.TestLSTMPricePredictorExtended" name="test_scale_data_transform_raises_without_fit" time="0.008" /><testcase classname="tests.unit.test_ml_extended.TestLSTMPricePredictorExtended" name="test_scale_data_transform_after_fit" time="0.009" /><testcase classname="tests.unit.test_ml_extended.TestLSTMPricePredictorExtended" name="test_predict_raises_if_not_trained" time="0.007" /><testcase classname="tests.unit.test_ml_extended.TestLSTMPricePredictorExtended" name="test_predict_next_raises_insufficient_data" time="0.007" /><testcase classname="tests.unit.test_ml_extended.TestLSTMPricePredictorExtended" name="test_get_model_summary_not_built" time="0.007" /><testcase classname="tests.unit.test_ml_extended.TestLSTMPricePredictorExtended" name="test_build_with_tensorflow" time="0.010" /><testcase classname="tests.unit.test_ml_extended.TestLSTMPricePredictorExtended" name="test_initialization_custom_config" time="0.007" /><testcase classname="tests.unit.test_ml_inference_engine.TestInferenceEngineInit" name="test_init_state" time="0.008" /><testcase classname="tests.unit.test_ml_inference_engine.TestInferenceEngineInit" name="test_init_drift_buffer_empty" time="0.007" /><testcase classname="tests.unit.test_ml_inference_engine.TestInferenceEngineInit" name="test_init_signal_window_empty" time="0.010" /><testcase classname="tests.unit.test_ml_inference_engine.TestInferenceEnginePredict" name="test_predict_returns_dict" time="0.020" /><testcase classname="tests.unit.test_ml_inference_engine.TestInferenceEnginePredict" name="test_predict_required_keys" time="0.014" /><testcase classname="tests.unit.test_ml_inference_engine.TestInferenceEnginePredict" name="test_predict_neutral_when_no_model" time="0.013" /><testcase classname="tests.unit.test_ml_inference_engine.TestInferenceEnginePredict" name="test_predict_direction_valid_value" time="0.013" /><testcase classname="tests.unit.test_ml_inference_engine.TestInferenceEnginePredict" name="test_predict_probability_in_range" time="0.014" /><testcase classname="tests.unit.test_ml_inference_engine.TestInferenceEnginePredict" name="test_predict_latency_ms_positive" time="0.013" /><testcase classname="tests.unit.test_ml_inference_engine.TestInferenceEnginePredict" name="test_predict_increments_count" time="0.020" /><testcase classname="tests.unit.test_ml_inference_engine.TestInferenceEnginePredict" name="test_predict_insufficient_bars_returns_neutral" time="0.008" /><testcase classname="tests.unit.test_ml_inference_engine.TestInferenceEnginePredict" name="test_predict_last_close_matches_data" time="0.014" /><testcase classname="tests.unit.test_ml_inference_engine.TestInferenceEnginePredict" name="test_predict_bars_used" time="0.015" /><testcase classname="tests.unit.test_ml_inference_engine.TestInferenceEnginePredict" name="test_predict_with_custom_symbol" time="0.013" /><testcase classname="tests.unit.test_ml_inference_engine.TestCheckModelStaleness" name="test_disabled_when_max_age_zero" time="0.009" /><testcase classname="tests.unit.test_ml_inference_engine.TestCheckModelStaleness" name="test_returns_false_when_no_model_file" time="0.008" /><testcase classname="tests.unit.test_ml_inference_engine.TestCheckModelStaleness" name="test_detects_stale_model" time="0.009" /><testcase classname="tests.unit.test_ml_inference_engine.TestCheckModelStaleness" name="test_fresh_model_not_stale" time="0.009" /><testcase classname="tests.unit.test_ml_inference_engine.TestCheckFeatureDrift" name="test_returns_false_when_no_train_stats" time="0.008" /><testcase classname="tests.unit.test_ml_inference_engine.TestCheckFeatureDrift" name="test_returns_false_when_buffer_not_full" time="0.009" /><testcase classname="tests.unit.test_ml_inference_engine.TestCheckFeatureDrift" name="test_appends_to_drift_buffer" time="0.007" /><testcase classname="tests.unit.test_ml_inference_engine.TestGetInferenceEngine" name="test_returns_inference_engine_instance" time="0.008" /><testcase classname="tests.unit.test_ml_inference_engine.TestGetInferenceEngine" name="test_returns_same_instance" time="0.008" /><testcase classname="tests.unit.test_ml_inference_engine.TestSignalThresholds" name="test_custom_thresholds_applied" time="0.009" /><testcase classname="tests.unit.test_ml_inference_engine.TestSignalThresholds" name="test_default_thresholds" time="0.009" /><testcase classname="tests.unit.test_ml_inference_training.TestSklearnOnlineLearner" name="test_init" time="0.008" /><testcase classname="tests.unit.test_ml_inference_training.TestSklearnOnlineLearner" name="test_partial_fit_returns_bool" time="0.014" /><testcase classname="tests.unit.test_ml_inference_training.TestSklearnOnlineLearner" name="test_partial_fit_increments_update_count" time="0.014" /><testcase classname="tests.unit.test_ml_inference_training.TestSklearnOnlineLearner" name="test_predict_proba_returns_float_or_none" time="0.015" /><testcase classname="tests.unit.test_ml_inference_training.TestSklearnOnlineLearner" name="test_get_online_learner_singleton" time="0.008" /><testcase classname="tests.unit.test_ml_inference_training.TestEnsemblePredictor" name="test_init_with_mock_models" time="0.008" /><testcase classname="tests.unit.test_ml_inference_training.TestEnsemblePredictor" name="test_update_weights" time="0.009" /><testcase classname="tests.unit.test_ml_inference_training.TestEnsemblePredictor" name="test_add_model" time="0.007" /><testcase classname="tests.unit.test_ml_inference_training.TestAdvancedModelPredictor" name="test_is_available_no_model_file" time="0.006" /><testcase classname="tests.unit.test_ml_inference_training.TestAdvancedModelPredictor" name="test_predict_proba_insufficient_bars" time="0.011" /><testcase classname="tests.unit.test_ml_inference_training.TestAdvancedModelPredictor" name="test_predict_signal_insufficient_bars" time="0.010" /><testcase classname="tests.unit.test_ml_inference_training.TestAdvancedModelPredictor" name="test_version_property" time="0.009" /><testcase classname="tests.unit.test_ml_inference_training.TestAdvancedModelPredictor" name="test_get_advanced_predictor_singleton" time="0.011" /><testcase classname="tests.unit.test_ml_inference_training.TestLiveInferenceLoop" name="test_init" time="0.008" /><testcase classname="tests.unit.test_ml_inference_training.TestLiveInferenceLoop" name="test_add_and_remove_callback" time="0.008" /><testcase classname="tests.unit.test_ml_inference_training.TestLiveInferenceLoop" name="test_last_signal_initially_none" time="0.008" /><testcase classname="tests.unit.test_ml_inference_training.TestInferenceEngine" name="test_get_inference_engine_singleton" time="0.008" /><testcase classname="tests.unit.test_ml_inference_training.TestInferenceEngine" name="test_inference_engine_init" time="0.007" /><testcase classname="tests.unit.test_ml_inference_training.TestInferenceEngine" name="test_predict_insufficient_bars_returns_neutral" time="0.010" /><testcase classname="tests.unit.test_ml_inference_training.TestInferenceEngine" name="test_predict_returns_dict" time="0.016" /><testcase classname="tests.unit.test_ml_inference_training.TestRobustPredictorRegimeDetector" name="test_regime_detector_init" time="0.008" /><testcase classname="tests.unit.test_ml_inference_training.TestRobustPredictorRegimeDetector" name="test_regime_detector_detect" time="0.021" /><testcase classname="tests.unit.test_ml_inference_training.TestDriftDetector" name="test_drift_detector_init" time="0.009" /><testcase classname="tests.unit.test_ml_inference_training.TestDriftDetector" name="test_set_reference_and_update" time="0.010" /><testcase classname="tests.unit.test_ml_inference_training.TestDriftDetector" name="test_update_returns_none_before_window_full" time="0.008" /><testcase classname="tests.unit.test_ml_inference_training.TestRobustPredictor" name="test_fit_returns_metrics" time="0.328"><skipped type="pytest.skip" message="Insufficient data for walk-forward: Found input variables with inconsistent numbers of samples: [1, 500]">/home/user/HOPEFX-AI-TRADING/tests/unit/test_ml_inference_training.py:312: Insufficient data for walk-forward: Found input variables with inconsistent numbers of samples: [1, 500]</skipped></testcase><testcase classname="tests.unit.test_ml_inference_training.TestRobustPredictor" name="test_predict_after_fit" time="0.330"><skipped type="pytest.skip" message="Insufficient data for walk-forward in test env">/home/user/HOPEFX-AI-TRADING/tests/unit/test_ml_inference_training.py:320: Insufficient data for walk-forward in test env</skipped></testcase><testcase classname="tests.unit.test_ml_inference_training.TestRobustPredictor" name="test_predict_proba_after_fit" time="0.335"><skipped type="pytest.skip" message="Insufficient data for walk-forward in test env">/home/user/HOPEFX-AI-TRADING/tests/unit/test_ml_inference_training.py:330: Insufficient data for walk-forward in test env</skipped></testcase><testcase classname="tests.unit.test_ml_inference_training.TestAdvancedPredictor" name="test_init_no_model_file" time="0.008" /><testcase classname="tests.unit.test_ml_inference_training.TestAdvancedPredictor" name="test_predict_no_model_returns_neutral" time="0.010" /><testcase classname="tests.unit.test_ml_inference_training.TestAdvancedPredictor" name="test_get_predictor_singleton" time="0.007" /><testcase classname="tests.unit.test_ml_inference_training.TestAdvancedPredictor" name="test_hybrid_ensemble_predictor_init" time="0.008" /><testcase classname="tests.unit.test_ml_inference_training.TestAdvancedPredictor" name="test_hybrid_predict_proba_no_models" time="120.007"><failure message="Failed: Timeout (&gt;120.0s) from pytest-timeout.">self = &lt;tests.unit.test_ml_inference_training.TestAdvancedPredictor object at 0x7f88218b73d0&gt;

    def test_hybrid_predict_proba_no_models(self):
        from ml.advanced_predictor import HybridEnsemblePredictor

        hep = HybridEnsemblePredictor()
        rng = np.random.default_rng(0)
        X = rng.normal(0, 1, (10, 20))
&gt;       result = hep.predict_proba(X)
                 ^^^^^^^^^^^^^^^^^^^^

tests/unit/test_ml_inference_training.py:378:
_ _ _ _ _ _ _ _ _ _ _ _ _ _ _ _ _ _ _ _ _ _ _ _ _ _ _ _ _ _ _ _ _ _ _ _ _ _ _ _

self = &lt;ml.advanced_predictor.HybridEnsemblePredictor object at 0x7f87b7e4e210&gt;
X = array([[ 0.12573022, -0.13210486,  0.64042265,  0.10490012, -0.53566937,
         0.36159505,  1.30400005,  0.94708096...532 ,  1.08683078, -0.05060406, -0.28312507,
         1.64325161, -1.28264924, -0.5856578 , -0.47258768,  0.58633728]])
X_seq = None

        except Exception as exc:
            logger.debug("HybridEnsemble RL predict failed: %s", exc)
            return 0.5

    def predict_proba(
        self,
        X: np.ndarray,
        X_seq: np.ndarray | None = None,
    ) -&gt; float:
        """
        Return blended probability P(up) from all available components.

        Parameters
        ----------
        X     : (1, n_features) tabular feature row for XGBoost
        X_seq : (1, seq_len, n_features) sequence for LSTM — optional
        """
        with self._lock:
&gt;           self._predict_count += 1
                ^^^^^^^^^^^^^^^^^^^^

ml/advanced_predictor.py:980:
_ _ _ _ _ _ _ _ _ _ _ _ _ _ _ _ _ _ _ _ _ _ _ _ _ _ _ _ _ _ _ _ _ _ _ _ _ _ _ _

self = &lt;ml.advanced_predictor.HybridEnsemblePredictor object at 0x7f87b7e4e210&gt;
X = array([[ 0.12573022, -0.13210486,  0.64042265,  0.10490012, -0.53566937,
         0.36159505,  1.30400005,  0.94708096...532 ,  1.08683078, -0.05060406, -0.28312507,
         1.64325161, -1.28264924, -0.5856578 , -0.47258768,  0.58633728]])

&gt;   ???

ml/advanced_predictor.py:906:
_ _ _ _ _ _ _ _ _ _ _ _ _ _ _ _ _ _ _ _ _ _ _ _ _ _ _ _ _ _ _ _ _ _ _ _ _ _ _ _

self = &lt;ml.advanced_predictor.AdvancedPredictor object at 0x7f881eb556d0&gt;

    def _load(self) -&gt; bool:
        """
        Lazy-load model. Returns True on success.

        Runs a SHA-256 integrity check before deserialising the artifact.
        A recorded digest mismatch is treated as a hard failure — the model
        is not loaded and predict() returns neutral for every call.
        """
        if self._model is not None:
            return True
&gt;       with self._lock:
E       Failed: Timeout (&gt;120.0s) from pytest-timeout.

ml/advanced_predictor.py:386: Failed</failure></testcase><testcase classname="tests.unit.test_ml_inference_training.TestFeatureEngineer" name="test_create_features_returns_tuple" time="0.710" /><testcase classname="tests.unit.test_ml_inference_training.TestFeatureEngineer" name="test_create_features_X_is_dataframe" time="0.698" /><testcase classname="tests.unit.test_ml_inference_training.TestFeatureEngineer" name="test_create_features_y_class_is_binary" time="0.685" /><testcase classname="tests.unit.test_ml_inference_training.TestXGBoostModel" name="test_build_and_fit" time="0.021" /><testcase classname="tests.unit.test_ml_inference_training.TestXGBoostModel" name="test_predict_after_fit" time="0.025" /><testcase classname="tests.unit.test_ml_inference_training.TestXGBoostModel" name="test_predict_proba_after_fit" time="0.015" /><testcase classname="tests.unit.test_ml_inference_training.TestRandomForestModel" name="test_build_and_fit" time="0.631" /><testcase classname="tests.unit.test_ml_inference_training.TestRandomForestModel" name="test_predict_after_fit" time="0.687" /><testcase classname="tests.unit.test_ml_inference_training.TestRandomForestModel" name="test_predict_proba_after_fit" time="0.676" /><testcase classname="tests.unit.test_ml_inference_training.TestSharpeProgressTracker" name="test_init" time="0.008" /><testcase classname="tests.unit.test_ml_inference_training.TestSharpeProgressTracker" name="test_update_returns_status_dict" time="0.007" /><testcase classname="tests.unit.test_ml_inference_training.TestSharpeProgressTracker" name="test_gate_passed_after_enough_good_trades" time="0.009" /><testcase classname="tests.unit.test_ml_inference_training.TestSharpeProgressTracker" name="test_status_before_any_trades" time="0.007" /><testcase classname="tests.unit.test_ml_inference_training.TestSharpeGateCheck" name="test_gate_passes_sufficient_trades" time="0.008" /><testcase classname="tests.unit.test_ml_inference_training.TestSharpeGateCheck" name="test_gate_fails_insufficient_trades" time="0.007" /><testcase classname="tests.unit.test_ml_inference_training.TestSharpeGateCheck" name="test_gate_result_has_required_keys" time="0.008" /><testcase classname="tests.unit.test_ml_inference_training.TestSharpeGateCheck" name="test_gate_credible_flag" time="0.008" /><testcase classname="tests.unit.test_ml_inference_training.TestBuildBaseModels" name="test_build_base_models_returns_list" time="0.009" /><testcase classname="tests.unit.test_ml_inference_training.TestBuildBaseModels" name="test_build_base_models_are_name_estimator_tuples" time="0.010" /><testcase classname="tests.unit.test_ml_live_inference.TestFeatureCache" name="test_get_returns_none_on_miss" time="0.007" /><testcase classname="tests.unit.test_ml_live_inference.TestFeatureCache" name="test_set_and_get_roundtrip" time="0.008" /><testcase classname="tests.unit.test_ml_live_inference.TestFeatureCache" name="test_expired_entry_returns_none" time="0.007" /><testcase classname="tests.unit.test_ml_live_inference.TestFeatureCache" name="test_evicts_oldest_when_at_capacity" time="0.009" /><testcase classname="tests.unit.test_ml_live_inference.TestFeatureCache" name="test_invalidate_clears_memory" time="0.010" /><testcase classname="tests.unit.test_ml_live_inference.TestFeatureCache" name="test_backend_property_memory" time="0.007" /><testcase classname="tests.unit.test_ml_live_inference.TestFeatureCache" name="test_backend_property_redis" time="0.008" /><testcase classname="tests.unit.test_ml_live_inference.TestFeatureCache" name="test_redis_get_returns_cached_value" time="0.009" /><testcase classname="tests.unit.test_ml_live_inference.TestFeatureCache" name="test_redis_set_calls_setex" time="0.009" /><testcase classname="tests.unit.test_ml_live_inference.TestFeatureCache" name="test_redis_invalidate_deletes_keys" time="0.008" /><testcase classname="tests.unit.test_ml_live_inference.TestFeatureCache" name="test_handles_get_exception" time="0.008" /><testcase classname="tests.unit.test_ml_live_inference.TestFeatureCache" name="test_handles_set_exception" time="0.010" /><testcase classname="tests.unit.test_ml_live_inference.TestFeatureCache" name="test_make_key_is_deterministic" time="0.007" /><testcase classname="tests.unit.test_ml_live_inference.TestFeatureCache" name="test_try_connect_handles_redis_unavailable" time="0.011" /><testcase classname="tests.unit.test_ml_live_inference.TestAdvancedModelPredictor" name="test_is_available_false_when_no_file" time="0.013" /><testcase classname="tests.unit.test_ml_live_inference.TestAdvancedModelPredictor" name="test_is_available_true_when_file_exists" time="0.013" /><testcase classname="tests.unit.test_ml_live_inference.TestAdvancedModelPredictor" name="test_version_property" time="0.013" /><testcase classname="tests.unit.test_ml_live_inference.TestAdvancedModelPredictor" name="test_load_returns_false_when_file_missing" time="0.015" /><testcase classname="tests.unit.test_ml_live_inference.TestAdvancedModelPredictor" name="test_load_returns_false_on_bad_pickle" time="0.014" /><testcase classname="tests.unit.test_ml_live_inference.TestAdvancedModelPredictor" name="test_load_handles_sentry_failure" time="0.012" /><testcase classname="tests.unit.test_ml_live_inference.TestAdvancedModelPredictor" name="test_predict_proba_returns_half_when_model_missing" time="0.012" /><testcase classname="tests.unit.test_ml_live_inference.TestAdvancedModelPredictor" name="test_predict_proba_returns_half_when_insufficient_bars" time="0.010" /><testcase classname="tests.unit.test_ml_live_inference.TestAdvancedModelPredictor" name="test_predict_proba_returns_half_when_feature_build_fails" time="0.010" /><testcase classname="tests.unit.test_ml_live_inference.TestAdvancedModelPredictor" name="test_predict_proba_returns_float_on_success" time="0.012" /><testcase classname="tests.unit.test_ml_live_inference.TestAdvancedModelPredictor" name="test_predict_proba_handles_model_exception" time="0.013" /><testcase classname="tests.unit.test_ml_live_inference.TestAdvancedModelPredictor" name="test_predict_proba_aligns_features_to_model" time="0.013" /><testcase classname="tests.unit.test_ml_live_inference.TestAdvancedModelPredictor" name="test_predict_proba_with_mtf_features" time="0.014" /><testcase classname="tests.unit.test_ml_live_inference.TestAdvancedModelPredictor" name="test_predict_signal_long" time="0.010" /><testcase classname="tests.unit.test_ml_live_inference.TestAdvancedModelPredictor" name="test_predict_signal_short" time="0.011" /><testcase classname="tests.unit.test_ml_live_inference.TestAdvancedModelPredictor" name="test_predict_signal_neutral" time="0.010" /><testcase classname="tests.unit.test_ml_live_inference.TestAdvancedModelPredictor" name="test_predict_signal_has_required_keys" time="0.010" /><testcase classname="tests.unit.test_ml_live_inference.TestAdvancedModelPredictor" name="test_build_features_uses_cache" time="0.011" /><testcase classname="tests.unit.test_ml_live_inference.TestAdvancedModelPredictor" name="test_build_features_returns_none_on_exception" time="0.013" /><testcase classname="tests.unit.test_ml_live_inference.TestLiveInferenceLoop" name="test_add_and_remove_callback" time="0.009" /><testcase classname="tests.unit.test_ml_live_inference.TestLiveInferenceLoop" name="test_status_returns_expected_keys" time="0.008" /><testcase classname="tests.unit.test_ml_live_inference.TestLiveInferenceLoop" name="test_stop_sets_running_false" time="0.008" /><testcase classname="tests.unit.test_ml_live_inference.TestLiveInferenceLoop" name="test_tick_skips_when_no_ohlcv" time="0.011" /><testcase classname="tests.unit.test_ml_live_inference.TestLiveInferenceLoop" name="test_tick_skips_when_insufficient_bars" time="0.013" /><testcase classname="tests.unit.test_ml_live_inference.TestLiveInferenceLoop" name="test_tick_calls_callbacks" time="0.016" /><testcase classname="tests.unit.test_ml_live_inference.TestLiveInferenceLoop" name="test_tick_handles_predict_exception" time="0.014" /><testcase classname="tests.unit.test_ml_live_inference.TestLiveInferenceLoop" name="test_tick_handles_callback_exception" time="0.015" /><testcase classname="tests.unit.test_ml_live_inference.TestLiveInferenceLoop" name="test_run_stops_on_stop_call" time="0.015" /><testcase classname="tests.unit.test_ml_live_inference.TestLiveInferenceLoop" name="test_run_handles_tick_exception" time="0.015"><failure message="assert 0 == 1&#10; +  where 0 = &lt;ml.live_inference.LiveInferenceLoop object at 0x7f88e9a77390&gt;._error_count">self = &lt;tests.unit.test_ml_live_inference.TestLiveInferenceLoop object at 0x7f8821700ad0&gt;

    @pytest.mark.asyncio
    async def test_run_handles_tick_exception(self):
        loop = self._make_loop()
        call_count = 0

        async def boom():
            nonlocal call_count
            call_count += 1
            if call_count == 1:
                raise RuntimeError("tick error")
            loop.stop()

        with patch.object(loop, "_tick", side_effect=boom), patch("asyncio.sleep", new_callable=AsyncMock):
            await loop.run()

&gt;       assert loop._error_count == 1
E       assert 0 == 1
E        +  where 0 = &lt;ml.live_inference.LiveInferenceLoop object at 0x7f88e9a77390&gt;._error_count

tests/unit/test_ml_live_inference.py:425: AssertionError</failure></testcase><testcase classname="tests.unit.test_ml_live_inference.TestLiveInferenceLoop" name="test_fetch_ohlcv_from_broker_store" time="0.012" /><testcase classname="tests.unit.test_ml_live_inference.TestLiveInferenceLoop" name="test_fetch_ohlcv_returns_none_when_all_fail" time="0.010" /><testcase classname="tests.unit.test_ml_live_inference.TestLiveInferenceLoop" name="test_fetch_macro_returns_none" time="0.009" /><testcase classname="tests.unit.test_ml_live_inference.TestLiveInferenceLoop" name="test_apply_signal_filter_passes_through_on_error" time="0.009" /><testcase classname="tests.unit.test_ml_live_inference.TestLiveInferenceLoop" name="test_apply_signal_filter_uses_signal_filter" time="0.009" /><testcase classname="tests.unit.test_ml_live_inference.TestSingleton" name="test_get_advanced_predictor_returns_same_instance" time="0.009" /><testcase classname="tests.unit.test_ml_models.TestBaseMLModel" name="test_initialization_defaults" time="0.007" /><testcase classname="tests.unit.test_ml_models.TestBaseMLModel" name="test_initialization_with_config" time="0.007" /><testcase classname="tests.unit.test_ml_models.TestBaseMLModel" name="test_str_representation_untrained" time="0.008" /><testcase classname="tests.unit.test_ml_models.TestBaseMLModel" name="test_str_representation_trained" time="0.008" /><testcase classname="tests.unit.test_ml_models.TestBaseMLModel" name="test_repr" time="0.007" /><testcase classname="tests.unit.test_ml_models.TestBaseMLModel" name="test_build_sets_model" time="0.008" /><testcase classname="tests.unit.test_ml_models.TestBaseMLModel" name="test_train_sets_trained_flag" time="0.008" /><testcase classname="tests.unit.test_ml_models.TestBaseMLModel" name="test_predict_returns_array" time="0.008" /><testcase classname="tests.unit.test_ml_models.TestBaseMLModel" name="test_get_feature_importance_none_without_model" time="0.008" /><testcase classname="tests.unit.test_ml_models.TestBaseMLModel" name="test_get_feature_importance_with_feature_importances_" time="0.018" /><testcase classname="tests.unit.test_ml_models.TestBaseMLModel" name="test_get_feature_importance_with_coef_" time="0.009" /><testcase classname="tests.unit.test_ml_models.TestBaseMLModel" name="test_save_and_load_roundtrip" time="0.014" /><testcase classname="tests.unit.test_ml_models.TestBaseMLModel" name="test_evaluate_calls_predict" time="0.015" /><testcase classname="tests.unit.test_ml_models.TestLSTMPricePredictor" name="test_initialization_defaults" time="0.006" /><testcase classname="tests.unit.test_ml_models.TestLSTMPricePredictor" name="test_initialization_with_custom_config" time="0.006" /><testcase classname="tests.unit.test_ml_models.TestLSTMPricePredictor" name="test_prepare_sequences" time="0.010" /><testcase classname="tests.unit.test_ml_models.TestLSTMPricePredictor" name="test_predict_raises_when_not_trained" time="0.007" /><testcase classname="tests.unit.test_ml_models.TestLSTMPricePredictor" name="test_predict_next_raises_insufficient_data" time="0.006" /><testcase classname="tests.unit.test_ml_models.TestLSTMPricePredictor" name="test_get_model_summary_not_built" time="0.004" /><testcase classname="tests.unit.test_ml_models.TestLSTMPricePredictor" name="test_get_model_summary_built" time="0.006" /><testcase classname="tests.unit.test_ml_models.TestLSTMPricePredictor" name="test_build_with_mocked_tensorflow" time="0.008" /><testcase classname="tests.unit.test_ml_models.TestLSTMPricePredictor" name="test_scale_data_raises_if_not_fitted" time="0.005" /><testcase classname="tests.unit.test_ml_models.TestLSTMPricePredictor" name="test_predict_with_real_scalers_and_stub_model" time="0.010" /><testcase classname="tests.unit.test_ml_models.TestRandomForestTradingClassifier" name="test_initialization_defaults" time="0.006" /><testcase classname="tests.unit.test_ml_models.TestRandomForestTradingClassifier" name="test_initialization_with_config" time="0.006" /><testcase classname="tests.unit.test_ml_models.TestRandomForestTradingClassifier" name="test_predict_raises_when_not_trained" time="0.004" /><testcase classname="tests.unit.test_ml_models.TestRandomForestTradingClassifier" name="test_predict_proba_raises_when_not_trained" time="0.007" /><testcase classname="tests.unit.test_ml_models.TestRandomForestTradingClassifier" name="test_get_feature_importance_dict_untrained" time="0.006" /><testcase classname="tests.unit.test_ml_models.TestRandomForestTradingClassifier" name="test_build_creates_model" time="0.008" /><testcase classname="tests.unit.test_ml_models.TestRandomForestTradingClassifier" name="test_train_and_predict_real_model" time="0.056" /><testcase classname="tests.unit.test_ml_models.TestRandomForestTradingClassifier" name="test_train_stores_feature_names" time="0.057" /><testcase classname="tests.unit.test_ml_models.TestRandomForestTradingClassifier" name="test_train_infers_feature_names_when_not_provided" time="0.057" /><testcase classname="tests.unit.test_ml_models.TestRandomForestTradingClassifier" name="test_predict_returns_correct_shape" time="0.069" /><testcase classname="tests.unit.test_ml_models.TestRandomForestTradingClassifier" name="test_predict_proba_returns_correct_shape" time="0.071" /><testcase classname="tests.unit.test_ml_models.TestRandomForestTradingClassifier" name="test_predict_with_confidence_shape" time="0.086" /><testcase classname="tests.unit.test_ml_models.TestRandomForestTradingClassifier" name="test_get_feature_importance_dict_with_names" time="0.069" /><testcase classname="tests.unit.test_ml_models.TestRandomForestTradingClassifier" name="test_get_feature_importance_dict_without_names" time="0.070" /><testcase classname="tests.unit.test_ml_models.TestRandomForestTradingClassifier" name="test_get_top_features" time="0.069" /><testcase classname="tests.unit.test_ml_models.TestRandomForestTradingClassifier" name="test_validate_training_history_updated" time="0.055" /><testcase classname="tests.unit.test_ml_models.TestEnsemblePredictor" name="test_initialization_defaults" time="0.008" /><testcase classname="tests.unit.test_ml_models.TestEnsemblePredictor" name="test_initialization_with_config" time="0.007" /><testcase classname="tests.unit.test_ml_models.TestEnsemblePredictor" name="test_predict_raises_when_not_trained" time="0.008" /><testcase classname="tests.unit.test_ml_models.TestEnsemblePredictor" name="test_predict_with_confidence_raises_when_not_trained" time="0.008" /><testcase classname="tests.unit.test_ml_models.TestEnsemblePredictor" name="test_prepare_features_shape" time="0.010" /><testcase classname="tests.unit.test_ml_models.TestEnsemblePredictor" name="test_prepare_lstm_sequences_shape" time="0.008" /><testcase classname="tests.unit.test_ml_models.TestEnsemblePredictor" name="test_combine_predictions_empty" time="0.007" /><testcase classname="tests.unit.test_ml_models.TestEnsemblePredictor" name="test_combine_predictions_single_model" time="0.007" /><testcase classname="tests.unit.test_ml_models.TestEnsemblePredictor" name="test_combine_predictions_strong_consensus" time="0.007" /><testcase classname="tests.unit.test_ml_models.TestEnsemblePredictor" name="test_combine_predictions_divergent" time="0.007" /><testcase classname="tests.unit.test_ml_models.TestEnsemblePredictor" name="test_calculate_model_confidence_no_history" time="0.007" /><testcase classname="tests.unit.test_ml_models.TestEnsemblePredictor" name="test_calculate_model_confidence_with_history" time="0.007" /><testcase classname="tests.unit.test_ml_models.TestEnsemblePredictor" name="test_update_performance_increments_total" time="0.008" /><testcase classname="tests.unit.test_ml_models.TestEnsemblePredictor" name="test_update_performance_direction_correct" time="0.008" /><testcase classname="tests.unit.test_ml_models.TestEnsemblePredictor" name="test_update_performance_direction_wrong" time="0.007" /><testcase classname="tests.unit.test_ml_models.TestEnsemblePredictor" name="test_update_performance_caps_recent_errors" time="0.011" /><testcase classname="tests.unit.test_ml_models.TestEnsemblePredictor" name="test_update_performance_unknown_model" time="0.007" /><testcase classname="tests.unit.test_ml_models.TestEnsemblePredictor" name="test_update_weights_with_models" time="0.008" /><testcase classname="tests.unit.test_ml_models.TestEnsemblePredictor" name="test_get_model_summary_structure" time="0.007" /><testcase classname="tests.unit.test_ml_models.TestEnsemblePredictor" name="test_ensemble_prediction_to_dict" time="0.007" /><testcase classname="tests.unit.test_ml_models.TestEnsemblePredictor" name="test_build_with_only_sklearn_models" time="0.010" /><testcase classname="tests.unit.test_ml_models.TestEnsemblePredictor" name="test_build_without_any_dependency" time="0.008" /><testcase classname="tests.unit.test_ml_models.TestTechnicalFeatureEngineerExtended" name="test_init_no_config" time="0.007" /><testcase classname="tests.unit.test_ml_models.TestTechnicalFeatureEngineerExtended" name="test_init_with_config" time="0.008" /><testcase classname="tests.unit.test_ml_models.TestTechnicalFeatureEngineerExtended" name="test_missing_columns_raises" time="0.009" /><testcase classname="tests.unit.test_ml_models.TestTechnicalFeatureEngineerExtended" name="test_returns_dataframe" time="0.181" /><testcase classname="tests.unit.test_ml_models.TestTechnicalFeatureEngineerExtended" name="test_no_nan_in_result" time="0.194" /><testcase classname="tests.unit.test_ml_models.TestTechnicalFeatureEngineerExtended" name="test_original_unchanged" time="0.182" /><testcase classname="tests.unit.test_ml_models.TestTechnicalFeatureEngineerExtended" name="test_sma_columns_present" time="0.210" /><testcase classname="tests.unit.test_ml_models.TestTechnicalFeatureEngineerExtended" name="test_ema_columns_present" time="0.197" /><testcase classname="tests.unit.test_ml_models.TestTechnicalFeatureEngineerExtended" name="test_macd_columns_present" time="0.188" /><testcase classname="tests.unit.test_ml_models.TestTechnicalFeatureEngineerExtended" name="test_ma_crossover_values_binary" time="0.202" /><testcase classname="tests.unit.test_ml_models.TestTechnicalFeatureEngineerExtended" name="test_sma_calculation_correctness" time="0.195" /><testcase classname="tests.unit.test_ml_models.TestTechnicalFeatureEngineerExtended" name="test_rsi_columns_present" time="0.192" /><testcase classname="tests.unit.test_ml_models.TestTechnicalFeatureEngineerExtended" name="test_rsi_bounds" time="0.198" /><testcase classname="tests.unit.test_ml_models.TestTechnicalFeatureEngineerExtended" name="test_rsi_constant_price_is_50_or_nan" time="0.103" /><testcase classname="tests.unit.test_ml_models.TestTechnicalFeatureEngineerExtended" name="test_stochastic_columns_present" time="0.190" /><testcase classname="tests.unit.test_ml_models.TestTechnicalFeatureEngineerExtended" name="test_stochastic_bounds" time="0.193" /><testcase classname="tests.unit.test_ml_models.TestTechnicalFeatureEngineerExtended" name="test_roc_column_present" time="0.210" /><testcase classname="tests.unit.test_ml_models.TestTechnicalFeatureEngineerExtended" name="test_williams_r_column_present" time="0.209" /><testcase classname="tests.unit.test_ml_models.TestTechnicalFeatureEngineerExtended" name="test_bollinger_bands_columns" time="0.194" /><testcase classname="tests.unit.test_ml_models.TestTechnicalFeatureEngineerExtended" name="test_bollinger_band_ordering" time="0.196" /><testcase classname="tests.unit.test_ml_models.TestTechnicalFeatureEngineerExtended" name="test_bollinger_width_zero_for_constant" time="0.113" /><testcase classname="tests.unit.test_ml_models.TestTechnicalFeatureEngineerExtended" name="test_atr_columns_present" time="0.189" /><testcase classname="tests.unit.test_ml_models.TestTechnicalFeatureEngineerExtended" name="test_atr_non_negative" time="0.186" /><testcase classname="tests.unit.test_ml_models.TestTechnicalFeatureEngineerExtended" name="test_volatility_columns_present" time="0.188" /><testcase classname="tests.unit.test_ml_models.TestTechnicalFeatureEngineerExtended" name="test_obv_column_present" time="0.190" /><testcase classname="tests.unit.test_ml_models.TestTechnicalFeatureEngineerExtended" name="test_mfi_column_present" time="0.188" /><testcase classname="tests.unit.test_ml_models.TestTechnicalFeatureEngineerExtended" name="test_volume_ratio_present" time="0.185" /><testcase classname="tests.unit.test_ml_models.TestTechnicalFeatureEngineerExtended" name="test_price_pattern_columns" time="0.185" /><testcase classname="tests.unit.test_ml_models.TestTechnicalFeatureEngineerExtended" name="test_is_bullish_and_bearish_not_both" time="0.188" /><testcase classname="tests.unit.test_ml_models.TestTechnicalFeatureEngineerExtended" name="test_candle_body_sign" time="0.185" /><testcase classname="tests.unit.test_ml_models.TestTechnicalFeatureEngineerExtended" name="test_returns_columns_present" time="0.187" /><testcase classname="tests.unit.test_ml_models.TestTechnicalFeatureEngineerExtended" name="test_zscore_columns_present" time="0.183" /><testcase classname="tests.unit.test_ml_models.TestTechnicalFeatureEngineerExtended" name="test_zscore_mean_approx_zero" time="0.184" /><testcase classname="tests.unit.test_ml_models.TestTechnicalFeatureEngineerExtended" name="test_skew_and_kurt_present" time="0.186" /><testcase classname="tests.unit.test_ml_models.TestTechnicalFeatureEngineerExtended" name="test_get_feature_groups_returns_dict" time="0.186" /><testcase classname="tests.unit.test_ml_models.TestTechnicalFeatureEngineerExtended" name="test_feature_groups_all_features_categorised" time="0.201" /><testcase classname="tests.unit.test_ml_models.TestTechnicalFeatureEngineerExtended" name="test_create_labels_forward_return" time="0.190" /><testcase classname="tests.unit.test_ml_models.TestTechnicalFeatureEngineerExtended" name="test_create_labels_trend" time="0.011" /><testcase classname="tests.unit.test_ml_models.TestTechnicalFeatureEngineerExtended" name="test_create_labels_breakout" time="0.010" /><testcase classname="tests.unit.test_ml_models.TestTechnicalFeatureEngineerExtended" name="test_create_labels_invalid_method" time="0.009" /><testcase classname="tests.unit.test_ml_models.TestTechnicalFeatureEngineerExtended" name="test_macd_signal_lags_macd" time="0.182" /><testcase classname="tests.unit.test_ml_models.TestTechnicalFeatureEngineerExtended" name="test_feature_names_exclude_ohlcv" time="0.180" /><testcase classname="tests.unit.test_ml_models.TestTechnicalFeatureEngineerExtended" name="test_idempotent_calls" time="0.369" /><testcase classname="tests.unit.test_ml_models_sizer.TestPositionSizer" name="test_compute_returns_positive" time="0.007" /><testcase classname="tests.unit.test_ml_models_sizer.TestPositionSizer" name="test_compute_zero_equity_returns_min" time="0.007" /><testcase classname="tests.unit.test_ml_models_sizer.TestPositionSizer" name="test_compute_zero_entry_returns_min" time="0.006" /><testcase classname="tests.unit.test_ml_models_sizer.TestPositionSizer" name="test_compute_capped_at_max_lots" time="0.007" /><testcase classname="tests.unit.test_ml_models_sizer.TestPositionSizer" name="test_compute_at_least_min_lots" time="0.006" /><testcase classname="tests.unit.test_ml_models_sizer.TestPositionSizer" name="test_volatility_size_with_stop_loss" time="0.006" /><testcase classname="tests.unit.test_ml_models_sizer.TestPositionSizer" name="test_volatility_size_no_stop_loss" time="0.009" /><testcase classname="tests.unit.test_ml_models_sizer.TestPositionSizer" name="test_fixed_size" time="0.007" /><testcase classname="tests.unit.test_ml_models_sizer.TestPositionSizer" name="test_kelly_size_returns_positive" time="0.006" /><testcase classname="tests.unit.test_ml_models_sizer.TestPositionSizer" name="test_atr_distance_no_ohlcv" time="0.007" /><testcase classname="tests.unit.test_ml_models_sizer.TestPositionSizer" name="test_get_position_sizer_singleton" time="0.007" /><testcase classname="tests.unit.test_ml_models_sizer.TestPositionSizer" name="test_compute_fixed_method" time="0.007" /><testcase classname="tests.unit.test_ml_models_sizer.TestRandomForestModel" name="test_predict_before_fit_returns_zeros" time="0.007" /><testcase classname="tests.unit.test_ml_models_sizer.TestRandomForestModel" name="test_predict_proba_before_fit_returns_half" time="0.008" /><testcase classname="tests.unit.test_ml_models_sizer.TestRandomForestModel" name="test_feature_importances_before_fit_empty" time="0.007" /><testcase classname="tests.unit.test_ml_models_sizer.TestRandomForestModel" name="test_is_fitted_false_initially" time="0.009" /><testcase classname="tests.unit.test_ml_models_sizer.TestRandomForestModel" name="test_fit_and_predict" time="0.040" /><testcase classname="tests.unit.test_ml_models_sizer.TestRandomForestModel" name="test_fit_and_predict_proba" time="0.039" /><testcase classname="tests.unit.test_ml_models_sizer.TestGradientBoostingModel" name="test_predict_before_fit_returns_zeros" time="0.008" /><testcase classname="tests.unit.test_ml_models_sizer.TestGradientBoostingModel" name="test_predict_proba_before_fit_returns_half" time="0.007" /><testcase classname="tests.unit.test_ml_models_sizer.TestGradientBoostingModel" name="test_fit_and_predict" time="0.015" /><testcase classname="tests.unit.test_ml_models_sizer.TestEnsembleModel" name="test_predict_before_fit" time="0.008" /><testcase classname="tests.unit.test_ml_models_sizer.TestEnsembleModel" name="test_predict_proba_before_fit" time="0.008" /><testcase classname="tests.unit.test_ml_models_sizer.TestEnsembleModel" name="test_fit_and_predict" time="0.046" /><testcase classname="tests.unit.test_ml_models_sizer.TestEnsembleModel" name="test_predict_proba_sums_to_one" time="0.044" /><testcase classname="tests.unit.test_ml_pipeline_coverage.TestFeatureEngineer" name="test_compute_returns_dataframe" time="0.029" /><testcase classname="tests.unit.test_ml_pipeline_coverage.TestFeatureEngineer" name="test_compute_has_return_columns" time="0.030" /><testcase classname="tests.unit.test_ml_pipeline_coverage.TestFeatureEngineer" name="test_compute_drops_nan_rows" time="0.033" /><testcase classname="tests.unit.test_ml_pipeline_coverage.TestFeatureEngineer" name="test_shorter_lookback_more_rows" time="0.049" /><testcase classname="tests.unit.test_ml_pipeline_coverage.TestFeatureEngineer" name="test_rsi_column_present" time="0.032" /><testcase classname="tests.unit.test_ml_pipeline_coverage.TestStationarityTester" name="test_stationary_series_passes" time="0.015" /><testcase classname="tests.unit.test_ml_pipeline_coverage.TestStationarityTester" name="test_random_walk_fails" time="0.013" /><testcase classname="tests.unit.test_ml_pipeline_coverage.TestStationarityTester" name="test_result_has_adf_pvalue" time="0.012" /><testcase classname="tests.unit.test_ml_pipeline_coverage.TestStationarityTester" name="test_to_dict" time="0.012" /><testcase classname="tests.unit.test_ml_pipeline_coverage.TestStationarityTester" name="test_dataframe_test" time="0.131" /><testcase classname="tests.unit.test_ml_pipeline_coverage.TestWalkForwardValidator" name="test_split_returns_folds" time="0.008" /><testcase classname="tests.unit.test_ml_pipeline_coverage.TestWalkForwardValidator" name="test_fold_has_train_test_attrs" time="0.007" /><testcase classname="tests.unit.test_ml_pipeline_coverage.TestWalkForwardValidator" name="test_folds_non_overlapping_test" time="0.006" /><testcase classname="tests.unit.test_ml_pipeline_coverage.TestXGBoostPredictor" name="test_fit_and_predict" time="2.038" /><testcase classname="tests.unit.test_ml_pipeline_coverage.TestXGBoostPredictor" name="test_predict_proba_shape" time="0.486" /><testcase classname="tests.unit.test_ml_pipeline_coverage.TestXGBoostPredictor" name="test_feature_importances" time="0.045" /><testcase classname="tests.unit.test_ml_pipeline_coverage.TestXGBoostPredictor" name="test_save_and_load" time="0.050" /><testcase classname="tests.unit.test_ml_pipeline_coverage.TestXGBoostPredictor" name="test_threshold_affects_predictions" time="0.050" /><testcase classname="tests.unit.test_ml_pipeline_coverage.TestDriftMonitorFunctions" name="test_psi_zero_for_identical" time="0.009" /><testcase classname="tests.unit.test_ml_pipeline_coverage.TestDriftMonitorFunctions" name="test_psi_large_for_shifted" time="0.008" /><testcase classname="tests.unit.test_ml_pipeline_coverage.TestDriftMonitorFunctions" name="test_ks_pvalue_same_dist" time="0.008" /><testcase classname="tests.unit.test_ml_pipeline_coverage.TestDriftMonitorFunctions" name="test_ks_pvalue_different_dist" time="0.008" /><testcase classname="tests.unit.test_ml_pipeline_coverage.TestDriftMonitor" name="test_from_reference_arrays" time="0.008" /><testcase classname="tests.unit.test_ml_pipeline_coverage.TestDriftMonitor" name="test_compute_no_drift" time="0.011" /><testcase classname="tests.unit.test_ml_pipeline_coverage.TestDriftMonitor" name="test_compute_detects_drift" time="0.011" /><testcase classname="tests.unit.test_ml_pipeline_coverage.TestDriftMonitor" name="test_report_overall_status" time="0.011" /><testcase classname="tests.unit.test_ml_pipeline_coverage.TestDriftMonitor" name="test_report_to_dict" time="0.010" /><testcase classname="tests.unit.test_ml_pipeline_coverage.TestDriftMonitor" name="test_feature_drift_psi_level" time="0.007" /><testcase classname="tests.unit.test_ml_pipeline_coverage.TestDriftMonitor" name="test_feature_drift_psi_yellow" time="0.007" /><testcase classname="tests.unit.test_ml_pipeline_coverage.TestDriftMonitor" name="test_feature_drift_psi_red" time="0.006" /><testcase classname="tests.unit.test_ml_pipeline_coverage.TestDriftMonitor" name="test_feature_drift_ks_alarm" time="0.007" /><testcase classname="tests.unit.test_ml_pipeline_coverage.TestDriftMonitor" name="test_from_feature_stats_missing_path" time="0.009" /><testcase classname="tests.unit.test_ml_pipeline_coverage.TestVersionWindow" name="test_record_and_mean" time="0.007" /><testcase classname="tests.unit.test_ml_pipeline_coverage.TestVersionWindow" name="test_trade_count" time="0.007" /><testcase classname="tests.unit.test_ml_pipeline_coverage.TestVersionWindow" name="test_mean_pnl_none_when_empty" time="0.007" /><testcase classname="tests.unit.test_ml_pipeline_coverage.TestVersionWindow" name="test_maxlen_respected" time="0.007" /><testcase classname="tests.unit.test_ml_pipeline_coverage.TestModelPerformanceMonitor" name="test_instantiation" time="0.007" /><testcase classname="tests.unit.test_ml_pipeline_coverage.TestModelPerformanceMonitor" name="test_record_trade_no_version" time="0.007" /><testcase classname="tests.unit.test_ml_pipeline_coverage.TestModelPerformanceMonitor" name="test_record_trade_with_version" time="0.007" /><testcase classname="tests.unit.test_ml_pipeline_coverage.TestModelPerformanceMonitor" name="test_on_model_promoted" time="0.008" /><testcase classname="tests.unit.test_ml_pipeline_coverage.TestModelPerformanceMonitor" name="test_status_returns_dict" time="0.008" /><testcase classname="tests.unit.test_ml_pipeline_coverage.TestModelPerformanceMonitor" name="test_stop" time="0.007" /><testcase classname="tests.unit.test_ml_pipeline_coverage.TestModelPerformanceMonitor" name="test_should_rollback_worse_performance" time="0.009" /><testcase classname="tests.unit.test_ml_pipeline_coverage.TestModelPerformanceMonitor" name="test_should_not_rollback_better_performance" time="0.008" /><testcase classname="tests.unit.test_ml_pipeline_coverage.TestModelPerformanceMonitor" name="test_should_not_rollback_no_prev" time="0.007" /><testcase classname="tests.unit.test_ml_pipeline_coverage.TestSignalFilter" name="test_high_confidence_passes" time="0.008" /><testcase classname="tests.unit.test_ml_pipeline_coverage.TestSignalFilter" name="test_low_confidence_blocked" time="0.009" /><testcase classname="tests.unit.test_ml_pipeline_coverage.TestSignalFilter" name="test_filter_returns_same_as_check" time="0.009" /><testcase classname="tests.unit.test_ml_pipeline_coverage.TestSignalFilter" name="test_filter_result_bool" time="0.007" /><testcase classname="tests.unit.test_ml_pipeline_coverage.TestSignalFilter" name="test_filter_result_bool_false" time="0.008" /><testcase classname="tests.unit.test_ml_pipeline_coverage.TestSignalFilter" name="test_record_outcome_and_ev_stats" time="0.007" /><testcase classname="tests.unit.test_ml_pipeline_coverage.TestSignalFilter" name="test_get_stats_keys" time="0.007" /><testcase classname="tests.unit.test_ml_pipeline_coverage.TestSignalFilter" name="test_short_signal_high_confidence" time="0.008" /><testcase classname="tests.unit.test_ml_pipeline_coverage.TestSignalFilter" name="test_missing_confidence_blocked" time="0.008" /><testcase classname="tests.unit.test_ml_pipeline_coverage.TestModelRegistry" name="test_instantiation" time="0.009" /><testcase classname="tests.unit.test_ml_pipeline_coverage.TestModelRegistry" name="test_list_versions_empty" time="0.010" /><testcase classname="tests.unit.test_ml_pipeline_coverage.TestModelRegistry" name="test_register_model" time="0.011" /><testcase classname="tests.unit.test_ml_pipeline_coverage.TestModelRegistry" name="test_get_version" time="0.012" /><testcase classname="tests.unit.test_ml_pipeline_coverage.TestModelRegistry" name="test_get_version_missing_returns_none" time="0.009" /><testcase classname="tests.unit.test_ml_pipeline_coverage.TestModelRegistry" name="test_active_version_none_initially" time="0.009" /><testcase classname="tests.unit.test_ml_pipeline_coverage.TestModelRegistry" name="test_promote_model" time="0.017" /><testcase classname="tests.unit.test_ml_pipeline_coverage.TestModelRegistry" name="test_retire_model" time="0.012" /><testcase classname="tests.unit.test_ml_pipeline_coverage.TestModelRegistry" name="test_verify_missing_file" time="0.011" /><testcase classname="tests.unit.test_ml_pipeline_coverage.TestModelRegistry" name="test_gate_check_blocks_low_accuracy" time="0.010" /><testcase classname="tests.unit.test_ml_pipeline_full.TestDataclasses" name="test_stationarity_result_to_dict" time="0.007" /><testcase classname="tests.unit.test_ml_pipeline_full.TestDataclasses" name="test_walk_forward_fold_creation" time="0.007" /><testcase classname="tests.unit.test_ml_pipeline_full.TestDataclasses" name="test_validation_report_to_dict" time="0.008" /><testcase classname="tests.unit.test_ml_pipeline_full.TestFeatureEngineer" name="test_compute_returns_dataframe" time="0.028" /><testcase classname="tests.unit.test_ml_pipeline_full.TestFeatureEngineer" name="test_compute_raises_on_missing_columns" time="0.008" /><testcase classname="tests.unit.test_ml_pipeline_full.TestFeatureEngineer" name="test_compute_lowercases_columns" time="0.029" /><testcase classname="tests.unit.test_ml_pipeline_full.TestFeatureEngineer" name="test_no_lookahead_target_not_shifted" time="0.028" /><testcase classname="tests.unit.test_ml_pipeline_full.TestFeatureEngineer" name="test_rsi_returns_series" time="0.011" /><testcase classname="tests.unit.test_ml_pipeline_full.TestStationarityTester" name="test_test_returns_result" time="0.012" /><testcase classname="tests.unit.test_ml_pipeline_full.TestStationarityTester" name="test_test_insufficient_data" time="0.008" /><testcase classname="tests.unit.test_ml_pipeline_full.TestStationarityTester" name="test_test_without_statsmodels" time="0.007" /><testcase classname="tests.unit.test_ml_pipeline_full.TestStationarityTester" name="test_test_dataframe" time="0.049" /><testcase classname="tests.unit.test_ml_pipeline_full.TestWalkForwardValidator" name="test_split_returns_correct_number_of_folds" time="0.007" /><testcase classname="tests.unit.test_ml_pipeline_full.TestWalkForwardValidator" name="test_split_train_expands" time="0.007" /><testcase classname="tests.unit.test_ml_pipeline_full.TestWalkForwardValidator" name="test_split_raises_on_insufficient_data" time="0.007" /><testcase classname="tests.unit.test_ml_pipeline_full.TestWalkForwardValidator" name="test_no_overlap_between_train_and_test" time="0.007" /><testcase classname="tests.unit.test_ml_pipeline_full.TestXGBoostPredictor" name="test_raises_without_xgboost" time="0.008" /><testcase classname="tests.unit.test_ml_pipeline_full.TestXGBoostPredictor" name="test_fit_and_predict_proba" time="0.026" /><testcase classname="tests.unit.test_ml_pipeline_full.TestXGBoostPredictor" name="test_predict_returns_binary" time="0.020" /><testcase classname="tests.unit.test_ml_pipeline_full.TestXGBoostPredictor" name="test_predict_proba_raises_when_not_fitted" time="0.007" /><testcase classname="tests.unit.test_ml_pipeline_full.TestXGBoostPredictor" name="test_get_feature_importances_empty_before_fit" time="0.008" /><testcase classname="tests.unit.test_ml_pipeline_full.TestXGBoostPredictor" name="test_get_feature_importances_after_fit" time="0.027" /><testcase classname="tests.unit.test_ml_pipeline_full.TestXGBoostPredictor" name="test_save_and_load" time="0.026" /><testcase classname="tests.unit.test_ml_pipeline_full.TestXGBoostPredictor" name="test_save_raises_when_not_fitted" time="0.009" /><testcase classname="tests.unit.test_ml_pipeline_full.TestXGBoostPredictor" name="test_fit_with_validation_set" time="0.022" /><testcase classname="tests.unit.test_ml_pipeline_full.TestXGBoostPredictor" name="test_ci_fast_reduces_estimators" time="0.009" /><testcase classname="tests.unit.test_ml_pipeline_full.TestMLPipeline" name="test_run_returns_validation_report" time="0.296" /><testcase classname="tests.unit.test_ml_pipeline_full.TestMLPipeline" name="test_run_with_drop_nonstationary" time="0.277" /><testcase classname="tests.unit.test_ml_pipeline_full.TestMLPipeline" name="test_get_validation_report_none_before_run" time="0.009" /><testcase classname="tests.unit.test_ml_pipeline_full.TestMLPipeline" name="test_get_validation_report_after_run" time="0.336" /><testcase classname="tests.unit.test_ml_pipeline_full.TestMLPipeline" name="test_predict_after_run" time="0.294" /><testcase classname="tests.unit.test_ml_pipeline_full.TestMLPipeline" name="test_save_report_creates_json" time="0.009" /><testcase classname="tests.unit.test_ml_position_sizer.TestPositionSizerVolatility" name="test_returns_min_lots_on_zero_equity" time="0.007" /><testcase classname="tests.unit.test_ml_position_sizer.TestPositionSizerVolatility" name="test_returns_min_lots_on_zero_price" time="0.007" /><testcase classname="tests.unit.test_ml_position_sizer.TestPositionSizerVolatility" name="test_volatility_with_stop_loss" time="0.008" /><testcase classname="tests.unit.test_ml_position_sizer.TestPositionSizerVolatility" name="test_volatility_without_stop_loss_uses_atr" time="0.008" /><testcase classname="tests.unit.test_ml_position_sizer.TestPositionSizerVolatility" name="test_volatility_fallback_when_sl_distance_zero" time="0.007" /><testcase classname="tests.unit.test_ml_position_sizer.TestPositionSizerVolatility" name="test_result_clamped_to_max_lots" time="0.008" /><testcase classname="tests.unit.test_ml_position_sizer.TestPositionSizerVolatility" name="test_result_clamped_to_min_lots" time="0.009" /><testcase classname="tests.unit.test_ml_position_sizer.TestPositionSizerKelly" name="test_kelly_with_signal_filter_stats" time="0.011" /><testcase classname="tests.unit.test_ml_position_sizer.TestPositionSizerKelly" name="test_kelly_falls_back_when_signal_filter_unavailable" time="0.008" /><testcase classname="tests.unit.test_ml_position_sizer.TestPositionSizerKelly" name="test_kelly_negative_fraction_returns_fixed" time="0.009" /><testcase classname="tests.unit.test_ml_position_sizer.TestPositionSizerFixed" name="test_fixed_sizing" time="0.008" /><testcase classname="tests.unit.test_ml_position_sizer.TestPositionSizerFixed" name="test_fixed_sizing_unknown_method_falls_back" time="0.007" /><testcase classname="tests.unit.test_ml_position_sizer.TestAtrDistance" name="test_atr_with_sufficient_ohlcv" time="0.008" /><testcase classname="tests.unit.test_ml_position_sizer.TestAtrDistance" name="test_atr_fallback_when_ohlcv_none" time="0.007" /><testcase classname="tests.unit.test_ml_position_sizer.TestAtrDistance" name="test_atr_fallback_when_ohlcv_too_short" time="0.008" /><testcase classname="tests.unit.test_ml_position_sizer.TestSingleton" name="test_get_position_sizer_returns_same_instance" time="0.007" /><testcase classname="tests.unit.test_ml_regime_signal_macro.TestMarketRegime" name="test_all_regimes_defined" time="0.008" /><testcase classname="tests.unit.test_ml_regime_signal_macro.TestMarketRegime" name="test_regime_result_dataclass" time="0.008" /><testcase classname="tests.unit.test_ml_regime_signal_macro.TestRegimeDetector" name="test_init_defaults" time="0.008" /><testcase classname="tests.unit.test_ml_regime_signal_macro.TestRegimeDetector" name="test_detect_unfitted_returns_unknown" time="0.009" /><testcase classname="tests.unit.test_ml_regime_signal_macro.TestRegimeDetector" name="test_load_no_model_file" time="0.012" /><testcase classname="tests.unit.test_ml_regime_signal_macro.TestRegimeConditionalFunctions" name="test_detect_regime_labels_returns_series" time="0.015" /><testcase classname="tests.unit.test_ml_regime_signal_macro.TestRegimeConditionalFunctions" name="test_add_regime_features_adds_columns" time="0.122" /><testcase classname="tests.unit.test_ml_regime_signal_macro.TestRegimeConditionalFunctions" name="test_is_parabolic_bubble_regime" time="0.008" /><testcase classname="tests.unit.test_ml_regime_signal_macro.TestRegimeConditionalFunctions" name="test_get_regime_conditional_model_no_file_returns_none" time="0.007" /><testcase classname="tests.unit.test_ml_regime_signal_macro.TestRegimeConditionalFunctions" name="test_regime_conditional_model_fit_predict" time="0.136" /><testcase classname="tests.unit.test_ml_regime_signal_macro.TestRegimeConditionalFunctions" name="test_regime_conditional_model_predict_proba" time="0.123" /><testcase classname="tests.unit.test_ml_regime_signal_macro.TestSignalFilter" name="test_check_high_confidence_passes" time="0.007" /><testcase classname="tests.unit.test_ml_regime_signal_macro.TestSignalFilter" name="test_check_low_confidence_blocked" time="0.007" /><testcase classname="tests.unit.test_ml_regime_signal_macro.TestSignalFilter" name="test_check_hold_direction_blocked" time="0.008" /><testcase classname="tests.unit.test_ml_regime_signal_macro.TestSignalFilter" name="test_filter_result_bool" time="0.007" /><testcase classname="tests.unit.test_ml_regime_signal_macro.TestSignalFilter" name="test_record_outcome_updates_stats" time="0.007" /><testcase classname="tests.unit.test_ml_regime_signal_macro.TestSignalFilter" name="test_ev_stats_after_outcomes" time="0.008" /><testcase classname="tests.unit.test_ml_regime_signal_macro.TestSignalFilter" name="test_get_signal_filter_singleton" time="0.007" /><testcase classname="tests.unit.test_ml_regime_signal_macro.TestSignalFilter" name="test_circuit_breaker_trip" time="0.008" /><testcase classname="tests.unit.test_ml_regime_signal_macro.TestMacroFeatures" name="test_add_macro_features_returns_dataframe" time="0.015" /><testcase classname="tests.unit.test_ml_regime_signal_macro.TestMacroFeatures" name="test_add_macro_features_adds_columns" time="0.015" /><testcase classname="tests.unit.test_ml_regime_signal_macro.TestMacroFeatures" name="test_add_regime_features_macro" time="0.212" /><testcase classname="tests.unit.test_ml_regime_signal_macro.TestMacroFeatures" name="test_build_enhanced_feature_matrix" time="0.284" /><testcase classname="tests.unit.test_ml_regime_signal_macro.TestMacroFeatures" name="test_fetch_macro_history_no_api_key" time="0.011" /><testcase classname="tests.unit.test_ml_regime_signal_macro.TestDailyAggregator" name="test_needs_resampling_intraday_true" time="0.009" /><testcase classname="tests.unit.test_ml_regime_signal_macro.TestDailyAggregator" name="test_needs_resampling_daily_false" time="0.009" /><testcase classname="tests.unit.test_ml_regime_signal_macro.TestDailyAggregator" name="test_to_daily_returns_dataframe" time="0.012" /><testcase classname="tests.unit.test_ml_regime_signal_macro.TestDailyAggregator" name="test_to_daily_ohlcv_columns" time="0.012" /><testcase classname="tests.unit.test_ml_regime_signal_macro.TestDailyAggregator" name="test_ensure_daily_already_daily" time="0.009" /><testcase classname="tests.unit.test_ml_regime_signal_macro.TestDailyAggregator" name="test_ensure_daily_intraday_resamples" time="0.013" /><testcase classname="tests.unit.test_ml_regime_signal_macro.TestDailyAggregator" name="test_needs_resampling_empty_df" time="0.007" /><testcase classname="tests.unit.test_ml_regime_signal_macro.TestDailyAggregator" name="test_needs_resampling_no_datetimeindex" time="0.007" /><testcase classname="tests.unit.test_ml_regime_signal_macro.TestMacroStore" name="test_update_and_snapshot" time="0.008" /><testcase classname="tests.unit.test_ml_regime_signal_macro.TestMacroStore" name="test_snapshot_missing_series_empty" time="0.007" /><testcase classname="tests.unit.test_ml_regime_signal_macro.TestMacroStore" name="test_update_multiple_values" time="0.009" /><testcase classname="tests.unit.test_ml_regime_signal_macro.TestMacroStore" name="test_load_csv" time="0.014" /><testcase classname="tests.unit.test_ml_regime_signal_macro.TestMacroStore" name="test_load_csv_missing_file" time="0.009" /><testcase classname="tests.unit.test_ml_regime_signal_macro.TestMacroStore" name="test_load_defaults_no_crash" time="1.214" /><testcase classname="tests.unit.test_ml_regime_signal_macro.TestMacroStore" name="test_series_names" time="0.010" /><testcase classname="tests.unit.test_ml_regime_signal_macro.TestMacroStore" name="test_align_to_hourly" time="0.010" /><testcase classname="tests.unit.test_ml_regime_signal_macro.TestMacroStore" name="test_len" time="0.009" /><testcase classname="tests.unit.test_ml_robust_predictor.TestRegimeEnum" name="test_values" time="0.007" /><testcase classname="tests.unit.test_ml_robust_predictor.TestModelConfig" name="test_defaults" time="0.008" /><testcase classname="tests.unit.test_ml_robust_predictor.TestModelConfig" name="test_ensemble_methods_default" time="0.007" /><testcase classname="tests.unit.test_ml_robust_predictor.TestModelConfig" name="test_ensemble_methods_custom" time="0.007" /><testcase classname="tests.unit.test_ml_robust_predictor.TestModelConfig" name="test_post_init_sets_ensemble_when_none" time="0.007" /><testcase classname="tests.unit.test_ml_robust_predictor.TestModelConfig" name="test_custom_values" time="0.007" /><testcase classname="tests.unit.test_ml_robust_predictor.TestPredictionResult" name="test_init" time="0.007" /><testcase classname="tests.unit.test_ml_robust_predictor.TestPredictionResult" name="test_direction_values" time="0.007" /><testcase classname="tests.unit.test_ml_robust_predictor.TestRegimeDetector" name="test_init" time="0.008" /><testcase classname="tests.unit.test_ml_robust_predictor.TestRegimeDetector" name="test_detect_returns_array" time="0.053" /><testcase classname="tests.unit.test_ml_robust_predictor.TestRegimeDetector" name="test_detect_first_bars_unknown" time="0.051" /><testcase classname="tests.unit.test_ml_robust_predictor.TestRegimeDetector" name="test_detect_valid_regime_values" time="0.051" /><testcase classname="tests.unit.test_ml_robust_predictor.TestRegimeDetector" name="test_detect_single_returns_regime" time="0.052" /><testcase classname="tests.unit.test_ml_robust_predictor.TestRegimeDetector" name="test_detect_single_with_precomputed_columns" time="0.008" /><testcase classname="tests.unit.test_ml_robust_predictor.TestRegimeDetector" name="test_detect_single_nan_columns_returns_unknown" time="0.009" /><testcase classname="tests.unit.test_ml_robust_predictor.TestDriftDetector" name="test_init" time="0.008" /><testcase classname="tests.unit.test_ml_robust_predictor.TestDriftDetector" name="test_set_reference" time="0.008" /><testcase classname="tests.unit.test_ml_robust_predictor.TestDriftDetector" name="test_update_returns_none_before_window_full" time="0.008" /><testcase classname="tests.unit.test_ml_robust_predictor.TestDriftDetector" name="test_update_returns_drift_result_when_window_full" time="0.010" /><testcase classname="tests.unit.test_ml_robust_predictor.TestDriftDetector" name="test_drift_detected_on_shifted_distribution" time="0.009" /><testcase classname="tests.unit.test_ml_robust_predictor.TestDriftDetector" name="test_no_drift_on_same_distribution" time="0.009" /><testcase classname="tests.unit.test_ml_robust_predictor.TestDriftDetector" name="test_drift_result_fields" time="0.009" /><testcase classname="tests.unit.test_ml_robust_predictor.TestRobustPredictor" name="test_init_defaults" time="0.007" /><testcase classname="tests.unit.test_ml_robust_predictor.TestRobustPredictor" name="test_init_custom_config" time="0.007" /><testcase classname="tests.unit.test_ml_robust_predictor.TestRobustPredictor" name="test_should_retrain_insufficient_data" time="0.008" /><testcase classname="tests.unit.test_ml_robust_predictor.TestRobustPredictor" name="test_should_retrain_poor_performance" time="0.007" /><testcase classname="tests.unit.test_ml_robust_predictor.TestRobustPredictor" name="test_regime_detector_attached" time="0.007" /><testcase classname="tests.unit.test_ml_robust_predictor.TestRobustPredictor" name="test_predict_raises_when_not_fitted" time="0.007" /><testcase classname="tests.unit.test_ml_target.TestBuildFilteredTarget" name="test_up_label_when_exit_above_entry" time="0.013" /><testcase classname="tests.unit.test_ml_target.TestBuildFilteredTarget" name="test_down_label_when_exit_below_entry" time="0.012" /><testcase classname="tests.unit.test_ml_target.TestBuildFilteredTarget" name="test_last_bar_is_nan" time="0.012" /><testcase classname="tests.unit.test_ml_target.TestBuildFilteredTarget" name="test_gap_open_bias_corrected" time="0.012" /><testcase classname="tests.unit.test_ml_target.TestBuildFilteredTarget" name="test_old_close_to_close_would_be_wrong_on_gap" time="0.008" /><testcase classname="tests.unit.test_ml_target.TestBuildFilteredTarget" name="test_atr_filter_drops_small_moves" time="0.011" /><testcase classname="tests.unit.test_ml_target.TestBuildFilteredTarget" name="test_min_move_zero_labels_all_non_nan" time="0.012" /><testcase classname="tests.unit.test_ml_target.TestBuildFilteredTarget" name="test_labels_are_only_zero_or_one" time="0.012" /><testcase classname="tests.unit.test_ml_target.TestBuildFilteredTarget" name="test_horizon_5_uses_close_t_plus_5" time="0.013" /><testcase classname="tests.unit.test_ml_target.TestBuildFilteredTarget" name="test_returns_pandas_series" time="0.013" /><testcase classname="tests.unit.test_ml_target.TestBuildFilteredTarget" name="test_index_matches_input" time="0.014" /><testcase classname="tests.unit.test_ml_training.TestFeatureEngineer" name="test_init_defaults" time="0.007" /><testcase classname="tests.unit.test_ml_training.TestFeatureEngineer" name="test_create_features_returns_tuple" time="0.062" /><testcase classname="tests.unit.test_ml_training.TestFeatureEngineer" name="test_create_features_X_is_dataframe" time="0.056" /><testcase classname="tests.unit.test_ml_training.TestFeatureEngineer" name="test_create_features_no_nan" time="0.062" /><testcase classname="tests.unit.test_ml_training.TestFeatureEngineer" name="test_create_features_y_class_binary" time="0.060" /><testcase classname="tests.unit.test_ml_training.TestFeatureEngineer" name="test_create_features_aligned_lengths" time="0.064" /><testcase classname="tests.unit.test_ml_training.TestFeatureEngineer" name="test_create_features_populates_feature_names" time="0.065" /><testcase classname="tests.unit.test_ml_training.TestFeatureEngineer" name="test_scale_features_returns_tuple" time="0.070" /><testcase classname="tests.unit.test_ml_training.TestFeatureEngineer" name="test_scale_features_with_test_set" time="0.070" /><testcase classname="tests.unit.test_ml_training.TestFeatureEngineer" name="test_calculate_rsi_range" time="0.011" /><testcase classname="tests.unit.test_ml_training.TestFeatureEngineer" name="test_calculate_atr_positive" time="0.011" /><testcase classname="tests.unit.test_ml_training.TestFeatureEngineer" name="test_calculate_obv_returns_series" time="0.009" /><testcase classname="tests.unit.test_ml_training.TestFeatureEngineer" name="test_save_and_load_scaler" time="0.075" /><testcase classname="tests.unit.test_ml_training.TestXGBoostModel" name="test_init_classifier" time="0.008" /><testcase classname="tests.unit.test_ml_training.TestXGBoostModel" name="test_build_model" time="0.007" /><testcase classname="tests.unit.test_ml_training.TestXGBoostModel" name="test_fit_returns_metrics" time="4.362" /><testcase classname="tests.unit.test_ml_training.TestXGBoostModel" name="test_predict_shape" time="0.386" /><testcase classname="tests.unit.test_ml_training.TestXGBoostModel" name="test_predict_proba_shape" time="0.396" /><testcase classname="tests.unit.test_ml_training.TestXGBoostModel" name="test_predict_proba_raises_for_regressor" time="0.005" /><testcase classname="tests.unit.test_ml_training.TestXGBoostModel" name="test_evaluate_returns_dict" time="0.399" /><testcase classname="tests.unit.test_ml_training.TestXGBoostModel" name="test_save_and_load" time="0.417" /><testcase classname="tests.unit.test_ml_training.TestRandomForestModel" name="test_init" time="0.006" /><testcase classname="tests.unit.test_ml_training.TestRandomForestModel" name="test_build_model" time="0.007" /><testcase classname="tests.unit.test_ml_training.TestRandomForestModel" name="test_fit_returns_metrics" time="0.103" /><testcase classname="tests.unit.test_ml_training.TestRandomForestModel" name="test_predict_shape" time="0.118" /><testcase classname="tests.unit.test_ml_training.TestRandomForestModel" name="test_evaluate_accuracy_in_range" time="0.126" /><testcase classname="tests.unit.test_ml_training.TestRandomForestModel" name="test_save_and_load" time="0.135" /><testcase classname="tests.unit.test_ml_training.TestEnsembleModel" name="test_init" time="0.010" /><testcase classname="tests.unit.test_ml_training.TestEnsembleModel" name="test_add_model" time="0.009" /><testcase classname="tests.unit.test_ml_training.TestEnsembleModel" name="test_predict_majority_vote" time="0.135" /><testcase classname="tests.unit.test_mobile.TestMobileAPI" name="test_mobile_api_initialization" time="0.007" /><testcase classname="tests.unit.test_mobile.TestMobileAPI" name="test_get_portfolio_mobile" time="0.007" /><testcase classname="tests.unit.test_mobile.TestMobileAPI" name="test_get_portfolio_mobile_with_charts" time="0.007" /><testcase classname="tests.unit.test_mobile.TestMobileAPI" name="test_get_portfolio_mobile_no_compression" time="0.007" /><testcase classname="tests.unit.test_mobile.TestMobileAPI" name="test_place_order_mobile" time="0.007" /><testcase classname="tests.unit.test_mobile.TestMobileAPI" name="test_place_order_mobile_confirm_required" time="0.007" /><testcase classname="tests.unit.test_mobile.TestMobileAPI" name="test_place_order_mobile_no_confirm" time="0.007" /><testcase classname="tests.unit.test_mobile.TestMobileAPI" name="test_order_id_format" time="0.008" /><testcase classname="tests.unit.test_mobile.TestPushNotificationManager" name="test_manager_initialization" time="0.008" /><testcase classname="tests.unit.test_mobile.TestPushNotificationManager" name="test_send_notification" time="0.009" /><testcase classname="tests.unit.test_mobile.TestPushNotificationManager" name="test_send_notification_with_category" time="0.009" /><testcase classname="tests.unit.test_mobile.TestPushNotificationManager" name="test_send_notification_with_data" time="0.008" /><testcase classname="tests.unit.test_mobile.TestPushNotificationManager" name="test_send_price_alert" time="0.008" /><testcase classname="tests.unit.test_mobile.TestPushNotificationManager" name="test_send_price_alert_below" time="0.009" /><testcase classname="tests.unit.test_model_card.TestModelCardEndpoint" name="test_model_card_200" time="0.067" /><testcase classname="tests.unit.test_model_card.TestModelCardEndpoint" name="test_model_card_has_required_sections" time="0.056" /><testcase classname="tests.unit.test_model_card.TestModelCardEndpoint" name="test_model_details_has_version" time="0.055" /><testcase classname="tests.unit.test_model_card.TestModelCardEndpoint" name="test_evaluation_results_has_oos_accuracy" time="0.051" /><testcase classname="tests.unit.test_model_card.TestModelCardEndpoint" name="test_intended_use_has_out_of_scope" time="0.049" /><testcase classname="tests.unit.test_model_card.TestModelCardEndpoint" name="test_caveats_has_risk_warnings" time="0.050" /><testcase classname="tests.unit.test_model_card.TestModelCardEndpoint" name="test_drift_monitoring_section_present" time="0.050" /><testcase classname="tests.unit.test_model_card.TestModelCardEndpoint" name="test_quantitative_analysis_has_regime_filter" time="0.049" /><testcase classname="tests.unit.test_model_card.TestModelCardEndpoint" name="test_model_card_with_registry" time="0.052" /><testcase classname="tests.unit.test_model_card.TestModelCardEndpoint" name="test_generated_at_is_iso8601" time="0.052" /><testcase classname="tests.unit.test_model_card.TestModelCardEndpoint" name="test_no_authentication_returns_error" time="0.084" /><testcase classname="tests.unit.test_model_registry_gates.TestGateCheck" name="test_passes_when_all_thresholds_met" time="0.010" /><testcase classname="tests.unit.test_model_registry_gates.TestGateCheck" name="test_fails_on_low_accuracy" time="0.010" /><testcase classname="tests.unit.test_model_registry_gates.TestGateCheck" name="test_fails_on_high_p_value" time="0.009" /><testcase classname="tests.unit.test_model_registry_gates.TestGateCheck" name="test_fails_when_sharpe_gate_not_passed" time="0.010" /><testcase classname="tests.unit.test_model_registry_gates.TestGateCheck" name="test_sharpe_gate_skipped_when_not_required" time="0.010" /><testcase classname="tests.unit.test_model_registry_gates.TestRegister" name="test_register_creates_entry" time="0.011" /><testcase classname="tests.unit.test_model_registry_gates.TestRegister" name="test_register_raises_for_missing_artifact" time="0.010" /><testcase classname="tests.unit.test_model_registry_gates.TestRegister" name="test_register_raises_for_empty_name" time="0.010" /><testcase classname="tests.unit.test_model_registry_gates.TestRegister" name="test_register_raises_for_invalid_state" time="0.010" /><testcase classname="tests.unit.test_model_registry_gates.TestRegister" name="test_register_persists_to_manifest" time="0.011" /><testcase classname="tests.unit.test_model_registry_gates.TestPromote" name="test_promote_raises_for_unknown_version" time="0.011" /><testcase classname="tests.unit.test_model_registry_gates.TestPromote" name="test_promote_raises_when_gate_fails" time="0.011" /><testcase classname="tests.unit.test_model_registry_gates.TestPromote" name="test_promote_sets_state_production" time="0.017" /><testcase classname="tests.unit.test_model_registry_gates.TestPromote" name="test_promote_retires_previous_production" time="0.024" /><testcase classname="tests.unit.test_model_registry_gates.TestPromote" name="test_promote_notifies_performance_monitor" time="0.017" /><testcase classname="tests.unit.test_model_registry_gates.TestPromote" name="test_promote_handles_monitor_exception" time="0.016" /><testcase classname="tests.unit.test_model_registry_gates.TestUpdateSymlink" name="test_symlink_created" time="0.012" /><testcase classname="tests.unit.test_model_registry_gates.TestUpdateSymlink" name="test_symlink_handles_os_error" time="0.014" /><testcase classname="tests.unit.test_model_registry_gates.TestUpdateSymlink" name="test_symlink_replaces_existing" time="0.013" /><testcase classname="tests.unit.test_model_registry_gates.TestVerify" name="test_verify_returns_false_for_unknown_version" time="0.011" /><testcase classname="tests.unit.test_model_registry_gates.TestVerify" name="test_verify_returns_false_when_artifact_missing" time="0.012" /><testcase classname="tests.unit.test_model_registry_gates.TestVerify" name="test_verify_returns_true_for_intact_artifact" time="0.012" /><testcase classname="tests.unit.test_model_registry_gates.TestVerify" name="test_verify_returns_false_on_sha256_mismatch" time="0.015" /><testcase classname="tests.unit.test_model_registry_gates.TestVerify" name="test_verify_returns_false_when_no_sha256_stored" time="0.011" /><testcase classname="tests.unit.test_model_registry_gates.TestVerify" name="test_verify_active_returns_false_when_no_active" time="0.011" /><testcase classname="tests.unit.test_model_registry_gates.TestVerify" name="test_verify_active_delegates_to_verify" time="0.015" /><testcase classname="tests.unit.test_model_registry_gates.TestRetire" name="test_retire_sets_state" time="0.017" /><testcase classname="tests.unit.test_model_registry_gates.TestRetire" name="test_retire_raises_for_unknown_version" time="0.011" /><testcase classname="tests.unit.test_model_registry_gates.TestActiveVersion" name="test_active_version_returns_none_when_empty" time="0.009" /><testcase classname="tests.unit.test_model_registry_gates.TestActiveVersion" name="test_active_path_returns_none_when_empty" time="0.010" /><testcase classname="tests.unit.test_model_registry_gates.TestActiveVersion" name="test_active_version_returns_entry_after_promote" time="0.015" /><testcase classname="tests.unit.test_model_registry_gates.TestActiveVersion" name="test_active_path_returns_path_after_promote" time="0.014" /><testcase classname="tests.unit.test_model_registry_gates.TestManifestIO" name="test_load_returns_skeleton_when_file_absent" time="0.008" /><testcase classname="tests.unit.test_model_registry_gates.TestManifestIO" name="test_load_handles_corrupt_json" time="0.011" /><testcase classname="tests.unit.test_model_registry_gates.TestManifestIO" name="test_save_is_atomic" time="0.011" /><testcase classname="tests.unit.test_model_registry_gates.TestManifestIO" name="test_load_migrates_missing_schema_version" time="0.008" /><testcase classname="tests.unit.test_model_registry_gates.TestBootstrapFromMeta" name="test_bootstrap_returns_none_when_artifact_missing" time="0.010" /><testcase classname="tests.unit.test_model_registry_gates.TestBootstrapFromMeta" name="test_bootstrap_registers_from_meta" time="0.013" /><testcase classname="tests.unit.test_model_registry_gates.TestBootstrapFromMeta" name="test_bootstrap_is_noop_when_already_registered" time="0.012" /><testcase classname="tests.unit.test_model_registry_gates.TestBootstrapFromMeta" name="test_bootstrap_handles_corrupt_meta" time="0.011" /><testcase classname="tests.unit.test_model_registry_gates.TestBootstrapFromMeta" name="test_bootstrap_with_promote_true" time="0.016" /><testcase classname="tests.unit.test_model_registry_gates.TestSha256File" name="test_sha256_file_returns_hex_string" time="0.009" /><testcase classname="tests.unit.test_model_registry_gates.TestSha256File" name="test_sha256_file_is_deterministic" time="0.009" /><testcase classname="tests.unit.test_model_registry_gates.TestSingleton" name="test_get_registry_returns_same_instance" time="0.007" /><testcase classname="tests.unit.test_model_registry_gates.TestSingleton" name="test_get_registry_creates_on_first_call" time="0.007" /><testcase classname="tests.unit.test_monetization.TestPricing" name="test_subscription_tiers_exist" time="0.007" /><testcase classname="tests.unit.test_monetization.TestPricing" name="test_billing_cycles" time="0.007" /><testcase classname="tests.unit.test_monetization.TestPricing" name="test_pricing_manager_initialization" time="0.007" /><testcase classname="tests.unit.test_monetization.TestPricing" name="test_free_tier_pricing" time="0.007" /><testcase classname="tests.unit.test_monetization.TestPricing" name="test_tier_prices" time="0.007" /><testcase classname="tests.unit.test_monetization.TestPricing" name="test_commission_rates" time="0.007" /><testcase classname="tests.unit.test_monetization.TestPricing" name="test_annual_pricing_discount" time="0.007" /><testcase classname="tests.unit.test_monetization.TestPricing" name="test_upgrade_path" time="0.007" /><testcase classname="tests.unit.test_monetization.TestPricing" name="test_downgrade_path" time="0.007" /><testcase classname="tests.unit.test_monetization.TestPricing" name="test_calculate_commission" time="0.007" /><testcase classname="tests.unit.test_monetization.TestAffiliateProgram" name="test_create_affiliate" time="0.009" /><testcase classname="tests.unit.test_monetization.TestAffiliateProgram" name="test_affiliate_commission_rates" time="0.007" /><testcase classname="tests.unit.test_monetization.TestAffiliateProgram" name="test_approve_affiliate" time="0.008" /><testcase classname="tests.unit.test_monetization.TestAffiliateProgram" name="test_create_referral" time="0.008" /><testcase classname="tests.unit.test_monetization.TestAffiliateProgram" name="test_convert_referral" time="0.009" /><testcase classname="tests.unit.test_monetization.TestAffiliateProgram" name="test_affiliate_leaderboard" time="0.014" /><testcase classname="tests.unit.test_monetization.TestMarketplace" name="test_list_strategy" time="0.006" /><testcase classname="tests.unit.test_monetization.TestMarketplace" name="test_strategy_categories" time="0.012" /><testcase classname="tests.unit.test_monetization.TestMarketplace" name="test_strategy_approval_flow" time="0.006" /><testcase classname="tests.unit.test_monetization.TestMarketplace" name="test_purchase_strategy" time="0.011" /><testcase classname="tests.unit.test_monetization.TestMarketplace" name="test_strategy_review" time="0.006" /><testcase classname="tests.unit.test_monetization.TestMarketplace" name="test_search_strategies" time="0.008" /><testcase classname="tests.unit.test_monetization.TestRevenueAnalytics" name="test_record_revenue" time="0.012" /><testcase classname="tests.unit.test_monetization.TestRevenueAnalytics" name="test_revenue_by_source" time="0.008" /><testcase classname="tests.unit.test_monetization.TestRevenueAnalytics" name="test_subscription_events" time="0.010" /><testcase classname="tests.unit.test_monetization.TestRevenueAnalytics" name="test_growth_metrics" time="0.006" /><testcase classname="tests.unit.test_monetization.TestRevenueAnalytics" name="test_generate_report" time="0.006" /><testcase classname="tests.unit.test_monetization.TestEnterpriseFeatures" name="test_register_partner" time="0.007" /><testcase classname="tests.unit.test_monetization.TestEnterpriseFeatures" name="test_approve_partner" time="0.008" /><testcase classname="tests.unit.test_monetization.TestEnterpriseFeatures" name="test_create_white_label_instance" time="0.007" /><testcase classname="tests.unit.test_monetization.TestEnterpriseFeatures" name="test_deploy_white_label" time="0.009" /><testcase classname="tests.unit.test_monetization.TestEnterpriseFeatures" name="test_register_enterprise_customer" time="0.007" /><testcase classname="tests.unit.test_monetization.TestEnterpriseFeatures" name="test_enterprise_stats" time="0.007" /><testcase classname="tests.unit.test_monetization.TestStripeIntegration" name="test_create_customer" time="0.016" /><testcase classname="tests.unit.test_monetization.TestStripeIntegration" name="test_create_payment_intent" time="0.017" /><testcase classname="tests.unit.test_monetization.TestStripeIntegration" name="test_create_checkout_session" time="0.021" /><testcase classname="tests.unit.test_monetization.TestStripeIntegration" name="test_create_subscription" time="0.018" /><testcase classname="tests.unit.test_monetization.TestStripeIntegration" name="test_cancel_subscription" time="0.018" /><testcase classname="tests.unit.test_monetization.TestStripeIntegration" name="test_handle_webhook" time="0.017" /><testcase classname="tests.unit.test_monetization.TestStripeIntegration" name="test_refund_payment" time="0.019" /><testcase classname="tests.unit.test_monte_carlo.TestChi2SF" name="test_known_values[11.07-5-0.05]" time="0.008" /><testcase classname="tests.unit.test_monte_carlo.TestChi2SF" name="test_known_values[1.0-5-0.9626]" time="0.008" /><testcase classname="tests.unit.test_monte_carlo.TestChi2SF" name="test_known_values[3.84-1-0.05]" time="0.007" /><testcase classname="tests.unit.test_monte_carlo.TestChi2SF" name="test_known_values[9.49-4-0.05]" time="0.007" /><testcase classname="tests.unit.test_monte_carlo.TestChi2SF" name="test_known_values[0.0-3-1.0]" time="0.007" /><testcase classname="tests.unit.test_monte_carlo.TestChi2SF" name="test_negative_x_returns_one" time="0.006" /><testcase classname="tests.unit.test_monte_carlo.TestChi2SF" name="test_large_x_near_zero" time="0.006" /><testcase classname="tests.unit.test_monte_carlo.TestLjungBox" name="test_iid_noise_does_not_reject" time="0.008" /><testcase classname="tests.unit.test_monte_carlo.TestLjungBox" name="test_ar1_rejects" time="0.008" /><testcase classname="tests.unit.test_monte_carlo.TestLjungBox" name="test_too_few_observations_returns_one" time="0.007" /><testcase classname="tests.unit.test_monte_carlo.TestLjungBox" name="test_zero_variance_returns_one" time="0.008" /><testcase classname="tests.unit.test_monte_carlo.TestChooseBootstrapMethod" name="test_iid_chooses_iid" time="0.007" /><testcase classname="tests.unit.test_monte_carlo.TestChooseBootstrapMethod" name="test_ar1_chooses_block" time="0.010" /><testcase classname="tests.unit.test_monte_carlo.TestChooseBootstrapMethod" name="test_too_few_trades_chooses_block" time="0.007" /><testcase classname="tests.unit.test_monte_carlo.TestMonteCarloEngine" name="test_auto_method_completes" time="0.142" /><testcase classname="tests.unit.test_monte_carlo.TestMonteCarloEngine" name="test_block_method_completes" time="0.186" /><testcase classname="tests.unit.test_monte_carlo.TestMonteCarloEngine" name="test_iid_method_completes" time="0.157" /><testcase classname="tests.unit.test_monte_carlo.TestMonteCarloEngine" name="test_avg_hold_bars_accepted" time="0.182" /><testcase classname="tests.unit.test_monte_carlo.TestMonteCarloEngine" name="test_ci_lower_less_than_upper" time="0.148" /><testcase classname="tests.unit.test_monte_carlo.TestMonteCarloEngine" name="test_ruin_probability_in_range" time="0.149" /><testcase classname="tests.unit.test_monte_carlo.TestMonteCarloEngine" name="test_probability_of_profit_in_range" time="0.146" /><testcase classname="tests.unit.test_monte_carlo.TestMonteCarloEngine" name="test_fewer_than_two_trades_returns_empty" time="0.009" /><testcase classname="tests.unit.test_monte_carlo.TestMonteCarloEngine" name="test_sharpe_se_positive" time="0.154" /><testcase classname="tests.unit.test_monte_carlo.TestMonteCarloEngine" name="test_summary_json_serialisable" time="0.155" /><testcase classname="tests.unit.test_monte_carlo.TestMonteCarloEngine" name="test_summary_keys_present" time="0.133" /><testcase classname="tests.unit.test_monte_carlo.TestMonteCarloEngine" name="test_run_bootstrap_convenience" time="0.066" /><testcase classname="tests.unit.test_monte_carlo.TestMonteCarloEngine" name="test_profitable_strategy_low_ruin" time="0.063" /><testcase classname="tests.unit.test_mtf_ensemble_leakage.TestCalibrationNeverRefits" name="test_train_xgboost_uses_prefit" time="3.829" /><testcase classname="tests.unit.test_mtf_ensemble_leakage.TestCalibrationNeverRefits" name="test_train_random_forest_uses_prefit" time="0.743" /><testcase classname="tests.unit.test_mtf_ensemble_leakage.TestStackingThreeWaySplit" name="test_base_learners_not_trained_on_cal_set" time="0.024" /><testcase classname="tests.unit.test_mtf_ensemble_leakage.TestStackingThreeWaySplit" name="test_meta_learner_trains_on_oof_not_cal" time="0.018" /><testcase classname="tests.unit.test_mtf_ensemble_leakage.TestEvaluateRouting" name="test_evaluate_with_base_learners_builds_meta_x" time="0.017" /><testcase classname="tests.unit.test_mtf_ensemble_leakage.TestEvaluateRouting" name="test_evaluate_without_base_learners_uses_raw_x" time="0.014" /><testcase classname="tests.unit.test_mtf_ensemble_leakage.TestEvaluateRouting" name="test_evaluate_returns_required_keys" time="0.017" /><testcase classname="tests.unit.test_mtf_ensemble_leakage.TestEvaluateRouting" name="test_evaluate_abstain_rate_in_range" time="0.018" /><testcase classname="tests.unit.test_mtf_ensemble_leakage.TestRegistryLeakageFix" name="test_registry_records_leakage_fix" time="0.005" /><testcase classname="tests.unit.test_mtf_ensemble_leakage.TestRegistryLeakageFix" name="test_registry_records_fix_date" time="0.010" /><testcase classname="tests.unit.test_mtf_ensemble_leakage.TestRegistryLeakageFix" name="test_registry_records_fix_description" time="0.006" /><testcase classname="tests.unit.test_mtf_ensemble_leakage.TestRegistryLeakageFix" name="test_registry_mtf_notes_mention_fix" time="0.006" /><testcase classname="tests.unit.test_mtf_fusion.TestComputeDailyRegime" name="test_returns_only_d_prefixed_columns" time="0.022" /><testcase classname="tests.unit.test_mtf_fusion.TestComputeDailyRegime" name="test_expected_columns_present" time="0.020" /><testcase classname="tests.unit.test_mtf_fusion.TestComputeDailyRegime" name="test_trend_values_are_plus_minus_one" time="0.021" /><testcase classname="tests.unit.test_mtf_fusion.TestComputeDailyRegime" name="test_rsi_in_range" time="0.022" /><testcase classname="tests.unit.test_mtf_fusion.TestComputeDailyRegime" name="test_no_future_leakage_in_returns" time="0.021" /><testcase classname="tests.unit.test_mtf_fusion.TestComputeHourlyRegime" name="test_returns_only_h_prefixed_columns" time="0.015" /><testcase classname="tests.unit.test_mtf_fusion.TestComputeHourlyRegime" name="test_expected_columns_present" time="0.015" /><testcase classname="tests.unit.test_mtf_fusion.TestAlignToIntraday" name="test_output_index_matches_intraday" time="0.025" /><testcase classname="tests.unit.test_mtf_fusion.TestAlignToIntraday" name="test_shift_prevents_look_ahead" time="0.024" /><testcase classname="tests.unit.test_mtf_fusion.TestMTFFusionEnrich" name="test_enrich_adds_d_and_h_columns" time="0.039" /><testcase classname="tests.unit.test_mtf_fusion.TestMTFFusionEnrich" name="test_enrich_no_nan_in_regime_cols" time="0.041" /><testcase classname="tests.unit.test_mtf_fusion.TestMTFFusionEnrich" name="test_enrich_preserves_original_columns" time="0.041" /><testcase classname="tests.unit.test_mtf_fusion.TestMTFFusionEnrich" name="test_enrich_row_count_unchanged" time="0.041" /><testcase classname="tests.unit.test_mtf_fusion.TestMTFFusionEnrich" name="test_enrich_with_explicit_hourly" time="0.037" /><testcase classname="tests.unit.test_mtf_fusion.TestMTFFusionResample" name="test_resample_to_daily" time="0.012" /><testcase classname="tests.unit.test_mtf_fusion.TestMTFFusionResample" name="test_resample_to_hourly" time="0.011" /><testcase classname="tests.unit.test_mtf_fusion.TestMTFFusionStore" name="test_is_ready_false_before_bootstrap" time="0.007" /><testcase classname="tests.unit.test_mtf_fusion.TestMTFFusionStore" name="test_bootstrap_with_yfinance_fallback" time="0.022" /><testcase classname="tests.unit.test_mtf_fusion.TestMTFFusionStore" name="test_align_to_h1_returns_none_when_not_ready" time="0.009" /><testcase classname="tests.unit.test_mtf_fusion.TestMTFFusionStore" name="test_align_to_h1_returns_regime_df_when_ready" time="0.036" /><testcase classname="tests.unit.test_mtf_fusion.TestMTFFusionStore" name="test_align_to_h1_no_nan_in_output" time="0.035" /><testcase classname="tests.unit.test_mtf_fusion.TestMTFFeatureFlag" name="test_flag_enabled_by_default" time="0.007" /><testcase classname="tests.unit.test_mtf_fusion.TestMTFFeatureFlag" name="test_flag_disabled_by_env" time="0.007" /><testcase classname="tests.unit.test_mtf_fusion.TestMTFFeatureFlag" name="test_fetch_mtf_df_returns_none_when_flag_off" time="0.008" /><testcase classname="tests.unit.test_multi_source_feed.TestSymbolState" name="test_initial_state" time="0.006" /><testcase classname="tests.unit.test_multi_source_feed.TestSymbolState" name="test_record_success_updates_price" time="0.007" /><testcase classname="tests.unit.test_multi_source_feed.TestSymbolState" name="test_record_success_appends_history" time="0.007" /><testcase classname="tests.unit.test_multi_source_feed.TestSymbolState" name="test_record_failure_increments_count" time="0.007" /><testcase classname="tests.unit.test_multi_source_feed.TestSymbolState" name="test_circuit_breaker_opens_at_threshold" time="0.008" /><testcase classname="tests.unit.test_multi_source_feed.TestSymbolState" name="test_circuit_breaker_not_open_below_threshold" time="0.007" /><testcase classname="tests.unit.test_multi_source_feed.TestSymbolState" name="test_circuit_open_returns_true_when_open" time="0.008" /><testcase classname="tests.unit.test_multi_source_feed.TestSymbolState" name="test_circuit_open_returns_false_after_cooldown" time="0.008" /><testcase classname="tests.unit.test_multi_source_feed.TestSymbolState" name="test_record_success_resets_circuit" time="0.007" /><testcase classname="tests.unit.test_multi_source_feed.TestSymbolState" name="test_is_price_valid_within_range" time="0.007" /><testcase classname="tests.unit.test_multi_source_feed.TestSymbolState" name="test_is_price_valid_below_min" time="0.008" /><testcase classname="tests.unit.test_multi_source_feed.TestSymbolState" name="test_is_price_valid_above_max" time="0.007" /><testcase classname="tests.unit.test_multi_source_feed.TestSymbolState" name="test_is_anomalous_no_baseline" time="0.004" /><testcase classname="tests.unit.test_multi_source_feed.TestSymbolState" name="test_is_anomalous_small_move" time="0.007" /><testcase classname="tests.unit.test_multi_source_feed.TestSymbolState" name="test_is_anomalous_large_jump" time="0.008" /><testcase classname="tests.unit.test_multi_source_feed.TestSymbolState" name="test_pick_source_returns_first_healthy" time="0.007" /><testcase classname="tests.unit.test_multi_source_feed.TestSymbolState" name="test_pick_source_skips_open_circuit" time="0.008" /><testcase classname="tests.unit.test_multi_source_feed.TestSymbolState" name="test_pick_source_falls_back_to_first_when_all_open" time="0.009" /><testcase classname="tests.unit.test_multi_source_feed.TestSymbolState" name="test_status_dict_keys" time="0.007" /><testcase classname="tests.unit.test_multi_source_feed.TestMultiSourceTickFeedInit" name="test_default_symbols_from_config" time="0.034" /><testcase classname="tests.unit.test_multi_source_feed.TestMultiSourceTickFeedInit" name="test_explicit_symbols" time="0.034" /><testcase classname="tests.unit.test_multi_source_feed.TestMultiSourceTickFeedInit" name="test_new_symbols_in_config" time="0.034" /><testcase classname="tests.unit.test_multi_source_feed.TestMultiSourceTickFeedInit" name="test_price_ranges_loaded" time="0.033" /><testcase classname="tests.unit.test_multi_source_feed.TestMultiSourceTickFeedInit" name="test_source_enabled_defaults" time="0.033" /><testcase classname="tests.unit.test_multi_source_feed.TestMultiSourceTickFeedInit" name="test_active_order_matches_fallback_order" time="0.032" /><testcase classname="tests.unit.test_multi_source_feed.TestMultiSourceTickFeedInit" name="test_not_running_initially" time="0.033" /><testcase classname="tests.unit.test_multi_source_feed.TestMultiSourceTickFeedInit" name="test_no_subscribers_initially" time="0.035" /><testcase classname="tests.unit.test_multi_source_feed.TestMultiSourceTickFeedSubscription" name="test_subscribe_two_param" time="0.035" /><testcase classname="tests.unit.test_multi_source_feed.TestMultiSourceTickFeedSubscription" name="test_subscribe_one_param" time="0.034" /><testcase classname="tests.unit.test_multi_source_feed.TestMultiSourceTickFeedSubscription" name="test_subscribe_no_handler_ignored" time="0.033" /><testcase classname="tests.unit.test_multi_source_feed.TestMultiSourceTickFeedSubscription" name="test_unsubscribe_removes_component" time="0.034" /><testcase classname="tests.unit.test_multi_source_feed.TestMultiSourceTickFeedSubscription" name="test_unsubscribe_nonexistent_no_error" time="0.033" /><testcase classname="tests.unit.test_multi_source_feed.TestMultiSourceTickFeedSubscription" name="test_multiple_subscribers" time="0.035" /><testcase classname="tests.unit.test_multi_source_feed.TestMultiSourceTickFeedBroadcast" name="test_two_param_subscriber_receives_symbol_and_price" time="0.035" /><testcase classname="tests.unit.test_multi_source_feed.TestMultiSourceTickFeedBroadcast" name="test_one_param_subscriber_receives_price" time="0.036" /><testcase classname="tests.unit.test_multi_source_feed.TestMultiSourceTickFeedBroadcast" name="test_mixed_subscribers_both_called" time="0.036" /><testcase classname="tests.unit.test_multi_source_feed.TestMultiSourceTickFeedBroadcast" name="test_subscriber_exception_does_not_crash_broadcast" time="0.037" /><testcase classname="tests.unit.test_multi_source_feed.TestMultiSourceTickFeedBroadcast" name="test_no_subscribers_is_noop" time="0.036" /><testcase classname="tests.unit.test_multi_source_feed.TestMultiSourceTickFeedBroadcast" name="test_multiple_symbols_routed_correctly" time="0.037" /><testcase classname="tests.unit.test_multi_source_feed.TestMultiSourceTickFeedPolling" name="test_valid_price_recorded" time="0.035" /><testcase classname="tests.unit.test_multi_source_feed.TestMultiSourceTickFeedPolling" name="test_out_of_range_price_rejected" time="0.035" /><testcase classname="tests.unit.test_multi_source_feed.TestMultiSourceTickFeedPolling" name="test_anomalous_price_rejected" time="0.035" /><testcase classname="tests.unit.test_multi_source_feed.TestMultiSourceTickFeedPolling" name="test_fetch_with_retry_returns_none_on_all_failures" time="0.537" /><testcase classname="tests.unit.test_multi_source_feed.TestMultiSourceTickFeedPolling" name="test_fetch_with_retry_succeeds_on_second_attempt" time="0.540" /><testcase classname="tests.unit.test_multi_source_feed.TestMultiSourceTickFeedPolling" name="test_missing_source_returns_none" time="0.036" /><testcase classname="tests.unit.test_multi_source_feed.TestMultiSourceTickFeedEnabledGuard" name="test_disabled_source_excluded_from_active_order" time="0.038" /><testcase classname="tests.unit.test_multi_source_feed.TestMultiSourceTickFeedEnabledGuard" name="test_all_disabled_falls_back_to_full_order" time="0.033" /><testcase classname="tests.unit.test_multi_source_feed.TestMultiSourceTickFeedAccessors" name="test_get_price_none_initially" time="0.031" /><testcase classname="tests.unit.test_multi_source_feed.TestMultiSourceTickFeedAccessors" name="test_get_price_after_record_success" time="0.032" /><testcase classname="tests.unit.test_multi_source_feed.TestMultiSourceTickFeedAccessors" name="test_get_price_unknown_symbol_returns_none" time="0.035" /><testcase classname="tests.unit.test_multi_source_feed.TestMultiSourceTickFeedAccessors" name="test_get_last_update_none_initially" time="0.032" /><testcase classname="tests.unit.test_multi_source_feed.TestMultiSourceTickFeedAccessors" name="test_get_last_update_after_record_success" time="0.032" /><testcase classname="tests.unit.test_multi_source_feed.TestMultiSourceTickFeedStatus" name="test_status_keys" time="0.033" /><testcase classname="tests.unit.test_multi_source_feed.TestMultiSourceTickFeedStatus" name="test_status_not_running" time="0.033" /><testcase classname="tests.unit.test_multi_source_feed.TestMultiSourceTickFeedStatus" name="test_status_subscriber_count" time="0.034" /><testcase classname="tests.unit.test_multi_source_feed.TestMultiSourceTickFeedLifecycle" name="test_start_sets_running" time="0.042" /><testcase classname="tests.unit.test_multi_source_feed.TestMultiSourceTickFeedLifecycle" name="test_start_idempotent" time="0.042" /><testcase classname="tests.unit.test_multi_source_feed.TestMultiSourceTickFeedLifecycle" name="test_stop_clears_running" time="0.041" /><testcase classname="tests.unit.test_multi_source_feed.TestGetFeedStatus" name="test_get_feed_status_before_init" time="0.007" /><testcase classname="tests.unit.test_multi_source_feed.TestGetFeedStatus" name="test_get_feed_status_after_init" time="0.034" /><testcase classname="tests.unit.test_multi_source_feed.TestGetFeedStatus" name="test_get_multi_source_feed_singleton" time="0.035" /><testcase classname="tests.unit.test_news.TestEconomicEvent" name="test_event_creation" time="0.007" /><testcase classname="tests.unit.test_news.TestEconomicEvent" name="test_event_to_dict" time="0.007" /><testcase classname="tests.unit.test_news.TestEconomicEvent" name="test_is_surprise_positive" time="0.007" /><testcase classname="tests.unit.test_news.TestEconomicEvent" name="test_is_surprise_not_surprise" time="0.007" /><testcase classname="tests.unit.test_news.TestEconomicEvent" name="test_is_surprise_no_data" time="0.007" /><testcase classname="tests.unit.test_news.TestEventTypes" name="test_event_importance_values" time="0.006" /><testcase classname="tests.unit.test_news.TestEventTypes" name="test_event_type_values" time="0.006" /><testcase classname="tests.unit.test_news.TestEconomicCalendar" name="test_calendar_initialization" time="0.007" /><testcase classname="tests.unit.test_news.TestEconomicCalendar" name="test_add_event" time="0.007" /><testcase classname="tests.unit.test_news.TestEconomicCalendar" name="test_get_upcoming_events" time="0.007" /><testcase classname="tests.unit.test_news.TestEconomicCalendar" name="test_get_high_impact_events" time="0.006" /><testcase classname="tests.unit.test_news.TestSentimentScore" name="test_score_creation" time="0.007" /><testcase classname="tests.unit.test_news.TestSentimentScore" name="test_score_to_dict" time="0.006" /><testcase classname="tests.unit.test_news.TestSentimentScore" name="test_is_bullish" time="0.008" /><testcase classname="tests.unit.test_news.TestSentimentScore" name="test_is_bearish" time="0.007" /><testcase classname="tests.unit.test_news.TestSentimentScore" name="test_is_neutral" time="0.007" /><testcase classname="tests.unit.test_news.TestSentimentLabels" name="test_sentiment_label_values" time="0.006" /><testcase classname="tests.unit.test_news.TestSentimentAnalyzer" name="test_analyzer_initialization" time="0.007"><skipped type="pytest.skip" message="TextBlob not installed">/home/user/HOPEFX-AI-TRADING/tests/unit/test_news.py:344: TextBlob not installed</skipped></testcase><testcase classname="tests.unit.test_news.TestSentimentAnalyzer" name="test_analyze_bullish_text" time="0.007"><skipped type="pytest.skip" message="TextBlob not installed">/home/user/HOPEFX-AI-TRADING/tests/unit/test_news.py:358: TextBlob not installed</skipped></testcase><testcase classname="tests.unit.test_news.TestSentimentAnalyzer" name="test_analyze_bearish_text" time="0.007"><skipped type="pytest.skip" message="TextBlob not installed">/home/user/HOPEFX-AI-TRADING/tests/unit/test_news.py:371: TextBlob not installed</skipped></testcase><testcase classname="tests.unit.test_news.TestSentimentAnalyzer" name="test_analyze_neutral_text" time="0.006"><skipped type="pytest.skip" message="TextBlob not installed">/home/user/HOPEFX-AI-TRADING/tests/unit/test_news.py:384: TextBlob not installed</skipped></testcase><testcase classname="tests.unit.test_news.TestSentimentAnalyzer" name="test_analyze_financial_terms" time="0.007"><skipped type="pytest.skip" message="TextBlob not installed">/home/user/HOPEFX-AI-TRADING/tests/unit/test_news.py:397: TextBlob not installed</skipped></testcase><testcase classname="tests.unit.test_news.TestSentimentAnalyzer" name="test_analyze_empty_text" time="0.007"><skipped type="pytest.skip" message="TextBlob not installed">/home/user/HOPEFX-AI-TRADING/tests/unit/test_news.py:410: TextBlob not installed</skipped></testcase><testcase classname="tests.unit.test_news.TestSentimentAnalyzer" name="test_get_label" time="0.007"><skipped type="pytest.skip" message="TextBlob not installed">/home/user/HOPEFX-AI-TRADING/tests/unit/test_news.py:427: TextBlob not installed</skipped></testcase><testcase classname="tests.unit.test_news.TestNewsArticle" name="test_article_creation" time="0.007" /><testcase classname="tests.unit.test_news.TestNewsArticle" name="test_article_to_dict" time="0.007" /><testcase classname="tests.unit.test_news.TestNewsArticle" name="test_article_optional_fields" time="0.007" /><testcase classname="tests.unit.test_news.TestNewsProvider" name="test_base_provider_is_abstract" time="0.007" /><testcase classname="tests.unit.test_news.TestNewsProvider" name="test_incomplete_subclass_missing_both_raises_type_error" time="0.007" /><testcase classname="tests.unit.test_news.TestNewsProvider" name="test_incomplete_subclass_missing_one_raises_type_error" time="0.007" /><testcase classname="tests.unit.test_news.TestNewsProvider" name="test_concrete_subclass_stores_api_key" time="0.007" /><testcase classname="tests.unit.test_news.TestNewsAPIProvider" name="test_provider_initialization" time="0.007" /><testcase classname="tests.unit.test_news.TestNewsAPIProvider" name="test_provider_without_api_key" time="0.007" /><testcase classname="tests.unit.test_news.TestNewsAPIProvider" name="test_get_news_success" time="0.009" /><testcase classname="tests.unit.test_news.TestImpactPredictor" name="test_predictor_initialization" time="0.007" /><testcase classname="tests.unit.test_news.TestImpactPredictor" name="test_predict_high_impact_event" time="0.008" /><testcase classname="tests.unit.test_news.TestImpactPredictor" name="test_predict_low_impact_event" time="0.007" /><testcase classname="tests.unit.test_news.TestImpactPredictor" name="test_predict_with_sentiment" time="0.007" /><testcase classname="tests.unit.test_news.TestImpactPredictor" name="test_predict_with_symbols" time="0.007" /><testcase classname="tests.unit.test_news.TestNewsAggregator" name="test_aggregator_initialization" time="0.008" /><testcase classname="tests.unit.test_news.TestNewsAggregator" name="test_aggregator_with_rss_only" time="0.007" /><testcase classname="tests.unit.test_news.TestNewsAggregator" name="test_get_aggregated_news" time="0.784" /><testcase classname="tests.unit.test_news.TestNewsAggregator" name="test_deduplicate_articles" time="0.008" /><testcase classname="tests.unit.test_news.TestCreateNewsRouter" name="test_create_news_router_returns_router" time="0.015" /><testcase classname="tests.unit.test_news.TestCreateNewsRouter" name="test_news_router_has_all_endpoints" time="0.010" /><testcase classname="tests.unit.test_news.TestCreateNewsRouter" name="test_news_router_has_sentiment_endpoint" time="0.011" /><testcase classname="tests.unit.test_news.TestCreateNewsRouter" name="test_news_router_prefix" time="0.010" /><testcase classname="tests.unit.test_news.TestNewsModuleSingleton" name="test_singleton_returns_same_instance" time="0.008" /><testcase classname="tests.unit.test_news.TestNewsModuleSingleton" name="test_singleton_is_geopolitical_risk_provider" time="0.008" /><testcase classname="tests.unit.test_news.TestWorldMonitorIntegration" name="test_instantiation" time="0.008" /><testcase classname="tests.unit.test_news.TestWorldMonitorIntegration" name="test_get_gold_relevant_views_returns_dict" time="0.007" /><testcase classname="tests.unit.test_news.TestWorldMonitorIntegration" name="test_gold_relevant_views_are_urls" time="0.008" /><testcase classname="tests.unit.test_news.TestGeopoliticalRiskProvider" name="test_instantiation" time="0.008" /><testcase classname="tests.unit.test_news.TestGeopoliticalRiskProvider" name="test_get_current_events_returns_list" time="0.009" /><testcase classname="tests.unit.test_news.TestGeopoliticalRiskProvider" name="test_get_risk_assessment_returns_assessment" time="0.009" /><testcase classname="tests.unit.test_news.TestGeopoliticalRiskProvider" name="test_risk_assessment_has_required_fields" time="0.009" /><testcase classname="tests.unit.test_news.TestGeopoliticalRiskProvider" name="test_get_gold_trading_signal_structure" time="0.016" /><testcase classname="tests.unit.test_news.TestGeopoliticalRiskProvider" name="test_gold_trading_signal_direction_valid" time="0.010" /><testcase classname="tests.unit.test_news.TestGeopoliticalRiskProvider" name="test_create_news_router_in_module_all" time="0.006" /><testcase classname="tests.unit.test_notifications.TestNotificationManager" name="test_manager_initialization" time="0.007" /><testcase classname="tests.unit.test_notifications.TestNotificationManager" name="test_console_notification" time="0.007" /><testcase classname="tests.unit.test_notifications.TestNotificationManager" name="test_discord_notification_without_config" time="0.006" /><testcase classname="tests.unit.test_notifications.TestNotificationManager" name="test_discord_notification_with_config" time="0.009" /><testcase classname="tests.unit.test_notifications.TestNotificationManager" name="test_telegram_notification_without_config" time="0.008" /><testcase classname="tests.unit.test_notifications.TestNotificationManager" name="test_telegram_notification_with_config" time="0.010" /><testcase classname="tests.unit.test_notifications.TestNotificationManager" name="test_email_notification_without_config" time="0.008" /><testcase classname="tests.unit.test_notifications.TestNotificationManager" name="test_email_notification_with_config" time="0.013" /><testcase classname="tests.unit.test_notifications.TestNotificationManager" name="test_trade_notification" time="0.008" /><testcase classname="tests.unit.test_notifications.TestNotificationManager" name="test_signal_notification" time="0.008" /><testcase classname="tests.unit.test_notifications.TestNotificationManager" name="test_notification_levels" time="0.011" /><testcase classname="tests.unit.test_notifications.TestNotificationManager" name="test_notification_with_metadata" time="0.009" /><testcase classname="tests.unit.test_notifications.TestNotificationManager" name="test_multiple_channels" time="0.008" /><testcase classname="tests.unit.test_nuclear_strategy_agent.TestAnalysisResult" name="test_to_dict_keys" time="0.193" /><testcase classname="tests.unit.test_nuclear_strategy_agent.TestAnalysisResult" name="test_symbol_propagated" time="0.171" /><testcase classname="tests.unit.test_nuclear_strategy_agent.TestAnalysisResult" name="test_pipeline_ms_positive" time="0.171" /><testcase classname="tests.unit.test_nuclear_strategy_agent.TestAnalysisResult" name="test_computed_at_is_utc" time="0.171" /><testcase classname="tests.unit.test_nuclear_strategy_agent.TestAnalysisResult" name="test_ticks_available_matches_reader" time="0.176" /><testcase classname="tests.unit.test_nuclear_strategy_agent.TestAnalysisResult" name="test_bars_available_has_daily" time="0.177" /><testcase classname="tests.unit.test_nuclear_strategy_agent.TestAnalysisResult" name="test_has_signal_property" time="0.177" /><testcase classname="tests.unit.test_nuclear_strategy_agent.TestAnalysisResult" name="test_is_approved_false_when_no_signal" time="0.007" /><testcase classname="tests.unit.test_nuclear_strategy_agent.TestAnalysisResult" name="test_error_field_none_on_success" time="0.174" /><testcase classname="tests.unit.test_nuclear_strategy_agent.TestInMemoryReader" name="test_get_ticks_returns_correct_count" time="0.011" /><testcase classname="tests.unit.test_nuclear_strategy_agent.TestInMemoryReader" name="test_get_ticks_all_when_n_exceeds_buffer" time="0.010" /><testcase classname="tests.unit.test_nuclear_strategy_agent.TestInMemoryReader" name="test_get_ticks_newest_last" time="0.010" /><testcase classname="tests.unit.test_nuclear_strategy_agent.TestInMemoryReader" name="test_get_all_bars_returns_dict" time="0.011" /><testcase classname="tests.unit.test_nuclear_strategy_agent.TestInMemoryReader" name="test_get_latest_price_matches_last_tick" time="0.010" /><testcase classname="tests.unit.test_nuclear_strategy_agent.TestInMemoryReader" name="test_get_latest_price_none_when_empty" time="0.007" /><testcase classname="tests.unit.test_nuclear_strategy_agent.TestInMemoryReader" name="test_stats_structure" time="0.010" /><testcase classname="tests.unit.test_nuclear_strategy_agent.TestInMemoryReader" name="test_get_macro_returns_snapshot" time="0.009" /><testcase classname="tests.unit.test_nuclear_strategy_agent.TestInMemoryReader" name="test_get_cone_returns_dict" time="0.010" /><testcase classname="tests.unit.test_nuclear_strategy_agent.TestFeatureBuilder" name="test_build_all_returns_mtf" time="0.015" /><testcase classname="tests.unit.test_nuclear_strategy_agent.TestFeatureBuilder" name="test_build_all_has_daily_features" time="0.014" /><testcase classname="tests.unit.test_nuclear_strategy_agent.TestFeatureBuilder" name="test_build_all_has_macro" time="0.015" /><testcase classname="tests.unit.test_nuclear_strategy_agent.TestFeatureBuilder" name="test_build_timeframe_single" time="0.010" /><testcase classname="tests.unit.test_nuclear_strategy_agent.TestFeatureBuilder" name="test_technical_features_rsi_in_range" time="0.009" /><testcase classname="tests.unit.test_nuclear_strategy_agent.TestFeatureBuilder" name="test_technical_features_atr_positive" time="0.010" /><testcase classname="tests.unit.test_nuclear_strategy_agent.TestFeatureBuilder" name="test_to_dict_has_required_keys" time="0.010" /><testcase classname="tests.unit.test_nuclear_strategy_agent.TestFeatureBuilder" name="test_empty_bars_skipped_gracefully" time="0.006" /><testcase classname="tests.unit.test_nuclear_strategy_agent.TestFeatureBuilder" name="test_subset_timeframes" time="0.012" /><testcase classname="tests.unit.test_nuclear_strategy_agent.TestItosConeEngine" name="test_compute_returns_itos_cone" time="0.007" /><testcase classname="tests.unit.test_nuclear_strategy_agent.TestItosConeEngine" name="test_cone_has_expected_horizons" time="0.007" /><testcase classname="tests.unit.test_nuclear_strategy_agent.TestItosConeEngine" name="test_cone_upper_above_lower" time="0.008" /><testcase classname="tests.unit.test_nuclear_strategy_agent.TestItosConeEngine" name="test_cone_current_price_anchored" time="0.009" /><testcase classname="tests.unit.test_nuclear_strategy_agent.TestItosConeEngine" name="test_cone_bias_is_valid_string" time="0.007" /><testcase classname="tests.unit.test_nuclear_strategy_agent.TestItosConeEngine" name="test_cone_vol_regime_is_valid" time="0.008" /><testcase classname="tests.unit.test_nuclear_strategy_agent.TestItosConeEngine" name="test_price_in_cone_current_price" time="0.008" /><testcase classname="tests.unit.test_nuclear_strategy_agent.TestItosConeEngine" name="test_cone_direction_at_returns_valid" time="0.009" /><testcase classname="tests.unit.test_nuclear_strategy_agent.TestItosConeEngine" name="test_to_dict_structure" time="0.007" /><testcase classname="tests.unit.test_nuclear_strategy_agent.TestItosConeEngine" name="test_merge_cones_returns_dict" time="0.008" /><testcase classname="tests.unit.test_nuclear_strategy_agent.TestItosConeEngine" name="test_merge_cones_empty_returns_empty" time="0.008" /><testcase classname="tests.unit.test_nuclear_strategy_agent.TestItosConeEngine" name="test_compute_from_ohlcv" time="0.008" /><testcase classname="tests.unit.test_nuclear_strategy_agent.TestRegimeClassifier" name="test_classify_returns_regime_result" time="0.014" /><testcase classname="tests.unit.test_nuclear_strategy_agent.TestRegimeClassifier" name="test_regime_is_known_value" time="0.015" /><testcase classname="tests.unit.test_nuclear_strategy_agent.TestRegimeClassifier" name="test_confidence_in_range" time="0.013" /><testcase classname="tests.unit.test_nuclear_strategy_agent.TestRegimeClassifier" name="test_to_dict_has_required_keys" time="0.015" /><testcase classname="tests.unit.test_nuclear_strategy_agent.TestRegimeClassifier" name="test_preferred_strategy_is_valid" time="0.014" /><testcase classname="tests.unit.test_nuclear_strategy_agent.TestRegimeClassifier" name="test_history_grows_with_calls" time="0.015" /><testcase classname="tests.unit.test_nuclear_strategy_agent.TestRegimeClassifier" name="test_history_capped_at_n" time="0.014" /><testcase classname="tests.unit.test_nuclear_strategy_agent.TestRegimeClassifier" name="test_trending_up_properties" time="0.008" /><testcase classname="tests.unit.test_nuclear_strategy_agent.TestRegimeClassifier" name="test_range_bound_properties" time="0.008" /><testcase classname="tests.unit.test_nuclear_strategy_agent.TestRegimeClassifier" name="test_crisis_preferred_strategy" time="0.007" /><testcase classname="tests.unit.test_nuclear_strategy_agent.TestNuclearStrategyEngine" name="test_generate_returns_signal_or_none" time="0.013" /><testcase classname="tests.unit.test_nuclear_strategy_agent.TestNuclearStrategyEngine" name="test_signal_direction_valid" time="0.014" /><testcase classname="tests.unit.test_nuclear_strategy_agent.TestNuclearStrategyEngine" name="test_signal_is_valid_when_returned" time="0.017" /><testcase classname="tests.unit.test_nuclear_strategy_agent.TestNuclearStrategyEngine" name="test_signal_history_empty_initially" time="0.008" /><testcase classname="tests.unit.test_nuclear_strategy_agent.TestNuclearStrategyEngine" name="test_signal_history_grows" time="0.013" /><testcase classname="tests.unit.test_nuclear_strategy_agent.TestNuclearStrategyEngine" name="test_signal_to_dict_structure" time="0.016" /><testcase classname="tests.unit.test_nuclear_strategy_agent.TestNuclearStrategyEngine" name="test_risk_reward_positive_when_valid" time="0.014" /><testcase classname="tests.unit.test_nuclear_strategy_agent.TestShadowBacktestEngine" name="test_run_returns_backtest_result" time="0.080" /><testcase classname="tests.unit.test_nuclear_strategy_agent.TestShadowBacktestEngine" name="test_win_rate_in_range" time="0.078" /><testcase classname="tests.unit.test_nuclear_strategy_agent.TestShadowBacktestEngine" name="test_confidence_score_in_range" time="0.090" /><testcase classname="tests.unit.test_nuclear_strategy_agent.TestShadowBacktestEngine" name="test_to_dict_has_required_keys" time="0.074" /><testcase classname="tests.unit.test_nuclear_strategy_agent.TestShadowBacktestEngine" name="test_winning_plus_losing_equals_total" time="0.076" /><testcase classname="tests.unit.test_nuclear_strategy_agent.TestShadowBacktestEngine" name="test_zero_trades_confidence_is_zero" time="0.007" /><testcase classname="tests.unit.test_nuclear_strategy_agent.TestShadowBacktestEngine" name="test_equity_curve_is_list" time="0.077" /><testcase classname="tests.unit.test_nuclear_strategy_agent.TestSignalComposer" name="test_compose_returns_nuclear_signal" time="0.015" /><testcase classname="tests.unit.test_nuclear_strategy_agent.TestSignalComposer" name="test_approved_signal_high_confidence" time="0.016" /><testcase classname="tests.unit.test_nuclear_strategy_agent.TestSignalComposer" name="test_rejected_signal_low_confidence" time="0.016" /><testcase classname="tests.unit.test_nuclear_strategy_agent.TestSignalComposer" name="test_signal_id_format" time="0.015" /><testcase classname="tests.unit.test_nuclear_strategy_agent.TestSignalComposer" name="test_to_dict_has_required_keys" time="0.015" /><testcase classname="tests.unit.test_nuclear_strategy_agent.TestSignalComposer" name="test_confidence_in_range" time="0.016" /><testcase classname="tests.unit.test_nuclear_strategy_agent.TestSignalComposer" name="test_direction_preserved" time="0.020" /><testcase classname="tests.unit.test_nuclear_strategy_agent.TestSignalComposer" name="test_explanation_non_empty" time="0.015" /><testcase classname="tests.unit.test_nuclear_strategy_agent.TestSignalComposer" name="test_rr_below_minimum_rejected" time="0.016" /><testcase classname="tests.unit.test_nuclear_strategy_agent.TestNuclearStrategyAgent" name="test_analyze_returns_analysis_result" time="0.178" /><testcase classname="tests.unit.test_nuclear_strategy_agent.TestNuclearStrategyAgent" name="test_analyze_increments_count" time="0.343" /><testcase classname="tests.unit.test_nuclear_strategy_agent.TestNuclearStrategyAgent" name="test_status_structure" time="0.178" /><testcase classname="tests.unit.test_nuclear_strategy_agent.TestNuclearStrategyAgent" name="test_status_symbol_correct" time="0.011" /><testcase classname="tests.unit.test_nuclear_strategy_agent.TestNuclearStrategyAgent" name="test_get_last_result_none_before_analyze" time="0.010" /><testcase classname="tests.unit.test_nuclear_strategy_agent.TestNuclearStrategyAgent" name="test_get_last_result_after_analyze" time="0.174" /><testcase classname="tests.unit.test_nuclear_strategy_agent.TestNuclearStrategyAgent" name="test_approval_rate_zero_before_analyze" time="0.009" /><testcase classname="tests.unit.test_nuclear_strategy_agent.TestNuclearStrategyAgent" name="test_approval_rate_in_range_after_analyze" time="0.495" /><testcase classname="tests.unit.test_nuclear_strategy_agent.TestNuclearStrategyAgent" name="test_get_signal_history_empty_initially" time="0.009" /><testcase classname="tests.unit.test_nuclear_strategy_agent.TestNuclearStrategyAgent" name="test_get_regime_history_returns_list" time="0.173" /><testcase classname="tests.unit.test_nuclear_strategy_agent.TestNuclearStrategyAgent" name="test_get_strategy_signal_history_returns_list" time="0.173" /><testcase classname="tests.unit.test_nuclear_strategy_agent.TestNuclearStrategyAgent" name="test_repr_contains_symbol" time="0.010" /><testcase classname="tests.unit.test_nuclear_strategy_agent.TestNuclearStrategyAgent" name="test_multiple_analyze_calls_stable" time="0.841" /><testcase classname="tests.unit.test_nuclear_strategy_agent.TestNuclearStrategyAgent" name="test_analyze_with_custom_n_ticks" time="0.083" /><testcase classname="tests.unit.test_nuclear_strategy_agent.TestNuclearStrategyAgent" name="test_analyze_with_custom_n_bars" time="0.181" /><testcase classname="tests.unit.test_nuclear_strategy_agent.TestNuclearStrategyAgent" name="test_analyze_with_timeframe_subset" time="0.205" /><testcase classname="tests.unit.test_nuclear_strategy_agent.TestNuclearStrategyAgent" name="test_error_count_zero_on_clean_run" time="0.174" /><testcase classname="tests.unit.test_nuclear_strategy_agent.TestClearHistory" name="test_clear_history_empties_list" time="0.011" /><testcase classname="tests.unit.test_nuclear_strategy_agent.TestClearHistory" name="test_clear_history_returns_count" time="0.011" /><testcase classname="tests.unit.test_nuclear_strategy_agent.TestClearHistory" name="test_clear_history_returns_zero_when_empty" time="0.011" /><testcase classname="tests.unit.test_nuclear_strategy_agent.TestClearHistory" name="test_get_signal_history_empty_after_clear" time="0.010" /><testcase classname="tests.unit.test_nuclear_strategy_agent.TestClearHistory" name="test_status_count_zero_after_clear" time="0.010" /><testcase classname="tests.unit.test_nuclear_strategy_agent.TestClearHistory" name="test_clear_does_not_reset_approved_count" time="0.010" /><testcase classname="tests.unit.test_nuclear_strategy_agent.TestClearHistory" name="test_history_repopulates_after_clear" time="0.012" /><testcase classname="tests.unit.test_nuclear_strategy_agent.TestAgentLifecycle" name="test_start_sets_running" time="0.014" /><testcase classname="tests.unit.test_nuclear_strategy_agent.TestAgentLifecycle" name="test_stop_clears_running" time="0.013" /><testcase classname="tests.unit.test_nuclear_strategy_agent.TestAgentLifecycle" name="test_double_start_is_idempotent" time="0.012" /><testcase classname="tests.unit.test_nuclear_strategy_agent.TestAgentLifecycle" name="test_analyze_works_after_start" time="0.178" /><testcase classname="tests.unit.test_nuclear_strategy_agent.TestGetNuclearAgent" name="test_returns_same_instance" time="0.007" /><testcase classname="tests.unit.test_nuclear_strategy_agent.TestGetNuclearAgent" name="test_custom_symbol_on_first_call" time="0.006" /><testcase classname="tests.unit.test_nuclear_strategy_agent.TestGetNuclearAgent" name="test_second_call_ignores_symbol" time="0.011" /><testcase classname="tests.unit.test_nuclear_strategy_agent.TestDeleteHistoryEndpoint" name="test_delete_history_returns_200" time="0.051" /><testcase classname="tests.unit.test_nuclear_strategy_agent.TestDeleteHistoryEndpoint" name="test_delete_history_response_shape" time="0.047" /><testcase classname="tests.unit.test_nuclear_strategy_agent.TestDeleteHistoryEndpoint" name="test_delete_history_clears_agent_history" time="0.532" /><testcase classname="tests.unit.test_nuclear_streamer.TestProcessTick" name="test_valid_tick_accepted" time="0.010" /><testcase classname="tests.unit.test_nuclear_streamer.TestProcessTick" name="test_price_below_minimum_rejected" time="0.009" /><testcase classname="tests.unit.test_nuclear_streamer.TestProcessTick" name="test_price_above_maximum_rejected" time="0.009" /><testcase classname="tests.unit.test_nuclear_streamer.TestProcessTick" name="test_zero_price_rejected" time="0.009" /><testcase classname="tests.unit.test_nuclear_streamer.TestProcessTick" name="test_anomaly_jump_discarded" time="0.010" /><testcase classname="tests.unit.test_nuclear_streamer.TestProcessTick" name="test_anomaly_counter_incremented" time="0.009" /><testcase classname="tests.unit.test_nuclear_streamer.TestProcessTick" name="test_normal_tick_after_anomaly_accepted" time="0.010" /><testcase classname="tests.unit.test_nuclear_streamer.TestProcessTick" name="test_first_tick_no_anomaly_check" time="0.009" /><testcase classname="tests.unit.test_nuclear_streamer.TestProcessTick" name="test_latency_is_non_negative" time="0.008" /><testcase classname="tests.unit.test_nuclear_streamer.TestProcessTick" name="test_multiple_sources_independent" time="0.010" /><testcase classname="tests.unit.test_nuclear_streamer.TestProcessTick" name="test_redis_publish_called_when_available" time="0.014" /><testcase classname="tests.unit.test_nuclear_streamer.TestProcessTick" name="test_redis_error_does_not_crash_stream" time="0.012" /><testcase classname="tests.unit.test_nuclear_streamer.TestProcessTick" name="test_redis_payload_contains_received_at" time="0.012" /><testcase classname="tests.unit.test_nuclear_streamer.TestSubscriberBroadcast" name="test_multiple_subscribers_all_notified" time="0.011" /><testcase classname="tests.unit.test_nuclear_streamer.TestSubscriberBroadcast" name="test_faulty_subscriber_does_not_block_others" time="0.011" /><testcase classname="tests.unit.test_nuclear_streamer.TestSubscriberBroadcast" name="test_unsubscribe_removes_subscriber" time="0.009" /><testcase classname="tests.unit.test_nuclear_streamer.TestSubscriberBroadcast" name="test_unsubscribe_nonexistent_is_safe" time="0.008" /><testcase classname="tests.unit.test_nuclear_streamer.TestSubscriberBroadcast" name="test_no_subscribers_no_error" time="0.008" /><testcase classname="tests.unit.test_nuclear_streamer.TestSubscriberBroadcast" name="test_object_without_on_new_price_ignored" time="0.009" /><testcase classname="tests.unit.test_nuclear_streamer.TestCircuitBreaker" name="test_circuit_open_after_threshold" time="0.009" /><testcase classname="tests.unit.test_nuclear_streamer.TestCircuitBreaker" name="test_circuit_closed_below_threshold" time="0.007" /><testcase classname="tests.unit.test_nuclear_streamer.TestCircuitBreaker" name="test_circuit_resets_after_cooldown" time="0.029" /><testcase classname="tests.unit.test_nuclear_streamer.TestCircuitBreaker" name="test_record_success_resets_fail_count" time="0.007" /><testcase classname="tests.unit.test_nuclear_streamer.TestCircuitBreaker" name="test_circuit_closed_for_unknown_source" time="0.007" /><testcase classname="tests.unit.test_nuclear_streamer.TestCircuitBreaker" name="test_independent_per_source" time="0.008" /><testcase classname="tests.unit.test_nuclear_streamer.TestRunWithBackoff" name="test_stops_when_not_running" time="0.009" /><testcase classname="tests.unit.test_nuclear_streamer.TestRunWithBackoff" name="test_calls_coro_once_then_stops" time="0.010" /><testcase classname="tests.unit.test_nuclear_streamer.TestRunWithBackoff" name="test_reconnects_on_exception" time="0.014" /><testcase classname="tests.unit.test_nuclear_streamer.TestRunWithBackoff" name="test_skips_when_circuit_open" time="0.011" /><testcase classname="tests.unit.test_nuclear_streamer.TestStatus" name="test_status_initial_state" time="0.007" /><testcase classname="tests.unit.test_nuclear_streamer.TestStatus" name="test_status_after_tick" time="0.009" /><testcase classname="tests.unit.test_nuclear_streamer.TestStatus" name="test_status_circuit_breaker_open" time="0.007" /><testcase classname="tests.unit.test_nuclear_streamer.TestStatus" name="test_status_circuit_breaker_closed" time="0.007" /><testcase classname="tests.unit.test_nuclear_streamer.TestStatus" name="test_status_anomaly_count" time="0.010" /><testcase classname="tests.unit.test_nuclear_streamer.TestOANDAStreamArchitecturalBoundary" name="test_stream_prices_raises_streaming_forbidden" time="0.008" /><testcase classname="tests.unit.test_nuclear_streamer.TestOANDAStreamArchitecturalBoundary" name="test_on_tick_callback_ignored_with_warning" time="0.010" /><testcase classname="tests.unit.test_nuclear_streamer.TestOANDAStreamArchitecturalBoundary" name="test_oanda_stream_has_execution_methods" time="0.007" /><testcase classname="tests.unit.test_nuclear_streamer.TestOANDAStreamAdapterTombstone" name="test_start_raises_streaming_forbidden" time="0.010" /><testcase classname="tests.unit.test_nuclear_streamer.TestOANDAStreamAdapterTombstone" name="test_stop_raises_streaming_forbidden" time="0.009" /><testcase classname="tests.unit.test_nuclear_streamer.TestOANDAStreamAdapterTombstone" name="test_poll_rest_raises_streaming_forbidden" time="0.009" /><testcase classname="tests.unit.test_nuclear_streamer.TestOANDAStreamAdapterTombstone" name="test_instantiation_logs_error" time="0.009" /><testcase classname="tests.unit.test_nuclear_streamer.TestDataFeedPublicAPI" name="test_nuclear_streamer_exported" time="0.007" /><testcase classname="tests.unit.test_nuclear_streamer.TestDataFeedPublicAPI" name="test_production_data_engine_exported" time="0.007" /><testcase classname="tests.unit.test_nuclear_streamer.TestDataFeedPublicAPI" name="test_mt5_backup_exported" time="0.007" /><testcase classname="tests.unit.test_nuclear_streamer.TestDataFeedPublicAPI" name="test_nuclear_streamer_is_primary" time="0.007" /><testcase classname="tests.unit.test_nuclear_streamer.TestRunNoKeys" name="test_run_exits_cleanly_with_no_keys" time="0.015" /><testcase classname="tests.unit.test_nuclear_streamer.TestRunNoKeys" name="test_run_starts_tasks_when_key_present" time="0.014" /><testcase classname="tests.unit.test_nuclear_streamer.TestStop" name="test_stop_sets_running_false" time="0.010" /><testcase classname="tests.unit.test_nuclear_streamer.TestStop" name="test_stop_idempotent" time="0.010" /><testcase classname="tests.unit.test_nuclear_supervisor.TestNuclearHopeFXSupervisor" name="test_initial_state" time="0.011" /><testcase classname="tests.unit.test_nuclear_supervisor.TestNuclearHopeFXSupervisor" name="test_low_severity_normal_action" time="0.013" /><testcase classname="tests.unit.test_nuclear_supervisor.TestNuclearHopeFXSupervisor" name="test_medium_severity_pause_action" time="0.015" /><testcase classname="tests.unit.test_nuclear_supervisor.TestNuclearHopeFXSupervisor" name="test_high_severity_hedge_action" time="0.023" /><testcase classname="tests.unit.test_nuclear_supervisor.TestNuclearHopeFXSupervisor" name="test_critical_severity_nuclear_action" time="0.022" /><testcase classname="tests.unit.test_nuclear_supervisor.TestNuclearHopeFXSupervisor" name="test_manual_resume_clears_nuclear_state" time="0.026" /><testcase classname="tests.unit.test_nuclear_supervisor.TestNuclearHopeFXSupervisor" name="test_get_status_fields" time="0.011" /><testcase classname="tests.unit.test_nuclear_supervisor.TestNuclearHopeFXSupervisor" name="test_event_history_capped_at_100" time="0.082" /><testcase classname="tests.unit.test_nuclear_supervisor.TestNuclearHopeFXSupervisor" name="test_normalize_obs_passthrough_without_vecnorm" time="0.017" /><testcase classname="tests.unit.test_nuclear_supervisor.TestNuclearHopeFXSupervisor" name="test_cooldown_suppresses_repeated_hedge" time="0.021" /><testcase classname="tests.unit.test_nuclear_supervisor.TestRiskOrchestrator" name="test_initial_state" time="0.012" /><testcase classname="tests.unit.test_nuclear_supervisor.TestRiskOrchestrator" name="test_set_max_risk_clamps_to_range" time="0.013" /><testcase classname="tests.unit.test_nuclear_supervisor.TestRiskOrchestrator" name="test_set_max_risk_zero_blocks_trading" time="0.013" /><testcase classname="tests.unit.test_nuclear_supervisor.TestRiskOrchestrator" name="test_set_max_risk_persists_to_disk" time="0.014" /><testcase classname="tests.unit.test_nuclear_supervisor.TestRiskOrchestrator" name="test_activate_hedge_mode_no_broker" time="0.016" /><testcase classname="tests.unit.test_nuclear_supervisor.TestRiskOrchestrator" name="test_activate_hedge_mode_idempotent" time="0.019" /><testcase classname="tests.unit.test_nuclear_supervisor.TestRiskOrchestrator" name="test_deactivate_hedge_mode_clears_positions" time="0.015" /><testcase classname="tests.unit.test_nuclear_supervisor.TestRiskOrchestrator" name="test_hedge_persistence_across_restart" time="0.025" /><testcase classname="tests.unit.test_nuclear_supervisor.TestRiskOrchestrator" name="test_deactivate_clears_state_file" time="0.014" /><testcase classname="tests.unit.test_nuclear_supervisor.TestRiskOrchestrator" name="test_get_current_exposure_returns_float" time="0.017" /><testcase classname="tests.unit.test_nuclear_supervisor.TestRiskOrchestrator" name="test_get_status_keys" time="0.015" /><testcase classname="tests.unit.test_nuclear_supervisor.TestRiskOrchestrator" name="test_broker_injection" time="0.019" /><testcase classname="tests.unit.test_nuclear_supervisor.TestEngineKillSwitchHooks" name="test_kill_switch_blocks_execute_decision" time="0.012" /><testcase classname="tests.unit.test_nuclear_supervisor.TestEngineKillSwitchHooks" name="test_orchestrator_blocks_when_trading_not_allowed" time="0.010" /><testcase classname="tests.unit.test_nuclear_supervisor.TestEngineKillSwitchHooks" name="test_orchestrator_allows_when_risk_restored" time="0.011" /><testcase classname="tests.unit.test_nuclear_supervisor.TestEngineKillSwitchHooks" name="test_validate_startup_environment_test_mode" time="0.006" /><testcase classname="tests.unit.test_nuclear_supervisor.TestEngineKillSwitchHooks" name="test_validate_startup_environment_short_jwt_warns" time="0.006" /><testcase classname="tests.unit.test_nuclear_supervisor.TestEngineKillSwitchHooks" name="test_validate_startup_environment_oanda_missing_key" time="0.006" /><testcase classname="tests.unit.test_nuclear_supervisor.TestKillSwitchReset" name="test_reset_clears_active_state" time="0.014" /><testcase classname="tests.unit.test_nuclear_supervisor.TestKillSwitchReset" name="test_reset_clears_callbacks" time="0.007" /><testcase classname="tests.unit.test_nuclear_supervisor.TestKillSwitchReset" name="test_reset_does_not_touch_files" time="0.013" /><testcase classname="tests.unit.test_oms_comprehensive.TestOrderDataclass" name="test_remaining_quantity_unfilled" time="0.007" /><testcase classname="tests.unit.test_oms_comprehensive.TestOrderDataclass" name="test_remaining_quantity_partial" time="0.007" /><testcase classname="tests.unit.test_oms_comprehensive.TestOrderDataclass" name="test_is_active_new" time="0.007" /><testcase classname="tests.unit.test_oms_comprehensive.TestOrderDataclass" name="test_is_active_partially_filled" time="0.007" /><testcase classname="tests.unit.test_oms_comprehensive.TestOrderDataclass" name="test_is_active_pending_new" time="0.007" /><testcase classname="tests.unit.test_oms_comprehensive.TestOrderDataclass" name="test_is_active_pending_cancel" time="0.007" /><testcase classname="tests.unit.test_oms_comprehensive.TestOrderDataclass" name="test_is_active_filled_false" time="0.007" /><testcase classname="tests.unit.test_oms_comprehensive.TestOrderDataclass" name="test_is_active_cancelled_false" time="0.007" /><testcase classname="tests.unit.test_oms_comprehensive.TestOrderDataclass" name="test_is_active_rejected_false" time="0.007" /><testcase classname="tests.unit.test_oms_comprehensive.TestOrderDataclass" name="test_can_fill_market_new" time="0.007" /><testcase classname="tests.unit.test_oms_comprehensive.TestOrderDataclass" name="test_can_fill_limit_buy_price_ok" time="0.007" /><testcase classname="tests.unit.test_oms_comprehensive.TestOrderDataclass" name="test_can_fill_limit_buy_price_too_high" time="0.007" /><testcase classname="tests.unit.test_oms_comprehensive.TestOrderDataclass" name="test_can_fill_limit_sell_price_ok" time="0.008" /><testcase classname="tests.unit.test_oms_comprehensive.TestOrderDataclass" name="test_can_fill_limit_sell_price_too_low" time="0.008" /><testcase classname="tests.unit.test_oms_comprehensive.TestOrderDataclass" name="test_can_fill_exceeds_remaining" time="0.008" /><testcase classname="tests.unit.test_oms_comprehensive.TestOrderDataclass" name="test_can_fill_wrong_status" time="0.007" /><testcase classname="tests.unit.test_oms_comprehensive.TestOrderDataclass" name="test_can_fill_partially_filled_status" time="0.007" /><testcase classname="tests.unit.test_oms_comprehensive.TestOrderDataclass" name="test_default_time_in_force_gtc" time="0.007" /><testcase classname="tests.unit.test_oms_comprehensive.TestOrderDataclass" name="test_default_status_created" time="0.008" /><testcase classname="tests.unit.test_oms_comprehensive.TestOrderDataclass" name="test_child_orders_default_empty" time="0.008" /><testcase classname="tests.unit.test_oms_comprehensive.TestOrderDataclass" name="test_tags_default_empty" time="0.007" /><testcase classname="tests.unit.test_oms_comprehensive.TestOrderDataclass" name="test_metadata_default_empty" time="0.007" /><testcase classname="tests.unit.test_oms_comprehensive.TestOLMCreateOrder" name="test_create_order_stored" time="0.008" /><testcase classname="tests.unit.test_oms_comprehensive.TestOLMCreateOrder" name="test_create_order_status_created" time="0.008" /><testcase classname="tests.unit.test_oms_comprehensive.TestOLMCreateOrder" name="test_create_order_history_entry_after_transition" time="0.010" /><testcase classname="tests.unit.test_oms_comprehensive.TestOLMSubmitOrder" name="test_submit_nonexistent_returns_false" time="0.008" /><testcase classname="tests.unit.test_oms_comprehensive.TestOLMSubmitOrder" name="test_submit_kill_switch_active_blocks" time="0.009" /><testcase classname="tests.unit.test_oms_comprehensive.TestOLMSubmitOrder" name="test_submit_kill_switch_raises_blocks" time="0.010" /><testcase classname="tests.unit.test_oms_comprehensive.TestOLMSubmitOrder" name="test_submit_valid_order_transitions_to_pending_new" time="0.011" /><testcase classname="tests.unit.test_oms_comprehensive.TestOLMSubmitOrder" name="test_async_submit_no_broker_transitions_to_new" time="0.011" /><testcase classname="tests.unit.test_oms_comprehensive.TestOLMSubmitOrder" name="test_async_submit_broker_accepted" time="0.013" /><testcase classname="tests.unit.test_oms_comprehensive.TestOLMSubmitOrder" name="test_async_submit_broker_rejected" time="0.013" /><testcase classname="tests.unit.test_oms_comprehensive.TestOLMSubmitOrder" name="test_async_submit_broker_raises_rejected" time="0.017" /><testcase classname="tests.unit.test_oms_comprehensive.TestOLMFillOrder" name="test_fill_nonexistent_returns_false" time="0.007" /><testcase classname="tests.unit.test_oms_comprehensive.TestOLMFillOrder" name="test_fill_full_transitions_to_filled" time="0.008" /><testcase classname="tests.unit.test_oms_comprehensive.TestOLMFillOrder" name="test_fill_partial_transitions_to_partially_filled" time="0.008" /><testcase classname="tests.unit.test_oms_comprehensive.TestOLMFillOrder" name="test_fill_updates_filled_quantity" time="0.008" /><testcase classname="tests.unit.test_oms_comprehensive.TestOLMFillOrder" name="test_fill_updates_avg_price_first_fill" time="0.008" /><testcase classname="tests.unit.test_oms_comprehensive.TestOLMFillOrder" name="test_fill_updates_avg_price_second_fill" time="0.008" /><testcase classname="tests.unit.test_oms_comprehensive.TestOLMFillOrder" name="test_fill_removes_from_active_on_complete" time="0.008" /><testcase classname="tests.unit.test_oms_comprehensive.TestOLMFillOrder" name="test_fill_invalid_price_returns_false" time="0.007" /><testcase classname="tests.unit.test_oms_comprehensive.TestOLMCancelOrder" name="test_cancel_nonexistent_returns_false" time="0.007" /><testcase classname="tests.unit.test_oms_comprehensive.TestOLMCancelOrder" name="test_cancel_active_order_succeeds" time="0.008" /><testcase classname="tests.unit.test_oms_comprehensive.TestOLMCancelOrder" name="test_cancel_filled_order_returns_false" time="0.007" /><testcase classname="tests.unit.test_oms_comprehensive.TestOLMCancelOrder" name="test_cancel_rejected_order_returns_false" time="0.008" /><testcase classname="tests.unit.test_oms_comprehensive.TestOLMExpireOrders" name="test_expire_gtd_order_past_expiry" time="0.008" /><testcase classname="tests.unit.test_oms_comprehensive.TestOLMExpireOrders" name="test_expire_does_not_expire_future_order" time="0.008" /><testcase classname="tests.unit.test_oms_comprehensive.TestOLMExpireOrders" name="test_expire_no_expiry_date_unchanged" time="0.007" /><testcase classname="tests.unit.test_oms_comprehensive.TestOLMStateMachine" name="test_invalid_transition_returns_false" time="0.008" /><testcase classname="tests.unit.test_oms_comprehensive.TestOLMStateMachine" name="test_valid_transition_returns_true" time="0.008" /><testcase classname="tests.unit.test_oms_comprehensive.TestOLMStateMachine" name="test_transition_logs_history" time="0.008" /><testcase classname="tests.unit.test_oms_comprehensive.TestOLMStateMachine" name="test_callback_called_on_transition" time="0.008" /><testcase classname="tests.unit.test_oms_comprehensive.TestOLMStateMachine" name="test_callback_error_does_not_propagate" time="0.012" /><testcase classname="tests.unit.test_oms_comprehensive.TestOLMStateMachine" name="test_filled_terminal_no_further_transitions" time="0.007" /><testcase classname="tests.unit.test_oms_comprehensive.TestOLMStateMachine" name="test_cancelled_terminal_no_further_transitions" time="0.007" /><testcase classname="tests.unit.test_oms_comprehensive.TestOLMStateMachine" name="test_rejected_terminal_no_further_transitions" time="0.008" /><testcase classname="tests.unit.test_oms_comprehensive.TestOLMOrderBook" name="test_order_book_empty_symbol" time="0.007" /><testcase classname="tests.unit.test_oms_comprehensive.TestOLMOrderBook" name="test_order_book_buy_in_bids" time="0.007" /><testcase classname="tests.unit.test_oms_comprehensive.TestOLMOrderBook" name="test_order_book_sell_in_asks" time="0.007" /><testcase classname="tests.unit.test_oms_comprehensive.TestOLMOrderBook" name="test_order_book_filters_by_symbol" time="0.007" /><testcase classname="tests.unit.test_oms_comprehensive.TestOLMOrderBook" name="test_order_book_bids_sorted_descending" time="0.008" /><testcase classname="tests.unit.test_oms_comprehensive.TestOLMOrderBook" name="test_order_book_asks_sorted_ascending" time="0.007" /><testcase classname="tests.unit.test_oms_comprehensive.TestOLMOrderBook" name="test_order_book_has_timestamp" time="0.007" /><testcase classname="tests.unit.test_oms_comprehensive.TestComplexOrderManagerOCO" name="test_create_oco_returns_parent_id" time="0.010" /><testcase classname="tests.unit.test_oms_comprehensive.TestComplexOrderManagerOCO" name="test_create_oco_tags_orders" time="0.009" /><testcase classname="tests.unit.test_oms_comprehensive.TestComplexOrderManagerOCO" name="test_cancel_siblings_on_fill" time="0.009" /><testcase classname="tests.unit.test_oms_comprehensive.TestComplexOrderManagerOCO" name="test_cancel_siblings_no_parent_id_noop" time="0.007" /><testcase classname="tests.unit.test_oms_comprehensive.TestComplexOrderManagerBracket" name="test_create_bracket_returns_id" time="0.011" /><testcase classname="tests.unit.test_oms_comprehensive.TestComplexOrderManagerBracket" name="test_create_bracket_tags_entry" time="0.010" /><testcase classname="tests.unit.test_oms_comprehensive.TestComplexOrderManagerBracket" name="test_place_bracket_exits_creates_orders" time="0.010" /><testcase classname="tests.unit.test_oms_comprehensive.TestComplexOrderManagerIceberg" name="test_create_iceberg_returns_parent_id" time="0.011" /><testcase classname="tests.unit.test_oms_comprehensive.TestComplexOrderManagerIceberg" name="test_create_iceberg_parent_tagged" time="0.012" /><testcase classname="tests.unit.test_oms_comprehensive.TestComplexOrderManagerIceberg" name="test_reveal_slice_nonexistent_parent_noop" time="0.007" /><testcase classname="tests.unit.test_oms_comprehensive.TestComplexOrderManagerIceberg" name="test_reveal_slice_zero_remaining_noop" time="0.007" /><testcase classname="tests.unit.test_oms_comprehensive.TestComplexOrderManagerIceberg" name="test_check_reveal_next_fully_filled_reveals" time="0.011" /><testcase classname="tests.unit.test_oms_comprehensive.TestComplexOrderManagerIceberg" name="test_check_reveal_next_partial_fill_no_reveal" time="0.007" /><testcase classname="tests.unit.test_online_learning.TestDriftDetector" name="test_no_drift_on_stable_errors" time="0.012" /><testcase classname="tests.unit.test_online_learning.TestDriftDetector" name="test_drift_detected_on_sudden_spike" time="0.030" /><testcase classname="tests.unit.test_online_learning.TestDriftDetector" name="test_reset_clears_stat" time="0.007" /><testcase classname="tests.unit.test_online_learning.TestDriftDetector" name="test_recent_error_returns_float" time="0.007" /><testcase classname="tests.unit.test_online_learning.TestIncrementalXGBoost" name="test_fit_and_predict_proba_shape" time="2.504" /><testcase classname="tests.unit.test_online_learning.TestIncrementalXGBoost" name="test_update_increases_tree_count" time="0.033" /><testcase classname="tests.unit.test_online_learning.TestIncrementalXGBoost" name="test_predict_before_fit_raises" time="0.006" /><testcase classname="tests.unit.test_online_learning.TestIncrementalXGBoost" name="test_save_load_roundtrip" time="0.036" /><testcase classname="tests.unit.test_online_learning.TestOnlineLearnerStore" name="test_not_ready_before_min_fills" time="0.007" /><testcase classname="tests.unit.test_online_learning.TestOnlineLearnerStore" name="test_ready_after_min_fills" time="0.038" /><testcase classname="tests.unit.test_online_learning.TestOnlineLearnerStore" name="test_blend_returns_advanced_when_not_ready" time="0.007" /><testcase classname="tests.unit.test_online_learning.TestOnlineLearnerStore" name="test_blend_returns_float_in_range" time="0.038" /><testcase classname="tests.unit.test_online_learning.TestOnlineLearnerStore" name="test_blend_weights_sum_to_one" time="0.044" /><testcase classname="tests.unit.test_online_learning.TestOnlineLearnerStore" name="test_fill_count_increments" time="0.007" /><testcase classname="tests.unit.test_online_learning.TestOnlineLearnerStore" name="test_status_returns_dict" time="0.008" /><testcase classname="tests.unit.test_online_learning.TestOnlineLearnerStore" name="test_on_fill_returns_bool" time="0.008" /><testcase classname="tests.unit.test_online_learning.TestOnlineLearnerStore" name="test_drift_count_accessible" time="0.008" /><testcase classname="tests.unit.test_online_learning.TestOnlineLearningSignalEngine" name="test_flag_off_returns_none_store" time="0.009" /><testcase classname="tests.unit.test_online_learning.TestOnlineLearningSignalEngine" name="test_flag_on_returns_store_instance" time="0.008" /><testcase classname="tests.unit.test_online_learning.TestOnlineLearningSignalEngine" name="test_notify_fill_noop_when_flag_off" time="0.008" /><testcase classname="tests.unit.test_online_learning.TestOnlineLearningSignalEngine" name="test_notify_fill_calls_on_fill_when_flag_on" time="0.011" /><testcase classname="tests.unit.test_online_learning.TestOnlineLearningSignalEngine" name="test_blend_formula_correctness" time="0.011" /><testcase classname="tests.unit.test_online_learning.TestOnlineLearningSignalEngine" name="test_blend_neutral_when_online_is_neutral" time="0.007" /><testcase classname="tests.unit.test_order_flow.TestTrade" name="test_trade_creation" time="0.008" /><testcase classname="tests.unit.test_order_flow.TestTrade" name="test_trade_is_buy" time="0.007" /><testcase classname="tests.unit.test_order_flow.TestVolumeProfileLevel" name="test_level_creation" time="0.008" /><testcase classname="tests.unit.test_order_flow.TestVolumeProfileLevel" name="test_level_buy_pct" time="0.006" /><testcase classname="tests.unit.test_order_flow.TestVolumeProfileLevel" name="test_level_imbalance" time="0.009" /><testcase classname="tests.unit.test_order_flow.TestVolumeProfileLevel" name="test_level_to_dict" time="0.009" /><testcase classname="tests.unit.test_order_flow.TestOrderFlowAnalyzer" name="test_analyzer_initialization" time="0.009" /><testcase classname="tests.unit.test_order_flow.TestOrderFlowAnalyzer" name="test_add_trade" time="0.009" /><testcase classname="tests.unit.test_order_flow.TestOrderFlowAnalyzer" name="test_add_multiple_trades" time="0.010" /><testcase classname="tests.unit.test_order_flow.TestOrderFlowAnalyzer" name="test_add_trades_batch" time="0.009" /><testcase classname="tests.unit.test_order_flow.TestOrderFlowAnalyzer" name="test_cumulative_delta" time="0.008" /><testcase classname="tests.unit.test_order_flow.TestOrderFlowAnalyzer" name="test_get_volume_profile" time="0.009" /><testcase classname="tests.unit.test_order_flow.TestOrderFlowAnalyzer" name="test_volume_profile_poc" time="0.008" /><testcase classname="tests.unit.test_order_flow.TestOrderFlowAnalyzer" name="test_analyze" time="0.008" /><testcase classname="tests.unit.test_order_flow.TestOrderFlowAnalyzer" name="test_analyze_bullish" time="0.009" /><testcase classname="tests.unit.test_order_flow.TestOrderFlowAnalyzer" name="test_analyze_bearish" time="0.008" /><testcase classname="tests.unit.test_order_flow.TestOrderFlowAnalyzer" name="test_get_key_levels" time="0.008" /><testcase classname="tests.unit.test_order_flow.TestOrderFlowAnalyzer" name="test_get_footprint" time="0.009" /><testcase classname="tests.unit.test_order_flow.TestOrderFlowAnalyzer" name="test_clear_trades" time="0.008" /><testcase classname="tests.unit.test_order_flow.TestOrderFlowAnalyzer" name="test_get_stats" time="0.008" /><testcase classname="tests.unit.test_order_flow.TestOrderFlowAnalyzer" name="test_global_instance" time="0.007" /><testcase classname="tests.unit.test_order_flow.TestVolumeProfile" name="test_profile_to_dict" time="0.007" /><testcase classname="tests.unit.test_order_flow.TestOrderFlowAnalysis" name="test_analysis_to_dict" time="0.006" /><testcase classname="tests.unit.test_order_flow_dashboard.TestOrderFlowDashboard" name="test_initialization" time="0.009" /><testcase classname="tests.unit.test_order_flow_dashboard.TestOrderFlowDashboard" name="test_initialization_with_custom_services" time="0.011" /><testcase classname="tests.unit.test_order_flow_dashboard.TestOrderFlowDashboard" name="test_get_complete_analysis_no_data" time="0.011" /><testcase classname="tests.unit.test_order_flow_dashboard.TestOrderFlowDashboard" name="test_get_complete_analysis_with_data" time="0.014" /><testcase classname="tests.unit.test_order_flow_dashboard.TestOrderFlowDashboard" name="test_complete_analysis_structure" time="0.014" /><testcase classname="tests.unit.test_order_flow_dashboard.TestOrderFlowDashboard" name="test_summary_bias_bullish" time="0.015" /><testcase classname="tests.unit.test_order_flow_dashboard.TestOrderFlowDashboard" name="test_summary_bias_bearish" time="0.014" /><testcase classname="tests.unit.test_order_flow_dashboard.TestOrderFlowDashboard" name="test_get_market_bias" time="0.012" /><testcase classname="tests.unit.test_order_flow_dashboard.TestOrderFlowDashboard" name="test_get_key_levels" time="0.016" /><testcase classname="tests.unit.test_order_flow_dashboard.TestOrderFlowDashboard" name="test_get_key_levels_no_data" time="0.013" /><testcase classname="tests.unit.test_order_flow_dashboard.TestOrderFlowDashboard" name="test_dom_included_when_available" time="0.014" /><testcase classname="tests.unit.test_order_flow_dashboard.TestOrderFlowDashboard" name="test_dashboard_handles_service_errors_gracefully" time="0.013" /><testcase classname="tests.unit.test_order_flow_dashboard.TestOrderFlowDashboard" name="test_global_instance" time="0.007" /><testcase classname="tests.unit.test_parabolic_regime.TestIsParabolicBubbleRegime" name="test_returns_false_for_flat_market" time="0.012" /><testcase classname="tests.unit.test_parabolic_regime.TestIsParabolicBubbleRegime" name="test_returns_true_for_parabolic_blowoff" time="0.012" /><testcase classname="tests.unit.test_parabolic_regime.TestIsParabolicBubbleRegime" name="test_returns_false_for_insufficient_data" time="0.008" /><testcase classname="tests.unit.test_parabolic_regime.TestIsParabolicBubbleRegime" name="test_returns_false_when_close_missing" time="0.007" /><testcase classname="tests.unit.test_parabolic_regime.TestIsParabolicBubbleRegime" name="test_returns_false_for_near_zero_price" time="0.009" /><testcase classname="tests.unit.test_parabolic_regime.TestIsParabolicBubbleRegime" name="test_condition2_post_bubble_high_vol_deep_drawdown" time="0.012" /><testcase classname="tests.unit.test_parabolic_regime.TestIsParabolicBubbleRegime" name="test_custom_close_col" time="0.012" /><testcase classname="tests.unit.test_parabolic_regime.TestIsParabolicBubbleRegime" name="test_exception_in_computation_returns_false" time="0.010" /><testcase classname="tests.unit.test_parabolic_regime.TestDetectParabolicMask" name="test_flat_market_all_false" time="0.015" /><testcase classname="tests.unit.test_parabolic_regime.TestDetectParabolicMask" name="test_parabolic_blowoff_has_flagged_bars" time="0.014" /><testcase classname="tests.unit.test_parabolic_regime.TestDetectParabolicMask" name="test_returns_series_matching_index" time="0.012" /><testcase classname="tests.unit.test_parabolic_regime.TestDetectParabolicMask" name="test_short_df_no_crash" time="0.011" /><testcase classname="tests.unit.test_parabolic_regime.TestDetectRegimeLabels" name="test_parabolic_label_3_assigned" time="0.018" /><testcase classname="tests.unit.test_parabolic_regime.TestDetectRegimeLabels" name="test_flat_market_no_parabolic_label" time="0.017" /><testcase classname="tests.unit.test_parabolic_regime.TestDetectRegimeLabels" name="test_regime_names_includes_high_vol_parabolic" time="0.007" /><testcase classname="tests.unit.test_parabolic_regime.TestSignalFilterParabolicGate" name="test_gate_blocks_parabolic_blowoff" time="0.011" /><testcase classname="tests.unit.test_parabolic_regime.TestSignalFilterParabolicGate" name="test_gate_passes_flat_market" time="0.013" /><testcase classname="tests.unit.test_parabolic_regime.TestSignalFilterParabolicGate" name="test_gate_returns_unknown_for_insufficient_data" time="0.008" /><testcase classname="tests.unit.test_parabolic_regime.TestSignalFilterParabolicGate" name="test_get_current_regime_returns_parabolic" time="0.011" /><testcase classname="tests.unit.test_parabolic_regime.TestSignalFilterParabolicGate" name="test_get_current_regime_unknown_for_none" time="0.008" /><testcase classname="tests.unit.test_parabolic_regime.TestSignalFilterParabolicGate" name="test_gate_confidence_tightens_for_parabolic" time="0.007" /><testcase classname="tests.unit.test_parabolic_regime.TestSignalFilterParabolicGate" name="test_full_check_blocks_parabolic_signal" time="0.011" /><testcase classname="tests.unit.test_parabolic_regime.TestStackingEnsemblePredictor" name="test_predict_proba_shape" time="0.041" /><testcase classname="tests.unit.test_parabolic_regime.TestStackingEnsemblePredictor" name="test_predict_proba_missing_features_filled" time="0.037" /><testcase classname="tests.unit.test_parabolic_regime.TestStackingEnsemblePredictor" name="test_predict_returns_binary" time="0.040" /><testcase classname="tests.unit.test_parabolic_regime.TestStackingEnsemblePredictor" name="test_horizon_property" time="0.031" /><testcase classname="tests.unit.test_parabolic_regime.TestStackingEnsemblePredictor" name="test_abstain_threshold_property" time="0.028" /><testcase classname="tests.unit.test_parabolic_regime.TestStackingEnsemblePredictor" name="test_repr" time="0.027" /><testcase classname="tests.unit.test_parabolic_regime.TestLoadFromRegistry" name="test_returns_none_when_registry_missing" time="0.007" /><testcase classname="tests.unit.test_parabolic_regime.TestLoadFromRegistry" name="test_loads_sklearn_estimator_format" time="0.011" /><testcase classname="tests.unit.test_parabolic_regime.TestLoadFromRegistry" name="test_loads_stacking_dict_format_as_wrapper" time="0.011" /><testcase classname="tests.unit.test_patterns.TestChartPattern" name="test_import" time="0.004" /><testcase classname="tests.unit.test_patterns.TestChartPattern" name="test_to_dict_has_expected_keys" time="0.004" /><testcase classname="tests.unit.test_patterns.TestChartPattern" name="test_to_dict_values" time="0.004" /><testcase classname="tests.unit.test_patterns.TestChartPattern" name="test_to_dict_key_levels_rounded" time="0.004" /><testcase classname="tests.unit.test_patterns.TestChartPattern" name="test_to_dict_timestamp_is_iso_string" time="0.004" /><testcase classname="tests.unit.test_patterns.TestChartPattern" name="test_direction_values" time="0.005" /><testcase classname="tests.unit.test_patterns.TestChartPattern" name="test_confidence_range" time="0.010" /><testcase classname="tests.unit.test_patterns.TestChartPatternDetector" name="test_default_initialization" time="0.006" /><testcase classname="tests.unit.test_patterns.TestChartPatternDetector" name="test_custom_config" time="0.006" /><testcase classname="tests.unit.test_patterns.TestChartPatternDetector" name="test_detect_patterns_returns_list" time="0.008" /><testcase classname="tests.unit.test_patterns.TestChartPatternDetector" name="test_detect_patterns_empty_dataframe" time="0.005" /><testcase classname="tests.unit.test_patterns.TestChartPatternDetector" name="test_detect_patterns_short_data" time="0.007" /><testcase classname="tests.unit.test_patterns.TestChartPatternDetector" name="test_detect_patterns_missing_columns" time="0.006" /><testcase classname="tests.unit.test_patterns.TestChartPatternDetector" name="test_detect_patterns_confidence_filter" time="0.011" /><testcase classname="tests.unit.test_patterns.TestChartPatternDetector" name="test_detect_patterns_results_have_valid_confidence" time="0.007" /><testcase classname="tests.unit.test_patterns.TestChartPatternDetector" name="test_detect_patterns_results_have_valid_direction" time="0.008" /><testcase classname="tests.unit.test_patterns.TestChartPatternDetector" name="test_detect_patterns_sorted_by_confidence" time="0.008" /><testcase classname="tests.unit.test_patterns.TestChartPatternDetector" name="test_detect_head_and_shoulders_returns_list" time="0.008" /><testcase classname="tests.unit.test_patterns.TestChartPatternDetector" name="test_detect_head_and_shoulders_short_data" time="0.009" /><testcase classname="tests.unit.test_patterns.TestChartPatternDetector" name="test_detect_double_tops_bottoms_returns_list" time="0.008" /><testcase classname="tests.unit.test_patterns.TestChartPatternDetector" name="test_detect_double_tops_bottoms_short_data" time="0.009" /><testcase classname="tests.unit.test_patterns.TestChartPatternDetector" name="test_detect_triangles_returns_list" time="0.009" /><testcase classname="tests.unit.test_patterns.TestChartPatternDetector" name="test_detect_triangles_short_data" time="0.008" /><testcase classname="tests.unit.test_patterns.TestChartPatternDetector" name="test_detect_flags_pennants_returns_list" time="0.008" /><testcase classname="tests.unit.test_patterns.TestChartPatternDetector" name="test_detect_flags_pennants_short_data" time="0.009" /><testcase classname="tests.unit.test_patterns.TestChartPatternDetector" name="test_detect_wedges_returns_list" time="0.009" /><testcase classname="tests.unit.test_patterns.TestChartPatternDetector" name="test_detect_wedges_short_data" time="0.007" /><testcase classname="tests.unit.test_patterns.TestChartPatternDetector" name="test_detect_patterns_non_dataframe_input" time="0.007" /><testcase classname="tests.unit.test_patterns.TestChartPatternDetector" name="test_patterns_have_valid_index_range" time="0.010" /><testcase classname="tests.unit.test_patterns.TestChartPatternDetector" name="test_detect_patterns_large_dataset" time="0.012" /><testcase classname="tests.unit.test_patterns.TestChartPatternDetector" name="test_detect_patterns_to_dict_on_results" time="0.010" /><testcase classname="tests.unit.test_patterns.TestCandlestickPattern" name="test_import" time="0.007" /><testcase classname="tests.unit.test_patterns.TestCandlestickPattern" name="test_to_dict_has_expected_keys" time="0.008" /><testcase classname="tests.unit.test_patterns.TestCandlestickPattern" name="test_to_dict_values_match" time="0.007" /><testcase classname="tests.unit.test_patterns.TestCandlestickPattern" name="test_to_dict_timestamp_is_iso_string" time="0.008" /><testcase classname="tests.unit.test_patterns.TestCandlestickPattern" name="test_candles_count_values" time="0.008" /><testcase classname="tests.unit.test_patterns.TestCandlestickPattern" name="test_direction_values" time="0.007" /><testcase classname="tests.unit.test_patterns.TestCandlestickPatternDetector" name="test_default_initialization" time="0.007" /><testcase classname="tests.unit.test_patterns.TestCandlestickPatternDetector" name="test_custom_config" time="0.009" /><testcase classname="tests.unit.test_patterns.TestCandlestickPatternDetector" name="test_detect_patterns_returns_list_on_valid_data" time="0.011" /><testcase classname="tests.unit.test_patterns.TestCandlestickPatternDetector" name="test_detect_patterns_empty_dataframe" time="0.008" /><testcase classname="tests.unit.test_patterns.TestCandlestickPatternDetector" name="test_detect_patterns_missing_columns" time="0.008" /><testcase classname="tests.unit.test_patterns.TestCandlestickPatternDetector" name="test_detect_patterns_non_dataframe" time="0.007" /><testcase classname="tests.unit.test_patterns.TestCandlestickPatternDetector" name="test_detect_patterns_confidence_filter" time="0.015" /><testcase classname="tests.unit.test_patterns.TestCandlestickPatternDetector" name="test_detect_patterns_valid_confidence_range" time="0.010" /><testcase classname="tests.unit.test_patterns.TestCandlestickPatternDetector" name="test_detect_patterns_valid_direction" time="0.011" /><testcase classname="tests.unit.test_patterns.TestCandlestickPatternDetector" name="test_detect_single_candle_patterns_returns_list" time="0.008" /><testcase classname="tests.unit.test_patterns.TestCandlestickPatternDetector" name="test_detect_single_candle_patterns_empty_df" time="0.007" /><testcase classname="tests.unit.test_patterns.TestCandlestickPatternDetector" name="test_detect_two_candle_patterns_returns_list" time="0.007" /><testcase classname="tests.unit.test_patterns.TestCandlestickPatternDetector" name="test_detect_two_candle_patterns_single_row" time="0.008" /><testcase classname="tests.unit.test_patterns.TestCandlestickPatternDetector" name="test_detect_three_candle_patterns_returns_list" time="0.008" /><testcase classname="tests.unit.test_patterns.TestCandlestickPatternDetector" name="test_detect_three_candle_patterns_two_rows" time="0.008" /><testcase classname="tests.unit.test_patterns.TestCandlestickPatternDetector" name="test_get_pattern_at_index_filters_correctly" time="0.011" /><testcase classname="tests.unit.test_patterns.TestCandlestickPatternDetector" name="test_get_pattern_at_index_empty_input" time="0.007" /><testcase classname="tests.unit.test_patterns.TestCandlestickPatternDetector" name="test_get_pattern_at_index_no_match" time="0.010" /><testcase classname="tests.unit.test_patterns.TestCandlestickPatternDetector" name="test_get_pattern_at_index_sorted_by_confidence" time="0.007" /><testcase classname="tests.unit.test_patterns.TestCandlestickPatternDetector" name="test_doji_detection_on_crafted_candle" time="0.008" /><testcase classname="tests.unit.test_patterns.TestCandlestickPatternDetector" name="test_hammer_detection_on_crafted_candles" time="0.006" /><testcase classname="tests.unit.test_patterns.TestCandlestickPatternDetector" name="test_to_dict_on_detected_patterns" time="0.012" /><testcase classname="tests.unit.test_patterns.TestCandlestickPatternDetector" name="test_candles_count_in_detected_results" time="0.010" /><testcase classname="tests.unit.test_patterns.TestPriceLevel" name="test_import" time="0.007" /><testcase classname="tests.unit.test_patterns.TestPriceLevel" name="test_to_dict_has_expected_keys" time="0.007" /><testcase classname="tests.unit.test_patterns.TestPriceLevel" name="test_to_dict_values_match" time="0.008" /><testcase classname="tests.unit.test_patterns.TestPriceLevel" name="test_to_dict_last_touch_none" time="0.007" /><testcase classname="tests.unit.test_patterns.TestPriceLevel" name="test_to_dict_last_touch_iso_string" time="0.007" /><testcase classname="tests.unit.test_patterns.TestPriceLevel" name="test_to_dict_timestamp_is_iso_string" time="0.007" /><testcase classname="tests.unit.test_patterns.TestPriceLevel" name="test_level_type_values" time="0.008" /><testcase classname="tests.unit.test_patterns.TestPriceLevel" name="test_is_active_flag" time="0.007" /><testcase classname="tests.unit.test_patterns.TestSupportResistanceDetector" name="test_default_initialization" time="0.008" /><testcase classname="tests.unit.test_patterns.TestSupportResistanceDetector" name="test_custom_config" time="0.007" /><testcase classname="tests.unit.test_patterns.TestSupportResistanceDetector" name="test_detect_levels_returns_dict_with_required_keys" time="0.010" /><testcase classname="tests.unit.test_patterns.TestSupportResistanceDetector" name="test_detect_levels_values_are_lists" time="0.009" /><testcase classname="tests.unit.test_patterns.TestSupportResistanceDetector" name="test_detect_levels_empty_dataframe" time="0.007" /><testcase classname="tests.unit.test_patterns.TestSupportResistanceDetector" name="test_detect_levels_short_data" time="0.009" /><testcase classname="tests.unit.test_patterns.TestSupportResistanceDetector" name="test_detect_levels_uses_last_close_as_default_price" time="0.010" /><testcase classname="tests.unit.test_patterns.TestSupportResistanceDetector" name="test_detect_levels_price_levels_are_price_level_instances" time="0.010" /><testcase classname="tests.unit.test_patterns.TestSupportResistanceDetector" name="test_get_swing_levels_returns_list" time="0.008" /><testcase classname="tests.unit.test_patterns.TestSupportResistanceDetector" name="test_get_swing_levels_empty_df" time="0.007" /><testcase classname="tests.unit.test_patterns.TestSupportResistanceDetector" name="test_get_fibonacci_levels_returns_list" time="0.008" /><testcase classname="tests.unit.test_patterns.TestSupportResistanceDetector" name="test_get_fibonacci_levels_count" time="0.008" /><testcase classname="tests.unit.test_patterns.TestSupportResistanceDetector" name="test_get_fibonacci_levels_method_label" time="0.009" /><testcase classname="tests.unit.test_patterns.TestSupportResistanceDetector" name="test_get_fibonacci_levels_prices_within_range" time="0.008" /><testcase classname="tests.unit.test_patterns.TestSupportResistanceDetector" name="test_get_fibonacci_levels_empty_df" time="0.008" /><testcase classname="tests.unit.test_patterns.TestSupportResistanceDetector" name="test_get_round_number_levels_returns_list" time="0.009" /><testcase classname="tests.unit.test_patterns.TestSupportResistanceDetector" name="test_get_round_number_levels_are_multiples" time="0.008" /><testcase classname="tests.unit.test_patterns.TestSupportResistanceDetector" name="test_get_round_number_levels_method_label" time="0.008" /><testcase classname="tests.unit.test_patterns.TestSupportResistanceDetector" name="test_get_volume_levels_returns_list" time="0.009" /><testcase classname="tests.unit.test_patterns.TestSupportResistanceDetector" name="test_get_volume_levels_empty_df" time="0.008" /><testcase classname="tests.unit.test_patterns.TestSupportResistanceDetector" name="test_get_dynamic_levels_returns_list" time="0.008" /><testcase classname="tests.unit.test_patterns.TestSupportResistanceDetector" name="test_get_dynamic_levels_empty_df" time="0.008" /><testcase classname="tests.unit.test_patterns.TestSupportResistanceDetector" name="test_classify_level_support" time="0.007" /><testcase classname="tests.unit.test_patterns.TestSupportResistanceDetector" name="test_classify_level_resistance" time="0.007" /><testcase classname="tests.unit.test_patterns.TestSupportResistanceDetector" name="test_classify_level_pivot" time="0.007" /><testcase classname="tests.unit.test_patterns.TestSupportResistanceDetector" name="test_detect_levels_strength_in_range" time="0.010" /><testcase classname="tests.unit.test_patterns.TestSupportResistanceDetector" name="test_detect_levels_to_dict_on_results" time="0.009" /><testcase classname="tests.unit.test_patterns.TestSupportResistanceDetector" name="test_detect_levels_non_dataframe_input" time="0.007" /><testcase classname="tests.unit.test_payments.TestRateFeed" name="test_get_rates_returns_dict_with_expected_coins" time="0.011" /><testcase classname="tests.unit.test_payments.TestRateFeed" name="test_get_rates_uses_cache_within_ttl" time="0.011" /><testcase classname="tests.unit.test_payments.TestRateFeed" name="test_get_rates_falls_back_to_binance_on_coingecko_failure" time="0.013" /><testcase classname="tests.unit.test_payments.TestRateFeed" name="test_get_rates_uses_stale_cache_when_all_feeds_fail" time="0.015" /><testcase classname="tests.unit.test_payments.TestRateFeed" name="test_get_rates_uses_hardcoded_fallback_when_no_cache" time="0.013" /><testcase classname="tests.unit.test_payments.TestRateFeed" name="test_coin_per_usd_converts_correctly" time="0.012" /><testcase classname="tests.unit.test_payments.TestRateFeed" name="test_coin_per_usd_raises_for_unsupported_coin" time="0.011" /><testcase classname="tests.unit.test_payments.TestRateFeed" name="test_coin_per_usd_sync_uses_cached_rates" time="0.009" /><testcase classname="tests.unit.test_payments.TestRateFeed" name="test_coin_per_usd_sync_returns_none_for_unknown_coin" time="0.009" /><testcase classname="tests.unit.test_payments.TestPaymentsWebhook" name="test_verify_webhook_hmac_valid_signature" time="0.011" /><testcase classname="tests.unit.test_payments.TestPaymentsWebhook" name="test_verify_webhook_hmac_invalid_signature" time="0.007" /><testcase classname="tests.unit.test_payments.TestPaymentsWebhook" name="test_verify_webhook_hmac_no_secret_dev_mode" time="0.012" /><testcase classname="tests.unit.test_payments.TestPaymentsWebhook" name="test_verify_webhook_hmac_no_secret_production_blocks" time="0.010" /><testcase classname="tests.unit.test_payments.TestPaymentDBHelpers" name="test_save_payment_logs_warning_when_db_unavailable" time="0.012" /><testcase classname="tests.unit.test_payments.TestPaymentDBHelpers" name="test_load_payment_returns_none_when_db_unavailable" time="0.008" /><testcase classname="tests.unit.test_payments.TestPaymentDBHelpers" name="test_save_and_load_payment_roundtrip" time="0.011" /><testcase classname="tests.unit.test_payments.TestPaymentDBHelpers" name="test_update_payment_sets_fields" time="0.011" /><testcase classname="tests.unit.test_payments.TestPaymentDBHelpers" name="test_update_payment_rolls_back_on_error" time="0.012" /><testcase classname="tests.unit.test_payments.TestPaymentStatusAutoExpiry" name="test_expired_payment_status_updated" time="0.028" /><testcase classname="tests.unit.test_payments.TestPaymentRatesEndpoint" name="test_rates_endpoint_returns_live_rates" time="0.024" /><testcase classname="tests.unit.test_payments.TestPaymentRatesEndpoint" name="test_rates_endpoint_returns_503_on_feed_failure" time="0.026" /><testcase classname="tests.unit.test_performance_monitor.TestVersionWindow" name="test_record_increments_total_trades" time="0.008" /><testcase classname="tests.unit.test_performance_monitor.TestVersionWindow" name="test_mean_pnl_none_when_empty" time="0.008" /><testcase classname="tests.unit.test_performance_monitor.TestVersionWindow" name="test_mean_pnl_correct" time="0.007" /><testcase classname="tests.unit.test_performance_monitor.TestVersionWindow" name="test_trade_count_matches_window" time="0.007" /><testcase classname="tests.unit.test_performance_monitor.TestOnModelPromoted" name="test_sets_current_and_previous" time="0.008" /><testcase classname="tests.unit.test_performance_monitor.TestOnModelPromoted" name="test_creates_window_for_new_version" time="0.007" /><testcase classname="tests.unit.test_performance_monitor.TestOnModelPromoted" name="test_does_not_reset_existing_window" time="0.009" /><testcase classname="tests.unit.test_performance_monitor.TestRecordTrade" name="test_record_trade_creates_window_on_demand" time="0.007" /><testcase classname="tests.unit.test_performance_monitor.TestRecordTrade" name="test_record_trade_uses_current_version_when_none" time="0.007" /><testcase classname="tests.unit.test_performance_monitor.TestRecordTrade" name="test_record_trade_noop_when_no_version" time="0.008" /><testcase classname="tests.unit.test_performance_monitor.TestRecordTrade" name="test_record_trade_accumulates" time="0.007" /><testcase classname="tests.unit.test_performance_monitor.TestStats" name="test_get_stats_empty" time="0.007" /><testcase classname="tests.unit.test_performance_monitor.TestStats" name="test_get_stats_has_expected_keys" time="0.008" /><testcase classname="tests.unit.test_performance_monitor.TestStats" name="test_status_includes_metadata" time="0.008" /><testcase classname="tests.unit.test_performance_monitor.TestShouldRollback" name="test_no_rollback_when_current_good" time="0.007" /><testcase classname="tests.unit.test_performance_monitor.TestShouldRollback" name="test_rollback_when_current_far_below_positive_prev" time="0.007" /><testcase classname="tests.unit.test_performance_monitor.TestShouldRollback" name="test_no_rollback_when_within_threshold" time="0.008" /><testcase classname="tests.unit.test_performance_monitor.TestShouldRollback" name="test_rollback_when_prev_negative_and_cur_worse" time="0.008" /><testcase classname="tests.unit.test_performance_monitor.TestShouldRollback" name="test_no_rollback_when_prev_negative_and_cur_not_much_worse" time="0.007" /><testcase classname="tests.unit.test_performance_monitor.TestShouldRollback" name="test_rollback_absolute_loss_guard_no_prev" time="0.008" /><testcase classname="tests.unit.test_performance_monitor.TestShouldRollback" name="test_no_rollback_absolute_loss_guard_within_threshold" time="0.008" /><testcase classname="tests.unit.test_performance_monitor.TestShouldRollback" name="test_no_rollback_positive_cur_no_prev" time="0.007" /><testcase classname="tests.unit.test_performance_monitor.TestEvaluate" name="test_evaluate_skips_when_no_current" time="0.009" /><testcase classname="tests.unit.test_performance_monitor.TestEvaluate" name="test_evaluate_skips_when_no_previous" time="0.009" /><testcase classname="tests.unit.test_performance_monitor.TestEvaluate" name="test_evaluate_skips_when_insufficient_trades" time="0.010" /><testcase classname="tests.unit.test_performance_monitor.TestEvaluate" name="test_evaluate_triggers_rollback_when_degraded" time="0.012" /><testcase classname="tests.unit.test_performance_monitor.TestEvaluate" name="test_evaluate_skips_when_cur_mean_none" time="0.011" /><testcase classname="tests.unit.test_performance_monitor.TestRollback" name="test_rollback_increments_count" time="0.015" /><testcase classname="tests.unit.test_performance_monitor.TestRollback" name="test_rollback_handles_registry_exception" time="0.013" /><testcase classname="tests.unit.test_performance_monitor.TestRollback" name="test_rollback_skips_restage_when_not_retired" time="0.012" /><testcase classname="tests.unit.test_performance_monitor.TestFireRollbackAlert" name="test_handles_outbox_failure" time="0.008" /><testcase classname="tests.unit.test_performance_monitor.TestFireRollbackAlert" name="test_handles_alert_engine_failure" time="0.011" /><testcase classname="tests.unit.test_performance_monitor.TestFireRollbackAlert" name="test_calls_outbox_and_alert" time="0.012" /><testcase classname="tests.unit.test_performance_monitor.TestRunLoop" name="test_run_stops_on_cancel" time="0.012" /><testcase classname="tests.unit.test_performance_monitor.TestRunLoop" name="test_run_handles_evaluation_exception" time="0.013" /><testcase classname="tests.unit.test_performance_monitor.TestRunLoop" name="test_stop_sets_running_false" time="0.007" /><testcase classname="tests.unit.test_performance_monitor.TestSingleton" name="test_get_monitor_returns_same_instance" time="0.008" /><testcase classname="tests.unit.test_phase_20_26.TestDrawingType" name="test_all_drawing_types_defined" time="0.007" /><testcase classname="tests.unit.test_phase_20_26.TestDrawing" name="test_drawing_creation_defaults" time="0.007" /><testcase classname="tests.unit.test_phase_20_26.TestDrawing" name="test_drawing_custom_attrs" time="0.007" /><testcase classname="tests.unit.test_phase_20_26.TestDrawing" name="test_drawing_custom_id" time="0.007" /><testcase classname="tests.unit.test_phase_20_26.TestDrawing" name="test_drawing_auto_id" time="0.007" /><testcase classname="tests.unit.test_phase_20_26.TestDrawing" name="test_to_dict" time="0.008" /><testcase classname="tests.unit.test_phase_20_26.TestDrawing" name="test_from_dict_roundtrip" time="0.007" /><testcase classname="tests.unit.test_phase_20_26.TestDrawing" name="test_repr" time="0.007" /><testcase classname="tests.unit.test_phase_20_26.TestDrawingToolkitTrendline" name="test_draw_trendline_basic" time="0.007" /><testcase classname="tests.unit.test_phase_20_26.TestDrawingToolkitTrendline" name="test_draw_trendline_extended" time="0.008" /><testcase classname="tests.unit.test_phase_20_26.TestDrawingToolkitTrendline" name="test_trendline_slope_calculated" time="0.007" /><testcase classname="tests.unit.test_phase_20_26.TestDrawingToolkitTrendline" name="test_trendline_stored" time="0.007" /><testcase classname="tests.unit.test_phase_20_26.TestDrawingToolkitHorizontalLine" name="test_draw_horizontal_line" time="0.008" /><testcase classname="tests.unit.test_phase_20_26.TestDrawingToolkitHorizontalLine" name="test_horizontal_line_custom_label" time="0.007" /><testcase classname="tests.unit.test_phase_20_26.TestDrawingToolkitHorizontalLine" name="test_horizontal_line_default_label" time="0.008" /><testcase classname="tests.unit.test_phase_20_26.TestDrawingToolkitHorizontalLine" name="test_horizontal_line_style" time="0.008" /><testcase classname="tests.unit.test_phase_20_26.TestDrawingToolkitVerticalLine" name="test_draw_vertical_line" time="0.007" /><testcase classname="tests.unit.test_phase_20_26.TestDrawingToolkitVerticalLine" name="test_vertical_line_label" time="0.007" /><testcase classname="tests.unit.test_phase_20_26.TestDrawingToolkitRectangle" name="test_draw_rectangle" time="0.007" /><testcase classname="tests.unit.test_phase_20_26.TestDrawingToolkitRectangle" name="test_rectangle_fill_opacity_clamped" time="0.007" /><testcase classname="tests.unit.test_phase_20_26.TestDrawingToolkitHorizontalBand" name="test_draw_horizontal_band" time="0.007" /><testcase classname="tests.unit.test_phase_20_26.TestDrawingToolkitHorizontalBand" name="test_horizontal_band_auto_sort" time="0.007" /><testcase classname="tests.unit.test_phase_20_26.TestDrawingToolkitHorizontalBand" name="test_horizontal_band_label" time="0.007" /><testcase classname="tests.unit.test_phase_20_26.TestDrawingToolkitHorizontalBand" name="test_horizontal_band_default_label" time="0.007" /><testcase classname="tests.unit.test_phase_20_26.TestDrawingToolkitFibonacci" name="test_draw_fibonacci_defaults" time="0.007" /><testcase classname="tests.unit.test_phase_20_26.TestDrawingToolkitFibonacci" name="test_fibonacci_level_prices_calculated" time="0.007" /><testcase classname="tests.unit.test_phase_20_26.TestDrawingToolkitFibonacci" name="test_fibonacci_custom_levels" time="0.007" /><testcase classname="tests.unit.test_phase_20_26.TestDrawingToolkitFibonacciExtension" name="test_draw_fibonacci_extension" time="0.008" /><testcase classname="tests.unit.test_phase_20_26.TestDrawingToolkitFibonacciExtension" name="test_fibonacci_extension_prices" time="0.007" /><testcase classname="tests.unit.test_phase_20_26.TestDrawingToolkitPitchfork" name="test_draw_pitchfork" time="0.007" /><testcase classname="tests.unit.test_phase_20_26.TestDrawingToolkitPitchfork" name="test_pitchfork_midpoint" time="0.007" /><testcase classname="tests.unit.test_phase_20_26.TestDrawingToolkitChannel" name="test_draw_channel" time="0.008" /><testcase classname="tests.unit.test_phase_20_26.TestDrawingToolkitElliottWave" name="test_draw_elliott_wave" time="0.006" /><testcase classname="tests.unit.test_phase_20_26.TestDrawingToolkitElliottWave" name="test_elliott_wave_too_few_points" time="0.007" /><testcase classname="tests.unit.test_phase_20_26.TestDrawingToolkitElliottWave" name="test_elliott_wave_corrective" time="0.007" /><testcase classname="tests.unit.test_phase_20_26.TestDrawingToolkitText" name="test_draw_text" time="0.008" /><testcase classname="tests.unit.test_phase_20_26.TestDrawingToolkitText" name="test_draw_text_custom_font" time="0.007" /><testcase classname="tests.unit.test_phase_20_26.TestDrawingToolkitText" name="test_draw_text_background" time="0.007" /><testcase classname="tests.unit.test_phase_20_26.TestDrawingToolkitArrow" name="test_draw_arrow_up" time="0.007" /><testcase classname="tests.unit.test_phase_20_26.TestDrawingToolkitArrow" name="test_draw_arrow_down" time="0.008" /><testcase classname="tests.unit.test_phase_20_26.TestDrawingToolkitArrow" name="test_draw_arrow_invalid_direction" time="0.007" /><testcase classname="tests.unit.test_phase_20_26.TestDrawingToolkitArrow" name="test_draw_arrow_label" time="0.009" /><testcase classname="tests.unit.test_phase_20_26.TestDrawingToolkitManagement" name="test_get_drawings_all" time="0.009" /><testcase classname="tests.unit.test_phase_20_26.TestDrawingToolkitManagement" name="test_get_drawings_filtered" time="0.008" /><testcase classname="tests.unit.test_phase_20_26.TestDrawingToolkitManagement" name="test_get_drawing_by_id" time="0.009" /><testcase classname="tests.unit.test_phase_20_26.TestDrawingToolkitManagement" name="test_get_drawing_nonexistent" time="0.008" /><testcase classname="tests.unit.test_phase_20_26.TestDrawingToolkitManagement" name="test_remove_drawing" time="0.008" /><testcase classname="tests.unit.test_phase_20_26.TestDrawingToolkitManagement" name="test_remove_nonexistent_drawing" time="0.009" /><testcase classname="tests.unit.test_phase_20_26.TestDrawingToolkitManagement" name="test_clear_all_drawings" time="0.009" /><testcase classname="tests.unit.test_phase_20_26.TestDrawingToolkitManagement" name="test_clear_drawings_by_type" time="0.008" /><testcase classname="tests.unit.test_phase_20_26.TestDrawingToolkitManagement" name="test_show_hide_drawing" time="0.010" /><testcase classname="tests.unit.test_phase_20_26.TestDrawingToolkitManagement" name="test_hide_nonexistent" time="0.007" /><testcase classname="tests.unit.test_phase_20_26.TestDrawingToolkitManagement" name="test_show_nonexistent" time="0.008" /><testcase classname="tests.unit.test_phase_20_26.TestDrawingToolkitManagement" name="test_update_drawing_color" time="0.008" /><testcase classname="tests.unit.test_phase_20_26.TestDrawingToolkitManagement" name="test_update_drawing_custom_property" time="0.007" /><testcase classname="tests.unit.test_phase_20_26.TestDrawingToolkitManagement" name="test_update_nonexistent_drawing" time="0.008" /><testcase classname="tests.unit.test_phase_20_26.TestDrawingToolkitManagement" name="test_export_import_drawings" time="0.007" /><testcase classname="tests.unit.test_phase_20_26.TestDrawingToolkitManagement" name="test_import_invalid_data_skipped" time="0.009" /><testcase classname="tests.unit.test_phase_20_26.TestDrawingToolkitManagement" name="test_get_drawings_count" time="0.008" /><testcase classname="tests.unit.test_phase_20_26.TestDrawingToolkitManagement" name="test_empty_toolkit_count" time="0.008" /><testcase classname="tests.unit.test_phase_20_26.TestBrandTheme" name="test_default_values" time="0.008" /><testcase classname="tests.unit.test_phase_20_26.TestBrandTheme" name="test_to_dict" time="0.007" /><testcase classname="tests.unit.test_phase_20_26.TestBrandTheme" name="test_from_dict_roundtrip" time="0.007" /><testcase classname="tests.unit.test_phase_20_26.TestBrandTheme" name="test_to_css_variables_contains_primary" time="0.007" /><testcase classname="tests.unit.test_phase_20_26.TestBrandTheme" name="test_to_css_variables_includes_custom_css" time="0.008" /><testcase classname="tests.unit.test_phase_20_26.TestTenant" name="test_tenant_creation" time="0.008" /><testcase classname="tests.unit.test_phase_20_26.TestTenant" name="test_tenant_is_active_active_status" time="0.008" /><testcase classname="tests.unit.test_phase_20_26.TestTenant" name="test_tenant_is_active_suspended" time="0.008" /><testcase classname="tests.unit.test_phase_20_26.TestTenant" name="test_tenant_is_active_trial" time="0.008" /><testcase classname="tests.unit.test_phase_20_26.TestTenant" name="test_tenant_is_active_expired" time="0.008" /><testcase classname="tests.unit.test_phase_20_26.TestTenant" name="test_tenant_is_active_not_yet_expired" time="0.007" /><testcase classname="tests.unit.test_phase_20_26.TestTenant" name="test_tenant_has_feature" time="0.008" /><testcase classname="tests.unit.test_phase_20_26.TestTenant" name="test_tenant_can_add_user_below_limit" time="0.008" /><testcase classname="tests.unit.test_phase_20_26.TestTenant" name="test_tenant_can_add_user_at_limit" time="0.008" /><testcase classname="tests.unit.test_phase_20_26.TestReseller" name="test_reseller_creation" time="0.008" /><testcase classname="tests.unit.test_phase_20_26.TestReseller" name="test_reseller_gold_tier" time="0.007" /><testcase classname="tests.unit.test_phase_20_26.TestWhiteLabelManagerTenants" name="test_create_tenant" time="0.008" /><testcase classname="tests.unit.test_phase_20_26.TestWhiteLabelManagerTenants" name="test_create_tenant_trial_has_expiry" time="0.010" /><testcase classname="tests.unit.test_phase_20_26.TestWhiteLabelManagerTenants" name="test_create_tenant_no_trial" time="0.011" /><testcase classname="tests.unit.test_phase_20_26.TestWhiteLabelManagerTenants" name="test_get_tenant" time="0.011" /><testcase classname="tests.unit.test_phase_20_26.TestWhiteLabelManagerTenants" name="test_get_tenant_nonexistent" time="0.010" /><testcase classname="tests.unit.test_phase_20_26.TestWhiteLabelManagerTenants" name="test_activate_tenant" time="0.012" /><testcase classname="tests.unit.test_phase_20_26.TestWhiteLabelManagerTenants" name="test_activate_nonexistent_tenant" time="0.013" /><testcase classname="tests.unit.test_phase_20_26.TestWhiteLabelManagerTenants" name="test_suspend_tenant" time="0.011" /><testcase classname="tests.unit.test_phase_20_26.TestWhiteLabelManagerTenants" name="test_suspend_nonexistent_tenant" time="0.009" /><testcase classname="tests.unit.test_phase_20_26.TestWhiteLabelManagerTenants" name="test_delete_tenant" time="0.009" /><testcase classname="tests.unit.test_phase_20_26.TestWhiteLabelManagerTenants" name="test_delete_nonexistent_tenant" time="0.009" /><testcase classname="tests.unit.test_phase_20_26.TestWhiteLabelManagerTenants" name="test_delete_tenant_removes_domain" time="0.010" /><testcase classname="tests.unit.test_phase_20_26.TestWhiteLabelManagerTenants" name="test_list_tenants_all" time="0.010" /><testcase classname="tests.unit.test_phase_20_26.TestWhiteLabelManagerTenants" name="test_list_tenants_filtered_by_status" time="0.011" /><testcase classname="tests.unit.test_phase_20_26.TestWhiteLabelManagerTheme" name="test_update_theme" time="0.012" /><testcase classname="tests.unit.test_phase_20_26.TestWhiteLabelManagerTheme" name="test_update_theme_nonexistent" time="0.010" /><testcase classname="tests.unit.test_phase_20_26.TestWhiteLabelManagerTheme" name="test_get_theme" time="0.012" /><testcase classname="tests.unit.test_phase_20_26.TestWhiteLabelManagerTheme" name="test_get_theme_nonexistent" time="0.011" /><testcase classname="tests.unit.test_phase_20_26.TestWhiteLabelManagerFeatures" name="test_enable_feature" time="0.009" /><testcase classname="tests.unit.test_phase_20_26.TestWhiteLabelManagerFeatures" name="test_enable_feature_idempotent" time="0.009" /><testcase classname="tests.unit.test_phase_20_26.TestWhiteLabelManagerFeatures" name="test_disable_feature" time="0.009" /><testcase classname="tests.unit.test_phase_20_26.TestWhiteLabelManagerFeatures" name="test_disable_nonexistent_feature_is_noop" time="0.009" /><testcase classname="tests.unit.test_phase_20_26.TestWhiteLabelManagerFeatures" name="test_enable_feature_nonexistent_tenant" time="0.009" /><testcase classname="tests.unit.test_phase_20_26.TestWhiteLabelManagerFeatures" name="test_disable_feature_nonexistent_tenant" time="0.009" /><testcase classname="tests.unit.test_phase_20_26.TestWhiteLabelManagerFeatures" name="test_get_tenant_features" time="0.009" /><testcase classname="tests.unit.test_phase_20_26.TestWhiteLabelManagerFeatures" name="test_get_features_nonexistent" time="0.008" /><testcase classname="tests.unit.test_phase_20_26.TestWhiteLabelManagerDomain" name="test_set_custom_domain" time="0.010" /><testcase classname="tests.unit.test_phase_20_26.TestWhiteLabelManagerDomain" name="test_resolve_domain" time="0.010" /><testcase classname="tests.unit.test_phase_20_26.TestWhiteLabelManagerDomain" name="test_resolve_unknown_domain" time="0.009" /><testcase classname="tests.unit.test_phase_20_26.TestWhiteLabelManagerDomain" name="test_domain_conflict" time="0.010" /><testcase classname="tests.unit.test_phase_20_26.TestWhiteLabelManagerDomain" name="test_reassign_own_domain" time="0.008" /><testcase classname="tests.unit.test_phase_20_26.TestWhiteLabelManagerDomain" name="test_set_domain_updates_old_mapping" time="0.009" /><testcase classname="tests.unit.test_phase_20_26.TestWhiteLabelManagerResellers" name="test_create_reseller" time="0.012" /><testcase classname="tests.unit.test_phase_20_26.TestWhiteLabelManagerResellers" name="test_create_reseller_gold_tier" time="0.011" /><testcase classname="tests.unit.test_phase_20_26.TestWhiteLabelManagerResellers" name="test_get_reseller" time="0.008" /><testcase classname="tests.unit.test_phase_20_26.TestWhiteLabelManagerResellers" name="test_get_reseller_nonexistent" time="0.010" /><testcase classname="tests.unit.test_phase_20_26.TestWhiteLabelManagerResellers" name="test_calculate_commission" time="0.011" /><testcase classname="tests.unit.test_phase_20_26.TestWhiteLabelManagerResellers" name="test_calculate_commission_platinum" time="0.008" /><testcase classname="tests.unit.test_phase_20_26.TestWhiteLabelManagerResellers" name="test_calculate_commission_updates_revenue" time="0.008" /><testcase classname="tests.unit.test_phase_20_26.TestWhiteLabelManagerResellers" name="test_calculate_commission_inactive_reseller" time="0.010" /><testcase classname="tests.unit.test_phase_20_26.TestWhiteLabelManagerResellers" name="test_calculate_commission_nonexistent" time="0.008" /><testcase classname="tests.unit.test_phase_20_26.TestWhiteLabelManagerResellers" name="test_upgrade_reseller_tier" time="0.010" /><testcase classname="tests.unit.test_phase_20_26.TestWhiteLabelManagerResellers" name="test_upgrade_reseller_tier_platinum" time="0.008" /><testcase classname="tests.unit.test_phase_20_26.TestWhiteLabelManagerResellers" name="test_upgrade_reseller_tier_no_change" time="0.007" /><testcase classname="tests.unit.test_phase_20_26.TestWhiteLabelManagerResellers" name="test_upgrade_nonexistent_reseller" time="0.007" /><testcase classname="tests.unit.test_phase_20_26.TestWhiteLabelManagerResellers" name="test_tenant_linked_to_reseller" time="0.010" /><testcase classname="tests.unit.test_phase_20_26.TestWhiteLabelManagerExportImport" name="test_export_tenant_config" time="0.010" /><testcase classname="tests.unit.test_phase_20_26.TestWhiteLabelManagerExportImport" name="test_export_nonexistent_tenant" time="0.008" /><testcase classname="tests.unit.test_phase_20_26.TestWhiteLabelManagerExportImport" name="test_import_tenant_config" time="0.009" /><testcase classname="tests.unit.test_phase_20_26.TestWhiteLabelManagerExportImport" name="test_import_with_custom_domain" time="0.009" /><testcase classname="tests.unit.test_phase_20_26.TestWhiteLabelManagerSummary" name="test_get_platform_summary" time="0.010" /><testcase classname="tests.unit.test_phase_20_26.TestWhiteLabelConstants" name="test_tier_commission_rates" time="0.008" /><testcase classname="tests.unit.test_phase_20_26.TestWhiteLabelConstants" name="test_tier_tenant_thresholds" time="0.007" /><testcase classname="tests.unit.test_phase_20_26.TestWhiteLabelConstants" name="test_all_feature_flags_accessible" time="0.009" /><testcase classname="tests.unit.test_phase_20_26.TestWhiteLabelConstants" name="test_module_singleton_accessible" time="0.007" /><testcase classname="tests.unit.test_phases_17_26.TestDashboardService" name="test_dashboard_initialization" time="0.008" /><testcase classname="tests.unit.test_phases_17_26.TestDashboardService" name="test_default_layout_exists" time="0.009" /><testcase classname="tests.unit.test_phases_17_26.TestDashboardService" name="test_get_portfolio_summary" time="0.008" /><testcase classname="tests.unit.test_phases_17_26.TestDashboardService" name="test_create_custom_layout" time="0.009" /><testcase classname="tests.unit.test_phases_17_26.TestChartReplayEngine" name="test_replay_initialization" time="0.008" /><testcase classname="tests.unit.test_phases_17_26.TestChartReplayEngine" name="test_create_session" time="0.031" /><testcase classname="tests.unit.test_phases_17_26.TestChartReplayEngine" name="test_set_speed" time="0.033" /><testcase classname="tests.unit.test_phases_17_26.TestChartReplayEngine" name="test_get_session_summary" time="0.032" /><testcase classname="tests.unit.test_phases_17_26.TestNoCodeStrategyBuilder" name="test_builder_initialization" time="0.013" /><testcase classname="tests.unit.test_phases_17_26.TestNoCodeStrategyBuilder" name="test_create_strategy" time="0.012" /><testcase classname="tests.unit.test_phases_17_26.TestNoCodeStrategyBuilder" name="test_add_rule" time="0.013" /><testcase classname="tests.unit.test_phases_17_26.TestNoCodeStrategyBuilder" name="test_get_available_indicators" time="0.014" /><testcase classname="tests.unit.test_phases_17_26.TestNoCodeStrategyBuilder" name="test_get_templates" time="0.012" /><testcase classname="tests.unit.test_phases_17_26.TestAIExplainer" name="test_explainer_initialization" time="0.008" /><testcase classname="tests.unit.test_phases_17_26.TestAIExplainer" name="test_explain_prediction" time="0.009" /><testcase classname="tests.unit.test_phases_17_26.TestAIExplainer" name="test_generate_counterfactual" time="0.009" /><testcase classname="tests.unit.test_phases_17_26.TestResearchNotebookEngine" name="test_engine_initialization" time="0.012" /><testcase classname="tests.unit.test_phases_17_26.TestResearchNotebookEngine" name="test_create_notebook" time="0.011" /><testcase classname="tests.unit.test_phases_17_26.TestResearchNotebookEngine" name="test_add_cell" time="0.010" /><testcase classname="tests.unit.test_phases_17_26.TestResearchNotebookEngine" name="test_create_from_template" time="0.012" /><testcase classname="tests.unit.test_phases_17_26.TestExecutionTransparencyEngine" name="test_engine_initialization" time="0.008" /><testcase classname="tests.unit.test_phases_17_26.TestExecutionTransparencyEngine" name="test_record_execution" time="0.010" /><testcase classname="tests.unit.test_phases_17_26.TestExecutionTransparencyEngine" name="test_generate_report" time="0.013" /><testcase classname="tests.unit.test_phases_17_26.TestExecutionTransparencyEngine" name="test_get_slippage_distribution" time="0.009" /><testcase classname="tests.unit.test_phases_17_26.TestTeamManager" name="test_manager_initialization" time="0.008" /><testcase classname="tests.unit.test_phases_17_26.TestTeamManager" name="test_create_team" time="0.009" /><testcase classname="tests.unit.test_phases_17_26.TestTeamManager" name="test_invite_member" time="0.010" /><testcase classname="tests.unit.test_phases_17_26.TestTeamManager" name="test_has_permission" time="0.010" /><testcase classname="tests.unit.test_phases_17_26.TestTeamManager" name="test_get_team_summary" time="0.009" /><testcase classname="tests.unit.test_phases_17_26_extended.TestChartReplayExtended" name="test_play_starts_replay" time="0.030" /><testcase classname="tests.unit.test_phases_17_26_extended.TestChartReplayExtended" name="test_play_finished_session_returns_false" time="0.029" /><testcase classname="tests.unit.test_phases_17_26_extended.TestChartReplayExtended" name="test_play_invalid_session_returns_false" time="0.008" /><testcase classname="tests.unit.test_phases_17_26_extended.TestChartReplayExtended" name="test_pause_running_session" time="0.030" /><testcase classname="tests.unit.test_phases_17_26_extended.TestChartReplayExtended" name="test_pause_invalid_session_returns_false" time="0.008" /><testcase classname="tests.unit.test_phases_17_26_extended.TestChartReplayExtended" name="test_stop_session" time="0.027" /><testcase classname="tests.unit.test_phases_17_26_extended.TestChartReplayExtended" name="test_stop_invalid_session" time="0.009" /><testcase classname="tests.unit.test_phases_17_26_extended.TestChartReplayExtended" name="test_set_speed" time="0.027" /><testcase classname="tests.unit.test_phases_17_26_extended.TestChartReplayExtended" name="test_set_speed_invalid_session" time="0.009" /><testcase classname="tests.unit.test_phases_17_26_extended.TestChartReplayExtended" name="test_seek_valid_date" time="0.032" /><testcase classname="tests.unit.test_phases_17_26_extended.TestChartReplayExtended" name="test_seek_out_of_range_returns_false" time="0.030" /><testcase classname="tests.unit.test_phases_17_26_extended.TestChartReplayExtended" name="test_seek_before_start_returns_false" time="0.027" /><testcase classname="tests.unit.test_phases_17_26_extended.TestChartReplayExtended" name="test_seek_invalid_session" time="0.008" /><testcase classname="tests.unit.test_phases_17_26_extended.TestChartReplayExtended" name="test_place_market_buy_order" time="0.028" /><testcase classname="tests.unit.test_phases_17_26_extended.TestChartReplayExtended" name="test_place_limit_order_with_price" time="0.026" /><testcase classname="tests.unit.test_phases_17_26_extended.TestChartReplayExtended" name="test_place_order_invalid_session" time="0.007" /><testcase classname="tests.unit.test_phases_17_26_extended.TestChartReplayExtended" name="test_place_multiple_orders_tracks_trades" time="0.028" /><testcase classname="tests.unit.test_phases_17_26_extended.TestChartReplayExtended" name="test_place_opposing_order_closes_position" time="0.028" /><testcase classname="tests.unit.test_phases_17_26_extended.TestChartReplayExtended" name="test_register_callback" time="0.008" /><testcase classname="tests.unit.test_phases_17_26_extended.TestChartReplayExtended" name="test_callback_error_does_not_propagate" time="0.031" /><testcase classname="tests.unit.test_phases_17_26_extended.TestChartReplayExtended" name="test_get_session_summary" time="0.027" /><testcase classname="tests.unit.test_phases_17_26_extended.TestChartReplayExtended" name="test_get_session_summary_invalid_returns_empty" time="0.008" /><testcase classname="tests.unit.test_phases_17_26_extended.TestChartReplayExtended" name="test_play_uses_active_session" time="0.028" /><testcase classname="tests.unit.test_phases_17_26_extended.TestChartReplayExtended" name="test_no_active_session_returns_none" time="0.008" /><testcase classname="tests.unit.test_phases_17_26_extended.TestNoCodeBuilderExtended" name="test_add_rule_buy_then_sell" time="0.013" /><testcase classname="tests.unit.test_phases_17_26_extended.TestNoCodeBuilderExtended" name="test_add_rule_invalid_strategy" time="0.012" /><testcase classname="tests.unit.test_phases_17_26_extended.TestNoCodeBuilderExtended" name="test_parse_plain_english_buy" time="0.016" /><testcase classname="tests.unit.test_phases_17_26_extended.TestNoCodeBuilderExtended" name="test_parse_plain_english_sell" time="0.013" /><testcase classname="tests.unit.test_phases_17_26_extended.TestNoCodeBuilderExtended" name="test_parse_plain_english_empty" time="0.012" /><testcase classname="tests.unit.test_phases_17_26_extended.TestNoCodeBuilderExtended" name="test_export_to_python" time="0.012" /><testcase classname="tests.unit.test_phases_17_26_extended.TestNoCodeBuilderExtended" name="test_export_invalid_strategy" time="0.011" /><testcase classname="tests.unit.test_phases_17_26_extended.TestNoCodeBuilderExtended" name="test_get_available_indicators" time="0.012" /><testcase classname="tests.unit.test_phases_17_26_extended.TestNoCodeBuilderExtended" name="test_get_templates" time="0.011" /><testcase classname="tests.unit.test_phases_17_26_extended.TestNoCodeBuilderExtended" name="test_create_from_template" time="0.012" /><testcase classname="tests.unit.test_phases_17_26_extended.TestNoCodeBuilderExtended" name="test_create_from_template_invalid_id" time="0.013" /><testcase classname="tests.unit.test_phases_17_26_extended.TestNoCodeBuilderExtended" name="test_strategy_to_dict" time="0.012" /><testcase classname="tests.unit.test_phases_17_26_extended.TestNoCodeBuilderExtended" name="test_strategy_to_json" time="0.013" /><testcase classname="tests.unit.test_phases_17_26_extended.TestNoCodeBuilderExtended" name="test_parse_operator_mappings" time="0.011" /><testcase classname="tests.unit.test_phases_17_26_extended.TestNoCodeBuilderExtended" name="test_parse_operator_unknown_defaults" time="0.012" /><testcase classname="tests.unit.test_phases_17_26_extended.TestAIExplainabilityExtended" name="test_explain_prediction_returns_explanation" time="0.013" /><testcase classname="tests.unit.test_phases_17_26_extended.TestAIExplainabilityExtended" name="test_explain_prediction_stores_history" time="0.013" /><testcase classname="tests.unit.test_phases_17_26_extended.TestAIExplainabilityExtended" name="test_get_model_performance_no_data" time="0.009" /><testcase classname="tests.unit.test_phases_17_26_extended.TestAIExplainabilityExtended" name="test_get_model_performance_after_prediction" time="0.012" /><testcase classname="tests.unit.test_phases_17_26_extended.TestAIExplainabilityExtended" name="test_compare_explanations_empty_ids" time="0.015" /><testcase classname="tests.unit.test_phases_17_26_extended.TestAIExplainabilityExtended" name="test_compare_two_explanations" time="0.015" /><testcase classname="tests.unit.test_phases_17_26_extended.TestAIExplainabilityExtended" name="test_generate_counterfactual" time="0.009" /><testcase classname="tests.unit.test_phases_17_26_extended.TestAIExplainabilityExtended" name="test_get_feature_importance_chart_data" time="0.013" /><testcase classname="tests.unit.test_phases_17_26_extended.TestAIExplainabilityExtended" name="test_get_explanation_history_empty" time="0.008" /><testcase classname="tests.unit.test_phases_17_26_extended.TestAIExplainabilityExtended" name="test_get_explanation_history_limit" time="0.015" /><testcase classname="tests.unit.test_phases_17_26_extended.TestResearchNotebooksExtended" name="test_add_code_cell" time="0.012" /><testcase classname="tests.unit.test_phases_17_26_extended.TestResearchNotebooksExtended" name="test_add_markdown_cell" time="0.012" /><testcase classname="tests.unit.test_phases_17_26_extended.TestResearchNotebooksExtended" name="test_add_cell_invalid_notebook" time="0.012" /><testcase classname="tests.unit.test_phases_17_26_extended.TestResearchNotebooksExtended" name="test_execute_code_cell" time="0.012" /><testcase classname="tests.unit.test_phases_17_26_extended.TestResearchNotebooksExtended" name="test_execute_markdown_cell_returns_none" time="0.014" /><testcase classname="tests.unit.test_phases_17_26_extended.TestResearchNotebooksExtended" name="test_execute_invalid_notebook" time="0.012" /><testcase classname="tests.unit.test_phases_17_26_extended.TestResearchNotebooksExtended" name="test_execute_invalid_cell" time="0.012" /><testcase classname="tests.unit.test_phases_17_26_extended.TestResearchNotebooksExtended" name="test_execute_all" time="0.012" /><testcase classname="tests.unit.test_phases_17_26_extended.TestResearchNotebooksExtended" name="test_execute_all_invalid_notebook" time="0.010" /><testcase classname="tests.unit.test_phases_17_26_extended.TestResearchNotebooksExtended" name="test_export_notebook_json" time="0.011" /><testcase classname="tests.unit.test_phases_17_26_extended.TestResearchNotebooksExtended" name="test_export_notebook_python" time="0.011" /><testcase classname="tests.unit.test_phases_17_26_extended.TestResearchNotebooksExtended" name="test_export_invalid_notebook" time="0.011" /><testcase classname="tests.unit.test_phases_17_26_extended.TestResearchNotebooksExtended" name="test_create_from_template" time="0.011" /><testcase classname="tests.unit.test_phases_17_26_extended.TestResearchNotebooksExtended" name="test_create_from_template_invalid" time="0.012" /><testcase classname="tests.unit.test_phases_17_26_extended.TestResearchNotebooksExtended" name="test_search_notebooks" time="0.012" /><testcase classname="tests.unit.test_phases_17_26_extended.TestResearchNotebooksExtended" name="test_search_notebooks_by_tag" time="0.012" /><testcase classname="tests.unit.test_phases_17_26_extended.TestResearchNotebooksExtended" name="test_calculate_sharpe_ratio" time="0.007" /><testcase classname="tests.unit.test_phases_17_26_extended.TestResearchNotebooksExtended" name="test_calculate_max_drawdown" time="0.007" /><testcase classname="tests.unit.test_phases_17_26_extended.TestResearchNotebooksExtended" name="test_create_features" time="0.014" /><testcase classname="tests.unit.test_phases_17_26_extended.TestExecutionTransparencyExtended" name="test_record_execution_creates_record" time="0.009" /><testcase classname="tests.unit.test_phases_17_26_extended.TestExecutionTransparencyExtended" name="test_record_execution_sell" time="0.009" /><testcase classname="tests.unit.test_phases_17_26_extended.TestExecutionTransparencyExtended" name="test_generate_report_empty" time="0.009" /><testcase classname="tests.unit.test_phases_17_26_extended.TestExecutionTransparencyExtended" name="test_generate_report_with_data" time="0.017" /><testcase classname="tests.unit.test_phases_17_26_extended.TestExecutionTransparencyExtended" name="test_generate_report_date_range" time="0.014" /><testcase classname="tests.unit.test_phases_17_26_extended.TestExecutionTransparencyExtended" name="test_generate_report_by_symbol" time="0.016" /><testcase classname="tests.unit.test_phases_17_26_extended.TestExecutionTransparencyExtended" name="test_slippage_distribution_empty" time="0.008" /><testcase classname="tests.unit.test_phases_17_26_extended.TestExecutionTransparencyExtended" name="test_slippage_distribution_with_data" time="0.014" /><testcase classname="tests.unit.test_phases_17_26_extended.TestExecutionTransparencyExtended" name="test_slippage_distribution_by_symbol" time="0.012" /><testcase classname="tests.unit.test_phases_17_26_extended.TestExecutionTransparencyExtended" name="test_latency_trend_empty" time="0.010" /><testcase classname="tests.unit.test_phases_17_26_extended.TestExecutionTransparencyExtended" name="test_latency_trend_with_data" time="0.014" /><testcase classname="tests.unit.test_phases_17_26_extended.TestExecutionTransparencyExtended" name="test_latency_trend_with_limit" time="0.014" /><testcase classname="tests.unit.test_phases_17_26_extended.TestExecutionTransparencyExtended" name="test_audit_trail_empty" time="0.008" /><testcase classname="tests.unit.test_phases_17_26_extended.TestExecutionTransparencyExtended" name="test_audit_trail_with_data" time="0.013" /><testcase classname="tests.unit.test_phases_17_26_extended.TestExecutionTransparencyExtended" name="test_audit_trail_by_symbol" time="0.015" /><testcase classname="tests.unit.test_phases_17_26_extended.TestExecutionTransparencyExtended" name="test_audit_trail_limit" time="0.015" /><testcase classname="tests.unit.test_phases_17_26_extended.TestTeamsExtended" name="test_invite_member_success" time="0.011" /><testcase classname="tests.unit.test_phases_17_26_extended.TestTeamsExtended" name="test_invite_member_invalid_team" time="0.010" /><testcase classname="tests.unit.test_phases_17_26_extended.TestTeamsExtended" name="test_invite_member_no_permission" time="0.013" /><testcase classname="tests.unit.test_phases_17_26_extended.TestTeamsExtended" name="test_invite_member_team_at_capacity" time="0.013" /><testcase classname="tests.unit.test_phases_17_26_extended.TestTeamsExtended" name="test_accept_invitation_success" time="0.012" /><testcase classname="tests.unit.test_phases_17_26_extended.TestTeamsExtended" name="test_accept_invitation_invalid_token" time="0.008" /><testcase classname="tests.unit.test_phases_17_26_extended.TestTeamsExtended" name="test_accept_invitation_expired" time="0.012" /><testcase classname="tests.unit.test_phases_17_26_extended.TestTeamsExtended" name="test_accept_already_accepted_invitation" time="0.011" /><testcase classname="tests.unit.test_phases_17_26_extended.TestTeamsExtended" name="test_remove_member_success" time="0.010" /><testcase classname="tests.unit.test_phases_17_26_extended.TestTeamsExtended" name="test_remove_owner_fails" time="0.009" /><testcase classname="tests.unit.test_phases_17_26_extended.TestTeamsExtended" name="test_remove_nonexistent_member" time="0.009" /><testcase classname="tests.unit.test_phases_17_26_extended.TestTeamsExtended" name="test_remove_invalid_team" time="0.009" /><testcase classname="tests.unit.test_phases_17_26_extended.TestTeamsExtended" name="test_change_role_success" time="0.011" /><testcase classname="tests.unit.test_phases_17_26_extended.TestTeamsExtended" name="test_change_role_invalid_team" time="0.008" /><testcase classname="tests.unit.test_phases_17_26_extended.TestTeamsExtended" name="test_owner_has_all_permissions" time="0.008" /><testcase classname="tests.unit.test_phases_17_26_extended.TestTeamsExtended" name="test_nonexistent_user_has_no_permissions" time="0.009" /><testcase classname="tests.unit.test_phases_17_26_extended.TestTeamsExtended" name="test_viewer_cannot_execute_trades" time="0.010" /><testcase classname="tests.unit.test_phases_17_26_extended.TestTeamsExtended" name="test_get_user_permissions" time="0.009" /><testcase classname="tests.unit.test_phases_17_26_extended.TestTeamsExtended" name="test_get_user_permissions_nonexistent" time="0.008" /><testcase classname="tests.unit.test_phases_17_26_extended.TestTeamsExtended" name="test_share_strategy" time="0.009" /><testcase classname="tests.unit.test_phases_17_26_extended.TestTeamsExtended" name="test_share_portfolio" time="0.011" /><testcase classname="tests.unit.test_phases_17_26_extended.TestTeamsExtended" name="test_generate_api_key" time="0.192" /><testcase classname="tests.unit.test_phases_17_26_extended.TestTeamsExtended" name="test_verify_valid_api_key" time="0.372" /><testcase classname="tests.unit.test_phases_17_26_extended.TestTeamsExtended" name="test_verify_invalid_api_key" time="0.368" /><testcase classname="tests.unit.test_phases_17_26_extended.TestTeamsExtended" name="test_activity_log_populated_on_operations" time="0.011" /><testcase classname="tests.unit.test_phases_17_26_extended.TestTeamsExtended" name="test_activity_log_invalid_team" time="0.008" /><testcase classname="tests.unit.test_phases_17_26_extended.TestTeamsExtended" name="test_get_team_summary" time="0.010" /><testcase classname="tests.unit.test_phases_17_26_extended.TestTeamsExtended" name="test_get_team_summary_invalid" time="0.009" /><testcase classname="tests.unit.test_pnl_reconciler.TestEvaluate" name="test_passes_within_abs_and_rel_tolerance" time="0.010" /><testcase classname="tests.unit.test_pnl_reconciler.TestEvaluate" name="test_blocks_on_abs_tolerance_breach" time="0.009" /><testcase classname="tests.unit.test_pnl_reconciler.TestEvaluate" name="test_blocks_on_rel_tolerance_breach" time="0.008" /><testcase classname="tests.unit.test_pnl_reconciler.TestEvaluate" name="test_blocks_on_insufficient_trades" time="0.009" /><testcase classname="tests.unit.test_pnl_reconciler.TestEvaluate" name="test_passes_when_broker_pnl_is_zero" time="0.009" /><testcase classname="tests.unit.test_pnl_reconciler.TestEvaluate" name="test_blocks_when_only_ledger_has_enough_trades" time="0.009" /><testcase classname="tests.unit.test_pnl_reconciler.TestEvaluate" name="test_result_fields_populated" time="0.009" /><testcase classname="tests.unit.test_pnl_reconciler.TestSnapshotIO" name="test_save_and_load_roundtrip" time="0.009" /><testcase classname="tests.unit.test_pnl_reconciler.TestSnapshotIO" name="test_load_returns_none_when_file_absent" time="0.010" /><testcase classname="tests.unit.test_pnl_reconciler.TestSnapshotIO" name="test_load_returns_none_when_stale" time="0.010" /><testcase classname="tests.unit.test_pnl_reconciler.TestSnapshotIO" name="test_load_returns_snapshot_when_fresh" time="0.010" /><testcase classname="tests.unit.test_pnl_reconciler.TestSnapshotIO" name="test_load_returns_none_on_corrupt_json" time="0.010" /><testcase classname="tests.unit.test_pnl_reconciler.TestSnapshotIO" name="test_save_is_atomic" time="0.008" /><testcase classname="tests.unit.test_pnl_reconciler.TestSnapshotIO" name="test_save_handles_write_error" time="0.010" /><testcase classname="tests.unit.test_pnl_reconciler.TestCheckGate" name="test_returns_passed_from_fresh_snapshot" time="0.010" /><testcase classname="tests.unit.test_pnl_reconciler.TestCheckGate" name="test_returns_blocked_from_failed_snapshot" time="0.009" /><testcase classname="tests.unit.test_pnl_reconciler.TestCheckGate" name="test_returns_blocked_when_no_snapshot" time="0.010" /><testcase classname="tests.unit.test_pnl_reconciler.TestCheckGate" name="test_returns_blocked_when_snapshot_stale" time="0.011" /><testcase classname="tests.unit.test_pnl_reconciler.TestReconcile" name="test_reconcile_with_no_broker_writes_snapshot" time="0.012" /><testcase classname="tests.unit.test_pnl_reconciler.TestReconcile" name="test_reconcile_uses_broker_get_closed_trades" time="0.015" /><testcase classname="tests.unit.test_pnl_reconciler.TestReconcile" name="test_reconcile_blocks_on_divergence" time="0.015" /><testcase classname="tests.unit.test_pnl_reconciler.TestReconcile" name="test_reconcile_falls_back_to_account_info" time="0.015" /><testcase classname="tests.unit.test_pnl_reconciler.TestReconcile" name="test_reconcile_publishes_metrics" time="0.012" /><testcase classname="tests.unit.test_pnl_reconciler.TestReconcile" name="test_reconcile_handles_broker_exception" time="0.016" /><testcase classname="tests.unit.test_pnl_reconciler.TestCollectLedgerPnl" name="test_returns_zero_when_position_manager_absent" time="0.010" /><testcase classname="tests.unit.test_pnl_reconciler.TestCollectLedgerPnl" name="test_returns_zero_when_get_position_manager_raises" time="0.011" /><testcase classname="tests.unit.test_pnl_reconciler.TestCollectLedgerPnl" name="test_returns_zero_when_position_manager_is_none" time="0.011" /><testcase classname="tests.unit.test_pnl_reconciler.TestCollectLedgerPnl" name="test_sums_history_correctly" time="0.011" /><testcase classname="tests.unit.test_pnl_reconciler.TestCollectBrokerPnl" name="test_returns_zero_when_broker_is_none" time="0.010" /><testcase classname="tests.unit.test_pnl_reconciler.TestCollectBrokerPnl" name="test_uses_get_closed_trades" time="0.011" /><testcase classname="tests.unit.test_pnl_reconciler.TestCollectBrokerPnl" name="test_falls_back_to_account_info_realized_pnl" time="0.013" /><testcase classname="tests.unit.test_pnl_reconciler.TestCollectBrokerPnl" name="test_returns_zero_when_get_closed_trades_raises" time="0.014" /><testcase classname="tests.unit.test_pnl_reconciler.TestCollectBrokerPnl" name="test_returns_zero_when_broker_has_no_known_method" time="0.011" /><testcase classname="tests.unit.test_pnl_reconciler.TestSnapshotStatus" name="test_returns_unavailable_when_no_snapshot" time="0.009" /><testcase classname="tests.unit.test_pnl_reconciler.TestSnapshotStatus" name="test_returns_available_with_fresh_snapshot" time="0.010" /><testcase classname="tests.unit.test_pnl_reconciler.TestSnapshotStatus" name="test_includes_snapshot_path_when_unavailable" time="0.010" /><testcase classname="tests.unit.test_pnl_reconciler.TestReconciliationResult" name="test_to_dict_contains_all_fields" time="0.009" /><testcase classname="tests.unit.test_pnl_reconciler.TestSingleton" name="test_returns_same_instance" time="0.007" /><testcase classname="tests.unit.test_pnl_reconciler.TestSingleton" name="test_creates_on_first_call" time="0.007" /><testcase classname="tests.unit.test_pnl_reconciler.TestModelRegistryPnLGate" name="test_promote_blocked_when_pnl_gate_fails" time="0.013" /><testcase classname="tests.unit.test_pnl_reconciler.TestModelRegistryPnLGate" name="test_promote_succeeds_when_pnl_gate_passes" time="0.016" /><testcase classname="tests.unit.test_pnl_reconciler.TestModelRegistryPnLGate" name="test_promote_pnl_gate_checked_after_stat_gate" time="0.012" /><testcase classname="tests.unit.test_pnl_reconciler.TestModelRegistryPnLGate" name="test_pnl_reconciliation_check_uses_get_reconciler" time="0.011" /><testcase classname="tests.unit.test_pnl_reconciler.TestModelRegistryPnLGate" name="test_pnl_reconciliation_check_handles_import_error" time="0.012" /><testcase classname="tests.unit.test_position_manager_comprehensive.TestPositionDataclass" name="test_to_dict_keys" time="0.007" /><testcase classname="tests.unit.test_position_manager_comprehensive.TestPositionDataclass" name="test_to_dict_values" time="0.009" /><testcase classname="tests.unit.test_position_manager_comprehensive.TestPositionDataclass" name="test_from_dict_roundtrip" time="0.007" /><testcase classname="tests.unit.test_position_manager_comprehensive.TestPositionDataclass" name="test_from_dict_no_opened_at" time="0.007" /><testcase classname="tests.unit.test_position_manager_comprehensive.TestPositionDataclass" name="test_from_dict_string_opened_at" time="0.007" /><testcase classname="tests.unit.test_position_manager_comprehensive.TestPositionDataclass" name="test_metadata_default_empty" time="0.008" /><testcase classname="tests.unit.test_position_manager_comprehensive.TestPositionDataclass" name="test_last_price_default_none" time="0.007" /><testcase classname="tests.unit.test_position_manager_comprehensive.TestPositionDataclass" name="test_stop_loss_stored" time="0.008" /><testcase classname="tests.unit.test_position_manager_comprehensive.TestPositionDataclass" name="test_take_profit_stored" time="0.007" /><testcase classname="tests.unit.test_position_manager_comprehensive.TestPositionCloseResult" name="test_fields" time="0.007" /><testcase classname="tests.unit.test_position_manager_comprehensive.TestPositionManagerOpen" name="test_open_buy_position" time="0.011" /><testcase classname="tests.unit.test_position_manager_comprehensive.TestPositionManagerOpen" name="test_open_sell_position" time="0.010" /><testcase classname="tests.unit.test_position_manager_comprehensive.TestPositionManagerOpen" name="test_open_stores_position" time="0.011" /><testcase classname="tests.unit.test_position_manager_comprehensive.TestPositionManagerOpen" name="test_open_with_sl_tp" time="0.010" /><testcase classname="tests.unit.test_position_manager_comprehensive.TestPositionManagerOpen" name="test_open_with_custom_position_id" time="0.011" /><testcase classname="tests.unit.test_position_manager_comprehensive.TestPositionManagerOpen" name="test_open_with_metadata" time="0.011" /><testcase classname="tests.unit.test_position_manager_comprehensive.TestPositionManagerOpen" name="test_open_duplicate_raises" time="0.012" /><testcase classname="tests.unit.test_position_manager_comprehensive.TestPositionManagerOpen" name="test_open_invalid_side_raises" time="0.009" /><testcase classname="tests.unit.test_position_manager_comprehensive.TestPositionManagerOpen" name="test_open_zero_quantity_raises" time="0.010" /><testcase classname="tests.unit.test_position_manager_comprehensive.TestPositionManagerOpen" name="test_open_negative_quantity_raises" time="0.010" /><testcase classname="tests.unit.test_position_manager_comprehensive.TestPositionManagerOpen" name="test_open_zero_price_raises" time="0.011" /><testcase classname="tests.unit.test_position_manager_comprehensive.TestPositionManagerOpen" name="test_open_negative_price_raises" time="0.010" /><testcase classname="tests.unit.test_position_manager_comprehensive.TestPositionManagerOpen" name="test_open_multiple_symbols" time="0.011" /><testcase classname="tests.unit.test_position_manager_comprehensive.TestPositionManagerClose" name="test_close_buy_profit" time="0.012" /><testcase classname="tests.unit.test_position_manager_comprehensive.TestPositionManagerClose" name="test_close_buy_loss" time="0.013" /><testcase classname="tests.unit.test_position_manager_comprehensive.TestPositionManagerClose" name="test_close_sell_profit" time="0.012" /><testcase classname="tests.unit.test_position_manager_comprehensive.TestPositionManagerClose" name="test_close_sell_loss" time="0.012" /><testcase classname="tests.unit.test_position_manager_comprehensive.TestPositionManagerClose" name="test_close_removes_position" time="0.012" /><testcase classname="tests.unit.test_position_manager_comprehensive.TestPositionManagerClose" name="test_close_adds_to_history" time="0.013" /><testcase classname="tests.unit.test_position_manager_comprehensive.TestPositionManagerClose" name="test_close_nonexistent_raises" time="0.010" /><testcase classname="tests.unit.test_position_manager_comprehensive.TestPositionManagerClose" name="test_close_zero_price_raises" time="0.010" /><testcase classname="tests.unit.test_position_manager_comprehensive.TestPositionManagerClose" name="test_close_result_has_duration" time="0.012" /><testcase classname="tests.unit.test_position_manager_comprehensive.TestPositionManagerClose" name="test_close_result_fill_price" time="0.012" /><testcase classname="tests.unit.test_position_manager_comprehensive.TestPositionManagerUpdate" name="test_update_last_price" time="0.011" /><testcase classname="tests.unit.test_position_manager_comprehensive.TestPositionManagerUpdate" name="test_update_stop_loss" time="0.010" /><testcase classname="tests.unit.test_position_manager_comprehensive.TestPositionManagerUpdate" name="test_update_take_profit" time="0.010" /><testcase classname="tests.unit.test_position_manager_comprehensive.TestPositionManagerUpdate" name="test_update_nonexistent_raises" time="0.011" /><testcase classname="tests.unit.test_position_manager_comprehensive.TestPositionManagerUpdate" name="test_update_none_values_unchanged" time="0.011" /><testcase classname="tests.unit.test_position_manager_comprehensive.TestPositionManagerQueries" name="test_get_position_returns_none_when_empty" time="0.009" /><testcase classname="tests.unit.test_position_manager_comprehensive.TestPositionManagerQueries" name="test_get_all_positions_empty" time="0.009" /><testcase classname="tests.unit.test_position_manager_comprehensive.TestPositionManagerQueries" name="test_get_all_positions_returns_all" time="0.011" /><testcase classname="tests.unit.test_position_manager_comprehensive.TestPositionManagerQueries" name="test_get_total_exposure_zero_when_empty" time="0.009" /><testcase classname="tests.unit.test_position_manager_comprehensive.TestPositionManagerQueries" name="test_get_total_exposure_with_positions" time="0.011" /><testcase classname="tests.unit.test_position_manager_comprehensive.TestPositionManagerQueries" name="test_get_unrealized_pnl_empty" time="0.011" /><testcase classname="tests.unit.test_position_manager_comprehensive.TestPositionManagerQueries" name="test_get_unrealized_pnl_with_last_price" time="0.010" /><testcase classname="tests.unit.test_position_manager_comprehensive.TestPositionManagerQueries" name="test_get_unrealized_pnl_sell_position" time="0.009" /><testcase classname="tests.unit.test_position_manager_comprehensive.TestPositionManagerQueries" name="test_get_history_empty" time="0.008" /><testcase classname="tests.unit.test_position_manager_comprehensive.TestPositionManagerQueries" name="test_get_history_limit" time="0.021" /><testcase classname="tests.unit.test_position_manager_comprehensive.TestCustomExceptions" name="test_already_open_error_message" time="0.006" /><testcase classname="tests.unit.test_position_manager_comprehensive.TestCustomExceptions" name="test_not_found_error_message" time="0.006" /><testcase classname="tests.unit.test_position_manager_comprehensive.TestCustomExceptions" name="test_already_open_is_exception" time="0.008" /><testcase classname="tests.unit.test_position_manager_comprehensive.TestCustomExceptions" name="test_not_found_is_exception" time="0.007" /><testcase classname="tests.unit.test_position_manager_comprehensive.TestPositionManagerConcurrency" name="test_concurrent_opens_different_symbols" time="0.017" /><testcase classname="tests.unit.test_position_manager_comprehensive.TestPositionManagerConcurrency" name="test_concurrent_open_same_symbol_one_wins" time="0.012" /><testcase classname="tests.unit.test_prom_metrics.TestPromMetricsModule" name="test_module_imports_without_error" time="0.008" /><testcase classname="tests.unit.test_prom_metrics.TestPromMetricsModule" name="test_observe_does_not_raise" time="0.007" /><testcase classname="tests.unit.test_prom_metrics.TestPromMetricsModule" name="test_observe_with_zero_does_not_raise" time="0.007" /><testcase classname="tests.unit.test_prop_firms.TestPropFirmEnums" name="test_prop_firm_type_values" time="0.007" /><testcase classname="tests.unit.test_prop_firms.TestPropFirmEnums" name="test_trading_phase_values" time="0.008" /><testcase classname="tests.unit.test_prop_firms.TestPropFirmEnums" name="test_account_status_values" time="0.007" /><testcase classname="tests.unit.test_prop_firms.TestPropFirmMetrics" name="test_init" time="0.007" /><testcase classname="tests.unit.test_prop_firms.TestPropFirmMetrics" name="test_default_leverage" time="0.008" /><testcase classname="tests.unit.test_prop_firms.TestPropFirmMetrics" name="test_last_update_is_datetime" time="0.007" /><testcase classname="tests.unit.test_prop_firms.TestPropFirmTrade" name="test_init_defaults" time="0.007" /><testcase classname="tests.unit.test_prop_firms.TestPropFirmTrade" name="test_custom_values" time="0.007" /><testcase classname="tests.unit.test_prop_firms.TestRiskLimits" name="test_init" time="0.007" /><testcase classname="tests.unit.test_prop_firms.TestBasePropFirmBrokerAbstract" name="test_cannot_instantiate_directly" time="0.008" /><testcase classname="tests.unit.test_prop_firms.TestBasePropFirmBrokerAbstract" name="test_concrete_without_methods_raises" time="0.007" /><testcase classname="tests.unit.test_prop_firms.TestBasePropFirmBrokerAbstract" name="test_check_risk_violations_daily_loss_exceeded" time="0.008" /><testcase classname="tests.unit.test_prop_firms.TestBasePropFirmBrokerAbstract" name="test_check_risk_violations_ok" time="0.010" /><testcase classname="tests.unit.test_prop_firms.TestFTMOBrokerSignature" name="test_generate_signature_returns_dict" time="0.006" /><testcase classname="tests.unit.test_prop_firms.TestFTMOBrokerSignature" name="test_generate_signature_required_keys" time="0.006" /><testcase classname="tests.unit.test_prop_firms.TestFTMOBrokerSignature" name="test_generate_signature_authorization_format" time="0.007" /><testcase classname="tests.unit.test_prop_firms.TestFTMOBrokerSignature" name="test_generate_signature_nonce_increments" time="0.007" /><testcase classname="tests.unit.test_prop_firms.TestFTMOBrokerSignature" name="test_generate_signature_with_data" time="0.008" /><testcase classname="tests.unit.test_prop_firms.TestFTMOBrokerSignature" name="test_signature_is_valid_hmac_sha256" time="0.007" /><testcase classname="tests.unit.test_prop_firms.TestFTMOBrokerSignature" name="test_different_methods_produce_different_signatures" time="0.007" /><testcase classname="tests.unit.test_prop_firms.TestPropFirmFactory" name="test_create_ftmo_broker" time="0.007" /><testcase classname="tests.unit.test_prop_firms.TestPropFirmFactory" name="test_create_the5ers_broker" time="0.006" /><testcase classname="tests.unit.test_prop_firms.TestPropFirmFactory" name="test_create_myforexfunds_broker" time="0.008" /><testcase classname="tests.unit.test_prop_firms.TestPropFirmFactory" name="test_create_topstep_broker" time="0.007" /><testcase classname="tests.unit.test_prop_firms.TestPropFirmFactory" name="test_unknown_type_raises" time="0.007" /><testcase classname="tests.unit.test_prop_firms.TestPropFirmFactory" name="test_all_firm_types_covered" time="0.007" /><testcase classname="tests.unit.test_property_based.TestComputeAtrProperties" name="test_atr_fallback_is_nonnegative" time="0.448" /><testcase classname="tests.unit.test_property_based.TestComputeAtrProperties" name="test_atr_with_sufficient_bars_is_nonnegative" time="0.416" /><testcase classname="tests.unit.test_property_based.TestComputeAtrProperties" name="test_atr_scales_with_spread" time="0.211" /><testcase classname="tests.unit.test_property_based.TestResolveSLTPProperties" name="test_buy_sl_below_entry" time="0.307" /><testcase classname="tests.unit.test_property_based.TestResolveSLTPProperties" name="test_buy_tp_above_entry" time="0.311" /><testcase classname="tests.unit.test_property_based.TestResolveSLTPProperties" name="test_sell_sl_above_entry" time="0.317" /><testcase classname="tests.unit.test_property_based.TestResolveSLTPProperties" name="test_sell_tp_below_entry" time="0.321" /><testcase classname="tests.unit.test_property_based.TestResolveSLTPProperties" name="test_rr_ratio_at_least_one" time="0.215" /><testcase classname="tests.unit.test_property_based.TestResolveSLTPProperties" name="test_atr_path_preserves_direction" time="0.428" /><testcase classname="tests.unit.test_property_based.TestEstimateAnnualisedVolatilityProperties" name="test_returns_baseline_for_empty_data" time="0.108" /><testcase classname="tests.unit.test_property_based.TestEstimateAnnualisedVolatilityProperties" name="test_vol_is_nonnegative" time="1.265" /><testcase classname="tests.unit.test_property_based.TestEstimateAnnualisedVolatilityProperties" name="test_constant_prices_give_zero_vol" time="0.135" /><testcase classname="tests.unit.test_property_based.TestComputeDrawdownSeriesProperties" name="test_max_dd_in_unit_interval" time="0.788" /><testcase classname="tests.unit.test_property_based.TestComputeDrawdownSeriesProperties" name="test_monotonically_rising_equity_gives_zero_drawdown" time="0.121" /><testcase classname="tests.unit.test_property_based.TestComputeDrawdownSeriesProperties" name="test_single_drop_gives_correct_drawdown" time="0.417" /><testcase classname="tests.unit.test_property_based.TestCalculateSortinoProperties" name="test_sortino_is_finite" time="0.769" /><testcase classname="tests.unit.test_property_based.TestCalculateSortinoProperties" name="test_all_positive_returns_gives_zero_sortino" time="0.122" /><testcase classname="tests.unit.test_property_based.TestCalculateCalmarProperties" name="test_zero_drawdown_gives_zero_calmar" time="0.486" /><testcase classname="tests.unit.test_property_based.TestCalculateCalmarProperties" name="test_calmar_is_finite" time="0.525" /><testcase classname="tests.unit.test_property_based.TestBuildTradeStatisticsProperties" name="test_win_rate_in_unit_interval" time="0.841" /><testcase classname="tests.unit.test_property_based.TestBuildTradeStatisticsProperties" name="test_profit_factor_is_nonnegative_or_inf" time="0.812" /><testcase classname="tests.unit.test_property_based.TestBuildTradeStatisticsProperties" name="test_total_trades_matches_input" time="0.788" /><testcase classname="tests.unit.test_property_based.TestBuildTradeStatisticsProperties" name="test_winning_plus_losing_equals_total" time="0.506" /><testcase classname="tests.unit.test_property_based.TestRiskManagerProperties" name="test_risk_amount_never_exceeds_max_pct" time="1.122" /><testcase classname="tests.unit.test_property_based.TestRiskManagerProperties" name="test_approved_size_is_nonnegative" time="0.226" /><testcase classname="tests.unit.test_push_notifications.TestLogOnlyMode" name="test_fcm_disabled_without_key" time="0.011" /><testcase classname="tests.unit.test_push_notifications.TestLogOnlyMode" name="test_send_returns_true_in_log_mode" time="0.015" /><testcase classname="tests.unit.test_push_notifications.TestLogOnlyMode" name="test_log_mode_prints_to_stdout" time="0.016" /><testcase classname="tests.unit.test_push_notifications.TestLogOnlyMode" name="test_send_new_signal_log_mode" time="0.020" /><testcase classname="tests.unit.test_push_notifications.TestLogOnlyMode" name="test_send_drawdown_warning_log_mode" time="0.018" /><testcase classname="tests.unit.test_push_notifications.TestLogOnlyMode" name="test_send_trade_filled_log_mode" time="0.020" /><testcase classname="tests.unit.test_push_notifications.TestLogOnlyMode" name="test_send_challenge_warning_log_mode" time="0.020" /><testcase classname="tests.unit.test_push_notifications.TestDeviceTokens" name="test_register_device_stores_token" time="0.019" /><testcase classname="tests.unit.test_push_notifications.TestDeviceTokens" name="test_register_duplicate_token_is_idempotent" time="0.017" /><testcase classname="tests.unit.test_push_notifications.TestDeviceTokens" name="test_unregister_device_removes_token" time="0.020" /><testcase classname="tests.unit.test_push_notifications.TestDeviceTokens" name="test_get_tokens_returns_empty_for_unknown_user" time="0.017" /><testcase classname="tests.unit.test_push_notifications.TestDeviceTokens" name="test_multiple_tokens_per_user" time="0.016" /><testcase classname="tests.unit.test_push_notifications.TestFCMHttpCall" name="test_send_makes_http_request_when_key_set" time="0.016" /><testcase classname="tests.unit.test_push_notifications.TestFCMHttpCall" name="test_fcm_failure_response_returns_false" time="0.017" /><testcase classname="tests.unit.test_push_notifications.TestFCMHttpCall" name="test_fcm_network_error_returns_false" time="0.019" /><testcase classname="tests.unit.test_push_notifications.TestFCMHttpCall" name="test_no_tokens_returns_true_without_http_call" time="0.023" /><testcase classname="tests.unit.test_push_notifications.TestSignalConfidenceThreshold" name="test_high_confidence_triggers_push" time="0.010" /><testcase classname="tests.unit.test_push_notifications.TestSignalConfidenceThreshold" name="test_low_confidence_skips_push" time="0.014" /><testcase classname="tests.unit.test_real_data_backtest.TestGenerateMlSignals" name="test_signal_column_always_present" time="0.027" /><testcase classname="tests.unit.test_real_data_backtest.TestGenerateMlSignals" name="test_signal_values_in_valid_set" time="0.023" /><testcase classname="tests.unit.test_real_data_backtest.TestGenerateMlSignals" name="test_fallback_when_model_missing" time="0.023" /><testcase classname="tests.unit.test_real_data_backtest.TestGenerateMlSignals" name="test_ml_proba_nan_when_model_missing" time="0.023" /><testcase classname="tests.unit.test_real_data_backtest.TestGenerateMlSignals" name="test_ml_signals_use_model_proba" time="0.021" /><testcase classname="tests.unit.test_real_data_backtest.TestGenerateMlSignals" name="test_ml_signals_abstain_when_proba_near_half" time="0.022" /><testcase classname="tests.unit.test_real_data_backtest.TestGenerateMlSignals" name="test_fallback_on_feature_builder_error" time="0.027" /><testcase classname="tests.unit.test_real_data_backtest.TestGenerateMlSignals" name="test_horizon_5_target_not_close_to_close" time="0.008" /><testcase classname="tests.unit.test_real_data_backtest.TestGenerateMlSignals" name="test_atr_column_present" time="0.023" /><testcase classname="tests.unit.test_real_data_backtest.TestRunBacktest" name="test_uses_ml_signals_by_default" time="0.920" /><testcase classname="tests.unit.test_real_data_backtest.TestRunBacktest" name="test_uses_heuristic_when_flag_false" time="0.029" /><testcase classname="tests.unit.test_real_data_backtest.TestRunBacktest" name="test_returns_equity_df_and_pnls" time="0.027" /><testcase classname="tests.unit.test_real_data_backtest.TestRunBacktest" name="test_equity_column_present" time="0.029" /><testcase classname="tests.unit.test_real_data_backtest.TestRunBacktest" name="test_equity_starts_at_initial_capital" time="0.026" /><testcase classname="tests.unit.test_real_data_backtest.TestRunBacktest" name="test_trade_pnls_are_floats" time="0.030" /><testcase classname="tests.unit.test_real_data_backtest.TestWalkForwardBacktest" name="test_threads_use_ml_signals_true" time="0.045" /><testcase classname="tests.unit.test_real_data_backtest.TestWalkForwardBacktest" name="test_threads_use_ml_signals_false" time="0.044" /><testcase classname="tests.unit.test_real_data_backtest.TestWalkForwardBacktest" name="test_returns_required_keys" time="0.040" /><testcase classname="tests.unit.test_real_data_backtest.TestWalkForwardBacktest" name="test_signal_source_recorded" time="0.043" /><testcase classname="tests.unit.test_real_data_backtest.TestWalkForwardBacktest" name="test_train_test_split_ratio" time="0.053" /><testcase classname="tests.unit.test_real_data_backtest.TestTradeLevelSharpe" name="test_returns_zero_for_empty_pnls" time="0.008" /><testcase classname="tests.unit.test_real_data_backtest.TestTradeLevelSharpe" name="test_returns_zero_for_single_trade" time="0.008" /><testcase classname="tests.unit.test_real_data_backtest.TestTradeLevelSharpe" name="test_positive_sharpe_for_consistent_wins" time="0.008" /><testcase classname="tests.unit.test_real_data_backtest.TestTradeLevelSharpe" name="test_negative_sharpe_for_consistent_losses" time="0.007" /><testcase classname="tests.unit.test_real_data_backtest.TestTradeLevelSharpe" name="test_se_decreases_with_more_trades" time="0.008" /><testcase classname="tests.unit.test_real_data_backtest.TestTradeLevelSharpe" name="test_se_formula" time="0.008" /><testcase classname="tests.unit.test_real_data_backtest.TestAnnualisedSharpe" name="test_flat_equity_returns_zero" time="0.009" /><testcase classname="tests.unit.test_real_data_backtest.TestAnnualisedSharpe" name="test_growing_equity_positive_sharpe" time="0.009" /><testcase classname="tests.unit.test_real_data_backtest.TestMaxDrawdown" name="test_no_drawdown_returns_zero" time="0.009" /><testcase classname="tests.unit.test_real_data_backtest.TestMaxDrawdown" name="test_known_drawdown" time="0.009" /><testcase classname="tests.unit.test_real_data_backtest.TestMaxDrawdown" name="test_drawdown_is_negative" time="0.008" /><testcase classname="tests.unit.test_redis_tick_writer.TestBuildTickPayload" name="test_required_fields" time="0.008" /><testcase classname="tests.unit.test_redis_tick_writer.TestBuildTickPayload" name="test_ts_is_recent" time="0.008" /><testcase classname="tests.unit.test_redis_tick_writer.TestBuildTickPayload" name="test_bid_ask_optional" time="0.008" /><testcase classname="tests.unit.test_redis_tick_writer.TestBuildTickPayload" name="test_bid_ask_included_when_provided" time="0.007" /><testcase classname="tests.unit.test_redis_tick_writer.TestBuildTickPayload" name="test_timestamp_is_iso_string" time="0.008" /><testcase classname="tests.unit.test_redis_tick_writer.TestRedisTickWriterInit" name="test_default_ttl" time="0.008" /><testcase classname="tests.unit.test_redis_tick_writer.TestRedisTickWriterInit" name="test_custom_ttl" time="0.009" /><testcase classname="tests.unit.test_redis_tick_writer.TestRedisTickWriterInit" name="test_initial_counts" time="0.008" /><testcase classname="tests.unit.test_redis_tick_writer.TestRedisTickWriterInit" name="test_status_disconnected" time="0.009" /><testcase classname="tests.unit.test_redis_tick_writer.TestRedisTickWriterConnect" name="test_connect_returns_false_when_redis_unavailable" time="0.013" /><testcase classname="tests.unit.test_redis_tick_writer.TestRedisTickWriterConnect" name="test_status_after_manual_inject" time="0.009" /><testcase classname="tests.unit.test_redis_tick_writer.TestRedisTickWriterWrite" name="test_write_returns_true" time="0.017" /><testcase classname="tests.unit.test_redis_tick_writer.TestRedisTickWriterWrite" name="test_write_increments_count" time="0.013" /><testcase classname="tests.unit.test_redis_tick_writer.TestRedisTickWriterWrite" name="test_tick_key_set" time="0.014" /><testcase classname="tests.unit.test_redis_tick_writer.TestRedisTickWriterWrite" name="test_dl_tick_key_set" time="0.013" /><testcase classname="tests.unit.test_redis_tick_writer.TestRedisTickWriterWrite" name="test_price_key_set" time="0.014" /><testcase classname="tests.unit.test_redis_tick_writer.TestRedisTickWriterWrite" name="test_legacy_queue_populated" time="0.016" /><testcase classname="tests.unit.test_redis_tick_writer.TestRedisTickWriterWrite" name="test_legacy_queue_trimmed" time="0.021" /><testcase classname="tests.unit.test_redis_tick_writer.TestRedisTickWriterWrite" name="test_multiple_symbols_independent_keys" time="0.014" /><testcase classname="tests.unit.test_redis_tick_writer.TestRedisTickWriterWrite" name="test_write_with_bid_ask" time="0.015" /><testcase classname="tests.unit.test_redis_tick_writer.TestRedisTickWriterWrite" name="test_write_returns_false_when_disconnected" time="0.009" /><testcase classname="tests.unit.test_redis_tick_writer.TestRedisTickWriterWrite" name="test_error_count_increments_on_redis_failure" time="0.010" /><testcase classname="tests.unit.test_redis_tick_writer.TestRedisTickWriterReadLatest" name="test_read_latest_after_write" time="0.014" /><testcase classname="tests.unit.test_redis_tick_writer.TestRedisTickWriterReadLatest" name="test_read_latest_returns_none_on_miss" time="0.012" /><testcase classname="tests.unit.test_redis_tick_writer.TestRedisTickWriterReadLatest" name="test_read_latest_returns_none_when_disconnected" time="0.009" /><testcase classname="tests.unit.test_redis_tick_writer.TestRedisTickWriterReadLatest" name="test_read_latest_most_recent_price" time="0.014" /><testcase classname="tests.unit.test_redis_tick_writer.TestRedisTickWriterGetTickAge" name="test_tick_age_is_small_after_write" time="0.013" /><testcase classname="tests.unit.test_redis_tick_writer.TestRedisTickWriterGetTickAge" name="test_tick_age_none_on_miss" time="0.014" /><testcase classname="tests.unit.test_redis_tick_writer.TestRedisTickWriterGetTickAge" name="test_tick_age_none_when_disconnected" time="0.008" /><testcase classname="tests.unit.test_redis_tick_writer.TestRedisTickWriterClose" name="test_close_clears_redis_ref" time="0.009" /><testcase classname="tests.unit.test_redis_tick_writer.TestRedisTickWriterClose" name="test_close_idempotent" time="0.010" /><testcase classname="tests.unit.test_redis_tick_writer.TestRedisTickWriterStatus" name="test_status_after_writes" time="0.014" /><testcase classname="tests.unit.test_redis_tick_writer.TestGetTickWriterSingleton" name="test_get_tick_writer_returns_instance" time="0.011" /><testcase classname="tests.unit.test_redis_tick_writer.TestGetTickWriterSingleton" name="test_get_tick_writer_is_singleton" time="0.011" /><testcase classname="tests.unit.test_redis_tls.TestEnforceTLS" name="test_already_tls_passthrough" time="0.010" /><testcase classname="tests.unit.test_redis_tls.TestEnforceTLS" name="test_unix_socket_passthrough" time="0.011" /><testcase classname="tests.unit.test_redis_tls.TestEnforceTLS" name="test_plaintext_dev_logs_warning" time="0.014" /><testcase classname="tests.unit.test_redis_tls.TestEnforceTLS" name="test_redis_force_tls_upgrades_url" time="0.012" /><testcase classname="tests.unit.test_redis_tls.TestEnforceTLS" name="test_is_force_tls_upgrades_url" time="0.012" /><testcase classname="tests.unit.test_redis_tls.TestEnforceTLS" name="test_is_force_tls_takes_precedence" time="0.012" /><testcase classname="tests.unit.test_redis_tls.TestEnforceTLS" name="test_production_plaintext_raises" time="0.011" /><testcase classname="tests.unit.test_redis_tls.TestEnforceTLS" name="test_production_force_tls_upgrades_not_raises" time="0.012" /><testcase classname="tests.unit.test_redis_tls.TestEnforceTLS" name="test_upgrade_preserves_credentials_and_path" time="0.012" /><testcase classname="tests.unit.test_redis_tls.TestResetRedisClient" name="test_reset_clears_singleton" time="0.008" /><testcase classname="tests.unit.test_redis_tls.TestResetRedisClient" name="test_reset_idempotent" time="0.007" /><testcase classname="tests.unit.test_redis_tls.TestGetRedisNoConfig" name="test_returns_none_when_unconfigured" time="0.016" /><testcase classname="tests.unit.test_redis_tls.TestGetRedisNoConfig" name="test_no_config_warning_logged_once" time="0.015" /><testcase classname="tests.unit.test_replay_router.TestCreateSession" name="test_returns_session_id" time="0.067" /><testcase classname="tests.unit.test_replay_router.TestCreateSession" name="test_invalid_date_format_returns_400" time="0.042" /><testcase classname="tests.unit.test_replay_router.TestCreateSession" name="test_custom_initial_balance" time="0.064" /><testcase classname="tests.unit.test_replay_router.TestListSessions" name="test_empty_initially" time="0.040" /><testcase classname="tests.unit.test_replay_router.TestListSessions" name="test_shows_created_session" time="0.077" /><testcase classname="tests.unit.test_replay_router.TestListSessions" name="test_multiple_sessions_listed" time="0.080" /><testcase classname="tests.unit.test_replay_router.TestGetSession" name="test_returns_session_data" time="0.070" /><testcase classname="tests.unit.test_replay_router.TestGetSession" name="test_missing_session_returns_404" time="0.044" /><testcase classname="tests.unit.test_replay_router.TestGetSession" name="test_initial_bar_index_is_zero" time="0.074" /><testcase classname="tests.unit.test_replay_router.TestStepBar" name="test_step_advances_one_bar" time="0.072" /><testcase classname="tests.unit.test_replay_router.TestStepBar" name="test_step_returns_bar_data" time="0.068" /><testcase classname="tests.unit.test_replay_router.TestStepBar" name="test_step_missing_session_returns_404" time="0.039" /><testcase classname="tests.unit.test_replay_router.TestRunBars" name="test_run_advances_n_bars" time="0.076" /><testcase classname="tests.unit.test_replay_router.TestRunBars" name="test_run_default_10_bars" time="0.070" /><testcase classname="tests.unit.test_replay_router.TestRunBars" name="test_run_missing_session_returns_404" time="0.042" /><testcase classname="tests.unit.test_replay_router.TestDeleteSession" name="test_delete_removes_session" time="0.078" /><testcase classname="tests.unit.test_replay_router.TestDeleteSession" name="test_delete_missing_session_returns_404" time="0.041" /><testcase classname="tests.unit.test_replay_router.TestDeleteSession" name="test_delete_reduces_list" time="0.078" /><testcase classname="tests.unit.test_replay_router.TestPauseResume" name="test_pause_session" time="0.069" /><testcase classname="tests.unit.test_replay_router.TestPauseResume" name="test_resume_session" time="0.082" /><testcase classname="tests.unit.test_replay_router.TestPauseResume" name="test_pause_missing_session_returns_404" time="0.044" /><testcase classname="tests.unit.test_replay_router.TestPauseResume" name="test_resume_missing_session_returns_404" time="0.039" /><testcase classname="tests.unit.test_replay_router.TestSetSpeed" name="test_set_valid_speed" time="0.074" /><testcase classname="tests.unit.test_replay_router.TestSetSpeed" name="test_set_speed_100x" time="0.071" /><testcase classname="tests.unit.test_replay_router.TestSetSpeed" name="test_invalid_speed_returns_400" time="0.069" /><testcase classname="tests.unit.test_replay_router.TestSetSpeed" name="test_speed_missing_session_returns_404" time="0.043" /><testcase classname="tests.unit.test_replay_router.TestPlaceOrder" name="test_place_buy_order" time="0.069" /><testcase classname="tests.unit.test_replay_router.TestPlaceOrder" name="test_place_sell_order" time="0.079" /><testcase classname="tests.unit.test_replay_router.TestPlaceOrder" name="test_order_missing_session_returns_400" time="0.050" /><testcase classname="tests.unit.test_research_router.TestListNotebooks" name="test_returns_list" time="0.070" /><testcase classname="tests.unit.test_research_router.TestListNotebooks" name="test_created_notebook_appears" time="0.056" /><testcase classname="tests.unit.test_research_router.TestListNotebooks" name="test_multiple_notebooks_in_list" time="0.070" /><testcase classname="tests.unit.test_research_router.TestCreateNotebook" name="test_returns_notebook_id" time="0.051" /><testcase classname="tests.unit.test_research_router.TestCreateNotebook" name="test_default_status_is_draft" time="0.050" /><testcase classname="tests.unit.test_research_router.TestCreateNotebook" name="test_with_tags" time="0.049" /><testcase classname="tests.unit.test_research_router.TestGetNotebook" name="test_returns_notebook_data" time="0.061" /><testcase classname="tests.unit.test_research_router.TestGetNotebook" name="test_missing_notebook_returns_404" time="0.054" /><testcase classname="tests.unit.test_research_router.TestGetNotebook" name="test_initial_status_is_draft" time="0.061" /><testcase classname="tests.unit.test_research_router.TestRunNotebook" name="test_run_returns_results" time="0.060" /><testcase classname="tests.unit.test_research_router.TestRunNotebook" name="test_run_missing_notebook_returns_404" time="0.051" /><testcase classname="tests.unit.test_research_router.TestDeleteNotebook" name="test_delete_returns_204" time="0.063" /><testcase classname="tests.unit.test_research_router.TestDeleteNotebook" name="test_deleted_notebook_not_in_list" time="0.064" /><testcase classname="tests.unit.test_research_router.TestDeleteNotebook" name="test_delete_missing_notebook_returns_404" time="0.052" /><testcase classname="tests.unit.test_research_router.TestListTemplates" name="test_returns_templates_list" time="0.056" /><testcase classname="tests.unit.test_research_router.TestListTemplates" name="test_built_in_templates_exist" time="0.054" /><testcase classname="tests.unit.test_research_router.TestCreateFromTemplate" name="test_create_from_valid_template" time="0.058" /><testcase classname="tests.unit.test_research_router.TestCreateFromTemplate" name="test_create_from_missing_template_returns_404" time="0.052" /><testcase classname="tests.unit.test_retry_policy.TestRetryPolicyAsync" name="test_success_on_first_attempt" time="0.011" /><testcase classname="tests.unit.test_retry_policy.TestRetryPolicyAsync" name="test_retries_on_failure_then_succeeds" time="0.012" /><testcase classname="tests.unit.test_retry_policy.TestRetryPolicyAsync" name="test_raises_after_max_attempts" time="0.011" /><testcase classname="tests.unit.test_retry_policy.TestRetryPolicyAsync" name="test_exception_filter_no_retry_on_excluded" time="0.011" /><testcase classname="tests.unit.test_retry_policy.TestRetryPolicyAsync" name="test_exception_filter_retries_on_matching" time="0.011" /><testcase classname="tests.unit.test_retry_policy.TestRetryPolicyAsync" name="test_on_retry_callback_called" time="0.013" /><testcase classname="tests.unit.test_retry_policy.TestRetryPolicyAsync" name="test_on_success_callback_called" time="0.010" /><testcase classname="tests.unit.test_retry_policy.TestRetryPolicyAsync" name="test_on_failure_callback_called" time="0.012" /><testcase classname="tests.unit.test_retry_policy.TestRetryPolicyAsync" name="test_sync_func_executed_in_executor" time="0.012" /><testcase classname="tests.unit.test_retry_policy.TestRetryPolicySync" name="test_success_on_first_attempt" time="0.008" /><testcase classname="tests.unit.test_retry_policy.TestRetryPolicySync" name="test_retries_then_succeeds" time="0.010" /><testcase classname="tests.unit.test_retry_policy.TestRetryPolicySync" name="test_raises_after_max_attempts" time="0.011" /><testcase classname="tests.unit.test_retry_policy.TestDelayComputation" name="test_no_jitter_exponential" time="0.007" /><testcase classname="tests.unit.test_retry_policy.TestDelayComputation" name="test_jitter_within_bounds" time="0.007" /><testcase classname="tests.unit.test_retry_policy.TestRetryDecorator" name="test_async_decorator" time="0.010" /><testcase classname="tests.unit.test_retry_policy.TestRetryDecorator" name="test_sync_decorator" time="0.008" /><testcase classname="tests.unit.test_retry_policy.TestRetryDecorator" name="test_decorator_preserves_function_name" time="0.007" /><testcase classname="tests.unit.test_retry_policy.TestPrebuiltPolicies" name="test_redis_retry_config" time="0.008" /><testcase classname="tests.unit.test_retry_policy.TestPrebuiltPolicies" name="test_broker_retry_config" time="0.007" /><testcase classname="tests.unit.test_retry_policy.TestPrebuiltPolicies" name="test_http_retry_config" time="0.007" /><testcase classname="tests.unit.test_retry_policy.TestPrebuiltPolicies" name="test_db_retry_config" time="0.006" /><testcase classname="tests.unit.test_risk" name="test_position_sizing_atr" time="0.007" /><testcase classname="tests.unit.test_risk" name="test_kill_switch_trigger" time="0.016" /><testcase classname="tests.unit.test_risk" name="test_risk_manager_signal_validation" time="0.025" /><testcase classname="tests.unit.test_risk.TestRiskCalculations" name="test_atr_stop_loss" time="0.007" /><testcase classname="tests.unit.test_risk.TestRiskCalculations" name="test_edge_cases_zero_equity" time="0.007" /><testcase classname="tests.unit.test_risk.TestRiskCalculations" name="test_low_capital_mode" time="0.007" /><testcase classname="tests.unit.test_risk.TestRiskCalculations" name="test_max_drawdown_pause" time="0.007" /><testcase classname="tests.unit.test_risk.TestRiskCalculations" name="test_position_sizing" time="0.006" /><testcase classname="tests.unit.test_risk.TestRiskCalculations" name="test_trailing_stop_logic" time="0.007" /><testcase classname="tests.unit.test_risk_analytics_coverage.TestVaRResultDataclass" name="test_var_property_is_max" time="0.006" /><testcase classname="tests.unit.test_risk_analytics_coverage.TestVaRResultDataclass" name="test_var_property_all_equal" time="0.007" /><testcase classname="tests.unit.test_risk_analytics_coverage.TestVaRResultDataclass" name="test_horizon_days_default" time="0.007" /><testcase classname="tests.unit.test_risk_analytics_coverage.TestESResultDataclass" name="test_es_property_is_max" time="0.007" /><testcase classname="tests.unit.test_risk_analytics_coverage.TestSlippageSimResultDataclass" name="test_fields" time="0.007" /><testcase classname="tests.unit.test_risk_analytics_coverage.TestRegimeDriftScoreDataclass" name="test_description_regime_changed" time="0.007" /><testcase classname="tests.unit.test_risk_analytics_coverage.TestRegimeDriftScoreDataclass" name="test_description_stable" time="0.007" /><testcase classname="tests.unit.test_risk_analytics_coverage.TestPreTradeRiskReportDataclass" name="test_to_dict_approved" time="0.007" /><testcase classname="tests.unit.test_risk_analytics_coverage.TestPreTradeRiskReportDataclass" name="test_to_dict_blocked" time="0.007" /><testcase classname="tests.unit.test_risk_analytics_coverage.TestComputeVar" name="test_returns_var_result" time="0.012" /><testcase classname="tests.unit.test_risk_analytics_coverage.TestComputeVar" name="test_var_positive" time="0.010" /><testcase classname="tests.unit.test_risk_analytics_coverage.TestComputeVar" name="test_conservative_var_is_max" time="0.009" /><testcase classname="tests.unit.test_risk_analytics_coverage.TestComputeVar" name="test_99_var_greater_than_95" time="0.011" /><testcase classname="tests.unit.test_risk_analytics_coverage.TestComputeVar" name="test_horizon_scaling_increases_var" time="0.010" /><testcase classname="tests.unit.test_risk_analytics_coverage.TestComputeVar" name="test_insufficient_data_raises" time="0.008" /><testcase classname="tests.unit.test_risk_analytics_coverage.TestComputeVar" name="test_invalid_confidence_raises" time="0.007" /><testcase classname="tests.unit.test_risk_analytics_coverage.TestComputeVar" name="test_zero_confidence_raises" time="0.007" /><testcase classname="tests.unit.test_risk_analytics_coverage.TestComputeVar" name="test_fat_tailed_returns" time="0.009" /><testcase classname="tests.unit.test_risk_analytics_coverage.TestComputeVar" name="test_horizon_days_stored" time="0.010" /><testcase classname="tests.unit.test_risk_analytics_coverage.TestComputeES" name="test_returns_es_result" time="0.007" /><testcase classname="tests.unit.test_risk_analytics_coverage.TestComputeES" name="test_es_positive" time="0.008" /><testcase classname="tests.unit.test_risk_analytics_coverage.TestComputeES" name="test_es_99_greater_than_es_95" time="0.008" /><testcase classname="tests.unit.test_risk_analytics_coverage.TestComputeES" name="test_n_observations_correct" time="0.008" /><testcase classname="tests.unit.test_risk_analytics_coverage.TestComputeES" name="test_insufficient_data_raises" time="0.007" /><testcase classname="tests.unit.test_risk_analytics_coverage.TestComputeES" name="test_conservative_es_is_max" time="0.008" /><testcase classname="tests.unit.test_risk_analytics_coverage.TestSimulateSlippage" name="test_returns_slippage_result" time="0.008" /><testcase classname="tests.unit.test_risk_analytics_coverage.TestSimulateSlippage" name="test_p99_greater_than_p95" time="0.008" /><testcase classname="tests.unit.test_risk_analytics_coverage.TestSimulateSlippage" name="test_p95_greater_than_mean" time="0.007" /><testcase classname="tests.unit.test_risk_analytics_coverage.TestSimulateSlippage" name="test_sell_side" time="0.008" /><testcase classname="tests.unit.test_risk_analytics_coverage.TestSimulateSlippage" name="test_larger_quantity_higher_impact" time="0.009" /><testcase classname="tests.unit.test_risk_analytics_coverage.TestSimulateSlippage" name="test_n_simulations_stored" time="0.008" /><testcase classname="tests.unit.test_risk_analytics_coverage.TestSimulateSlippage" name="test_expected_cost_positive" time="0.008" /><testcase classname="tests.unit.test_risk_analytics_coverage.TestSimulateSlippage" name="test_reproducible_with_seed" time="0.009" /><testcase classname="tests.unit.test_risk_analytics_coverage.TestComputeRegimeDrift" name="test_stable_regime_same_distribution" time="0.011" /><testcase classname="tests.unit.test_risk_analytics_coverage.TestComputeRegimeDrift" name="test_regime_change_detected_different_vol" time="0.008" /><testcase classname="tests.unit.test_risk_analytics_coverage.TestComputeRegimeDrift" name="test_insufficient_data_returns_safe_defaults" time="0.007" /><testcase classname="tests.unit.test_risk_analytics_coverage.TestComputeRegimeDrift" name="test_vol_ratio_computed" time="0.008" /><testcase classname="tests.unit.test_risk_analytics_coverage.TestComputeRegimeDrift" name="test_custom_drift_threshold" time="0.008" /><testcase classname="tests.unit.test_risk_analytics_coverage.TestComputeSharpe" name="test_returns_sharpe_result" time="0.007" /><testcase classname="tests.unit.test_risk_analytics_coverage.TestComputeSharpe" name="test_sharpe_finite" time="0.007" /><testcase classname="tests.unit.test_risk_analytics_coverage.TestComputeSharpe" name="test_n_observations_correct" time="0.007" /><testcase classname="tests.unit.test_risk_analytics_coverage.TestComputeSharpe" name="test_insufficient_data_raises" time="0.007" /><testcase classname="tests.unit.test_risk_analytics_coverage.TestComputeSharpe" name="test_zero_vol_returns_zero_sharpe" time="0.008" /><testcase classname="tests.unit.test_risk_analytics_coverage.TestComputeSharpe" name="test_passes_gate_high_sharpe" time="0.007" /><testcase classname="tests.unit.test_risk_analytics_coverage.TestComputeSharpe" name="test_annualised_vol_positive" time="0.007" /><testcase classname="tests.unit.test_risk_analytics_coverage.TestComputeMaxDrawdown" name="test_flat_curve_zero_drawdown" time="0.008" /><testcase classname="tests.unit.test_risk_analytics_coverage.TestComputeMaxDrawdown" name="test_monotone_increasing_zero_drawdown" time="0.007" /><testcase classname="tests.unit.test_risk_analytics_coverage.TestComputeMaxDrawdown" name="test_known_drawdown" time="0.007" /><testcase classname="tests.unit.test_risk_analytics_coverage.TestComputeMaxDrawdown" name="test_single_element_returns_zero" time="0.007" /><testcase classname="tests.unit.test_risk_analytics_coverage.TestComputeMaxDrawdown" name="test_empty_returns_zero" time="0.008" /><testcase classname="tests.unit.test_risk_analytics_coverage.TestComputeMaxDrawdown" name="test_realistic_equity_curve" time="0.007" /><testcase classname="tests.unit.test_risk_analytics_coverage.TestGeneratePreTradeReport" name="test_returns_report" time="0.014" /><testcase classname="tests.unit.test_risk_analytics_coverage.TestGeneratePreTradeReport" name="test_approved_with_good_params" time="0.013" /><testcase classname="tests.unit.test_risk_analytics_coverage.TestGeneratePreTradeReport" name="test_blocked_by_var" time="0.012" /><testcase classname="tests.unit.test_risk_analytics_coverage.TestGeneratePreTradeReport" name="test_with_equity_curve" time="0.012" /><testcase classname="tests.unit.test_risk_analytics_coverage.TestGeneratePreTradeReport" name="test_with_reference_returns" time="0.012" /><testcase classname="tests.unit.test_risk_analytics_coverage.TestGeneratePreTradeReport" name="test_to_dict" time="0.012" /><testcase classname="tests.unit.test_risk_analytics_coverage.TestCalculateVarMultiday" name="test_returns_multiday_result" time="0.012" /><testcase classname="tests.unit.test_risk_analytics_coverage.TestCalculateVarMultiday" name="test_var_positive" time="0.012" /><testcase classname="tests.unit.test_risk_analytics_coverage.TestCalculateVarMultiday" name="test_var_property_is_max" time="0.012" /><testcase classname="tests.unit.test_risk_analytics_coverage.TestCalculateVarMultiday" name="test_n_overlapping_correct" time="0.011" /><testcase classname="tests.unit.test_risk_analytics_coverage.TestCalculateVarMultiday" name="test_insufficient_data_raises" time="0.007" /><testcase classname="tests.unit.test_risk_analytics_coverage.TestCalculateVarMultiday" name="test_invalid_confidence_raises" time="0.007" /><testcase classname="tests.unit.test_risk_analytics_coverage.TestCalculateVarMultiday" name="test_invalid_horizon_raises" time="0.008" /><testcase classname="tests.unit.test_risk_analytics_coverage.TestCalculateVarMultiday" name="test_horizon_1_day" time="0.012" /><testcase classname="tests.unit.test_risk_analytics_coverage.TestCalculateVarEWMA" name="test_returns_ewma_result" time="0.008" /><testcase classname="tests.unit.test_risk_analytics_coverage.TestCalculateVarEWMA" name="test_var_positive" time="0.008" /><testcase classname="tests.unit.test_risk_analytics_coverage.TestCalculateVarEWMA" name="test_ewma_vol_positive" time="0.008" /><testcase classname="tests.unit.test_risk_analytics_coverage.TestCalculateVarEWMA" name="test_scaled_vol_larger_for_longer_horizon" time="0.008" /><testcase classname="tests.unit.test_risk_analytics_coverage.TestCalculateVarEWMA" name="test_insufficient_data_raises" time="0.007" /><testcase classname="tests.unit.test_risk_analytics_coverage.TestCalculateVarEWMA" name="test_invalid_lambda_raises" time="0.008" /><testcase classname="tests.unit.test_risk_analytics_coverage.TestCalculateVarEWMA" name="test_lambda_stored" time="0.008" /><testcase classname="tests.unit.test_risk_analytics_coverage.TestCalculateVarGARCH" name="test_returns_garch_result" time="0.194" /><testcase classname="tests.unit.test_risk_analytics_coverage.TestCalculateVarGARCH" name="test_var_positive" time="0.134" /><testcase classname="tests.unit.test_risk_analytics_coverage.TestCalculateVarGARCH" name="test_parameters_valid" time="0.196" /><testcase classname="tests.unit.test_risk_analytics_coverage.TestCalculateVarGARCH" name="test_insufficient_data_raises" time="0.003" /><testcase classname="tests.unit.test_risk_analytics_coverage.TestCalculateVarGARCH" name="test_horizon_1_day" time="0.183" /><testcase classname="tests.unit.test_risk_analytics_coverage.TestRiskAnalyticsFacade" name="test_platform_var_no_engine_returns_zeros" time="0.005" /><testcase classname="tests.unit.test_risk_analytics_coverage.TestRiskAnalyticsFacade" name="test_platform_var_note_when_no_data" time="0.005" /><testcase classname="tests.unit.test_risk_analytics_full.TestComputeVar" name="test_returns_var_result" time="0.008" /><testcase classname="tests.unit.test_risk_analytics_full.TestComputeVar" name="test_var_positive_loss" time="0.009" /><testcase classname="tests.unit.test_risk_analytics_full.TestComputeVar" name="test_var_conservative_property" time="0.007" /><testcase classname="tests.unit.test_risk_analytics_full.TestComputeVar" name="test_99_var_greater_than_95" time="0.012" /><testcase classname="tests.unit.test_risk_analytics_full.TestComputeVar" name="test_fat_tail_cornish_fisher_exceeds_parametric" time="0.008" /><testcase classname="tests.unit.test_risk_analytics_full.TestComputeVar" name="test_horizon_scaling" time="0.012" /><testcase classname="tests.unit.test_risk_analytics_full.TestComputeVar" name="test_raises_on_insufficient_data" time="0.006" /><testcase classname="tests.unit.test_risk_analytics_full.TestComputeVar" name="test_raises_on_invalid_confidence" time="0.007" /><testcase classname="tests.unit.test_risk_analytics_full.TestComputeVar" name="test_raises_on_zero_confidence" time="0.006" /><testcase classname="tests.unit.test_risk_analytics_full.TestComputeVar" name="test_horizon_days_stored" time="0.008" /><testcase classname="tests.unit.test_risk_analytics_full.TestComputeVar" name="test_confidence_stored" time="0.008" /><testcase classname="tests.unit.test_risk_analytics_full.TestComputeES" name="test_returns_es_result" time="0.007" /><testcase classname="tests.unit.test_risk_analytics_full.TestComputeES" name="test_es_positive" time="0.006" /><testcase classname="tests.unit.test_risk_analytics_full.TestComputeES" name="test_es_conservative_property" time="0.006" /><testcase classname="tests.unit.test_risk_analytics_full.TestComputeES" name="test_es_exceeds_var" time="0.009" /><testcase classname="tests.unit.test_risk_analytics_full.TestComputeES" name="test_99_es_greater_than_95" time="0.008" /><testcase classname="tests.unit.test_risk_analytics_full.TestComputeES" name="test_n_observations_correct" time="0.008" /><testcase classname="tests.unit.test_risk_analytics_full.TestComputeES" name="test_raises_on_insufficient_data" time="0.007" /><testcase classname="tests.unit.test_risk_analytics_full.TestSimulateSlippage" name="test_returns_slippage_result" time="0.008" /><testcase classname="tests.unit.test_risk_analytics_full.TestSimulateSlippage" name="test_p99_exceeds_p95" time="0.008" /><testcase classname="tests.unit.test_risk_analytics_full.TestSimulateSlippage" name="test_p95_exceeds_mean" time="0.008" /><testcase classname="tests.unit.test_risk_analytics_full.TestSimulateSlippage" name="test_worst_case_exceeds_expected" time="0.008" /><testcase classname="tests.unit.test_risk_analytics_full.TestSimulateSlippage" name="test_larger_quantity_higher_impact" time="0.008" /><testcase classname="tests.unit.test_risk_analytics_full.TestSimulateSlippage" name="test_sell_side_works" time="0.007" /><testcase classname="tests.unit.test_risk_analytics_full.TestSimulateSlippage" name="test_reproducible_with_seed" time="0.009" /><testcase classname="tests.unit.test_risk_analytics_full.TestSimulateSlippage" name="test_n_simulations_stored" time="0.008" /><testcase classname="tests.unit.test_risk_analytics_full.TestSimulateSlippage" name="test_symbol_and_side_stored" time="0.008" /><testcase classname="tests.unit.test_risk_analytics_full.TestComputeRegimeDrift" name="test_stable_regime_same_distribution" time="0.009" /><testcase classname="tests.unit.test_risk_analytics_full.TestComputeRegimeDrift" name="test_regime_change_detected_on_vol_spike" time="0.008" /><testcase classname="tests.unit.test_risk_analytics_full.TestComputeRegimeDrift" name="test_description_stable" time="0.008" /><testcase classname="tests.unit.test_risk_analytics_full.TestComputeRegimeDrift" name="test_description_changed" time="0.007" /><testcase classname="tests.unit.test_risk_analytics_full.TestComputeRegimeDrift" name="test_insufficient_data_returns_safe_defaults" time="0.007" /><testcase classname="tests.unit.test_risk_analytics_full.TestComputeRegimeDrift" name="test_custom_threshold" time="0.008" /><testcase classname="tests.unit.test_risk_analytics_full.TestComputeRegimeDrift" name="test_ks_statistic_in_range" time="0.008" /><testcase classname="tests.unit.test_risk_analytics_full.TestComputeSharpe" name="test_returns_sharpe_result" time="0.008" /><testcase classname="tests.unit.test_risk_analytics_full.TestComputeSharpe" name="test_positive_sharpe_for_positive_returns" time="0.007" /><testcase classname="tests.unit.test_risk_analytics_full.TestComputeSharpe" name="test_negative_sharpe_for_negative_returns" time="0.007" /><testcase classname="tests.unit.test_risk_analytics_full.TestComputeSharpe" name="test_se_positive" time="0.007" /><testcase classname="tests.unit.test_risk_analytics_full.TestComputeSharpe" name="test_passes_gate_high_sharpe" time="0.007" /><testcase classname="tests.unit.test_risk_analytics_full.TestComputeSharpe" name="test_fails_gate_low_sharpe" time="0.007" /><testcase classname="tests.unit.test_risk_analytics_full.TestComputeSharpe" name="test_annualised_vol_positive" time="0.008" /><testcase classname="tests.unit.test_risk_analytics_full.TestComputeSharpe" name="test_n_observations_correct" time="0.008" /><testcase classname="tests.unit.test_risk_analytics_full.TestComputeSharpe" name="test_raises_on_insufficient_data" time="0.007" /><testcase classname="tests.unit.test_risk_analytics_full.TestCalculateVarMultiday" name="test_returns_multiday_result" time="0.011" /><testcase classname="tests.unit.test_risk_analytics_full.TestCalculateVarMultiday" name="test_5day_var_exceeds_1day" time="0.013" /><testcase classname="tests.unit.test_risk_analytics_full.TestCalculateVarMultiday" name="test_horizon_stored" time="0.010" /><testcase classname="tests.unit.test_risk_analytics_full.TestCalculateVarMultiday" name="test_n_overlapping_positive" time="0.011" /><testcase classname="tests.unit.test_risk_analytics_full.TestCalculateVarMultiday" name="test_raises_on_insufficient_data" time="0.008" /><testcase classname="tests.unit.test_risk_analytics_full.TestCalculateVarEWMA" name="test_returns_ewma_result" time="0.007" /><testcase classname="tests.unit.test_risk_analytics_full.TestCalculateVarEWMA" name="test_ewma_vol_positive" time="0.007" /><testcase classname="tests.unit.test_risk_analytics_full.TestCalculateVarEWMA" name="test_var_positive" time="0.007" /><testcase classname="tests.unit.test_risk_analytics_full.TestCalculateVarEWMA" name="test_lambda_stored" time="0.007" /><testcase classname="tests.unit.test_risk_analytics_full.TestCalculateVarEWMA" name="test_vol_spike_increases_var" time="0.009" /><testcase classname="tests.unit.test_risk_analytics_full.TestCalculateVarEWMA" name="test_raises_on_insufficient_data" time="0.007" /><testcase classname="tests.unit.test_risk_analytics_full.TestCalculateVarGARCH" name="test_returns_garch_result" time="0.151" /><testcase classname="tests.unit.test_risk_analytics_full.TestCalculateVarGARCH" name="test_var_positive" time="0.059" /><testcase classname="tests.unit.test_risk_analytics_full.TestCalculateVarGARCH" name="test_parameters_valid" time="0.085" /><testcase classname="tests.unit.test_risk_analytics_full.TestCalculateVarGARCH" name="test_raises_on_insufficient_data" time="0.005" /><testcase classname="tests.unit.test_risk_analytics_full.TestComputeMaxDrawdown" name="test_zero_drawdown_flat_returns" time="0.004" /><testcase classname="tests.unit.test_risk_analytics_full.TestComputeMaxDrawdown" name="test_positive_drawdown_on_loss" time="0.005" /><testcase classname="tests.unit.test_risk_analytics_full.TestComputeMaxDrawdown" name="test_drawdown_in_range" time="0.005" /><testcase classname="tests.unit.test_risk_analytics_full.TestComputeMaxDrawdown" name="test_monotone_decline_equals_total_loss" time="0.004" /><testcase classname="tests.unit.test_risk_analytics_full.TestComputeMaxDrawdown" name="test_short_series_returns_zero" time="0.005" /><testcase classname="tests.unit.test_risk_analytics_full.TestComputeMaxDrawdown" name="test_empty_series_returns_zero" time="0.005" /><testcase classname="tests.unit.test_risk_analytics_full.TestPreTradeRiskReport" name="test_returns_report" time="0.009" /><testcase classname="tests.unit.test_risk_analytics_full.TestPreTradeRiskReport" name="test_approved_field_is_bool" time="0.008" /><testcase classname="tests.unit.test_risk_analytics_full.TestPreTradeRiskReport" name="test_block_reasons_list" time="0.009" /><testcase classname="tests.unit.test_risk_analytics_full.TestPreTradeRiskReport" name="test_to_dict_has_required_keys" time="0.009" /><testcase classname="tests.unit.test_risk_analytics_full.TestPreTradeRiskReport" name="test_notional_correct" time="0.009" /><testcase classname="tests.unit.test_risk_analytics_full.TestPreTradeRiskReport" name="test_large_position_may_be_blocked" time="0.009" /><testcase classname="tests.unit.test_risk_analytics_full.TestPreTradeRiskReport" name="test_symbol_and_side_stored" time="0.018" /><testcase classname="tests.unit.test_risk_calculations.TestRiskCalculations" name="test_atr_stop_loss" time="0.006" /><testcase classname="tests.unit.test_risk_calculations.TestRiskCalculations" name="test_edge_cases" time="0.005" /><testcase classname="tests.unit.test_risk_calculations.TestRiskCalculations" name="test_low_capital_mode" time="0.007" /><testcase classname="tests.unit.test_risk_calculations.TestRiskCalculations" name="test_max_drawdown_pause" time="0.007" /><testcase classname="tests.unit.test_risk_calculations.TestRiskCalculations" name="test_position_sizing" time="0.007" /><testcase classname="tests.unit.test_risk_calculations.TestRiskCalculations" name="test_trailing_stop_logic" time="0.008" /><testcase classname="tests.unit.test_risk_circuit_breakers.TestRiskLimits" name="test_defaults" time="0.010" /><testcase classname="tests.unit.test_risk_circuit_breakers.TestRiskLimits" name="test_custom_values" time="0.008" /><testcase classname="tests.unit.test_risk_circuit_breakers.TestCircuitState" name="test_values" time="0.008" /><testcase classname="tests.unit.test_risk_circuit_breakers.TestCircuitBreakerInit" name="test_initial_state_closed" time="0.010" /><testcase classname="tests.unit.test_risk_circuit_breakers.TestCircuitBreakerInit" name="test_initial_pnl_zero" time="0.008" /><testcase classname="tests.unit.test_risk_circuit_breakers.TestCircuitBreakerInit" name="test_peak_balance_set_from_broker" time="0.009" /><testcase classname="tests.unit.test_risk_circuit_breakers.TestCircuitBreakerInit" name="test_no_redis_no_crash" time="0.009" /><testcase classname="tests.unit.test_risk_circuit_breakers.TestPreTradeCheck" name="test_allows_normal_order" time="0.009" /><testcase classname="tests.unit.test_risk_circuit_breakers.TestPreTradeCheck" name="test_blocks_when_open" time="0.010" /><testcase classname="tests.unit.test_risk_circuit_breakers.TestPreTradeCheck" name="test_blocks_oversized_order" time="0.009" /><testcase classname="tests.unit.test_risk_circuit_breakers.TestPreTradeCheck" name="test_records_order_timestamp" time="0.009" /><testcase classname="tests.unit.test_risk_circuit_breakers.TestPreTradeCheck" name="test_half_open_reduces_size" time="0.010" /><testcase classname="tests.unit.test_risk_circuit_breakers.TestUpdateTradeResult" name="test_loss_increments_streak" time="0.009" /><testcase classname="tests.unit.test_risk_circuit_breakers.TestUpdateTradeResult" name="test_win_resets_streak" time="0.008" /><testcase classname="tests.unit.test_risk_circuit_breakers.TestUpdateTradeResult" name="test_multiple_losses_accumulate" time="0.009" /><testcase classname="tests.unit.test_risk_circuit_breakers.TestManualOverride" name="test_enable_override" time="0.009" /><testcase classname="tests.unit.test_risk_circuit_breakers.TestManualOverride" name="test_disable_override" time="0.013" /><testcase classname="tests.unit.test_risk_circuit_breakers.TestManualOverride" name="test_audit_trail_recorded" time="0.009" /><testcase classname="tests.unit.test_risk_circuit_breakers.TestAsyncTrigger" name="test_trigger_opens_circuit" time="0.015" /><testcase classname="tests.unit.test_risk_circuit_breakers.TestAsyncTrigger" name="test_trigger_records_breach" time="0.015" /><testcase classname="tests.unit.test_risk_circuit_breakers.TestAsyncTrigger" name="test_double_trigger_no_duplicate" time="0.016" /><testcase classname="tests.unit.test_risk_circuit_breakers.TestRegistry" name="test_register_and_retrieve" time="0.014" /><testcase classname="tests.unit.test_risk_circuit_breakers.TestGetStatus" name="test_status_keys" time="0.007" /><testcase classname="tests.unit.test_risk_circuit_breakers.TestGetStatus" name="test_status_state_value" time="0.008" /><testcase classname="tests.unit.test_risk_circuit_breakers.TestGetStatus" name="test_status_last_breach_none_initially" time="0.007" /><testcase classname="tests.unit.test_risk_circuit_breakers.TestGetStatus" name="test_status_last_breach_after_trigger" time="0.014" /><testcase classname="tests.unit.test_risk_circuit_breakers.TestCheckRiskLimits" name="test_daily_drawdown_triggers_circuit" time="0.017" /><testcase classname="tests.unit.test_risk_circuit_breakers.TestCheckRiskLimits" name="test_total_drawdown_triggers_circuit" time="0.013" /><testcase classname="tests.unit.test_risk_circuit_breakers.TestCheckRiskLimits" name="test_order_rate_limit_triggers_circuit" time="0.015" /><testcase classname="tests.unit.test_risk_circuit_breakers.TestCheckRiskLimits" name="test_loss_streak_triggers_circuit" time="0.013" /><testcase classname="tests.unit.test_risk_circuit_breakers.TestCheckRiskLimits" name="test_no_breach_stays_closed" time="0.010" /><testcase classname="tests.unit.test_risk_circuit_breakers.TestExecuteKillSwitch" name="test_closes_all_positions" time="1.517" /><testcase classname="tests.unit.test_risk_circuit_breakers.TestExecuteKillSwitch" name="test_no_positions_exits_early" time="0.012" /><testcase classname="tests.unit.test_risk_circuit_breakers.TestExecuteKillSwitch" name="test_close_position_exception_continues" time="1.518" /><testcase classname="tests.unit.test_risk_circuit_breakers.TestExecuteKillSwitch" name="test_remaining_positions_triggers_broker_level_cancel" time="4.530" /><testcase classname="tests.unit.test_risk_circuit_breakers.TestBrokerLevelCancelAll" name="test_generic_fallback_calls_cancel_all_orders" time="0.009" /><testcase classname="tests.unit.test_risk_circuit_breakers.TestBrokerLevelCancelAll" name="test_ibkr_path_with_ib_object" time="0.011" /><testcase classname="tests.unit.test_risk_circuit_breakers.TestBrokerLevelCancelAll" name="test_ibkr_exception_falls_through_to_generic" time="0.011" /><testcase classname="tests.unit.test_risk_circuit_breakers.TestBrokerLevelCancelAll" name="test_cancel_all_orders_exception_does_not_propagate" time="0.011" /><testcase classname="tests.unit.test_risk_circuit_breakers.TestPersistAndLoadState" name="test_persist_state_with_redis" time="0.014" /><testcase classname="tests.unit.test_risk_circuit_breakers.TestPersistAndLoadState" name="test_persist_state_redis_exception_no_crash" time="0.013" /><testcase classname="tests.unit.test_risk_circuit_breakers.TestPersistAndLoadState" name="test_load_state_with_redis_data" time="0.010" /><testcase classname="tests.unit.test_risk_circuit_breakers.TestPersistAndLoadState" name="test_load_state_redis_exception_no_crash" time="0.012" /><testcase classname="tests.unit.test_risk_circuit_breakers.TestPersistAndLoadState" name="test_load_state_empty_data" time="0.009" /><testcase classname="tests.unit.test_risk_circuit_breakers.TestCalculateDailyPnl" name="test_uses_broker_get_daily_pnl" time="0.008" /><testcase classname="tests.unit.test_risk_circuit_breakers.TestCalculateDailyPnl" name="test_returns_zero_when_no_get_daily_pnl" time="0.009" /><testcase classname="tests.unit.test_risk_circuit_breakers.TestCalculateTotalExposure" name="test_sums_notional" time="0.008" /><testcase classname="tests.unit.test_risk_circuit_breakers.TestCalculateTotalExposure" name="test_empty_positions_zero_exposure" time="0.009" /><testcase classname="tests.unit.test_risk_circuit_breakers.TestCorrelation" name="test_correlated_pairs_detected" time="0.009" /><testcase classname="tests.unit.test_risk_circuit_breakers.TestCorrelation" name="test_uncorrelated_pairs" time="0.008" /><testcase classname="tests.unit.test_risk_circuit_breakers.TestCorrelation" name="test_same_symbol_correlated" time="0.009" /><testcase classname="tests.unit.test_risk_circuit_breakers.TestCorrelation" name="test_correlation_limit_not_breached_with_no_positions" time="0.008" /><testcase classname="tests.unit.test_risk_circuit_breakers.TestCorrelation" name="test_correlation_limit_breached_with_max_correlated" time="0.009" /><testcase classname="tests.unit.test_risk_circuit_breakers.TestPreTradeCheckAdvanced" name="test_blocks_on_exposure_breach" time="0.009" /><testcase classname="tests.unit.test_risk_circuit_breakers.TestPreTradeCheckAdvanced" name="test_blocks_on_correlation_breach" time="0.008" /><testcase classname="tests.unit.test_risk_circuit_breakers.TestOnBreachCallback" name="test_callback_fired_on_trigger" time="0.015" /><testcase classname="tests.unit.test_risk_circuit_breakers.TestOnBreachCallback" name="test_callback_exception_does_not_propagate" time="0.016" /><testcase classname="tests.unit.test_risk_circuit_breakers.TestShutdown" name="test_shutdown_sets_flag" time="0.010" /><testcase classname="tests.unit.test_risk_circuit_breakers.TestShutdown" name="test_shutdown_cancels_monitoring_task" time="0.009" /><testcase classname="tests.unit.test_risk_circuit_breakers.TestShutdown" name="test_shutdown_no_task_no_crash" time="0.008" /><testcase classname="tests.unit.test_risk_circuit_breakers.TestGetLastBreachReason" name="test_no_history_returns_unknown" time="0.009" /><testcase classname="tests.unit.test_risk_circuit_breakers.TestGetLastBreachReason" name="test_returns_last_reason" time="0.009" /><testcase classname="tests.unit.test_risk_circuit_breakers.TestMonitoringLoop" name="test_monitoring_loop_handles_exception" time="5.016" /><testcase classname="tests.unit.test_risk_circuit_breakers.TestScheduleRecovery" name="test_manual_override_skips_recovery" time="0.012" /><testcase classname="tests.unit.test_risk_circuit_breakers.TestScheduleRecovery" name="test_recovery_transitions_to_half_open" time="0.010" /><testcase classname="tests.unit.test_risk_circuit_breakers.TestCheckRecovery" name="test_recovery_closes_circuit_when_drawdown_recovered" time="0.011" /><testcase classname="tests.unit.test_risk_circuit_breakers.TestCheckRecovery" name="test_recovery_reopens_circuit_when_drawdown_persists" time="0.017" /><testcase classname="tests.unit.test_risk_circuit_breakers.TestCheckRecovery" name="test_check_recovery_exits_if_not_half_open" time="0.011" /><testcase classname="tests.unit.test_risk_circuit_breakers.TestManualOverrideDisable" name="test_disable_override_triggers_risk_check" time="0.011" /><testcase classname="tests.unit.test_risk_circuit_breakers.TestSendCircuitBreakerTelegram" name="test_no_alert_engine_no_crash" time="0.006" /><testcase classname="tests.unit.test_risk_circuit_breakers.TestSendCircuitBreakerTelegram" name="test_import_error_no_crash" time="0.007" /><testcase classname="tests.unit.test_risk_circuit_breakers.TestRiskLimitsAdditional" name="test_halt_on_volatility_spike_default" time="0.006" /><testcase classname="tests.unit.test_risk_circuit_breakers.TestRiskLimitsAdditional" name="test_max_consecutive_losses_default" time="0.005" /><testcase classname="tests.unit.test_risk_circuit_breakers.TestRiskLimitsAdditional" name="test_circuit_breaker_cooldown_default" time="0.006" /><testcase classname="tests.unit.test_risk_coverage.TestStressScenario" name="test_scenario_fields" time="0.006" /><testcase classname="tests.unit.test_risk_coverage.TestStressScenario" name="test_default_source_empty" time="0.008" /><testcase classname="tests.unit.test_risk_coverage.TestStressResult" name="test_name_property" time="0.006" /><testcase classname="tests.unit.test_risk_coverage.TestStressResult" name="test_is_loss_true" time="0.005" /><testcase classname="tests.unit.test_risk_coverage.TestStressResult" name="test_is_loss_false_for_gain" time="0.006" /><testcase classname="tests.unit.test_risk_coverage.TestStressTester" name="test_invalid_position_value_raises" time="0.006" /><testcase classname="tests.unit.test_risk_coverage.TestStressTester" name="test_invalid_leverage_raises" time="0.006" /><testcase classname="tests.unit.test_risk_coverage.TestStressTester" name="test_run_all_returns_sorted_worst_first" time="0.006" /><testcase classname="tests.unit.test_risk_coverage.TestStressTester" name="test_worst_case_is_most_negative" time="0.005" /><testcase classname="tests.unit.test_risk_coverage.TestStressTester" name="test_worst_case_no_args_runs_all" time="0.006" /><testcase classname="tests.unit.test_risk_coverage.TestStressTester" name="test_gate_check_fails_on_large_loss" time="0.007" /><testcase classname="tests.unit.test_risk_coverage.TestStressTester" name="test_gate_check_passes_on_small_position" time="0.005" /><testcase classname="tests.unit.test_risk_coverage.TestStressTester" name="test_leverage_amplifies_loss" time="0.006" /><testcase classname="tests.unit.test_risk_coverage.TestStressTester" name="test_summary_keys" time="0.006" /><testcase classname="tests.unit.test_risk_coverage.TestStressTester" name="test_summary_results_list_length" time="0.006" /><testcase classname="tests.unit.test_risk_coverage.TestStressTester" name="test_custom_scenarios" time="0.006" /><testcase classname="tests.unit.test_risk_coverage.TestStressTester" name="test_geopolitical_spike_is_positive" time="0.006" /><testcase classname="tests.unit.test_risk_coverage.TestStressTester" name="test_gate_check_with_override_equity" time="0.006" /><testcase classname="tests.unit.test_risk_coverage.TestRunAllScenarios" name="test_returns_dict" time="0.006" /><testcase classname="tests.unit.test_risk_coverage.TestRunAllScenarios" name="test_with_leverage" time="0.009" /><testcase classname="tests.unit.test_risk_coverage.TestPositionSizing" name="test_import" time="0.005" /><testcase classname="tests.unit.test_risk_coverage.TestPositionSizing" name="test_module_has_expected_attributes" time="0.008" /><testcase classname="tests.unit.test_risk_coverage.TestPositionSizing" name="test_position_sizer_instantiates" time="0.008" /><testcase classname="tests.unit.test_risk_coverage.TestPositionSizing" name="test_calculate_position_size_basic" time="0.006"><skipped type="pytest.skip" message="calculate_position_size signature differs">/home/user/HOPEFX-AI-TRADING/tests/unit/test_risk_coverage.py:235: calculate_position_size signature differs</skipped></testcase><testcase classname="tests.unit.test_risk_coverage.TestPositionSizing" name="test_kelly_criterion_basic" time="0.006"><skipped type="pytest.skip" message="kelly_criterion not exported">/home/user/HOPEFX-AI-TRADING/tests/unit/test_risk_coverage.py:245: kelly_criterion not exported</skipped></testcase><testcase classname="tests.unit.test_risk_drawdown_tracker.TestDrawdownResult" name="test_fields" time="0.005" /><testcase classname="tests.unit.test_risk_drawdown_tracker.TestDrawdownResult" name="test_timestamp_auto_set" time="0.006" /><testcase classname="tests.unit.test_risk_drawdown_tracker.TestDrawdownTrackerInit" name="test_defaults" time="0.006" /><testcase classname="tests.unit.test_risk_drawdown_tracker.TestDrawdownTrackerInit" name="test_initial_hwm" time="0.005" /><testcase classname="tests.unit.test_risk_drawdown_tracker.TestDrawdownTrackerInit" name="test_initial_daily_open" time="0.006" /><testcase classname="tests.unit.test_risk_drawdown_tracker.TestDrawdownTrackerInit" name="test_balance_mode" time="0.005" /><testcase classname="tests.unit.test_risk_drawdown_tracker.TestUpdate" name="test_returns_drawdown_result" time="0.006" /><testcase classname="tests.unit.test_risk_drawdown_tracker.TestUpdate" name="test_no_drawdown_at_start" time="0.006" /><testcase classname="tests.unit.test_risk_drawdown_tracker.TestUpdate" name="test_balance_defaults_to_equity" time="0.006" /><testcase classname="tests.unit.test_risk_drawdown_tracker.TestUpdate" name="test_hwm_tracks_peak" time="0.006" /><testcase classname="tests.unit.test_risk_drawdown_tracker.TestUpdate" name="test_total_drawdown_computed" time="0.005" /><testcase classname="tests.unit.test_risk_drawdown_tracker.TestUpdate" name="test_daily_drawdown_computed" time="0.007" /><testcase classname="tests.unit.test_risk_drawdown_tracker.TestUpdate" name="test_total_breach_triggered" time="0.006" /><testcase classname="tests.unit.test_risk_drawdown_tracker.TestUpdate" name="test_daily_breach_triggered" time="0.006" /><testcase classname="tests.unit.test_risk_drawdown_tracker.TestUpdate" name="test_total_alert_triggered" time="0.007" /><testcase classname="tests.unit.test_risk_drawdown_tracker.TestUpdate" name="test_daily_alert_triggered" time="0.006" /><testcase classname="tests.unit.test_risk_drawdown_tracker.TestUpdate" name="test_no_alert_when_breach" time="0.007" /><testcase classname="tests.unit.test_risk_drawdown_tracker.TestUpdate" name="test_equity_mode_uses_equity_for_daily" time="0.007" /><testcase classname="tests.unit.test_risk_drawdown_tracker.TestUpdate" name="test_balance_mode_uses_balance_for_daily" time="0.006" /><testcase classname="tests.unit.test_risk_drawdown_tracker.TestUpdate" name="test_drawdown_mode_in_result" time="0.006" /><testcase classname="tests.unit.test_risk_drawdown_tracker.TestDayRollover" name="test_day_rollover_resets_daily_open_equity_mode" time="0.006"><failure message="TypeError: unsupported operand type(s) for -: 'tuple' and 'int'">self = &lt;tests.unit.test_risk_drawdown_tracker.TestDayRollover object at 0x7f8820dc3010&gt;

    def test_day_rollover_resets_daily_open_equity_mode(self):
        t = _tracker(drawdown_mode="equity")
        t.update(equity=95_000.0)  # daily open stays at 100k
        # Simulate day change
&gt;       t._day = t._day - 1  # force rollover on next update
                 ^^^^^^^^^^
E       TypeError: unsupported operand type(s) for -: 'tuple' and 'int'

tests/unit/test_risk_drawdown_tracker.py:200: TypeError</failure></testcase><testcase classname="tests.unit.test_risk_drawdown_tracker.TestDayRollover" name="test_day_rollover_resets_daily_open_balance_mode" time="0.006"><failure message="TypeError: unsupported operand type(s) for -: 'tuple' and 'int'">self = &lt;tests.unit.test_risk_drawdown_tracker.TestDayRollover object at 0x7f8820dc3490&gt;

    def test_day_rollover_resets_daily_open_balance_mode(self):
        t = _tracker(drawdown_mode="balance")
&gt;       t._day = t._day - 1  # force rollover
                 ^^^^^^^^^^
E       TypeError: unsupported operand type(s) for -: 'tuple' and 'int'

tests/unit/test_risk_drawdown_tracker.py:207: TypeError</failure></testcase><testcase classname="tests.unit.test_risk_drawdown_tracker.TestDayRollover" name="test_day_rollover_resets_daily_realised_pnl" time="0.006"><failure message="TypeError: unsupported operand type(s) for -: 'tuple' and 'int'">self = &lt;tests.unit.test_risk_drawdown_tracker.TestDayRollover object at 0x7f8820dc3b10&gt;

    def test_day_rollover_resets_daily_realised_pnl(self):
        t = _tracker()
        t.record_fill(pnl=-500.0)
        assert t.daily_realised_pnl == pytest.approx(-500.0)
&gt;       t._day = t._day - 1
                 ^^^^^^^^^^
E       TypeError: unsupported operand type(s) for -: 'tuple' and 'int'

tests/unit/test_risk_drawdown_tracker.py:216: TypeError</failure></testcase><testcase classname="tests.unit.test_risk_drawdown_tracker.TestRecordFill" name="test_accumulates_pnl" time="0.005" /><testcase classname="tests.unit.test_risk_drawdown_tracker.TestRecordFill" name="test_positive_pnl" time="0.006" /><testcase classname="tests.unit.test_risk_drawdown_tracker.TestRecordFill" name="test_balance_after_updates_last_balance" time="0.005" /><testcase classname="tests.unit.test_risk_drawdown_tracker.TestRecordFill" name="test_balance_after_none_does_not_update" time="0.005" /><testcase classname="tests.unit.test_risk_drawdown_tracker.TestCheckModify" name="test_allows_valid_modify" time="0.005" /><testcase classname="tests.unit.test_risk_drawdown_tracker.TestCheckModify" name="test_blocks_zero_account_balance" time="0.005" /><testcase classname="tests.unit.test_risk_drawdown_tracker.TestCheckModify" name="test_blocks_negative_account_balance" time="0.005" /><testcase classname="tests.unit.test_risk_drawdown_tracker.TestCheckModify" name="test_blocks_excessive_risk" time="0.005" /><testcase classname="tests.unit.test_risk_drawdown_tracker.TestCheckModify" name="test_blocks_when_daily_breach" time="0.005" /><testcase classname="tests.unit.test_risk_drawdown_tracker.TestCheckModify" name="test_blocks_when_total_breach" time="0.007" /><testcase classname="tests.unit.test_risk_drawdown_tracker.TestCheckModify" name="test_pip_value_affects_risk" time="0.006" /><testcase classname="tests.unit.test_risk_drawdown_tracker.TestProperties" name="test_total_hwm_property" time="0.006" /><testcase classname="tests.unit.test_risk_drawdown_tracker.TestProperties" name="test_daily_open_property" time="0.006" /><testcase classname="tests.unit.test_risk_drawdown_tracker.TestProperties" name="test_daily_realised_pnl_property" time="0.006" /><testcase classname="tests.unit.test_risk_drawdown_tracker.TestProperties" name="test_current_total_dd_zero_at_hwm" time="0.006" /><testcase classname="tests.unit.test_risk_drawdown_tracker.TestProperties" name="test_current_total_dd_positive_below_hwm" time="0.007" /><testcase classname="tests.unit.test_risk_drawdown_tracker.TestProperties" name="test_current_total_dd_zero_when_hwm_zero" time="0.005" /><testcase classname="tests.unit.test_risk_drawdown_tracker.TestProperties" name="test_current_daily_dd_equity_mode" time="0.006" /><testcase classname="tests.unit.test_risk_drawdown_tracker.TestProperties" name="test_current_daily_dd_balance_mode" time="0.006" /><testcase classname="tests.unit.test_risk_drawdown_tracker.TestProperties" name="test_current_daily_dd_zero_when_anchor_zero" time="0.006" /><testcase classname="tests.unit.test_risk_drawdown_tracker.TestStatus" name="test_status_keys" time="0.006" /><testcase classname="tests.unit.test_risk_drawdown_tracker.TestStatus" name="test_status_values" time="0.005" /><testcase classname="tests.unit.test_risk_fia_compliance.TestRiskControlStatus" name="test_values" time="0.006" /><testcase classname="tests.unit.test_risk_fia_compliance.TestRiskCheckResult" name="test_fields" time="0.006" /><testcase classname="tests.unit.test_risk_fia_compliance.TestRiskCheckResult" name="test_with_metadata" time="0.006" /><testcase classname="tests.unit.test_risk_fia_compliance.TestFIAComplianceManagerInit" name="test_initial_state" time="0.005" /><testcase classname="tests.unit.test_risk_fia_compliance.TestFIAComplianceManagerInit" name="test_config_stored" time="0.005" /><testcase classname="tests.unit.test_risk_fia_compliance.TestCheckMaxOrderSize" name="test_within_limit_passes" time="0.005" /><testcase classname="tests.unit.test_risk_fia_compliance.TestCheckMaxOrderSize" name="test_at_limit_passes" time="0.005" /><testcase classname="tests.unit.test_risk_fia_compliance.TestCheckMaxOrderSize" name="test_exceeds_limit_blocks" time="0.006" /><testcase classname="tests.unit.test_risk_fia_compliance.TestCheckMaxOrderSize" name="test_negative_size_exceeds_limit" time="0.006" /><testcase classname="tests.unit.test_risk_fia_compliance.TestCheckMaxOrderSize" name="test_metadata_on_block" time="0.005" /><testcase classname="tests.unit.test_risk_fia_compliance.TestCheckIntradayPosition" name="test_within_limit_passes" time="0.005" /><testcase classname="tests.unit.test_risk_fia_compliance.TestCheckIntradayPosition" name="test_accumulates_position" time="0.006" /><testcase classname="tests.unit.test_risk_fia_compliance.TestCheckIntradayPosition" name="test_exceeds_limit_blocks" time="0.006" /><testcase classname="tests.unit.test_risk_fia_compliance.TestCheckIntradayPosition" name="test_different_symbols_independent" time="0.006" /><testcase classname="tests.unit.test_risk_fia_compliance.TestCheckIntradayPosition" name="test_metadata_on_block" time="0.006" /><testcase classname="tests.unit.test_risk_fia_compliance.TestCheckPriceTolerance" name="test_within_tolerance_passes" time="0.006" /><testcase classname="tests.unit.test_risk_fia_compliance.TestCheckPriceTolerance" name="test_small_deviation_passes" time="0.005" /><testcase classname="tests.unit.test_risk_fia_compliance.TestCheckPriceTolerance" name="test_large_deviation_blocks" time="0.006" /><testcase classname="tests.unit.test_risk_fia_compliance.TestCheckPriceTolerance" name="test_zero_reference_price_blocks" time="0.005" /><testcase classname="tests.unit.test_risk_fia_compliance.TestCheckPriceTolerance" name="test_negative_reference_price_blocks" time="0.005" /><testcase classname="tests.unit.test_risk_fia_compliance.TestCheckPriceTolerance" name="test_metadata_on_block" time="0.006" /><testcase classname="tests.unit.test_risk_fia_compliance.TestCheckKillSwitch" name="test_within_threshold_passes" time="0.006" /><testcase classname="tests.unit.test_risk_fia_compliance.TestCheckKillSwitch" name="test_exceeds_threshold_activates_kill_switch" time="0.006" /><testcase classname="tests.unit.test_risk_fia_compliance.TestCheckKillSwitch" name="test_at_threshold_activates" time="0.006" /><testcase classname="tests.unit.test_risk_fia_compliance.TestCheckKillSwitch" name="test_zero_capital_no_crash" time="0.006" /><testcase classname="tests.unit.test_risk_fia_compliance.TestCheckKillSwitch" name="test_callback_fired_on_kill_switch" time="0.006" /><testcase classname="tests.unit.test_risk_fia_compliance.TestCheckKillSwitch" name="test_callback_exception_does_not_propagate" time="0.006" /><testcase classname="tests.unit.test_risk_fia_compliance.TestCheckKillSwitch" name="test_metadata_on_kill_switch" time="0.006" /><testcase classname="tests.unit.test_risk_fia_compliance.TestValidateMarketData" name="test_valid_tick_passes" time="0.005" /><testcase classname="tests.unit.test_risk_fia_compliance.TestValidateMarketData" name="test_invalid_prices_blocks" time="0.006" /><testcase classname="tests.unit.test_risk_fia_compliance.TestValidateMarketData" name="test_ask_less_than_bid_blocks" time="0.005" /><testcase classname="tests.unit.test_risk_fia_compliance.TestValidateMarketData" name="test_wide_spread_blocks" time="0.006" /><testcase classname="tests.unit.test_risk_fia_compliance.TestValidateMarketData" name="test_stale_datetime_timestamp_blocks" time="0.006" /><testcase classname="tests.unit.test_risk_fia_compliance.TestValidateMarketData" name="test_fresh_datetime_timestamp_passes" time="0.005" /><testcase classname="tests.unit.test_risk_fia_compliance.TestValidateMarketData" name="test_no_timestamp_still_checks_prices" time="0.006" /><testcase classname="tests.unit.test_risk_fia_compliance.TestValidateMarketData" name="test_metadata_on_block" time="0.006" /><testcase classname="tests.unit.test_risk_fia_compliance.TestCheckMessageThrottle" name="test_first_message_passes" time="0.005" /><testcase classname="tests.unit.test_risk_fia_compliance.TestCheckMessageThrottle" name="test_within_limit_passes" time="0.006" /><testcase classname="tests.unit.test_risk_fia_compliance.TestCheckMessageThrottle" name="test_exceeds_limit_blocks" time="0.006" /><testcase classname="tests.unit.test_risk_fia_compliance.TestCheckMessageThrottle" name="test_metadata_on_block" time="0.005" /><testcase classname="tests.unit.test_risk_fia_compliance.TestCheckSelfTrade" name="test_no_resting_orders_passes" time="0.006" /><testcase classname="tests.unit.test_risk_fia_compliance.TestCheckSelfTrade" name="test_same_side_no_cross" time="0.006" /><testcase classname="tests.unit.test_risk_fia_compliance.TestCheckSelfTrade" name="test_buy_crosses_resting_sell" time="0.006" /><testcase classname="tests.unit.test_risk_fia_compliance.TestCheckSelfTrade" name="test_sell_crosses_resting_buy" time="0.006" /><testcase classname="tests.unit.test_risk_fia_compliance.TestCheckSelfTrade" name="test_buy_below_resting_sell_no_cross" time="0.005" /><testcase classname="tests.unit.test_risk_fia_compliance.TestCheckSelfTrade" name="test_sell_above_resting_buy_no_cross" time="0.005" /><testcase classname="tests.unit.test_risk_fia_compliance.TestCheckSelfTrade" name="test_metadata_on_block" time="0.006" /><testcase classname="tests.unit.test_risk_fia_compliance.TestValidateOrder" name="test_valid_order_all_pass" time="0.008" /><testcase classname="tests.unit.test_risk_fia_compliance.TestValidateOrder" name="test_kill_switch_stops_further_checks" time="0.007" /><testcase classname="tests.unit.test_risk_fia_compliance.TestValidateOrder" name="test_oversized_order_blocked" time="0.008" /><testcase classname="tests.unit.test_risk_gatekeeper_coverage.TestGateResult" name="test_passed_default" time="0.006" /><testcase classname="tests.unit.test_risk_gatekeeper_coverage.TestGateResult" name="test_failed_with_reason" time="0.005" /><testcase classname="tests.unit.test_risk_gatekeeper_coverage.TestNewsCalendar" name="test_no_events_not_blackout" time="0.006" /><testcase classname="tests.unit.test_risk_gatekeeper_coverage.TestNewsCalendar" name="test_event_in_window_is_blackout" time="0.006" /><testcase classname="tests.unit.test_risk_gatekeeper_coverage.TestNewsCalendar" name="test_event_outside_window_not_blackout" time="0.005" /><testcase classname="tests.unit.test_risk_gatekeeper_coverage.TestNewsCalendar" name="test_past_event_not_blackout" time="0.006" /><testcase classname="tests.unit.test_risk_gatekeeper_coverage.TestNewsCalendar" name="test_clear_removes_events" time="0.006" /><testcase classname="tests.unit.test_risk_gatekeeper_coverage.TestNewsCalendar" name="test_multiple_events_one_in_window" time="0.006" /><testcase classname="tests.unit.test_risk_gatekeeper_coverage.TestEquityTracker" name="test_initial_state" time="0.006" /><testcase classname="tests.unit.test_risk_gatekeeper_coverage.TestEquityTracker" name="test_daily_dd_after_loss" time="0.006" /><testcase classname="tests.unit.test_risk_gatekeeper_coverage.TestEquityTracker" name="test_max_dd_tracks_peak" time="0.006" /><testcase classname="tests.unit.test_risk_gatekeeper_coverage.TestEquityTracker" name="test_zero_equity_guard" time="0.006" /><testcase classname="tests.unit.test_risk_gatekeeper_coverage.TestEquityTracker" name="test_day_rollover_resets_daily_dd" time="0.006" /><testcase classname="tests.unit.test_risk_gatekeeper_coverage.TestEquityTracker" name="test_equity_recovery_reduces_daily_dd" time="0.006" /><testcase classname="tests.unit.test_risk_gatekeeper_coverage.TestSafeFloat" name="test_returns_first_numeric" time="0.006" /><testcase classname="tests.unit.test_risk_gatekeeper_coverage.TestSafeFloat" name="test_falls_back_to_second_name" time="0.007" /><testcase classname="tests.unit.test_risk_gatekeeper_coverage.TestSafeFloat" name="test_default_when_no_match" time="0.006" /><testcase classname="tests.unit.test_risk_gatekeeper_coverage.TestSafeFloat" name="test_skips_bool" time="0.005" /><testcase classname="tests.unit.test_risk_gatekeeper_coverage.TestSafeFloat" name="test_skips_string" time="0.006" /><testcase classname="tests.unit.test_risk_gatekeeper_coverage.TestRunChecksParams" name="test_all_pass_returns_empty" time="0.017" /><testcase classname="tests.unit.test_risk_gatekeeper_coverage.TestRunChecksParams" name="test_kill_switch_returns_immediately" time="0.010" /><testcase classname="tests.unit.test_risk_gatekeeper_coverage.TestRunChecksParams" name="test_kill_switch_short_circuits_other_checks" time="0.005" /><testcase classname="tests.unit.test_risk_gatekeeper_coverage.TestRunChecksParams" name="test_pause_window_blocks" time="0.008" /><testcase classname="tests.unit.test_risk_gatekeeper_coverage.TestRunChecksParams" name="test_pause_window_expired_passes" time="0.006" /><testcase classname="tests.unit.test_risk_gatekeeper_coverage.TestRunChecksParams" name="test_daily_dd_limit_breach" time="0.007" /><testcase classname="tests.unit.test_risk_gatekeeper_coverage.TestRunChecksParams" name="test_daily_dd_at_limit_blocks" time="0.005" /><testcase classname="tests.unit.test_risk_gatekeeper_coverage.TestRunChecksParams" name="test_daily_dd_below_limit_passes" time="0.009" /><testcase classname="tests.unit.test_risk_gatekeeper_coverage.TestRunChecksParams" name="test_max_dd_limit_breach" time="0.004" /><testcase classname="tests.unit.test_risk_gatekeeper_coverage.TestRunChecksParams" name="test_data_quality_low_blocks" time="0.010" /><testcase classname="tests.unit.test_risk_gatekeeper_coverage.TestRunChecksParams" name="test_data_quality_at_threshold_passes" time="0.010" /><testcase classname="tests.unit.test_risk_gatekeeper_coverage.TestRunChecksParams" name="test_news_blackout_blocks" time="0.008" /><testcase classname="tests.unit.test_risk_gatekeeper_coverage.TestRunChecksParams" name="test_macro_impact_blackout_blocks" time="0.008" /><testcase classname="tests.unit.test_risk_gatekeeper_coverage.TestRunChecksParams" name="test_sentiment_blackout_positive" time="0.008" /><testcase classname="tests.unit.test_risk_gatekeeper_coverage.TestRunChecksParams" name="test_sentiment_blackout_negative" time="0.006" /><testcase classname="tests.unit.test_risk_gatekeeper_coverage.TestRunChecksParams" name="test_daily_trade_cap_blocks" time="0.006" /><testcase classname="tests.unit.test_risk_gatekeeper_coverage.TestRunChecksParams" name="test_low_confidence_blocks" time="0.006" /><testcase classname="tests.unit.test_risk_gatekeeper_coverage.TestRunChecksParams" name="test_spread_too_wide_blocks" time="0.005" /><testcase classname="tests.unit.test_risk_gatekeeper_coverage.TestRunChecksParams" name="test_multiple_failures_accumulated" time="0.006" /><testcase classname="tests.unit.test_risk_gatekeeper_coverage.TestGatekeeperEvaluate" name="test_evaluate_passes_clean_signal" time="0.013" /><testcase classname="tests.unit.test_risk_gatekeeper_coverage.TestGatekeeperEvaluate" name="test_evaluate_blocks_kill_switch" time="0.009" /><testcase classname="tests.unit.test_risk_gatekeeper_coverage.TestGatekeeperEvaluate" name="test_evaluate_blocks_low_confidence" time="0.009" /><testcase classname="tests.unit.test_risk_gatekeeper_coverage.TestGatekeeperEvaluate" name="test_evaluate_blocks_wide_spread" time="0.010" /><testcase classname="tests.unit.test_risk_gatekeeper_coverage.TestGatekeeperEvaluate" name="test_evaluate_increments_pass_count" time="0.011" /><testcase classname="tests.unit.test_risk_gatekeeper_coverage.TestGatekeeperEvaluate" name="test_evaluate_increments_block_count" time="0.010" /><testcase classname="tests.unit.test_risk_gatekeeper_coverage.TestGatekeeperEvaluate" name="test_evaluate_increments_daily_trades_on_pass" time="0.012" /><testcase classname="tests.unit.test_risk_gatekeeper_coverage.TestGatekeeperEvaluate" name="test_evaluate_sets_pause_on_block" time="0.009" /><testcase classname="tests.unit.test_risk_gatekeeper_coverage.TestGatekeeperEvaluate" name="test_evaluate_no_pause_on_kill_switch" time="0.009" /><testcase classname="tests.unit.test_risk_gatekeeper_coverage.TestGatekeeperEvaluate" name="test_evaluate_writes_lineage_on_block" time="0.013" /><testcase classname="tests.unit.test_risk_gatekeeper_coverage.TestGatekeeperEvaluate" name="test_evaluate_no_lineage_no_error" time="0.012" /><testcase classname="tests.unit.test_risk_gatekeeper_coverage.TestGatekeeperEvaluate" name="test_evaluate_failures_list_populated" time="0.009" /><testcase classname="tests.unit.test_risk_gatekeeper_coverage.TestGatekeeperEvaluate" name="test_evaluate_fia_block_on_exception" time="0.014" /><testcase classname="tests.unit.test_risk_gatekeeper_coverage.TestGatekeeperEvaluate" name="test_evaluate_fia_block_on_rule_violation" time="0.012" /><testcase classname="tests.unit.test_risk_gatekeeper_coverage.TestGatekeeperEvaluate" name="test_evaluate_fia_kill_switch_sets_kill_active" time="0.012" /><testcase classname="tests.unit.test_risk_gatekeeper_coverage.TestGatekeeperLifecycle" name="test_activate_kill_switch" time="0.008" /><testcase classname="tests.unit.test_risk_gatekeeper_coverage.TestGatekeeperLifecycle" name="test_deactivate_kill_switch" time="0.008" /><testcase classname="tests.unit.test_risk_gatekeeper_coverage.TestGatekeeperLifecycle" name="test_update_equity" time="0.007" /><testcase classname="tests.unit.test_risk_gatekeeper_coverage.TestGatekeeperLifecycle" name="test_metrics_shape" time="0.006" /><testcase classname="tests.unit.test_risk_gatekeeper_coverage.TestGatekeeperLifecycle" name="test_metrics_initial_values" time="0.008" /><testcase classname="tests.unit.test_risk_gatekeeper_coverage.TestGatekeeperLifecycle" name="test_stop_sets_running_false" time="0.009" /><testcase classname="tests.unit.test_risk_gatekeeper_coverage.TestGatekeeperOrchestratorWiring" name="test_data_quality_from_orchestrator" time="0.010" /><testcase classname="tests.unit.test_risk_gatekeeper_coverage.TestGatekeeperOrchestratorWiring" name="test_data_quality_fallback_when_no_orch" time="0.008" /><testcase classname="tests.unit.test_risk_gatekeeper_coverage.TestGatekeeperOrchestratorWiring" name="test_data_quality_fallback_on_exception" time="0.008" /><testcase classname="tests.unit.test_risk_gatekeeper_coverage.TestGatekeeperOrchestratorWiring" name="test_blackout_from_orchestrator" time="0.008" /><testcase classname="tests.unit.test_risk_gatekeeper_coverage.TestGatekeeperOrchestratorWiring" name="test_blackout_false_from_orchestrator" time="0.008" /><testcase classname="tests.unit.test_risk_gatekeeper_coverage.TestGatekeeperOrchestratorWiring" name="test_blackout_fallback_to_calendar" time="0.009" /><testcase classname="tests.unit.test_risk_gatekeeper_coverage.TestGatekeeperOrchestratorWiring" name="test_impact_score_from_orchestrator" time="0.008" /><testcase classname="tests.unit.test_risk_gatekeeper_coverage.TestGatekeeperOrchestratorWiring" name="test_impact_score_zero_without_orch" time="0.007" /><testcase classname="tests.unit.test_risk_gatekeeper_coverage.TestGatekeeperOrchestratorWiring" name="test_sentiment_from_orchestrator" time="0.010" /><testcase classname="tests.unit.test_risk_gatekeeper_coverage.TestGatekeeperOrchestratorWiring" name="test_sentiment_zero_without_orch" time="0.008" /><testcase classname="tests.unit.test_risk_gatekeeper_coverage.TestGatekeeperOrchestratorWiring" name="test_sentiment_fallback_on_exception" time="0.008" /><testcase classname="tests.unit.test_risk_gatekeeper_coverage.TestGatekeeperLineage" name="test_lineage_write_called_with_correct_direction" time="0.009" /><testcase classname="tests.unit.test_risk_gatekeeper_coverage.TestGatekeeperLineage" name="test_lineage_write_no_crash_on_exception" time="0.008" /><testcase classname="tests.unit.test_risk_gatekeeper_coverage.TestGatekeeperLineage" name="test_lineage_none_skips_write" time="0.008" /><testcase classname="tests.unit.test_risk_gatekeeper_coverage.TestBreachListener" name="test_breach_listener_equity_update" time="0.009" /><testcase classname="tests.unit.test_risk_gatekeeper_coverage.TestBreachListener" name="test_breach_listener_kill_event" time="0.011" /><testcase classname="tests.unit.test_risk_gatekeeper_coverage.TestBreachListener" name="test_breach_listener_kill_event_variant" time="0.012" /><testcase classname="tests.unit.test_risk_gatekeeper_coverage.TestRunChecksUnified" name="test_dict_signal_passes" time="0.008" /><testcase classname="tests.unit.test_risk_gatekeeper_coverage.TestRunChecksUnified" name="test_dict_signal_low_confidence" time="0.007" /><testcase classname="tests.unit.test_risk_gatekeeper_coverage.TestRunChecksUnified" name="test_object_signal_passes" time="0.007" /><testcase classname="tests.unit.test_risk_gatekeeper_coverage.TestRunChecksUnified" name="test_object_signal_wide_spread" time="0.008" /><testcase classname="tests.unit.test_risk_gatekeeper_coverage.TestOnBusSignal" name="test_on_bus_signal_pass_publishes_order" time="0.013" /><testcase classname="tests.unit.test_risk_gatekeeper_coverage.TestOnBusSignal" name="test_on_bus_signal_block_publishes_breach" time="0.011" /><testcase classname="tests.unit.test_risk_gatekeeper_coverage.TestOnBusSignal" name="test_on_bus_signal_block_sets_pause" time="0.013" /><testcase classname="tests.unit.test_risk_gatekeeper_coverage.TestOnBusSignal" name="test_on_bus_signal_kill_switch_no_pause" time="0.011" /><testcase classname="tests.unit.test_risk_gatekeeper_coverage.TestSignalConsumer" name="test_signal_consumer_processes_signal" time="0.011" /><testcase classname="tests.unit.test_risk_gatekeeper_coverage.TestSignalConsumer" name="test_signal_consumer_skips_heartbeat" time="0.010" /><testcase classname="tests.unit.test_risk_gatekeeper_coverage.TestSignalConsumer" name="test_signal_consumer_handles_exception" time="0.012" /><testcase classname="tests.unit.test_risk_gatekeeper_coverage.TestGetDataQualityFallback" name="test_signal_fallback_when_orch_returns_zero" time="0.009" /><testcase classname="tests.unit.test_risk_gatekeeper_coverage.TestGetDataQualityFallback" name="test_signal_fallback_default_when_no_attribute" time="0.009" /><testcase classname="tests.unit.test_risk_gatekeeper_coverage.TestGetDataQualityFallback" name="test_orch_quality_takes_priority" time="0.009" /><testcase classname="tests.unit.test_risk_gatekeeper_coverage.TestGetImpactScoreFallback" name="test_signal_fallback_when_orch_returns_zero" time="0.008" /><testcase classname="tests.unit.test_risk_gatekeeper_coverage.TestGetImpactScoreFallback" name="test_orch_impact_takes_priority" time="0.007" /><testcase classname="tests.unit.test_risk_gatekeeper_coverage.TestGetSentimentFallback" name="test_signal_fallback_when_orch_returns_zero" time="0.007" /><testcase classname="tests.unit.test_risk_gatekeeper_coverage.TestGetSentimentFallback" name="test_orch_sentiment_takes_priority" time="0.008" /><testcase classname="tests.unit.test_risk_gatekeeper_coverage.TestGatekeeperSingleton" name="test_singleton_exists" time="0.007" /><testcase classname="tests.unit.test_risk_gatekeeper_coverage.TestGatekeeperSingleton" name="test_singleton_is_gatekeeper_instance" time="0.007" /><testcase classname="tests.unit.test_risk_gatekeeper_coverage.TestGatekeeperSingleton" name="test_singleton_has_metrics" time="0.008" /><testcase classname="tests.unit.test_risk_intra_trade_monitor.TestOpenPosition" name="test_peak_price_initialised_to_entry" time="0.008" /><testcase classname="tests.unit.test_risk_intra_trade_monitor.TestOpenPosition" name="test_mtm_pnl_default_zero" time="0.007" /><testcase classname="tests.unit.test_risk_intra_trade_monitor.TestIntraTradeMonitorInit" name="test_default_equity" time="0.009" /><testcase classname="tests.unit.test_risk_intra_trade_monitor.TestIntraTradeMonitorInit" name="test_no_positions_initially" time="0.007" /><testcase classname="tests.unit.test_risk_intra_trade_monitor.TestOnOpen" name="test_position_tracked" time="0.007" /><testcase classname="tests.unit.test_risk_intra_trade_monitor.TestOnOpen" name="test_multiple_positions" time="0.007" /><testcase classname="tests.unit.test_risk_intra_trade_monitor.TestOnClose" name="test_long_profit" time="0.007" /><testcase classname="tests.unit.test_risk_intra_trade_monitor.TestOnClose" name="test_short_profit" time="0.007" /><testcase classname="tests.unit.test_risk_intra_trade_monitor.TestOnClose" name="test_unknown_position_returns_none" time="0.007" /><testcase classname="tests.unit.test_risk_intra_trade_monitor.TestOnTick" name="test_no_positions_returns_empty" time="0.006" /><testcase classname="tests.unit.test_risk_intra_trade_monitor.TestOnTick" name="test_normal_tick_no_unwind" time="0.007" /><testcase classname="tests.unit.test_risk_intra_trade_monitor.TestOnTick" name="test_low_data_quality_triggers_unwind" time="0.008" /><testcase classname="tests.unit.test_risk_intra_trade_monitor.TestOnTick" name="test_zero_mid_ignored" time="0.007" /><testcase classname="tests.unit.test_risk_intra_trade_monitor.TestOnTick" name="test_tick_count_increments" time="0.007" /><testcase classname="tests.unit.test_risk_intra_trade_monitor.TestOnTick" name="test_mtm_updated_on_tick" time="0.007" /><testcase classname="tests.unit.test_risk_intra_trade_monitor.TestOnTick" name="test_portfolio_drawdown_trigger" time="0.009" /><testcase classname="tests.unit.test_risk_intra_trade_monitor.TestUpdateEquity" name="test_equity_updated" time="0.008" /><testcase classname="tests.unit.test_risk_intra_trade_monitor.TestUpdateEquity" name="test_peak_equity_tracks_high" time="0.007" /><testcase classname="tests.unit.test_risk_intra_trade_monitor.TestSnapshot" name="test_snapshot_keys" time="0.006" /><testcase classname="tests.unit.test_risk_intra_trade_monitor.TestSnapshot" name="test_snapshot_with_position" time="0.007" /><testcase classname="tests.unit.test_risk_intra_trade_monitor.TestCVaRUnwind" name="test_cvar_limit_triggers_unwind" time="0.007" /><testcase classname="tests.unit.test_risk_intra_trade_monitor.TestPortfolioDrawdownUnwind" name="test_portfolio_dd_triggers_unwind" time="0.007" /><testcase classname="tests.unit.test_risk_intra_trade_monitor.TestVolSpikeUnwind" name="test_vol_spike_triggers_unwind" time="0.007" /><testcase classname="tests.unit.test_risk_intra_trade_monitor.TestVolSpikeUnwind" name="test_vol_spike_with_position_no_crash" time="0.011" /><testcase classname="tests.unit.test_risk_intra_trade_monitor.TestPerPositionDrawdownUnwind" name="test_position_dd_triggers_unwind" time="0.008" /><testcase classname="tests.unit.test_risk_intra_trade_monitor.TestPerPositionDrawdownUnwind" name="test_short_position_dd_triggers_unwind" time="0.008" /><testcase classname="tests.unit.test_risk_intra_trade_monitor.TestOnCloseEquityUpdate" name="test_on_close_updates_equity" time="0.007" /><testcase classname="tests.unit.test_risk_intra_trade_monitor.TestOnCloseEquityUpdate" name="test_on_close_updates_peak_equity" time="0.007" /><testcase classname="tests.unit.test_risk_intra_trade_monitor.TestRecordUnwindLogTruncation" name="test_unwind_log_truncated_at_500" time="0.009" /><testcase classname="tests.unit.test_risk_intra_trade_monitor.TestComputeCVaREdgeCases" name="test_cvar_returns_zero_with_few_ticks" time="0.008" /><testcase classname="tests.unit.test_risk_intra_trade_monitor.TestComputeCVaREdgeCases" name="test_cvar_returns_zero_with_no_positions" time="0.008" /><testcase classname="tests.unit.test_risk_intra_trade_monitor.TestVolSpikeRatioEdgeCases" name="test_vol_ratio_returns_one_with_few_ticks" time="0.007" /><testcase classname="tests.unit.test_risk_intra_trade_monitor.TestPositionDrawdownEdgeCases" name="test_position_dd_zero_when_no_peak_profit" time="0.007" /><testcase classname="tests.unit.test_risk_intra_trade_monitor.TestPositionDrawdownEdgeCases" name="test_position_dd_capped_at_one" time="0.007" /><testcase classname="tests.unit.test_risk_manager.TestRiskManager" name="test_position_size_limit_check" time="0.008" /><testcase classname="tests.unit.test_risk_manager.TestRiskManager" name="test_price_tolerance_check" time="0.009" /><testcase classname="tests.unit.test_risk_manager.TestRiskManager" name="test_kill_switch_activation" time="0.032" /><testcase classname="tests.unit.test_risk_manager.TestRiskManager" name="test_max_drawdown_protection" time="0.009" /><testcase classname="tests.unit.test_risk_manager.TestRiskManager" name="test_correlation_risk" time="0.009" /><testcase classname="tests.unit.test_risk_manager.TestRiskManager" name="test_concentration_risk" time="0.009" /><testcase classname="tests.unit.test_risk_manager.TestRiskAnalytics" name="test_var_calculation" time="0.008" /><testcase classname="tests.unit.test_risk_manager.TestRiskAnalytics" name="test_expected_shortfall" time="0.008" /><testcase classname="tests.unit.test_risk_manager.TestRiskAnalytics" name="test_sharpe_ratio" time="0.007" /><testcase classname="tests.unit.test_risk_manager.TestOandaIntegration" name="test_connection_validation" time="0.010" /><testcase classname="tests.unit.test_risk_manager.TestOandaIntegration" name="test_order_placement_risk_checks" time="0.011" /><testcase classname="tests.unit.test_risk_manager.TestOandaIntegration" name="test_order_rejection_on_risk_failure" time="0.010" /><testcase classname="tests.unit.test_risk_manager.TestTradingWorkflow" name="test_full_trading_cycle" time="0.026" /><testcase classname="tests.unit.test_risk_manager_coverage.TestPositionSizingResult" name="test_size_alias" time="0.008" /><testcase classname="tests.unit.test_risk_manager_coverage.TestPositionSizingResult" name="test_approved_positive" time="0.007" /><testcase classname="tests.unit.test_risk_manager_coverage.TestPositionSizingResult" name="test_approved_zero" time="0.008" /><testcase classname="tests.unit.test_risk_manager_coverage.TestPositionSizingResult" name="test_lot_size" time="0.008" /><testcase classname="tests.unit.test_risk_manager_coverage.TestPositionSizingResult" name="test_recommended_size" time="0.008" /><testcase classname="tests.unit.test_risk_manager_coverage.TestPositionSizingResult" name="test_stop_loss_price_property" time="0.006" /><testcase classname="tests.unit.test_risk_manager_coverage.TestPositionSizingResult" name="test_take_profit_price_property" time="0.008" /><testcase classname="tests.unit.test_risk_manager_coverage.TestRiskConfig" name="test_defaults" time="0.008" /><testcase classname="tests.unit.test_risk_manager_coverage.TestRiskConfig" name="test_custom_values" time="0.008" /><testcase classname="tests.unit.test_risk_manager_coverage.TestRiskConfig" name="test_kelly_fraction_stored" time="0.008" /><testcase classname="tests.unit.test_risk_manager_coverage.TestRiskState" name="test_zero_drawdown_at_start" time="0.008" /><testcase classname="tests.unit.test_risk_manager_coverage.TestRiskState" name="test_current_drawdown_after_loss" time="0.008" /><testcase classname="tests.unit.test_risk_manager_coverage.TestRiskState" name="test_daily_drawdown" time="0.007" /><testcase classname="tests.unit.test_risk_manager_coverage.TestRiskState" name="test_update_equity_raises_peak" time="0.007" /><testcase classname="tests.unit.test_risk_manager_coverage.TestRiskState" name="test_update_equity_day_rollover" time="0.007" /><testcase classname="tests.unit.test_risk_manager_coverage.TestRiskManagerConstruction" name="test_default_construction" time="0.006" /><testcase classname="tests.unit.test_risk_manager_coverage.TestRiskManagerConstruction" name="test_custom_initial_balance" time="0.007" /><testcase classname="tests.unit.test_risk_manager_coverage.TestRiskManagerConstruction" name="test_custom_config" time="0.007" /><testcase classname="tests.unit.test_risk_manager_coverage.TestRiskManagerConstruction" name="test_kill_switch_false_initially" time="0.008" /><testcase classname="tests.unit.test_risk_manager_coverage.TestRiskManagerConstruction" name="test_open_positions_empty_initially" time="0.008" /><testcase classname="tests.unit.test_risk_manager_coverage.TestRiskManagerConstruction" name="test_peak_equity_property" time="0.007" /><testcase classname="tests.unit.test_risk_manager_coverage.TestRiskManagerConstruction" name="test_daily_starting_equity_property" time="0.007" /><testcase classname="tests.unit.test_risk_manager_coverage.TestRiskManagerConstruction" name="test_halt_state_file_param" time="0.010" /><testcase classname="tests.unit.test_risk_manager_coverage.TestRiskManagerConstruction" name="test_open_positions_setter" time="0.007" /><testcase classname="tests.unit.test_risk_manager_coverage.TestRiskManagerConstruction" name="test_peak_equity_setter" time="0.008" /><testcase classname="tests.unit.test_risk_manager_coverage.TestRiskManagerConstruction" name="test_daily_starting_equity_setter" time="0.007" /><testcase classname="tests.unit.test_risk_manager_coverage.TestSizeOrderHardGates" name="test_returns_positive_quantity_normal" time="0.008" /><testcase classname="tests.unit.test_risk_manager_coverage.TestSizeOrderHardGates" name="test_halted_returns_zero" time="0.008" /><testcase classname="tests.unit.test_risk_manager_coverage.TestSizeOrderHardGates" name="test_daily_dd_limit_returns_zero" time="0.021" /><testcase classname="tests.unit.test_risk_manager_coverage.TestSizeOrderHardGates" name="test_max_dd_limit_returns_zero" time="0.021" /><testcase classname="tests.unit.test_risk_manager_coverage.TestSizeOrderHardGates" name="test_max_open_positions_returns_zero" time="0.008" /><testcase classname="tests.unit.test_risk_manager_coverage.TestSizeOrderHardGates" name="test_low_data_quality_returns_zero" time="0.008" /><testcase classname="tests.unit.test_risk_manager_coverage.TestSizeOrderHardGates" name="test_symbol_and_direction_preserved" time="0.008" /><testcase classname="tests.unit.test_risk_manager_coverage.TestSizeOrderHardGates" name="test_sizing_history_appended" time="0.009" /><testcase classname="tests.unit.test_risk_manager_coverage.TestSizeOrderHardGates" name="test_lineage_write_called" time="0.009" /><testcase classname="tests.unit.test_risk_manager_coverage.TestSizeOrderHardGates" name="test_lineage_write_no_crash_on_exception" time="0.009" /><testcase classname="tests.unit.test_risk_manager_coverage.TestSizeOrderHardGates" name="test_notional_within_bounds" time="0.008" /><testcase classname="tests.unit.test_risk_manager_coverage.TestSizeOrderScaling" name="test_short_stop_above_entry" time="0.010" /><testcase classname="tests.unit.test_risk_manager_coverage.TestSizeOrderScaling" name="test_long_stop_below_entry" time="0.009" /><testcase classname="tests.unit.test_risk_manager_coverage.TestSizeOrderScaling" name="test_high_sentiment_reduces_size" time="0.011" /><testcase classname="tests.unit.test_risk_manager_coverage.TestSizeOrderScaling" name="test_high_impact_reduces_size" time="0.011" /><testcase classname="tests.unit.test_risk_manager_coverage.TestSizeOrderScaling" name="test_zero_mid_price_blocks_order" time="0.009" /><testcase classname="tests.unit.test_risk_manager_coverage.TestAssess" name="test_approved_normal" time="0.008" /><testcase classname="tests.unit.test_risk_manager_coverage.TestAssess" name="test_rejected_when_halted" time="0.007" /><testcase classname="tests.unit.test_risk_manager_coverage.TestAssess" name="test_rejected_daily_dd" time="0.008" /><testcase classname="tests.unit.test_risk_manager_coverage.TestAssess" name="test_rejected_low_data_quality" time="0.008" /><testcase classname="tests.unit.test_risk_manager_coverage.TestAssess" name="test_returns_risk_assessment_type" time="0.008" /><testcase classname="tests.unit.test_risk_manager_coverage.TestAssess" name="test_includes_drawdown_pct" time="0.008" /><testcase classname="tests.unit.test_risk_manager_coverage.TestAssess" name="test_includes_var" time="0.008" /><testcase classname="tests.unit.test_risk_manager_coverage.TestEquityAndPositionUpdates" name="test_update_equity_raises_peak" time="0.007" /><testcase classname="tests.unit.test_risk_manager_coverage.TestEquityAndPositionUpdates" name="test_update_equity_auto_halt_on_max_dd" time="0.021" /><testcase classname="tests.unit.test_risk_manager_coverage.TestEquityAndPositionUpdates" name="test_update_equity_auto_halt_on_daily_loss" time="0.020" /><testcase classname="tests.unit.test_risk_manager_coverage.TestEquityAndPositionUpdates" name="test_on_fill_increments_open_positions" time="0.007" /><testcase classname="tests.unit.test_risk_manager_coverage.TestEquityAndPositionUpdates" name="test_on_close_decrements_open_positions" time="0.007" /><testcase classname="tests.unit.test_risk_manager_coverage.TestEquityAndPositionUpdates" name="test_on_close_updates_pnl" time="0.007" /><testcase classname="tests.unit.test_risk_manager_coverage.TestEquityAndPositionUpdates" name="test_on_close_no_negative_positions" time="0.007" /><testcase classname="tests.unit.test_risk_manager_coverage.TestEquityAndPositionUpdates" name="test_notify_position_opened" time="0.008" /><testcase classname="tests.unit.test_risk_manager_coverage.TestEquityAndPositionUpdates" name="test_notify_position_closed" time="0.008" /><testcase classname="tests.unit.test_risk_manager_coverage.TestEquityAndPositionUpdates" name="test_record_partial_fill" time="0.007" /><testcase classname="tests.unit.test_risk_manager_coverage.TestHaltResume" name="test_halt_trading_sets_halt" time="0.020" /><testcase classname="tests.unit.test_risk_manager_coverage.TestHaltResume" name="test_resume_trading_clears_halt" time="0.018" /><testcase classname="tests.unit.test_risk_manager_coverage.TestHaltResume" name="test_halt_persists_to_file" time="0.020" /><testcase classname="tests.unit.test_risk_manager_coverage.TestHaltResume" name="test_restore_halt_state_from_file" time="0.010" /><testcase classname="tests.unit.test_risk_manager_coverage.TestHaltResume" name="test_clear_halt_state_removes_file" time="0.010" /><testcase classname="tests.unit.test_risk_manager_coverage.TestHaltResume" name="test_halt_state_file_none_no_crash" time="0.018" /><testcase classname="tests.unit.test_risk_manager_coverage.TestCalculatePositionSize" name="test_returns_positive_quantity" time="0.008" /><testcase classname="tests.unit.test_risk_manager_coverage.TestCalculatePositionSize" name="test_uses_account_equity_param" time="0.008" /><testcase classname="tests.unit.test_risk_manager_coverage.TestCalculatePositionSize" name="test_stop_loss_override" time="0.008" /><testcase classname="tests.unit.test_risk_manager_coverage.TestCalculatePositionSize" name="test_take_profit_override" time="0.008" /><testcase classname="tests.unit.test_risk_manager_coverage.TestCalculatePositionSize" name="test_signal_strength_used_as_confidence" time="0.008" /><testcase classname="tests.unit.test_risk_manager_coverage.TestAssessRisk" name="test_approved_normal" time="0.007" /><testcase classname="tests.unit.test_risk_manager_coverage.TestAssessRisk" name="test_blocked_invalid_equity" time="0.008" /><testcase classname="tests.unit.test_risk_manager_coverage.TestAssessRisk" name="test_blocked_when_halted" time="0.007" /><testcase classname="tests.unit.test_risk_manager_coverage.TestAssessRisk" name="test_blocked_max_drawdown" time="0.019" /><testcase classname="tests.unit.test_risk_manager_coverage.TestAssessRisk" name="test_blocked_max_positions" time="0.005" /><testcase classname="tests.unit.test_risk_manager_coverage.TestAssessRisk" name="test_uses_balance_key_fallback" time="0.008" /><testcase classname="tests.unit.test_risk_manager_coverage.TestCheckModifyOrder" name="test_allowed_within_limits" time="0.007" /><testcase classname="tests.unit.test_risk_manager_coverage.TestCheckModifyOrder" name="test_blocked_exceeds_limit" time="0.007" /><testcase classname="tests.unit.test_risk_manager_coverage.TestGetDrawdownStatus" name="test_returns_dict_with_keys" time="0.007" /><testcase classname="tests.unit.test_risk_manager_coverage.TestGetDrawdownStatus" name="test_fallback_path_without_tracker" time="0.007" /><testcase classname="tests.unit.test_risk_manager_coverage.TestScalingFactors" name="test_quality_factor_at_min" time="0.008" /><testcase classname="tests.unit.test_risk_manager_coverage.TestScalingFactors" name="test_quality_factor_at_max" time="0.008" /><testcase classname="tests.unit.test_risk_manager_coverage.TestScalingFactors" name="test_sentiment_factor_zero_sentiment" time="0.007" /><testcase classname="tests.unit.test_risk_manager_coverage.TestScalingFactors" name="test_sentiment_factor_high_sentiment" time="0.007" /><testcase classname="tests.unit.test_risk_manager_coverage.TestScalingFactors" name="test_impact_factor_zero" time="0.006" /><testcase classname="tests.unit.test_risk_manager_coverage.TestScalingFactors" name="test_impact_factor_high" time="0.007" /><testcase classname="tests.unit.test_risk_manager_coverage.TestScalingFactors" name="test_drawdown_factor_no_drawdown" time="0.006" /><testcase classname="tests.unit.test_risk_manager_coverage.TestOrchestratorAccessors" name="test_get_current_gold_price_with_orch" time="0.009" /><testcase classname="tests.unit.test_risk_manager_coverage.TestOrchestratorAccessors" name="test_get_current_gold_price_no_orch" time="0.007" /><testcase classname="tests.unit.test_risk_manager_coverage.TestOrchestratorAccessors" name="test_get_current_gold_price_exception" time="0.007" /><testcase classname="tests.unit.test_risk_manager_coverage.TestOrchestratorAccessors" name="test_get_macro_impact_score_with_orch" time="0.008" /><testcase classname="tests.unit.test_risk_manager_coverage.TestOrchestratorAccessors" name="test_get_macro_impact_score_no_orch" time="0.007" /><testcase classname="tests.unit.test_risk_manager_coverage.TestOrchestratorAccessors" name="test_get_data_quality_from_orch" time="0.008" /><testcase classname="tests.unit.test_risk_manager_coverage.TestOrchestratorAccessors" name="test_get_data_quality_fallback_to_signal" time="0.008" /><testcase classname="tests.unit.test_risk_manager_coverage.TestOrchestratorAccessors" name="test_get_orchestrator_features_with_orch" time="0.007" /><testcase classname="tests.unit.test_risk_manager_coverage.TestOrchestratorAccessors" name="test_get_orchestrator_features_fallback" time="0.007" /><testcase classname="tests.unit.test_risk_manager_coverage.TestValueAtRisk" name="test_returns_zero_with_few_samples" time="0.007" /><testcase classname="tests.unit.test_risk_manager_coverage.TestValueAtRisk" name="test_returns_negative_with_losses" time="0.007" /><testcase classname="tests.unit.test_risk_manager_coverage.TestValueAtRisk" name="test_returns_float" time="0.007" /><testcase classname="tests.unit.test_risk_manager_coverage.TestCheckPriceTolerance" name="test_within_tolerance_passes" time="0.007" /><testcase classname="tests.unit.test_risk_manager_coverage.TestCheckPriceTolerance" name="test_exceeds_tolerance_fails" time="0.007" /><testcase classname="tests.unit.test_risk_manager_coverage.TestCheckPriceTolerance" name="test_zero_reference_price_passes" time="0.007" /><testcase classname="tests.unit.test_risk_manager_coverage.TestCheckPriceTolerance" name="test_object_order" time="0.008" /><testcase classname="tests.unit.test_risk_manager_coverage.TestDrawdownRiskLevel" name="test_low_at_zero_drawdown" time="0.006" /><testcase classname="tests.unit.test_risk_manager_coverage.TestDrawdownRiskLevel" name="test_medium_at_mid_drawdown" time="0.009" /><testcase classname="tests.unit.test_risk_manager_coverage.TestDrawdownRiskLevel" name="test_high_near_limit" time="0.006" /><testcase classname="tests.unit.test_risk_manager_coverage.TestCurrentDrawdownSetter" name="test_setter_updates_state" time="0.008" /><testcase classname="tests.unit.test_risk_manager_coverage.TestCurrentDrawdownSetter" name="test_setter_zero" time="0.007" /><testcase classname="tests.unit.test_risk_manager_coverage.TestCheckCvarPreTrade" name="test_passes_with_no_history" time="0.006" /><testcase classname="tests.unit.test_risk_manager_coverage.TestCheckCvarPreTrade" name="test_returns_tuple" time="0.007" /><testcase classname="tests.unit.test_risk_manager_coverage.TestCheckCvarPreTrade" name="test_blocked_when_halted" time="0.007" /><testcase classname="tests.unit.test_risk_manager_coverage.TestCheckCvarPreTrade" name="test_disabled_when_limit_zero" time="0.007" /><testcase classname="tests.unit.test_risk_manager_coverage.TestCheckCvarPreTrade" name="test_blocked_when_cvar_exceeds_limit" time="0.008" /><testcase classname="tests.unit.test_risk_manager_coverage.TestCheckCvarPreTrade" name="test_record_return_appends" time="0.007" /><testcase classname="tests.unit.test_risk_manager_coverage.TestFactorScaleSize" name="test_returns_unchanged_when_no_engine" time="0.026" /><testcase classname="tests.unit.test_risk_manager_coverage.TestFactorScaleSize" name="test_returns_unchanged_on_exception" time="0.007" /><testcase classname="tests.unit.test_risk_manager_coverage.TestFactorScaleSize" name="test_scales_down_when_ratio_exceeds_limit" time="0.010" /><testcase classname="tests.unit.test_risk_manager_coverage.TestGetFactorRiskReport" name="test_returns_dict" time="0.040" /><testcase classname="tests.unit.test_risk_manager_coverage.TestGetFactorRiskReport" name="test_returns_unavailable_on_exception" time="0.014" /><testcase classname="tests.unit.test_risk_manager_coverage.TestCheckCircuitBreakers" name="test_no_action_when_already_halted" time="0.007" /><testcase classname="tests.unit.test_risk_manager_coverage.TestCheckCircuitBreakers" name="test_halts_on_max_drawdown" time="0.020" /><testcase classname="tests.unit.test_risk_manager_coverage.TestCheckCircuitBreakers" name="test_amber_warning_at_60pct_threshold" time="0.010" /><testcase classname="tests.unit.test_risk_manager_coverage.TestCheckCircuitBreakers" name="test_amber_warning_not_repeated" time="0.007" /><testcase classname="tests.unit.test_risk_manager_coverage.TestValidateTrade" name="test_approved_normal" time="0.007" /><testcase classname="tests.unit.test_risk_manager_coverage.TestValidateTrade" name="test_blocked_when_halted" time="0.007" /><testcase classname="tests.unit.test_risk_manager_coverage.TestValidateTrade" name="test_blocked_max_positions" time="0.007" /><testcase classname="tests.unit.test_risk_manager_coverage.TestValidateTrade" name="test_blocked_size_too_large" time="0.007" /><testcase classname="tests.unit.test_risk_manager_coverage.TestValidateTrade" name="test_blocked_zero_quantity" time="0.007" /><testcase classname="tests.unit.test_risk_manager_coverage.TestValidateTrade" name="test_accepts_size_kwarg" time="0.007" /><testcase classname="tests.unit.test_risk_manager_coverage.TestCheckRiskLimits" name="test_within_limits" time="0.007" /><testcase classname="tests.unit.test_risk_manager_coverage.TestCheckRiskLimits" name="test_violation_when_halted" time="0.006" /><testcase classname="tests.unit.test_risk_manager_coverage.TestCheckRiskLimits" name="test_violation_on_drawdown" time="0.007" /><testcase classname="tests.unit.test_risk_manager_coverage.TestCanOpenPosition" name="test_approved" time="0.006" /><testcase classname="tests.unit.test_risk_manager_coverage.TestCanOpenPosition" name="test_blocked_halted" time="0.007" /><testcase classname="tests.unit.test_risk_manager_coverage.TestCanOpenPosition" name="test_blocked_max_positions" time="0.007" /><testcase classname="tests.unit.test_risk_manager_coverage.TestCanOpenPosition" name="test_blocked_size_too_large" time="0.007" /><testcase classname="tests.unit.test_risk_manager_coverage.TestCanOpenPosition" name="test_blocked_max_drawdown" time="0.006" /><testcase classname="tests.unit.test_risk_manager_coverage.TestPositionRegistry" name="test_register_position" time="0.007" /><testcase classname="tests.unit.test_risk_manager_coverage.TestPositionRegistry" name="test_close_position_removes_it" time="0.007" /><testcase classname="tests.unit.test_risk_manager_coverage.TestPositionRegistry" name="test_close_position_updates_pnl" time="0.007" /><testcase classname="tests.unit.test_risk_manager_coverage.TestMetrics" name="test_metrics_shape" time="0.006" /><testcase classname="tests.unit.test_risk_manager_coverage.TestMetrics" name="test_metrics_initial_values" time="0.006" /><testcase classname="tests.unit.test_risk_manager_coverage.TestBalanceAliases" name="test_current_balance_getter" time="0.006" /><testcase classname="tests.unit.test_risk_manager_coverage.TestBalanceAliases" name="test_current_balance_setter" time="0.007" /><testcase classname="tests.unit.test_risk_manager_coverage.TestBalanceAliases" name="test_peak_balance_getter" time="0.006" /><testcase classname="tests.unit.test_risk_manager_coverage.TestBalanceAliases" name="test_peak_balance_setter" time="0.008" /><testcase classname="tests.unit.test_risk_manager_coverage.TestBalanceAliases" name="test_daily_pnl_getter" time="0.007" /><testcase classname="tests.unit.test_risk_manager_coverage.TestBalanceAliases" name="test_daily_pnl_setter" time="0.007" /><testcase classname="tests.unit.test_risk_manager_coverage.TestBalanceAliases" name="test_daily_trades_getter" time="0.006" /><testcase classname="tests.unit.test_risk_manager_coverage.TestBalanceAliases" name="test_daily_trades_setter" time="0.007" /><testcase classname="tests.unit.test_risk_manager_coverage.TestRiskManagerSingleton" name="test_singleton_exists" time="0.005" /><testcase classname="tests.unit.test_risk_manager_coverage.TestRiskManagerSingleton" name="test_singleton_is_risk_manager" time="0.007" /><testcase classname="tests.unit.test_risk_modules_coverage.TestSelfTradePrevention" name="test_no_self_trade_different_accounts" time="0.007" /><testcase classname="tests.unit.test_risk_modules_coverage.TestSelfTradePrevention" name="test_self_trade_same_account_detected" time="0.008" /><testcase classname="tests.unit.test_risk_modules_coverage.TestSelfTradePrevention" name="test_no_cross_when_prices_dont_match" time="0.006" /><testcase classname="tests.unit.test_risk_modules_coverage.TestSelfTradePrevention" name="test_cancel_new_action" time="0.008" /><testcase classname="tests.unit.test_risk_modules_coverage.TestSelfTradePrevention" name="test_cancel_both_action" time="0.008" /><testcase classname="tests.unit.test_risk_modules_coverage.TestSelfTradePrevention" name="test_decrement_size_action" time="0.008" /><testcase classname="tests.unit.test_risk_modules_coverage.TestSelfTradePrevention" name="test_add_and_remove_resting_order" time="0.007" /><testcase classname="tests.unit.test_risk_modules_coverage.TestSelfTradePrevention" name="test_no_resting_orders_returns_none" time="0.007" /><testcase classname="tests.unit.test_risk_modules_coverage.TestSelfTradePrevention" name="test_firm_level_matches_all_accounts" time="0.008" /><testcase classname="tests.unit.test_risk_modules_coverage.TestSelfTradePrevention" name="test_strategy_level_same_strategy" time="0.010" /><testcase classname="tests.unit.test_risk_modules_coverage.TestSelfTradePrevention" name="test_sell_new_vs_buy_resting" time="0.008" /><testcase classname="tests.unit.test_risk_modules_coverage.TestSelfTradePrevention" name="test_same_side_no_cross" time="0.007" /><testcase classname="tests.unit.test_risk_modules_coverage.TestComputeVar" name="test_basic_var" time="0.009" /><testcase classname="tests.unit.test_risk_modules_coverage.TestComputeVar" name="test_var_result_confidence" time="0.009" /><testcase classname="tests.unit.test_risk_modules_coverage.TestComputeVar" name="test_var_insufficient_data_raises" time="0.007" /><testcase classname="tests.unit.test_risk_modules_coverage.TestComputeVar" name="test_var_invalid_confidence_raises" time="0.009" /><testcase classname="tests.unit.test_risk_modules_coverage.TestComputeVar" name="test_var_horizon_scaling" time="0.012" /><testcase classname="tests.unit.test_risk_modules_coverage.TestComputeVar" name="test_var_property_returns_max" time="0.008" /><testcase classname="tests.unit.test_risk_modules_coverage.TestComputeES" name="test_basic_es" time="0.009" /><testcase classname="tests.unit.test_risk_modules_coverage.TestComputeES" name="test_es_insufficient_data_raises" time="0.007" /><testcase classname="tests.unit.test_risk_modules_coverage.TestComputeES" name="test_es_property" time="0.008" /><testcase classname="tests.unit.test_risk_modules_coverage.TestComputeES" name="test_es_n_observations" time="0.010" /><testcase classname="tests.unit.test_risk_modules_coverage.TestSimulateSlippage" name="test_basic_slippage" time="0.007" /><testcase classname="tests.unit.test_risk_modules_coverage.TestSimulateSlippage" name="test_slippage_sell_side" time="0.008" /><testcase classname="tests.unit.test_risk_modules_coverage.TestSimulateSlippage" name="test_larger_quantity_more_impact" time="0.007" /><testcase classname="tests.unit.test_risk_modules_coverage.TestComputeSharpe" name="test_basic_sharpe" time="0.008" /><testcase classname="tests.unit.test_risk_modules_coverage.TestComputeSharpe" name="test_sharpe_annualised_return" time="0.007" /><testcase classname="tests.unit.test_risk_modules_coverage.TestComputeSharpe" name="test_sharpe_n_observations" time="0.007" /><testcase classname="tests.unit.test_risk_modules_coverage.TestComputeSharpe" name="test_sharpe_insufficient_data_raises" time="0.007" /><testcase classname="tests.unit.test_risk_modules_coverage.TestComputeMaxDrawdown" name="test_flat_curve_zero_drawdown" time="0.006" /><testcase classname="tests.unit.test_risk_modules_coverage.TestComputeMaxDrawdown" name="test_declining_curve" time="0.006" /><testcase classname="tests.unit.test_risk_modules_coverage.TestComputeMaxDrawdown" name="test_recovery_curve" time="0.007" /><testcase classname="tests.unit.test_risk_modules_coverage.TestRiskAnalyticsFacade" name="test_instantiation" time="0.007" /><testcase classname="tests.unit.test_risk_modules_coverage.TestRiskAnalyticsFacade" name="test_facade_platform_var_no_data" time="0.008" /><testcase classname="tests.unit.test_risk_modules_coverage.TestRiskAnalyticsFacade" name="test_facade_platform_var_note_on_no_data" time="0.007" /><testcase classname="tests.unit.test_risk_modules_coverage.TestRiskAnalyticsFacade" name="test_module_level_compute_var" time="0.009" /><testcase classname="tests.unit.test_risk_modules_coverage.TestRiskAnalyticsFacade" name="test_module_level_compute_es" time="0.007" /><testcase classname="tests.unit.test_risk_modules_coverage.TestRiskAnalyticsFacade" name="test_module_level_compute_sharpe" time="0.007" /><testcase classname="tests.unit.test_risk_modules_coverage.TestRiskAnalyticsFacade" name="test_module_level_max_drawdown" time="0.007" /><testcase classname="tests.unit.test_risk_modules_coverage.TestPropFirmConfig" name="test_direct_instantiation" time="0.007" /><testcase classname="tests.unit.test_risk_modules_coverage.TestPropFirmConfig" name="test_defaults" time="0.007" /><testcase classname="tests.unit.test_risk_modules_coverage.TestPropFirmConfig" name="test_from_file_missing_uses_defaults" time="0.008" /><testcase classname="tests.unit.test_risk_modules_coverage.TestPropComplianceEngine" name="test_instantiation" time="0.007" /><testcase classname="tests.unit.test_risk_modules_coverage.TestPropComplianceEngine" name="test_update_equity" time="0.007" /><testcase classname="tests.unit.test_risk_modules_coverage.TestPropComplianceEngine" name="test_high_water_mark_updates_upward" time="0.007" /><testcase classname="tests.unit.test_risk_modules_coverage.TestPropComplianceEngine" name="test_high_water_mark_does_not_decrease" time="0.006" /><testcase classname="tests.unit.test_risk_modules_coverage.TestPropComplianceEngine" name="test_before_order_allowed_normal" time="0.006" /><testcase classname="tests.unit.test_risk_modules_coverage.TestPropComplianceEngine" name="test_before_order_blocked_after_daily_drawdown" time="0.006" /><testcase classname="tests.unit.test_risk_modules_coverage.TestPropComplianceEngine" name="test_before_order_blocked_after_total_drawdown" time="0.008" /><testcase classname="tests.unit.test_risk_modules_coverage.TestPropComplianceEngine" name="test_set_news_events" time="0.006" /><testcase classname="tests.unit.test_risk_modules_coverage.TestPropComplianceEngine" name="test_status_returns_dict" time="0.006" /><testcase classname="tests.unit.test_risk_modules_coverage.TestPropComplianceEngine" name="test_kill_switch_activates_on_breach_with_liquidate_action" time="0.008" /><testcase classname="tests.unit.test_risk_modules_coverage.TestPropComplianceEngine" name="test_pause_action_sets_paused_flag" time="0.007" /><testcase classname="tests.unit.test_risk_modules_coverage.TestPropComplianceEngine" name="test_on_breach_callback_called" time="0.007" /><testcase classname="tests.unit.test_risk_modules_coverage.TestRiskLimits" name="test_defaults" time="0.006" /><testcase classname="tests.unit.test_risk_modules_coverage.TestRiskLimits" name="test_custom_limits" time="0.006" /><testcase classname="tests.unit.test_risk_modules_coverage.TestCircuitState" name="test_all_states_exist" time="0.006" /><testcase classname="tests.unit.test_risk_modules_coverage.TestCircuitBreakerPreTradeCheck" name="test_pre_trade_check_allowed_normal" time="0.005" /><testcase classname="tests.unit.test_risk_modules_coverage.TestCircuitBreakerPreTradeCheck" name="test_pre_trade_check_blocked_when_open" time="0.007" /><testcase classname="tests.unit.test_risk_modules_coverage.TestCircuitBreakerPreTradeCheck" name="test_pre_trade_check_blocks_oversized_order" time="0.006" /><testcase classname="tests.unit.test_risk_modules_coverage.TestCircuitBreakerPreTradeCheck" name="test_update_trade_result_win_resets_streak" time="0.006" /><testcase classname="tests.unit.test_risk_modules_coverage.TestCircuitBreakerPreTradeCheck" name="test_update_trade_result_loss_increments" time="0.006" /><testcase classname="tests.unit.test_risk_modules_coverage.TestCircuitBreakerPreTradeCheck" name="test_manual_override_enable" time="0.006" /><testcase classname="tests.unit.test_risk_modules_coverage.TestCircuitBreakerPreTradeCheck" name="test_manual_override_disable" time="0.010" /><testcase classname="tests.unit.test_risk_modules_coverage.TestCircuitBreakerPreTradeCheck" name="test_get_status_has_state_key" time="0.007" /><testcase classname="tests.unit.test_risk_modules_coverage.TestCircuitBreakerPreTradeCheck" name="test_half_open_reduces_order_size_by_half" time="0.008" /><testcase classname="tests.unit.test_risk_modules_coverage.TestCircuitBreakerPreTradeCheck" name="test_shutdown_sets_flag" time="0.006" /><testcase classname="tests.unit.test_risk_modules_coverage.TestCircuitBreakerPreTradeCheck" name="test_registry_register_and_get" time="0.007" /><testcase classname="tests.unit.test_risk_modules_coverage.TestCircuitBreakerPreTradeCheck" name="test_state_changes_audit_trail" time="0.008" /><testcase classname="tests.unit.test_risk_notification_extended.TestRiskManagerExtended" name="test_calculate_position_size_fixed_method" time="0.008" /><testcase classname="tests.unit.test_risk_notification_extended.TestRiskManagerExtended" name="test_calculate_position_size_percent_method" time="0.008" /><testcase classname="tests.unit.test_risk_notification_extended.TestRiskManagerExtended" name="test_calculate_position_size_risk_method_with_stop" time="0.008" /><testcase classname="tests.unit.test_risk_notification_extended.TestRiskManagerExtended" name="test_calculate_position_size_risk_method_no_stop" time="0.008" /><testcase classname="tests.unit.test_risk_notification_extended.TestRiskManagerExtended" name="test_calculate_position_size_risk_zero_distance" time="0.008" /><testcase classname="tests.unit.test_risk_notification_extended.TestRiskManagerExtended" name="test_calculate_position_size_unknown_method" time="0.008" /><testcase classname="tests.unit.test_risk_notification_extended.TestRiskManagerExtended" name="test_calculate_position_size_with_price_alias" time="0.008" /><testcase classname="tests.unit.test_risk_notification_extended.TestRiskManagerExtended" name="test_can_open_position_approved" time="0.007" /><testcase classname="tests.unit.test_risk_notification_extended.TestRiskManagerExtended" name="test_can_open_position_max_positions" time="0.007" /><testcase classname="tests.unit.test_risk_notification_extended.TestRiskManagerExtended" name="test_can_open_position_size_too_large" time="0.007" /><testcase classname="tests.unit.test_risk_notification_extended.TestRiskManagerExtended" name="test_can_open_position_daily_loss_limit" time="0.008" /><testcase classname="tests.unit.test_risk_notification_extended.TestRiskManagerExtended" name="test_can_open_position_drawdown_limit" time="0.007" /><testcase classname="tests.unit.test_risk_notification_extended.TestRiskManagerExtended" name="test_register_position" time="0.007" /><testcase classname="tests.unit.test_risk_notification_extended.TestRiskManagerExtended" name="test_close_position_updates_balance" time="0.007" /><testcase classname="tests.unit.test_risk_notification_extended.TestRiskManagerExtended" name="test_close_position_updates_peak_balance" time="0.007" /><testcase classname="tests.unit.test_risk_notification_extended.TestRiskManagerExtended" name="test_validate_trade_valid" time="0.007" /><testcase classname="tests.unit.test_risk_notification_extended.TestRiskManagerExtended" name="test_validate_trade_max_positions" time="0.007" /><testcase classname="tests.unit.test_risk_notification_extended.TestRiskManagerExtended" name="test_validate_trade_size_too_large" time="0.007" /><testcase classname="tests.unit.test_risk_notification_extended.TestRiskManagerExtended" name="test_validate_trade_daily_loss" time="0.007" /><testcase classname="tests.unit.test_risk_notification_extended.TestRiskManagerExtended" name="test_check_risk_limits_within_limits" time="0.006" /><testcase classname="tests.unit.test_risk_notification_extended.TestRiskManagerExtended" name="test_check_risk_limits_daily_loss_violation" time="0.007" /><testcase classname="tests.unit.test_risk_notification_extended.TestRiskManagerExtended" name="test_check_risk_limits_drawdown_violation" time="0.007" /><testcase classname="tests.unit.test_risk_notification_extended.TestRiskManagerExtended" name="test_calculate_stop_loss_buy" time="0.007" /><testcase classname="tests.unit.test_risk_notification_extended.TestRiskManagerExtended" name="test_calculate_stop_loss_sell" time="0.007" /><testcase classname="tests.unit.test_risk_notification_extended.TestRiskManagerExtended" name="test_calculate_stop_loss_long" time="0.007" /><testcase classname="tests.unit.test_risk_notification_extended.TestRiskManagerExtended" name="test_calculate_stop_loss_short" time="0.008" /><testcase classname="tests.unit.test_risk_notification_extended.TestRiskManagerExtended" name="test_calculate_stop_loss_default_percent" time="0.007" /><testcase classname="tests.unit.test_risk_notification_extended.TestRiskManagerExtended" name="test_calculate_take_profit_buy" time="0.007" /><testcase classname="tests.unit.test_risk_notification_extended.TestRiskManagerExtended" name="test_calculate_take_profit_sell" time="0.007" /><testcase classname="tests.unit.test_risk_notification_extended.TestRiskManagerExtended" name="test_calculate_take_profit_long" time="0.008" /><testcase classname="tests.unit.test_risk_notification_extended.TestRiskManagerExtended" name="test_reset_daily_pnl" time="0.008" /><testcase classname="tests.unit.test_risk_notification_extended.TestRiskManagerExtended" name="test_reset_daily_stats_alias" time="0.006" /><testcase classname="tests.unit.test_risk_notification_extended.TestRiskManagerExtended" name="test_update_daily_pnl" time="0.008" /><testcase classname="tests.unit.test_risk_notification_extended.TestRiskManagerExtended" name="test_get_risk_metrics" time="0.007" /><testcase classname="tests.unit.test_risk_notification_extended.TestRiskManagerExtended" name="test_get_status" time="0.007" /><testcase classname="tests.unit.test_risk_notification_extended.TestNotificationManagerExtended" name="test_send_console_info" time="0.011" /><testcase classname="tests.unit.test_risk_notification_extended.TestNotificationManagerExtended" name="test_send_console_warning" time="0.009" /><testcase classname="tests.unit.test_risk_notification_extended.TestNotificationManagerExtended" name="test_send_console_error" time="0.010" /><testcase classname="tests.unit.test_risk_notification_extended.TestNotificationManagerExtended" name="test_send_console_critical" time="0.010" /><testcase classname="tests.unit.test_risk_notification_extended.TestNotificationManagerExtended" name="test_notify_console_channel" time="0.009" /><testcase classname="tests.unit.test_risk_notification_extended.TestNotificationManagerExtended" name="test_notify_multiple_channels" time="0.008" /><testcase classname="tests.unit.test_risk_notification_extended.TestNotificationManagerExtended" name="test_notify_discord_no_webhook" time="0.008" /><testcase classname="tests.unit.test_risk_notification_extended.TestNotificationManagerExtended" name="test_send_discord_with_webhook" time="0.009" /><testcase classname="tests.unit.test_risk_notification_extended.TestNotificationManagerExtended" name="test_send_discord_with_metadata_fields" time="0.009" /><testcase classname="tests.unit.test_risk_notification_extended.TestNotificationManagerExtended" name="test_send_discord_import_error_fallback" time="0.009" /><testcase classname="tests.unit.test_risk_notification_extended.TestNotificationManagerExtended" name="test_send_discord_http_scheme_rejected" time="0.010" /><testcase classname="tests.unit.test_risk_notification_extended.TestNotificationManagerExtended" name="test_notify_error_handling" time="0.008" /><testcase classname="tests.unit.test_risk_orchestrator_coverage.TestHedgePosition" name="test_fields" time="0.007" /><testcase classname="tests.unit.test_risk_orchestrator_coverage.TestHedgePosition" name="test_opened_at_default" time="0.007" /><testcase classname="tests.unit.test_risk_orchestrator_coverage.TestHedgePosition" name="test_order_id_default_none" time="0.007" /><testcase classname="tests.unit.test_risk_orchestrator_coverage.TestRiskSnapshot" name="test_fields" time="0.006" /><testcase classname="tests.unit.test_risk_orchestrator_coverage.TestRiskSnapshot" name="test_timestamp_default" time="0.007" /><testcase classname="tests.unit.test_risk_orchestrator_coverage.TestRiskOrchestratorConstruction" name="test_default_max_risk" time="0.010" /><testcase classname="tests.unit.test_risk_orchestrator_coverage.TestRiskOrchestratorConstruction" name="test_custom_max_risk" time="0.009" /><testcase classname="tests.unit.test_risk_orchestrator_coverage.TestRiskOrchestratorConstruction" name="test_trading_allowed_initially" time="0.010" /><testcase classname="tests.unit.test_risk_orchestrator_coverage.TestRiskOrchestratorConstruction" name="test_hedge_not_active_initially" time="0.009" /><testcase classname="tests.unit.test_risk_orchestrator_coverage.TestRiskOrchestratorConstruction" name="test_broker_injection_at_construction" time="0.010" /><testcase classname="tests.unit.test_risk_orchestrator_coverage.TestRiskOrchestratorConstruction" name="test_inject_broker_after_construction" time="0.011" /><testcase classname="tests.unit.test_risk_orchestrator_coverage.TestSetMaxRisk" name="test_set_to_zero_disables_trading" time="0.012" /><testcase classname="tests.unit.test_risk_orchestrator_coverage.TestSetMaxRisk" name="test_set_to_one_enables_trading" time="0.013" /><testcase classname="tests.unit.test_risk_orchestrator_coverage.TestSetMaxRisk" name="test_clamps_above_one" time="0.012" /><testcase classname="tests.unit.test_risk_orchestrator_coverage.TestSetMaxRisk" name="test_clamps_below_zero" time="0.012" /><testcase classname="tests.unit.test_risk_orchestrator_coverage.TestSetMaxRisk" name="test_records_event" time="0.012" /><testcase classname="tests.unit.test_risk_orchestrator_coverage.TestSetMaxRisk" name="test_persists_state" time="0.012" /><testcase classname="tests.unit.test_risk_orchestrator_coverage.TestSetMaxRisk" name="test_propagates_to_risk_manager" time="0.013" /><testcase classname="tests.unit.test_risk_orchestrator_coverage.TestActivateHedgeMode" name="test_sets_hedge_active" time="0.013" /><testcase classname="tests.unit.test_risk_orchestrator_coverage.TestActivateHedgeMode" name="test_adds_hedge_position" time="0.012" /><testcase classname="tests.unit.test_risk_orchestrator_coverage.TestActivateHedgeMode" name="test_no_duplicate_activation" time="0.014" /><testcase classname="tests.unit.test_risk_orchestrator_coverage.TestActivateHedgeMode" name="test_places_order_when_broker_available" time="0.015" /><testcase classname="tests.unit.test_risk_orchestrator_coverage.TestActivateHedgeMode" name="test_no_broker_still_activates" time="0.013" /><testcase classname="tests.unit.test_risk_orchestrator_coverage.TestActivateHedgeMode" name="test_broker_order_failure_still_activates" time="0.015" /><testcase classname="tests.unit.test_risk_orchestrator_coverage.TestActivateHedgeMode" name="test_records_event" time="0.013" /><testcase classname="tests.unit.test_risk_orchestrator_coverage.TestActivateHedgeMode" name="test_persists_state" time="0.013" /><testcase classname="tests.unit.test_risk_orchestrator_coverage.TestDeactivateHedgeMode" name="test_clears_hedge_active" time="0.015" /><testcase classname="tests.unit.test_risk_orchestrator_coverage.TestDeactivateHedgeMode" name="test_clears_hedge_positions" time="0.014" /><testcase classname="tests.unit.test_risk_orchestrator_coverage.TestDeactivateHedgeMode" name="test_no_op_when_not_active" time="0.010" /><testcase classname="tests.unit.test_risk_orchestrator_coverage.TestDeactivateHedgeMode" name="test_closes_order_via_broker" time="0.015" /><testcase classname="tests.unit.test_risk_orchestrator_coverage.TestDeactivateHedgeMode" name="test_broker_close_failure_still_deactivates" time="0.015" /><testcase classname="tests.unit.test_risk_orchestrator_coverage.TestDeactivateHedgeMode" name="test_clears_state_file" time="0.013" /><testcase classname="tests.unit.test_risk_orchestrator_coverage.TestDeactivateHedgeMode" name="test_records_event" time="0.015" /><testcase classname="tests.unit.test_risk_orchestrator_coverage.TestGetCurrentExposure" name="test_returns_float" time="0.011" /><testcase classname="tests.unit.test_risk_orchestrator_coverage.TestGetCurrentExposure" name="test_returns_value_in_range" time="0.011" /><testcase classname="tests.unit.test_risk_orchestrator_coverage.TestGetCurrentExposure" name="test_uses_risk_manager_when_available" time="0.011" /><testcase classname="tests.unit.test_risk_orchestrator_coverage.TestGetCurrentExposure" name="test_fallback_when_risk_manager_unavailable" time="0.012" /><testcase classname="tests.unit.test_risk_orchestrator_coverage.TestGetCurrentExposure" name="test_full_risk_gives_low_exposure" time="0.012" /><testcase classname="tests.unit.test_risk_orchestrator_coverage.TestGetCurrentExposure" name="test_zero_risk_gives_high_exposure" time="0.012" /><testcase classname="tests.unit.test_risk_orchestrator_coverage.TestGetStatus" name="test_returns_dict" time="0.009" /><testcase classname="tests.unit.test_risk_orchestrator_coverage.TestGetStatus" name="test_required_keys" time="0.010" /><testcase classname="tests.unit.test_risk_orchestrator_coverage.TestGetStatus" name="test_initial_values" time="0.010" /><testcase classname="tests.unit.test_risk_orchestrator_coverage.TestGetStatus" name="test_hedge_positions_in_status" time="0.012" /><testcase classname="tests.unit.test_risk_orchestrator_coverage.TestStatePersistence" name="test_persist_and_restore" time="0.011" /><testcase classname="tests.unit.test_risk_orchestrator_coverage.TestStatePersistence" name="test_restore_missing_file_no_crash" time="0.009" /><testcase classname="tests.unit.test_risk_orchestrator_coverage.TestStatePersistence" name="test_restore_corrupt_file_no_crash" time="0.010" /><testcase classname="tests.unit.test_risk_orchestrator_coverage.TestStatePersistence" name="test_persist_os_error_no_crash" time="0.011" /><testcase classname="tests.unit.test_risk_orchestrator_coverage.TestStatePersistence" name="test_clear_state_removes_file" time="0.010" /><testcase classname="tests.unit.test_risk_orchestrator_coverage.TestStatePersistence" name="test_clear_state_no_crash_when_missing" time="0.010" /><testcase classname="tests.unit.test_risk_orchestrator_coverage.TestStatePersistence" name="test_restore_hedge_positions_from_file" time="0.013" /><testcase classname="tests.unit.test_risk_orchestrator_coverage.TestRecordEvent" name="test_event_appended" time="0.010" /><testcase classname="tests.unit.test_risk_orchestrator_coverage.TestRecordEvent" name="test_history_capped_at_200" time="0.010" /><testcase classname="tests.unit.test_risk_orchestrator_coverage.TestRecordEvent" name="test_oldest_dropped_when_capped" time="0.010" /><testcase classname="tests.unit.test_risk_orchestrator_coverage.TestGetBroker" name="test_returns_injected_broker" time="0.010" /><testcase classname="tests.unit.test_risk_orchestrator_coverage.TestGetBroker" name="test_returns_none_when_no_broker" time="0.012" /><testcase classname="tests.unit.test_risk_orchestrator_coverage.TestGetBroker" name="test_lazy_loads_from_engine" time="0.013" /><testcase classname="tests.unit.test_risk_orchestrator_coverage.TestCreateOrchestratorRouter" name="test_router_created" time="0.014" /><testcase classname="tests.unit.test_risk_orchestrator_coverage.TestCreateOrchestratorRouter" name="test_router_has_routes" time="0.013" /><testcase classname="tests.unit.test_risk_orchestrator_coverage.TestRiskOrchestratorSingleton" name="test_singleton_exists" time="0.007" /><testcase classname="tests.unit.test_risk_orchestrator_coverage.TestRiskOrchestratorSingleton" name="test_singleton_is_orchestrator" time="0.007" /><testcase classname="tests.unit.test_risk_orchestrator_coverage.TestRiskOrchestratorSingleton" name="test_singleton_has_status" time="0.007" /><testcase classname="tests.unit.test_risk_orchestrator_coverage.TestConcurrentAccess" name="test_concurrent_set_max_risk" time="0.017" /><testcase classname="tests.unit.test_risk_orchestrator_coverage.TestConcurrentAccess" name="test_concurrent_hedge_activate_deactivate" time="0.015" /><testcase classname="tests.unit.test_risk_orchestrator_coverage.TestClearStateOSError" name="test_clear_state_oserror_no_crash" time="0.010" /><testcase classname="tests.unit.test_risk_orchestrator_coverage.TestGetBrokerLazyLoad" name="test_engine_found_but_no_broker_attr" time="0.012" /><testcase classname="tests.unit.test_risk_orchestrator_coverage.TestGetBrokerLazyLoad" name="test_engine_found_broker_is_none" time="0.012" /><testcase classname="tests.unit.test_risk_orchestrator_coverage.TestGetBrokerLazyLoad" name="test_engine_instance_is_none" time="0.012" /><testcase classname="tests.unit.test_risk_orchestrator_coverage.TestGetCurrentExposureDataLayer" name="test_data_layer_tick_with_exposure" time="0.214" /><testcase classname="tests.unit.test_risk_orchestrator_coverage.TestGetCurrentExposureDataLayer" name="test_data_layer_tick_without_exposure_attr" time="0.015" /><testcase classname="tests.unit.test_risk_orchestrator_coverage.TestGetCurrentExposureDataLayer" name="test_data_layer_tick_is_none" time="0.015" /><testcase classname="tests.unit.test_risk_orchestrator_coverage.TestFastAPIRouterEndpoints" name="test_get_status_endpoint" time="0.016" /><testcase classname="tests.unit.test_risk_orchestrator_coverage.TestFastAPIRouterEndpoints" name="test_set_max_risk_endpoint" time="0.017" /><testcase classname="tests.unit.test_risk_orchestrator_coverage.TestFastAPIRouterEndpoints" name="test_activate_hedge_endpoint" time="0.018" /><testcase classname="tests.unit.test_risk_orchestrator_coverage.TestFastAPIRouterEndpoints" name="test_deactivate_hedge_endpoint" time="0.018" /><testcase classname="tests.unit.test_risk_orchestrator_coverage.TestFastAPIRouterEndpoints" name="test_get_exposure_endpoint" time="0.015" /><testcase classname="tests.unit.test_risk_position_sizing.TestPositionSizerInit" name="test_defaults" time="0.007" /><testcase classname="tests.unit.test_risk_position_sizing.TestPositionSizerInit" name="test_custom_params" time="0.008" /><testcase classname="tests.unit.test_risk_position_sizing.TestPositionSizerInit" name="test_method_lowercased" time="0.007" /><testcase classname="tests.unit.test_risk_position_sizing.TestATRMethod" name="test_basic_calculation" time="0.007" /><testcase classname="tests.unit.test_risk_position_sizing.TestATRMethod" name="test_zero_atr_returns_zero" time="0.007" /><testcase classname="tests.unit.test_risk_position_sizing.TestATRMethod" name="test_zero_entry_price_returns_zero" time="0.008" /><testcase classname="tests.unit.test_risk_position_sizing.TestATRMethod" name="test_negative_atr_returns_zero" time="0.007" /><testcase classname="tests.unit.test_risk_position_sizing.TestATRMethod" name="test_capped_at_max_lots" time="0.008" /><testcase classname="tests.unit.test_risk_position_sizing.TestATRMethod" name="test_uses_equity_over_balance" time="0.008" /><testcase classname="tests.unit.test_risk_position_sizing.TestATRMethod" name="test_falls_back_to_balance_when_no_equity" time="0.007" /><testcase classname="tests.unit.test_risk_position_sizing.TestATRMethod" name="test_default_atr_of_one_when_none_passed" time="0.007" /><testcase classname="tests.unit.test_risk_position_sizing.TestKellyMethod" name="test_basic_calculation" time="0.007" /><testcase classname="tests.unit.test_risk_position_sizing.TestKellyMethod" name="test_zero_payoff_returns_zero" time="0.007" /><testcase classname="tests.unit.test_risk_position_sizing.TestKellyMethod" name="test_negative_payoff_returns_zero" time="0.008" /><testcase classname="tests.unit.test_risk_position_sizing.TestKellyMethod" name="test_zero_entry_price_returns_zero" time="0.007" /><testcase classname="tests.unit.test_risk_position_sizing.TestKellyMethod" name="test_negative_kelly_returns_zero" time="0.007" /><testcase classname="tests.unit.test_risk_position_sizing.TestKellyMethod" name="test_defaults_win_rate_and_payoff_when_none" time="0.008" /><testcase classname="tests.unit.test_risk_position_sizing.TestPercentMethod" name="test_basic_calculation" time="0.008" /><testcase classname="tests.unit.test_risk_position_sizing.TestPercentMethod" name="test_zero_stop_distance_returns_zero" time="0.009" /><testcase classname="tests.unit.test_risk_position_sizing.TestPercentMethod" name="test_negative_stop_distance_returns_zero" time="0.008" /><testcase classname="tests.unit.test_risk_position_sizing.TestPercentMethod" name="test_default_stop_distance_from_entry" time="0.008" /><testcase classname="tests.unit.test_risk_position_sizing.TestPercentMethod" name="test_capped_at_max_lots" time="0.008" /><testcase classname="tests.unit.test_risk_position_sizing.TestFixedMethod" name="test_always_returns_one" time="0.007" /><testcase classname="tests.unit.test_risk_position_sizing.TestFixedMethod" name="test_unknown_method_falls_through_to_fixed" time="0.007" /><testcase classname="tests.unit.test_risk_position_sizing.TestFixedMethod" name="test_fixed_respects_max_lots_cap" time="0.008" /><testcase classname="tests.unit.test_risk_pre_trade_gate_full.TestGateOrder" name="test_valid_buy_order" time="0.008" /><testcase classname="tests.unit.test_risk_pre_trade_gate_full.TestGateOrder" name="test_valid_sell_order" time="0.007" /><testcase classname="tests.unit.test_risk_pre_trade_gate_full.TestGateOrder" name="test_invalid_side_raises" time="0.007" /><testcase classname="tests.unit.test_risk_pre_trade_gate_full.TestGateOrder" name="test_zero_quantity_raises" time="0.007" /><testcase classname="tests.unit.test_risk_pre_trade_gate_full.TestGateOrder" name="test_negative_quantity_raises" time="0.007" /><testcase classname="tests.unit.test_risk_pre_trade_gate_full.TestGateOrder" name="test_optional_fields_default_none" time="0.007" /><testcase classname="tests.unit.test_risk_pre_trade_gate_full.TestGateOrder" name="test_metadata_defaults_empty" time="0.007" /><testcase classname="tests.unit.test_risk_pre_trade_gate_full.TestTradeBlockedError" name="test_attributes" time="0.008" /><testcase classname="tests.unit.test_risk_pre_trade_gate_full.TestTradeBlockedError" name="test_str_contains_reason_code" time="0.007" /><testcase classname="tests.unit.test_risk_pre_trade_gate_full.TestTradeBlockedError" name="test_checks_failed_defaults_empty" time="0.007" /><testcase classname="tests.unit.test_risk_pre_trade_gate_full.TestHappyPath" name="test_all_checks_pass_returns_gate_result" time="0.009" /><testcase classname="tests.unit.test_risk_pre_trade_gate_full.TestHappyPath" name="test_gate_result_contains_order" time="0.012" /><testcase classname="tests.unit.test_risk_pre_trade_gate_full.TestHappyPath" name="test_gate_result_checks_passed_non_empty" time="0.010" /><testcase classname="tests.unit.test_risk_pre_trade_gate_full.TestHappyPath" name="test_gate_result_has_timestamp" time="0.011" /><testcase classname="tests.unit.test_risk_pre_trade_gate_full.TestHappyPath" name="test_no_kill_switch_attribute_passes" time="0.011" /><testcase classname="tests.unit.test_risk_pre_trade_gate_full.TestKillSwitchCheck" name="test_active_kill_switch_blocks" time="0.010" /><testcase classname="tests.unit.test_risk_pre_trade_gate_full.TestKillSwitchCheck" name="test_inactive_kill_switch_passes" time="0.010" /><testcase classname="tests.unit.test_risk_pre_trade_gate_full.TestTradingHaltedCheck" name="test_halted_blocks" time="0.010" /><testcase classname="tests.unit.test_risk_pre_trade_gate_full.TestTradingHaltedCheck" name="test_halted_with_halt_until_includes_time" time="0.009" /><testcase classname="tests.unit.test_risk_pre_trade_gate_full.TestTradingHaltedCheck" name="test_not_halted_passes" time="0.011" /><testcase classname="tests.unit.test_risk_pre_trade_gate_full.TestDailyLossCheck" name="test_daily_loss_exceeded_blocks" time="0.009" /><testcase classname="tests.unit.test_risk_pre_trade_gate_full.TestDailyLossCheck" name="test_daily_loss_within_limit_passes" time="0.010" /><testcase classname="tests.unit.test_risk_pre_trade_gate_full.TestDailyLossCheck" name="test_no_config_skips_check" time="0.009" /><testcase classname="tests.unit.test_risk_pre_trade_gate_full.TestDailyLossCheck" name="test_zero_starting_equity_skips_check" time="0.010" /><testcase classname="tests.unit.test_risk_pre_trade_gate_full.TestDrawdownCheck" name="test_drawdown_exceeded_blocks" time="0.009" /><testcase classname="tests.unit.test_risk_pre_trade_gate_full.TestDrawdownCheck" name="test_drawdown_within_limit_passes" time="0.010" /><testcase classname="tests.unit.test_risk_pre_trade_gate_full.TestDrawdownCheck" name="test_drawdown_value_returned_in_result" time="0.010" /><testcase classname="tests.unit.test_risk_pre_trade_gate_full.TestCVaRCheck" name="test_no_cvar_method_passes" time="0.010" /><testcase classname="tests.unit.test_risk_pre_trade_gate_full.TestCVaRCheck" name="test_cvar_blocked_raises" time="0.010" /><testcase classname="tests.unit.test_risk_pre_trade_gate_full.TestCVaRCheck" name="test_cvar_allowed_passes" time="0.011" /><testcase classname="tests.unit.test_risk_pre_trade_gate_full.TestPositionSizeCheck" name="test_oversized_order_blocks" time="0.010" /><testcase classname="tests.unit.test_risk_pre_trade_gate_full.TestPositionSizeCheck" name="test_normal_size_passes" time="0.011" /><testcase classname="tests.unit.test_risk_pre_trade_gate_full.TestPositionSizeCheck" name="test_market_order_no_price_skips_notional_check" time="0.010" /><testcase classname="tests.unit.test_risk_pre_trade_gate_full.TestPositionSizeCheck" name="test_zero_balance_skips_check" time="0.011" /><testcase classname="tests.unit.test_risk_pre_trade_gate_full.TestOpenPositionsCheck" name="test_at_limit_blocks" time="0.010" /><testcase classname="tests.unit.test_risk_pre_trade_gate_full.TestOpenPositionsCheck" name="test_below_limit_passes" time="0.009" /><testcase classname="tests.unit.test_risk_pre_trade_gate_full.TestOpenPositionsCheck" name="test_no_config_uses_default_5" time="0.009" /><testcase classname="tests.unit.test_risk_pre_trade_gate_full.TestValidateTradeCheck" name="test_validate_trade_blocked" time="0.010" /><testcase classname="tests.unit.test_risk_pre_trade_gate_full.TestValidateTradeCheck" name="test_validate_trade_passes" time="0.010" /><testcase classname="tests.unit.test_risk_pre_trade_gate_full.TestValidateTradeCheck" name="test_no_validate_trade_method_skips" time="0.009" /><testcase classname="tests.unit.test_risk_pre_trade_gate_full.TestRiskPerTradeCapCheck" name="test_risk_per_trade_exceeded_blocks" time="0.009" /><testcase classname="tests.unit.test_risk_pre_trade_gate_full.TestRiskPerTradeCapCheck" name="test_no_stop_loss_uses_full_notional" time="0.010" /><testcase classname="tests.unit.test_risk_pre_trade_gate_full.TestRiskPerTradeCapCheck" name="test_small_risk_passes" time="0.010" /><testcase classname="tests.unit.test_risk_pre_trade_gate_full.TestLossStreakCheck" name="test_streak_halted_blocks" time="0.011" /><testcase classname="tests.unit.test_risk_pre_trade_gate_full.TestLossStreakCheck" name="test_no_streak_halt_passes" time="0.011" /><testcase classname="tests.unit.test_risk_pre_trade_gate_full.TestRiskManagerError" name="test_unexpected_exception_raises_risk_manager_error" time="0.014" /><testcase classname="tests.unit.test_risk_pre_trade_gate_full.TestRiskManagerError" name="test_risk_manager_error_blocks_trade" time="0.010" /><testcase classname="tests.unit.test_risk_pre_trade_gate_full.TestFailFast" name="test_kill_switch_blocks_before_drawdown" time="0.011" /><testcase classname="tests.unit.test_risk_pre_trade_gate_full.TestFailFast" name="test_trading_halted_blocks_before_daily_loss" time="0.010" /><testcase classname="tests.unit.test_risk_prop_enforcer.TestPropConfig" name="test_defaults" time="0.007" /><testcase classname="tests.unit.test_risk_prop_enforcer.TestPropConfig" name="test_from_file_missing_uses_defaults" time="0.012" /><testcase classname="tests.unit.test_risk_prop_enforcer.TestPropConfig" name="test_from_file_flat_schema" time="0.009" /><testcase classname="tests.unit.test_risk_prop_enforcer.TestPropConfig" name="test_from_file_malformed_uses_defaults" time="0.009" /><testcase classname="tests.unit.test_risk_prop_enforcer.TestPropEnforcerInit" name="test_not_halted_initially" time="0.012" /><testcase classname="tests.unit.test_risk_prop_enforcer.TestPropEnforcerInit" name="test_missing_config_uses_defaults" time="0.009" /><testcase classname="tests.unit.test_risk_prop_enforcer.TestUpdateBalance" name="test_first_call_sets_start_balance" time="0.009" /><testcase classname="tests.unit.test_risk_prop_enforcer.TestUpdateBalance" name="test_high_water_mark_tracks_peak" time="0.010" /><testcase classname="tests.unit.test_risk_prop_enforcer.TestUpdateBalance" name="test_sod_equity_set_on_first_call" time="0.010" /><testcase classname="tests.unit.test_risk_prop_enforcer.TestBeforeExecute" name="test_allows_normal_order" time="0.010" /><testcase classname="tests.unit.test_risk_prop_enforcer.TestBeforeExecute" name="test_blocks_when_halted" time="0.010" /><testcase classname="tests.unit.test_risk_prop_enforcer.TestBeforeExecute" name="test_daily_dd_breach_halts" time="0.011" /><testcase classname="tests.unit.test_risk_prop_enforcer.TestBeforeExecute" name="test_total_dd_breach_halts" time="0.010" /><testcase classname="tests.unit.test_risk_prop_enforcer.TestBeforeExecute" name="test_blocks_during_news_blackout" time="0.011" /><testcase classname="tests.unit.test_risk_prop_enforcer.TestBeforeExecute" name="test_allows_after_news_window" time="0.010" /><testcase classname="tests.unit.test_risk_prop_enforcer.TestDailyReset" name="test_daily_reset_updates_sod_equity" time="0.010" /><testcase classname="tests.unit.test_risk_prop_enforcer.TestDailyReset" name="test_daily_reset_clears_daily_dd_halt" time="0.013" /><testcase classname="tests.unit.test_risk_prop_enforcer.TestDailyReset" name="test_daily_reset_resets_alert_flags" time="0.014" /><testcase classname="tests.unit.test_risk_prop_enforcer.TestBreachCallback" name="test_callback_fired_on_daily_breach" time="0.011" /><testcase classname="tests.unit.test_risk_prop_enforcer.TestBreachCallback" name="test_status_dict" time="0.009" /><testcase classname="tests.unit.test_risk_prop_enforcer.TestPropConfigNestedSchema" name="test_nested_enforcement_schema" time="0.008" /><testcase classname="tests.unit.test_risk_prop_enforcer.TestPropConfigNestedSchema" name="test_nested_firms_schema" time="0.010" /><testcase classname="tests.unit.test_risk_prop_enforcer.TestPropConfigNestedSchema" name="test_weekend_close_fallback_from_firm_cfg" time="0.011" /><testcase classname="tests.unit.test_risk_prop_enforcer.TestPropConfigNestedSchema" name="test_telegram_from_env" time="0.009" /><testcase classname="tests.unit.test_risk_prop_enforcer.TestUpdateBalanceAlerts" name="test_daily_dd_80pct_alert_fires_once" time="0.010" /><testcase classname="tests.unit.test_risk_prop_enforcer.TestUpdateBalanceAlerts" name="test_total_dd_80pct_alert_fires_once" time="0.011" /><testcase classname="tests.unit.test_risk_prop_enforcer.TestUpdateBalanceAlerts" name="test_daily_alert_not_fired_below_threshold" time="0.010" /><testcase classname="tests.unit.test_risk_prop_enforcer.TestUpdateBalanceAlerts" name="test_daily_reset_clears_total_alert_flag" time="0.012" /><testcase classname="tests.unit.test_risk_prop_enforcer.TestUpdateBalanceAlerts" name="test_daily_reset_does_not_clear_total_dd_halt" time="0.012" /><testcase classname="tests.unit.test_risk_prop_enforcer.TestKillSwitchCallback" name="test_kill_switch_fn_called_on_halt" time="0.010" /><testcase classname="tests.unit.test_risk_prop_enforcer.TestKillSwitchCallback" name="test_kill_switch_fn_exception_does_not_propagate" time="0.011" /><testcase classname="tests.unit.test_risk_prop_enforcer.TestTelegramAlerts" name="test_send_telegram_warning_with_token_handles_network_error" time="0.051" /><testcase classname="tests.unit.test_risk_prop_enforcer.TestTelegramAlerts" name="test_send_telegram_alert_with_token_handles_network_error" time="0.047" /><testcase classname="tests.unit.test_risk_prop_enforcer.TestTelegramAlerts" name="test_send_telegram_alert_all_breach_types" time="0.226" /><testcase classname="tests.unit.test_risk_prop_enforcer.TestGetEnforcerSingleton" name="test_get_enforcer_returns_instance" time="0.009" /><testcase classname="tests.unit.test_risk_prop_enforcer.TestGetEnforcerSingleton" name="test_get_enforcer_returns_same_instance" time="0.010" /><testcase classname="tests.unit.test_risk_prop_engine.TestKillSwitch" name="test_initially_inactive" time="0.008" /><testcase classname="tests.unit.test_risk_prop_engine.TestKillSwitch" name="test_activate" time="0.010" /><testcase classname="tests.unit.test_risk_prop_engine.TestKillSwitch" name="test_deactivate" time="0.009" /><testcase classname="tests.unit.test_risk_prop_engine.TestPropFirmConfig" name="test_defaults" time="0.007" /><testcase classname="tests.unit.test_risk_prop_engine.TestPropFirmConfig" name="test_from_file_missing" time="0.009" /><testcase classname="tests.unit.test_risk_prop_engine.TestPropFirmConfig" name="test_from_file_valid" time="0.008" /><testcase classname="tests.unit.test_risk_prop_engine.TestPropComplianceEngineInit" name="test_kill_switch_inactive" time="0.007" /><testcase classname="tests.unit.test_risk_prop_engine.TestPropComplianceEngineInit" name="test_initial_equity_set" time="0.007" /><testcase classname="tests.unit.test_risk_prop_engine.TestPropComplianceEngineInit" name="test_from_config_file_missing" time="0.010" /><testcase classname="tests.unit.test_risk_prop_engine.TestUpdateEquity" name="test_equity_updated" time="0.007" /><testcase classname="tests.unit.test_risk_prop_engine.TestUpdateEquity" name="test_high_water_mark_tracks_peak" time="0.006" /><testcase classname="tests.unit.test_risk_prop_engine.TestUpdateEquity" name="test_daily_drawdown_breach_via_before_order" time="0.009" /><testcase classname="tests.unit.test_risk_prop_engine.TestUpdateEquity" name="test_total_drawdown_breach_via_before_order" time="0.009" /><testcase classname="tests.unit.test_risk_prop_engine.TestBeforeOrder" name="test_allows_normal_order" time="0.007" /><testcase classname="tests.unit.test_risk_prop_engine.TestBeforeOrder" name="test_blocks_when_kill_switch_active" time="0.007" /><testcase classname="tests.unit.test_risk_prop_engine.TestBeforeOrder" name="test_blocks_when_paused" time="0.007" /><testcase classname="tests.unit.test_risk_prop_engine.TestBeforeOrder" name="test_blocks_during_news_blackout" time="0.009" /><testcase classname="tests.unit.test_risk_prop_engine.TestBeforeOrder" name="test_allows_after_news_window" time="0.007" /><testcase classname="tests.unit.test_risk_prop_engine.TestBeforeOrder" name="test_daily_dd_breach_blocks_order" time="0.007" /><testcase classname="tests.unit.test_risk_prop_engine.TestBeforeOrder" name="test_total_dd_breach_blocks_order" time="0.007" /><testcase classname="tests.unit.test_risk_prop_engine.TestBreachCallback" name="test_on_breach_called_on_daily_dd" time="0.008" /><testcase classname="tests.unit.test_risk_prop_engine.TestBreachCallback" name="test_on_breach_called_on_total_dd" time="0.007" /><testcase classname="tests.unit.test_risk_prop_engine.TestStatus" name="test_status_keys" time="0.007" /><testcase classname="tests.unit.test_risk_prop_engine.TestStatus" name="test_status_values" time="0.006" /><testcase classname="tests.unit.test_risk_prop_engine.TestEdgeCases" name="test_daily_drawdown_zero_when_day_start_equity_zero" time="0.007" /><testcase classname="tests.unit.test_risk_prop_engine.TestEdgeCases" name="test_total_drawdown_zero_when_hwm_zero" time="0.006" /><testcase classname="tests.unit.test_risk_prop_engine.TestEdgeCases" name="test_send_telegram_alert_no_token_no_crash" time="0.007" /><testcase classname="tests.unit.test_risk_prop_engine.TestEdgeCases" name="test_send_telegram_alert_with_token_handles_exception" time="0.008" /><testcase classname="tests.unit.test_risk_prop_engine.TestEdgeCases" name="test_is_weekend_window_friday_before_21_false" time="0.006" /><testcase classname="tests.unit.test_risk_prop_engine.TestEdgeCases" name="test_is_weekend_window_friday_after_21_true" time="0.008" /><testcase classname="tests.unit.test_risk_prop_engine.TestEdgeCases" name="test_is_weekend_window_sunday_before_23_true" time="0.006" /><testcase classname="tests.unit.test_risk_prop_engine.TestEdgeCases" name="test_is_weekend_window_sunday_after_23_false" time="0.008" /><testcase classname="tests.unit.test_risk_prop_engine.TestEdgeCases" name="test_weekend_close_blocks_saturday" time="0.010" /><testcase classname="tests.unit.test_risk_prop_engine.TestEdgeCases" name="test_in_news_blackout_false_no_events" time="0.007" /><testcase classname="tests.unit.test_risk_prop_engine.TestEdgeCases" name="test_breach_action_pause_sets_paused" time="0.008" /><testcase classname="tests.unit.test_risk_prop_engine.TestEdgeCases" name="test_breach_action_liquidate_activates_kill_switch" time="0.009" /><testcase classname="tests.unit.test_risk_prop_engine.TestEdgeCases" name="test_on_breach_callback_exception_does_not_propagate" time="0.010" /><testcase classname="tests.unit.test_risk_properties" name="test_position_size_never_negative" time="1.142" /><testcase classname="tests.unit.test_risk_properties" name="test_var_always_lte_zero" time="0.383" /><testcase classname="tests.unit.test_risk_properties" name="test_cvar_magnitude_gte_var_magnitude" time="0.697" /><testcase classname="tests.unit.test_risk_properties" name="test_kelly_fraction_in_bounds" time="0.359" /><testcase classname="tests.unit.test_risk_properties" name="test_apply_risk_limits_never_exceeds_max" time="0.390" /><testcase classname="tests.unit.test_risk_properties" name="test_correlation_penalty_never_increases_pct" time="0.135" /><testcase classname="tests.unit.test_risk_properties" name="test_amber_fires_before_halt" time="0.499" /><testcase classname="tests.unit.test_risk_properties" name="test_update_equity_drawdown_never_negative" time="0.618" /><testcase classname="tests.unit.test_risk_rules.TestRiskManagerAssessRisk" name="test_healthy_account_can_trade" time="0.010" /><testcase classname="tests.unit.test_risk_rules.TestRiskManagerAssessRisk" name="test_halted_account_cannot_trade" time="0.011" /><testcase classname="tests.unit.test_risk_rules.TestRiskManagerAssessRisk" name="test_negative_equity_triggers_halt" time="0.010" /><testcase classname="tests.unit.test_risk_rules.TestRiskManagerAssessRisk" name="test_near_max_drawdown_blocks_trading" time="0.026" /><testcase classname="tests.unit.test_risk_rules.TestRiskManagerAssessRisk" name="test_drawdown_within_limit_allows_trading" time="0.010" /><testcase classname="tests.unit.test_risk_rules.TestRiskManagerAssessRisk" name="test_drawdown_warning_triggers_fcm" time="0.025" /><testcase classname="tests.unit.test_risk_rules.TestRiskManagerAssessRisk" name="test_high_margin_usage_raises_risk_level" time="0.009" /><testcase classname="tests.unit.test_risk_rules.TestPropFirmRules" name="test_daily_drawdown_breach_raises" time="0.008" /><testcase classname="tests.unit.test_risk_rules.TestPropFirmRules" name="test_healthy_account_passes_rules" time="0.007" /><testcase classname="tests.unit.test_risk_rules.TestPositionSizing" name="test_calculate_position_size_basic" time="0.011" /><testcase classname="tests.unit.test_risk_rules.TestPositionSizing" name="test_zero_stop_loss_distance_returns_zero" time="0.011" /><testcase classname="tests.unit.test_risk_rules.TestRiskRewardCalculator" name="test_2to1_rr" time="0.007" /><testcase classname="tests.unit.test_risk_rules.TestRiskRewardCalculator" name="test_3to1_rr" time="0.007" /><testcase classname="tests.unit.test_risk_rules.TestRiskRewardCalculator" name="test_zero_stop_distance" time="0.007" /><testcase classname="tests.unit.test_risk_rules.TestRiskRewardCalculator" name="test_short_trade_rr" time="0.006" /><testcase classname="tests.unit.test_risk_rules.TestMlRouter" name="test_accuracy_returns_200" time="0.050" /><testcase classname="tests.unit.test_risk_rules.TestMlRouter" name="test_models_returns_list" time="0.047" /><testcase classname="tests.unit.test_risk_rules.TestMlRouter" name="test_predict_returns_direction" time="0.057" /><testcase classname="tests.unit.test_risk_rules.TestMlRouter" name="test_predict_invalid_symbol_still_returns" time="0.056" /><testcase classname="tests.unit.test_risk_self_trade_prevention.TestSelfTradePreventionInit" name="test_default_level" time="0.008" /><testcase classname="tests.unit.test_risk_self_trade_prevention.TestSelfTradePreventionInit" name="test_custom_action" time="0.010" /><testcase classname="tests.unit.test_risk_self_trade_prevention.TestSelfTradePreventionInit" name="test_empty_resting_orders" time="0.008" /><testcase classname="tests.unit.test_risk_self_trade_prevention.TestAddAndRemoveResting" name="test_add_resting_order" time="0.007" /><testcase classname="tests.unit.test_risk_self_trade_prevention.TestAddAndRemoveResting" name="test_remove_resting_order" time="0.007" /><testcase classname="tests.unit.test_risk_self_trade_prevention.TestAddAndRemoveResting" name="test_remove_nonexistent_no_crash" time="0.007" /><testcase classname="tests.unit.test_risk_self_trade_prevention.TestCheckSelfTrade" name="test_no_resting_orders_returns_none" time="0.006" /><testcase classname="tests.unit.test_risk_self_trade_prevention.TestCheckSelfTrade" name="test_same_side_no_cross" time="0.007" /><testcase classname="tests.unit.test_risk_self_trade_prevention.TestCheckSelfTrade" name="test_different_account_no_cross" time="0.008" /><testcase classname="tests.unit.test_risk_self_trade_prevention.TestCheckSelfTrade" name="test_self_trade_detected_cancel_resting" time="0.009" /><testcase classname="tests.unit.test_risk_self_trade_prevention.TestCheckSelfTrade" name="test_self_trade_cancel_new" time="0.008" /><testcase classname="tests.unit.test_risk_self_trade_prevention.TestCheckSelfTrade" name="test_self_trade_cancel_both" time="0.008" /><testcase classname="tests.unit.test_risk_self_trade_prevention.TestCheckSelfTrade" name="test_self_trade_decrement_size" time="0.008" /><testcase classname="tests.unit.test_risk_self_trade_prevention.TestCheckSelfTrade" name="test_buy_price_below_resting_no_cross" time="0.007" /><testcase classname="tests.unit.test_risk_self_trade_prevention.TestCheckSelfTrade" name="test_sell_price_above_resting_no_cross" time="0.007" /><testcase classname="tests.unit.test_risk_self_trade_prevention.TestCheckSelfTrade" name="test_firm_level_always_same_entity" time="0.008" /><testcase classname="tests.unit.test_risk_self_trade_prevention.TestCheckSelfTrade" name="test_strategy_level_different_strategy_no_cross" time="0.007" /><testcase classname="tests.unit.test_risk_self_trade_prevention.TestCheckSelfTrade" name="test_group_level_same_strategy_crosses" time="0.008" /><testcase classname="tests.unit.test_risk_self_trade_prevention.TestCheckSelfTrade" name="test_group_level_different_strategy_no_cross" time="0.007" /><testcase classname="tests.unit.test_risk_self_trade_prevention.TestCheckSelfTrade" name="test_unknown_level_no_entity_match" time="0.008" /><testcase classname="tests.unit.test_risk_stress_test.TestStressScenario" name="test_scenarios_list_non_empty" time="0.007" /><testcase classname="tests.unit.test_risk_stress_test.TestStressScenario" name="test_scenario_fields" time="0.007" /><testcase classname="tests.unit.test_risk_stress_test.TestStressScenario" name="test_custom_scenario" time="0.007" /><testcase classname="tests.unit.test_risk_stress_test.TestStressTesterInit" name="test_valid_init" time="0.007" /><testcase classname="tests.unit.test_risk_stress_test.TestStressTesterInit" name="test_negative_position_value_raises" time="0.007" /><testcase classname="tests.unit.test_risk_stress_test.TestStressTesterInit" name="test_zero_leverage_raises" time="0.008" /><testcase classname="tests.unit.test_risk_stress_test.TestStressTesterInit" name="test_equity_defaults_to_position_value" time="0.007" /><testcase classname="tests.unit.test_risk_stress_test.TestStressTesterInit" name="test_custom_scenarios" time="0.007" /><testcase classname="tests.unit.test_risk_stress_test.TestRunAll" name="test_returns_all_scenarios" time="0.007" /><testcase classname="tests.unit.test_risk_stress_test.TestRunAll" name="test_sorted_worst_first" time="0.007" /><testcase classname="tests.unit.test_risk_stress_test.TestRunAll" name="test_loss_scenario_negative_pnl" time="0.007" /><testcase classname="tests.unit.test_risk_stress_test.TestRunAll" name="test_pnl_calculation" time="0.007" /><testcase classname="tests.unit.test_risk_stress_test.TestRunAll" name="test_leverage_amplifies_pnl" time="0.007" /><testcase classname="tests.unit.test_risk_stress_test.TestWorstCase" name="test_worst_case_is_largest_loss" time="0.006" /><testcase classname="tests.unit.test_risk_stress_test.TestWorstCase" name="test_worst_case_runs_scenarios_if_none" time="0.007" /><testcase classname="tests.unit.test_risk_stress_test.TestGateCheck" name="test_gate_passes_small_position" time="0.006" /><testcase classname="tests.unit.test_risk_stress_test.TestGateCheck" name="test_gate_fails_large_leveraged_position" time="0.009" /><testcase classname="tests.unit.test_risk_stress_test.TestGateCheck" name="test_gate_check_with_override_equity" time="0.007" /><testcase classname="tests.unit.test_risk_stress_test.TestSummary" name="test_summary_keys" time="0.007" /><testcase classname="tests.unit.test_risk_stress_test.TestSummary" name="test_summary_results_count" time="0.009" /><testcase classname="tests.unit.test_risk_stress_test.TestRunAllScenarios" name="test_convenience_function" time="0.007" /><testcase classname="tests.unit.test_security.TestLogSanitizer" name="test_sanitize_api_key" time="0.007" /><testcase classname="tests.unit.test_security.TestLogSanitizer" name="test_sanitize_password" time="0.007" /><testcase classname="tests.unit.test_security.TestLogSanitizer" name="test_sanitize_bearer_token" time="0.007" /><testcase classname="tests.unit.test_security.TestLogSanitizer" name="test_sanitize_credit_card" time="0.006" /><testcase classname="tests.unit.test_security.TestLogSanitizer" name="test_sanitize_private_key" time="0.007" /><testcase classname="tests.unit.test_security.TestLogSanitizer" name="test_sanitize_dict" time="0.007" /><testcase classname="tests.unit.test_security.TestLogSanitizer" name="test_sanitize_nested_dict" time="0.008" /><testcase classname="tests.unit.test_security.TestLogSanitizer" name="test_sanitizer_disabled" time="0.007" /><testcase classname="tests.unit.test_security.TestLogSanitizer" name="test_custom_redaction_text" time="0.007" /><testcase classname="tests.unit.test_security.TestSecurityAuditor" name="test_log_event" time="0.006" /><testcase classname="tests.unit.test_security.TestSecurityAuditor" name="test_log_event_with_details" time="0.007" /><testcase classname="tests.unit.test_security.TestSecurityAuditor" name="test_log_sensitive_details_sanitized" time="0.007" /><testcase classname="tests.unit.test_security.TestSecurityAuditor" name="test_get_events_filtered" time="0.007" /><testcase classname="tests.unit.test_security.TestSecurityAuditor" name="test_auditor_disabled" time="0.008" /><testcase classname="tests.unit.test_security.TestCredentialRotationTracker" name="test_register_credential" time="0.008" /><testcase classname="tests.unit.test_security.TestCredentialRotationTracker" name="test_needs_rotation_fresh" time="0.009" /><testcase classname="tests.unit.test_security.TestCredentialRotationTracker" name="test_needs_rotation_expired" time="0.007" /><testcase classname="tests.unit.test_security.TestCredentialRotationTracker" name="test_get_rotation_status" time="0.009" /><testcase classname="tests.unit.test_security.TestCredentialRotationTracker" name="test_get_credentials_needing_rotation" time="0.007" /><testcase classname="tests.unit.test_security.TestSecurityConfigValidator" name="test_validate_missing_encryption_key" time="0.008" /><testcase classname="tests.unit.test_security.TestSecurityConfigValidator" name="test_validate_short_encryption_key" time="0.008" /><testcase classname="tests.unit.test_security.TestSecurityConfigValidator" name="test_validate_valid_config" time="0.008" /><testcase classname="tests.unit.test_security.TestSecurityConfigValidator" name="test_validate_production_debug_enabled" time="0.008" /><testcase classname="tests.unit.test_security.TestSecurityConfigValidator" name="test_get_security_report" time="0.008" /><testcase classname="tests.unit.test_security.TestSecurityHelpers" name="test_generate_secure_key" time="0.007" /><testcase classname="tests.unit.test_security.TestSecurityHelpers" name="test_generate_secure_key_unique" time="0.007" /><testcase classname="tests.unit.test_security.TestSecurityHelpers" name="test_generate_secure_salt" time="0.004" /><testcase classname="tests.unit.test_security.TestSecurityHelpers" name="test_check_security_setup" time="0.011" /><testcase classname="tests.unit.test_security.TestSecurityHelpers" name="test_check_security_setup_missing_key" time="0.009" /><testcase classname="tests.unit.test_sentry_config.TestInitSentry" name="test_returns_false_when_dsn_unset" time="0.006" /><testcase classname="tests.unit.test_sentry_config.TestInitSentry" name="test_returns_true_when_dsn_set" time="0.431" /><testcase classname="tests.unit.test_sentry_config.TestInitSentry" name="test_returns_false_when_sentry_sdk_missing" time="0.012" /><testcase classname="tests.unit.test_sentry_config.TestScrubDict" name="test_scrubs_password" time="0.009" /><testcase classname="tests.unit.test_sentry_config.TestScrubDict" name="test_scrubs_api_key" time="0.008" /><testcase classname="tests.unit.test_sentry_config.TestScrubDict" name="test_scrubs_authorization_header" time="0.008" /><testcase classname="tests.unit.test_sentry_config.TestScrubDict" name="test_scrubs_nested_dict" time="0.008" /><testcase classname="tests.unit.test_sentry_config.TestScrubDict" name="test_scrubs_list_of_dicts" time="0.008" /><testcase classname="tests.unit.test_sentry_config.TestScrubDict" name="test_preserves_non_sensitive_fields" time="0.009" /><testcase classname="tests.unit.test_sentry_config.TestScrubDict" name="test_handles_non_dict_input" time="0.008" /><testcase classname="tests.unit.test_sentry_config.TestBeforeSend" name="test_drops_health_check" time="0.007" /><testcase classname="tests.unit.test_sentry_config.TestBeforeSend" name="test_drops_metrics" time="0.008" /><testcase classname="tests.unit.test_sentry_config.TestBeforeSend" name="test_drops_favicon" time="0.009" /><testcase classname="tests.unit.test_sentry_config.TestBeforeSend" name="test_passes_normal_event" time="0.009" /><testcase classname="tests.unit.test_sentry_config.TestBeforeSend" name="test_scrubs_password_in_request_data" time="0.008" /><testcase classname="tests.unit.test_sentry_config.TestBeforeSend" name="test_scrubs_authorization_header" time="0.007" /><testcase classname="tests.unit.test_sentry_config.TestBeforeSend" name="test_scrubs_extra_api_key" time="0.009" /><testcase classname="tests.unit.test_sentry_config.TestBeforeSendTransaction" name="test_drops_health" time="0.008" /><testcase classname="tests.unit.test_sentry_config.TestBeforeSendTransaction" name="test_passes_api_transaction" time="0.008" /><testcase classname="tests.unit.test_sentry_config.TestCaptureMlFallbackEvent" name="test_does_not_raise_when_sentry_uninitialised" time="0.032" /><testcase classname="tests.unit.test_sentry_config.TestCaptureMlFallbackEvent" name="test_calls_sentry_capture_message" time="0.016" /><testcase classname="tests.unit.test_sentry_config.TestStartTransaction" name="test_returns_context_manager_when_sentry_off" time="0.010" /><testcase classname="tests.unit.test_sentry_config.TestStartTransaction" name="test_returns_sentry_transaction_when_on" time="0.007" /><testcase classname="tests.unit.test_service_circuit_breakers.TestStateTransitions" name="test_starts_closed" time="0.009" /><testcase classname="tests.unit.test_service_circuit_breakers.TestStateTransitions" name="test_opens_after_failure_threshold" time="0.018" /><testcase classname="tests.unit.test_service_circuit_breakers.TestStateTransitions" name="test_open_rejects_calls" time="0.017" /><testcase classname="tests.unit.test_service_circuit_breakers.TestStateTransitions" name="test_transitions_to_half_open_after_timeout" time="0.066" /><testcase classname="tests.unit.test_service_circuit_breakers.TestStateTransitions" name="test_half_open_closes_after_success_threshold" time="0.068" /><testcase classname="tests.unit.test_service_circuit_breakers.TestStateTransitions" name="test_half_open_reopens_on_failure" time="0.074" /><testcase classname="tests.unit.test_service_circuit_breakers.TestSyncRecordMethods" name="test_record_failure_opens_after_threshold" time="0.015" /><testcase classname="tests.unit.test_service_circuit_breakers.TestSyncRecordMethods" name="test_record_success_resets_failure_count" time="0.010" /><testcase classname="tests.unit.test_service_circuit_breakers.TestSyncRecordMethods" name="test_record_success_closes_half_open" time="0.015" /><testcase classname="tests.unit.test_service_circuit_breakers.TestAdminMethods" name="test_force_open" time="0.013" /><testcase classname="tests.unit.test_service_circuit_breakers.TestAdminMethods" name="test_force_close" time="0.013" /><testcase classname="tests.unit.test_service_circuit_breakers.TestGetStatus" name="test_status_keys" time="0.008" /><testcase classname="tests.unit.test_service_circuit_breakers.TestGetStatus" name="test_status_state_value" time="0.007" /><testcase classname="tests.unit.test_service_circuit_breakers.TestGetAllBreakerStatus" name="test_returns_all_breakers" time="0.007" /><testcase classname="tests.unit.test_service_circuit_breakers.TestPrebuiltBreakers" name="test_redis_breaker_config" time="0.008" /><testcase classname="tests.unit.test_service_circuit_breakers.TestPrebuiltBreakers" name="test_broker_breaker_config" time="0.008" /><testcase classname="tests.unit.test_service_circuit_breakers.TestPrebuiltBreakers" name="test_ml_breaker_config" time="0.007" /><testcase classname="tests.unit.test_service_circuit_breakers.TestPrebuiltBreakers" name="test_db_breaker_config" time="0.007" /><testcase classname="tests.unit.test_service_circuit_breakers.TestResilienceInit" name="test_imports_from_init" time="0.007" /><testcase classname="tests.unit.test_sharpe_circuit_breaker.TestCircuitStateRecord" name="test_record_increments_total_trades" time="0.008" /><testcase classname="tests.unit.test_sharpe_circuit_breaker.TestCircuitStateRecord" name="test_record_appends_to_window" time="0.007" /><testcase classname="tests.unit.test_sharpe_circuit_breaker.TestRollingSharpeBranches" name="test_returns_none_when_insufficient_trades" time="0.008" /><testcase classname="tests.unit.test_sharpe_circuit_breaker.TestRollingSharpeBranches" name="test_returns_float_when_enough_trades" time="0.007" /><testcase classname="tests.unit.test_sharpe_circuit_breaker.TestRollingSharpeBranches" name="test_zero_std_positive_mean_returns_large_positive" time="0.008" /><testcase classname="tests.unit.test_sharpe_circuit_breaker.TestRollingSharpeBranches" name="test_zero_std_negative_mean_returns_large_negative" time="0.008" /><testcase classname="tests.unit.test_sharpe_circuit_breaker.TestRollingSharpeBranches" name="test_zero_std_zero_mean_returns_zero" time="0.008" /><testcase classname="tests.unit.test_sharpe_circuit_breaker.TestRollingSharpeBranches" name="test_normal_sharpe_calculation" time="0.008" /><testcase classname="tests.unit.test_sharpe_circuit_breaker.TestSharpeCircuitBreakerAPI" name="test_record_trade_creates_state" time="0.008" /><testcase classname="tests.unit.test_sharpe_circuit_breaker.TestSharpeCircuitBreakerAPI" name="test_record_trade_multiple_versions" time="0.008" /><testcase classname="tests.unit.test_sharpe_circuit_breaker.TestSharpeCircuitBreakerAPI" name="test_is_open_returns_false_for_unknown_version" time="0.008" /><testcase classname="tests.unit.test_sharpe_circuit_breaker.TestSharpeCircuitBreakerAPI" name="test_is_open_returns_false_when_circuit_closed" time="0.007" /><testcase classname="tests.unit.test_sharpe_circuit_breaker.TestSharpeCircuitBreakerAPI" name="test_is_open_returns_true_when_circuit_open" time="0.007" /><testcase classname="tests.unit.test_sharpe_circuit_breaker.TestSharpeCircuitBreakerAPI" name="test_auto_reset_after_elapsed_time" time="0.008" /><testcase classname="tests.unit.test_sharpe_circuit_breaker.TestSharpeCircuitBreakerAPI" name="test_no_auto_reset_when_reset_after_zero" time="0.008" /><testcase classname="tests.unit.test_sharpe_circuit_breaker.TestSharpeCircuitBreakerAPI" name="test_reset_clears_circuit" time="0.009" /><testcase classname="tests.unit.test_sharpe_circuit_breaker.TestSharpeCircuitBreakerAPI" name="test_reset_noop_for_unknown_version" time="0.007" /><testcase classname="tests.unit.test_sharpe_circuit_breaker.TestSharpeCircuitBreakerAPI" name="test_get_status_empty" time="0.007" /><testcase classname="tests.unit.test_sharpe_circuit_breaker.TestSharpeCircuitBreakerAPI" name="test_get_status_includes_all_fields" time="0.007" /><testcase classname="tests.unit.test_sharpe_circuit_breaker.TestSharpeCircuitBreakerAPI" name="test_get_status_opened_at_iso_format" time="0.007" /><testcase classname="tests.unit.test_sharpe_circuit_breaker.TestSharpeCircuitBreakerAPI" name="test_stop_sets_running_false" time="0.007" /><testcase classname="tests.unit.test_sharpe_circuit_breaker.TestEvaluateOne" name="test_evaluate_one_insufficient_trades_skips" time="0.011" /><testcase classname="tests.unit.test_sharpe_circuit_breaker.TestEvaluateOne" name="test_evaluate_one_good_sharpe_resets_counter" time="0.012" /><testcase classname="tests.unit.test_sharpe_circuit_breaker.TestEvaluateOne" name="test_evaluate_one_bad_sharpe_increments_counter" time="0.012" /><testcase classname="tests.unit.test_sharpe_circuit_breaker.TestEvaluateOne" name="test_evaluate_one_trips_after_consecutive_windows" time="0.053" /><testcase classname="tests.unit.test_sharpe_circuit_breaker.TestEvaluateOne" name="test_evaluate_one_does_not_re_trip_open_circuit" time="0.014" /><testcase classname="tests.unit.test_sharpe_circuit_breaker.TestTrip" name="test_trip_sets_state_open" time="0.039" /><testcase classname="tests.unit.test_sharpe_circuit_breaker.TestTrip" name="test_trip_calls_fire_and_retire" time="0.046" /><testcase classname="tests.unit.test_sharpe_circuit_breaker.TestFireTripEvent" name="test_fire_trip_event_handles_outbox_import_error" time="0.014" /><testcase classname="tests.unit.test_sharpe_circuit_breaker.TestFireTripEvent" name="test_fire_trip_event_handles_alert_engine_error" time="0.017" /><testcase classname="tests.unit.test_sharpe_circuit_breaker.TestFireTripEvent" name="test_fire_trip_event_calls_alert_engine_when_available" time="0.014" /><testcase classname="tests.unit.test_sharpe_circuit_breaker.TestRetireModel" name="test_retire_model_sets_state_retired" time="0.017" /><testcase classname="tests.unit.test_sharpe_circuit_breaker.TestRetireModel" name="test_retire_model_skips_non_production" time="0.013" /><testcase classname="tests.unit.test_sharpe_circuit_breaker.TestRetireModel" name="test_retire_model_handles_import_error" time="0.011" /><testcase classname="tests.unit.test_sharpe_circuit_breaker.TestRunLoop" name="test_run_stops_on_cancel" time="0.012" /><testcase classname="tests.unit.test_sharpe_circuit_breaker.TestRunLoop" name="test_run_handles_evaluation_exception" time="0.015" /><testcase classname="tests.unit.test_sharpe_circuit_breaker.TestEvaluateAll" name="test_evaluate_all_calls_evaluate_one_for_each_version" time="0.010" /><testcase classname="tests.unit.test_sharpe_circuit_breaker.TestSingleton" name="test_get_sharpe_cb_returns_same_instance" time="0.007" /><testcase classname="tests.unit.test_sharpe_circuit_breaker.TestSingleton" name="test_get_sharpe_cb_creates_instance_on_first_call" time="0.007" /><testcase classname="tests.unit.test_signal_engine_functions.TestComputeSignal" name="test_consensus_reached_returns_dict" time="0.008" /><testcase classname="tests.unit.test_signal_engine_functions.TestComputeSignal" name="test_no_consensus_returns_none" time="0.008" /><testcase classname="tests.unit.test_signal_engine_functions.TestComputeSignal" name="test_consensus_with_none_signal_returns_none" time="0.008" /><testcase classname="tests.unit.test_signal_engine_functions.TestComputeSignal" name="test_signal_type_without_value_attr" time="0.008" /><testcase classname="tests.unit.test_signal_engine_functions.TestBuildOhlcvDf" name="test_returns_dataframe_with_correct_shape" time="0.008" /><testcase classname="tests.unit.test_signal_engine_functions.TestBuildOhlcvDf" name="test_last_bar_overwritten_with_actual_ohlcv" time="0.008" /><testcase classname="tests.unit.test_signal_engine_functions.TestBuildOhlcvDf" name="test_mismatched_highs_fallback_to_prices" time="0.008" /><testcase classname="tests.unit.test_signal_engine_functions.TestComputeAtr" name="test_returns_fallback_when_insufficient_bars" time="0.007" /><testcase classname="tests.unit.test_signal_engine_functions.TestComputeAtr" name="test_computes_positive_atr_with_enough_bars" time="0.007" /><testcase classname="tests.unit.test_signal_engine_functions.TestResolveSlTp" name="test_uses_signal_provided_values_when_present" time="0.008" /><testcase classname="tests.unit.test_signal_engine_functions.TestResolveSlTp" name="test_buy_sl_below_entry_tp_above_entry" time="0.008" /><testcase classname="tests.unit.test_signal_engine_functions.TestResolveSlTp" name="test_sell_sl_above_entry_tp_below_entry" time="0.009" /><testcase classname="tests.unit.test_signal_engine_functions.TestResolveSlTp" name="test_fixed_fallback_used_on_empty_data" time="0.007" /><testcase classname="tests.unit.test_signal_engine_functions.TestApplyAnomalyWeighting" name="test_returns_unchanged_when_store_is_none" time="0.008" /><testcase classname="tests.unit.test_signal_engine_functions.TestApplyAnomalyWeighting" name="test_blends_toward_neutral_when_weight_below_one" time="0.009" /><testcase classname="tests.unit.test_signal_engine_functions.TestApplyAnomalyWeighting" name="test_passes_through_when_weight_is_one" time="0.009" /><testcase classname="tests.unit.test_signal_engine_functions.TestApplyAnomalyWeighting" name="test_exception_returns_original_prob" time="0.009" /><testcase classname="tests.unit.test_signal_engine_functions.TestApplyOnlineBlend" name="test_returns_unchanged_when_store_is_none" time="0.008" /><testcase classname="tests.unit.test_signal_engine_functions.TestApplyOnlineBlend" name="test_returns_unchanged_when_store_not_ready" time="0.008" /><testcase classname="tests.unit.test_signal_engine_functions.TestApplyOnlineBlend" name="test_blends_when_store_ready" time="0.010" /><testcase classname="tests.unit.test_signal_engine_functions.TestApplyOnlineBlend" name="test_exception_returns_original_prob" time="0.008" /><testcase classname="tests.unit.test_signal_engine_functions.TestApplyDeepEnsembleBlend" name="test_returns_unchanged_when_store_is_none" time="0.008" /><testcase classname="tests.unit.test_signal_engine_functions.TestApplyDeepEnsembleBlend" name="test_returns_unchanged_when_store_not_active" time="0.009" /><testcase classname="tests.unit.test_signal_engine_functions.TestApplyDeepEnsembleBlend" name="test_blends_when_store_active" time="0.009" /><testcase classname="tests.unit.test_signal_engine_functions.TestApplyDeepEnsembleBlend" name="test_exception_returns_original_prob" time="0.009" /><testcase classname="tests.unit.test_signal_engine_functions.TestPredictBasic" name="test_uses_predict_proba_when_available" time="0.011" /><testcase classname="tests.unit.test_signal_engine_functions.TestPredictBasic" name="test_uses_predict_when_no_proba" time="0.011" /><testcase classname="tests.unit.test_signal_engine_functions.TestPredictBasic" name="test_falls_back_to_confidence_when_no_predict" time="0.010" /><testcase classname="tests.unit.test_signal_engine_functions.TestPredictBasic" name="test_handles_short_price_series_gracefully" time="0.009" /><testcase classname="tests.unit.test_signal_engine_functions.TestComputeMlProbability" name="test_returns_base_confidence_when_ml_unavailable" time="0.008" /><testcase classname="tests.unit.test_signal_engine_functions.TestComputeMlProbability" name="test_uses_advanced_predictor_when_available" time="0.031" /><testcase classname="tests.unit.test_signal_engine_functions.TestComputeMlProbability" name="test_falls_back_to_basic_when_advanced_unavailable" time="0.013" /><testcase classname="tests.unit.test_signal_engine_functions.TestComputeMlProbability" name="test_returns_base_confidence_when_no_model" time="0.008" /><testcase classname="tests.unit.test_signal_engine_functions.TestComputeMlProbability" name="test_exception_returns_base_confidence" time="0.008" /><testcase classname="tests.unit.test_signal_engine_functions.TestRunSignalFilter" name="test_passing_filter_returns_true" time="0.010" /><testcase classname="tests.unit.test_signal_engine_functions.TestRunSignalFilter" name="test_failing_filter_returns_false" time="0.011" /><testcase classname="tests.unit.test_signal_engine_functions.TestRunSignalFilter" name="test_fallback_gate_blocks_low_prob" time="0.012" /><testcase classname="tests.unit.test_signal_engine_functions.TestRunSignalFilter" name="test_fallback_gate_passes_high_prob" time="0.011" /><testcase classname="tests.unit.test_signal_engine_functions.TestComputeSignalStrength" name="test_position_sizer_lots_used" time="0.013" /><testcase classname="tests.unit.test_signal_engine_functions.TestComputeSignalStrength" name="test_fallback_when_position_sizer_unavailable" time="0.008" /><testcase classname="tests.unit.test_signal_engine_functions.TestComputeSignalStrength" name="test_fallback_caps_at_080" time="0.007" /><testcase classname="tests.unit.test_signal_engine_functions.TestComputeSignalStrength" name="test_exception_in_sizer_falls_back" time="0.010" /><testcase classname="tests.unit.test_signal_engine_functions.TestGetSignalEngineStatus" name="test_returns_dict_with_required_keys" time="0.008" /><testcase classname="tests.unit.test_signal_engine_functions.TestGetSignalEngineStatus" name="test_phase_keys_present" time="0.007" /><testcase classname="tests.unit.test_signal_engine_functions.TestGetSignalEngineStatus" name="test_phase2_fallback_when_store_none" time="0.009" /><testcase classname="tests.unit.test_signal_engine_functions.TestGetSignalEngineStatus" name="test_phase3_fallback_when_store_none" time="0.007" /><testcase classname="tests.unit.test_signal_engine_functions.TestGetSignalEngineStatus" name="test_phase4_fallback_when_store_none" time="0.008" /><testcase classname="tests.unit.test_signal_engine_functions.TestGetSignalEngineStatus" name="test_phase2_status_method_called_when_store_available" time="0.009" /><testcase classname="tests.unit.test_signal_pipeline_e2e" name="test_full_signal_paper_fill_position_tracked" time="0.013" /><testcase classname="tests.unit.test_signal_pipeline_e2e" name="test_pnl_computed_after_close" time="0.015" /><testcase classname="tests.unit.test_signal_pipeline_e2e" name="test_risk_rejection_blocks_trade" time="0.010" /><testcase classname="tests.unit.test_signal_pipeline_e2e" name="test_partial_fill_reduces_position" time="0.011" /><testcase classname="tests.unit.test_signal_pipeline_e2e" name="test_stop_hit_closes_at_loss" time="0.013" /><testcase classname="tests.unit.test_signal_pipeline_e2e" name="test_take_profit_hit_closes_at_gain" time="0.010" /><testcase classname="tests.unit.test_signal_pipeline_e2e" name="test_kill_switch_blocks_trade" time="0.113" /><testcase classname="tests.unit.test_signal_pipeline_e2e" name="test_ml_probability_used_in_kelly" time="0.012" /><testcase classname="tests.unit.test_signals_router.TestRealTimeSignalService" name="test_service_creation" time="0.008" /><testcase classname="tests.unit.test_signals_router.TestRealTimeSignalService" name="test_get_signal_summary_empty" time="0.010" /><testcase classname="tests.unit.test_signals_router.TestRealTimeSignalService" name="test_get_active_signals_empty" time="0.010" /><testcase classname="tests.unit.test_signals_router.TestRealTimeSignalService" name="test_get_signal_history_empty" time="0.009" /><testcase classname="tests.unit.test_signals_router.TestRealTimeSignalService" name="test_get_analytics" time="0.007" /><testcase classname="tests.unit.test_signals_router.TestRealTimeSignalService" name="test_get_websocket_channels" time="0.011" /><testcase classname="tests.unit.test_signals_router.TestRealTimeSignalService" name="test_subscribe_and_unsubscribe" time="0.008" /><testcase classname="tests.unit.test_signals_router.TestRealTimeSignalService" name="test_signal_generation_returns_result_or_none" time="0.008" /><testcase classname="tests.unit.test_signals_router.TestRealTimeSignalService" name="test_create_and_get_alert" time="0.010" /><testcase classname="tests.unit.test_signals_router.TestRealTimeSignalService" name="test_delete_alert" time="0.009" /><testcase classname="tests.unit.test_signals_router.TestSignalsRouter" name="test_create_signals_router_returns_router" time="0.027" /><testcase classname="tests.unit.test_signals_router.TestSignalsRouter" name="test_signals_router_has_all_endpoints" time="0.025" /><testcase classname="tests.unit.test_signals_router.TestSignalsRouter" name="test_singleton_signal_service" time="0.009" /><testcase classname="tests.unit.test_simple_backtesting_modules.TestEventTypes" name="test_event_type_values" time="0.007" /><testcase classname="tests.unit.test_simple_backtesting_modules.TestEventTypes" name="test_market_event_type" time="0.007" /><testcase classname="tests.unit.test_simple_backtesting_modules.TestEventTypes" name="test_signal_event_defaults" time="0.007" /><testcase classname="tests.unit.test_simple_backtesting_modules.TestEventTypes" name="test_signal_event_custom_strength_and_metadata" time="0.007" /><testcase classname="tests.unit.test_simple_backtesting_modules.TestEventTypes" name="test_order_event_market" time="0.007" /><testcase classname="tests.unit.test_simple_backtesting_modules.TestEventTypes" name="test_order_event_limit_with_price" time="0.008" /><testcase classname="tests.unit.test_simple_backtesting_modules.TestEventTypes" name="test_fill_event_defaults" time="0.008" /><testcase classname="tests.unit.test_simple_backtesting_modules.TestEventTypes" name="test_fill_event_with_commission" time="0.007" /><testcase classname="tests.unit.test_simple_backtesting_modules.TestEventTypes" name="test_event_timestamp_is_utc" time="0.007" /><testcase classname="tests.unit.test_simple_backtesting_modules.TestTransactionCostModel" name="test_known_ticker_gold" time="0.008" /><testcase classname="tests.unit.test_simple_backtesting_modules.TestTransactionCostModel" name="test_known_ticker_btc" time="0.007" /><testcase classname="tests.unit.test_simple_backtesting_modules.TestTransactionCostModel" name="test_known_ticker_eurusd" time="0.008" /><testcase classname="tests.unit.test_simple_backtesting_modules.TestTransactionCostModel" name="test_unknown_ticker_uses_default" time="0.007" /><testcase classname="tests.unit.test_simple_backtesting_modules.TestTransactionCostModel" name="test_apply_reduces_pnl" time="0.006" /><testcase classname="tests.unit.test_simple_backtesting_modules.TestTransactionCostModel" name="test_apply_xauusd_alias" time="0.007" /><testcase classname="tests.unit.test_simple_backtesting_modules.TestTransactionCostModel" name="test_extra_spread_increases_cost" time="0.007" /><testcase classname="tests.unit.test_simple_backtesting_modules.TestTransactionCostModel" name="test_cost_summary_keys" time="0.008" /><testcase classname="tests.unit.test_simple_backtesting_modules.TestTransactionCostModel" name="test_cost_summary_ticker_preserved" time="0.007" /><testcase classname="tests.unit.test_simple_backtesting_modules.TestTransactionCostModel" name="test_cost_summary_unknown_ticker" time="0.007" /><testcase classname="tests.unit.test_simple_backtesting_modules.TestTransactionCostModel" name="test_get_tc_model_singleton" time="0.007" /><testcase classname="tests.unit.test_simple_backtesting_modules.TestTransactionCostModel" name="test_get_tc_model_extra_spread_creates_new" time="0.007" /><testcase classname="tests.unit.test_simple_backtesting_modules.TestTransactionCostModel" name="test_gbpusd_alias" time="0.008" /><testcase classname="tests.unit.test_simple_backtesting_modules.TestTransactionCostModel" name="test_silver_cost" time="0.007" /><testcase classname="tests.unit.test_simple_backtesting_modules.TestTransactionCostModel" name="test_crude_oil_cost" time="0.005" /><testcase classname="tests.unit.test_simple_backtesting_modules.TestReportGenerator" name="test_generate_text_report_returns_string" time="0.009" /><testcase classname="tests.unit.test_simple_backtesting_modules.TestReportGenerator" name="test_report_contains_header" time="0.007" /><testcase classname="tests.unit.test_simple_backtesting_modules.TestReportGenerator" name="test_report_contains_metrics" time="0.007" /><testcase classname="tests.unit.test_simple_backtesting_modules.TestReportGenerator" name="test_report_contains_trade_stats" time="0.008" /><testcase classname="tests.unit.test_simple_backtesting_modules.TestReportGenerator" name="test_save_to_file" time="0.009" /><testcase classname="tests.unit.test_simple_backtesting_modules.TestReportGenerator" name="test_results_stored" time="0.005" /><testcase classname="tests.unit.test_simple_backtesting_modules.TestPerformancePlotter" name="test_init_stores_results" time="0.009" /><testcase classname="tests.unit.test_simple_backtesting_modules.TestPerformancePlotter" name="test_plot_equity_curve_no_matplotlib" time="0.010" /><testcase classname="tests.unit.test_simple_backtesting_modules.TestPerformancePlotter" name="test_plot_drawdown_no_matplotlib" time="0.010" /><testcase classname="tests.unit.test_simple_backtesting_modules.TestPerformancePlotter" name="test_plot_equity_curve_saves_file" time="0.181" /><testcase classname="tests.unit.test_simple_backtesting_modules.TestPerformancePlotter" name="test_plot_drawdown_saves_file" time="0.150" /><testcase classname="tests.unit.test_simple_backtesting_modules.TestPerformancePlotter" name="test_plot_equity_curve_show_path" time="0.022" /><testcase classname="tests.unit.test_simple_backtesting_modules.TestPerformancePlotter" name="test_plot_drawdown_show_path" time="0.023" /><testcase classname="tests.unit.test_simple_backtesting_modules.TestPerformancePlotter" name="test_matplotlib_unavailable_import_branch" time="0.009" /><testcase classname="tests.unit.test_simple_backtesting_modules.TestSimulatedExecutionHandler" name="test_init_stores_params" time="0.009" /><testcase classname="tests.unit.test_simple_backtesting_modules.TestSimulatedExecutionHandler" name="test_market_buy_fills" time="0.010" /><testcase classname="tests.unit.test_simple_backtesting_modules.TestSimulatedExecutionHandler" name="test_market_sell_fills" time="0.009" /><testcase classname="tests.unit.test_simple_backtesting_modules.TestSimulatedExecutionHandler" name="test_no_bar_returns_none" time="0.010" /><testcase classname="tests.unit.test_simple_backtesting_modules.TestSimulatedExecutionHandler" name="test_limit_buy_fills_when_price_reached" time="0.009" /><testcase classname="tests.unit.test_simple_backtesting_modules.TestSimulatedExecutionHandler" name="test_limit_buy_no_fill_when_price_not_reached" time="0.008" /><testcase classname="tests.unit.test_simple_backtesting_modules.TestSimulatedExecutionHandler" name="test_limit_sell_fills_when_price_reached" time="0.009" /><testcase classname="tests.unit.test_simple_backtesting_modules.TestSimulatedExecutionHandler" name="test_limit_sell_no_fill_when_price_not_reached" time="0.009" /><testcase classname="tests.unit.test_simple_backtesting_modules.TestSimulatedExecutionHandler" name="test_stop_buy_fills_when_triggered" time="0.009" /><testcase classname="tests.unit.test_simple_backtesting_modules.TestSimulatedExecutionHandler" name="test_stop_buy_no_fill_when_not_triggered" time="0.008" /><testcase classname="tests.unit.test_simple_backtesting_modules.TestSimulatedExecutionHandler" name="test_stop_sell_fills_when_triggered" time="0.009" /><testcase classname="tests.unit.test_simple_backtesting_modules.TestSimulatedExecutionHandler" name="test_stop_sell_no_fill_when_not_triggered" time="0.009" /><testcase classname="tests.unit.test_simple_backtesting_modules.TestSimulatedExecutionHandler" name="test_unknown_order_type_returns_none" time="0.033" /><testcase classname="tests.unit.test_simple_backtesting_modules.TestSimulatedExecutionHandler" name="test_commission_applied" time="0.009" /><testcase classname="tests.unit.test_simple_backtesting_modules.TestSimulatedExecutionHandler" name="test_audit_log_creation" time="0.008" /><testcase classname="tests.unit.test_simple_backtesting_modules.TestSimulatedExecutionHandler" name="test_order_result_attributes" time="0.007" /><testcase classname="tests.unit.test_simple_backtesting_modules.TestFeatureEngineeringShim" name="test_import_succeeds" time="0.009" /><testcase classname="tests.unit.test_simple_backtesting_modules.TestFeatureEngineeringShim" name="test_is_same_class_as_advanced" time="0.009" /><testcase classname="tests.unit.test_simple_backtesting_modules.TestFeatureEngineeringShim" name="test_all_exports" time="0.007" /><testcase classname="tests.unit.test_sltp_monitor_comprehensive.TestCheckBreach" name="test_long_sl_breached" time="0.011" /><testcase classname="tests.unit.test_sltp_monitor_comprehensive.TestCheckBreach" name="test_long_sl_at_level" time="0.009" /><testcase classname="tests.unit.test_sltp_monitor_comprehensive.TestCheckBreach" name="test_long_sl_not_breached" time="0.007" /><testcase classname="tests.unit.test_sltp_monitor_comprehensive.TestCheckBreach" name="test_long_tp_breached" time="0.008" /><testcase classname="tests.unit.test_sltp_monitor_comprehensive.TestCheckBreach" name="test_long_tp_at_level" time="0.008" /><testcase classname="tests.unit.test_sltp_monitor_comprehensive.TestCheckBreach" name="test_long_tp_not_breached" time="0.008" /><testcase classname="tests.unit.test_sltp_monitor_comprehensive.TestCheckBreach" name="test_short_sl_breached" time="0.008" /><testcase classname="tests.unit.test_sltp_monitor_comprehensive.TestCheckBreach" name="test_short_sl_at_level" time="0.009" /><testcase classname="tests.unit.test_sltp_monitor_comprehensive.TestCheckBreach" name="test_short_sl_not_breached" time="0.009" /><testcase classname="tests.unit.test_sltp_monitor_comprehensive.TestCheckBreach" name="test_short_tp_breached" time="0.009" /><testcase classname="tests.unit.test_sltp_monitor_comprehensive.TestCheckBreach" name="test_short_tp_at_level" time="0.008" /><testcase classname="tests.unit.test_sltp_monitor_comprehensive.TestCheckBreach" name="test_short_tp_not_breached" time="0.008" /><testcase classname="tests.unit.test_sltp_monitor_comprehensive.TestCheckBreach" name="test_no_sl_no_tp_returns_none" time="0.008" /><testcase classname="tests.unit.test_sltp_monitor_comprehensive.TestCheckBreach" name="test_sl_zero_ignored" time="0.008" /><testcase classname="tests.unit.test_sltp_monitor_comprehensive.TestCheckBreach" name="test_tp_zero_ignored" time="0.008" /><testcase classname="tests.unit.test_sltp_monitor_comprehensive.TestCheckBreach" name="test_long_alias" time="0.007" /><testcase classname="tests.unit.test_sltp_monitor_comprehensive.TestCheckBreach" name="test_short_alias" time="0.008" /><testcase classname="tests.unit.test_sltp_monitor_comprehensive.TestCheckBreach" name="test_unknown_side_returns_none" time="0.011" /><testcase classname="tests.unit.test_sltp_monitor_comprehensive.TestGetMid" name="test_get_mid_from_mid_attr" time="0.016" /><testcase classname="tests.unit.test_sltp_monitor_comprehensive.TestGetMid" name="test_get_mid_from_price_attr" time="0.014" /><testcase classname="tests.unit.test_sltp_monitor_comprehensive.TestGetMid" name="test_get_mid_missing_symbol_returns_none" time="0.012" /><testcase classname="tests.unit.test_sltp_monitor_comprehensive.TestGetMid" name="test_get_mid_none_tick_returns_none" time="0.011" /><testcase classname="tests.unit.test_sltp_monitor_comprehensive.TestSLTPMonitorLifecycle" name="test_start_sets_running" time="0.017" /><testcase classname="tests.unit.test_sltp_monitor_comprehensive.TestSLTPMonitorLifecycle" name="test_start_twice_noop" time="0.016" /><testcase classname="tests.unit.test_sltp_monitor_comprehensive.TestSLTPMonitorLifecycle" name="test_stop_clears_running" time="0.012" /><testcase classname="tests.unit.test_sltp_monitor_comprehensive.TestSLTPMonitorLifecycle" name="test_stop_without_start_safe" time="0.010" /><testcase classname="tests.unit.test_sltp_monitor_comprehensive.TestCheckAllPositions" name="test_no_positions_noop" time="0.013" /><testcase classname="tests.unit.test_sltp_monitor_comprehensive.TestCheckAllPositions" name="test_no_mid_price_skips" time="0.011" /><testcase classname="tests.unit.test_sltp_monitor_comprehensive.TestCheckAllPositions" name="test_zero_mid_price_skips" time="0.013" /><testcase classname="tests.unit.test_sltp_monitor_comprehensive.TestCheckAllPositions" name="test_already_closing_skips" time="0.010" /><testcase classname="tests.unit.test_sltp_monitor_comprehensive.TestCheckAllPositions" name="test_sl_breach_triggers_close" time="0.014" /><testcase classname="tests.unit.test_sltp_monitor_comprehensive.TestCheckAllPositions" name="test_pm_none_returns_early" time="0.009" /><testcase classname="tests.unit.test_sltp_monitor_comprehensive.TestCheckAllPositions" name="test_pm_raises_handled" time="0.008" /><testcase classname="tests.unit.test_sltp_monitor_comprehensive.TestClosePosition" name="test_close_buy_position_uses_sell" time="0.018" /><testcase classname="tests.unit.test_sltp_monitor_comprehensive.TestClosePosition" name="test_close_zero_quantity_skips" time="0.040" /><testcase classname="tests.unit.test_sltp_monitor_comprehensive.TestClosePosition" name="test_close_removes_from_closing_set" time="0.019" /><testcase classname="tests.unit.test_smart_router_comprehensive.TestBrokerState" name="test_initial_state" time="0.008" /><testcase classname="tests.unit.test_smart_router_comprehensive.TestBrokerState" name="test_record_fill_updates_ema_latency" time="0.006" /><testcase classname="tests.unit.test_smart_router_comprehensive.TestBrokerState" name="test_record_fill_updates_slippage" time="0.006" /><testcase classname="tests.unit.test_smart_router_comprehensive.TestBrokerState" name="test_record_fill_increments_counters" time="0.006" /><testcase classname="tests.unit.test_smart_router_comprehensive.TestBrokerState" name="test_record_fill_updates_fill_rate" time="0.010" /><testcase classname="tests.unit.test_smart_router_comprehensive.TestBrokerState" name="test_record_error_increments_counters" time="0.006" /><testcase classname="tests.unit.test_smart_router_comprehensive.TestBrokerState" name="test_record_error_degrades_reliability" time="0.007" /><testcase classname="tests.unit.test_smart_router_comprehensive.TestBrokerState" name="test_record_error_opens_circuit_at_threshold" time="0.031" /><testcase classname="tests.unit.test_smart_router_comprehensive.TestBrokerState" name="test_record_error_below_threshold_circuit_closed" time="0.008" /><testcase classname="tests.unit.test_smart_router_comprehensive.TestBrokerState" name="test_check_circuit_reset_after_timeout" time="0.009" /><testcase classname="tests.unit.test_smart_router_comprehensive.TestBrokerState" name="test_check_circuit_reset_before_timeout_stays_open" time="0.008" /><testcase classname="tests.unit.test_smart_router_comprehensive.TestBrokerState" name="test_check_circuit_reset_not_open_noop" time="0.008" /><testcase classname="tests.unit.test_smart_router_comprehensive.TestBrokerState" name="test_routing_score_returns_float" time="0.009" /><testcase classname="tests.unit.test_smart_router_comprehensive.TestBrokerState" name="test_routing_score_between_zero_and_one" time="0.008" /><testcase classname="tests.unit.test_smart_router_comprehensive.TestBrokerState" name="test_routing_score_circuit_open_excluded_from_ranking" time="0.013" /><testcase classname="tests.unit.test_smart_router_comprehensive.TestBrokerState" name="test_routing_score_lower_latency_higher_score" time="0.007" /><testcase classname="tests.unit.test_smart_router_comprehensive.TestBrokerState" name="test_routing_score_lower_slippage_higher_score" time="0.009" /><testcase classname="tests.unit.test_smart_router_comprehensive.TestSmartRouterBrokerManagement" name="test_add_broker_registers" time="0.010" /><testcase classname="tests.unit.test_smart_router_comprehensive.TestSmartRouterBrokerManagement" name="test_add_broker_creates_state" time="0.011" /><testcase classname="tests.unit.test_smart_router_comprehensive.TestSmartRouterBrokerManagement" name="test_remove_broker_unregisters" time="0.014" /><testcase classname="tests.unit.test_smart_router_comprehensive.TestSmartRouterBrokerManagement" name="test_remove_nonexistent_broker_noop" time="0.009" /><testcase classname="tests.unit.test_smart_router_comprehensive.TestSmartRouterBrokerManagement" name="test_multiple_brokers_registered" time="0.011" /><testcase classname="tests.unit.test_smart_router_comprehensive.TestSmartRouterRankBrokers" name="test_rank_returns_list" time="0.013" /><testcase classname="tests.unit.test_smart_router_comprehensive.TestSmartRouterRankBrokers" name="test_rank_excludes_open_circuit" time="0.016" /><testcase classname="tests.unit.test_smart_router_comprehensive.TestSmartRouterRankBrokers" name="test_rank_empty_brokers_returns_empty" time="0.008" /><testcase classname="tests.unit.test_smart_router_comprehensive.TestSmartRouterRankBrokers" name="test_rank_sorted_by_score_descending" time="0.012" /><testcase classname="tests.unit.test_smart_router_comprehensive.TestSmartRouterPreRouteGate" name="test_normal_order_returns_none" time="0.007" /><testcase classname="tests.unit.test_smart_router_comprehensive.TestSmartRouterPreRouteGate" name="test_spread_too_wide_returns_reason" time="0.008" /><testcase classname="tests.unit.test_smart_router_comprehensive.TestSmartRouterPreRouteGate" name="test_extreme_sentiment_returns_reason" time="0.008" /><testcase classname="tests.unit.test_smart_router_comprehensive.TestSmartRouterPreRouteGate" name="test_high_impact_returns_reason" time="0.008" /><testcase classname="tests.unit.test_smart_router_comprehensive.TestSmartRouterPreRouteGate" name="test_adverse_ofi_long_returns_reason" time="0.010" /><testcase classname="tests.unit.test_smart_router_comprehensive.TestSmartRouterPreRouteGate" name="test_adverse_ofi_short_returns_reason" time="0.008" /><testcase classname="tests.unit.test_smart_router_comprehensive.TestSmartRouterPreRouteGate" name="test_ofi_aligned_long_returns_none" time="0.009" /><testcase classname="tests.unit.test_smart_router_comprehensive.TestSmartRouterRouteAndExecute" name="test_route_success" time="0.014" /><testcase classname="tests.unit.test_smart_router_comprehensive.TestSmartRouterRouteAndExecute" name="test_route_records_fill_state" time="0.013" /><testcase classname="tests.unit.test_smart_router_comprehensive.TestSmartRouterRouteAndExecute" name="test_route_increments_total_routed" time="0.014" /><testcase classname="tests.unit.test_smart_router_comprehensive.TestSmartRouterRouteAndExecute" name="test_route_no_brokers_returns_rejected" time="0.012" /><testcase classname="tests.unit.test_smart_router_comprehensive.TestSmartRouterRouteAndExecute" name="test_route_broker_exception_records_error" time="0.074" /><testcase classname="tests.unit.test_smart_router_comprehensive.TestSmartRouterRouteAndExecute" name="test_route_fallback_to_second_broker" time="0.018" /><testcase classname="tests.unit.test_smart_router_comprehensive.TestSmartRouterRouteAndExecute" name="test_route_stores_decision" time="0.013" /><testcase classname="tests.unit.test_smart_router_comprehensive.TestSmartRouterRouteAndExecute" name="test_route_decision_has_correct_broker" time="0.014" /><testcase classname="tests.unit.test_smart_router_comprehensive.TestSmartRouterRouteAndExecute" name="test_route_all_brokers_fail_returns_rejected" time="0.041" /><testcase classname="tests.unit.test_smart_router_comprehensive.TestSmartRouterRouteAndExecute" name="test_route_pre_gate_rejection_returns_rejected" time="0.014" /><testcase classname="tests.unit.test_smart_router_comprehensive.TestSmartRouterMetrics" name="test_metrics_empty" time="0.008" /><testcase classname="tests.unit.test_smart_router_comprehensive.TestSmartRouterMetrics" name="test_metrics_after_route" time="0.014" /><testcase classname="tests.unit.test_smart_router_comprehensive.TestSmartRouterMetrics" name="test_metrics_has_broker_states" time="0.010" /><testcase classname="tests.unit.test_smart_router_comprehensive.TestSmartRouterMetrics" name="test_metrics_broker_state_keys" time="0.010" /><testcase classname="tests.unit.test_smart_router_comprehensive.TestSmartRouterExplainSelection" name="test_explain_returns_string" time="0.010" /><testcase classname="tests.unit.test_smart_router_comprehensive.TestSmartRouterExplainSelection" name="test_explain_unknown_broker_returns_string" time="0.008" /><testcase classname="tests.unit.test_sniper_entry_engine_batch1.TestEnvHelpers" name="test_env_float_default" time="0.008" /><testcase classname="tests.unit.test_sniper_entry_engine_batch1.TestEnvHelpers" name="test_env_float_from_env" time="0.009" /><testcase classname="tests.unit.test_sniper_entry_engine_batch1.TestEnvHelpers" name="test_env_float_invalid_falls_back" time="0.008" /><testcase classname="tests.unit.test_sniper_entry_engine_batch1.TestEnvHelpers" name="test_env_int_default" time="0.007" /><testcase classname="tests.unit.test_sniper_entry_engine_batch1.TestEnvHelpers" name="test_env_int_from_env" time="0.007" /><testcase classname="tests.unit.test_sniper_entry_engine_batch1.TestEnvHelpers" name="test_env_int_invalid_falls_back" time="0.009" /><testcase classname="tests.unit.test_sniper_entry_engine_batch1.TestEnvHelpers" name="test_env_bool_truthy_falsy[true-True]" time="0.008" /><testcase classname="tests.unit.test_sniper_entry_engine_batch1.TestEnvHelpers" name="test_env_bool_truthy_falsy[True-True]" time="0.009" /><testcase classname="tests.unit.test_sniper_entry_engine_batch1.TestEnvHelpers" name="test_env_bool_truthy_falsy[TRUE-True]" time="0.007" /><testcase classname="tests.unit.test_sniper_entry_engine_batch1.TestEnvHelpers" name="test_env_bool_truthy_falsy[1-True]" time="0.008" /><testcase classname="tests.unit.test_sniper_entry_engine_batch1.TestEnvHelpers" name="test_env_bool_truthy_falsy[yes-True]" time="0.009" /><testcase classname="tests.unit.test_sniper_entry_engine_batch1.TestEnvHelpers" name="test_env_bool_truthy_falsy[false-False]" time="0.008" /><testcase classname="tests.unit.test_sniper_entry_engine_batch1.TestEnvHelpers" name="test_env_bool_truthy_falsy[False-False]" time="0.008" /><testcase classname="tests.unit.test_sniper_entry_engine_batch1.TestEnvHelpers" name="test_env_bool_truthy_falsy[FALSE-False]" time="0.008" /><testcase classname="tests.unit.test_sniper_entry_engine_batch1.TestEnvHelpers" name="test_env_bool_truthy_falsy[0-False]" time="0.008" /><testcase classname="tests.unit.test_sniper_entry_engine_batch1.TestEnvHelpers" name="test_env_bool_truthy_falsy[no-False]" time="0.007" /><testcase classname="tests.unit.test_sniper_entry_engine_batch1.TestEnvHelpers" name="test_env_bool_default_true" time="0.007" /><testcase classname="tests.unit.test_sniper_entry_engine_batch1.TestEnvHelpers" name="test_env_bool_default_false" time="0.008" /><testcase classname="tests.unit.test_sniper_entry_engine_batch1.TestEnvHelpers" name="test_env_bool_unknown_value_uses_default" time="0.007" /><testcase classname="tests.unit.test_sniper_entry_engine_batch1.TestSniperEngineInitDefaults" name="test_default_enabled" time="0.009" /><testcase classname="tests.unit.test_sniper_entry_engine_batch1.TestSniperEngineInitDefaults" name="test_default_htf_timeframe" time="0.009" /><testcase classname="tests.unit.test_sniper_entry_engine_batch1.TestSniperEngineInitDefaults" name="test_default_ltf_timeframe" time="0.009" /><testcase classname="tests.unit.test_sniper_entry_engine_batch1.TestSniperEngineInitDefaults" name="test_default_ltf_bars" time="0.009" /><testcase classname="tests.unit.test_sniper_entry_engine_batch1.TestSniperEngineInitDefaults" name="test_default_ob_lookback" time="0.008" /><testcase classname="tests.unit.test_sniper_entry_engine_batch1.TestSniperEngineInitDefaults" name="test_default_pivot_n" time="0.008" /><testcase classname="tests.unit.test_sniper_entry_engine_batch1.TestSniperEngineInitDefaults" name="test_default_displacement_mult" time="0.009" /><testcase classname="tests.unit.test_sniper_entry_engine_batch1.TestSniperEngineInitDefaults" name="test_default_sl_atr_buffer" time="0.009" /><testcase classname="tests.unit.test_sniper_entry_engine_batch1.TestSniperEngineInitDefaults" name="test_default_tp_rr" time="0.008" /><testcase classname="tests.unit.test_sniper_entry_engine_batch1.TestSniperEngineInitDefaults" name="test_default_max_spread_points" time="0.009" /><testcase classname="tests.unit.test_sniper_entry_engine_batch1.TestSniperEngineInitDefaults" name="test_default_confidence_boost" time="0.009" /><testcase classname="tests.unit.test_sniper_entry_engine_batch1.TestSniperEngineInitCustom" name="test_custom_enabled_false" time="0.009" /><testcase classname="tests.unit.test_sniper_entry_engine_batch1.TestSniperEngineInitCustom" name="test_custom_htf_h4" time="0.011" /><testcase classname="tests.unit.test_sniper_entry_engine_batch1.TestSniperEngineInitCustom" name="test_custom_ltf_m15" time="0.009" /><testcase classname="tests.unit.test_sniper_entry_engine_batch1.TestSniperEngineInitCustom" name="test_custom_ltf_bars" time="0.009" /><testcase classname="tests.unit.test_sniper_entry_engine_batch1.TestSniperEngineInitCustom" name="test_custom_ob_lookback" time="0.009" /><testcase classname="tests.unit.test_sniper_entry_engine_batch1.TestSniperEngineInitCustom" name="test_custom_pivot_n" time="0.010" /><testcase classname="tests.unit.test_sniper_entry_engine_batch1.TestSniperEngineInitCustom" name="test_custom_displacement_mult" time="0.009" /><testcase classname="tests.unit.test_sniper_entry_engine_batch1.TestSniperEngineInitCustom" name="test_custom_sl_atr_buffer" time="0.008" /><testcase classname="tests.unit.test_sniper_entry_engine_batch1.TestSniperEngineInitCustom" name="test_custom_tp_rr" time="0.010" /><testcase classname="tests.unit.test_sniper_entry_engine_batch1.TestSniperEngineInitCustom" name="test_custom_max_spread" time="0.009" /><testcase classname="tests.unit.test_sniper_entry_engine_batch1.TestSniperEngineInitCustom" name="test_custom_confidence_boost" time="0.009" /><testcase classname="tests.unit.test_sniper_entry_engine_batch1.TestSniperEngineInitCustom" name="test_htf_timeframe_uppercased" time="0.009" /><testcase classname="tests.unit.test_sniper_entry_engine_batch1.TestSniperEngineInitCustom" name="test_ltf_timeframe_uppercased" time="0.008" /><testcase classname="tests.unit.test_sniper_entry_engine_batch1.TestOrderBlock" name="test_bullish_ob_fields" time="0.007" /><testcase classname="tests.unit.test_sniper_entry_engine_batch1.TestOrderBlock" name="test_bearish_ob_fields" time="0.008" /><testcase classname="tests.unit.test_sniper_entry_engine_batch1.TestOrderBlock" name="test_ob_mitigated_flag" time="0.007" /><testcase classname="tests.unit.test_sniper_entry_engine_batch1.TestOrderBlock" name="test_ob_top_greater_than_bottom" time="0.007" /><testcase classname="tests.unit.test_sniper_entry_engine_batch1.TestDisplacementCandle" name="test_bullish_displacement_fields" time="0.008" /><testcase classname="tests.unit.test_sniper_entry_engine_batch1.TestDisplacementCandle" name="test_bearish_displacement_fields" time="0.008" /><testcase classname="tests.unit.test_sniper_entry_engine_batch1.TestDisplacementCandle" name="test_ce_level_is_midpoint" time="0.008" /><testcase classname="tests.unit.test_sniper_entry_engine_batch1.TestDisplacementCandle" name="test_default_fields_are_zero" time="0.007" /><testcase classname="tests.unit.test_sniper_entry_engine_batch1.TestLTFConfirmation" name="test_confirmed_true" time="0.007" /><testcase classname="tests.unit.test_sniper_entry_engine_batch1.TestLTFConfirmation" name="test_not_confirmed" time="0.007" /><testcase classname="tests.unit.test_sniper_entry_engine_batch1.TestLTFConfirmation" name="test_valid_event_strings[BOS_bullish]" time="0.008" /><testcase classname="tests.unit.test_sniper_entry_engine_batch1.TestLTFConfirmation" name="test_valid_event_strings[BOS_bearish]" time="0.007" /><testcase classname="tests.unit.test_sniper_entry_engine_batch1.TestLTFConfirmation" name="test_valid_event_strings[CHoCH_bullish]" time="0.008" /><testcase classname="tests.unit.test_sniper_entry_engine_batch1.TestLTFConfirmation" name="test_valid_event_strings[CHoCH_bearish]" time="0.008" /><testcase classname="tests.unit.test_sniper_entry_engine_batch1.TestLTFConfirmation" name="test_valid_event_strings[none]" time="0.007" /><testcase classname="tests.unit.test_sniper_entry_engine_batch1.TestSniperSetup" name="test_setup_fields" time="0.007" /><testcase classname="tests.unit.test_sniper_entry_engine_batch1.TestSniperSetup" name="test_setup_has_timestamp" time="0.007" /><testcase classname="tests.unit.test_sniper_entry_engine_batch1.TestSniperSetup" name="test_to_dict_keys" time="0.008" /><testcase classname="tests.unit.test_sniper_entry_engine_batch1.TestSniperSetup" name="test_to_dict_values" time="0.008" /><testcase classname="tests.unit.test_sniper_entry_engine_batch1.TestSniperSetup" name="test_to_dict_confidence_rounded" time="0.008" /><testcase classname="tests.unit.test_sniper_entry_engine_batch1.TestSniperSetup" name="test_short_setup" time="0.008" /><testcase classname="tests.unit.test_sniper_entry_engine_batch1.TestSniperSetup" name="test_default_order_type_is_limit" time="0.008" /><testcase classname="tests.unit.test_sniper_entry_engine_batch1.TestSniperEngineDisabled" name="test_refine_returns_none_when_disabled" time="0.011" /><testcase classname="tests.unit.test_sniper_entry_engine_batch1.TestSniperEngineDisabled" name="test_refine_returns_none_for_hold_action" time="0.011" /><testcase classname="tests.unit.test_sniper_entry_engine_batch1.TestSniperEngineDisabled" name="test_refine_returns_none_for_zero_tick_mid" time="0.010" /><testcase classname="tests.unit.test_sniper_entry_engine_batch1.TestSniperEngineDisabled" name="test_refine_returns_none_for_negative_tick_mid" time="0.010" /><testcase classname="tests.unit.test_sniper_entry_engine_batch2.TestCalcATR" name="test_atr_returns_zero_for_single_bar" time="0.010" /><testcase classname="tests.unit.test_sniper_entry_engine_batch2.TestCalcATR" name="test_atr_returns_zero_for_empty" time="0.009" /><testcase classname="tests.unit.test_sniper_entry_engine_batch2.TestCalcATR" name="test_atr_positive_for_normal_bars" time="0.008" /><testcase classname="tests.unit.test_sniper_entry_engine_batch2.TestCalcATR" name="test_atr_period_clamps_to_available_bars" time="0.010" /><testcase classname="tests.unit.test_sniper_entry_engine_batch2.TestCalcATR" name="test_atr_two_bars" time="0.009" /><testcase classname="tests.unit.test_sniper_entry_engine_batch2.TestCalcATR" name="test_atr_uses_prev_close_for_gaps" time="0.009" /><testcase classname="tests.unit.test_sniper_entry_engine_batch2.TestCalcATR" name="test_atr_period_1" time="0.009" /><testcase classname="tests.unit.test_sniper_entry_engine_batch2.TestCalcATR" name="test_atr_consistent_bars_low_value" time="0.009" /><testcase classname="tests.unit.test_sniper_entry_engine_batch2.TestAnalyseStructure" name="test_insufficient_bars_returns_neutral" time="0.009" /><testcase classname="tests.unit.test_sniper_entry_engine_batch2.TestAnalyseStructure" name="test_bullish_trend_detected" time="0.009" /><testcase classname="tests.unit.test_sniper_entry_engine_batch2.TestAnalyseStructure" name="test_bearish_trend_detected" time="0.008" /><testcase classname="tests.unit.test_sniper_entry_engine_batch2.TestAnalyseStructure" name="test_returns_last_sh_and_sl" time="0.008" /><testcase classname="tests.unit.test_sniper_entry_engine_batch2.TestAnalyseStructure" name="test_bos_bullish_event" time="0.009" /><testcase classname="tests.unit.test_sniper_entry_engine_batch2.TestAnalyseStructure" name="test_bos_bearish_event" time="0.009" /><testcase classname="tests.unit.test_sniper_entry_engine_batch2.TestAnalyseStructure" name="test_neutral_trend_flat_bars" time="0.008" /><testcase classname="tests.unit.test_sniper_entry_engine_batch2.TestAnalyseStructure" name="test_pivot_n_1_works" time="0.008" /><testcase classname="tests.unit.test_sniper_entry_engine_batch2.TestAnalyseStructure" name="test_result_keys_always_present" time="0.008" /><testcase classname="tests.unit.test_sniper_entry_engine_batch2.TestFindLastOB" name="test_finds_bullish_ob" time="0.008" /><testcase classname="tests.unit.test_sniper_entry_engine_batch2.TestFindLastOB" name="test_finds_bearish_ob" time="0.009" /><testcase classname="tests.unit.test_sniper_entry_engine_batch2.TestFindLastOB" name="test_returns_none_when_no_ob" time="0.009" /><testcase classname="tests.unit.test_sniper_entry_engine_batch2.TestFindLastOB" name="test_returns_none_for_empty_bars" time="0.008" /><testcase classname="tests.unit.test_sniper_entry_engine_batch2.TestFindLastOB" name="test_returns_none_for_single_bar" time="0.008" /><testcase classname="tests.unit.test_sniper_entry_engine_batch2.TestFindLastOB" name="test_mitigated_ob_excluded" time="0.008" /><testcase classname="tests.unit.test_sniper_entry_engine_batch2.TestFindLastOB" name="test_ob_origin_index_within_window" time="0.007" /><testcase classname="tests.unit.test_sniper_entry_engine_batch2.TestFindDisplacement" name="test_finds_bullish_displacement" time="0.010" /><testcase classname="tests.unit.test_sniper_entry_engine_batch2.TestFindDisplacement" name="test_finds_bearish_displacement" time="0.009" /><testcase classname="tests.unit.test_sniper_entry_engine_batch2.TestFindDisplacement" name="test_ce_is_midpoint_of_fvg" time="0.009" /><testcase classname="tests.unit.test_sniper_entry_engine_batch2.TestFindDisplacement" name="test_returns_none_for_too_few_bars" time="0.008" /><testcase classname="tests.unit.test_sniper_entry_engine_batch2.TestFindDisplacement" name="test_returns_none_for_empty" time="0.009" /><testcase classname="tests.unit.test_sniper_entry_engine_batch2.TestFindDisplacement" name="test_small_body_not_displacement" time="0.008" /><testcase classname="tests.unit.test_sniper_entry_engine_batch2.TestFindDisplacement" name="test_no_fvg_gap_not_displacement" time="0.009" /><testcase classname="tests.unit.test_sniper_entry_engine_batch2.TestFindDisplacement" name="test_bar_index_within_window" time="0.008" /><testcase classname="tests.unit.test_sniper_entry_engine_batch2.TestSpreadGuard" name="test_spread_at_limit_rejected" time="0.010" /><testcase classname="tests.unit.test_sniper_entry_engine_batch2.TestSpreadGuard" name="test_spread_below_limit_passes_guard" time="0.010" /><testcase classname="tests.unit.test_sniper_entry_engine_batch2.TestSpreadGuard" name="test_spread_zero_passes_guard" time="0.009" /><testcase classname="tests.unit.test_sniper_entry_engine_batch2.TestSpreadGuard" name="test_spread_exactly_max_passes" time="0.008" /><testcase classname="tests.unit.test_sniper_entry_engine_batch2.TestSpreadGuard" name="test_custom_max_spread_respected" time="0.010" /><testcase classname="tests.unit.test_sniper_entry_engine_batch2.TestDetectHTFSetup" name="test_returns_none_for_none_df" time="0.008" /><testcase classname="tests.unit.test_sniper_entry_engine_batch2.TestDetectHTFSetup" name="test_returns_none_for_empty_df" time="0.009" /><testcase classname="tests.unit.test_sniper_entry_engine_batch2.TestDetectHTFSetup" name="test_returns_none_for_insufficient_bars" time="0.010" /><testcase classname="tests.unit.test_sniper_entry_engine_batch2.TestDetectHTFSetup" name="test_returns_none_when_direction_mismatches_trend" time="0.011" /><testcase classname="tests.unit.test_sniper_entry_engine_batch2.TestDetectHTFSetup" name="test_returns_tuple_for_valid_bullish_setup" time="0.010" /><testcase classname="tests.unit.test_sniper_entry_engine_batch2.TestDetectHTFSetup" name="test_atr_returned_is_positive" time="0.010" /><testcase classname="tests.unit.test_sniper_entry_engine_batch2.TestDetectHTFSetup" name="test_price_too_far_from_ob_returns_none" time="0.012" /><testcase classname="tests.unit.test_sniper_entry_engine_batch3.TestBuildSetupLong" name="test_returns_sniper_setup" time="0.009" /><testcase classname="tests.unit.test_sniper_entry_engine_batch3.TestBuildSetupLong" name="test_direction_is_long" time="0.010" /><testcase classname="tests.unit.test_sniper_entry_engine_batch3.TestBuildSetupLong" name="test_entry_equals_ce_level" time="0.009" /><testcase classname="tests.unit.test_sniper_entry_engine_batch3.TestBuildSetupLong" name="test_sl_below_ob_bottom_with_buffer" time="0.009" /><testcase classname="tests.unit.test_sniper_entry_engine_batch3.TestBuildSetupLong" name="test_tp_above_entry_by_rr" time="0.008" /><testcase classname="tests.unit.test_sniper_entry_engine_batch3.TestBuildSetupLong" name="test_tp_greater_than_entry" time="0.009" /><testcase classname="tests.unit.test_sniper_entry_engine_batch3.TestBuildSetupLong" name="test_sl_less_than_entry" time="0.009" /><testcase classname="tests.unit.test_sniper_entry_engine_batch3.TestBuildSetupLong" name="test_confidence_boosted" time="0.009" /><testcase classname="tests.unit.test_sniper_entry_engine_batch3.TestBuildSetupLong" name="test_confidence_capped_at_1" time="0.008" /><testcase classname="tests.unit.test_sniper_entry_engine_batch3.TestBuildSetupLong" name="test_order_type_is_limit" time="0.007" /><testcase classname="tests.unit.test_sniper_entry_engine_batch3.TestBuildSetupLong" name="test_symbol_preserved" time="0.010" /><testcase classname="tests.unit.test_sniper_entry_engine_batch3.TestBuildSetupLong" name="test_reason_contains_sniper_prefix" time="0.012" /><testcase classname="tests.unit.test_sniper_entry_engine_batch3.TestBuildSetupLong" name="test_reason_contains_direction" time="0.008" /><testcase classname="tests.unit.test_sniper_entry_engine_batch3.TestBuildSetupLong" name="test_reason_contains_ce" time="0.008" /><testcase classname="tests.unit.test_sniper_entry_engine_batch3.TestBuildSetupLong" name="test_reason_contains_rr" time="0.010" /><testcase classname="tests.unit.test_sniper_entry_engine_batch3.TestBuildSetupLong" name="test_htf_ob_attached" time="0.009" /><testcase classname="tests.unit.test_sniper_entry_engine_batch3.TestBuildSetupLong" name="test_ltf_confirmation_attached" time="0.007" /><testcase classname="tests.unit.test_sniper_entry_engine_batch3.TestBuildSetupShort" name="test_returns_sniper_setup" time="0.011" /><testcase classname="tests.unit.test_sniper_entry_engine_batch3.TestBuildSetupShort" name="test_direction_is_short" time="0.009" /><testcase classname="tests.unit.test_sniper_entry_engine_batch3.TestBuildSetupShort" name="test_sl_above_ob_top_with_buffer" time="0.009" /><testcase classname="tests.unit.test_sniper_entry_engine_batch3.TestBuildSetupShort" name="test_tp_below_entry" time="0.009" /><testcase classname="tests.unit.test_sniper_entry_engine_batch3.TestBuildSetupShort" name="test_sl_above_entry" time="0.009" /><testcase classname="tests.unit.test_sniper_entry_engine_batch3.TestBuildSetupShort" name="test_tp_rr_respected" time="0.009" /><testcase classname="tests.unit.test_sniper_entry_engine_batch3.TestBuildSetupShort" name="test_confidence_boosted_short" time="0.009" /><testcase classname="tests.unit.test_sniper_entry_engine_batch3.TestBuildSetupRejections" name="test_returns_none_when_ce_is_zero" time="0.010" /><testcase classname="tests.unit.test_sniper_entry_engine_batch3.TestBuildSetupRejections" name="test_returns_none_when_displacement_is_none" time="0.009" /><testcase classname="tests.unit.test_sniper_entry_engine_batch3.TestBuildSetupRejections" name="test_returns_none_when_risk_is_zero_long" time="0.010" /><testcase classname="tests.unit.test_sniper_entry_engine_batch3.TestBuildSetupRejections" name="test_returns_none_when_entry_too_far_above_mid_long" time="0.010" /><testcase classname="tests.unit.test_sniper_entry_engine_batch3.TestBuildSetupRejections" name="test_returns_none_when_entry_too_far_below_mid_short" time="0.010" /><testcase classname="tests.unit.test_sniper_entry_engine_batch3.TestBuildSetupRejections" name="test_returns_none_when_rr_below_minimum" time="0.008" /><testcase classname="tests.unit.test_sniper_entry_engine_batch3.TestBuildSetupMath" name="test_tp_rr_ratio_correct[1.5]" time="0.008" /><testcase classname="tests.unit.test_sniper_entry_engine_batch3.TestBuildSetupMath" name="test_tp_rr_ratio_correct[2.0]" time="0.009" /><testcase classname="tests.unit.test_sniper_entry_engine_batch3.TestBuildSetupMath" name="test_tp_rr_ratio_correct[2.5]" time="0.010" /><testcase classname="tests.unit.test_sniper_entry_engine_batch3.TestBuildSetupMath" name="test_tp_rr_ratio_correct[3.0]" time="0.009" /><testcase classname="tests.unit.test_sniper_entry_engine_batch3.TestBuildSetupMath" name="test_sl_atr_buffer_applied[0.0]" time="0.009" /><testcase classname="tests.unit.test_sniper_entry_engine_batch3.TestBuildSetupMath" name="test_sl_atr_buffer_applied[0.5]" time="0.008" /><testcase classname="tests.unit.test_sniper_entry_engine_batch3.TestBuildSetupMath" name="test_sl_atr_buffer_applied[1.0]" time="0.009" /><testcase classname="tests.unit.test_sniper_entry_engine_batch3.TestBuildSetupMath" name="test_sl_atr_buffer_applied[2.0]" time="0.010" /><testcase classname="tests.unit.test_sniper_entry_engine_batch3.TestBuildSetupMath" name="test_confidence_boost_and_cap[0.5-1.2-0.6]" time="0.010" /><testcase classname="tests.unit.test_sniper_entry_engine_batch3.TestBuildSetupMath" name="test_confidence_boost_and_cap[0.7-1.2-0.84]" time="0.010" /><testcase classname="tests.unit.test_sniper_entry_engine_batch3.TestBuildSetupMath" name="test_confidence_boost_and_cap[0.9-1.2-1.0]" time="0.012" /><testcase classname="tests.unit.test_sniper_entry_engine_batch3.TestBuildSetupMath" name="test_confidence_boost_and_cap[1.0-1.2-1.0]" time="0.011" /><testcase classname="tests.unit.test_sniper_entry_engine_batch3.TestBuildSetupMath" name="test_confidence_boost_and_cap[0.8-1.0-0.8]" time="0.010" /><testcase classname="tests.unit.test_sniper_entry_engine_batch3.TestConfirmLTF" name="test_confirmed_true_for_bullish_displacement" time="0.012" /><testcase classname="tests.unit.test_sniper_entry_engine_batch3.TestConfirmLTF" name="test_confirmed_true_for_bearish_displacement" time="0.010" /><testcase classname="tests.unit.test_sniper_entry_engine_batch3.TestConfirmLTF" name="test_not_confirmed_when_no_displacement" time="0.010" /><testcase classname="tests.unit.test_sniper_entry_engine_batch3.TestConfirmLTF" name="test_bars_analysed_matches_df_length" time="0.010" /><testcase classname="tests.unit.test_sniper_entry_engine_batch3.TestConfirmLTF" name="test_returns_ltf_confirmation_type" time="0.009" /><testcase classname="tests.unit.test_sniper_entry_engine_batch3.TestConfirmLTF" name="test_event_field_is_string" time="0.010" /><testcase classname="tests.unit.test_sniper_entry_engine_batch3.TestConfirmLTF" name="test_displacement_ce_is_midpoint" time="0.010" /><testcase classname="tests.unit.test_sniper_entry_engine_batch3.TestConfirmLTF" name="test_not_confirmed_for_empty_df" time="0.010" /><testcase classname="tests.unit.test_sniper_entry_engine_batch3.TestConfirmLTF" name="test_not_confirmed_for_too_few_bars" time="0.010" /><testcase classname="tests.unit.test_sniper_entry_engine_batch3.TestFetchLTFBars" name="test_returns_none_when_orchestrator_is_none" time="0.010" /><testcase classname="tests.unit.test_sniper_entry_engine_batch3.TestFetchLTFBars" name="test_calls_orchestrator_get_ohlcv_window" time="0.009" /><testcase classname="tests.unit.test_sniper_entry_engine_batch3.TestFetchLTFBars" name="test_returns_none_on_orchestrator_exception" time="0.011" /><testcase classname="tests.unit.test_sniper_entry_engine_batch3.TestFetchLTFBars" name="test_passes_correct_symbol" time="0.009" /><testcase classname="tests.unit.test_sniper_entry_engine_batch3.TestFetchLTFBars" name="test_passes_configured_ltf_bars" time="0.011" /><testcase classname="tests.unit.test_sniper_entry_engine_batch3.TestFetchLTFBars" name="test_passes_configured_ltf_timeframe" time="0.011" /><testcase classname="tests.unit.test_sniper_entry_engine_batch4.TestRefineEarlyExits" name="test_disabled_engine_returns_none" time="0.011" /><testcase classname="tests.unit.test_sniper_entry_engine_batch4.TestRefineEarlyExits" name="test_hold_action_returns_none" time="0.009" /><testcase classname="tests.unit.test_sniper_entry_engine_batch4.TestRefineEarlyExits" name="test_close_action_returns_none" time="0.009" /><testcase classname="tests.unit.test_sniper_entry_engine_batch4.TestRefineEarlyExits" name="test_zero_tick_mid_returns_none" time="0.012" /><testcase classname="tests.unit.test_sniper_entry_engine_batch4.TestRefineEarlyExits" name="test_negative_tick_mid_returns_none" time="0.011" /><testcase classname="tests.unit.test_sniper_entry_engine_batch4.TestRefineEarlyExits" name="test_spread_too_wide_returns_none" time="0.010" /><testcase classname="tests.unit.test_sniper_entry_engine_batch4.TestRefineEarlyExits" name="test_empty_htf_df_returns_none" time="0.009" /><testcase classname="tests.unit.test_sniper_entry_engine_batch4.TestRefineEarlyExits" name="test_insufficient_htf_bars_returns_none" time="0.009" /><testcase classname="tests.unit.test_sniper_entry_engine_batch4.TestRefineEarlyExits" name="test_no_orchestrator_returns_none" time="0.011" /><testcase classname="tests.unit.test_sniper_entry_engine_batch4.TestRefineEarlyExits" name="test_orchestrator_returns_none_df" time="0.011" /><testcase classname="tests.unit.test_sniper_entry_engine_batch4.TestRefineEarlyExits" name="test_orchestrator_returns_too_few_ltf_bars" time="0.013" /><testcase classname="tests.unit.test_sniper_entry_engine_batch4.TestRefineEarlyExits" name="test_orchestrator_raises_returns_none" time="0.011" /><testcase classname="tests.unit.test_sniper_entry_engine_batch4.TestRefineDecisionAttributes" name="test_missing_symbol_uses_default" time="0.009" /><testcase classname="tests.unit.test_sniper_entry_engine_batch4.TestRefineDecisionAttributes" name="test_confidence_zero_still_processed" time="0.011" /><testcase classname="tests.unit.test_sniper_entry_engine_batch4.TestRefineDecisionAttributes" name="test_very_high_confidence_capped_in_output" time="0.013" /><testcase classname="tests.unit.test_sniper_entry_engine_batch4.TestRefineDecisionAttributes" name="test_symbol_passed_through_to_setup" time="0.013" /><testcase classname="tests.unit.test_sniper_entry_engine_batch4.TestRefineMultiSymbol" name="test_symbol_does_not_raise[XAU_USD]" time="0.013" /><testcase classname="tests.unit.test_sniper_entry_engine_batch4.TestRefineMultiSymbol" name="test_symbol_does_not_raise[EUR_USD]" time="0.015" /><testcase classname="tests.unit.test_sniper_entry_engine_batch4.TestRefineMultiSymbol" name="test_symbol_does_not_raise[GBP_USD]" time="0.012" /><testcase classname="tests.unit.test_sniper_entry_engine_batch4.TestRefineMultiSymbol" name="test_symbol_does_not_raise[USD_JPY]" time="0.012" /><testcase classname="tests.unit.test_sniper_entry_engine_batch4.TestRefineMultiSymbol" name="test_symbol_does_not_raise[BTC_USD]" time="0.012" /><testcase classname="tests.unit.test_sniper_entry_engine_batch4.TestRefineMultiSymbol" name="test_two_calls_independent" time="0.014" /><testcase classname="tests.unit.test_sniper_entry_engine_batch4.TestRefineFullPipeline" name="test_returns_sniper_setup_or_none" time="0.012" /><testcase classname="tests.unit.test_sniper_entry_engine_batch4.TestRefineFullPipeline" name="test_setup_has_valid_prices_when_returned" time="0.013" /><testcase classname="tests.unit.test_sniper_entry_engine_batch4.TestRefineFullPipeline" name="test_setup_long_sl_below_entry" time="0.012" /><testcase classname="tests.unit.test_sniper_entry_engine_batch4.TestRefineFullPipeline" name="test_setup_long_tp_above_entry" time="0.015" /><testcase classname="tests.unit.test_sniper_entry_engine_batch4.TestRefineFullPipeline" name="test_setup_rr_at_least_configured_minimum" time="0.012" /><testcase classname="tests.unit.test_sniper_entry_engine_batch4.TestRefineFullPipeline" name="test_setup_confidence_in_range" time="0.012" /><testcase classname="tests.unit.test_sniper_entry_engine_batch4.TestRefineFullPipeline" name="test_setup_order_type_is_limit" time="0.012" /><testcase classname="tests.unit.test_sniper_entry_engine_batch4.TestRefineFullPipeline" name="test_setup_to_dict_is_json_serialisable" time="0.012" /><testcase classname="tests.unit.test_sniper_entry_engine_batch4.TestRefineFullPipeline" name="test_setup_to_dict_prices_are_floats" time="0.011" /><testcase classname="tests.unit.test_sniper_entry_engine_batch4.TestRefineFullPipeline" name="test_setup_timestamp_is_utc_iso" time="0.013" /><testcase classname="tests.unit.test_sniper_entry_engine_batch4.TestRefineEdgeCases" name="test_htf_df_with_nan_values_does_not_raise" time="0.013" /><testcase classname="tests.unit.test_sniper_entry_engine_batch4.TestRefineEdgeCases" name="test_htf_df_with_zero_prices_does_not_raise" time="0.011" /><testcase classname="tests.unit.test_sniper_entry_engine_batch4.TestRefineEdgeCases" name="test_very_large_spread_always_rejected" time="0.010" /><testcase classname="tests.unit.test_sniper_entry_engine_batch4.TestRefineEdgeCases" name="test_spread_default_is_zero" time="0.012" /><testcase classname="tests.unit.test_sniper_entry_engine_batch4.TestRefineEdgeCases" name="test_engine_can_be_instantiated_multiple_times" time="0.010" /><testcase classname="tests.unit.test_sniper_entry_engine_batch4.TestRefineEdgeCases" name="test_engine_attributes_are_independent" time="0.010" /><testcase classname="tests.unit.test_sniper_entry_engine_batch4.TestRefineEdgeCases" name="test_refine_does_not_mutate_htf_df" time="0.012" /><testcase classname="tests.unit.test_sniper_entry_engine_batch4.TestRefineEdgeCases" name="test_refine_called_twice_same_result" time="0.014" /><testcase classname="tests.unit.test_sniper_entry_engine_batch4.TestSniperSetupRoundTrip" name="test_to_dict_no_exception" time="0.006" /><testcase classname="tests.unit.test_sniper_entry_engine_batch4.TestSniperSetupRoundTrip" name="test_to_dict_json_serialisable" time="0.008" /><testcase classname="tests.unit.test_sniper_entry_engine_batch4.TestSniperSetupRoundTrip" name="test_to_dict_entry_rounded_to_5dp" time="0.007" /><testcase classname="tests.unit.test_sniper_entry_engine_batch4.TestSniperSetupRoundTrip" name="test_to_dict_confidence_rounded_to_4dp" time="0.007" /><testcase classname="tests.unit.test_sniper_entry_engine_batch4.TestSniperSetupRoundTrip" name="test_to_dict_does_not_include_ob_or_ltf" time="0.009" /><testcase classname="tests.unit.test_sniper_entry_engine_batch4.TestSniperSetupRoundTrip" name="test_to_dict_direction_values" time="0.007" /><testcase classname="tests.unit.test_sniper_entry_engine_batch4.TestSniperSetupRoundTrip" name="test_to_dict_timestamp_present_and_non_empty" time="0.007" /><testcase classname="tests.unit.test_sniper_entry_engine_batch5.TestAnalyseStructureCHoCH" name="test_choch_bearish_in_bullish_trend" time="0.009" /><testcase classname="tests.unit.test_sniper_entry_engine_batch5.TestAnalyseStructureCHoCH" name="test_choch_bullish_in_bearish_trend" time="0.009" /><testcase classname="tests.unit.test_sniper_entry_engine_batch5.TestAnalyseStructureCHoCH" name="test_choch_bullish_in_neutral_trend" time="0.008" /><testcase classname="tests.unit.test_sniper_entry_engine_batch5.TestAnalyseStructureCHoCH" name="test_choch_bearish_in_neutral_trend" time="0.009" /><testcase classname="tests.unit.test_sniper_entry_engine_batch5.TestAnalyseStructureCHoCH" name="test_event_none_when_price_inside_range" time="0.009" /><testcase classname="tests.unit.test_sniper_entry_engine_batch5.TestFindDisplacementGaps" name="test_atr_zero_returns_none" time="0.009" /><testcase classname="tests.unit.test_sniper_entry_engine_batch5.TestFindDisplacementGaps" name="test_bearish_displacement_body_direction_guard" time="0.009" /><testcase classname="tests.unit.test_sniper_entry_engine_batch5.TestFindDisplacementGaps" name="test_bearish_fvg_invalid_gap_rejected" time="0.008" /><testcase classname="tests.unit.test_sniper_entry_engine_batch5.TestFindDisplacementGaps" name="test_bearish_displacement_valid_fvg" time="0.009" /><testcase classname="tests.unit.test_sniper_entry_engine_batch5.TestFindLastOBShortMitigated" name="test_short_mitigated_ob_excluded" time="0.008" /><testcase classname="tests.unit.test_sniper_entry_engine_batch5.TestFindLastOBShortMitigated" name="test_short_unmitigated_ob_returned" time="0.010" /><testcase classname="tests.unit.test_sniper_entry_engine_batch5.TestBuildSetupShortRejections" name="test_short_zero_risk_returns_none" time="0.008" /><testcase classname="tests.unit.test_sniper_entry_engine_batch5.TestBuildSetupShortRejections" name="test_short_entry_too_far_below_mid_returns_none" time="0.008" /><testcase classname="tests.unit.test_sniper_entry_engine_batch5.TestRefineLTFAndBuildPaths" name="test_ltf_not_confirmed_returns_none" time="0.013" /><testcase classname="tests.unit.test_sniper_entry_engine_batch5.TestRefineLTFAndBuildPaths" name="test_build_setup_none_returns_none_from_refine" time="0.013" /><testcase classname="tests.unit.test_sniper_entry_engine_batch5.TestRefineLTFAndBuildPaths" name="test_ltf_confirmed_false_logged" time="0.013" /><testcase classname="tests.unit.test_sniper_entry_engine_batch5.TestDetectHTFSetupMissingBranches" name="test_no_ob_found_returns_none" time="0.010" /><testcase classname="tests.unit.test_sniper_entry_engine_batch5.TestDetectHTFSetupMissingBranches" name="test_price_too_far_from_ob_returns_none" time="0.010" /><testcase classname="tests.unit.test_sniper_entry_engine_batch5.TestFindDisplacementBullishInvalidFVG" name="test_bullish_fvg_invalid_gap_rejected" time="0.008" /><testcase classname="tests.unit.test_sniper_entry_engine_batch5.TestFindDisplacementBullishInvalidFVG" name="test_bullish_fvg_equal_boundaries_rejected" time="0.008" /><testcase classname="tests.unit.test_sniper_entry_engine_batch5.TestBuildSetupRRGuard" name="test_rr_guard_rejects_when_actual_rr_below_threshold" time="0.009" /><testcase classname="tests.unit.test_sniper_entry_engine_batch5.TestBuildSetupRRGuard" name="test_rr_guard_passes_for_exact_rr" time="0.008" /><testcase classname="tests.unit.test_sniper_entry_engine_batch5.TestAnalyseStructureNeutralCHoCH" name="test_neutral_choch_bullish_triggered" time="0.008" /><testcase classname="tests.unit.test_sniper_entry_engine_batch5.TestAnalyseStructureNeutralCHoCH" name="test_neutral_choch_bearish_triggered" time="0.008" /><testcase classname="tests.unit.test_sniper_entry_engine_batch5.TestAnalyseStructureNeutralCHoCH" name="test_neutral_no_event_when_price_inside_range" time="0.008" /><testcase classname="tests.unit.test_sniper_entry_engine_batch5.TestRefineConfirmedLogPath" name="test_confirmed_setup_logs_and_returns_setup" time="0.013" /><testcase classname="tests.unit.test_social.TestCopyRelationship" name="test_copy_relationship_creation" time="0.008" /><testcase classname="tests.unit.test_social.TestCopyRelationship" name="test_copy_relationship_defaults" time="0.007" /><testcase classname="tests.unit.test_social.TestCopyTradingEngine" name="test_engine_initialization" time="0.007" /><testcase classname="tests.unit.test_social.TestCopyTradingEngine" name="test_start_copying" time="0.008" /><testcase classname="tests.unit.test_social.TestCopyTradingEngine" name="test_start_copying_with_limits" time="0.008" /><testcase classname="tests.unit.test_social.TestCopyTradingEngine" name="test_stop_copying" time="0.007" /><testcase classname="tests.unit.test_social.TestCopyTradingEngine" name="test_stop_copying_nonexistent" time="0.007" /><testcase classname="tests.unit.test_social.TestCopyTradingEngine" name="test_sync_trade" time="0.008" /><testcase classname="tests.unit.test_social.TestCopyTradingEngine" name="test_sync_trade_inactive_relationship" time="0.007" /><testcase classname="tests.unit.test_social.TestCopyTradingEngine" name="test_get_active_relationships_as_follower" time="0.007" /><testcase classname="tests.unit.test_social.TestCopyTradingEngine" name="test_get_active_relationships_as_leader" time="0.007" /><testcase classname="tests.unit.test_social.TestLeaderboardEntry" name="test_entry_creation" time="0.007" /><testcase classname="tests.unit.test_social.TestLeaderboardEntry" name="test_entry_default_rank" time="0.007" /><testcase classname="tests.unit.test_social.TestLeaderboardManager" name="test_manager_initialization" time="0.008" /><testcase classname="tests.unit.test_social.TestLeaderboardManager" name="test_update_leaderboard_new_category" time="0.008" /><testcase classname="tests.unit.test_social.TestLeaderboardManager" name="test_update_leaderboard_ranking" time="0.008" /><testcase classname="tests.unit.test_social.TestLeaderboardManager" name="test_update_existing_entry" time="0.007" /><testcase classname="tests.unit.test_social.TestLeaderboardManager" name="test_get_leaderboard_with_limit" time="0.007" /><testcase classname="tests.unit.test_social.TestLeaderboardManager" name="test_get_leaderboard_nonexistent" time="0.009" /><testcase classname="tests.unit.test_social.TestLeaderboardManager" name="test_get_user_rank" time="0.007" /><testcase classname="tests.unit.test_social.TestLeaderboardManager" name="test_get_user_rank_not_found" time="0.008" /><testcase classname="tests.unit.test_social.TestPerformanceMetric" name="test_metric_creation" time="0.008" /><testcase classname="tests.unit.test_social.TestPerformanceTracker" name="test_tracker_initialization" time="0.008" /><testcase classname="tests.unit.test_social.TestPerformanceTracker" name="test_record_trade" time="0.007" /><testcase classname="tests.unit.test_social.TestPerformanceTracker" name="test_record_multiple_trades" time="0.008" /><testcase classname="tests.unit.test_social.TestPerformanceTracker" name="test_get_performance_nonexistent" time="0.007" /><testcase classname="tests.unit.test_social.TestPerformanceTracker" name="test_calculate_win_rate" time="0.007" /><testcase classname="tests.unit.test_social.TestPerformanceTracker" name="test_calculate_win_rate_zero_trades" time="0.008" /><testcase classname="tests.unit.test_social.TestPerformanceTracker" name="test_record_trade_with_period" time="0.007" /><testcase classname="tests.unit.test_social_feed.TestPublishSignal" name="test_publish_signal_creates_feed_item" time="0.007" /><testcase classname="tests.unit.test_social_feed.TestPublishSignal" name="test_publish_signal_initialises_reactions_and_comments" time="0.008" /><testcase classname="tests.unit.test_social_feed.TestPublishSignal" name="test_publish_signal_generates_uuid_when_no_signal_id" time="0.008" /><testcase classname="tests.unit.test_social_feed.TestPublishSignal" name="test_publish_signal_sets_correct_defaults" time="0.008" /><testcase classname="tests.unit.test_social_feed.TestGetFeed" name="test_empty_feed_returns_empty_list" time="0.034" /><testcase classname="tests.unit.test_social_feed.TestGetFeed" name="test_feed_returns_published_signals" time="0.028" /><testcase classname="tests.unit.test_social_feed.TestGetFeed" name="test_feed_filters_by_symbol" time="0.031" /><testcase classname="tests.unit.test_social_feed.TestGetFeed" name="test_feed_pagination" time="0.030" /><testcase classname="tests.unit.test_social_feed.TestGetFeed" name="test_feed_sorted_newest_first" time="0.039" /><testcase classname="tests.unit.test_social_feed.TestGetFeed" name="test_feed_excludes_private_items" time="0.027" /><testcase classname="tests.unit.test_social_feed.TestReactToSignal" name="test_thumbs_up_increments_count" time="0.034" /><testcase classname="tests.unit.test_social_feed.TestReactToSignal" name="test_thumbs_down_increments_count" time="0.029" /><testcase classname="tests.unit.test_social_feed.TestReactToSignal" name="test_same_reaction_twice_toggles_off" time="0.038" /><testcase classname="tests.unit.test_social_feed.TestReactToSignal" name="test_changing_reaction_updates_counts" time="0.039" /><testcase classname="tests.unit.test_social_feed.TestReactToSignal" name="test_react_to_nonexistent_signal_returns_404" time="0.030" /><testcase classname="tests.unit.test_social_feed.TestReactToSignal" name="test_invalid_reaction_value_returns_422" time="0.028" /><testcase classname="tests.unit.test_social_feed.TestAddComment" name="test_add_comment_creates_comment" time="0.031" /><testcase classname="tests.unit.test_social_feed.TestAddComment" name="test_add_comment_increments_comment_count" time="0.038" /><testcase classname="tests.unit.test_social_feed.TestAddComment" name="test_add_comment_to_nonexistent_signal_returns_404" time="0.029" /><testcase classname="tests.unit.test_social_feed.TestAddComment" name="test_empty_comment_returns_422" time="0.032" /><testcase classname="tests.unit.test_social_feed.TestAddComment" name="test_comment_too_long_returns_422" time="0.030" /><testcase classname="tests.unit.test_social_feed.TestGetComments" name="test_get_comments_returns_empty_list_initially" time="0.027" /><testcase classname="tests.unit.test_social_feed.TestGetComments" name="test_get_comments_returns_all_comments" time="0.046" /><testcase classname="tests.unit.test_social_feed.TestGetComments" name="test_get_comments_for_nonexistent_signal_returns_404" time="0.028" /><testcase classname="tests.unit.test_social_feed.TestOptInOut" name="test_opt_in_adds_user_to_opted_in_set" time="0.036" /><testcase classname="tests.unit.test_social_feed.TestOptInOut" name="test_opt_out_removes_user_from_opted_in_set" time="0.032" /><testcase classname="tests.unit.test_social_feed.TestOptInOut" name="test_opt_in_is_idempotent" time="0.038" /><testcase classname="tests.unit.test_startup_factories.TestIsFeatureEnabled" name="test_returns_default_when_flags_unavailable" time="0.008" /><testcase classname="tests.unit.test_startup_factories.TestIsFeatureEnabled" name="test_returns_true_default" time="0.007" /><testcase classname="tests.unit.test_startup_factories.TestIsFeatureEnabled" name="test_reads_from_flags_module" time="0.008" /><testcase classname="tests.unit.test_startup_factories.TestIsFeatureEnabled" name="test_returns_default_on_missing_attribute" time="0.008" /><testcase classname="tests.unit.test_startup_factories.TestConfigDatabaseDefaults" name="test_defaults" time="0.008" /><testcase classname="tests.unit.test_startup_factories.TestConfigDatabaseDefaults" name="test_get_connection_string_default" time="0.008" /><testcase classname="tests.unit.test_startup_factories.TestConfigDatabaseDefaults" name="test_get_connection_string_from_env" time="0.008" /><testcase classname="tests.unit.test_startup_factories.TestConfigNamespace" name="test_wraps_dict_as_attributes" time="0.008" /><testcase classname="tests.unit.test_startup_factories.TestConfigNamespace" name="test_environment_defaults_to_env_var" time="0.008" /><testcase classname="tests.unit.test_startup_factories.TestConfigNamespace" name="test_database_attribute_is_defaults" time="0.009" /><testcase classname="tests.unit.test_startup_factories.TestConfigNamespace" name="test_api_configs_defaults_to_empty_dict" time="0.008" /><testcase classname="tests.unit.test_startup_factories.TestConfigNamespace" name="test_existing_environment_not_overwritten" time="0.007" /><testcase classname="tests.unit.test_startup_factories.TestInitEnvDev" name="test_returns_true_in_dev" time="0.021" /><testcase classname="tests.unit.test_startup_factories.TestInitEnvDev" name="test_generates_jwt_secret_when_missing" time="0.026" /><testcase classname="tests.unit.test_startup_factories.TestInitEnvDev" name="test_generates_encryption_key_when_missing" time="0.018" /><testcase classname="tests.unit.test_startup_factories.TestInitEnvDev" name="test_does_not_overwrite_existing_jwt_secret" time="0.154" /><testcase classname="tests.unit.test_startup_factories.TestInitEnvDev" name="test_ephemeral_secrets_are_random" time="0.041" /><testcase classname="tests.unit.test_startup_factories.TestInitEnvProd" name="test_exits_when_jwt_secret_missing_in_production" time="0.041" /><testcase classname="tests.unit.test_startup_factories.TestInitEnvProd" name="test_exits_when_encryption_key_missing_in_production" time="0.037" /><testcase classname="tests.unit.test_startup_factories.TestInitEnvProd" name="test_no_exit_when_both_secrets_present_in_production" time="0.014" /><testcase classname="tests.unit.test_startup_factories.TestInitCache" name="test_returns_cache_object" time="11.950" /><testcase classname="tests.unit.test_startup_factories.TestInitCache" name="test_uses_redis_env_vars" time="5.845" /><testcase classname="tests.unit.test_startup_factories.TestInitRiskManager" name="test_returns_risk_manager" time="0.010" /><testcase classname="tests.unit.test_startup_factories.TestInitRiskManager" name="test_uses_env_vars_for_config" time="0.009" /><testcase classname="tests.unit.test_startup_factories.TestBuildComponentRegistry" name="test_returns_registry_object" time="0.009" /><testcase classname="tests.unit.test_startup_factories.TestBuildComponentRegistry" name="test_registry_has_required_components" time="0.008" /><testcase classname="tests.unit.test_startup_factories.TestBuildComponentRegistry" name="test_registry_is_not_started" time="0.010" /><testcase classname="tests.unit.test_startup_factories.TestGetLogActivity" name="test_returns_callable" time="0.008" /><testcase classname="tests.unit.test_startup_factories.TestGetLogActivity" name="test_falls_back_to_logger_info_when_admin_unavailable" time="0.007" /><testcase classname="tests.unit.test_startup_factories.TestInitConfig" name="test_returns_config_namespace" time="0.010" /><testcase classname="tests.unit.test_startup_factories.TestInitConfig" name="test_wraps_dict_result" time="0.010" /><testcase classname="tests.unit.test_startup_factories.TestInitConfig" name="test_passes_through_non_dict_result" time="0.010" /><testcase classname="tests.unit.test_strategies.TestBaseStrategy" name="test_strategy_initialization" time="0.011" /><testcase classname="tests.unit.test_strategies.TestBaseStrategy" name="test_strategy_start_stop" time="0.010" /><testcase classname="tests.unit.test_strategies.TestBaseStrategy" name="test_strategy_pause_resume" time="0.011" /><testcase classname="tests.unit.test_strategies.TestBaseStrategy" name="test_update_performance" time="0.008" /><testcase classname="tests.unit.test_strategies.TestBaseStrategy" name="test_performance_win_rate_calculation" time="0.009" /><testcase classname="tests.unit.test_strategies.TestMovingAverageCrossover" name="test_ma_crossover_initialization" time="0.009" /><testcase classname="tests.unit.test_strategies.TestMovingAverageCrossover" name="test_ma_crossover_bullish_signal" time="0.015" /><testcase classname="tests.unit.test_strategies.TestMovingAverageCrossover" name="test_ma_crossover_bearish_signal" time="0.016" /><testcase classname="tests.unit.test_strategies.TestMovingAverageCrossover" name="test_ma_crossover_insufficient_data" time="0.012" /><testcase classname="tests.unit.test_strategies.TestStrategyManager" name="test_manager_initialization" time="0.008" /><testcase classname="tests.unit.test_strategies.TestStrategyManager" name="test_register_strategy" time="0.008" /><testcase classname="tests.unit.test_strategies.TestStrategyManager" name="test_unregister_strategy" time="0.011" /><testcase classname="tests.unit.test_strategies.TestStrategyManager" name="test_start_strategy" time="0.010" /><testcase classname="tests.unit.test_strategies.TestStrategyManager" name="test_stop_strategy" time="0.011" /><testcase classname="tests.unit.test_strategies.TestStrategyManager" name="test_get_strategy_performance" time="0.010" /><testcase classname="tests.unit.test_strategies.TestStrategyManager" name="test_start_all_strategies" time="0.011" /><testcase classname="tests.unit.test_strategies.TestStrategyManager" name="test_stop_all_strategies" time="0.011" /><testcase classname="tests.unit.test_strategy_signal_paths.TestStochasticInit" name="test_init_covers_all_attributes" time="0.009" /><testcase classname="tests.unit.test_strategy_signal_paths.TestStochasticSignalPaths" name="test_exiting_oversold_zone_buy" time="0.010" /><testcase classname="tests.unit.test_strategy_signal_paths.TestStochasticSignalPaths" name="test_bearish_crossover_in_overbought" time="0.012" /><testcase classname="tests.unit.test_strategy_signal_paths.TestStochasticSignalPaths" name="test_divergence_bearish_crossover_above_50" time="0.010" /><testcase classname="tests.unit.test_strategy_signal_paths.TestStochasticSignalPaths" name="test_divergence_bullish_crossover_below_50" time="0.010" /><testcase classname="tests.unit.test_strategy_signal_paths.TestStochasticSignalPaths" name="test_divergence_above_50_no_crossover_hold" time="0.010" /><testcase classname="tests.unit.test_strategy_signal_paths.TestStochasticSignalPaths" name="test_nan_stochastic_returns_hold" time="0.011" /><testcase classname="tests.unit.test_strategy_signal_paths.TestStochasticSignalPaths" name="test_exception_handling" time="0.101" /><testcase classname="tests.unit.test_strategy_signal_paths.TestBreakoutInit" name="test_init_covers_attributes" time="0.011" /><testcase classname="tests.unit.test_strategy_signal_paths.TestBreakoutSignalPaths" name="test_bearish_breakout_sell" time="0.019" /><testcase classname="tests.unit.test_strategy_signal_paths.TestBreakoutSignalPaths" name="test_breakout_exception_handling" time="0.106" /><testcase classname="tests.unit.test_strategy_signal_paths.TestBreakoutSignalPaths" name="test_approaching_support_buy" time="0.014" /><testcase classname="tests.unit.test_strategy_signal_paths.TestBreakoutSignalPaths" name="test_bearish_breakout_with_high_volume" time="0.013" /><testcase classname="tests.unit.test_strategy_signal_paths.TestBreakoutSignalPaths" name="test_bearish_breakout_via_patch" time="0.015" /><testcase classname="tests.unit.test_strategy_signal_paths.TestBreakoutSignalPaths" name="test_bearish_breakout_close_below_support" time="0.013" /><testcase classname="tests.unit.test_strategy_signal_paths.TestBollingerBandsInit" name="test_init_covers_attributes" time="0.009" /><testcase classname="tests.unit.test_strategy_signal_paths.TestBollingerBandsSignalPaths" name="test_zero_band_width_hold" time="0.010" /><testcase classname="tests.unit.test_strategy_signal_paths.TestBollingerBandsSignalPaths" name="test_price_crossing_above_lower_band_buy" time="0.011" /><testcase classname="tests.unit.test_strategy_signal_paths.TestBollingerBandsSignalPaths" name="test_bounce_buy_above_lower_band" time="0.010" /><testcase classname="tests.unit.test_strategy_signal_paths.TestBollingerBandsSignalPaths" name="test_price_above_upper_band_no_reversal" time="0.011" /><testcase classname="tests.unit.test_strategy_signal_paths.TestBollingerBandsSignalPaths" name="test_price_crossing_below_upper_band_sell" time="0.010" /><testcase classname="tests.unit.test_strategy_signal_paths.TestBollingerBandsSignalPaths" name="test_exception_handling" time="0.080" /><testcase classname="tests.unit.test_strategy_signal_paths.TestBollingerBandsSignalPaths" name="test_walking_upper_band_buy" time="0.012" /><testcase classname="tests.unit.test_strategy_signal_paths.TestBollingerBandsSignalPaths" name="test_walking_lower_band_sell" time="0.010" /><testcase classname="tests.unit.test_strategy_signal_paths.TestBollingerBandsSignalPaths" name="test_hold_inside_bands_else_reason" time="0.012" /><testcase classname="tests.unit.test_strategy_signal_paths.TestRSIInit" name="test_init_covers_attributes" time="0.009" /><testcase classname="tests.unit.test_strategy_signal_paths.TestRSISignalPaths" name="test_oversold_rising_higher_confidence" time="0.010" /><testcase classname="tests.unit.test_strategy_signal_paths.TestRSISignalPaths" name="test_overbought_falling_higher_confidence" time="0.010" /><testcase classname="tests.unit.test_strategy_signal_paths.TestRSISignalPaths" name="test_nan_rsi_returns_hold" time="0.009" /><testcase classname="tests.unit.test_strategy_signal_paths.TestRSISignalPaths" name="test_exit_long_position_sell" time="0.010" /><testcase classname="tests.unit.test_strategy_signal_paths.TestRSISignalPaths" name="test_exit_short_position_buy" time="0.009" /><testcase classname="tests.unit.test_strategy_signal_paths.TestRSISignalPaths" name="test_exception_handling" time="0.085" /><testcase classname="tests.unit.test_strategy_signal_paths.TestRSISignalPaths" name="test_neutral_rsi_hold" time="0.012" /><testcase classname="tests.unit.test_strategy_signal_paths.TestMeanReversionInit" name="test_init_covers_attributes" time="0.007" /><testcase classname="tests.unit.test_strategy_signal_paths.TestMeanReversionSignalPaths" name="test_zero_band_width_hold" time="0.013" /><testcase classname="tests.unit.test_strategy_signal_paths.TestMeanReversionSignalPaths" name="test_exit_long_sell_to_mean" time="0.010" /><testcase classname="tests.unit.test_strategy_signal_paths.TestMeanReversionSignalPaths" name="test_exit_short_buy_to_mean" time="0.010" /><testcase classname="tests.unit.test_strategy_signal_paths.TestMeanReversionSignalPaths" name="test_exception_handling" time="0.080" /><testcase classname="tests.unit.test_streaming.TestTick" name="test_tick_creation" time="0.009" /><testcase classname="tests.unit.test_streaming.TestTick" name="test_tick_mid" time="0.007" /><testcase classname="tests.unit.test_streaming.TestTick" name="test_tick_spread" time="0.008" /><testcase classname="tests.unit.test_streaming.TestTick" name="test_tick_to_dict" time="0.008" /><testcase classname="tests.unit.test_streaming.TestAggregatedBar" name="test_bar_to_dict" time="0.007" /><testcase classname="tests.unit.test_streaming.TestTickAggregator" name="test_initialization" time="0.007" /><testcase classname="tests.unit.test_streaming.TestTickAggregator" name="test_no_bar_on_first_tick" time="0.008" /><testcase classname="tests.unit.test_streaming.TestTickAggregator" name="test_bar_completes_on_period_change" time="0.007" /><testcase classname="tests.unit.test_streaming.TestTickAggregator" name="test_ohlc_tracking" time="0.007" /><testcase classname="tests.unit.test_streaming.TestTickAggregator" name="test_get_open_bar" time="0.007" /><testcase classname="tests.unit.test_streaming.TestStreamingService" name="test_initialization" time="0.008" /><testcase classname="tests.unit.test_streaming.TestStreamingService" name="test_connect_disconnect" time="0.009" /><testcase classname="tests.unit.test_streaming.TestStreamingService" name="test_subscribe_unsubscribe" time="0.009" /><testcase classname="tests.unit.test_streaming.TestStreamingService" name="test_publish_tick_dispatches_event" time="0.008" /><testcase classname="tests.unit.test_streaming.TestStreamingService" name="test_global_listener_receives_all" time="0.010" /><testcase classname="tests.unit.test_streaming.TestStreamingService" name="test_get_recent_ticks" time="0.009" /><testcase classname="tests.unit.test_streaming.TestStreamingService" name="test_get_recent_ticks_empty" time="0.009" /><testcase classname="tests.unit.test_streaming.TestStreamingService" name="test_get_latest_tick" time="0.009" /><testcase classname="tests.unit.test_streaming.TestStreamingService" name="test_get_latest_tick_empty" time="0.008" /><testcase classname="tests.unit.test_streaming.TestStreamingService" name="test_bar_aggregation" time="0.008" /><testcase classname="tests.unit.test_streaming.TestStreamingService" name="test_get_bars" time="0.008" /><testcase classname="tests.unit.test_streaming.TestStreamingService" name="test_clear_symbol" time="0.009" /><testcase classname="tests.unit.test_streaming.TestStreamingService" name="test_clear_all" time="0.008" /><testcase classname="tests.unit.test_streaming.TestStreamingService" name="test_get_stats" time="0.009" /><testcase classname="tests.unit.test_streaming.TestStreamingService" name="test_reconnect_with_backoff_success" time="0.011" /><testcase classname="tests.unit.test_streaming.TestStreamingService" name="test_reconnect_with_backoff_failure" time="0.036" /><testcase classname="tests.unit.test_streaming.TestStreamingService" name="test_global_instance" time="0.008" /><testcase classname="tests.unit.test_sub_accounts_api.TestListSubAccounts" name="test_list_empty_returns_empty_list" time="0.047" /><testcase classname="tests.unit.test_sub_accounts_api.TestListSubAccounts" name="test_list_after_create_shows_account" time="0.050"><failure message="assert 0 == 1">self = &lt;tests.unit.test_sub_accounts_api.TestListSubAccounts object at 0x7f88205a2550&gt;
client = &lt;starlette.testclient.TestClient object at 0x7f8767be51d0&gt;

    def test_list_after_create_shows_account(self, client: TestClient):
        _create_account(client, "MyAcc")
        resp = client.get("/api/accounts/sub-accounts")
        assert resp.status_code == 200
        data = resp.json()
&gt;       assert data["total"] == 1
E       assert 0 == 1

tests/unit/test_sub_accounts_api.py:103: AssertionError</failure></testcase><testcase classname="tests.unit.test_sub_accounts_api.TestListSubAccounts" name="test_list_returns_all_accounts" time="1.692"><failure message="assert 0 == 3">self = &lt;tests.unit.test_sub_accounts_api.TestListSubAccounts object at 0x7f88205a2bd0&gt;
client = &lt;starlette.testclient.TestClient object at 0x7f8766911f10&gt;

    def test_list_returns_all_accounts(self, client: TestClient):
        _create_account(client, "Acc1")
        _create_account(client, "Acc2")
        _create_account(client, "Acc3")
        resp = client.get("/api/accounts/sub-accounts")
&gt;       assert resp.json()["total"] == 3
E       assert 0 == 3

tests/unit/test_sub_accounts_api.py:111: AssertionError</failure></testcase><testcase classname="tests.unit.test_sub_accounts_api.TestCreateSubAccount" name="test_create_minimal_fields" time="0.039" /><testcase classname="tests.unit.test_sub_accounts_api.TestCreateSubAccount" name="test_create_with_custom_balance" time="0.051" /><testcase classname="tests.unit.test_sub_accounts_api.TestCreateSubAccount" name="test_create_sets_owner_id" time="0.074" /><testcase classname="tests.unit.test_sub_accounts_api.TestCreateSubAccount" name="test_create_sets_broker" time="0.037" /><testcase classname="tests.unit.test_sub_accounts_api.TestCreateSubAccount" name="test_create_empty_label_returns_422" time="0.036" /><testcase classname="tests.unit.test_sub_accounts_api.TestCreateSubAccount" name="test_create_missing_label_returns_422" time="0.038" /><testcase classname="tests.unit.test_sub_accounts_api.TestCreateSubAccount" name="test_create_max_10_accounts" time="0.134" /><testcase classname="tests.unit.test_sub_accounts_api.TestGetSubAccount" name="test_get_existing_account" time="0.047" /><testcase classname="tests.unit.test_sub_accounts_api.TestGetSubAccount" name="test_get_nonexistent_returns_404" time="0.037" /><testcase classname="tests.unit.test_sub_accounts_api.TestGetSubAccount" name="test_get_returns_all_fields" time="0.045" /><testcase classname="tests.unit.test_sub_accounts_api.TestUpdateSubAccount" name="test_update_label" time="0.046" /><testcase classname="tests.unit.test_sub_accounts_api.TestUpdateSubAccount" name="test_update_active_status" time="0.049" /><testcase classname="tests.unit.test_sub_accounts_api.TestUpdateSubAccount" name="test_update_nonexistent_returns_404" time="0.036" /><testcase classname="tests.unit.test_sub_accounts_api.TestDeleteSubAccount" name="test_delete_one_of_two_accounts" time="0.062"><failure message="assert 0 == 1">self = &lt;tests.unit.test_sub_accounts_api.TestDeleteSubAccount object at 0x7f88205b3d50&gt;
client = &lt;starlette.testclient.TestClient object at 0x7f8766a677d0&gt;

    def test_delete_one_of_two_accounts(self, client: TestClient):
        acc1 = _create_account(client, "Keep")
        acc2 = _create_account(client, "Remove")
        resp = client.delete(f"/api/accounts/sub-accounts/{acc2['account_id']}")
        assert resp.status_code == 204
        list_resp = client.get("/api/accounts/sub-accounts")
&gt;       assert list_resp.json()["total"] == 1
E       assert 0 == 1

tests/unit/test_sub_accounts_api.py:234: AssertionError</failure></testcase><testcase classname="tests.unit.test_sub_accounts_api.TestDeleteSubAccount" name="test_delete_only_active_account_returns_400" time="0.045" /><testcase classname="tests.unit.test_sub_accounts_api.TestDeleteSubAccount" name="test_delete_nonexistent_returns_404" time="0.036" /><testcase classname="tests.unit.test_sub_accounts_api.TestTransferBalance" name="test_transfer_between_two_accounts" time="0.063" /><testcase classname="tests.unit.test_sub_accounts_api.TestTransferBalance" name="test_transfer_updates_source_and_destination" time="0.075" /><testcase classname="tests.unit.test_sub_accounts_api.TestTransferBalance" name="test_transfer_same_account_returns_400" time="0.047" /><testcase classname="tests.unit.test_sub_accounts_api.TestTransferBalance" name="test_transfer_insufficient_balance_returns_400" time="0.058" /><testcase classname="tests.unit.test_sub_accounts_api.TestTransferBalance" name="test_transfer_nonexistent_source_returns_404" time="0.051" /><testcase classname="tests.unit.test_sub_accounts_api.TestTransferBalance" name="test_transfer_nonexistent_destination_returns_404" time="0.048" /><testcase classname="tests.unit.test_sub_accounts_api.TestTransferBalance" name="test_transfer_zero_amount_returns_422" time="0.060" /><testcase classname="tests.unit.test_superadmin.TestSuperadminModels" name="test_update_user_body_all_optional" time="0.007" /><testcase classname="tests.unit.test_superadmin.TestSuperadminModels" name="test_update_user_body_with_values" time="0.012" /><testcase classname="tests.unit.test_superadmin.TestSuperadminModels" name="test_set_role_body" time="0.008" /><testcase classname="tests.unit.test_superadmin.TestSuperadminModels" name="test_set_plan_body" time="0.006" /><testcase classname="tests.unit.test_superadmin.TestSuperadminModels" name="test_ban_user_body_default_reason" time="0.006" /><testcase classname="tests.unit.test_superadmin.TestSuperadminModels" name="test_ban_user_body_custom_reason" time="0.006" /><testcase classname="tests.unit.test_superadmin.TestSuperadminModels" name="test_maintenance_body" time="0.007" /><testcase classname="tests.unit.test_superadmin.TestSuperadminModels" name="test_broadcast_body_defaults" time="0.006" /><testcase classname="tests.unit.test_superadmin.TestSuperadminModels" name="test_platform_config_body_all_optional" time="0.006" /><testcase classname="tests.unit.test_superadmin.TestSuperadminModels" name="test_platform_config_body_with_values" time="0.007" /><testcase classname="tests.unit.test_superadmin.TestSuperadminModels" name="test_kill_switch_body" time="0.006" /><testcase classname="tests.unit.test_superadmin.TestSuperadminModels" name="test_engine_config_body_all_optional" time="0.007" /><testcase classname="tests.unit.test_superadmin.TestSuperadminModels" name="test_set_feature_flag_body" time="0.006" /><testcase classname="tests.unit.test_superadmin.TestSuperadminModels" name="test_ml_control_body" time="0.006" /><testcase classname="tests.unit.test_superadmin.TestSuperadminModels" name="test_deploy_model_body" time="0.007" /><testcase classname="tests.unit.test_superadmin.TestHelperFunctions" name="test_iso_with_datetime" time="0.006" /><testcase classname="tests.unit.test_superadmin.TestHelperFunctions" name="test_iso_with_none" time="0.006" /><testcase classname="tests.unit.test_superadmin.TestHelperFunctions" name="test_load_platform_config_returns_defaults_when_no_store" time="0.006" /><testcase classname="tests.unit.test_superadmin.TestHelperFunctions" name="test_load_platform_config_merges_stored_values" time="0.008" /><testcase classname="tests.unit.test_superadmin.TestHelperFunctions" name="test_load_platform_config_handles_invalid_json" time="0.008" /><testcase classname="tests.unit.test_superadmin.TestHelperFunctions" name="test_save_platform_config_calls_store" time="0.008" /><testcase classname="tests.unit.test_superadmin.TestHelperFunctions" name="test_save_platform_config_noop_when_no_store" time="0.006" /><testcase classname="tests.unit.test_superadmin.TestHelperFunctions" name="test_load_engine_config_returns_defaults_when_no_store" time="0.006" /><testcase classname="tests.unit.test_superadmin.TestHelperFunctions" name="test_log_superadmin_action_does_not_raise" time="0.013" /><testcase classname="tests.unit.test_superadmin.TestOverviewEndpoint" name="test_get_overview_200" time="0.611" /><testcase classname="tests.unit.test_superadmin.TestOverviewEndpoint" name="test_get_overview_required_keys" time="0.048" /><testcase classname="tests.unit.test_superadmin.TestOverviewEndpoint" name="test_get_overview_system_health_valid" time="0.049" /><testcase classname="tests.unit.test_superadmin.TestOverviewEndpoint" name="test_get_overview_unauthenticated_returns_403" time="0.383" /><testcase classname="tests.unit.test_superadmin.TestPlatformConfigEndpoints" name="test_get_platform_config_200" time="0.020" /><testcase classname="tests.unit.test_superadmin.TestPlatformConfigEndpoints" name="test_get_platform_config_has_defaults" time="0.016" /><testcase classname="tests.unit.test_superadmin.TestPlatformConfigEndpoints" name="test_patch_platform_config_200" time="0.026" /><testcase classname="tests.unit.test_superadmin.TestPlatformConfigEndpoints" name="test_patch_platform_config_saves_to_store" time="0.026" /><testcase classname="tests.unit.test_superadmin.TestPlatformConfigEndpoints" name="test_post_maintenance_mode_enable" time="0.024" /><testcase classname="tests.unit.test_superadmin.TestPlatformConfigEndpoints" name="test_post_maintenance_mode_disable" time="0.023" /><testcase classname="tests.unit.test_superadmin.TestPlatformConfigEndpoints" name="test_post_broadcast_200" time="0.031" /><testcase classname="tests.unit.test_superadmin.TestEngineEndpoints" name="test_get_engine_status_200" time="0.027" /><testcase classname="tests.unit.test_superadmin.TestEngineEndpoints" name="test_get_engine_config_200" time="0.019" /><testcase classname="tests.unit.test_superadmin.TestEngineEndpoints" name="test_patch_engine_config_200" time="0.022" /><testcase classname="tests.unit.test_superadmin.TestEngineEndpoints" name="test_post_kill_switch_enable" time="0.161" /><testcase classname="tests.unit.test_superadmin.TestEngineEndpoints" name="test_post_kill_switch_disable" time="0.030" /><testcase classname="tests.unit.test_superadmin.TestEngineEndpoints" name="test_post_engine_pause" time="0.028" /><testcase classname="tests.unit.test_superadmin.TestEngineEndpoints" name="test_post_engine_resume" time="0.024" /><testcase classname="tests.unit.test_superadmin.TestUserEndpoints" name="test_list_users_200" time="0.435"><failure message="assert 500 == 200&#10; +  where 500 = &lt;Response [500 Internal Server Error]&gt;.status_code">self = &lt;tests.unit.test_superadmin.TestUserEndpoints object at 0x7f88205fb410&gt;
sa_client = &lt;starlette.testclient.TestClient object at 0x7f879f243a10&gt;

    def test_list_users_200(self, sa_client):
        resp = sa_client.get("/api/superadmin/users")
&gt;       assert resp.status_code == 200
E       assert 500 == 200
E        +  where 500 = &lt;Response [500 Internal Server Error]&gt;.status_code

tests/unit/test_superadmin.py:492: AssertionError</failure></testcase><testcase classname="tests.unit.test_superadmin.TestUserEndpoints" name="test_list_users_pagination_params" time="0.087"><failure message="assert 500 == 200&#10; +  where 500 = &lt;Response [500 Internal Server Error]&gt;.status_code">self = &lt;tests.unit.test_superadmin.TestUserEndpoints object at 0x7f88205fbad0&gt;
sa_client = &lt;starlette.testclient.TestClient object at 0x7f879f243a10&gt;

    def test_list_users_pagination_params(self, sa_client):
        resp = sa_client.get("/api/superadmin/users?page=1&amp;page_size=10")
&gt;       assert resp.status_code == 200
E       assert 500 == 200
E        +  where 500 = &lt;Response [500 Internal Server Error]&gt;.status_code

tests/unit/test_superadmin.py:499: AssertionError</failure></testcase><testcase classname="tests.unit.test_superadmin.TestUserEndpoints" name="test_get_user_not_found" time="0.022" /><testcase classname="tests.unit.test_superadmin.TestUserEndpoints" name="test_delete_user_not_found" time="0.051"><failure message="assert 500 in (200, 404)&#10; +  where 500 = &lt;Response [500 Internal Server Error]&gt;.status_code">self = &lt;tests.unit.test_superadmin.TestUserEndpoints object at 0x7f88205fbc90&gt;
sa_client = &lt;starlette.testclient.TestClient object at 0x7f879f243a10&gt;

    def test_delete_user_not_found(self, sa_client):
        resp = sa_client.delete("/api/superadmin/users/nonexistent-user-id")
&gt;       assert resp.status_code in (200, 404)
E       assert 500 in (200, 404)
E        +  where 500 = &lt;Response [500 Internal Server Error]&gt;.status_code

tests/unit/test_superadmin.py:507: AssertionError</failure></testcase><testcase classname="tests.unit.test_superadmin.TestUserEndpoints" name="test_set_user_role" time="0.052"><failure message="assert 500 in (200, 404)&#10; +  where 500 = &lt;Response [500 Internal Server Error]&gt;.status_code">self = &lt;tests.unit.test_superadmin.TestUserEndpoints object at 0x7f88205fae10&gt;
sa_client = &lt;starlette.testclient.TestClient object at 0x7f879f243a10&gt;

    def test_set_user_role(self, sa_client):
        with patch("api.admin.log_activity"):
            resp = sa_client.patch(
                "/api/superadmin/users/some-user-id/role",
                json={"role": "admin"},
            )
&gt;       assert resp.status_code in (200, 404)
E       assert 500 in (200, 404)
E        +  where 500 = &lt;Response [500 Internal Server Error]&gt;.status_code

tests/unit/test_superadmin.py:515: AssertionError</failure></testcase><testcase classname="tests.unit.test_superadmin.TestUserEndpoints" name="test_ban_user" time="0.022" /><testcase classname="tests.unit.test_superadmin.TestUserEndpoints" name="test_unban_user" time="0.046"><failure message="assert 500 in (200, 404)&#10; +  where 500 = &lt;Response [500 Internal Server Error]&gt;.status_code">self = &lt;tests.unit.test_superadmin.TestUserEndpoints object at 0x7f88205f9ed0&gt;
sa_client = &lt;starlette.testclient.TestClient object at 0x7f879f243a10&gt;

    def test_unban_user(self, sa_client):
        with patch("api.admin.log_activity"):
            resp = sa_client.post("/api/superadmin/users/some-user-id/unban")
&gt;       assert resp.status_code in (200, 404)
E       assert 500 in (200, 404)
E        +  where 500 = &lt;Response [500 Internal Server Error]&gt;.status_code

tests/unit/test_superadmin.py:528: AssertionError</failure></testcase><testcase classname="tests.unit.test_superadmin.TestMLEndpoints" name="test_get_ml_status_200" time="0.027" /><testcase classname="tests.unit.test_superadmin.TestMLEndpoints" name="test_list_ml_models_200" time="0.021" /><testcase classname="tests.unit.test_superadmin.TestMLEndpoints" name="test_get_ml_metrics_200" time="0.019" /><testcase classname="tests.unit.test_superadmin.TestMLEndpoints" name="test_retrain_model_200" time="0.022" /><testcase classname="tests.unit.test_superadmin.TestMLEndpoints" name="test_rollback_model_200" time="0.021" /><testcase classname="tests.unit.test_superadmin.TestDashboardEndpoint" name="test_dashboard_returns_html" time="0.016" /><testcase classname="tests.unit.test_tca.TestTCARecord" name="test_slippage_bps_buy_adverse" time="0.008" /><testcase classname="tests.unit.test_tca.TestTCARecord" name="test_slippage_bps_buy_improvement" time="0.010" /><testcase classname="tests.unit.test_tca.TestTCARecord" name="test_slippage_bps_sell_adverse" time="0.007" /><testcase classname="tests.unit.test_tca.TestTCARecord" name="test_slippage_bps_sell_improvement" time="0.009" /><testcase classname="tests.unit.test_tca.TestTCARecord" name="test_slippage_usd" time="0.006" /><testcase classname="tests.unit.test_tca.TestTCARecord" name="test_zero_signal_price" time="0.008" /><testcase classname="tests.unit.test_tca.TestTCARecord" name="test_to_dict_keys" time="0.007" /><testcase classname="tests.unit.test_tca.TestTCARecord" name="test_signal_to_fill_ms_non_negative" time="0.007" /><testcase classname="tests.unit.test_tca.TestTCARecorder" name="test_record_fill_without_signal_returns_none" time="0.008" /><testcase classname="tests.unit.test_tca.TestTCARecorder" name="test_record_signal_then_fill_returns_record" time="0.077" /><testcase classname="tests.unit.test_tca.TestTCARecorder" name="test_pending_signal_consumed_after_fill" time="0.019" /><testcase classname="tests.unit.test_tca.TestTCARecorder" name="test_get_report_returns_none_when_empty" time="0.008" /><testcase classname="tests.unit.test_tca.TestTCARecorder" name="test_get_report_after_fills" time="0.054" /><testcase classname="tests.unit.test_tca.TestTCARecorder" name="test_get_report_filters_by_symbol" time="0.030" /><testcase classname="tests.unit.test_tca.TestTCARecorder" name="test_get_recent_records_order" time="0.054" /><testcase classname="tests.unit.test_tca.TestTCARecorder" name="test_is_fill_quality_degraded_false_when_few_fills" time="0.015" /><testcase classname="tests.unit.test_tca.TestTCARecorder" name="test_is_fill_quality_degraded_true_above_threshold" time="0.205" /><testcase classname="tests.unit.test_tca.TestTCARecorder" name="test_get_all_reports_multi_broker" time="0.073" /><testcase classname="tests.unit.test_tca.TestTCARecorder" name="test_session_classification" time="0.008" /><testcase classname="tests.unit.test_tca.TestTCARecorder" name="test_report_alert_triggered" time="0.148" /><testcase classname="tests.unit.test_tca.TestTCARecorder" name="test_report_no_alert_below_threshold" time="0.042" /><testcase classname="tests.unit.test_tca.TestAlmgrenChrissModel" name="test_zero_adv_returns_spread_only" time="0.008" /><testcase classname="tests.unit.test_tca.TestAlmgrenChrissModel" name="test_larger_order_higher_impact" time="0.007" /><testcase classname="tests.unit.test_tca.TestAlmgrenChrissModel" name="test_higher_vol_higher_impact" time="0.007" /><testcase classname="tests.unit.test_tca.TestAlmgrenChrissModel" name="test_participation_cap" time="0.007" /><testcase classname="tests.unit.test_tca.TestAlmgrenChrissModel" name="test_fill_price_buy_above_signal" time="0.007" /><testcase classname="tests.unit.test_tca.TestAlmgrenChrissModel" name="test_fill_price_sell_below_signal" time="0.008" /><testcase classname="tests.unit.test_tca.TestAlmgrenChrissModel" name="test_total_cost_usd_positive" time="0.008" /><testcase classname="tests.unit.test_tca.TestAlmgrenChrissModel" name="test_slippage_bps_alias" time="0.007" /><testcase classname="tests.unit.test_tca.TestFillSimulator" name="test_buy_fill_above_signal" time="0.008" /><testcase classname="tests.unit.test_tca.TestFillSimulator" name="test_sell_fill_below_signal" time="0.008" /><testcase classname="tests.unit.test_tca.TestFillSimulator" name="test_fill_clamped_to_bar_range_buy" time="0.008" /><testcase classname="tests.unit.test_tca.TestFillSimulator" name="test_partial_fill_when_order_exceeds_liquidity" time="0.008" /><testcase classname="tests.unit.test_tca.TestFillSimulator" name="test_no_partial_fill_small_order" time="0.007" /><testcase classname="tests.unit.test_tca.TestFillSimulator" name="test_slippage_non_negative" time="0.009" /><testcase classname="tests.unit.test_tca.TestFillSimulator" name="test_batch_simulate" time="0.008" /><testcase classname="tests.unit.test_tca.TestFillSimulator" name="test_get_fill_simulator_singleton" time="0.008" /><testcase classname="tests.unit.test_tca.TestMarketContextProvider" name="test_default_adv_when_no_data" time="0.013" /><testcase classname="tests.unit.test_tca.TestMarketContextProvider" name="test_default_vol_when_no_data" time="0.013" /><testcase classname="tests.unit.test_tca.TestMarketContextProvider" name="test_env_override_adv" time="0.007" /><testcase classname="tests.unit.test_tca.TestMarketContextProvider" name="test_env_override_vol" time="0.008" /><testcase classname="tests.unit.test_tca.TestMarketContextProvider" name="test_tick_accumulator_adv" time="0.015" /><testcase classname="tests.unit.test_tca.TestMarketContextProvider" name="test_redis_ohlcv_adv" time="0.008" /><testcase classname="tests.unit.test_tca.TestMarketContextProvider" name="test_redis_ohlcv_vol" time="0.008" /><testcase classname="tests.unit.test_tca.TestTCAEngine" name="test_start_and_complete_order" time="0.016" /><testcase classname="tests.unit.test_tca.TestTCAEngine" name="test_implementation_shortfall_buy" time="0.020" /><testcase classname="tests.unit.test_tca.TestTCAEngine" name="test_implementation_shortfall_sell" time="0.018" /><testcase classname="tests.unit.test_tca.TestTCAEngine" name="test_complete_unknown_order_raises" time="0.010" /><testcase classname="tests.unit.test_tca.TestTCAEngine" name="test_cancelled_order_zero_fill_rate" time="0.010" /><testcase classname="tests.unit.test_tca.TestTCAEngine" name="test_cost_callback_fired_on_expensive_trade" time="0.018" /><testcase classname="tests.unit.test_tca.TestTCAEngine" name="test_get_stats_empty" time="0.008" /><testcase classname="tests.unit.test_tca.TestTCAEngine" name="test_get_stats_after_trades" time="0.027" /><testcase classname="tests.unit.test_tca.TestTCAEngine" name="test_adv_source_recorded_in_metrics" time="0.014" /><testcase classname="tests.unit.test_tca.TestTCAEngine" name="test_update_market_data_feeds_context" time="0.007" /><testcase classname="tests.unit.test_tca_comprehensive.TestMarketImpactModel" name="test_calculate_returns_tuple" time="0.006" /><testcase classname="tests.unit.test_tca_comprehensive.TestMarketImpactModel" name="test_calculate_zero_adv_returns_zero" time="0.008" /><testcase classname="tests.unit.test_tca_comprehensive.TestMarketImpactModel" name="test_calculate_zero_size_returns_zero" time="0.006" /><testcase classname="tests.unit.test_tca_comprehensive.TestMarketImpactModel" name="test_calculate_larger_order_higher_impact" time="0.005" /><testcase classname="tests.unit.test_tca_comprehensive.TestMarketImpactModel" name="test_calculate_higher_volatility_higher_impact" time="0.005" /><testcase classname="tests.unit.test_tca_comprehensive.TestMarketImpactModel" name="test_perm_impact_less_than_temp" time="0.007" /><testcase classname="tests.unit.test_tca_comprehensive.TestTCAMetrics" name="test_total_cost_bps_is_decimal" time="0.008" /><testcase classname="tests.unit.test_tca_comprehensive.TestTCAMetrics" name="test_alpha_extraction_bps_is_decimal" time="0.013" /><testcase classname="tests.unit.test_tca_comprehensive.TestTCAMetrics" name="test_to_dict_has_required_keys" time="0.008" /><testcase classname="tests.unit.test_tca_comprehensive.TestTCAMetrics" name="test_to_dict_symbol_value" time="0.008" /><testcase classname="tests.unit.test_tca_comprehensive.TestTCAMetrics" name="test_to_dict_fill_rate" time="0.007" /><testcase classname="tests.unit.test_tca_comprehensive.TestTCAMetrics" name="test_zero_avg_fill_price_total_cost" time="0.008" /><testcase classname="tests.unit.test_tca_comprehensive.TestMarketContextProvider" name="test_get_adv_returns_positive" time="0.015" /><testcase classname="tests.unit.test_tca_comprehensive.TestMarketContextProvider" name="test_get_adv_env_override" time="0.006" /><testcase classname="tests.unit.test_tca_comprehensive.TestMarketContextProvider" name="test_get_adv_unknown_symbol_uses_default" time="0.018" /><testcase classname="tests.unit.test_tca_comprehensive.TestMarketContextProvider" name="test_get_volatility_returns_positive" time="0.012" /><testcase classname="tests.unit.test_tca_comprehensive.TestMarketContextProvider" name="test_get_volatility_env_override" time="0.008" /><testcase classname="tests.unit.test_tca_comprehensive.TestMarketContextProvider" name="test_get_volatility_unknown_symbol_uses_default" time="0.013" /><testcase classname="tests.unit.test_tca_comprehensive.TestMarketContextProvider" name="test_accumulate_tick_no_raise" time="0.008" /><testcase classname="tests.unit.test_tca_comprehensive.TestTCAEngine" name="test_start_order_tracks_order" time="0.013" /><testcase classname="tests.unit.test_tca_comprehensive.TestTCAEngine" name="test_record_fill_updates_order" time="0.010" /><testcase classname="tests.unit.test_tca_comprehensive.TestTCAEngine" name="test_record_fill_unknown_order_noop" time="0.013" /><testcase classname="tests.unit.test_tca_comprehensive.TestTCAEngine" name="test_complete_order_returns_metrics" time="0.015" /><testcase classname="tests.unit.test_tca_comprehensive.TestTCAEngine" name="test_complete_order_no_fills_returns_cancelled" time="0.009" /><testcase classname="tests.unit.test_tca_comprehensive.TestTCAEngine" name="test_complete_order_unknown_raises" time="0.008" /><testcase classname="tests.unit.test_tca_comprehensive.TestTCAEngine" name="test_complete_order_calls_callback" time="0.018" /><testcase classname="tests.unit.test_tca_comprehensive.TestTCAEngine" name="test_complete_order_removes_from_active" time="0.014" /><testcase classname="tests.unit.test_tca_comprehensive.TestTCAEngine" name="test_complete_order_adds_to_completed" time="0.017" /><testcase classname="tests.unit.test_tca_comprehensive.TestTCAEngine" name="test_sell_order_isf_calculation" time="0.014" /><testcase classname="tests.unit.test_tca_comprehensive.TestTCAEngine" name="test_multiple_fills_aggregated" time="0.015" /><testcase classname="tests.unit.test_tca_comprehensive.TestTCAEngine" name="test_register_cost_callback" time="0.006" /><testcase classname="tests.unit.test_tca_comprehensive.TestTCAEngine" name="test_get_stats_empty" time="0.007" /><testcase classname="tests.unit.test_tca_comprehensive.TestTCAEngine" name="test_get_stats_after_completion" time="0.017" /><testcase classname="tests.unit.test_tca_comprehensive.TestTCAEngine" name="test_update_market_data_no_raise" time="0.007" /><testcase classname="tests.unit.test_tca_comprehensive.TestTCAEngine" name="test_create_cancelled_metrics" time="0.007" /><testcase classname="tests.unit.test_tca_comprehensive.TestBenchmarkType" name="test_arrival_exists" time="0.006" /><testcase classname="tests.unit.test_tca_comprehensive.TestBenchmarkType" name="test_vwap_exists" time="0.006" /><testcase classname="tests.unit.test_tca_comprehensive.TestBenchmarkType" name="test_twap_exists" time="0.006" /><testcase classname="tests.unit.test_teams_router.TestCreateTeam" name="test_returns_team_id" time="0.057" /><testcase classname="tests.unit.test_teams_router.TestCreateTeam" name="test_returned_data_has_expected_fields" time="0.059" /><testcase classname="tests.unit.test_teams_router.TestCreateTeam" name="test_multiple_teams_have_unique_ids" time="0.086" /><testcase classname="tests.unit.test_teams_router.TestListTeams" name="test_empty_initially" time="0.074" /><testcase classname="tests.unit.test_teams_router.TestListTeams" name="test_created_team_appears" time="0.066" /><testcase classname="tests.unit.test_teams_router.TestListTeams" name="test_total_count_matches" time="0.076" /><testcase classname="tests.unit.test_teams_router.TestGetTeam" name="test_returns_team_summary" time="0.062" /><testcase classname="tests.unit.test_teams_router.TestGetTeam" name="test_missing_team_returns_404" time="0.053" /><testcase classname="tests.unit.test_teams_router.TestInviteMember" name="test_invite_returns_invitation" time="0.065" /><testcase classname="tests.unit.test_teams_router.TestInviteMember" name="test_invite_with_admin_role" time="0.067" /><testcase classname="tests.unit.test_teams_router.TestInviteMember" name="test_invite_invalid_role_returns_400" time="0.066" /><testcase classname="tests.unit.test_teams_router.TestInviteMember" name="test_invite_missing_team_returns_404" time="0.105" /><testcase classname="tests.unit.test_teams_router.TestRemoveMember" name="test_remove_existing_member" time="0.069" /><testcase classname="tests.unit.test_teams_router.TestRemoveMember" name="test_remove_nonexistent_member_returns_404" time="0.101" /><testcase classname="tests.unit.test_teams_router.TestRemoveMember" name="test_remove_member_from_missing_team_returns_404" time="0.059" /><testcase classname="tests.unit.test_teams_router.TestDeleteTeam" name="test_delete_team_succeeds" time="0.066" /><testcase classname="tests.unit.test_teams_router.TestDeleteTeam" name="test_deleted_team_not_in_list" time="0.081" /><testcase classname="tests.unit.test_teams_router.TestDeleteTeam" name="test_delete_missing_team_returns_404" time="0.067" /><testcase classname="tests.unit.test_teams_router.TestTeamPerformance" name="test_returns_performance_data" time="0.063" /><testcase classname="tests.unit.test_teams_router.TestTeamPerformance" name="test_performance_missing_team_returns_404" time="0.059" /><testcase classname="tests.unit.test_tick_feed.TestTick" name="test_mid_calculation" time="0.007" /><testcase classname="tests.unit.test_tick_feed.TestTick" name="test_spread_calculation" time="0.006" /><testcase classname="tests.unit.test_tick_feed.TestTick" name="test_to_dict_keys" time="0.006" /><testcase classname="tests.unit.test_tick_feed.TestTick" name="test_to_dict_mid_rounded" time="0.006" /><testcase classname="tests.unit.test_tick_feed.TestTick" name="test_source_stored" time="0.006" /><testcase classname="tests.unit.test_tick_feed.TestOHLCVBar" name="test_to_dict_keys" time="0.006" /><testcase classname="tests.unit.test_tick_feed.TestIsValidTick" name="test_valid_tick" time="0.006" /><testcase classname="tests.unit.test_tick_feed.TestIsValidTick" name="test_invalid_zero_bid" time="0.006" /><testcase classname="tests.unit.test_tick_feed.TestIsValidTick" name="test_invalid_negative_ask" time="0.007" /><testcase classname="tests.unit.test_tick_feed.TestIsValidTick" name="test_invalid_bid_greater_than_ask" time="0.006" /><testcase classname="tests.unit.test_tick_feed.TestIsValidTick" name="test_invalid_price_below_min" time="0.005" /><testcase classname="tests.unit.test_tick_feed.TestIsValidTick" name="test_invalid_price_above_max" time="0.006" /><testcase classname="tests.unit.test_tick_feed.TestIsValidTick" name="test_valid_boundary_low" time="0.005" /><testcase classname="tests.unit.test_tick_feed.TestIsValidTick" name="test_valid_boundary_high" time="0.006" /><testcase classname="tests.unit.test_tick_feed.TestTickAggregator" name="test_first_tick_opens_bar" time="0.009" /><testcase classname="tests.unit.test_tick_feed.TestTickAggregator" name="test_second_tick_updates_bar" time="0.009" /><testcase classname="tests.unit.test_tick_feed.TestTickAggregator" name="test_bar_closes_after_timeframe" time="0.008" /><testcase classname="tests.unit.test_tick_feed.TestTickAggregator" name="test_sync_bar_callback" time="0.009" /><testcase classname="tests.unit.test_tick_feed.TestTickAggregator" name="test_bar_callback_error_swallowed" time="0.008" /><testcase classname="tests.unit.test_tick_feed.TestTickAggregator" name="test_volume_accumulates" time="0.008" /><testcase classname="tests.unit.test_tick_feed.TestTickAggregator" name="test_add_bar_callback" time="0.007" /><testcase classname="tests.unit.test_tick_feed.TestTickBus" name="test_publish_valid_tick" time="0.008" /><testcase classname="tests.unit.test_tick_feed.TestTickBus" name="test_publish_invalid_tick_ignored" time="0.009" /><testcase classname="tests.unit.test_tick_feed.TestTickBus" name="test_deduplication" time="0.009" /><testcase classname="tests.unit.test_tick_feed.TestTickBus" name="test_different_prices_not_deduped" time="0.018" /><testcase classname="tests.unit.test_tick_feed.TestTickBus" name="test_subscribe_and_unsubscribe" time="0.007" /><testcase classname="tests.unit.test_tick_feed.TestTickBus" name="test_unsubscribe_nonexistent_no_error" time="0.008" /><testcase classname="tests.unit.test_tick_feed.TestTickBus" name="test_tick_count_increments" time="0.013" /><testcase classname="tests.unit.test_tick_feed.TestTickBus" name="test_last_tick_updated" time="0.008" /><testcase classname="tests.unit.test_tick_feed.TestTickBus" name="test_status_dict" time="0.008" /><testcase classname="tests.unit.test_tick_feed.TestTickBus" name="test_status_with_last_tick" time="0.013" /><testcase classname="tests.unit.test_tick_feed.TestTickBus" name="test_subscriber_error_swallowed" time="0.010" /><testcase classname="tests.unit.test_tick_feed.TestTickBus" name="test_multiple_subscribers" time="0.009" /><testcase classname="tests.unit.test_tick_feed.TestTickFeedManager" name="test_init_default" time="0.007" /><testcase classname="tests.unit.test_tick_feed.TestTickFeedManager" name="test_init_custom_symbol" time="0.007" /><testcase classname="tests.unit.test_tick_feed.TestTickFeedManager" name="test_subscribe_adds_to_bus" time="0.011" /><testcase classname="tests.unit.test_tick_feed.TestTickFeedManager" name="test_add_bar_callback" time="0.007" /><testcase classname="tests.unit.test_tick_feed.TestTickFeedManager" name="test_bus_property" time="0.007" /><testcase classname="tests.unit.test_tick_feed.TestTickFeedManager" name="test_last_tick_initially_none" time="0.006" /><testcase classname="tests.unit.test_tick_feed.TestTickFeedManager" name="test_status_dict" time="0.007" /><testcase classname="tests.unit.test_tick_feed.TestTickFeedManager" name="test_sources_wired_to_bus" time="0.007" /><testcase classname="tests.unit.test_tick_feed.TestTickFeedManager" name="test_stop_when_not_started" time="0.009" /><testcase classname="tests.unit.test_tick_feed.TestTickFeedManager" name="test_start_sets_running" time="0.011" /><testcase classname="tests.unit.test_tick_feed.TestTickFeedManager" name="test_start_idempotent" time="0.014" /><testcase classname="tests.unit.test_tick_feed.TestTickFeedManager" name="test_stop_clears_running" time="0.011" /><testcase classname="tests.unit.test_tick_feed.TestGetTickFeed" name="test_returns_manager" time="0.005" /><testcase classname="tests.unit.test_tick_feed.TestGetTickFeed" name="test_returns_singleton" time="0.006" /><testcase classname="tests.unit.test_tick_feed.TestGetTickFeed" name="test_custom_symbol_on_first_call" time="0.009" /><testcase classname="tests.unit.test_tick_feed.TestGetTickFeed" name="test_custom_timeframe_on_first_call" time="0.007" /><testcase classname="tests.unit.test_tick_store.TestInsertQuery" name="test_insert_single_tick" time="0.012" /><testcase classname="tests.unit.test_tick_store.TestInsertQuery" name="test_insert_multiple_ticks" time="0.010" /><testcase classname="tests.unit.test_tick_store.TestInsertQuery" name="test_query_limit_respected" time="0.010" /><testcase classname="tests.unit.test_tick_store.TestInsertQuery" name="test_query_empty_symbol_returns_empty_df" time="0.008" /><testcase classname="tests.unit.test_tick_store.TestInsertQuery" name="test_mid_and_spread_computed" time="0.010" /><testcase classname="tests.unit.test_tick_store.TestInsertQuery" name="test_default_ts_ns" time="0.009" /><testcase classname="tests.unit.test_tick_store.TestInsertQuery" name="test_volume_and_source_stored" time="0.010" /><testcase classname="tests.unit.test_tick_store.TestOHLCV" name="test_ohlcv_single_bar" time="0.009" /><testcase classname="tests.unit.test_tick_store.TestOHLCV" name="test_ohlcv_multiple_bars" time="0.009" /><testcase classname="tests.unit.test_tick_store.TestOHLCV" name="test_ohlcv_empty_returns_empty_df" time="0.010" /><testcase classname="tests.unit.test_tick_store.TestOHLCV" name="test_to_ohlcv_df_format" time="0.011" /><testcase classname="tests.unit.test_tick_store.TestLatestFlush" name="test_latest_returns_most_recent" time="0.008" /><testcase classname="tests.unit.test_tick_store.TestLatestFlush" name="test_latest_none_for_empty_symbol" time="0.008" /><testcase classname="tests.unit.test_tick_store.TestLatestFlush" name="test_flush_removes_ticks" time="0.008" /><testcase classname="tests.unit.test_tick_store.TestHealth" name="test_health_returns_dict" time="0.008" /><testcase classname="tests.unit.test_tick_store.TestHealth" name="test_health_includes_backend_class" time="0.011" /><testcase classname="tests.unit.test_tick_store.TestSinceFilter" name="test_since_ns_filters_older_ticks" time="0.010" /><testcase classname="tests.unit.test_tick_store.TestAggregateOHLCV" name="test_empty_input_returns_empty" time="0.006" /><testcase classname="tests.unit.test_tick_store.TestAggregateOHLCV" name="test_aggregates_high_low" time="0.006" /><testcase classname="tests.unit.test_tick_store.TestAggregateOHLCV" name="test_limit_respected" time="0.006" /><testcase classname="tests.unit.test_tick_store.TestSingleton" name="test_get_tick_store_returns_instance" time="0.007" /><testcase classname="tests.unit.test_time_and_sales.TestExecutedTrade" name="test_trade_creation" time="0.006" /><testcase classname="tests.unit.test_time_and_sales.TestExecutedTrade" name="test_trade_to_dict" time="0.006" /><testcase classname="tests.unit.test_time_and_sales.TestTradeVelocity" name="test_velocity_to_dict" time="0.007" /><testcase classname="tests.unit.test_time_and_sales.TestTimeAndSalesService" name="test_initialization" time="0.006" /><testcase classname="tests.unit.test_time_and_sales.TestTimeAndSalesService" name="test_add_trade" time="0.008" /><testcase classname="tests.unit.test_time_and_sales.TestTimeAndSalesService" name="test_add_trade_buy_aggression" time="0.006" /><testcase classname="tests.unit.test_time_and_sales.TestTimeAndSalesService" name="test_add_trade_sell_aggression" time="0.007" /><testcase classname="tests.unit.test_time_and_sales.TestTimeAndSalesService" name="test_large_trade_flag" time="0.007" /><testcase classname="tests.unit.test_time_and_sales.TestTimeAndSalesService" name="test_large_trade_callback" time="0.007" /><testcase classname="tests.unit.test_time_and_sales.TestTimeAndSalesService" name="test_circular_buffer_limit" time="0.007" /><testcase classname="tests.unit.test_time_and_sales.TestTimeAndSalesService" name="test_get_recent_trades" time="0.007" /><testcase classname="tests.unit.test_time_and_sales.TestTimeAndSalesService" name="test_get_recent_trades_empty" time="0.007" /><testcase classname="tests.unit.test_time_and_sales.TestTimeAndSalesService" name="test_get_trades_by_time" time="0.007" /><testcase classname="tests.unit.test_time_and_sales.TestTimeAndSalesService" name="test_get_large_trades" time="0.006" /><testcase classname="tests.unit.test_time_and_sales.TestTimeAndSalesService" name="test_get_trade_velocity_no_data" time="0.006" /><testcase classname="tests.unit.test_time_and_sales.TestTimeAndSalesService" name="test_get_trade_velocity" time="0.007" /><testcase classname="tests.unit.test_time_and_sales.TestTimeAndSalesService" name="test_get_aggressor_stats" time="0.007" /><testcase classname="tests.unit.test_time_and_sales.TestTimeAndSalesService" name="test_get_aggressor_stats_no_data" time="0.006" /><testcase classname="tests.unit.test_time_and_sales.TestTimeAndSalesService" name="test_get_trade_histogram" time="0.006" /><testcase classname="tests.unit.test_time_and_sales.TestTimeAndSalesService" name="test_get_trade_histogram_empty" time="0.007" /><testcase classname="tests.unit.test_time_and_sales.TestTimeAndSalesService" name="test_get_trade_statistics" time="0.007" /><testcase classname="tests.unit.test_time_and_sales.TestTimeAndSalesService" name="test_get_symbols" time="0.006" /><testcase classname="tests.unit.test_time_and_sales.TestTimeAndSalesService" name="test_clear_symbol" time="0.006" /><testcase classname="tests.unit.test_time_and_sales.TestTimeAndSalesService" name="test_clear_all" time="0.007" /><testcase classname="tests.unit.test_time_and_sales.TestTimeAndSalesService" name="test_get_stats" time="0.007" /><testcase classname="tests.unit.test_time_and_sales.TestTimeAndSalesService" name="test_global_instance" time="0.006" /><testcase classname="tests.unit.test_trade_executor_comprehensive.TestExecutionResult" name="test_fields" time="0.006" /><testcase classname="tests.unit.test_trade_executor_comprehensive.TestExecutionResult" name="test_default_latency_zero" time="0.006" /><testcase classname="tests.unit.test_trade_executor_comprehensive.TestOrderStatusEnum" name="test_all_statuses" time="0.007" /><testcase classname="tests.unit.test_trade_executor_comprehensive.TestExecuteSignalValidation" name="test_missing_symbol_returns_error" time="0.016" /><testcase classname="tests.unit.test_trade_executor_comprehensive.TestExecuteSignalValidation" name="test_missing_action_returns_error" time="0.015" /><testcase classname="tests.unit.test_trade_executor_comprehensive.TestExecuteSignalValidation" name="test_missing_size_returns_error" time="0.015" /><testcase classname="tests.unit.test_trade_executor_comprehensive.TestExecuteSignalValidation" name="test_invalid_action_returns_error" time="0.015" /><testcase classname="tests.unit.test_trade_executor_comprehensive.TestExecuteSignalValidation" name="test_latency_recorded_on_success" time="0.021" /><testcase classname="tests.unit.test_trade_executor_comprehensive.TestExecuteSignalBuy" name="test_buy_signal_success" time="0.019" /><testcase classname="tests.unit.test_trade_executor_comprehensive.TestExecuteSignalBuy" name="test_sell_signal_success" time="0.019" /><testcase classname="tests.unit.test_trade_executor_comprehensive.TestExecuteSignalBuy" name="test_broker_rejected_order" time="0.017" /><testcase classname="tests.unit.test_trade_executor_comprehensive.TestExecuteSignalClose" name="test_close_no_position_id_returns_error" time="0.014" /><testcase classname="tests.unit.test_trade_executor_comprehensive.TestExecuteSignalClose" name="test_close_position_not_found_returns_error" time="0.021" /><testcase classname="tests.unit.test_trade_executor_comprehensive.TestExecuteSignalClose" name="test_close_success" time="0.023" /><testcase classname="tests.unit.test_trade_executor_comprehensive.TestExecuteSignalClose" name="test_close_broker_failure" time="0.021" /><testcase classname="tests.unit.test_trade_executor_comprehensive.TestExecuteSignalClose" name="test_close_updates_risk_manager_equity" time="0.024" /><testcase classname="tests.unit.test_trade_executor_comprehensive.TestDrawdownCircuitBreaker" name="test_no_drawdown_not_blocked" time="0.013" /><testcase classname="tests.unit.test_trade_executor_comprehensive.TestDrawdownCircuitBreaker" name="test_drawdown_at_threshold_blocked" time="0.014" /><testcase classname="tests.unit.test_trade_executor_comprehensive.TestDrawdownCircuitBreaker" name="test_drawdown_above_threshold_blocked" time="0.012" /><testcase classname="tests.unit.test_trade_executor_comprehensive.TestDrawdownCircuitBreaker" name="test_trading_halted_flag_blocks" time="0.012" /><testcase classname="tests.unit.test_trade_executor_comprehensive.TestDrawdownCircuitBreaker" name="test_trigger_halt_sets_flag" time="0.012" /><testcase classname="tests.unit.test_trade_executor_comprehensive.TestDrawdownCircuitBreaker" name="test_trigger_halt_idempotent" time="0.014" /><testcase classname="tests.unit.test_trade_executor_comprehensive.TestDrawdownCircuitBreaker" name="test_trigger_halt_below_threshold_no_op" time="0.014" /><testcase classname="tests.unit.test_trade_executor_comprehensive.TestDrawdownCircuitBreaker" name="test_drawdown_blocks_execute_signal" time="0.020" /><testcase classname="tests.unit.test_trade_executor_comprehensive.TestStreakCircuitBreaker" name="test_no_streak_not_blocked" time="0.016" /><testcase classname="tests.unit.test_trade_executor_comprehensive.TestStreakCircuitBreaker" name="test_streak_halted_blocks" time="0.015" /><testcase classname="tests.unit.test_trade_executor_comprehensive.TestStreakCircuitBreaker" name="test_streak_cooldown_expired_resets" time="0.022" /><testcase classname="tests.unit.test_trade_executor_comprehensive.TestStreakCircuitBreaker" name="test_update_streak_win_resets_counter" time="0.012" /><testcase classname="tests.unit.test_trade_executor_comprehensive.TestStreakCircuitBreaker" name="test_update_streak_loss_increments" time="0.013" /><testcase classname="tests.unit.test_trade_executor_comprehensive.TestStreakCircuitBreaker" name="test_update_streak_triggers_halt_at_threshold" time="0.017" /><testcase classname="tests.unit.test_trade_executor_comprehensive.TestStreakCircuitBreaker" name="test_update_streak_win_after_losses_resets" time="0.013" /><testcase classname="tests.unit.test_trade_executor_comprehensive.TestStreakCircuitBreaker" name="test_streak_blocks_execute_signal" time="0.016" /><testcase classname="tests.unit.test_trade_executor_comprehensive.TestClampSizeToRiskCap" name="test_no_equity_returns_original_size" time="0.012" /><testcase classname="tests.unit.test_trade_executor_comprehensive.TestClampSizeToRiskCap" name="test_with_sl_clamps_size" time="0.013" /><testcase classname="tests.unit.test_trade_executor_comprehensive.TestClampSizeToRiskCap" name="test_with_sl_below_cap_unchanged" time="0.013" /><testcase classname="tests.unit.test_trade_executor_comprehensive.TestClampSizeToRiskCap" name="test_notional_fallback_no_sl" time="0.016" /><testcase classname="tests.unit.test_trade_executor_comprehensive.TestClampSizeToRiskCap" name="test_no_price_returns_original" time="0.014" /><testcase classname="tests.unit.test_trade_executor_comprehensive.TestClampSizeToRiskCap" name="test_zero_sl_distance_returns_original" time="0.014" /><testcase classname="tests.unit.test_trade_executor_comprehensive.TestCallbacks" name="test_register_callback" time="0.013" /><testcase classname="tests.unit.test_trade_executor_comprehensive.TestCallbacks" name="test_sync_callback_called_on_success" time="0.018" /><testcase classname="tests.unit.test_trade_executor_comprehensive.TestCallbacks" name="test_async_callback_called" time="0.020" /><testcase classname="tests.unit.test_trade_executor_comprehensive.TestCallbacks" name="test_callback_error_does_not_propagate" time="0.051" /><testcase classname="tests.unit.test_trade_executor_comprehensive.TestCancelAllPending" name="test_cancel_all_empty" time="0.017" /><testcase classname="tests.unit.test_trade_executor_comprehensive.TestCancelAllPending" name="test_cancel_all_with_pending" time="0.018" /><testcase classname="tests.unit.test_trade_executor_comprehensive.TestGetRiskStatus" name="test_returns_dict" time="0.020" /><testcase classname="tests.unit.test_trade_executor_comprehensive.TestGetRiskStatus" name="test_contains_expected_keys" time="0.012" /><testcase classname="tests.unit.test_trade_executor_comprehensive.TestGetRiskStatus" name="test_drawdown_halt_pct_matches_constant" time="0.016" /><testcase classname="tests.unit.test_trade_executor_comprehensive.TestGetRiskStatus" name="test_max_risk_pct_matches_constant" time="0.012" /><testcase classname="tests.unit.test_trade_executor_comprehensive.TestGetRiskStatus" name="test_trading_halted_false_when_normal" time="0.012" /><testcase classname="tests.unit.test_trade_executor_comprehensive.TestGetRiskStatus" name="test_trading_halted_true_when_halted" time="0.014" /><testcase classname="tests.unit.test_trade_executor_comprehensive.TestGetRiskStatus" name="test_streak_halted_reflected" time="0.012" /><testcase classname="tests.unit.test_trade_executor_comprehensive.TestGetRiskStatus" name="test_consecutive_losses_in_status" time="0.011" /><testcase classname="tests.unit.test_trade_executor_comprehensive.TestPreTradeGateIntegration" name="test_trade_blocked_error_returns_rejected" time="0.015" /><testcase classname="tests.unit.test_trade_executor_comprehensive.TestPreTradeGateIntegration" name="test_risk_manager_error_returns_rejected" time="0.065" /><testcase classname="tests.unit.test_trade_executor_comprehensive.TestPreTradeGateIntegration" name="test_zero_size_after_risk_cap_rejected" time="0.015" /><testcase classname="tests.unit.test_trading_auth.TestAuthRejection" name="test_place_order_no_token" time="0.089" /><testcase classname="tests.unit.test_trading_auth.TestAuthRejection" name="test_place_order_invalid_token" time="0.078" /><testcase classname="tests.unit.test_trading_auth.TestAuthRejection" name="test_place_order_expired_token" time="0.079" /><testcase classname="tests.unit.test_trading_auth.TestAuthRejection" name="test_get_positions_no_token" time="0.079" /><testcase classname="tests.unit.test_trading_auth.TestAuthRejection" name="test_close_position_no_token" time="0.073" /><testcase classname="tests.unit.test_trading_auth.TestAuthRejection" name="test_emergency_stop_no_token" time="0.078" /><testcase classname="tests.unit.test_trading_auth.TestRoleEnforcement" name="test_place_order_user_role_rejected" time="0.079" /><testcase classname="tests.unit.test_trading_auth.TestRoleEnforcement" name="test_close_position_user_role_rejected" time="0.081" /><testcase classname="tests.unit.test_trading_auth.TestRoleEnforcement" name="test_close_all_positions_user_role_rejected" time="0.096" /><testcase classname="tests.unit.test_trading_auth.TestRoleEnforcement" name="test_emergency_stop_trader_role_rejected" time="0.081" /><testcase classname="tests.unit.test_trading_auth.TestRoleEnforcement" name="test_emergency_stop_admin_allowed" time="0.141" /><testcase classname="tests.unit.test_trading_auth.TestRoleEnforcement" name="test_get_positions_user_role_allowed" time="0.092" /><testcase classname="tests.unit.test_trading_auth.TestRoleEnforcement" name="test_get_account_user_role_allowed" time="0.112" /><testcase classname="tests.unit.test_trading_auth.TestRoleEnforcement" name="test_trader_can_place_order" time="0.120" /><testcase classname="tests.unit.test_trading_auth.TestRoleEnforcement" name="test_admin_can_place_order" time="0.122" /><testcase classname="tests.unit.test_trading_auth.TestSymbolValidation" name="test_disallowed_symbol_rejected" time="0.088" /><testcase classname="tests.unit.test_trading_auth.TestSymbolValidation" name="test_sql_injection_in_symbol_rejected" time="0.071" /><testcase classname="tests.unit.test_trading_auth.TestSymbolValidation" name="test_symbol_case_insensitive" time="0.101" /><testcase classname="tests.unit.test_trading_auth.TestSymbolValidation" name="test_ohlcv_disallowed_symbol_rejected" time="0.070" /><testcase classname="tests.unit.test_trading_auth.TestQuantityValidation" name="test_zero_quantity_rejected" time="0.071" /><testcase classname="tests.unit.test_trading_auth.TestQuantityValidation" name="test_negative_quantity_rejected" time="0.071" /><testcase classname="tests.unit.test_trading_auth.TestQuantityValidation" name="test_quantity_exceeds_max_rejected" time="0.073" /><testcase classname="tests.unit.test_trading_auth.TestQuantityValidation" name="test_quantity_at_max_accepted" time="0.097" /><testcase classname="tests.unit.test_trading_auth.TestOrderFieldValidation" name="test_invalid_side_rejected" time="0.101" /><testcase classname="tests.unit.test_trading_auth.TestOrderFieldValidation" name="test_invalid_order_type_rejected" time="0.079" /><testcase classname="tests.unit.test_trading_auth.TestOrderFieldValidation" name="test_sell_order_accepted" time="0.104" /><testcase classname="tests.unit.test_trading_auth.TestAuthHelpers" name="test_role_rank_ordering" time="0.011" /><testcase classname="tests.unit.test_trading_auth.TestAuthHelpers" name="test_validate_order_symbol_normalises" time="0.006" /><testcase classname="tests.unit.test_trading_auth.TestAuthHelpers" name="test_validate_order_symbol_rejects_unknown" time="0.005" /><testcase classname="tests.unit.test_trading_auth.TestAuthHelpers" name="test_validate_order_quantity_rejects_zero" time="0.005" /><testcase classname="tests.unit.test_trading_auth.TestAuthHelpers" name="test_validate_order_quantity_rejects_over_max" time="0.005" /><testcase classname="tests.unit.test_trading_auth.TestAuthHelpers" name="test_validate_order_quantity_accepts_valid" time="0.005" /><testcase classname="tests.unit.test_transaction_costs.TestTransactionCostModel" name="test_gc_f_known_bps" time="0.005" /><testcase classname="tests.unit.test_transaction_costs.TestTransactionCostModel" name="test_unknown_ticker_uses_defaults" time="0.005" /><testcase classname="tests.unit.test_transaction_costs.TestTransactionCostModel" name="test_apply_deducts_cost" time="0.005" /><testcase classname="tests.unit.test_transaction_costs.TestTransactionCostModel" name="test_apply_can_turn_profit_to_loss" time="0.005" /><testcase classname="tests.unit.test_transaction_costs.TestTransactionCostModel" name="test_cost_summary_keys" time="0.005" /><testcase classname="tests.unit.test_transaction_costs.TestTransactionCostModel" name="test_extra_spread_adds_to_cost" time="0.005" /><testcase classname="tests.unit.test_transaction_costs.TestTransactionCostModel" name="test_eurusd_lower_cost_than_btc" time="0.005" /><testcase classname="tests.unit.test_transaction_costs.TestOvernightSwapModel" name="test_xauusd_long_rate" time="0.005" /><testcase classname="tests.unit.test_transaction_costs.TestOvernightSwapModel" name="test_xauusd_short_rate_positive" time="0.005" /><testcase classname="tests.unit.test_transaction_costs.TestOvernightSwapModel" name="test_wednesday_triple_swap" time="0.005" /><testcase classname="tests.unit.test_transaction_costs.TestOvernightSwapModel" name="test_no_weekday_gives_1x" time="0.005" /><testcase classname="tests.unit.test_transaction_costs.TestOvernightSwapModel" name="test_annual_rate_fraction_matches_usd_per_night" time="0.005" /><testcase classname="tests.unit.test_transaction_costs.TestOvernightSwapModel" name="test_per_unit_rate_equals_per_lot_divided_by_lot_size" time="0.005" /><testcase classname="tests.unit.test_transaction_costs.TestOvernightSwapModel" name="test_lots_scales_linearly" time="0.005" /><testcase classname="tests.unit.test_transaction_costs.TestOvernightSwapModel" name="test_ticker_aliases_consistent" time="0.004" /><testcase classname="tests.unit.test_transaction_costs.TestOvernightSwapModel" name="test_swap_summary_keys" time="0.005" /><testcase classname="tests.unit.test_transaction_costs.TestOvernightSwapModel" name="test_zero_entry_price_returns_zero_annual_rate" time="0.005" /><testcase classname="tests.unit.test_transaction_costs.TestSingletons" name="test_get_tc_model_returns_same_instance" time="0.005" /><testcase classname="tests.unit.test_transaction_costs.TestSingletons" name="test_get_swap_model_returns_same_instance" time="0.005" /><testcase classname="tests.unit.test_transaction_costs.TestSingletons" name="test_get_tc_model_with_extra_spread_creates_new" time="0.005" /><testcase classname="tests.unit.test_twelve_data_source.TestTwelveDataSourceInit" name="test_name" time="0.005" /><testcase classname="tests.unit.test_twelve_data_source.TestTwelveDataSourceInit" name="test_default_uses_price_endpoint" time="0.005" /><testcase classname="tests.unit.test_twelve_data_source.TestTwelveDataSourceInit" name="test_quote_mode" time="0.005" /><testcase classname="tests.unit.test_twelve_data_source.TestTwelveDataSourceInit" name="test_status_no_key" time="0.005" /><testcase classname="tests.unit.test_twelve_data_source.TestTwelveDataSourceInit" name="test_status_with_key" time="0.005" /><testcase classname="tests.unit.test_twelve_data_source.TestTwelveDataNoKey" name="test_no_key_returns_none" time="0.007" /><testcase classname="tests.unit.test_twelve_data_source.TestTwelveDataNoKey" name="test_missing_symbol_config_returns_none" time="0.007" /><testcase classname="tests.unit.test_twelve_data_source.TestTwelveDataNoKey" name="test_empty_symbol_config_returns_none" time="0.007" /><testcase classname="tests.unit.test_twelve_data_source.TestTwelveDataPriceEndpoint" name="test_xauusd_price_parsed" time="0.012" /><testcase classname="tests.unit.test_twelve_data_source.TestTwelveDataPriceEndpoint" name="test_eurusd_price_parsed" time="0.012" /><testcase classname="tests.unit.test_twelve_data_source.TestTwelveDataPriceEndpoint" name="test_btcusd_price_parsed" time="0.011" /><testcase classname="tests.unit.test_twelve_data_source.TestTwelveDataPriceEndpoint" name="test_ndx_price_parsed" time="0.011" /><testcase classname="tests.unit.test_twelve_data_source.TestTwelveDataPriceEndpoint" name="test_zero_price_returns_none" time="0.013" /><testcase classname="tests.unit.test_twelve_data_source.TestTwelveDataPriceEndpoint" name="test_empty_price_field_returns_none" time="0.010" /><testcase classname="tests.unit.test_twelve_data_source.TestTwelveDataPriceEndpoint" name="test_credits_cleared_on_success" time="0.011" /><testcase classname="tests.unit.test_twelve_data_source.TestTwelveDataQuoteEndpoint" name="test_quote_mid_price" time="0.012" /><testcase classname="tests.unit.test_twelve_data_source.TestTwelveDataQuoteEndpoint" name="test_quote_fallback_to_close" time="0.010" /><testcase classname="tests.unit.test_twelve_data_source.TestTwelveDataQuoteEndpoint" name="test_quote_inverted_spread_returns_none" time="0.011" /><testcase classname="tests.unit.test_twelve_data_source.TestTwelveDataQuoteEndpoint" name="test_quote_zero_bid_returns_none" time="0.011" /><testcase classname="tests.unit.test_twelve_data_source.TestTwelveDataAPIErrors" name="test_credits_exhausted_returns_none" time="0.012" /><testcase classname="tests.unit.test_twelve_data_source.TestTwelveDataAPIErrors" name="test_invalid_symbol_error_returns_none" time="0.012" /><testcase classname="tests.unit.test_twelve_data_source.TestTwelveDataAPIErrors" name="test_generic_api_error_returns_none" time="0.011" /><testcase classname="tests.unit.test_twelve_data_source.TestTwelveDataHTTPErrors" name="test_http_500_returns_none" time="0.011" /><testcase classname="tests.unit.test_twelve_data_source.TestTwelveDataHTTPErrors" name="test_connection_error_returns_none" time="0.011" /><testcase classname="tests.unit.test_twelve_data_source.TestTwelveDataHTTPErrors" name="test_http_403_returns_none" time="0.012" /><testcase classname="tests.unit.test_twelve_data_source.TestTwelveDataSharedSession" name="test_shared_session_not_closed_after_fetch" time="0.011" /><testcase classname="tests.unit.test_twelve_data_source.TestTwelveDataSharedSession" name="test_close_owned_session" time="0.006" /><testcase classname="tests.unit.test_walk_forward.TestTradeLevelSharpe" name="test_correct_formula" time="0.005" /><testcase classname="tests.unit.test_walk_forward.TestTradeLevelSharpe" name="test_fewer_than_two_trades_returns_zero" time="0.005" /><testcase classname="tests.unit.test_walk_forward.TestTradeLevelSharpe" name="test_zero_std_returns_zero" time="0.005" /><testcase classname="tests.unit.test_walk_forward.TestTradeLevelSharpe" name="test_annualisation_scales_with_hold_period" time="0.005" /><testcase classname="tests.unit.test_walk_forward.TestTradeLevelSharpe" name="test_h1_bars_per_day_24" time="0.006" /><testcase classname="tests.unit.test_walk_forward.TestWalkForwardEngine" name="test_window_count" time="0.192" /><testcase classname="tests.unit.test_walk_forward.TestWalkForwardEngine" name="test_purge_gap_respected" time="0.129" /><testcase classname="tests.unit.test_walk_forward.TestWalkForwardEngine" name="test_sharpe_values_are_finite" time="0.125" /><testcase classname="tests.unit.test_walk_forward.TestWalkForwardEngine" name="test_force_close_open_positions" time="0.065" /><testcase classname="tests.unit.test_walk_forward.TestWalkForwardEngine" name="test_no_trades_returns_zero_sharpe" time="0.066" /><testcase classname="tests.unit.test_walk_forward.TestWalkForwardEngine" name="test_aggregate_stats_keys" time="0.111" /><testcase classname="tests.unit.test_walk_forward.TestWalkForwardEngine" name="test_aggregate_stats_empty_returns_empty_dict" time="0.005" /><testcase classname="tests.unit.test_walk_forward.TestWalkForwardEngine" name="test_overfit_detection_triggers" time="0.004" /><testcase classname="tests.unit.test_walk_forward.TestWalkForwardEngine" name="test_overfit_detection_does_not_trigger_on_good_oos" time="0.005" /><testcase classname="tests.unit.test_walk_forward.TestWalkForwardEngine" name="test_win_rate_between_zero_and_one" time="0.115" /><testcase classname="tests.unit.test_yfinance_source.TestYFinanceSourceInit" name="test_default_params" time="0.005" /><testcase classname="tests.unit.test_yfinance_source.TestYFinanceSourceInit" name="test_custom_params" time="0.005" /><testcase classname="tests.unit.test_yfinance_source.TestYFinanceSourceInit" name="test_status_available" time="0.005" /><testcase classname="tests.unit.test_yfinance_source.TestYFinanceSourceFetch" name="test_fetch_returns_close_price" time="0.010" /><testcase classname="tests.unit.test_yfinance_source.TestYFinanceSourceFetch" name="test_fetch_uses_configured_ticker" time="0.009" /><testcase classname="tests.unit.test_yfinance_source.TestYFinanceSourceFetch" name="test_fetch_passes_period_and_interval" time="0.009" /><testcase classname="tests.unit.test_yfinance_source.TestYFinanceSourceFetch" name="test_fetch_multi_row_returns_last" time="0.009" /><testcase classname="tests.unit.test_yfinance_source.TestYFinanceSourceFetch" name="test_fetch_btcusd_ticker" time="0.009" /><testcase classname="tests.unit.test_yfinance_source.TestYFinanceSourceFetch" name="test_fetch_nas100_ticker" time="0.009" /><testcase classname="tests.unit.test_yfinance_source.TestYFinanceSourceMissingConfig" name="test_no_ticker_returns_none" time="0.007" /><testcase classname="tests.unit.test_yfinance_source.TestYFinanceSourceMissingConfig" name="test_empty_ticker_returns_none" time="0.006" /><testcase classname="tests.unit.test_yfinance_source.TestYFinanceSourceDataQuality" name="test_empty_dataframe_returns_none" time="0.008" /><testcase classname="tests.unit.test_yfinance_source.TestYFinanceSourceDataQuality" name="test_zero_price_returns_none" time="0.009" /><testcase classname="tests.unit.test_yfinance_source.TestYFinanceSourceDataQuality" name="test_negative_price_returns_none" time="0.010" /><testcase classname="tests.unit.test_yfinance_source.TestYFinanceSourceDataQuality" name="test_all_nan_close_returns_none" time="0.020" /><testcase classname="tests.unit.test_yfinance_source.TestYFinanceSourceDataQuality" name="test_fallback_to_first_numeric_column" time="0.011" /><testcase classname="tests.unit.test_yfinance_source.TestYFinanceSourceErrors" name="test_download_exception_returns_none" time="0.018" /><testcase classname="tests.unit.test_yfinance_source.TestYFinanceSourceErrors" name="test_download_returns_none_returns_none" time="0.014" /><testcase classname="tests.unit.test_yfinance_source.TestYFinanceSourceErrors" name="test_unavailable_yfinance_returns_none" time="0.010" /><testcase classname="tests.unit.test_yfinance_source.TestYFinanceSourceClose" name="test_close_is_noop" time="0.009" /><testcase classname="tests.unit.test_zmq_bridge_start_stop.TestZmqBridgeStart" name="test_start_connected" time="0.073" /><testcase classname="tests.unit.test_zmq_bridge_start_stop.TestZmqBridgeStart" name="test_start_noop_if_already_connected" time="0.029" /><testcase classname="tests.unit.test_zmq_bridge_start_stop.TestZmqBridgeStart" name="test_start_error_state_can_restart" time="0.015" /><testcase classname="tests.unit.test_zmq_bridge_start_stop.TestZmqBridgeStart" name="test_start_zmq_exception_sets_error" time="0.041" /><testcase classname="tests.unit.test_zmq_bridge_start_stop.TestZmqBridgeStart" name="test_stop_closes_sockets" time="0.013" /><testcase classname="tests.unit.test_zmq_bridge_start_stop.TestZmqBridgeStart" name="test_stop_suppresses_socket_close_exception" time="0.020" /><testcase classname="tests.unit.test_zmq_bridge_start_stop.TestZmqBridgeStart" name="test_stop_suppresses_ctx_term_exception" time="0.014" /><testcase classname="tests.unit.test_zmq_bridge_start_stop.TestZmqBridgeStart" name="test_context_manager" time="0.016" /><testcase classname="tests.unit.test_zmq_bridge_start_stop.TestZmqBridgeRecvLoop" name="test_dispatches_tick" time="0.167" /><testcase classname="tests.unit.test_zmq_bridge_start_stop.TestZmqBridgeRecvLoop" name="test_handles_zmq_again" time="0.124" /><testcase classname="tests.unit.test_zmq_bridge_start_stop.TestZmqBridgeRecvLoop" name="test_non_again_exception_logged" time="0.122" /><testcase classname="tests.unit.test_zmq_bridge_start_stop.TestZmqBridgeSendAndWait" name="test_send_order_with_sl_tp" time="0.111" /><testcase classname="tests.unit.test_zmq_bridge_start_stop.TestZmqBridgeSendAndWait" name="test_close_position_with_lots" time="0.109" /><testcase classname="tests.unit.test_zmq_bridge_start_stop.TestZmqBridgeSendAndWait" name="test_modify_position_with_tp" time="0.109" /><testcase classname="tests.unit.test_zmq_bridge_start_stop.TestZmqBridgeSendAndWait" name="test_ping_success_path" time="0.019" /><testcase classname="tests.unit.test_zmq_bridge_start_stop.TestZmqBridgeSendAndWait" name="test_send_and_wait_push_sends_message" time="0.083" /></testsuite></testsuites>
